17
 energy: -21.968983257408 gnorm: 0.032596492037 xtb: 6.7.1 (edcfbbe)
C            3.42291725896715       -0.73715190908164       -0.07748907013174
C            1.89873805826224       -0.67448208455093       -0.06080741022415
C            1.39542234198391        0.76100050274280        0.03743707045038
C           -0.07524820635414        0.94759052426813        0.06197835384200
C           -1.01045407522956       -0.02019099505361        0.00556994507767
C           -2.41001220309061        0.33591723007968        0.04422291084180
O           -3.33661890472052       -0.47613699768696        0.00043193852632
H            3.84472362213699       -0.30202214515668        0.83509935571079
H            3.77387725898023       -1.77102223868453       -0.14959089278616
H            3.82936926825776       -0.18379829710877       -0.93110295114940
H            1.51273636720917       -1.25461683601254        0.78599601782347
H            1.49899539116033       -1.13960082946365       -0.96995850582891
H            1.79075321019069        1.36260657538534       -0.79612408931041
H            1.80479231890134        1.24913323882580        0.93586215340683
H           -0.42068515859117        1.98016806119439        0.13386025886169
H           -0.75876590581522       -1.07480479290316       -0.06712831732749
H           -2.62668485944443        1.42114226713991        0.11661082736384
17
 energy: -21.969838684086 gnorm: 0.011003138146 xtb: 6.7.1 (edcfbbe)
C            3.41702038548528       -0.73260660038475       -0.07723856262580
C            1.89541379908612       -0.67393401483652       -0.06087384474894
C            1.39960791798223        0.76351437421184        0.03750216060191
C           -0.06979414601028        0.94626025460818        0.06212672653843
C           -1.00799180828159       -0.01252924462206        0.00653555528191
C           -2.40855570981276        0.32788393539162        0.04179144519901
O           -3.32879916459806       -0.47575037054073        0.00011566042095
H            3.83119814297049       -0.30018282566947        0.83313317122838
H            3.75959916575906       -1.76341807545578       -0.14887169899392
H            3.81650763821159       -0.18254206808795       -0.92878944668937
H            1.51924275168535       -1.24917904692607        0.78941290365903
H            1.50501351002317       -1.13358597986114       -0.97285559953621
H            1.79404307708648        1.35089636634294       -0.80166200667557
H            1.80857022104748        1.23672638025645        0.93950325184388
H           -0.40469980454597        1.97612971417050        0.13345190085283
H           -0.76360280944178       -1.06186450633248       -0.06516203820953
H           -2.62891738384263        1.40791298166897        0.11674801699955
17
 energy: -21.969924583284 gnorm: 0.002526304314 xtb: 6.7.1 (edcfbbe)
C            3.41669491367823       -0.73265730820616       -0.07733094687899
C            1.89396224944003       -0.67475179815985       -0.06099341071713
C            1.40122139382003        0.76515645708992        0.03765030719575
C           -0.06805979105085        0.94911628061158        0.06258767752421
C           -1.00646349266528       -0.00621138364634        0.00755320284760
C           -2.40997079901663        0.32240613717138        0.04562504455583
O           -3.32619321889095       -0.47986982922009       -0.00135088925768
H            3.82700670093661       -0.30001507853424        0.83202240895592
H            3.75713930775716       -1.76220770575257       -0.14862791902335
H            3.81256598630202       -0.18289774131869       -0.92791791119927
H            1.51994744357458       -1.24721671193364        0.78975108698795
H            1.50538251716644       -1.13154435976238       -0.97297506654353
H            1.79517891549149        1.34571016265536       -0.80337369964559
H            1.81043279163758        1.23143497927738        0.94026909974295
H           -0.39725245816184        1.97909633393809        0.13407066847478
H           -0.76375874954110       -1.05436464921673       -0.06547736982560
H           -2.63397792767335        1.40254748894052        0.11338531195270
17
 energy: -21.969923890994 gnorm: 0.002472643280 xtb: 6.7.1 (edcfbbe)
C            3.41668187909311       -0.73329105646740       -0.07738798962911
C            1.89306645332686       -0.67535666185176       -0.06114191253970
C            1.40193847198028        0.76606621119164        0.03761270602928
C           -0.06761144407932        0.95163096829952        0.06273071342655
C           -1.00560103161616       -0.00317138903388        0.00763978042060
C           -2.41099939269895        0.32069244160860        0.03738085251348
O           -3.32486735800838       -0.48386586679325       -0.00100763980438
H            3.82593370141978       -0.30040567734421        0.83198073252026
H            3.75655667082997       -1.76280292754973       -0.14855643345891
H            3.81165681250515       -0.18345652236344       -0.92797455009706
H            1.51912869018317       -1.24703616084252        0.78958922158446
H            1.50467742791649       -1.13123436865020       -0.97312319700091
H            1.79627558764418        1.34464424531919       -0.80367365764410
H            1.81123700637612        1.23025790565885        0.94038979933534
H           -0.39452845444509        1.98237545162081        0.13370795573633
H           -0.76228013469591       -1.05176364717516       -0.06207819496123
H           -2.63740910292713        1.40044832830649        0.11877940871563
17
 energy: -21.969936762628 gnorm: 0.000386184396 xtb: 6.7.1 (edcfbbe)
C            3.41655583965363       -0.73363027187286       -0.07744476869397
C            1.89288476940553       -0.67533848439584       -0.06109397553262
C            1.40195289300393        0.76620479402730        0.03771794581658
C           -0.06774901016293        0.95228503321822        0.06290854578730
C           -1.00547219913302       -0.00307621680446        0.00793376722485
C           -2.41097258901499        0.32038731848254        0.04210917009982
O           -3.32446222896957       -0.48504062736475       -0.00177393398747
H            3.82631129155802       -0.30071802694166        0.83208112970438
H            3.75648259347518       -1.76343065544600       -0.14858683577876
H            3.81192597230199       -0.18384060607613       -0.92830383948842
H            1.51865868105979       -1.24723217343146        0.78963586467139
H            1.50412025009569       -1.13141216076681       -0.97307181812062
H            1.79631591009585        1.34528195463332       -0.80349282481997
H            1.81162246051395        1.23095704366171        0.94030739759493
H           -0.39476783634094        1.98331139524292        0.13407471864012
H           -0.76141192493306       -1.05179661790768       -0.06361267718613
H           -2.63813908980488        1.40081957567520        0.11547972921513
17
 energy: -21.969937790610 gnorm: 0.000246828267 xtb: 6.7.1 (edcfbbe)
C            3.41606497764403       -0.73438429988029       -0.07753265602731
C            1.89234412760506       -0.67505684489608       -0.06107192001540
C            1.40217153688528        0.76682357365275        0.03780341307484
C           -0.06769838721947        0.95385158821415        0.06309736566247
C           -1.00494519070638       -0.00193744835903        0.00821383480823
C           -2.41098667983326        0.31948206641021        0.04247328858266
O           -3.32283370073066       -0.48787100846164       -0.00236868339061
H            3.82624641893424       -0.30156128803943        0.83196885117442
H            3.75550968825122       -1.76446903891916       -0.14856689134943
H            3.81178710054497       -0.18490768193289       -0.92856524661552
H            1.51780144747345       -1.24682147060525        0.78967001860925
H            1.50322740643490       -1.13093367115311       -0.97306080681616
H            1.79683254209439        1.34572140158109       -0.80344350390584
H            1.81227712066987        1.23139208444409        0.94033660376782
H           -0.39406961663131        1.98521436395338        0.13418281477903
H           -0.75973727629455       -1.05063238014321       -0.06338142134317
H           -2.64013573231762        1.39982132806797        0.11511253415124
17
 energy: -21.969938201271 gnorm: 0.000129047616 xtb: 6.7.1 (edcfbbe)
C            3.41546717152409       -0.73491074126457       -0.07761313235911
C            1.89186521687712       -0.67466118367962       -0.06103575236345
C            1.40241899231330        0.76737724122119        0.03788092817132
C           -0.06748476882700        0.95491994899016        0.06321731546655
C           -1.00444236189808       -0.00114441519348        0.00840691842149
C           -2.41076525322780        0.31879261949466        0.04212577680000
O           -3.32131329998795       -0.49000074130067       -0.00279969753547
H            3.82610322486633       -0.30227395634225        0.83177327113696
H            3.75419174840732       -1.76524096357455       -0.14852178015175
H            3.81156386339106       -0.18587955106165       -0.92876057606091
H            1.51708313651690       -1.24628111669770        0.78972720465210
H            1.50245862761664       -1.13034708907838       -0.97302456436322
H            1.79729113249765        1.34617202416233       -0.80337934381739
H            1.81276235675668        1.23180969756237        0.94041326678824
H           -0.39345344398631        1.98635492719597        0.13416432368033
H           -0.75839401338946       -1.04962783819351       -0.06296013652193
H           -2.64149654664632        1.39867241169326        0.11525357320276
17
 energy: -21.969938284867 gnorm: 0.000050512256 xtb: 6.7.1 (edcfbbe)
C            3.41522182828376       -0.73521744765575       -0.07767585144541
C            1.89169419524386       -0.67434682355529       -0.06099405930222
C            1.40253058820741        0.76773521763271        0.03793976668489
C           -0.06733785358469        0.95529212824289        0.06325774914840
C           -1.00416428894321       -0.00092724950485        0.00848664509611
C           -2.41055553643213        0.31847695547357        0.04210911779245
O           -3.32069614870807       -0.49080341327393       -0.00302654134227
H            3.82608887725372       -0.30265939570758        0.83162337740976
H            3.75347010573763       -1.76569753568861       -0.14849447505929
H            3.81147002453016       -0.18645619829950       -0.92890441617792
H            1.51678230886453       -1.24585435994768        0.78978694625649
H            1.50208157670808       -1.12992528396796       -0.97294856990673
H            1.79746253620909        1.34652179130762       -0.80329786762338
H            1.81289948967313        1.23212468104114        0.94048335280401
H           -0.39340642973138        1.98665379126825        0.13413332128956
H           -0.75779794055077       -1.04928948609256       -0.06282625395502
H           -2.64188754995694        1.39810390266109        0.11521535347708
