19
 energy: -311.008900197237 gnorm: 0.032827023602 xtb: 6.7.1 (edcfbbe)
C            2.33282429223374       -0.80295380025581        0.11788646615224
C            1.61153395901411        0.42388327368783        0.66491608509464
C            0.83621699257055        1.19128148572789       -0.40703611498037
C           -0.25924899681488        0.35565627095760       -1.08676324318157
C           -1.20313366543314       -0.27359453822124       -0.09128180514045
O           -1.23260246654620       -1.47594794575403        0.09221278074086
C           -2.10631422553336        0.67096197829732        0.64447098358558
H            1.61877846561732       -1.56401788749306       -0.18761957228314
H            2.94945964280698       -0.53563979423736       -0.73729133832671
H            2.97375762231775       -1.23438980624699        0.88295987119126
H            2.34440070333887        1.10150425588811        1.10870895039130
H            0.92860081861149        0.10790157334781        1.45751169724586
H            1.53195532177885        1.52671918667653       -1.17817545322208
H            0.38930927987251        2.07771801722069        0.04509613611998
H           -0.83055268756804        1.00451440974513       -1.75129188467604
H            0.19705551598732       -0.43922458849463       -1.67751467764335
H           -1.51411639067094        1.41241577372588        1.17369275572009
H           -2.73762808851312        1.19424266922920       -0.06914027713064
H           -2.72647514270817        0.12476967465529        1.34984944889815
19
 energy: -311.009731482743 gnorm: 0.009431400142 xtb: 6.7.1 (edcfbbe)
C            2.33748670009121       -0.80729251746355        0.12242196107006
C            1.61472587546075        0.42470537535194        0.66571378388332
C            0.83284982256737        1.19298359837003       -0.40276390261404
C           -0.25688551890615        0.35246237757908       -1.09559886989483
C           -1.21100493960053       -0.26781670444689       -0.10394378543961
O           -1.23622498805106       -1.47832990224038        0.08755394574930
C           -2.11075396136684        0.66785714079945        0.65041135123543
H            1.62985995428259       -1.57687362470841       -0.19579669628762
H            2.96076854526494       -0.54294518957498       -0.73691353421909
H            2.98289673724109       -1.24733593642090        0.88670638596837
H            2.34397470176811        1.10701752147810        1.11498365169988
H            0.93373905238612        0.11998866177636        1.47030240458061
H            1.52577519025373        1.53617126371679       -1.17814129966202
H            0.38280912763689        2.08581966614369        0.04234609481187
H           -0.83112397386870        1.00244448770106       -1.76366508846270
H            0.19593417024830       -0.44661315524886       -1.68798786330562
H           -1.51550643100352        1.41847647555059        1.17703917628373
H           -2.74381119134694        1.20263592317376       -0.06341429351045
H           -2.73168771821808        0.12244473897452        1.36193679024442
19
 energy: -311.009815027864 gnorm: 0.002469681090 xtb: 6.7.1 (edcfbbe)
C            2.34135776118470       -0.80794309394090        0.12478817597595
C            1.61665590023450        0.42437886374295        0.66516500914922
C            0.83345473354576        1.19074829379369       -0.40388514305867
C           -0.25914604905229        0.35139049456348       -1.09800683474568
C           -1.20957656503640       -0.26434302382400       -0.10183537763503
O           -1.24311535647681       -1.47932687409556        0.08310647122285
C           -2.11365112867416        0.66639899933396        0.65203288517195
H            1.63777648009476       -1.58090647355763       -0.20121548638654
H            2.97095888548188       -0.54542989881947       -0.73372397939625
H            2.98567040862323       -1.25130776858950        0.89094127575657
H            2.34580834215243        1.10883845820100        1.11454413198731
H            0.93828047173172        0.12553452483715        1.47691411056284
H            1.52319696781724        1.54047858322763       -1.18145694649705
H            0.38039500363563        2.08403385949708        0.04019069733877
H           -0.83180463500048        1.00435824252159       -1.76769121994873
H            0.18968426634018       -0.45003378043729       -1.69130725914757
H           -1.52044905931884        1.41978078029130        1.18199877326068
H           -2.74506982923745        1.21047087053825       -0.06052240831890
H           -2.73660561695324        0.11867907636492        1.36115302121440
19
 energy: -311.009832490156 gnorm: 0.001425569996 xtb: 6.7.1 (edcfbbe)
C            2.34355257623437       -0.80760437827507        0.12582357547940
C            1.61788136579229        0.42442774476176        0.66382553501014
C            0.83358819564705        1.18983682115507       -0.40459155545291
C           -0.26040679969673        0.35034518165943       -1.09766657970539
C           -1.21531793928663       -0.26393001548593       -0.10622411608205
O           -1.24862174942931       -1.47907109335832        0.08021656600922
C           -2.11431329978521        0.66630292332169        0.65287443639293
H            1.64137456118423       -1.58046490542584       -0.20379367275432
H            2.97698863405377       -0.54508308928188       -0.73010735035424
H            2.98495849401058       -1.25184666789966        0.89405554056134
H            2.34736638279628        1.10974899031946        1.11191430255040
H            0.94066210945127        0.12685672849630        1.47723898447727
H            1.52237485551140        1.54154751208245       -1.18228147602337
H            0.37931459763560        2.08223405395300        0.04016554349175
H           -0.83010304204479        1.00419493607028       -1.76917187437043
H            0.18793240050958       -0.45211141109500       -1.68976621520771
H           -1.52065386349449        1.41899640003243        1.18379725799207
H           -2.74636423781875        1.21404104068322       -0.05655863726297
H           -2.73639217925186        0.11737932173610        1.36143929965772
19
 energy: -311.009843100212 gnorm: 0.000802035728 xtb: 6.7.1 (edcfbbe)
C            2.34672804254746       -0.80686295570992        0.12647444441298
C            1.61975125495299        0.42457257209920        0.66182256374802
C            0.83280183469199        1.18828607303006       -0.40510665434277
C           -0.26192971542103        0.34860722743301       -1.09727670796923
C           -1.21856054384296       -0.26278768808296       -0.10711743242025
O           -1.25657399463695       -1.47799786056710        0.07598050574217
C           -2.11505859749677        0.66700431774141        0.65364605497401
H            1.64595740859127       -1.57824722130462       -0.20830678701732
H            2.98607930738319       -0.54343403800285       -0.72426587180612
H            2.98229779505042       -1.25223552000599        0.89843690195633
H            2.34939941360023        1.11143597549955        1.10722588087199
H            0.94394541348594        0.12737520773107        1.47599627291616
H            1.51950623972009        1.54063976039916       -1.18382755937668
H            0.37825535936379        2.07948511342962        0.04130872864237
H           -0.82878668887648        1.00330778317108       -1.76988090172656
H            0.18511958820119       -0.45525823582375       -1.68815570198226
H           -1.52091728006345        1.41629365098633        1.18812229922099
H           -2.74564063248968        1.21904939221531       -0.05308461211723
H           -2.73855318182648        0.11656648787126        1.35919775300640
19
 energy: -311.009849747889 gnorm: 0.000939625473 xtb: 6.7.1 (edcfbbe)
C            2.34929279361909       -0.80566309516274        0.12631233139322
C            1.62038235454965        0.42491790789491        0.66124212328762
C            0.83200778535889        1.18698038687239       -0.40598426646304
C           -0.26279738453389        0.34675654748724       -1.09711141346727
C           -1.22065119676633       -0.26245198104922       -0.10708037118804
O           -1.26348887597040       -1.47823667495211        0.07285538426346
C           -2.11522319589324        0.66809514633241        0.65483833747428
H            1.64986464717638       -1.57560091285375       -0.21437296131485
H            2.99445126509074       -0.54106724691902       -0.71949606158382
H            2.97930706280750       -1.25341339515216        0.90142472072938
H            2.34934606971200        1.11334507377899        1.10514846463696
H            0.94580421673591        0.12724145257750        1.47607043037077
H            1.51712327039400        1.53983453213460       -1.18578041706381
H            0.37712728681512        2.07767034436587        0.04088891087893
H           -0.82863254939605        1.00088762307998       -1.77105350072700
H            0.18405572606564       -0.45819582153508       -1.68657135057365
H           -1.51930291985276        1.41308347314307        1.19303257977409
H           -2.74313172467743        1.22434835165741       -0.05075632309840
H           -2.74171362130193        0.11726829768750        1.35758218071932
19
 energy: -311.009856153712 gnorm: 0.000834542014 xtb: 6.7.1 (edcfbbe)
C            2.35342633988405       -0.80337560334142        0.12616752714762
C            1.62050211829246        0.42579316880626        0.65966333012368
C            0.82968480837315        1.18566268933910       -0.40768433372751
C           -0.26417309563673        0.34311137111641       -1.09651453337587
C           -1.22435057575317       -0.26403099674289       -0.10704189536237
O           -1.27501172007166       -1.48007206432099        0.06822319398440
C           -2.11397722166922        0.67017259240552        0.65724346788793
H            1.65626443699359       -1.57000548989227       -0.22653626304783
H            3.00901763516828       -0.53524013674588       -0.71032455106845
H            2.97315335302651       -1.25653674547519        0.90655169086390
H            2.34751968228722        1.11667946894265        1.10274845427567
H            0.94684406075708        0.12640366503862        1.47441883933432
H            1.51331904965819        1.53849579541742       -1.18866666564809
H            0.37418750340473        2.07613896302734        0.03900029435109
H           -0.82952124039456        0.99490573976314       -1.77325672467107
H            0.18298728938194       -0.46372325800905       -1.68317479716376
H           -1.51337165002985        1.40614878563154        1.20263878432258
H           -2.73543984039993        1.23545680048816       -0.04688246427200
H           -2.74723978081731        0.11981520527955        1.35461466582424
19
 energy: -311.009860997633 gnorm: 0.000601931575 xtb: 6.7.1 (edcfbbe)
C            2.35493084486025       -0.80106526766293        0.12605210104473
C            1.61898307803500        0.42645717095163        0.65942581832308
C            0.82807841070209        1.18451406106834       -0.40931063809362
C           -0.26460522586695        0.34015912806840       -1.09701606150189
C           -1.22615026945399       -0.26554455511746       -0.10732570994371
O           -1.28096532464539       -1.48138694384823        0.06606285434184
C           -2.11173943227971        0.67120320133153        0.65948495653790
H            1.65991370240641       -1.56613931891791       -0.23424702939869
H            3.01614199723196       -0.53014343581253       -0.70509728584523
H            2.96920756051716       -1.25756336619519        0.90872747907847
H            2.34415952309816        1.11835021614878        1.10406414598368
H            0.94457543557526        0.12543931262709        1.47309420826214
H            1.51185067169227        1.53723187681727       -1.19031545750387
H            0.37197813920468        2.07530808915163        0.03621013844579
H           -0.83098558277689        0.98953282967828       -1.77536314370878
H            0.18318959110338       -0.46739916358780       -1.68220630112276
H           -1.50702583131552        1.40029169374013        1.20973909807953
H           -2.72718263582928        1.24418452498597       -0.04384998212626
H           -2.75053315029249        0.12236985124990        1.35305821976052
19
 energy: -311.009860997633 gnorm: 0.000601931575 xtb: 6.7.1 (edcfbbe)
C            2.35493084486025       -0.80106526766293        0.12605210104473
C            1.61898307803500        0.42645717095163        0.65942581832308
C            0.82807841070209        1.18451406106834       -0.40931063809362
C           -0.26460522586695        0.34015912806840       -1.09701606150189
C           -1.22615026945399       -0.26554455511746       -0.10732570994371
O           -1.28096532464539       -1.48138694384823        0.06606285434184
C           -2.11173943227971        0.67120320133153        0.65948495653790
H            1.65991370240641       -1.56613931891791       -0.23424702939869
H            3.01614199723196       -0.53014343581253       -0.70509728584523
H            2.96920756051716       -1.25756336619519        0.90872747907847
H            2.34415952309816        1.11835021614878        1.10406414598368
H            0.94457543557526        0.12543931262709        1.47309420826214
H            1.51185067169227        1.53723187681727       -1.19031545750387
H            0.37197813920468        2.07530808915163        0.03621013844579
H           -0.83098558277689        0.98953282967828       -1.77536314370878
H            0.18318959110338       -0.46739916358780       -1.68220630112276
H           -1.50702583131552        1.40029169374013        1.20973909807953
H           -2.72718263582928        1.24418452498597       -0.04384998212626
H           -2.75053315029249        0.12236985124990        1.35305821976052
