19
 energy: -21.035562337475 gnorm: 0.029111877354 xtb: 6.7.1 (edcfbbe)
C           -1.67234600540055       -1.22176433527620       -0.56795963684432
C           -1.61429966972414       -0.22630306418101        0.59144086488934
C           -1.21934479508476        1.20014905230099        0.17076718507366
C            0.26872665453159        1.54909260195691        0.26254720379106
C            1.21917331039798        0.72823855134228       -0.63561248084057
C            1.59944878083751       -0.56662820561606       -0.09372081654009
C            1.94274193122626       -1.62746274526661        0.37057475186745
H           -0.72123999341567       -1.28648226087065       -1.10397054108051
H           -2.44188723752314       -0.92387783417087       -1.28893493224166
H           -1.92001587677064       -2.22815736746166       -0.21236445704061
H           -2.60401472902699       -0.19662814596046        1.06229869969726
H           -0.92064418028473       -0.58664488480685        1.36165132985933
H           -1.74956024273162        1.92146849115149        0.80418701524468
H           -1.56847491589097        1.38201937787856       -0.85536772274771
H            0.60562954676605        1.46591715754201        1.30267009628258
H            0.38826547267322        2.59977475660694       -0.02352238521336
H            2.14123927882301        1.30115251493097       -0.79302702230938
H            0.76861858184759        0.59068075140613       -1.62697203711147
H            2.23420535609300       -2.56926941036817        0.77888379431754
19
 energy: -21.036724548535 gnorm: 0.011569760560 xtb: 6.7.1 (edcfbbe)
C           -1.66726612889872       -1.21462783282100       -0.56756830129035
C           -1.60409761946536       -0.22541511476883        0.58998574607373
C           -1.21532341689350        1.19486726288044        0.15946809678796
C            0.27132016472144        1.54015096764578        0.26273475254183
C            1.21372496949340        0.72563858658587       -0.63897781287143
C            1.57846219872479       -0.56051923844492       -0.07784528184994
C            1.92466678662748       -1.61112840872059        0.37437864495589
H           -0.71318461424747       -1.28404372739763       -1.08549983107051
H           -2.43165763045130       -0.91390357727844       -1.28514363431545
H           -1.91992527961625       -2.20912150977436       -0.20077058506790
H           -2.59280204858711       -0.19203248385810        1.05761833887961
H           -0.90050703838629       -0.58562048338572        1.34575862103073
H           -1.74617171669235        1.90805914990005        0.79767985100059
H           -1.55974700468894        1.36734418104779       -0.86542018301741
H            0.59952201971296        1.44292784312083        1.30199852934819
H            0.38167543812733        2.59176845294354       -0.01741851149911
H            2.13888505328293        1.29478418445889       -0.78279725945718
H            0.75687913961153        0.58090926554277       -1.62348510037064
H            2.22176799496844       -2.54476251653863        0.75887282924463
19
 energy: -21.036835123962 gnorm: 0.004186420241 xtb: 6.7.1 (edcfbbe)
C           -1.66299287993459       -1.21425486407592       -0.56848552698814
C           -1.59745380440847       -0.22676415982094        0.58966809561593
C           -1.21353545423628        1.19383794270553        0.15905481135501
C            0.27280167279435        1.53794152506191        0.26895737773333
C            1.20914599047738        0.73075534989579       -0.64159159260874
C            1.57294336779093       -0.56094055587718       -0.09748028790683
C            1.91859610370561       -1.61747482823471        0.34451439545299
H           -0.70657908771163       -1.28811259200893       -1.07614843907690
H           -2.42036706109472       -0.90639131973204       -1.28661078639032
H           -1.92414024852074       -2.20364004633896       -0.20082017014991
H           -2.58288879904073       -0.19496033679689        1.06120523025551
H           -0.88639809205221       -0.58676154261765        1.33552616162958
H           -1.74671608008082        1.90485267665412        0.79564571586097
H           -1.55092391233371        1.36144661630061       -0.86643999306608
H            0.59621579425687        1.42253524298783        1.30653248434377
H            0.38077884201440        2.59303578001183        0.00353888486446
H            2.13583945853026        1.29631151760563       -0.78058361197496
H            0.74718839395798        0.59323726346186       -1.62246633549613
H            2.19470706322901       -2.52937866804414        0.77955249559973
19
 energy: -21.036916994260 gnorm: 0.010240661122 xtb: 6.7.1 (edcfbbe)
C           -1.65799540478896       -1.21767844722254       -0.56719041263187
C           -1.59012655968572       -0.22815649247605        0.59012234109026
C           -1.21178526524632        1.19310163063362        0.15586368269753
C            0.27451460655508        1.53776580819179        0.27041693119088
C            1.20593658756129        0.73696412870262       -0.64860251434400
C            1.57203495704822       -0.55525232904798       -0.10906576342586
C            1.89281024212561       -1.60274462843728        0.37856457495406
H           -0.69845401071686       -1.29979070346617       -1.06476941226386
H           -2.40633041258042       -0.90243122531133       -1.28919169586705
H           -1.93102473239776       -2.20219766494183       -0.19848860968101
H           -2.57136545903413       -0.19868044900979        1.06822679899562
H           -0.87132539080805       -0.58555161578214        1.32770190981654
H           -1.74881543720213        1.90504683496754        0.78653486413919
H           -1.54164456423613        1.35332494265561       -0.87153011470481
H            0.59433087841657        1.40627562247181        1.30637450344351
H            0.38219454924662        2.59595707056609        0.01930877700270
H            2.13291519548573        1.29992816510552       -0.78792676555446
H            0.73895940391675        0.60190555826224       -1.62588090877509
H            2.17139208368349       -2.53251120472400        0.76310072297103
19
 energy: -21.037003239374 gnorm: 0.002819123697 xtb: 6.7.1 (edcfbbe)
C           -1.65779370093705       -1.21954220911201       -0.56641625139255
C           -1.58905323636255       -0.22846666005458        0.59111010009266
C           -1.21180844331027        1.19357880872935        0.15460983922928
C            0.27440797269312        1.54015429613032        0.27167251730907
C            1.20666981926025        0.73961774801581       -0.64816728465844
C            1.56309797475646       -0.55294363892001       -0.09999849094138
C            1.89204191803801       -1.60524323641647        0.36783843131214
H           -0.69670067409614       -1.30754648870287       -1.06277727969643
H           -2.40249872039441       -0.90203474321798       -1.29291452213438
H           -1.93696061693118       -2.20406165861804       -0.19870819194872
H           -2.56939868473575       -0.20062429864298        1.07204687857595
H           -0.86964092277598       -0.58484083937960        1.32964808811717
H           -1.75213521019664        1.90714156218191        0.78124657122951
H           -1.53998231394410        1.35244826251961       -0.87455451199180
H            0.59457797523996        1.40727803937828        1.30764650186456
H            0.38572990316795        2.59842539627122        0.02293110470420
H            2.13517250115635        1.30037844940854       -0.78970933550252
H            0.74031353933266        0.60516954198783       -1.62673146472572
H            2.17018218738217       -2.53361333042057        0.76479620961070
19
 energy: -21.037033224874 gnorm: 0.001525196092 xtb: 6.7.1 (edcfbbe)
C           -1.65699390920399       -1.22147995166592       -0.56518485493155
C           -1.58557197442881       -0.22956808736221        0.59196895717248
C           -1.21044003360006        1.19270085524706        0.15290158192347
C            0.27508456863554        1.54092752345620        0.27529520735358
C            1.20696233492937        0.74407711984846       -0.64934732706457
C            1.56199388155935       -0.55176603783946       -0.10682482231415
C            1.88574897322960       -1.60442855960652        0.36212007091201
H           -0.69341901039499       -1.31930120085422       -1.05662548039067
H           -2.39485582563938       -0.89859506556235       -1.29729091058384
H           -1.94732910128655       -2.20375630266364       -0.19803080339557
H           -2.56424374584120       -0.20315393241335        1.07681627098232
H           -0.86343139782793       -0.58518114588628        1.32886461127705
H           -1.75594024272767        1.90697170231638        0.77460153467312
H           -1.53473460890725        1.34860259616200       -0.87855619201616
H            0.59478626266058        1.40192822330189        1.31081071308999
H            0.38749747454073        2.60084176903880        0.03383900996292
H            2.13539084827546        1.30503721748728       -0.79148096959492
H            0.73904966956680        0.61455392037278       -1.62838328814686
H            2.15666710380324       -2.53313564223916        0.76807560014465
19
 energy: -21.037046504104 gnorm: 0.001072015197 xtb: 6.7.1 (edcfbbe)
C           -1.65650796495168       -1.22501576807782       -0.56229466689726
C           -1.58071703795683       -0.23087428541102        0.59223518951721
C           -1.20799819996626        1.19094276999737        0.14940791998960
C            0.27580001948897        1.54198387849083        0.27872927113154
C            1.20811360915060        0.75095386324907       -0.65068922832135
C            1.55867670010913       -0.54747508741299       -0.11146785497424
C            1.87606563904384       -1.60171749254991        0.35904106275253
H           -0.68961319036216       -1.33864774824677       -1.04457421652317
H           -2.38275357545425       -0.89346031708019       -1.30233896382231
H           -1.96507567339542       -2.20207735323301       -0.19518978632886
H           -2.55662627675991       -0.20504967971204        1.08267756795793
H           -0.85407948920453       -0.58517316271463        1.32549751137387
H           -1.76091745857743        1.90664629551501        0.76304780692116
H           -1.52507227511089        1.34063048181689       -0.88541313984178
H            0.59355771441879        1.39413343080281        1.31358434517904
H            0.38852722673397        2.60385936984195        0.04669610041738
H            2.13681879822403        1.31187279128965       -0.79124071189458
H            0.73876870954051        0.62616857230367       -1.62988718358899
H            2.13925399237234       -2.53242555773114        0.76574788600562
19
 energy: -21.037052953976 gnorm: 0.000467791183 xtb: 6.7.1 (edcfbbe)
C           -1.65858245889015       -1.22571194459421       -0.56111947823055
C           -1.58163915090316       -0.23084290394871        0.59213201645039
C           -1.20771586253355        1.19008109308236        0.14805448197527
C            0.27538715399651        1.54206957492458        0.27830375013242
C            1.20996286198254        0.75124038143520       -0.64899445817090
C            1.56201595508919       -0.54708593294620       -0.11144518403891
C            1.87866363100826       -1.60136232457460        0.35920812640992
H           -0.69186706293836       -1.34280623611522       -1.04195098625114
H           -2.38254950838468       -0.89343605221610       -1.30253487587096
H           -1.97047677335854       -2.20101857111832       -0.19366739088252
H           -2.55756937885506       -0.20306108200820        1.08238236902351
H           -0.85572479034052       -0.58517876344800        1.32605331130873
H           -1.76115380171268        1.90635387287349        0.76037128932369
H           -1.52394230797027        1.33888256773852       -0.88706240809663
H            0.59269122003172        1.39674596492707        1.31347657724665
H            0.38677782780403        2.60350403168904        0.04429821483889
H            2.13813693066478        1.31359708944406       -0.78723352007530
H            0.74283527057809        0.62641425516859       -1.62916586236587
H            2.14097151207467       -2.53311001917561        0.76246293632662
19
 energy: -21.037057772818 gnorm: 0.000579190257 xtb: 6.7.1 (edcfbbe)
C           -1.66171736656304       -1.22768986942021       -0.55876892474900
C           -1.58340867235841       -0.23044562475297        0.59208149808612
C           -1.20777112984650        1.18915888072562        0.14501615278479
C            0.27457881018322        1.54290740639141        0.27741128230852
C            1.21326978324334        0.75240150543899       -0.64604322795956
C            1.56496752791715       -0.54582785179289       -0.10862179166669
C            1.88318776886898       -1.60201734622603        0.35704402608817
H           -0.69382668228241       -1.35138452952600       -1.03550617058106
H           -2.38090427742282       -0.89283567496299       -1.30361281752122
H           -1.98109791580380       -2.19991018359491       -0.18991719265670
H           -2.55944931557358       -0.19974883551262        1.08198201272897
H           -0.85846702761370       -0.58437682614606        1.32715275229237
H           -1.76255493210383        1.90698334355840        0.75424459169879
H           -1.52180703112490        1.33519807743940       -0.89111934526725
H            0.59012416317453        1.40116702284571        1.31369043399225
H            0.38441493306036        2.60385717535422        0.04028987226512
H            2.14138137871703        1.31603892346956       -0.77987755870647
H            0.75041684031765        0.62721626738773       -1.62815866757841
H            2.14488441255359       -2.53541685953864        0.75628198349458
19
 energy: -21.037059022270 gnorm: 0.000226963649 xtb: 6.7.1 (edcfbbe)
C           -1.66254975602368       -1.22895395710777       -0.55712961029491
C           -1.58422676608240       -0.22979131634857        0.59239195040393
C           -1.20809208292107        1.18899019778522        0.14278483811976
C            0.27408902058834        1.54350065754051        0.27735890060055
C            1.21468500362467        0.75330259382861       -0.64434502805163
C            1.56582749566450       -0.54574227092351       -0.10822486853491
C            1.88441009410727       -1.60279376469384        0.35492219324951
H           -0.69357403554773       -1.35655899531624       -1.03068109725280
H           -2.37840456181682       -0.89304901250959       -1.30470344836102
H           -1.98632525166125       -2.19941607454528       -0.18753155498451
H           -2.56030800703896       -0.19806326966421        1.08212114849387
H           -0.85933514968975       -0.58274486155662        1.32796779088179
H           -1.76417896937920        1.90807715988240        0.74934549416296
H           -1.52003345788462        1.33254541278252       -0.89431173283365
H            0.58796555208405        1.40261902172871        1.31432505642624
H            0.38366618207754        2.60449731634900        0.03975394102648
H            2.14306330663167        1.31706282737664       -0.77567519915589
H            0.75396786995026        0.62890894442670       -1.62757662085164
H            2.14557478066005       -2.53711560789694        0.75277675600917
19
 energy: -21.037059582216 gnorm: 0.000174991865 xtb: 6.7.1 (edcfbbe)
C           -1.66221593556687       -1.22969480915500       -0.55591521614747
C           -1.58489374746779       -0.22898002061916        0.59248260921600
C           -1.20846205252222        1.18920280309764        0.14125667223618
C            0.27369497731173        1.54374550536811        0.27740610517924
C            1.21512435548714        0.75371604492596       -0.64339190629743
C            1.56523231264696       -0.54594955054008       -0.10784705547620
C            1.88446017549491       -1.60367263516897        0.35353598448545
H           -0.69251714421021       -1.35854123531432       -1.02749453073312
H           -2.37648904332871       -0.89410945126987       -1.30505337519474
H           -1.98740451063983       -2.19933835103194       -0.18554116468924
H           -2.56126550888503       -0.19680079123404        1.08149283397996
H           -0.86040345544866       -0.58101537823697        1.32881165211415
H           -1.76535574818175        1.90920406571427        0.74593431131035
H           -1.51884779055799        1.33115242916326       -0.89645617712723
H            0.58627342102961        1.40303072136073        1.31478209732955
H            0.38356839330040        2.60471399371824        0.03975258444356
H            2.14400180551573        1.31701313901653       -0.77309917301195
H            0.75563833957818        0.63002242960608       -1.62729376466307
H            2.14608242378729       -2.53842390826275        0.75020642209929
19
 energy: -21.037060028351 gnorm: 0.000168425800 xtb: 6.7.1 (edcfbbe)
C           -1.66137524747004       -1.23040238036103       -0.55462555513315
C           -1.58581190621736       -0.22805056358058        0.59250310280148
C           -1.20869524827595        1.18946056033590        0.13988879825845
C            0.27336178124707        1.54387203663780        0.27759551456830
C            1.21543778790948        0.75403593466575       -0.64265227518344
C            1.56461696961621       -0.54643446944827       -0.10829390520487
C            1.88397775157288       -1.60450758717796        0.35213126064875
H           -0.69087263810282       -1.35977918032991       -1.02453116880262
H           -2.37459306322300       -0.89589055903398       -1.30531254457474
H           -1.98703043639689       -2.19959270071634       -0.18327444399739
H           -2.56282893451531       -0.19531107786200        1.08020543567456
H           -0.86228169794091       -0.57903343429843        1.33030406693582
H           -1.76644116683551        1.91037124862519        0.74270629406668
H           -1.51752139216478        1.33003667280491       -0.89848061937842
H            0.58485584175904        1.40277046700042        1.31524992144227
H            0.38373063287132        2.60491020775230        0.04038879692515
H            2.14478944304212        1.31691158046717       -0.77086620680555
H            0.75692330624813        0.63156377323851       -1.62720915173635
H            2.14597948421922       -2.53965552758176        0.74784158854834
19
 energy: -21.037060392199 gnorm: 0.000147799422 xtb: 6.7.1 (edcfbbe)
C           -1.66035281351257       -1.23099963120186       -0.55334356773540
C           -1.58700375100505       -0.22704650889266        0.59250188752606
C           -1.20888484054919        1.18978339589241        0.13868185989210
C            0.27316015679361        1.54363889219119        0.27783947359523
C            1.21576558737150        0.75425306983890       -0.64225837619022
C            1.56404309449950       -0.54686476912212       -0.10893161317818
C            1.88350897996070       -1.60528293414587        0.35070329009514
H           -0.68933387487105       -1.35976798267386       -1.02222517044474
H           -2.37330442992899       -0.89847597318767       -1.30512669099313
H           -1.98503677404542       -2.20013611625627       -0.18107373122819
H           -2.56504329600107       -0.19354471179069        1.07813389590759
H           -0.86502141055423       -0.57702702649988        1.33234968606163
H           -1.76706124929394        1.91152248201226        0.74009199049904
H           -1.51649295593447        1.32934806594939       -0.90019108521899
H            0.58383184106172        1.40187357670780        1.31565500906250
H            0.38404519533061        2.60477361476290        0.04131411404216
H            2.14551625154295        1.31679709634937       -0.76901334995481
H            0.75810898373402        0.63300816084681       -1.62737608472617
H            2.14577657274427       -2.54057769964244        0.74583737204165
19
 energy: -21.037060401723 gnorm: 0.000230985254 xtb: 6.7.1 (edcfbbe)
C           -1.65933037955510       -1.23159688204269       -0.55206158033766
C           -1.58819559579275       -0.22604245420475        0.59250067225064
C           -1.20907443282243        1.19010623144892        0.13747492152574
C            0.27295853234014        1.54340574774459        0.27808343262216
C            1.21609338683353        0.75447020501204       -0.64186447719700
C            1.56346921938278       -0.54729506879598       -0.10956932115150
C            1.88304020834852       -1.60605828111378        0.34927531954153
H           -0.68779511163928       -1.35975678501780       -1.01991917208685
H           -2.37201579663497       -0.90106138734136       -1.30494083741151
H           -1.98304311169394       -2.20067953179621       -0.17887301845899
H           -2.56725765748683       -0.19177834571938        1.07606235614062
H           -0.86776112316754       -0.57502061870134        1.33439530518745
H           -1.76768133175236        1.91267371539933        0.73747768693139
H           -1.51546451970415        1.32865945909386       -0.90190155105957
H            0.58280784036440        1.40097668641517        1.31606009668273
H            0.38435975778991        2.60463702177349        0.04223943115918
H            2.14624306004378        1.31668261223157       -0.76716049310407
H            0.75929466121992        0.63445254845512       -1.62754301771599
H            2.14557366126931       -2.54149987170312        0.74383315553496
19
 energy: -21.037060601622 gnorm: 0.000084924141 xtb: 6.7.1 (edcfbbe)
C           -1.65955501925412       -1.23147857956520       -0.55247911293946
C           -1.58813607852581       -0.22641430504646        0.59240433629345
C           -1.20884929007593        1.18991413300561        0.13806220930943
C            0.27317031424060        1.54336192552082        0.27794484259297
C            1.21613506145100        0.75445721568974       -0.64224456911218
C            1.56406157632880       -0.54702080486663       -0.10967562893873
C            1.88308826008614       -1.60552454908188        0.35001736755126
H           -0.68817395414928       -1.35930029816615       -1.02092939952196
H           -2.37276369548930       -0.90060959810549       -1.30477738031591
H           -1.98300500157567       -2.20074713466292       -0.17935305155808
H           -2.56708377922251       -0.19219647345943        1.07619287351356
H           -0.86765298522821       -0.57576435513236        1.33402096885622
H           -1.76711539129982        1.91223042234772        0.73869767219732
H           -1.51576080973942        1.32902482687975       -0.90106641882887
H            0.58340735789956        1.40075216894723        1.31574888858669
H            0.38439078290225        2.60464015029440        0.04227659300496
H            2.14597393168202        1.31703385529008       -0.76812736317107
H            0.75894497235465        0.63404123077540       -1.62766551792467
H            2.14514501495798       -2.54112482952652        0.74452159945836
19
 energy: -21.037060666104 gnorm: 0.000046228634 xtb: 6.7.1 (edcfbbe)
C           -1.65969666203708       -1.23138422954580       -0.55271052536101
C           -1.58798730087902       -0.22663168460761        0.59240956709174
C           -1.20871648501090        1.18980305785803        0.13833964525474
C            0.27333183876297        1.54320133414318        0.27798985267749
C            1.21621225262180        0.75453245863986       -0.64254433209106
C            1.56451461054701       -0.54673442539624       -0.10977800688316
C            1.88311460934968       -1.60520490080151        0.35026251849355
H           -0.68847919846135       -1.35897258533729       -1.02160370127759
H           -2.37326458166623       -0.90050377287940       -1.30469251819636
H           -1.98283578046869       -2.20079781601520       -0.17968987410472
H           -2.56693721880462       -0.19235142422033        1.07619195442537
H           -0.86755539229009       -0.57621497895244        1.33398430843981
H           -1.76675098264883        1.91192442671757        0.73944957179160
H           -1.51599565031301        1.32927747225009       -0.90065784175144
H            0.58386992598785        1.40039380271819        1.31567713180344
H            0.38436038509998        2.60451907550520        0.04251353978542
H            2.14580101284306        1.31744595787739       -0.76881866701621
H            0.75875711035593        0.63382053691595       -1.62780449308944
H            2.14447877435446       -2.54084730373192        0.74505077906110
