23
 energy: -276.282238191620 gnorm: 0.024095783780 xtb: 6.7.1 (edcfbbe)
C            2.85240297516398       -0.90126643129938        0.30000024893294
C            2.24399536899437        0.34317516215207       -0.33756955364959
C            0.74223157112890        0.21407754229486       -0.60224827056687
C           -0.08443437523742        0.22064673549777        0.68261704060249
C           -1.60368725741064        0.11335935125023        0.48183670681351
C           -2.16741025416044        1.28678234257021       -0.31761755504074
C           -2.00301577888759       -1.21178922763698       -0.16518563777320
H            2.65459729467632       -1.77687481348738       -0.31450419703937
H            3.92946583964125       -0.78661735914857        0.39727555597604
H            2.44067981318153       -1.07557584877662        1.29045959457184
H            2.74900076961816        0.53016971853493       -1.28838044677092
H            2.42443639287433        1.20690299113481        0.30659838723586
H            0.43224505089154        1.04992716976525       -1.23154318774573
H            0.56227429874916       -0.70933507811433       -1.15469071891167
H            0.22973077160180       -0.61219161757128        1.31469770458258
H            0.12751508265651        1.14459394480720        1.22756618244397
H           -2.05231750150944        0.14516693746433        1.48281294505707
H           -3.25463287954221        1.25588975005652       -0.31104226013783
H           -1.84844187191909        2.23308068438954        0.11316880705015
H           -1.83583481241351        1.24620082185222       -1.35198064189910
H           -1.66311393803697       -1.25682603395693       -1.19662499573026
H           -3.08529763796718       -1.31975048588482       -0.16177219647169
H           -1.57294969219702       -2.04918337950805        0.37944183996814
23
 energy: -276.283012271610 gnorm: 0.006443038080 xtb: 6.7.1 (edcfbbe)
C            2.86006915810301       -0.90077876064344        0.30312363488001
C            2.25033238449195        0.34224448024995       -0.34347922023936
C            0.74474145816478        0.22159866825475       -0.60127853907283
C           -0.08663381371965        0.22013834547498        0.68266824105252
C           -1.60731901611245        0.11259241666150        0.48280625791172
C           -2.17282784486867        1.29026593521812       -0.31350177886525
C           -2.00827992374823       -1.21583073442979       -0.16157484838581
H            2.66291488174495       -1.78579180417666       -0.30941393686222
H            3.94339914712102       -0.79659591694271        0.40617978575723
H            2.44816269001346       -1.08213892167506        1.29887749780373
H            2.75920819889844        0.53344205977330       -1.29491755626425
H            2.43429448205027        1.21513229634112        0.29445263458557
H            0.42871806878887        1.05526169362067       -1.23736004813102
H            0.56138877488018       -0.69995467269283       -1.16568431947349
H            0.23084098216322       -0.61202878357261        1.32161367051217
H            0.12910608307386        1.14387020568622        1.23497680496658
H           -2.05669295654110        0.14381186581303        1.48496338022750
H           -3.26617494458205        1.26419783291982       -0.31393391564975
H           -1.85524218828551        2.24625635938060        0.11332095370628
H           -1.84102400556541        1.25538378139667       -1.35485462662205
H           -1.66673211132944       -1.26684442239064       -1.19913786729365
H           -3.09598008063410       -1.32996122546507       -0.16483509169094
H           -1.57883007347258       -2.06370795887130        0.38030429257903
23
 energy: -276.283091318412 gnorm: 0.000933601685 xtb: 6.7.1 (edcfbbe)
C            2.86348885074386       -0.89975609452242        0.30517565762725
C            2.25375786446134        0.34211910838116       -0.34428867443233
C            0.74715253217066        0.22324443824510       -0.60152170031456
C           -0.08626544098808        0.21944111635331        0.68174486396848
C           -1.60806018076458        0.11231210039066        0.48268549961668
C           -2.17673380035954        1.29020408989754       -0.31211287837480
C           -2.01218155602386       -1.21606254740573       -0.16121110436761
H            2.66787356015285       -1.79037789435455       -0.30396951473816
H            3.94894681890849       -0.79882921992506        0.40983360639643
H            2.45259609150071       -1.08207276111691        1.30335214620306
H            2.76302338405473        0.53048089340613       -1.29745732403239
H            2.44338279778114        1.22052352235405        0.28771610209188
H            0.43110386272001        1.05913377551113       -1.23738045672548
H            0.55980749599070       -0.69471619470959       -1.17483896331069
H            0.23197339463051       -0.61324536538564        1.32234080453837
H            0.13024534238253        1.14180566450918        1.23961918668102
H           -2.05613532145342        0.14307881389321        1.48602195940311
H           -3.27217486860826        1.26585804934310       -0.31423290597312
H           -1.86073102116571        2.24909088948524        0.11484528477383
H           -1.84631210707921        1.26139274902550       -1.35655371781216
H           -1.67063223959526       -1.27360677002862       -1.20093712794887
H           -3.10176165079241       -1.33191446593575       -0.16659850661634
H           -1.58492430107047       -2.06754111107956        0.38108306916211
23
 energy: -276.283104805803 gnorm: 0.001076031904 xtb: 6.7.1 (edcfbbe)
C            2.86528191846880       -0.89867465113736        0.30798190111858
C            2.25577163522264        0.34034896236644       -0.34588384410573
C            0.74867736285397        0.22555135952305       -0.60243670979510
C           -0.08631434546460        0.21800213467391        0.67961057874088
C           -1.60869972319492        0.11148398112250        0.48104854755049
C           -2.17829286984253        1.29052374814368       -0.31094528390004
C           -2.01442940726319       -1.21685525906156       -0.16136003168624
H            2.67061345699635       -1.79169880841585       -0.29815982499738
H            3.95083364255868       -0.79729923675799        0.41244988427981
H            2.45496136969572       -1.07860594111596        1.30694971415926
H            2.76462853398919        0.52424228372051       -1.30041408400714
H            2.44836589471136        1.22128060381226        0.28193936228289
H            0.43461639026293        1.06471127478757       -1.23549177043709
H            0.55946287370788       -0.68938333424048       -1.18027024742337
H            0.23132528134036       -0.61597513564536        1.31909978904237
H            0.12999108251745        1.13879042273172        1.24051398799658
H           -2.05512106550472        0.14190960601300        1.48515952603705
H           -3.27378855160969        1.26467348903790       -0.31235782957183
H           -1.86412103280028        2.24941484022318        0.11767711568665
H           -1.84902115450934        1.26508379938503       -1.35596827964821
H           -1.67279791124508       -1.27765732810035       -1.20101357886047
H           -3.10435911460697       -1.33024073370547       -0.16719715000834
H           -1.59014460041335       -2.06906293105731        0.38238351042871
23
 energy: -276.283117332518 gnorm: 0.000765886213 xtb: 6.7.1 (edcfbbe)
C            2.86552173684134       -0.89614809886716        0.31366922090164
C            2.25798454962289        0.33835078810807       -0.34935219963274
C            0.75027110715655        0.22860302101056       -0.60519697722206
C           -0.08435235309220        0.21449883320176        0.67674194354176
C           -1.60761598053121        0.10967758607373        0.47899544231112
C           -2.17973354411808        1.28972858482115       -0.30893338140036
C           -2.01789957025212       -1.21718418264878       -0.16271792556013
H            2.67201948230676       -1.79407258280452       -0.28513659741213
H            3.95083228447632       -0.79289766313557        0.41684899202100
H            2.45637092195311       -1.06836129170640        1.31419605401749
H            2.76574344778927        0.51167434683915       -1.30654052041876
H            2.45548427252247        1.22396635427663        0.27008220871578
H            0.44039015810049        1.07476884787729       -1.23117618016932
H            0.55775973839155       -0.68053433730166       -1.19080386198096
H            0.23205507415628       -0.62329084583900        1.31162886441757
H            0.13160329958042        1.13199193328556        1.24296683412495
H           -2.05128266464201        0.13922802017036        1.48427896007550
H           -3.27500772448315        1.26080704643144       -0.30924463637483
H           -1.86841192442414        2.24724809165071        0.12404517982579
H           -1.85146579892820        1.26987930382110       -1.35408420945475
H           -1.67479180373679       -1.28274001913511       -1.20129227036434
H           -3.10827440088797       -1.32476543542026       -0.17011657988622
H           -1.59976031328934       -2.06986394516400        0.38445706081344
23
 energy: -276.283122528693 gnorm: 0.000506930103 xtb: 6.7.1 (edcfbbe)
C            2.86427632770269       -0.89436590711543        0.31628969743939
C            2.25792303890790        0.33826889841368       -0.35187764438967
C            0.74989952625785        0.22948323092150       -0.60685025536880
C           -0.08388162572198        0.21236843109679        0.67552491876395
C           -1.60735099027779        0.10861242759857        0.47955106805772
C           -2.17851272796723        1.28990459228656       -0.30729410610773
C           -2.01801447339655       -1.21768345548478       -0.16326435649879
H            2.66913084675509       -1.79443080772978       -0.27854406599852
H            3.94972900942457       -0.79181470864340        0.41862802803267
H            2.45509240650833       -1.06121518192768        1.31764670700768
H            2.76567077599234        0.50712215748556       -1.30970557807179
H            2.45603580797960        1.22575869622744        0.26428289028275
H            0.43986423201313        1.07733368829627       -1.23008014297929
H            0.55661192201693       -0.67804641498899       -1.19411253919476
H            0.23282382888048       -0.62738985207414        1.30736272052232
H            0.13328792228798        1.12816647432638        1.24365570307538
H           -2.05039051969531        0.13755526989359        1.48511968286482
H           -3.27369380552468        1.26030801461479       -0.30825508562319
H           -1.86755739733385        2.24692892744716        0.12686352216876
H           -1.84946642491270        1.27068006889229       -1.35207953578492
H           -1.67309102192840       -1.28289302075598       -1.20113472467964
H           -3.10853903177998       -1.32285637188234       -0.17273358520097
H           -1.60240750991590       -2.07122985602152        0.38432225054054
23
 energy: -276.283128989874 gnorm: 0.000519239524 xtb: 6.7.1 (edcfbbe)
C            2.86080440532234       -0.88936988435773        0.32245964461964
C            2.25695786979800        0.33872633968915       -0.35750440196741
C            0.74852465036024        0.23046625421321       -0.61044748190654
C           -0.08178111450303        0.20692090269440        0.67426026338973
C           -1.60544507546223        0.10618046655443        0.48059250441700
C           -2.17573394562417        1.28991824098207       -0.30347840751062
C           -2.01860040631047       -1.21804756828584       -0.16539531568032
H            2.66005416693266       -1.79516606466943       -0.26195035503522
H            3.94694615403920       -0.78988662768674        0.42113040894255
H            2.45314603841960       -1.04311558292157        1.32668323278946
H            2.76423431302556        0.49755989090721       -1.31720255252848
H            2.45670809206614        1.23129327485363        0.25063271132168
H            0.43720833183253        1.08114814632310       -1.22885239696946
H            0.55410305187238       -0.67424149267228       -1.20131108926151
H            0.23548288746650       -0.63743731789290        1.29950185689643
H            0.13884767114321        1.11878751160646        1.24725424382639
H           -2.04717823346323        0.13335235523385        1.48679251178831
H           -3.27095609497269        1.26086356582457       -0.30618295659447
H           -1.86432832730633        2.24563993137499        0.13333398067095
H           -1.84489010180917        1.27250815780134       -1.34777315359819
H           -1.66896390282890       -1.28241995675793       -1.20180409849955
H           -3.10949249484950       -1.31930257631138       -0.18014538745501
H           -1.60820753115411       -2.07381029806555        0.38272195184009
23
 energy: -276.283131962140 gnorm: 0.000429905179 xtb: 6.7.1 (edcfbbe)
C            2.85951051103491       -0.88619550229998        0.32518232891602
C            2.25643762576907        0.33930981738923       -0.35986399353934
C            0.74812080279289        0.22937491412577       -0.61144416557023
C           -0.08140408812906        0.20397558025788        0.67381175896635
C           -1.60513426892098        0.10500039360887        0.48116171954232
C           -2.17410402281044        1.29033011324953       -0.30144169940989
C           -2.01889066026017       -1.21784561148941       -0.16732567573297
H            2.65403437197595       -1.79507967606474       -0.25282022950720
H            3.94618424565566       -0.78913625217949        0.41951581906212
H            2.45486117779897       -1.03266441473150        1.33163371507020
H            2.76340358325679        0.49380429724323       -1.32043984059599
H            2.45677495644685        1.23447562386668        0.24430487988179
H            0.43540435671742        1.08009746285983       -1.22917658204426
H            0.55413814087398       -0.67522349921511       -1.20283209347484
H            0.23536709016250       -0.64229755911924        1.29667872447176
H            0.14081757265256        1.11403650292014        1.24921171125956
H           -2.04679749545880        0.13091603707938        1.48744849249942
H           -3.26932971358360        1.26289368373453       -0.30405325082854
H           -1.86118187825035        2.24506684606069        0.13648183626559
H           -1.84335257503055        1.27389603656936       -1.34582214943228
H           -1.66742047376636       -1.28139399341323       -1.20319803330477
H           -3.10979838639464       -1.31807809782080       -0.18406821534578
H           -1.61020032361779       -2.07469384289320        0.38037026706911
23
 energy: -276.283131962140 gnorm: 0.000429905179 xtb: 6.7.1 (edcfbbe)
C            2.85951051103491       -0.88619550229998        0.32518232891602
C            2.25643762576907        0.33930981738923       -0.35986399353934
C            0.74812080279289        0.22937491412577       -0.61144416557023
C           -0.08140408812906        0.20397558025788        0.67381175896635
C           -1.60513426892098        0.10500039360887        0.48116171954232
C           -2.17410402281044        1.29033011324953       -0.30144169940989
C           -2.01889066026017       -1.21784561148941       -0.16732567573297
H            2.65403437197595       -1.79507967606474       -0.25282022950720
H            3.94618424565566       -0.78913625217949        0.41951581906212
H            2.45486117779897       -1.03266441473150        1.33163371507020
H            2.76340358325679        0.49380429724323       -1.32043984059599
H            2.45677495644685        1.23447562386668        0.24430487988179
H            0.43540435671742        1.08009746285983       -1.22917658204426
H            0.55413814087398       -0.67522349921511       -1.20283209347484
H            0.23536709016250       -0.64229755911924        1.29667872447176
H            0.14081757265256        1.11403650292014        1.24921171125956
H           -2.04679749545880        0.13091603707938        1.48744849249942
H           -3.26932971358360        1.26289368373453       -0.30405325082854
H           -1.86118187825035        2.24506684606069        0.13648183626559
H           -1.84335257503055        1.27389603656936       -1.34582214943228
H           -1.66742047376636       -1.28139399341323       -1.20319803330477
H           -3.10979838639464       -1.31807809782080       -0.18406821534578
H           -1.61020032361779       -2.07469384289320        0.38037026706911
