19
 energy: -21.038166677395 gnorm: 0.028359554651 xtb: 6.7.1 (edcfbbe)
C           -1.84311790292679       -1.19343341281372       -0.41037812914123
C           -1.51154135678098       -0.21961344791282        0.71784659538652
C           -1.16665345023562        1.19069017244030        0.23039653157201
C            0.06675347987911        1.31084198540290       -0.66822162868730
C            1.39803433803691        0.93029261098385        0.01600471596979
C            1.67439071191873       -0.49660303095938        0.06674671542140
C            1.91932912609413       -1.67909595641941        0.07982091109637
H           -2.14715204181007       -2.16736410312124       -0.01251245698893
H           -0.98427932876641       -1.36056310001786       -1.06799402033569
H           -2.66644055192322       -0.81167992318201       -1.02553862752340
H           -2.37379439130044       -0.14609807310784        1.39221396917757
H           -0.68545990318144       -0.61779999613673        1.31913179716808
H           -1.02201171224054        1.84360703006033        1.10123867194510
H           -2.02876765366935        1.59186522525348       -0.31938345037561
H            0.15670080821259        2.35571101662341       -0.98417370224800
H           -0.05373286646282        0.71753667366406       -1.58122437677719
H            1.41385407781970        1.33711938514923        1.03551372936218
H            2.22613273828632        1.40904199010791       -0.52034488766858
H            2.12080120653484       -2.72642173117948        0.10252401792614
19
 energy: -21.039274237948 gnorm: 0.011372557997 xtb: 6.7.1 (edcfbbe)
C           -1.83987594482033       -1.18639811357609       -0.41286159770194
C           -1.49971330126046       -0.22155627603469        0.71442382221980
C           -1.16247149965210        1.18810254023735        0.22809010588960
C            0.07074522321473        1.30607884217662       -0.66741675799787
C            1.39357171475256        0.92916891393960        0.02148783957255
C            1.64161933071276       -0.49871683154309        0.05696169785636
C            1.90061322679524       -1.66539881050113        0.07630205188991
H           -2.14239595967618       -2.15091140103846       -0.00649005063392
H           -0.97867071730708       -1.35168503195488       -1.05824634950611
H           -2.65969930330744       -0.79936947692414       -1.01918352157025
H           -2.36153649948853       -0.14874965693138        1.38559254444436
H           -0.66582725353253       -0.62313696062166        1.29664159724747
H           -1.01868583228709        1.83081761809049        1.10294274049098
H           -2.02264937838153        1.58214957117311       -0.32363581397995
H            0.15082157982323        2.35041064246911       -0.98216811951116
H           -0.05502578202241        0.70345298936555       -1.56988842070513
H            1.40271971968324        1.32242119709957        1.04386431770793
H            2.22147927563454        1.39600254012782       -0.52315303700526
H            2.11802672860404       -2.69464898071868        0.10840332657184
19
 energy: -21.039378818693 gnorm: 0.003761435465 xtb: 6.7.1 (edcfbbe)
C           -1.83665095129170       -1.18569233719411       -0.41346439311938
C           -1.49093709006624       -0.22263860393056        0.71372289267422
C           -1.16105951741588        1.18746821635871        0.22492738070662
C            0.07108115875826        1.30256589020673       -0.67225452318609
C            1.38972338147979        0.93341031409566        0.02316718648910
C            1.64514612857013       -0.49079414538670        0.07386090342471
C            1.89998450549681       -1.65944129441488        0.09897585734499
H           -2.14106097119387       -2.14556517855268       -0.00372129747457
H           -0.97584546325284       -1.35256658610235       -1.05499526611300
H           -2.65373778299852       -0.79427360160143       -1.01576846537640
H           -2.34738780004151       -0.15114718268393        1.38973876971143
H           -0.64978636714291       -0.62300642183929        1.28291721755033
H           -1.01796057368080        1.82982604217989        1.09833234521311
H           -2.02140453187598        1.57428981858556       -0.32830039303522
H            0.14364928354412        2.34404180824720       -0.99592606930366
H           -0.05447209537337        0.68827008271981       -1.56514141469142
H            1.39207743902576        1.32929630506128        1.04248662598931
H            2.21832517030762        1.39464987034034       -0.52271363430721
H            2.08336140463569       -2.69065968125432        0.09582265278236
19
 energy: -21.039417316077 gnorm: 0.008257073713 xtb: 6.7.1 (edcfbbe)
C           -1.83352851031788       -1.18576047615745       -0.41557060073728
C           -1.48144285422512       -0.22572583155962        0.71393381324812
C           -1.15972573230890        1.18674992048978        0.22556637767180
C            0.07207953097200        1.30264582237639       -0.67281792303873
C            1.38841291060218        0.93971978393973        0.02716979599990
C            1.64760683616014       -0.48343058282396        0.07493180396213
C            1.86663869590595       -1.66208484232540        0.07301562381935
H           -2.14130441920312       -2.14339548252521       -0.00618237560030
H           -0.97401520143129       -1.35425041805081       -1.05643079710135
H           -2.64822434667576       -0.78820704818332       -1.01445675474397
H           -2.33081293008061       -0.15861428452588        1.39793074480237
H           -0.63265797266723       -0.62528186582513        1.27026808007874
H           -1.01766065671426        1.82892086042848        1.09815163167891
H           -2.02117273231812        1.56806953366151       -0.32768756374703
H            0.13950024391503        2.34166896390974       -1.00369269612535
H           -0.05220218219714        0.68041557864694       -1.55942357767351
H            1.38528747241470        1.33270761124238        1.04644915265161
H            2.21802423328080        1.40059043352487       -0.51556787527326
H            2.06824294237317       -2.68670436140809        0.11607951540711
19
 energy: -21.039484146376 gnorm: 0.002395241219 xtb: 6.7.1 (edcfbbe)
C           -1.83399245167165       -1.18659552730627       -0.41524702165802
C           -1.47978923690935       -0.22602554372858        0.71421389860109
C           -1.16023527707645        1.18732601217447        0.22518727016120
C            0.07169980657528        1.30398961395785       -0.67373607762074
C            1.38876648726694        0.94090503486798        0.02659637361642
C            1.63588886356229       -0.48563074973118        0.07299727145466
C            1.87175350471939       -1.65988559646257        0.08517885698233
H           -2.14398187403098       -2.14513381560029       -0.00701272149948
H           -0.97510283281543       -1.35723069018289       -1.05812000009994
H           -2.64858323093487       -0.78772689356064       -1.01529475964888
H           -2.32684831091503       -0.16127020273802        1.40183128566910
H           -0.62963292496755       -0.62481946648668        1.26970790472471
H           -1.01825444061828        1.83131112957937        1.09703332175678
H           -2.02295413777538        1.56849070312845       -0.32720688253256
H            0.14156615244573        2.34218993503380       -1.00670569197575
H           -0.05184465370538        0.68129980656387       -1.56064614885192
H            1.38629157890253        1.33517405556967        1.04606806708101
H            2.22106878936892        1.40051508325574       -0.51402493970969
H            2.06722951606379       -2.68884957349917        0.11084636882894
19
 energy: -21.039499529778 gnorm: 0.000905748422 xtb: 6.7.1 (edcfbbe)
C           -1.83394116408562       -1.18718378427845       -0.41484588350917
C           -1.47546631805526       -0.22726647411055        0.71405110420403
C           -1.15994337107343        1.18661308706068        0.22375880066710
C            0.07194775122572        1.30361437776923       -0.67535014960884
C            1.38900452511568        0.94355832150321        0.02771762824328
C            1.63721037931756       -0.48299455212681        0.07767349803922
C            1.86737053486272       -1.65779555786911        0.08906593917223
H           -2.14727122878889       -2.14506614255384       -0.00660877251984
H           -0.97589712111457       -1.36123041323694       -1.05870532969528
H           -2.64764508509732       -0.78559097881645       -1.01507667636982
H           -2.31907758648776       -0.16508923271768        1.40628490119839
H           -0.62201074837534       -0.62523696136109        1.26528594835982
H           -1.01892142038974        1.83230891833707        1.09475606062865
H           -2.02399486169249        1.56567579546984       -0.32843022547054
H            0.14058712751991        2.34084352161331       -1.01186062755939
H           -0.05003637640932        0.67822458982795       -1.56079769256310
H            1.38460513278746        1.34054266620190        1.04643110451991
H            2.22186286384930        1.40371161750501       -0.51169884824146
H            2.05466229437588       -2.68960548338236        0.11001559578410
19
 energy: -21.039505483098 gnorm: 0.000503995761 xtb: 6.7.1 (edcfbbe)
C           -1.83413676326087       -1.18798900562507       -0.41442500619569
C           -1.46807661621099       -0.22972636903422        0.71329061011660
C           -1.15890538588230        1.18493869858574        0.22187203644839
C            0.07288586470905        1.30362964478249       -0.67693966849004
C            1.38941500903301        0.94837549732712        0.02986551830461
C            1.63525840518541       -0.47861881135817        0.08166643127483
C            1.85732381276098       -1.65524967654257        0.09093327472582
H           -2.15379761011767       -2.14372279689569       -0.00579517659415
H           -0.97795595017646       -1.36829364239633       -1.05940007312027
H           -2.64567024648751       -0.78107265868934       -1.01421663843580
H           -2.30543450751044       -0.17111991066240        1.41338933296398
H           -0.60872341737881       -0.62677296710778        1.25585001637955
H           -1.02010511154730        1.83268355081304        1.09183562888929
H           -2.02463339513304        1.55994453253179       -0.33057335630218
H            0.13913004961617        2.33949668580802       -1.01794698279074
H           -0.04620041326609        0.67387346943154       -1.55973937093893
H            1.38167797326931        1.34747003366519        1.04792059787967
H            2.22314884780858        1.40860785566854       -0.50807537424938
H            2.03784478207341       -2.68842081546700        0.11215457541373
19
 energy: -21.039507198193 gnorm: 0.000253060793 xtb: 6.7.1 (edcfbbe)
C           -1.83542649944655       -1.18804887438394       -0.41421044807690
C           -1.46941466486949       -0.22978214279930        0.71307190030533
C           -1.15885755564642        1.18450273694077        0.22195509190794
C            0.07314736022103        1.30378310534139       -0.67619629837747
C            1.39000275127316        0.94763114961033        0.02957064820171
C            1.63714254286941       -0.47891053029446        0.08063736148291
C            1.85969571967675       -1.65529904708040        0.08952025879695
H           -2.15557403988573       -2.14339638095820       -0.00528955712041
H           -0.97938803329118       -1.36899874314978       -1.05903933403591
H           -2.64667757883866       -0.78125671386688       -1.01435211253475
H           -2.30727736245647       -0.16988874038609        1.41228054606816
H           -0.61114137300138       -0.62734551066757        1.25670378070513
H           -1.02049921430285        1.83198842134724        1.09219803322008
H           -2.02403771275984        1.56005919634399       -0.33099290889095
H            0.13950327176172        2.34030173861098       -1.01514968956901
H           -0.04574011102686        0.67572939393487       -1.56016152244528
H            1.38307753363718        1.34630963911095        1.04773056684966
H            2.22301181265431        1.40839731756833       -0.50902953333905
H            2.04149848091634       -2.68774270038733        0.11241959213114
19
 energy: -21.039507818779 gnorm: 0.000177221295 xtb: 6.7.1 (edcfbbe)
C           -1.83705252446047       -1.18814658774270       -0.41414650202677
C           -1.46974159687825       -0.23021011355158        0.71293321121559
C           -1.15874298820622        1.18403558100795        0.22189523681939
C            0.07347622971074        1.30410082657012       -0.67582281911142
C            1.39056587291305        0.94763462859167        0.02944714814421
C            1.63770034030614       -0.47885766197231        0.07989821752401
C            1.86188492993374       -1.65501702264127        0.08959573149578
H           -2.15855572180687       -2.14293011108740       -0.00498555456948
H           -0.98132792655429       -1.37040464314460       -1.05900614488615
H           -2.64778852277516       -0.78044852999865       -1.01439712037933
H           -2.30726635668223       -0.16966788021646        1.41253900226278
H           -0.61145461445373       -0.62840599867487        1.25616896188357
H           -1.02091714840199        1.83144553448418        1.09227884565152
H           -2.02367742693293        1.55960001240071       -0.33147377532332
H            0.13977018997036        2.34109614778817       -1.01341579914159
H           -0.04516573344538        0.67704599325889       -1.56058032291947
H            1.38416646903821        1.34597245991504        1.04771954431114
H            2.22325717956346        1.40860383128785       -0.50952346048897
H            2.04391467664629       -2.68741315143983        0.11254197481778
19
 energy: -21.039508137660 gnorm: 0.000109171196 xtb: 6.7.1 (edcfbbe)
C           -1.83875571724409       -1.18811789005297       -0.41428316024573
C           -1.46934657626823       -0.23081397251642        0.71275463298046
C           -1.15856196798067        1.18360074052604        0.22192621323728
C            0.07376278452039        1.30424176512196       -0.67564822174528
C            1.39098549392641        0.94790538183356        0.02942563889278
C            1.63856761164793       -0.47851061666750        0.07982370281201
C            1.86327851035581       -1.65452401115907        0.08970831194916
H           -2.16203174330991       -2.14226811794572       -0.00504959812775
H           -0.98353554431424       -1.37191039593334       -1.05936941670382
H           -2.64887388739368       -0.77881760332784       -1.01426485754193
H           -2.30581196711884       -0.17021089814404        1.41365623700680
H           -0.61039804634282       -0.62964631247637        1.25449151711611
H           -1.02113335916815        1.83098181729903        1.09236674407113
H           -2.02351286664805        1.55882348393606       -0.33162613508733
H            0.13973217771276        2.34145153016211       -1.01272911184830
H           -0.04465059333623        0.67753161189867       -1.56071226338798
H            1.38462672559830        1.34614670786018        1.04771923495014
H            2.22349468741416        1.40912329954161       -0.50962070601269
H            2.04520960543364       -2.68695320512106        0.11309761296420
19
 energy: -21.039508312622 gnorm: 0.000087002988 xtb: 6.7.1 (edcfbbe)
C           -1.84002397862529       -1.18775246529430       -0.41456016633606
C           -1.46900118611294       -0.23124193512509        0.71269255408487
C           -1.15840836796730        1.18331027062611        0.22212215817851
C            0.07381315613854        1.30408591204762       -0.67562638246085
C            1.39109968373570        0.94807588766353        0.02942118148036
C            1.63908111467009       -0.47831360031150        0.07992599068802
C            1.86448322434458       -1.65423954669214        0.08989171392598
H           -2.16430237075126       -2.14161464030372       -0.00548635835419
H           -0.98526665964135       -1.37234388777849       -1.06002138693941
H           -2.64986927531024       -0.77726133182478       -1.01407359947297
H           -2.30461655729853       -0.17085335228774        1.41459447514379
H           -0.60952244268595       -0.63061530066548        1.25313233483404
H           -1.02082665184182        1.83051490779247        1.09264463018125
H           -2.02345232980706        1.55859004365348       -0.33121122027782
H            0.13961831054550        2.34127913517400       -1.01279747447954
H           -0.04469374276268        0.67729844446722       -1.56063004976293
H            1.38469208476881        1.34630268772275        1.04773447808919
H            2.22352447505316        1.40944718728590       -0.50962916926572
H            2.04671684103253       -2.68663510131494        0.11354266602278
19
 energy: -21.039508495306 gnorm: 0.000082467153 xtb: 6.7.1 (edcfbbe)
C           -1.84158193171795       -1.18711720669490       -0.41504853707192
C           -1.46873052744043       -0.23170091960078        0.71257928252080
C           -1.15816287121702        1.18306916850121        0.22266669419125
C            0.07373237700394        1.30366313926578       -0.67558127709905
C            1.39117938664758        0.94817091577483        0.02934430645530
C            1.63972435597868       -0.47816233407803        0.08015292873824
C            1.86617192681244       -1.65388279815789        0.09017114902404
H           -2.16665425855453       -2.14092106508697       -0.00647071038958
H           -0.98749081058091       -1.37217578759717       -1.06126883782872
H           -2.65136598855262       -0.77523961061217       -1.01368833169048
H           -2.30336353568819       -0.17163725960413        1.41565638230327
H           -0.60864539249704       -0.63183809714857        1.25145462599707
H           -1.01997261780903        1.82992488798972        1.09335586283537
H           -2.02339324128014        1.55875396773626       -0.33008895074425
H            0.13932422598124        2.34067802786552       -1.01334736260364
H           -0.04498563006184        0.67638391977278       -1.56021265785556
H            1.38465379740698        1.34652831827750        1.04762168080628
H            2.22348193294317        1.40971662935288       -0.50974813530582
H            2.04912413011015       -2.68618058112097        0.11411826299666
19
 energy: -21.039508619832 gnorm: 0.000070784669 xtb: 6.7.1 (edcfbbe)
C           -1.84311442992462       -1.18638320569596       -0.41558817746988
C           -1.46868589436289       -0.23216989315441        0.71251293417681
C           -1.15783813549185        1.18274286442148        0.22324655684030
C            0.07364770896211        1.30310358716255       -0.67555947092847
C            1.39135440139864        0.94827333972039        0.02924662707755
C            1.64060152657507       -0.47791796493068        0.08049573632674
C            1.86785310535151       -1.65348445198126        0.09043945913314
H           -2.16842952399683       -2.14031928188182       -0.00753026664099
H           -0.98970473257452       -1.37149377364312       -1.06270812875677
H           -2.65314474564322       -0.77352798862017       -1.01323396948608
H           -2.30260545594885       -0.17227096945937        1.41643125785416
H           -0.60827057105361       -0.63313558485919        1.25023337598549
H           -1.01881663957614        1.82904374069002        1.09422016970150
H           -2.02321932009246        1.55921041120621       -0.32875798350433
H            0.13897146839169        2.33988900723965       -1.01404660343330
H           -0.04530483943650        0.67523143496349       -1.55971984578363
H            1.38484613594241        1.34691457877937        1.04741570252545
H            2.22340486920630        1.40997312666660       -0.51008973549919
H            2.05150039975828       -2.68564566178887        0.11465873716074
19
 energy: -21.039508682379 gnorm: 0.000047041161 xtb: 6.7.1 (edcfbbe)
C           -1.84428196784537       -1.18603426421115       -0.41597344230580
C           -1.46882450649617       -0.23252164788060        0.71234139354314
C           -1.15750707551259        1.18253211841245        0.22378580451534
C            0.07365898938227        1.30274037198143       -0.67544536151500
C            1.39165971338811        0.94841317602882        0.02908495698595
C            1.64123901685913       -0.47768861174952        0.08064781540686
C            1.86902850288416       -1.65314202310242        0.09067465739334
H           -2.16952363791949       -2.14016737232232       -0.00830150127099
H           -0.99143553181464       -1.37093108570457       -1.06389349131719
H           -2.65465936659128       -0.77260196351719       -1.01274427609414
H           -2.30234830647304       -0.17257487268457        1.41672081534174
H           -0.60833867762681       -0.63417405090486        1.24942658979255
H           -1.01786750219576        1.82835790208328        1.09502437353316
H           -2.02295683373263        1.55963035322409       -0.32768621736168
H            0.13871586071905        2.33938314965275       -1.01437552878923
H           -0.04538495235880        0.67447986831269       -1.55930179857037
H            1.38528300352120        1.34734980472316        1.04713089659779
H            2.22344944924226        1.41017692772470       -0.51059743703146
H            2.05313915005492       -2.68519446523124        0.11514812642528
