20
 energy: -27.121102388438 gnorm: 0.032143158432 xtb: 6.7.1 (edcfbbe)
C           -3.68185441524223       -0.98413381001789        0.42083431501325
C           -2.68048124123929        0.10899010000796        0.05788114275862
C           -1.22083939355842       -0.34214640794676        0.15093945967305
C           -0.29899360791526        0.80306447749421       -0.25779316151161
C            1.18513711905785        0.56551682667599       -0.26975692442362
O            1.98618306033550        1.40240318632130       -0.66590530014588
O            1.53857780361337       -0.64280757870081        0.20196350024107
C            2.95145275743023       -0.96493731907955        0.22941498733973
H           -4.70800781321601       -0.61220986634350        0.33342190449592
H           -3.58016461608906       -1.84722886768751       -0.24409032050403
H           -3.53578119673270       -1.32927559213663        1.44887845364175
H           -2.87494686435127        0.45758233073659       -0.96352827283296
H           -2.82349218150124        0.97322636575616        0.71757632603007
H           -1.05903233681505       -1.20503431420651       -0.50443209472574
H           -0.99699387550690       -0.66404757130106        1.17354419080573
H           -0.45706947685969        1.66833831290118        0.39781372066323
H           -0.55133102974212        1.14439384928947       -1.26870763207778
H            3.20071376458448       -1.53805390115701       -0.67621102339609
H            3.10444375012037       -1.58123430924752        1.12360318030522
H            3.55957598782691       -0.05451309866232        0.27911905215682
20
 energy: -27.122340324236 gnorm: 0.010528880764 xtb: 6.7.1 (edcfbbe)
C           -3.66134892574425       -0.98825371526455        0.42241437659523
C           -2.67442973849366        0.11186428827949        0.05640436234275
C           -1.21410837159080       -0.33717844982507        0.14701160913601
C           -0.30144459619823        0.81377646306750       -0.26306023222389
C            1.18029422087706        0.55699240072286       -0.26855613585136
O            1.98732666472787        1.38063090771598       -0.65459679191323
O            1.52710120658303       -0.64188043385939        0.19947844243267
C            2.92776900609521       -0.97035911780270        0.23287004012655
H           -4.68306973428875       -0.61993671457803        0.33739689323352
H           -3.55249676850961       -1.84420163232783       -0.24206625031597
H           -3.50594004231964       -1.32684207996901        1.44567275422163
H           -2.87991420772942        0.45082804217576       -0.96304015737489
H           -2.82711278196508        0.96689434359424        0.72107493580037
H           -1.04870308011969       -1.19511219888918       -0.50867167577166
H           -0.98444341518795       -0.65406480784783        1.16660494375571
H           -0.45941004236881        1.67305476343837        0.39699840001084
H           -0.55489710872698        1.15518605977066       -1.27172652425333
H            3.17885677263773       -1.53391491006161       -0.66764935262618
H            3.07901881065317       -1.58151272252071        1.12123463397609
H            3.52404832586830       -0.05807767312314        0.27677123220587
20
 energy: -27.122617211178 gnorm: 0.003844202021 xtb: 6.7.1 (edcfbbe)
C           -3.64514002054599       -0.99887490477662        0.42646250609300
C           -2.67234541919469        0.11283131966698        0.05544906386087
C           -1.20922954573885       -0.32508980084488        0.14077653164983
C           -0.30087053831712        0.82951167685686       -0.26926620427786
C            1.17943888812269        0.55892008343826       -0.26810787022057
O            1.99665906696036        1.37222640680887       -0.65172498494256
O            1.51217118566478       -0.63724196090259        0.19616539904213
C            2.90304197252473       -0.97834607485283        0.23676325984082
H           -4.66848272218911       -0.64110065484131        0.34638064485441
H           -3.52689676625543       -1.85064043533630       -0.23814034337038
H           -3.47743989775291       -1.33320806893095        1.44687008548228
H           -2.88378278895684        0.44724709443808       -0.96239515569322
H           -2.82891716834734        0.96329578348056        0.72209811252937
H           -1.04087160365432       -1.17984162426932       -0.51558366901107
H           -0.97479850446381       -0.63909590731031        1.15847719752602
H           -0.45772995016453        1.68463430622056        0.39390979270496
H           -0.55292431128343        1.17013939195443       -1.27690765766022
H            3.15605749191225       -1.53916001753306       -0.66102592125082
H            3.04638252697198       -1.58865791591834        1.12261805875441
H            3.50277429890710       -0.06965588465231        0.28174665759534
20
 energy: -27.122732126494 gnorm: 0.002974882452 xtb: 6.7.1 (edcfbbe)
C           -3.63163339185415       -1.00835513702452        0.43016029713722
C           -2.67156200689260        0.11424608930821        0.05466222889670
C           -1.20569816401808       -0.31445100690858        0.13568548237259
C           -0.30093759095481        0.84363840465522       -0.27430991558337
C            1.17831193073539        0.56387697750782       -0.27233940528242
O            2.00309959273420        1.37297680078108       -0.65214148408848
O            1.49941758846624       -0.63253325194060        0.19185051762656
C            2.88470300769922       -0.98632615488722        0.24081347753503
H           -4.65893880145687       -0.66194640221460        0.35489282282295
H           -3.50562618445552       -1.85824158578963       -0.23505578787736
H           -3.45389612404138       -1.34003874498592        1.44953301115182
H           -2.88930906553529        0.44605546072139       -0.96226656268251
H           -2.83269238536732        0.96260516274018        0.72219961557086
H           -1.03426214667389       -1.16720954506184       -0.52210831674025
H           -0.96699776383882       -0.62786505993877        1.15237913101095
H           -0.45615613815819        1.69641264187583        0.39141287791689
H           -0.55236927214953        1.18505292338345       -1.28113464353805
H            3.13945896551431       -1.54823304987005       -0.65592432574156
H            3.01829687006722       -1.59849819223326        1.12667110424342
H            3.49388727437944       -0.08327351742240        0.28958537875574
20
 energy: -27.122812688742 gnorm: 0.002776500774 xtb: 6.7.1 (edcfbbe)
C           -3.61939739859746       -1.01721417568232        0.43388110178400
C           -2.67167191264940        0.11507199920524        0.05365676800367
C           -1.20301159752475       -0.30372891570523        0.13071980917380
C           -0.30068983170591        0.85688159991981       -0.27896067858943
C            1.17803070994995        0.57217700885256       -0.27438087947042
O            2.00821738154447        1.37710493104386       -0.65421726924289
O            1.48875970290501       -0.62696807996022        0.18868435581799
C            2.86991832396340       -0.99457056436062        0.24422005885380
H           -4.65149454588491       -0.68297457087061        0.36341419786036
H           -3.48651053306817       -1.86631901947771       -0.23164285625285
H           -3.43276317911713       -1.34651457746519        1.45286165111797
H           -2.89584573723702        0.44455389713899       -0.96275007325901
H           -2.83764285607308        0.96260877433165        0.72123726264246
H           -1.02834726313210       -1.15537164021978       -0.52812888106261
H           -0.96103195528254       -0.61717723886615        1.14690751845875
H           -0.45528908735446        1.70881890617622        0.38775366941965
H           -0.55154895751890        1.19891489343353       -1.28558453674361
H            3.12476806165633       -1.55897354628211       -0.65220379492762
H            2.99219270241744       -1.61003212112181        1.13062450190905
H            3.49045416690885       -0.09839474739434        0.29847357801367
20
 energy: -27.122854521976 gnorm: 0.002155310981 xtb: 6.7.1 (edcfbbe)
C           -3.60789064877534       -1.02475560702397        0.43719297178246
C           -2.67197348611835        0.11580714613987        0.05266781279141
C           -1.20102395004819       -0.29405103529816        0.12622835879023
C           -0.30055493169816        0.86825210045825       -0.28278273466682
C            1.17755818013350        0.57893401546517       -0.27846987336768
O            2.01209142336904        1.38120415184967       -0.65450873408317
O            1.47996007534160       -0.62253220109745        0.18600725043150
C            2.85802704774121       -1.00184323574242        0.24741647434204
H           -4.64407561475867       -0.70157977029773        0.37098908965315
H           -3.46946199905107       -1.87347833187103       -0.22828174333847
H           -3.41401470648213       -1.35201165425045        1.45583148638416
H           -2.90212169507619        0.44305576819172       -0.96338194290816
H           -2.84245930417202        0.96294156400449        0.72004546865755
H           -1.02373948875648       -1.14460729926570       -0.53380678214807
H           -0.95643992332750       -0.60826231886781        1.14185462590726
H           -0.45435239912238        1.71990742740059        0.38479327043355
H           -0.55123132413441        1.21176650393226       -1.28909046307928
H            3.11148751952036       -1.56907545686725       -0.64833567813225
H            2.96978239170231       -1.61980471332931        1.13437039598617
H            3.48752902791249       -0.11197424083496        0.30582625007117
20
 energy: -27.122868735651 gnorm: 0.001154766970 xtb: 6.7.1 (edcfbbe)
C           -3.59962951960162       -1.02959290412897        0.43955675373516
C           -2.67215448358219        0.11623188445561        0.05172914133606
C           -1.19973672114945       -0.28761034661699        0.12270605148197
C           -0.30059228493795        0.87568438717277       -0.28560589796084
C            1.17720431475799        0.58420842578069       -0.27806728897581
O            2.01487345694855        1.38271890838409       -0.65378858419169
O            1.47393331015750       -0.61965123912119        0.18586930282628
C            2.84990443147047       -1.00676575168586        0.24925468529623
H           -4.63827059872386       -0.71386039672943        0.37666078848453
H           -3.45765659951368       -1.87792027156513       -0.22582927462063
H           -3.40039510111059       -1.35535741938425        1.45774734096332
H           -2.90664706001749        0.44175180070387       -0.96397424935665
H           -2.84556131442678        0.96298254975581        0.71902468371335
H           -1.02065878681293       -1.13737494949447       -0.53803498877844
H           -0.95354260653994       -0.60226006911802        1.13789531361392
H           -0.45455525872606        1.72765921868920        0.38168026089930
H           -0.55023047115536        1.21955911399894       -1.29223729432431
H            3.10125138657844       -1.57550362044742       -0.64611743471943
H            2.95534369960936       -1.62603624975301        1.13610279333108
H            3.48421640097523       -0.12097025820048        0.30999340075332
20
 energy: -27.122871638920 gnorm: 0.000436729925 xtb: 6.7.1 (edcfbbe)
C           -3.59343223372500       -1.03296287451461        0.44136712108754
C           -2.67236702740633        0.11662333554484        0.05102808126534
C           -1.19889842394218       -0.28286062075234        0.11987359242127
C           -0.30065837256891        0.88100979454433       -0.28767563472021
C            1.17656077562018        0.58680451515073       -0.27933911410400
O            2.01747989271341        1.38313450571308       -0.65090584962874
O            1.46922139964916       -0.61828675092424        0.18569920765379
C            2.84384431190831       -1.01011958760923        0.25083678793414
H           -4.63366824716718       -0.72279596250524        0.38120839145058
H           -3.44880100057647       -1.88086465590836       -0.22391516291223
H           -3.38978105785947       -1.35743500463594        1.45902221153230
H           -2.91002571141308        0.44061206866065       -0.96436310159057
H           -2.84763698361972        0.96301222883138        0.71825673868455
H           -1.01887396553976       -1.13170633547481       -0.54172933881143
H           -0.95136695879818       -0.59824745310818        1.13448495792163
H           -0.45470313127043        1.73307929663991        0.37964712083615
H           -0.54921405028033        1.22535711254347       -1.29447666396337
H            3.09320416754418       -1.57985953605786       -0.64410591431838
H            2.94545960972603       -1.62970905633483        1.13757383904726
H            3.48075320120542       -0.12689220710700        0.31207823372109
20
 energy: -27.122872215426 gnorm: 0.000180965756 xtb: 6.7.1 (edcfbbe)
C           -3.59438934070512       -1.03225225136810        0.44125111838694
C           -2.67237054945690        0.11667475780408        0.05099118844395
C           -1.19911470561247       -0.28385677156125        0.11996928741176
C           -0.30071251895535        0.87995008173210       -0.28754399371444
C            1.17654800990300        0.58655446462183       -0.27774949973766
O            2.01730232394270        1.38270221008430       -0.65009753513341
O            1.46989724656008       -0.61870490108414        0.18622201779162
C            2.84479547646697       -1.00950271351922        0.25044109392901
H           -4.63425003242368       -0.72109083315099        0.38108436295602
H           -3.45044073375504       -1.88010887966093       -0.22414654171260
H           -3.39099135131570       -1.35690876876289        1.45883826609748
H           -2.90964267954633        0.44082473380642       -0.96438451742138
H           -2.84705896639200        0.96306276530797        0.71830023934122
H           -1.01940806880568       -1.13274310062558       -0.54161648956416
H           -0.95175065680239       -0.59923434282879        1.13458720666994
H           -0.45534019063655        1.73216737898194        0.37934056133730
H           -0.54877668546517        1.22371145088212       -1.29463594751431
H            3.09423819130570       -1.57883997450969       -0.64470113588562
H            2.94762653996152       -1.62892283003531        1.13707692300087
H            3.48093488593207       -0.12558966341812        0.31133889882419
20
 energy: -27.122872384832 gnorm: 0.000071786361 xtb: 6.7.1 (edcfbbe)
C           -3.59503993908843       -1.03184081007791        0.44126816350807
C           -2.67240393187803        0.11666320558733        0.05102800585829
C           -1.19923851543167       -0.28438566703568        0.11992497959656
C           -0.30067733289220        0.87936603591535       -0.28751650637428
C            1.17655508055606        0.58624083281202       -0.27757276018502
O            2.01727190103651        1.38293546751718       -0.64896573940600
O            1.47031979301733       -0.61907448877221        0.18605532174374
C            2.84541819278982       -1.00917465343655        0.25029725321690
H           -4.63476341226940       -0.72012813159322        0.38124520390634
H           -3.45157224374713       -1.87969259852174       -0.22423644690653
H           -3.39164167669438       -1.35665767078348        1.45879412814417
H           -2.90954244845581        0.44092406150234       -0.96433135419311
H           -2.84670055915554        0.96310469017445        0.71835422818266
H           -1.01983059386262       -1.13320782515193       -0.54181009329164
H           -0.95189594554089       -0.59997152434363        1.13447829436430
H           -0.45568075846056        1.73164505423899        0.37918540339810
H           -0.54850940058596        1.22288133973864       -1.29473258036769
H            3.09508961611261       -1.57838214601637       -0.64488448547623
H            2.94879281795803       -1.62849224009734        1.13698444996259
H            3.48114555079190       -0.12486011896049        0.31100003782551
20
 energy: -27.122872557529 gnorm: 0.000118503427 xtb: 6.7.1 (edcfbbe)
C           -3.59509607801543       -1.03169401566928        0.44159788397952
C           -2.67242821086105        0.11668874716030        0.05098122925538
C           -1.19929490565975       -0.28461094719204        0.11942102496208
C           -0.30067633029358        0.87918358805045       -0.28783101963727
C            1.17653756417612        0.58640813946092       -0.27704359412926
O            2.01742273760033        1.38368944438245       -0.64680521536568
O            1.47034500195217       -0.61937211269853        0.18562301148018
C            2.84551484020730       -1.00919344398661        0.25020878526335
H           -4.63479284863654       -0.71974861524449        0.38221065922935
H           -3.45219824148776       -1.87950043726566       -0.22409622077313
H           -3.39117740106517       -1.35666500907963        1.45896702364214
H           -2.90986323208461        0.44095433935748       -0.96430822765370
H           -2.84637059103609        0.96318390229059        0.71833964281597
H           -1.02015910419984       -1.13323326695395       -0.54264642423756
H           -0.95177449883438       -0.60057086803130        1.13381737915539
H           -0.45635233420033        1.73167892976382        0.37844026295139
H           -0.54797233410882        1.22227212713177       -1.29533453511266
H            3.09542519203826       -1.57839728981143       -0.64491886496276
H            2.94894653693066       -1.62845770240307        1.13695821960583
H            3.48106043177814       -0.12472269656605        0.31098448303820
20
 energy: -27.122872811233 gnorm: 0.000206702218 xtb: 6.7.1 (edcfbbe)
C           -3.59510118088703       -1.03145320767097        0.44234611939767
C           -2.67241688484361        0.11662825220362        0.05094747921701
C           -1.19932247748179       -0.28497458856400        0.11829597727732
C           -0.30068552713935        0.87891719259592       -0.28864301803961
C            1.17660559841053        0.58695667422085       -0.27587954754391
O            2.01773397389772        1.38565458763442       -0.64199603835158
O            1.47029614032114       -0.61994495594260        0.18420161933757
C            2.84551636245731       -1.00934625623033        0.25000253003636
H           -4.63475304263986       -0.71905907070042        0.38438870375580
H           -3.45340074472415       -1.87912926612932       -0.22378305736005
H           -3.39000469484884       -1.35680145827517        1.45935330652109
H           -2.91058561434908        0.44093136844827       -0.96415452494422
H           -2.84563976704577        0.96319326868074        0.71841850154346
H           -1.02069196730329       -1.13319017318217       -0.54442302107520
H           -0.95133639203517       -0.60165418397431        1.13235635242294
H           -0.45771940419695        1.73193164948947        0.37665379679451
H           -0.54687869402535        1.22104885660887       -1.29676764543018
H            3.09617826183410       -1.57861242921277       -0.64486940077530
H            2.94854742066939       -1.62851230309392        1.13690084173363
H            3.48075482812969       -0.12469114421045        0.31121652898942
20
 energy: -27.122872822791 gnorm: 0.000322787314 xtb: 6.7.1 (edcfbbe)
C           -3.59510628375863       -1.03121239967267        0.44309435481582
C           -2.67240555882617        0.11656775724693        0.05091372917865
C           -1.19935004930384       -0.28533822993596        0.11717092959257
C           -0.30069472398513        0.87865079714140       -0.28945501644194
C            1.17667363264495        0.58750520898079       -0.27471550095857
O            2.01804521019510        1.38761973088638       -0.63718686133749
O            1.47024727869011       -0.62051779918667        0.18278022719496
C            2.84551788470733       -1.00949906847406        0.24979627480938
H           -4.63471323664317       -0.71836952615634        0.38656674828225
H           -3.45460324796054       -1.87875809499297       -0.22346989394698
H           -3.38883198863252       -1.35693790747071        1.45973958940005
H           -2.91130799661355        0.44090839753907       -0.96400082223474
H           -2.84490894305546        0.96320263507088        0.71849736027096
H           -1.02122483040674       -1.13314707941038       -0.54619961791283
H           -0.95089828523595       -0.60273749991731        1.13089532569048
H           -0.45908647419358        1.73218436921512        0.37486733063762
H           -0.54578505394187        1.21982558608598       -1.29820075574769
H            3.09693133162994       -1.57882756861411       -0.64481993658784
H            2.94814830440812       -1.62856690378476        1.13684346386144
H            3.48044922448123       -0.12465959185485        0.31144857494064
20
 energy: -27.122872946354 gnorm: 0.000151699644 xtb: 6.7.1 (edcfbbe)
C           -3.59493336054801       -1.03138009802512        0.44282577684971
C           -2.67235753885460        0.11664213002683        0.05098070343589
C           -1.19930347104890       -0.28517181764960        0.11762314105056
C           -0.30076425707387        0.87879148650071       -0.28926893156866
C            1.17666632985404        0.58737241569424       -0.27518315673366
O            2.01785753158732        1.38717777071877       -0.63868800282501
O            1.47016213330936       -0.62033585229247        0.18277296693440
C            2.84538015144079       -1.00952999557827        0.24983106583299
H           -4.63453672459118       -0.71868523195831        0.38576388350638
H           -3.45403373824089       -1.87894991727326       -0.22361454270879
H           -3.38917425820284       -1.35705478119041        1.45959509760930
H           -2.91100075681829        0.44104388506410       -0.96398272811485
H           -2.84513105701613        0.96320559266946        0.71859204199381
H           -1.02095568346471       -1.13320178760950       -0.54541230380855
H           -0.95096077719921       -0.60217151699944        1.13150324104873
H           -0.45854725578260        1.73219417901393        0.37535060470399
H           -0.54630239143356        1.22023718417982       -1.29779513518611
H            3.09682841435878       -1.57891775203064       -0.64473409449743
H            2.94777951836787       -1.62858160068055        1.13688702846614
H            3.48042338555629       -0.12479147988453        0.31151884751788
20
 energy: -27.122872950947 gnorm: 0.000109077586 xtb: 6.7.1 (edcfbbe)
C           -3.59476043733739       -1.03154779637757        0.44255719888360
C           -2.67230951888303        0.11671650280674        0.05104767769314
C           -1.19925689279395       -0.28500540536324        0.11807535250854
C           -0.30083379016262        0.87893217586002       -0.28908284669537
C            1.17665902706313        0.58723962240769       -0.27565081250875
O            2.01766985297954        1.38673581055116       -0.64018914431253
O            1.47007698792860       -0.62015390539828        0.18276570667383
C            2.84524241817424       -1.00956092268248        0.24986585685660
H           -4.63436021253920       -0.71900093776028        0.38496101873052
H           -3.45346422852124       -1.87914173955356       -0.22375919147060
H           -3.38951652777315       -1.35717165491011        1.45945060581856
H           -2.91069351702304        0.44117937258914       -0.96396463399495
H           -2.84535317097679        0.96320855026805        0.71868672371666
H           -1.02068653652268       -1.13325649580863       -0.54462498970427
H           -0.95102326916246       -0.60160553408157        1.13211115640698
H           -0.45800803737163        1.73220398881273        0.37583387877037
H           -0.54681972892525        1.22064878227366       -1.29738951462453
H            3.09672549708761       -1.57900793544717       -0.64464825240703
H            2.94741073232761       -1.62859629757634        1.13693059307084
H            3.48039754663136       -0.12492336791421        0.31158912009513
