18
 energy: -18.933605606048 gnorm: 0.027289964643 xtb: 6.7.1 (edcfbbe)
C            2.87158386251990        0.60343015358461       -0.00254667062728
C            1.76834012216406       -0.44514931454351        0.10571177730541
C            0.37078313302587        0.16119469109107       -0.01280441113698
C           -0.73057014599018       -0.88696444287117        0.09598578792725
C           -2.13675817253202       -0.37989907891649       -0.00753150581334
C           -2.51228785253498        0.88743335252037       -0.18051820341234
H            3.86540356628645        0.15214186945623        0.08414509811086
H            2.77584578497259        1.35627378924978        0.78821126183640
H            2.82316062700776        1.12463657911410       -0.96537980308432
H            1.90107000183169       -1.20274436057547       -0.67785342240053
H            1.85329236752256       -0.97237790664572        1.06502687106666
H            0.23897831417038        0.91912333765765        0.77116353635112
H            0.28561327817609        0.68798092839492       -0.97275733758165
H           -0.58602140744757       -1.65578398260443       -0.67811208451433
H           -0.63087258169199       -1.42915521713627        1.04840210905489
H           -2.90917677228871       -1.14628302815306        0.06946346873388
H           -3.56384545808437        1.15335554808697       -0.24359300604587
H           -1.79423707630581        1.69873402364463       -0.26476119711743
18
 energy: -18.934455588055 gnorm: 0.007706723242 xtb: 6.7.1 (edcfbbe)
C            2.85958041722852        0.60216003831031       -0.00280950420843
C            1.76267484943530       -0.44791202517092        0.10583839434857
C            0.37050833245607        0.16820955982402       -0.01355396897326
C           -0.72366860305246       -0.88651430571148        0.09614009866960
C           -2.12545446270024       -0.37350002535008       -0.00819295536821
C           -2.50219818103323        0.88196786068839       -0.17967324844088
H            3.84338118717871        0.14288846915955        0.08460247689364
H            2.76008214854024        1.34690486836435        0.78692479750966
H            2.80765610426890        1.11611395743298       -0.96265601971563
H            1.89791576051457       -1.19617524977356       -0.68150247589137
H            1.84995446277910       -0.96533453531696        1.06642372542270
H            0.23875663951983        0.91493134180054        0.77577674526068
H            0.28609183405108        0.68333269773971       -0.97557196411541
H           -0.57971364706278       -1.64356502203920       -0.68543373332205
H           -0.62542165544041       -1.41545558953037        1.05281940178772
H           -2.88773585916542       -1.14185360962777        0.06971542054739
H           -3.54547121679102        1.14787738712095       -0.24222964424590
H           -1.79663651992503        1.69187112343378       -0.26436527750639
18
 energy: -18.934512338154 gnorm: 0.001831819849 xtb: 6.7.1 (edcfbbe)
C            2.85973029400932        0.60283112898244       -0.00291732973960
C            1.76247597492672       -0.44801782839245        0.10577537028499
C            0.37058561215793        0.16839652033505       -0.01338576770506
C           -0.72352750958148       -0.88783200572129        0.09628667855908
C           -2.12478761953238       -0.37248179640800       -0.00825509351045
C           -2.50054028382853        0.88116968988248       -0.17959495617201
H            3.84116347203148        0.14289959609534        0.08441866311459
H            2.75675233194728        1.34466635141930        0.78603236177867
H            2.80427899910283        1.11429040818544       -0.96139414758672
H            1.89583582558704       -1.19351930940000       -0.68200438417530
H            1.84816042658276       -0.96293640510413        1.06580907227520
H            0.23944878197086        0.91121144173386        0.77671615819450
H            0.28678296183473        0.68011572827364       -0.97482254274882
H           -0.57927641942252       -1.64029740308075       -0.68666467997297
H           -0.62523857665369       -1.41200123784206        1.05317198758921
H           -2.88246282462570       -1.14330680242129        0.07026169663699
H           -3.54100039279437        1.14969031205053       -0.24244723456494
H           -1.79807946291057        1.69106855276612       -0.26473358360493
18
 energy: -18.934515846257 gnorm: 0.000541775491 xtb: 6.7.1 (edcfbbe)
C            2.85975574098873        0.60344428008494       -0.00304381782281
C            1.76264011739459       -0.44910158651112        0.10585238395124
C            0.37085734658828        0.16898621692789       -0.01321464918806
C           -0.72343120054692       -0.88848414128581        0.09641209575274
C           -2.12540021759312       -0.37281024633129       -0.00831124835373
C           -2.50022327953385        0.88129874517603       -0.17997131716797
H            3.84091127282837        0.14355383694365        0.08418802802057
H            2.75566127251096        1.34455796273087        0.78615204000914
H            2.80311557728658        1.11431291878735       -0.96154440129140
H            1.89587393365293       -1.19385420408871       -0.68216897865790
H            1.84848428160245       -0.96359028174998        1.06570541401042
H            0.23944053669195        0.91075959295326        0.77716078411044
H            0.28667454466422        0.68020361334991       -0.97434989156764
H           -0.57926892640527       -1.63980777103802       -0.68661114766256
H           -0.62540218096155       -1.41164035360948        1.05304308700602
H           -2.88135973138989       -1.14529437924908        0.07083875569579
H           -3.54052151494740        1.15188502938191       -0.24272211150938
H           -1.79750598202934        1.69152770888191       -0.26516275668251
18
 energy: -18.934516153334 gnorm: 0.000134555577 xtb: 6.7.1 (edcfbbe)
C            2.86017024491992        0.60353572884695       -0.00307682009931
C            1.76280287400796       -0.44880356378728        0.10575300418105
C            0.37073705967135        0.16853927363298       -0.01297862774975
C           -0.72389726583585       -0.88856545384503        0.09646676100400
C           -2.12606707622265       -0.37292185530865       -0.00806639322889
C           -2.50033100054027        0.88128167429833       -0.17978334300929
H            3.84168289621521        0.14397964205653        0.08403234541809
H            2.75607582131933        1.34475436311201        0.78621499672179
H            2.80343400831441        1.11462769884724       -0.96160915059575
H            1.89613690384672       -1.19354856459668       -0.68238431477627
H            1.84893992729098       -0.96353172831110        1.06555389281245
H            0.23948497292763        0.91036523304256        0.77756001381237
H            0.28657425613524        0.68016194774475       -0.97404855284008
H           -0.57974592441088       -1.63998881958264       -0.68667026998774
H           -0.62585845567508       -1.41206386456284        1.05306537137707
H           -2.88221963636458       -1.14532041621106        0.07093143404997
H           -3.54065598506721        1.15237717753881       -0.24320659824212
H           -1.79696202973050        1.69106846843935       -0.26550148019518
18
 energy: -18.934516198897 gnorm: 0.000102935618 xtb: 6.7.1 (edcfbbe)
C            2.85986985945361        0.60361064002714       -0.00311750561128
C            1.76271641689891       -0.44885925449810        0.10573215434148
C            0.37069584110886        0.16850838989398       -0.01283990527767
C           -0.72383304816304       -0.88861842319371        0.09651645670779
C           -2.12598114669804       -0.37294405652449       -0.00831175652206
C           -2.50009123673553        0.88122325530629       -0.18036829376564
H            3.84139249382895        0.14406059104251        0.08391417284767
H            2.75594008816466        1.34482944855296        0.78620760396573
H            2.80321106403673        1.11480338259500       -0.96161028683682
H            1.89608336374344       -1.19353776802519       -0.68250101955816
H            1.84903167324121       -0.96369805404238        1.06548927449916
H            0.23946050419098        0.91028490605186        0.77780387092623
H            0.28649953079187        0.68028333925402       -0.97387247949225
H           -0.57967319229317       -1.64010925817844       -0.68661801357498
H           -0.62592486355810       -1.41218583088013        1.05315323385548
H           -2.88216849657692       -1.14522247011812        0.07116926945289
H           -3.54034872993352        1.15263562107811       -0.24303411037387
H           -1.79657853069916        1.69088248301292       -0.26546039693131
