26
 energy: -933.140172731418 gnorm: 0.000767353397 xtb: 6.7.1 (edcfbbe)
C            1.28651604950138        1.40668747480826       -0.98013352129967
C            1.52783764283319        0.20828031527319       -0.05484457817063
C            1.57459984943156       -1.10733595016520       -0.83836708703269
C            0.49224315294681        0.15443330486470        1.04726245498336
N           -0.77453893826984        0.00629143283141        0.98626263621264
O           -1.23859910164540       -0.11947695373131       -0.36125298147885
C           -2.60688716594743       -0.31583764929824       -0.48427900855536
O           -3.01691714455888       -0.41554500929291       -1.63734213897940
N           -3.32465637603651       -0.37720605147770        0.63774740096324
C           -4.76668368883060       -0.58401447098350        0.63432098420810
S            3.12340483354173        0.45006170623987        0.91009134593729
C            4.40254383132647        0.29499204802526       -0.38111635799499
H            2.12220965033800        1.50972460977720       -1.67719988788361
H            0.37755363169021        1.25791670016750       -1.56775987288768
H            1.19130842292173        2.33231099322234       -0.40766063561713
H            1.74904889186768       -1.95764723422347       -0.17436509215338
H            2.37679585180088       -1.06735280048545       -1.57960790184733
H            0.63528561129926       -1.26219439635889       -1.37383290031596
H            0.82219933538809        0.25259738593603        2.08318280830103
H           -2.84144877252627       -0.27473123124320        1.51841216507690
H           -5.02090570059514       -1.49249207906691        1.18781296794606
H           -5.11571698369645       -0.68709135553607       -0.39266236534163
H           -5.27491881947512        0.26626890884809        1.09819550524296
H            5.34835175338427        0.54635385666551        0.10742721941514
H            4.24056126728013        1.00042232264835       -1.20005200460935
H            4.46917684998617       -0.72525236157728       -0.76520420884666
26
 energy: -933.140175122681 gnorm: 0.000407775389 xtb: 6.7.1 (edcfbbe)
C            1.28633412575573        1.40638029488578       -0.98003702163832
C            1.52784325793647        0.20807728908184       -0.05460514861273
C            1.57529601189999       -1.10748123147245       -0.83833559832197
C            0.49243949645510        0.15366407124553        1.04763479396180
N           -0.77441160856592        0.00596116160490        0.98681134407174
O           -1.23869379465510       -0.11815434990478       -0.36066037043259
C           -2.60719863790319       -0.31486502639415       -0.48437311021713
O           -3.01663611441594       -0.41353850516086       -1.63763582877878
N           -3.32514734790830       -0.37739355204611        0.63726314031638
C           -4.76733334657882       -0.58390916368323        0.63429078981650
S            3.12355835048986        0.45080470892865        0.90993804799775
C            4.40233564700838        0.29493376157852       -0.38150942522096
H            2.12324962298143        1.50964209545398       -1.67608233295707
H            0.37788411324740        1.25681534641095       -1.56894381924281
H            1.18993420366173        2.33215359807332       -0.40721145874952
H            1.75191674469155       -1.95765581817829       -0.17421686255449
H            2.37710470635302       -1.06584402568638       -1.58028814721363
H            0.63546188400112       -1.26368349341536       -1.37311349582850
H            0.82226932117294        0.25098954749639        2.08369506882030
H           -2.84143071250744       -0.27516892206651        1.51785354694054
H           -5.02158388540273       -1.49183545472784        1.18874769066191
H           -5.11664866888396       -0.68791091510906       -0.39267651841131
H           -5.27544326138491        0.26681506048491        1.09759382027782
H            5.34789199674681        0.54808086490446        0.10642801730856
H            4.23945705821419        0.99901805383078       -1.20134981575517
H            4.46991450641154       -0.72573179818762       -0.76418246396817
26
 energy: -933.140175122681 gnorm: 0.000407775389 xtb: 6.7.1 (edcfbbe)
C            1.28633412575573        1.40638029488578       -0.98003702163832
C            1.52784325793647        0.20807728908184       -0.05460514861273
C            1.57529601189999       -1.10748123147245       -0.83833559832197
C            0.49243949645510        0.15366407124553        1.04763479396180
N           -0.77441160856592        0.00596116160490        0.98681134407174
O           -1.23869379465510       -0.11815434990478       -0.36066037043259
C           -2.60719863790319       -0.31486502639415       -0.48437311021713
O           -3.01663611441594       -0.41353850516086       -1.63763582877878
N           -3.32514734790830       -0.37739355204611        0.63726314031638
C           -4.76733334657882       -0.58390916368323        0.63429078981650
S            3.12355835048986        0.45080470892865        0.90993804799775
C            4.40233564700838        0.29493376157852       -0.38150942522096
H            2.12324962298143        1.50964209545398       -1.67608233295707
H            0.37788411324740        1.25681534641095       -1.56894381924281
H            1.18993420366173        2.33215359807332       -0.40721145874952
H            1.75191674469155       -1.95765581817829       -0.17421686255449
H            2.37710470635302       -1.06584402568638       -1.58028814721363
H            0.63546188400112       -1.26368349341536       -1.37311349582850
H            0.82226932117294        0.25098954749639        2.08369506882030
H           -2.84143071250744       -0.27516892206651        1.51785354694054
H           -5.02158388540273       -1.49183545472784        1.18874769066191
H           -5.11664866888396       -0.68791091510906       -0.39267651841131
H           -5.27544326138491        0.26681506048491        1.09759382027782
H            5.34789199674681        0.54808086490446        0.10642801730856
H            4.23945705821419        0.99901805383078       -1.20134981575517
H            4.46991450641154       -0.72573179818762       -0.76418246396817
