----------------------------------------------- 
  Element       SASA      Sigma Z        Total  
     Z         Ang**2 cal/Ang**2/mol   kcal/mol 
----------------------------------------------- 
      H        114.778      48.690       5.589
      C         25.871     129.740       3.357
      O         41.544       0.000       0.000

 Subtotal:     182.193                   8.945
 -----------------------------------------------

  Elements    COT*SASA   Sigma Z,Z'     Total   
    Z,Z'       Ang**2  cal/Ang**2/mol kcal/mol  
 ---------------------------------------------- 
  H   C         68.249     -60.770      -4.148
  H   O          9.585       0.000       0.000
  C   C         22.393     -72.950      -1.634
  O   C         22.268      68.690       1.530
  O   O          0.000       0.000       0.000

 Subtotal:                              -4.252
 ---------------------------------------------- 

 NONAQUEOUS SOLVENT CONTRIBUTION (kcal/mol):
 (proportional to SASA, atomic number independent)
 ---------------------------------------------- 
 Subtotal:                               0.000
 ---------------------------------------------- 

 CDS TOTAL (kcal/mol):                   4.694
...............................................................................
