----------------------------------------------- 
  Element       SASA      Sigma Z        Total  
     Z         Ang**2 cal/Ang**2/mol   kcal/mol 
----------------------------------------------- 
      H        112.337      48.690       5.470
      C         45.606     129.740       5.917
      O         26.536       0.000       0.000

 Subtotal:     184.480                  11.387
 -----------------------------------------------

  Elements    COT*SASA   Sigma Z,Z'     Total   
    Z,Z'       Ang**2  cal/Ang**2/mol kcal/mol  
 ---------------------------------------------- 
  H   C         75.425     -60.770      -4.584
  H   O          0.000       0.000       0.000
  C   C         45.172     -72.950      -3.295
  O   C         15.970      68.690       1.097

 Subtotal:                              -6.782
 ---------------------------------------------- 

 NONAQUEOUS SOLVENT CONTRIBUTION (kcal/mol):
 (proportional to SASA, atomic number independent)
 ---------------------------------------------- 
 Subtotal:                               0.000
 ---------------------------------------------- 

 CDS TOTAL (kcal/mol):                   4.605
...............................................................................
