20
 energy: -27.117698543266 gnorm: 0.032575498420 xtb: 6.7.1 (edcfbbe)
C           -3.71306419698058       -0.78219846299613       -0.20552857326773
C           -2.65482817028675        0.08176919495285        0.47392730199391
C           -1.26285622916853       -0.15126284908203       -0.10848656346425
C           -0.20110486770705        0.72919334274009        0.57639426591806
C            1.14229226265446        0.47770672027325       -0.03738810076809
O            1.57514810190584        1.04369318647497       -1.02921910680909
O            1.81716836319106       -0.49989452716623        0.60058330761752
C            3.09351806081841       -0.87064133290238        0.01748276496568
H           -4.70408568747266       -0.61083368497021        0.22699434386186
H           -3.77145262236555       -0.56047057556537       -1.27711130821485
H           -3.47866154390896       -1.84712902739124       -0.09661238692252
H           -2.91701238117628        1.14238565113324        0.36840782173879
H           -2.63502065468115       -0.13186785502960        1.55028549987975
H           -1.27112254464764        0.06543430582856       -1.18402050099195
H           -0.98686672437026       -1.20691822842549        0.00702028953034
H           -0.17110436041089        0.50941430005927        1.64723673592752
H           -0.44713168103905        1.78506394658863        0.43294313045571
H            3.77687004977407       -0.01820828526907        0.03232419273724
H            2.95140212740336       -1.22210326823954       -1.00731266936737
H            3.47508593023642       -1.67456663806375        0.64610826885042
20
 energy: -27.118746531170 gnorm: 0.012016530522 xtb: 6.7.1 (edcfbbe)
C           -3.70308137864095       -0.78026030083607       -0.20530250128768
C           -2.65125474854265        0.08380843074547        0.47659223982213
C           -1.26190363374777       -0.15283368735342       -0.10981263352593
C           -0.20340970389859        0.72594834001226        0.57550238538307
C            1.13580688627776        0.46757474919498       -0.04953698290829
O            1.56885220934492        1.03840645856839       -1.02878176839939
O            1.81193061425039       -0.49870962846178        0.58174070175753
C            3.08556203981523       -0.87064604364071        0.02319786537778
H           -4.68528885467305       -0.60310902196758        0.22995688537863
H           -3.75661390251377       -0.55494965650206       -1.27014958225663
H           -3.46609788972833       -1.83793598639126       -0.09314597019662
H           -2.91705688670591        1.13856646558009        0.36332019558176
H           -2.63476611667237       -0.13863936629711        1.54713912572627
H           -1.27009098389293        0.06987388319294       -1.18074289089590
H           -0.98590630557532       -1.20423661075790        0.01045284946958
H           -0.16243250346900        0.49319150333693        1.64028963540527
H           -0.45380835357328        1.77897623283324        0.43416390816113
H            3.75829960328560       -0.01334945928277        0.03538747379709
H            2.94868823930496       -1.21222124545965       -1.00259084104297
H            3.45974490112334       -1.67088914356417        0.65634861832413
20
 energy: -27.118913553322 gnorm: 0.004491849268 xtb: 6.7.1 (edcfbbe)
C           -3.69954243680550       -0.78109750262746       -0.20584327615842
C           -2.64869172385674        0.08390616210348        0.47760779374303
C           -1.25934364017603       -0.15375103689434       -0.10875249617241
C           -0.20295990625445        0.72594432409758        0.57652491668226
C            1.13782209331660        0.47236137147898       -0.05188599022632
O            1.56525131205860        1.03704017603185       -1.03543364735289
O            1.80589602924860       -0.49492217931442        0.57060130683332
C            3.07568680011095       -0.87095726309128        0.02574205564772
H           -4.67870038440307       -0.60159969106970        0.22909172214120
H           -3.74820813110960       -0.55457095547309       -1.26784906749463
H           -3.45996712332225       -1.83505069556585       -0.09145642631089
H           -2.91359766862861        1.13612859225396        0.36089927702896
H           -2.63165430628956       -0.14098651970499        1.54525053846693
H           -1.26884873021171        0.07064063973733       -1.17754156761263
H           -0.98526199819893       -1.20336108860404        0.01414129689634
H           -0.15439186942134        0.48610066935544        1.63771331643239
H           -0.45773038100975        1.77639121213153        0.43690427503089
H            3.74945347617560       -0.01488208946689        0.03849855193306
H            2.94942621274859       -1.20928343848107       -1.00228595428623
H            3.44253560779688       -1.66948477394719        0.66210208844925
20
 energy: -27.118937073396 gnorm: 0.001605459645 xtb: 6.7.1 (edcfbbe)
C           -3.69860910583369       -0.78175458921602       -0.20605880796409
C           -2.64827202494249        0.08458153657534        0.47862852008206
C           -1.25887284274315       -0.15306601352624       -0.10835924051624
C           -0.20297021909630        0.72669288401129        0.57726315686378
C            1.13547277824925        0.47086034422898       -0.05747819719785
O            1.56352857876365        1.04035970580910       -1.03939038666292
O            1.80234680471315       -0.49437109193763        0.56557040613354
C            3.07272592627201       -0.87079472282398        0.02701738884068
H           -4.67833828276049       -0.60233417743635        0.22768185945055
H           -3.74532815668232       -0.55534315061288       -1.26824971474967
H           -3.45804057369036       -1.83545320839639       -0.09072729770528
H           -2.91303252717374        1.13661989421769        0.36172070394756
H           -2.63080751116846       -0.14047055155644        1.54606015882975
H           -1.26843774775174        0.07119637473966       -1.17709815532960
H           -0.98495780049609       -1.20262099876962        0.01469282437937
H           -0.14999295941410        0.48278226004239        1.63719875711192
H           -0.45831289314748        1.77724883333841        0.44160777797535
H            3.74889541744377       -0.01577550685406        0.04046553084839
H            2.95325702573922       -1.21105234604774       -1.00189593497689
H            3.43691934548764       -1.66873956283568        0.66537936431053
20
 energy: -27.118943310474 gnorm: 0.001227742014 xtb: 6.7.1 (edcfbbe)
C           -3.69811763543438       -0.78302642424978       -0.20609890632500
C           -2.64852938154018        0.08478723011812        0.47902563521626
C           -1.25850436518292       -0.15187935266715       -0.10760669497058
C           -0.20249802445407        0.72839989244858        0.57731601560807
C            1.13611057313772        0.47486494682296       -0.05934416009789
O            1.56155417286514        1.04514454926385       -1.04308566536103
O            1.80025572909791       -0.49260682173943        0.56178667594809
C            3.07071334897199       -0.87217688521213        0.02725932900825
H           -4.67933624554122       -0.60408837141493        0.22565062778876
H           -3.74314460398297       -0.55776609328038       -1.26916527085606
H           -3.45686698353708       -1.83697994110101       -0.08924979755448
H           -2.91423691409021        1.13691225445222        0.36222020419309
H           -2.63114749579590       -0.13963082143734        1.54690670627727
H           -1.26789164035577        0.07145839724127       -1.17684331255488
H           -0.98377851465078       -1.20153172214660        0.01565809249947
H           -0.14610903186788        0.48211422210489        1.63654218802977
H           -0.45993872437511        1.77891458141833        0.44560650603863
H            3.75053094504827       -0.01916304698800        0.04207898902429
H            2.95619385532557       -1.21462942436781       -1.00211107601202
H            3.43191416813014       -1.67055125631585        0.66748262777095
20
 energy: -27.118944597972 gnorm: 0.000246734291 xtb: 6.7.1 (edcfbbe)
C           -3.69757252929075       -0.78341901534386       -0.20601997641614
C           -2.64865531729863        0.08485798573593        0.47874131946632
C           -1.25862198450696       -0.15131805341683       -0.10752819603898
C           -0.20248389221388        0.72881920224011        0.57733646505923
C            1.13598531588732        0.47526064180545       -0.05946577321910
O            1.56159159242976        1.04624868272980       -1.04218296082295
O            1.80053168246023       -0.49232184694610        0.56174817763267
C            3.07098150267416       -0.87267268742501        0.02689011394560
H           -4.67899096831317       -0.60445311134022        0.22516212602749
H           -3.74260764641271       -0.55917630085811       -1.26924679559517
H           -3.45655131417165       -1.83729320459209       -0.08846023245280
H           -2.91496148655700        1.13687867711060        0.36176116334670
H           -2.63137646322610       -0.13925009687034        1.54675429199174
H           -1.26807048818678        0.07189055771397       -1.17683592252724
H           -0.98378077878930       -1.20097658585347        0.01574519329563
H           -0.14626916065365        0.48268334841355        1.63668856551026
H           -0.45986914896276        1.77943433531018        0.44584705508566
H            3.75090902485883       -0.02001862145303        0.04156499305890
H            2.95526643282279       -1.21552164624797       -1.00193049917734
H            3.43171885921851       -1.67108634776275        0.66745960550045
20
 energy: -27.118944251498 gnorm: 0.000836604605 xtb: 6.7.1 (edcfbbe)
C           -3.69709428332370       -0.78374945623065       -0.20595131694797
C           -2.64878483626192        0.08491418163760        0.47848203714142
C           -1.25875273051576       -0.15080274027241       -0.10745476500981
C           -0.20246322221476        0.72918185532328        0.57734063637324
C            1.13585221830863        0.47556701808421       -0.05961982467020
O            1.56159923983957        1.04723910986670       -1.04135779143978
O            1.80083041044757       -0.49206216764342        0.56170667063127
C            3.07129256366046       -0.87311039615365        0.02656097365515
H           -4.67868605457155       -0.60477880903071        0.22473705465413
H           -3.74218060832963       -0.56040902122217       -1.26931486246862
H           -3.45630498425676       -1.83756030695728       -0.08779511093785
H           -2.91563352287809        1.13684916108940        0.36137474990364
H           -2.63159678404592       -0.13893758222520        1.54661445804137
H           -1.26827307201301        0.07227502530510       -1.17683295816142
H           -0.98381064572578       -1.20047160304253        0.01582296608541
H           -0.14640044492770        0.48318699481631        1.63681266225635
H           -0.45979058718074        1.77989677716977        0.44607813277531
H            3.75129165528173       -0.02077003052433        0.04110953816531
H            2.95446035856367       -1.21633299070018       -1.00173749706029
H            3.43161856191197       -1.67155910634006        0.66745296068428
20
 energy: -27.118945051828 gnorm: 0.000190846142 xtb: 6.7.1 (edcfbbe)
C           -3.69675952236445       -0.78409263205966       -0.20591269930045
C           -2.64858082656087        0.08505993753799        0.47853318040553
C           -1.25845208463294       -0.15084475906657       -0.10747813068511
C           -0.20257525589355        0.72938707445935        0.57753996360475
C            1.13596416868988        0.47614714214570       -0.05937186151899
O            1.56182342854268        1.04754983459632       -1.04152503556879
O            1.80006168274392       -0.49204283678288        0.56143999447630
C            3.07032356423988       -0.87327051629265        0.02653809558756
H           -4.67842282956133       -0.60479395017647        0.22445164472030
H           -3.74117974942892       -0.56107179285987       -1.26936429998525
H           -3.45565412648441       -1.83773646633004       -0.08702621023039
H           -2.91546546900474        1.13684048656851        0.36095666502641
H           -2.63141777859430       -0.13851864719033        1.54663295629562
H           -1.26776297706684        0.07243539020545       -1.17674745086870
H           -0.98347173240919       -1.20042523527315        0.01587357779283
H           -0.14635692870873        0.48309297140425        1.63685509974797
H           -0.46004537297813        1.77999146394796        0.44614557795465
H            3.75066935354340       -0.02111541894455        0.04103555649181
H            2.95414752464054       -1.21636504216539       -1.00203791079889
H            3.43032816305637       -1.67166109077417        0.66749000052378
20
 energy: -27.118944866401 gnorm: 0.000516763276 xtb: 6.7.1 (edcfbbe)
C           -3.69646693975144       -0.78437460561940       -0.20588265359383
C           -2.64838726745046        0.08518401956991        0.47859725836590
C           -1.25817978121351       -0.15092227999023       -0.10750421089273
C           -0.20268456172391        0.72953901805554        0.57771489047742
C            1.13607791637202        0.47668564296308       -0.05914205843476
O            1.56200080444187        1.04778079732723       -1.04173548968285
O            1.79936782547774       -0.49200711851141        0.56120250078954
C            3.06944464051710       -0.87339037034734        0.02652705154277
H           -4.67817945235979       -0.60477731374204        0.22422118408000
H           -3.74029265833153       -0.56158975208800       -1.26940133237749
H           -3.45507191489113       -1.83786987839470       -0.08637790187011
H           -2.91528691949492        1.13682699235478        0.36061572296677
H           -2.63125616952299       -0.13817230473249        1.54665808433506
H           -1.26729515285149        0.07255690445215       -1.17666907305412
H           -0.98317092599997       -1.20042142384802        0.01591457879640
H           -0.14632225055142        0.48297115415802        1.63688583476795
H           -0.46028577603289        1.78003873141245        0.44618558612002
H            3.75011150358060       -0.02140894115582        0.04098920038721
H            2.95390244487493       -1.21636424741230       -1.00231188570955
H            3.42914786667947       -1.67171911150163        0.66754142665735
20
 energy: -27.118945431433 gnorm: 0.000125044789 xtb: 6.7.1 (edcfbbe)
C           -3.69631059607289       -0.78480104068313       -0.20579437332726
C           -2.64850405330036        0.08527608011625        0.47831760234793
C           -1.25816913348984       -0.15040530112521       -0.10743373959696
C           -0.20259322978766        0.73001699477210        0.57779889333365
C            1.13601785147083        0.47680349660008       -0.05906561952066
O            1.56236069546884        1.04864502148962       -1.04090619777979
O            1.79937963088561       -0.49216529905802        0.56122470046347
C            3.06949842839344       -0.87378917829997        0.02630116721482
H           -4.67829536726421       -0.60515746586549        0.22375627039962
H           -3.73998093689876       -0.56289245411672       -1.26953880461402
H           -3.45502256265770       -1.83827835425031       -0.08557649673712
H           -2.91570572421369        1.13688339458457        0.36006213684832
H           -2.63130446370584       -0.13763957622488        1.54654230919851
H           -1.26732878741823        0.07288148759702       -1.17669217953005
H           -0.98307052546398       -1.19993959806134        0.01596281229838
H           -0.14634921497480        0.48354658951485        1.63703776941558
H           -0.46019990911298        1.78058176879194        0.44644839786721
H            3.75019338373317       -0.02184265106537        0.04065441612477
H            2.95331485450542       -1.21691323732952       -1.00234151384435
H            3.42924289167190       -1.67224476443666        0.66727116310889
20
 energy: -27.118945901228 gnorm: 0.000178588258 xtb: 6.7.1 (edcfbbe)
C           -3.69561672083679       -0.78569955213429       -0.20561160265932
C           -2.64851560956371        0.08560105300949        0.47787620476492
C           -1.25796284281690       -0.14974294149956       -0.10739083235499
C           -0.20260038409336        0.73082594496650        0.57803847581794
C            1.13607059025692        0.47749002263936       -0.05851045613888
O            1.56318168910587        1.05025596390871       -1.03934733745692
O            1.79884642115419       -0.49249842658058        0.56107580508298
C            3.06883336998155       -0.87454646191164        0.02582563247100
H           -4.67796318342741       -0.60558250099489        0.22290148337214
H           -3.73866967993597       -0.56555845563180       -1.26975283515556
H           -3.45437697117191       -1.83898293455784       -0.08358144175724
H           -2.91637631504443        1.13697192971943        0.35869002703885
H           -2.63139022842100       -0.13636683139778        1.54633603295423
H           -1.26691923827083        0.07342225998598       -1.17670638656686
H           -0.98265930512883       -1.19924031293954        0.01611481917287
H           -0.14664024627032        0.48445087896473        1.63733472301755
H           -0.46025955153588        1.78139148734356        0.44668657584585
H            3.74969588447754       -0.02276960372705        0.04000268782733
H            2.95199349812278       -1.21770981340078       -1.00266997994649
H            3.42850205518673       -1.67314579281221        0.66671711834154
20
 energy: -27.118946564774 gnorm: 0.000267167918 xtb: 6.7.1 (edcfbbe)
C           -3.69461981180207       -0.78714208376900       -0.20526172279448
C           -2.64847165386654        0.08615919048367        0.47711145127586
C           -1.25753075351556       -0.14884111677503       -0.10730380602525
C           -0.20261663213839        0.73201785239106        0.57849983446503
C            1.13621990011303        0.47857214182140       -0.05753496740603
O            1.56475923226977        1.05301815032926       -1.03674276452429
O            1.79767157670722       -0.49333965131286        0.56057651845134
C            3.06749367424820       -0.87568664567558        0.02505487293204
H           -4.67753793907428       -0.60609874080326        0.22156228994655
H           -3.73645144594107       -0.56987541205817       -1.27004743924300
H           -3.45334721779621       -1.84005717603505       -0.08014426712017
H           -2.91718541473324        1.13712020306873        0.35618728512738
H           -2.63147498297756       -0.13409938091317        1.54593639672453
H           -1.26605766638950        0.07412178331999       -1.17667467203522
H           -0.98203260055680       -1.19825876468440        0.01649637283112
H           -0.14714582803663        0.48570430917005        1.63784984661199
H           -0.46035174917647        1.78254366687527        0.44700669401284
H            3.74855184169328       -0.02406810278256        0.03911042325113
H            2.95019617346772       -1.21874720314157       -1.00341427993787
H            3.42710452927336       -1.67447710655900        0.66576064712745
20
 energy: -27.118947543130 gnorm: 0.000241227919 xtb: 6.7.1 (edcfbbe)
C           -3.69294148318894       -0.78932895663593       -0.20471796632167
C           -2.64834683563061        0.08716985548676        0.47595716207997
C           -1.25684155475269       -0.14774692813801       -0.10716641194596
C           -0.20276257684326        0.73372302184889        0.57918684917123
C            1.13652129585205        0.48044990350460       -0.05588740811159
O            1.56732680774433        1.05772575074720       -1.03244528139512
O            1.79557299606239       -0.49486180831708        0.55945122269045
C            3.06522107343499       -0.87745275543868        0.02378386936696
H           -4.67665105263439       -0.60679890230282        0.21961292314535
H           -3.73297468957611       -0.57651437189555       -1.27047823039406
H           -3.45159727703880       -1.84164527686304       -0.07476848041167
H           -2.91831424012134        1.13747248575683        0.35209213153317
H           -2.63170057911362       -0.13026750654213        1.54537035652842
H           -1.26452613161019        0.07475505671498       -1.17664507291123
H           -0.98106327678100       -1.19700303844867        0.01736838915826
H           -0.14803094467955        0.48755874696012        1.63861561254329
H           -0.46064984279359        1.78415579792980        0.44735335163196
H            3.74654020656963       -0.02603643406654        0.03788453147073
H            2.94771135138310       -1.22025865433823       -1.00475305436505
H            3.42467998548586       -1.67653007301273        0.66421422020750
20
 energy: -27.118948696942 gnorm: 0.000140354504 xtb: 6.7.1 (edcfbbe)
C           -3.69075538624988       -0.79240094799787       -0.20391671802658
C           -2.64816828417126        0.08851486765309        0.47419257955149
C           -1.25573677156162       -0.14634853704425       -0.10674239121188
C           -0.20291020078822        0.73619215463887        0.58014804163276
C            1.13707223842827        0.48334047772420       -0.05364768286802
O            1.57127939318672        1.06508712662950       -1.02613450242891
O            1.79232754933205       -0.49716710734799        0.55736242596226
C            3.06185523621426       -0.88001184175195        0.02189462917693
H           -4.67557804231020       -0.60806927237231        0.21705578950692
H           -3.72826656021485       -0.58558992981025       -1.27095114842890
H           -3.44893836408423       -1.84377747376694       -0.06742151429977
H           -2.91970550893685        1.13786234702933        0.34596730419489
H           -2.63215317107646       -0.12472352886100        1.54443523159470
H           -1.26216116918012        0.07508945019654       -1.17643252604944
H           -0.97967399295647       -1.19532154857548        0.01927327064810
H           -0.14912538067716        0.49028718535494        1.63968113733624
H           -0.46116338188997        1.78643153502714        0.44770195495498
H            3.74358139513286       -0.02890219862546        0.03632147338514
H            2.94454864549852       -1.22244625396317       -1.00682726018029
H            3.42084498807286       -1.67948059118716        0.66206861922029
20
 energy: -27.118949670307 gnorm: 0.000155938510 xtb: 6.7.1 (edcfbbe)
C           -3.68812963614538       -0.79566158351084       -0.20318690388906
C           -2.64791600280269        0.09007404221331        0.47240293498326
C           -1.25451319358485       -0.14519218174168       -0.10611963908858
C           -0.20322734453936        0.73895987992963        0.58106598009741
C            1.13763268431627        0.48667545084423       -0.05116709996664
O            1.57575102804447        1.07357006229237       -1.01886193361879
O            1.78855915629006       -0.49975248995827        0.55485382266803
C            3.05807979443595       -0.88287854029002        0.01973558150578
H           -4.67398989647066       -0.60986138102312        0.21464100373877
H           -3.72354944334195       -0.59485758022874       -1.27143841952413
H           -3.44567253735879       -1.84603321167547       -0.06025207821361
H           -2.92101977989122        1.13841543311764        0.33932182197072
H           -2.63277938899397       -0.11853202585205        1.54357451068081
H           -1.25946530388052        0.07455801782474       -1.17617075028256
H           -0.97802232653005       -1.19378270646240        0.02205594417266
H           -0.15037323554768        0.49375859611973        1.64080731473252
H           -0.46200518195817        1.78893058255644        0.44764362887254
H            3.74025005734849       -0.03211294131256        0.03466826278017
H            2.94110838325105       -1.22489255422454       -1.00918928383855
H            3.41645539912723       -1.68281895566863        0.65964401589014
20
 energy: -27.118950521066 gnorm: 0.000186260579 xtb: 6.7.1 (edcfbbe)
C           -3.68570465677794       -0.79876508325081       -0.20253742708861
C           -2.64764301342711        0.09134690057977        0.47058582156468
C           -1.25313040165914       -0.14425665299943       -0.10515130890779
C           -0.20345965741492        0.74195316373773        0.58182516485936
C            1.13831306880536        0.49015430931106       -0.04871108698701
O            1.58058510070409        1.08228734565754       -1.01133533085372
O            1.78469569671041       -0.50232988319449        0.55217642507174
C            3.05424715913215       -0.88580081527061        0.01751150304233
H           -4.67250448503240       -0.61222195691679        0.21271826927142
H           -3.71943152274300       -0.60301464404527       -1.27175130930462
H           -3.44209017126300       -1.84808803268961       -0.05419276685252
H           -2.92213434564120        1.13868441745844        0.33273480651411
H           -2.63362167354286       -0.11273537268724        1.54262004604714
H           -1.25661816727461        0.07319415614808       -1.17567222910434
H           -0.97613510941862       -1.19235033832594        0.02577020902844
H           -0.15154340294533        0.49795336354521        1.64188713594470
H           -0.46297103453595        1.79153612178412        0.44693652924644
H            3.73684750142883       -0.03538690929247        0.03304736953244
H            2.93759391905903       -1.22734554225028       -1.01161338594506
H            3.41187842760445       -1.68624863434924        0.65718027859178
20
 energy: -27.118951464253 gnorm: 0.000236054675 xtb: 6.7.1 (edcfbbe)
C           -3.68278588666918       -0.80217451290808       -0.20204094527044
C           -2.64723350682067        0.09264739789996        0.46875216846080
C           -1.25146455236184       -0.14354418771838       -0.10369402960429
C           -0.20380657249382        0.74568631718627        0.58246035104465
C            1.13902400329992        0.49424496964300       -0.04600552053786
O            1.58641545716857        1.09259786518015       -1.00243503877783
O            1.78000587737439       -0.50529100718418        0.54892758057782
C            3.04969334555715       -0.88922646130512        0.01491810128860
H           -4.67047951530223       -0.61558105141856        0.21103878057641
H           -3.71539416601716       -0.61110126691483       -1.27211493506020
H           -3.43757048323923       -1.85040480053368       -0.04882397298374
H           -2.92302336127911        1.13893611877277        0.32567086801029
H           -2.63462792820235       -0.10650210937380        1.54172709315780
H           -1.25335396025792        0.07052091615884       -1.17491720060013
H           -0.97369099048108       -1.19093895794513        0.03106974405137
H           -0.15287870815757        0.50379697468558        1.64307146220973
H           -0.46432538763676        1.79471247919191        0.44527588202638
H            3.73285381112224       -0.03926985512670        0.03127067345070
H            2.93346279805398       -1.23022537926498       -1.01444425048219
H            3.40635295811090       -1.69031753607531        0.65432190213302
20
 energy: -27.118952550555 gnorm: 0.000202163603 xtb: 6.7.1 (edcfbbe)
C           -3.67910480638026       -0.80624246127398       -0.20164796809369
C           -2.64656964732869        0.09379862525528        0.46672601740709
C           -1.24913103431739       -0.14304060204326       -0.10137450067922
C           -0.20424782804039        0.75093575728744        0.58285425736094
C            1.14002504298975        0.49974805257870       -0.04261256549707
O            1.59426847971489        1.10593235518928       -0.99082597578534
O            1.77382373522411       -0.50891322417362        0.54462732872628
C            3.04367804712999       -0.89372042039342        0.01158864803463
H           -4.66775847776688       -0.62062308697594        0.20958390441353
H           -3.71099066803843       -0.61948283987166       -1.27248662349121
H           -3.43129930171598       -1.85318688665886       -0.04400346415772
H           -2.92386147014014        1.13883181248474        0.31753714018135
H           -2.63608086204202       -0.09968874770693        1.54075227160335
H           -1.24911457120608        0.06583661065547       -1.17364771080165
H           -0.96997724285057       -1.18931099540651        0.03909368368974
H           -0.15459727791094        0.51279967685063        1.64440383135769
H           -0.46632684464019        1.79904799033395        0.44175002140666
H            3.72765804533424       -0.04445526228755        0.02908707013686
H            2.92791928983375       -1.23397378757827       -1.01805512802721
H            3.39886062391947       -1.69572665331573        0.65067847588588
20
 energy: -27.118953286064 gnorm: 0.000128907394 xtb: 6.7.1 (edcfbbe)
C           -3.67595239465014       -0.80939441842193       -0.20166642562946
C           -2.64582121122009        0.09418497245676        0.46563904957240
C           -1.24708317110001       -0.14293753552515       -0.09903258386483
C           -0.20466526301575        0.75586017525155        0.58263713963283
C            1.14082345806444        0.50447011970561       -0.04011345838924
O            1.60123668301443        1.11713154678022       -0.98110748764420
O            1.76830354705364       -0.51173486226638        0.54079195518923
C            3.03836179693147       -0.89753730761916        0.00893482632306
H           -4.66517461790959       -0.62555799000933        0.20898723115500
H           -3.70804607301098       -0.62438370946677       -1.27278688059438
H           -3.42571429410515       -1.85549134191752       -0.04236520789016
H           -2.92399967041543        1.13836370834634        0.31235862097976
H           -2.63705782064318       -0.09558857080068        1.54032023793713
H           -1.24589161687154        0.06085453279986       -1.17229631978230
H           -0.96635276058536       -1.18802714752394        0.04683709312717
H           -0.15600742599268        0.52195257718458        1.64520275211550
H           -0.46820257867174        1.80301415116563        0.43726872329942
H            3.72325544483670       -0.04902871014586        0.02750058914518
H            2.92317426219081       -1.23722040373280       -1.02095532454727
H            3.39198693786836       -1.70036387331128        0.64787418353601
20
 energy: -27.118953648703 gnorm: 0.000219722112 xtb: 6.7.1 (edcfbbe)
C           -3.67549172610737       -0.80956184957752       -0.20193558441044
C           -2.64547122132302        0.09351919900297        0.46610873232345
C           -1.24660680880573       -0.14326582114257       -0.09836998235091
C           -0.20478163641027        0.75722969325726        0.58191958821443
C            1.14102913271426        0.50546824765116       -0.03994509703452
O            1.60285158035858        1.11893426384519       -0.97954829723018
O            1.76717306473412       -0.51195889829581        0.54009759683569
C            3.03730197367075       -0.89826432457359        0.00866395040316
H           -4.66459521059671       -0.62700845073770        0.20963594139723
H           -3.70837446474474       -0.62288065193893       -1.27277315482407
H           -3.42449255769940       -1.85577768284824       -0.04445584344354
H           -2.92369186171473        1.13776764253348        0.31338326606042
H           -2.63701596302232       -0.09688938750868        1.54067269704440
H           -1.24570194351133        0.05907301997987       -1.17189074591182
H           -0.96501613901275       -1.18790626361935        0.04885282165701
H           -0.15635953841365        0.52523629772901        1.64492500155190
H           -0.46870506726627        1.80402763395669        0.43473245225789
H            3.72255406489840       -0.05006676646861        0.02768769805952
H            2.92227983401436       -1.23770748137789       -1.02131494851537
H            3.39028772000605       -1.70140250691702        0.64758262158662
20
 energy: -27.118954045746 gnorm: 0.000182677748 xtb: 6.7.1 (edcfbbe)
C           -3.67346936323904       -0.81109504089565       -0.20236741320923
C           -2.64435629328489        0.09196954481425        0.46709046252516
C           -1.24498824804336       -0.14366499559238       -0.09659328802064
C           -0.20519311326089        0.76199223063841        0.57992642534009
C            1.14176773308320        0.50923548474698       -0.03903930549271
O            1.60911084776344        1.12719716177524       -0.97311266239954
O            1.76261832746567       -0.51378524033894        0.53716204277069
C            3.03320601901523       -0.90126617324241        0.00748316601685
H           -4.66251059241308       -0.63146928099593        0.21075235671576
H           -3.70791984200106       -0.62147921672488       -1.27275344641049
H           -3.42045367203459       -1.85742611753782       -0.04814194653131
H           -2.92313285154432        1.13622534944282        0.31493093049775
H           -2.63655352489327       -0.09920196402176        1.54157547285964
H           -1.24487307017082        0.05433846568167       -1.17093933294560
H           -0.96079064070568       -1.18700226209553        0.05480767132987
H           -0.15767850327509        0.53540797926823        1.64419706211491
H           -0.47035751632382        1.80773871317284        0.42744783664273
H            3.71947585988161       -0.05393593334266        0.02821489179978
H            2.91914277233441       -1.23977632240966       -1.02289529572240
H            3.38412890341459       -1.70543646939313        0.64628308578953
20
 energy: -27.118954195250 gnorm: 0.000090096154 xtb: 6.7.1 (edcfbbe)
C           -3.67342142742355       -0.81118590404213       -0.20228399386914
C           -2.64423242241854        0.09177265175764        0.46731532838937
C           -1.24500007448602       -0.14350016987736       -0.09689380592812
C           -0.20522733507064        0.76209258496901        0.57973276796123
C            1.14187706628023        0.50945616840897       -0.03898759737890
O            1.60915050272496        1.12707953168108       -0.97326766897415
O            1.76242565599720       -0.51373943218037        0.53708603231620
C            3.03298701668854       -0.90130838154329        0.00763929835792
H           -4.66241975146494       -0.63132634747500        0.21068965136199
H           -3.70766182552822       -0.62158451516553       -1.27258903260894
H           -3.42064544403092       -1.85748114725364       -0.04800784158417
H           -2.92307164255192        1.13607138407775        0.31568860665460
H           -2.63602056688471       -0.09983113225594        1.54170434654691
H           -1.24518848987983        0.05499789639180       -1.17114366019552
H           -0.96066835572839       -1.18687029258860        0.05399897220312
H           -0.15777454654741        0.53546216572491        1.64396382761981
H           -0.47033892797361        1.80780565217382        0.42715826914167
H            3.71938564407651       -0.05408650070309        0.02860996247549
H            2.91934535131089       -1.23972736652884       -1.02282020174017
H            3.38367280467857       -1.70553093262146        0.64643545292166
20
 energy: -27.118954371116 gnorm: 0.000160700158 xtb: 6.7.1 (edcfbbe)
C           -3.67339049314647       -0.81130216547454       -0.20207404018413
C           -2.64404036830242        0.09137341677336        0.46775851644982
C           -1.24507638741045       -0.14305890996162       -0.09750544859037
C           -0.20526518567082        0.76229483047794        0.57933750745352
C            1.14178303210657        0.50935847266107       -0.03943366632219
O            1.60936859085967        1.12703571494707       -0.97349658766406
O            1.76204069901202       -0.51386045180945        0.53677380528975
C            3.03276914597903       -0.90136832655509        0.00802793139026
H           -4.66238974531230       -0.63097027209223        0.21058662162396
H           -3.70714522538029       -0.62173951363994       -1.27233232801798
H           -3.42103068220393       -1.85759916712370       -0.04759429426619
H           -2.92316516900479        1.13573248149772        0.31720505015188
H           -2.63509724737358       -0.10117261769409        1.54195895442707
H           -1.24590529076038        0.05639813222292       -1.17156889309561
H           -0.96040177422043       -1.18648304601125        0.05232452348154
H           -0.15788678759077        0.53543951943986        1.64349564266305
H           -0.47017836603647        1.80803937583286        0.42681881655553
H            3.71926053041138       -0.05421531845469        0.02944432411508
H            2.91985771698635       -1.23964917156520       -1.02257196360703
H            3.38306623882629       -1.70568707052128        0.64687424181694
20
 energy: -27.118954387485 gnorm: 0.000324293753 xtb: 6.7.1 (edcfbbe)
C           -3.67335955886939       -0.81141842690696       -0.20186408649911
C           -2.64384831418631        0.09097418178908        0.46820170451027
C           -1.24515270033488       -0.14261765004587       -0.09811709125262
C           -0.20530303627101        0.76249707598687        0.57894224694582
C            1.14168899793291        0.50926077691316       -0.03987973526548
O            1.60958667899439        1.12699189821305       -0.97372550635397
O            1.76165574202684       -0.51398147143854        0.53646157826330
C            3.03255127526952       -0.90142827156690        0.00841656442260
H           -4.66235973915966       -0.63061419670945        0.21048359188592
H           -3.70662862523236       -0.62189451211435       -1.27207562342702
H           -3.42141592037695       -1.85771718699376       -0.04718074694821
H           -2.92325869545767        1.13539357891768        0.31872149364917
H           -2.63417392786245       -0.10251410313224        1.54221356230722
H           -1.24662209164092        0.05779836805404       -1.17199412599570
H           -0.96013519271246       -1.18609579943390        0.05065007475996
H           -0.15799902863413        0.53541687315482        1.64302745770630
H           -0.47001780409933        1.80827309949191        0.42647936396939
H            3.71913541674625       -0.05434413620629        0.03027868575468
H            2.92037008266181       -1.23957097660156       -1.02232372547389
H            3.38245967297400       -1.70584320842109        0.64731303071223
20
 energy: -27.118954514417 gnorm: 0.000147266079 xtb: 6.7.1 (edcfbbe)
C           -3.67343364886656       -0.81144557332574       -0.20176364466793
C           -2.64386259858761        0.09081755475402        0.46826652963292
C           -1.24521961897754       -0.14242317923075       -0.09830227884265
C           -0.20525077327582        0.76260735590036        0.57872590242404
C            1.14188021251546        0.50945115263147       -0.03981192841601
O            1.60981935745630        1.12709860690486       -0.97374872688256
O            1.76174679569676       -0.51393592936365        0.53652694254494
C            3.03266880702082       -0.90155770021870        0.00849277622894
H           -4.66250255866500       -0.63060756927075        0.21056512802656
H           -3.70670601558298       -0.62193052117405       -1.27207886827462
H           -3.42155186452881       -1.85785301578135       -0.04706156324956
H           -2.92352284451680        1.13523617425469        0.31912333847149
H           -2.63405271167916       -0.10298232833659        1.54223564671359
H           -1.24693965269919        0.05818026224458       -1.17214723037962
H           -0.96001703070098       -1.18589666127812        0.05017326199138
H           -0.15804492704709        0.53556806062720        1.64285454376515
H           -0.46997485817071        1.80842242266408        0.42636217979094
H            3.71929320933533       -0.05450483428044        0.03050141245511
H            2.92035713404860       -1.23959579523659       -1.02227206849696
H            3.38248681899317       -1.70608256953483        0.64738736083571
20
 energy: -27.118954523540 gnorm: 0.000157180110 xtb: 6.7.1 (edcfbbe)
C           -3.67350773886373       -0.81147271974452       -0.20166320283675
C           -2.64387688298890        0.09066092771896        0.46833135475556
C           -1.24528653762019       -0.14222870841563       -0.09848746643269
C           -0.20519851028063        0.76271763581385        0.57850955790226
C            1.14207142709800        0.50964152834979       -0.03974412156655
O            1.61005203591822        1.12720531559667       -0.97377194741114
O            1.76183784936669       -0.51389038728876        0.53659230682658
C            3.03278633877212       -0.90168712887050        0.00856898803528
H           -4.66264537817035       -0.63060094183205        0.21064666416720
H           -3.70678340593360       -0.62196653023376       -1.27208211312222
H           -3.42168780868066       -1.85798884456895       -0.04694237955091
H           -2.92378699357593        1.13507876959171        0.31952518329381
H           -2.63393149549588       -0.10345055354094        1.54225773111997
H           -1.24725721375746        0.05856215643513       -1.17230033476354
H           -0.95989886868951       -1.18569752312234        0.04969644922280
H           -0.15809082546004        0.53571924809959        1.64268162982400
H           -0.46993191224208        1.80857174583625        0.42624499561248
H            3.71945100192441       -0.05466553235459        0.03072413915554
H            2.92034418543540       -1.23962061387162       -1.02222041152003
H            3.38251396501234       -1.70632193064856        0.64746169095920
