20
 energy: -386.237227829893 gnorm: 0.002695213382 xtb: 6.7.1 (edcfbbe)
C           -3.34801826168522        0.26895535043416        0.89540320334610
C           -2.80959801809823       -0.45995048176874       -0.33416061412759
C           -1.41574027293889        0.00122359332492       -0.76556998546908
C           -0.34960740378239       -0.28251408049679        0.28793832496965
C            1.03718189892096        0.07382876492683       -0.15833270040716
O            1.31889726184975        0.76925487031909       -1.12062580800767
O            1.97200729345176       -0.45757712364744        0.65994238895336
C            3.34735663382693       -0.12345784479141        0.35256558647734
H           -2.75131717260641        0.05842027406250        1.78898808949017
H           -3.34558400682328        1.35400853600008        0.73889504591115
H           -4.37725766382005       -0.03594728147918        1.11025253245257
H           -2.78897219960040       -1.54068507241969       -0.14236363467739
H           -3.49823138551772       -0.30586907363534       -1.17337360639822
H           -1.43625146563392        1.07563248371429       -0.98473317116318
H           -1.13747371900655       -0.50725103431920       -1.69623641822210
H           -0.35744396181829       -1.33658826584628        0.58865102196632
H           -0.53246066648782        0.29447901971218        1.20424710837017
H            3.94453460992430       -0.62915380151552        1.11160081969166
H            3.49635314566481        0.95839903868707        0.41034738427935
H            3.61378245873994       -0.48650214350424       -0.64393127207574
20
 energy: -386.237234516787 gnorm: 0.001222586227 xtb: 6.7.1 (edcfbbe)
C           -3.34794324930359        0.26875998612990        0.89500078346469
C           -2.80939719260944       -0.46015762304894       -0.33445702522101
C           -1.41534697916148        0.00131603338348       -0.76535029079100
C           -0.35000093680245       -0.28279364117573        0.28863652929086
C            1.03703399624525        0.07453504300626       -0.15670845834998
O            1.31897852610557        0.76818394823236       -1.11950763102236
O            1.97142365719345       -0.45545625220211        0.66205351396840
C            3.34763692973883       -0.12307649778893        0.35185356967628
H           -2.75205701692643        0.05720037810830        1.78876841764429
H           -3.34411522136012        1.35378096975142        0.73887211011503
H           -4.37765042416378       -0.03490194939507        1.10938467326960
H           -2.78887561125674       -1.54093653868251       -0.14287417491328
H           -3.49771889755817       -0.30588241641214       -1.17386239118457
H           -1.43584259843890        1.07578471004842       -0.98368702107618
H           -1.13674811401589       -0.50639638895758       -1.69617921853130
H           -0.35776277697531       -1.33699381052510        0.58872641332649
H           -0.53397092268433        0.29358122921740        1.20496797246930
H            3.94522508528124       -0.62803476769682        1.11022252499169
H            3.49773341319674        0.95805297272438        0.40758131374166
H            3.61155525822058       -0.48785967607484       -0.64393794490514
20
 energy: -386.237239598831 gnorm: 0.001589778788 xtb: 6.7.1 (edcfbbe)
C           -3.34805513062434        0.26824471957989        0.89398583358199
C           -2.80910609713444       -0.46032878295092       -0.33538538146560
C           -1.41437253088466        0.00177264393088       -0.76409270387348
C           -0.35061311355248       -0.28355285864806        0.29082300405971
C            1.03695412255124        0.07480134477097       -0.15389190851281
O            1.31860838474440        0.76542405235195       -1.11818513596454
O            1.97078363563113       -0.44958226972564        0.66781993295454
C            3.34871439952286       -0.12175871879109        0.35011899658166
H           -2.75470597169987        0.05340690690340        1.78853833168692
H           -3.34013816514261        1.35336220803728        0.73929171282891
H           -4.37920867396993       -0.03209896809114        1.10614245727075
H           -2.78867202289740       -1.54124144937877       -0.14449652299533
H           -3.49646706938949       -0.30552723062235       -1.17545065448275
H           -1.43490935470429        1.07649651030713       -0.98046734987993
H           -1.13482949117773       -0.50416224953115       -1.69540417110928
H           -0.35802389212192       -1.33835662620153        0.58865720968156
H           -0.53671050219975        0.29077657638695        1.20783040009242
H            3.94682702747360       -0.62495036514646        1.10831884988181
H            3.50073417813529        0.95857230345619        0.39986291846587
H            3.60534668439897       -0.49259202661355       -0.64451354968913
20
 energy: -386.237241994442 gnorm: 0.000889083006 xtb: 6.7.1 (edcfbbe)
C           -3.34863226079897        0.26789878586550        0.89375299210318
C           -2.80910890911736       -0.46019102962033       -0.33565811993948
C           -1.41417628266214        0.00191680293128       -0.76346008299435
C           -0.35056251112778       -0.28367884450957        0.29162186015836
C            1.03695255762388        0.07588331824463       -0.15237059295853
O            1.31805472062914        0.76360052571333       -1.11947092933683
O            1.97111652437984       -0.44702057304549        0.66985775113880
C            3.34905604358469       -0.12152808154269        0.34962315418546
H           -2.75652780122712        0.05140496889239        1.78879264309097
H           -3.33898979421789        1.35320806551810        0.74009574680120
H           -4.38046437888541       -0.03121535343069        1.10433083506555
H           -2.78889277143988       -1.54118993616102       -0.14526391209211
H           -3.49597979412956       -0.30489290012441       -1.17604175065898
H           -1.43473535216098        1.07683453776675       -0.97930667714639
H           -1.13407229773669       -0.50349143923600       -1.69496804980424
H           -0.35750312543144       -1.33879989934483        0.58851144742417
H           -0.53705513817450        0.28975103812224        1.20909929506467
H            3.94761369525902       -0.62395190975017        1.10837418409450
H            3.50233767535099        0.95906018253742        0.39687294873169
H            3.60372542273469       -0.49489251918580       -0.64489090064970
20
 energy: -386.237241994442 gnorm: 0.000889083006 xtb: 6.7.1 (edcfbbe)
C           -3.34863226079897        0.26789878586550        0.89375299210318
C           -2.80910890911736       -0.46019102962033       -0.33565811993948
C           -1.41417628266214        0.00191680293128       -0.76346008299435
C           -0.35056251112778       -0.28367884450957        0.29162186015836
C            1.03695255762388        0.07588331824463       -0.15237059295853
O            1.31805472062914        0.76360052571333       -1.11947092933683
O            1.97111652437984       -0.44702057304549        0.66985775113880
C            3.34905604358469       -0.12152808154269        0.34962315418546
H           -2.75652780122712        0.05140496889239        1.78879264309097
H           -3.33898979421789        1.35320806551810        0.74009574680120
H           -4.38046437888541       -0.03121535343069        1.10433083506555
H           -2.78889277143988       -1.54118993616102       -0.14526391209211
H           -3.49597979412956       -0.30489290012441       -1.17604175065898
H           -1.43473535216098        1.07683453776675       -0.97930667714639
H           -1.13407229773669       -0.50349143923600       -1.69496804980424
H           -0.35750312543144       -1.33879989934483        0.58851144742417
H           -0.53705513817450        0.28975103812224        1.20909929506467
H            3.94761369525902       -0.62395190975017        1.10837418409450
H            3.50233767535099        0.95906018253742        0.39687294873169
H            3.60372542273469       -0.49489251918580       -0.64489090064970
