17
 energy: -2771.229207000090 gnorm: 0.003104778552 xtb: 6.7.1 (edcfbbe)
C           -3.28790225936056       -1.33652892845027        0.07990927910700
C           -3.34759857202457        0.18259510471610       -0.07499678126042
C           -2.29270612423871        0.97743870179125        0.70404881662370
C           -0.86206478506757        0.99151136661264        0.13334298483356
C           -0.12117257178412       -0.31028235393484        0.33999640218848
Br           1.81499478740230       -0.10862941269237       -0.14872024195609
H           -4.17517216041974       -1.80449693350617       -0.36216487118139
H           -3.25536426089988       -1.62136124477094        1.13925139123887
H           -2.41524347706127       -1.77678671526820       -0.41223587120338
H           -3.28701670636295        0.45115911355892       -1.13904679711200
H           -4.33425986788362        0.52130835067701        0.26754073176022
H           -2.61897466725282        2.02515018073450        0.74240795277774
H           -2.26489317337283        0.62817096015265        1.74670262180035
H           -0.89110987837840        1.24013604272760       -0.93426229308686
H           -0.30542514217401        1.79051152968954        0.63567985367416
H           -0.46282321256771       -1.12395088811754       -0.29514634618614
H           -0.10766085616745       -0.62465742951445        1.38416330341796
17
 energy: -2771.229218218688 gnorm: 0.000958686647 xtb: 6.7.1 (edcfbbe)
C           -3.28782940263606       -1.33603315022708        0.08011281134532
C           -3.34719939021525        0.18305841313208       -0.07595680729840
C           -2.29299337870952        0.97648187605610        0.70488264419791
C           -0.86305112481916        0.99127415162823        0.13323044535170
C           -0.12000403939282       -0.30927575682605        0.34080151625638
Br           1.81444475219666       -0.11028226158969       -0.14973702620823
H           -4.17509095733841       -1.80350831118798       -0.36055156012131
H           -3.25365435297538       -1.61992532091207        1.13854908510156
H           -2.41654950691140       -1.77543173798051       -0.41311656911168
H           -3.28573247314676        0.45107612369416       -1.13931323018155
H           -4.33295779845552        0.52171360665982        0.26694942307884
H           -2.61853081340929        2.02317626948507        0.74307618002138
H           -2.26507580972340        0.62611455758965        1.74605147131419
H           -0.89262802013221        1.23892299999662       -0.93424460338649
H           -0.30761293232874        1.79089170552834        0.63506604385983
H           -0.46101234951857       -1.12297715466128       -0.29404684780433
H           -0.10891533353761       -0.62398854273831        1.38471754277735
17
 energy: -2771.229219430730 gnorm: 0.001071685536 xtb: 6.7.1 (edcfbbe)
C           -3.28752587396545       -1.33558324362961        0.07977611711862
C           -3.34703353753689        0.18375387927986       -0.07642468049279
C           -2.29261479963023        0.97560888265549        0.70534164104618
C           -0.86327841095476        0.99081779115099        0.13261216688417
C           -0.12015050977181       -0.30994122038663        0.34071225941330
Br           1.81266408174636       -0.10731035366962       -0.14722595350162
H           -4.17541698265763       -1.80286645851799       -0.35840662720776
H           -3.25041653065170       -1.61806835953557        1.13762249845767
H           -2.41758987476379       -1.77378656629920       -0.41551929294225
H           -3.28387824454914        0.45132718021788       -1.13908901846672
H           -4.33223264804357        0.52251127374411        0.26614515746551
H           -2.61718691255783        2.02153010763185        0.74490766939173
H           -2.26439107444023        0.62263665898578        1.74468306075377
H           -0.89462385232238        1.23667715181437       -0.93492924372208
H           -0.30799308734381        1.79122858942557        0.63281195263685
H           -0.46401403039209       -1.12425327425540       -0.29159532309558
H           -0.10871072170585       -0.62299450614792        1.38504889299601
17
 energy: -2771.229221921612 gnorm: 0.000407434586 xtb: 6.7.1 (edcfbbe)
C           -3.28766390130535       -1.33564238311544        0.07930650039374
C           -3.34736243031160        0.18384284753627       -0.07646667294651
C           -2.29292438448994        0.97579484779423        0.70536148551287
C           -0.86351486713269        0.99104314413060        0.13271308354401
C           -0.11949936801862       -0.30913552374680        0.34178187438602
Br           1.81311835537110       -0.10968701360056       -0.14838683157121
H           -4.17626769526684       -1.80306480354631       -0.35786391048076
H           -3.24927028317651       -1.61825606242467        1.13742212627588
H           -2.41813314213747       -1.77408827461863       -0.41711940684775
H           -3.28400581757046        0.45169421299931       -1.13927435019763
H           -4.33291917522408        0.52258014412644        0.26573095186637
H           -2.61779887517985        2.02195413405101        0.74599488067844
H           -2.26445661805908        0.62207608658421        1.74477556065629
H           -0.89484603372767        1.23619622338497       -0.93510794134444
H           -0.30809280248321        1.79190849880951        0.63220711886693
H           -0.46208947875057       -1.12389101494190       -0.29085525490627
H           -0.10866645672432       -0.62203746065583        1.38625258771531
17
 energy: -2771.229221921612 gnorm: 0.000407434586 xtb: 6.7.1 (edcfbbe)
C           -3.28766390130535       -1.33564238311544        0.07930650039374
C           -3.34736243031160        0.18384284753627       -0.07646667294651
C           -2.29292438448994        0.97579484779423        0.70536148551287
C           -0.86351486713269        0.99104314413060        0.13271308354401
C           -0.11949936801862       -0.30913552374680        0.34178187438602
Br           1.81311835537110       -0.10968701360056       -0.14838683157121
H           -4.17626769526684       -1.80306480354631       -0.35786391048076
H           -3.24927028317651       -1.61825606242467        1.13742212627588
H           -2.41813314213747       -1.77408827461863       -0.41711940684775
H           -3.28400581757046        0.45169421299931       -1.13927435019763
H           -4.33291917522408        0.52258014412644        0.26573095186637
H           -2.61779887517985        2.02195413405101        0.74599488067844
H           -2.26445661805908        0.62207608658421        1.74477556065629
H           -0.89484603372767        1.23619622338497       -0.93510794134444
H           -0.30809280248321        1.79190849880951        0.63220711886693
H           -0.46208947875057       -1.12389101494190       -0.29085525490627
H           -0.10866645672432       -0.62203746065583        1.38625258771531
