----------------------------------------------- 
  Element       SASA      Sigma Z        Total  
     Z         Ang**2 cal/Ang**2/mol   kcal/mol 
----------------------------------------------- 
      H        147.796      48.690       7.196
      C         50.131     129.740       6.504
      N         15.794       0.000       0.000
      O         26.555       0.000       0.000
      S         23.347      -9.100      -0.212

 Subtotal:     263.623                  13.488
 -----------------------------------------------

  Elements    COT*SASA   Sigma Z,Z'     Total   
    Z,Z'       Ang**2  cal/Ang**2/mol kcal/mol  
 ---------------------------------------------- 
  H   C         93.342     -60.770      -5.672
  H   O          0.000       0.000       0.000
  C   C         12.797     -72.950      -0.934
  O   C         14.726      68.690       1.012
  O   O          0.000       0.000       0.000
  C   N         13.081       0.000       0.000
  N   C         45.296     -48.220      -2.184
  N  C(3)        0.886      84.100       0.075
  O   N          1.926     121.980       0.235

 Subtotal:                              -7.469
 ---------------------------------------------- 

 NONAQUEOUS SOLVENT CONTRIBUTION (kcal/mol):
 (proportional to SASA, atomic number independent)
 ---------------------------------------------- 
 Subtotal:                               0.000
 ---------------------------------------------- 

 CDS TOTAL (kcal/mol):                   6.019
...............................................................................
