17
 energy: -23.962099876463 gnorm: 0.036199319961 xtb: 6.7.1 (edcfbbe)
C           -2.82206957666365        0.96709295234553        0.49973984486616
C           -2.33276611362451       -0.37259345862721       -0.04407009033651
C           -0.85448263029215       -0.64921188862939        0.23551666364306
C            0.07737158744673        0.35798824480748       -0.46863876197481
C            1.50579284395544       -0.02614516204306       -0.24912858444431
O            2.19628956275691       -0.66026588031619       -1.02985343392216
O            1.96802419947021        0.37001101343998        0.96191722871280
H           -2.33877474729033        1.81139165109843       -0.00184899002917
H           -3.90169384442739        1.07507164569829        0.35557295159150
H           -2.61652388272350        1.05137034399977        1.57296280871535
H           -2.51058430949784       -0.42191827260625       -1.12586095236733
H           -2.91955398456186       -1.18171310894128        0.40684411774312
H           -0.67147469161185       -0.61518079652345        1.31606717621759
H           -0.60177632337286       -1.65957363802014       -0.10655682158025
H           -0.08916143785413        1.36496840074291       -0.07641925007037
H           -0.11538953535738        0.35288993491896       -1.54448986946400
H            2.88008734810837        0.04609927619445        1.06247025968750
17
 energy: -23.963226304694 gnorm: 0.017444439294 xtb: 6.7.1 (edcfbbe)
C           -2.81725591040535        0.96443920842379        0.50111557390146
C           -2.33132629732544       -0.37038917785661       -0.04661859221760
C           -0.85438200192040       -0.64183556247318        0.23564002545523
C            0.07307195971095        0.35914581652042       -0.47346043091770
C            1.49822298778442       -0.03533326949190       -0.24279971901577
O            2.18885724694160       -0.65929411440233       -1.01951014843234
O            1.96145129779781        0.36086571419878        0.95069950836725
H           -2.33583590360449        1.79953718736079       -0.00466155727370
H           -3.89208951490335        1.06147230675904        0.35580580524165
H           -2.60927716584071        1.04126987637845        1.56810331744128
H           -2.50766479371261       -0.41039155914037       -1.12516963005100
H           -2.91506879855082       -1.17430797405629        0.40993045657437
H           -0.66886669654933       -0.59908797861503        1.31212500714864
H           -0.60539893444966       -1.64939357205013       -0.10873662931618
H           -0.08607600873467        1.35893821356881       -0.06942652692464
H           -0.12469432540228        0.35146803305003       -1.54666503768101
H            2.87964732362454        0.05317810936457        1.06785287468823
17
 energy: -23.963512360879 gnorm: 0.007128071955 xtb: 6.7.1 (edcfbbe)
C           -2.81602723526729        0.96367930286034        0.50307914603965
C           -2.32988616267836       -0.37085704314308       -0.04662882764421
C           -0.85203955399758       -0.63766375682880        0.23490325437691
C            0.07087342114690        0.36258824599259       -0.47847027662904
C            1.49879631733708       -0.03079219750296       -0.24679399016491
O            2.18447655354736       -0.66451748765690       -1.01816703880160
O            1.95252652656739        0.35117028246283        0.94025161708912
H           -2.33627539001509        1.79412213525887       -0.00504893782614
H           -3.88866963521710        1.05539790552991        0.35952364215525
H           -2.60435876931121        1.03638216789974        1.56603964869171
H           -2.50337501083855       -0.40615959534935       -1.12318901071597
H           -2.91031528830161       -1.17405575875971        0.41071393770680
H           -0.66735436145634       -0.58585196568384        1.30897742501159
H           -0.60345391531979       -1.64518041633380       -0.10575975687558
H           -0.08380172701270        1.35940803901973       -0.07061180605946
H           -0.12977290031223        0.35086084737198       -1.54924873029541
H            2.87197159558933        0.05175055240129        1.08465400092946
17
 energy: -23.963575591719 gnorm: 0.003206226394 xtb: 6.7.1 (edcfbbe)
C           -2.81691684628592        0.96353760474326        0.50454416335046
C           -2.32963163946547       -0.37095545390250       -0.04788097453937
C           -0.85120548418672       -0.63620035401137        0.23443112888765
C            0.07083825172472        0.36387896289806       -0.48051225815400
C            1.49771466074940       -0.03812182765960       -0.24569483972905
O            2.18267421390555       -0.67000223052212       -1.02224783311175
O            1.95016261238125        0.34921454559808        0.93597098449882
H           -2.33851863393439        1.79461300441424       -0.00406553790014
H           -3.89010825892701        1.05420849365428        0.36328887487386
H           -2.60264443160858        1.03505058249688        1.56722662595963
H           -2.50252195470968       -0.40496363957579       -1.12446668008651
H           -2.90876855948809       -1.17563176619365        0.40808298758318
H           -0.66719782500513       -0.58169950164080        1.30845471816515
H           -0.60106864595738       -1.64422682920583       -0.10360838783748
H           -0.08073277599916        1.36101498231640       -0.07216193419044
H           -0.12913518503116        0.35299799340414       -1.55109578462366
H            2.87037496629799        0.05756669072519        1.09395904384183
17
 energy: -23.963599551605 gnorm: 0.001930630920 xtb: 6.7.1 (edcfbbe)
C           -2.81818596234493        0.96270481241284        0.50571537928698
C           -2.32945474652725       -0.37118359415911       -0.04851756481460
C           -0.85040891412967       -0.63427886770206        0.23443687342150
C            0.07207459000682        0.36471509754233       -0.48226445408083
C            1.49991448777146       -0.03785674324615       -0.24808033016985
O            2.18060928193093       -0.67514909434262       -1.02603357029622
O            1.94982958290969        0.34840501096712        0.93414721558513
H           -2.34160046661847        1.79561787799724       -0.00316767094928
H           -3.89240567820135        1.05272495960772        0.36679277713111
H           -2.60188321215467        1.03426582786151        1.56880089797068
H           -2.50241575677916       -0.40453526979577       -1.12558091580660
H           -2.90829187453128       -1.17740834944405        0.40588806887496
H           -0.66677599433260       -0.57791648560047        1.30887417680462
H           -0.59852234606189       -1.64307505344533       -0.10097254086387
H           -0.07853322320617        1.36319106204329       -0.07623135549109
H           -0.12815298019344        0.35321405146544       -1.55291158423395
H            2.86751767692220        0.05684601537692        1.10332889461948
17
 energy: -23.963603424944 gnorm: 0.000710045981 xtb: 6.7.1 (edcfbbe)
C           -2.81931327355928        0.96194880899087        0.50652595632413
C           -2.32884504815346       -0.37040066349685       -0.04892502008236
C           -0.85005427178779       -0.63321621325365        0.23418305946594
C            0.07315875818067        0.36456550840452       -0.48325894686748
C            1.50083666909899       -0.03908948912386       -0.24881933040728
O            2.17900530315105       -0.67793684375803       -1.02719138408101
O            1.95060668722671        0.34880987596751        0.93376424567457
H           -2.34467530113530        1.79685458774017       -0.00168864091561
H           -3.89413444596584        1.05121857184451        0.36930127287814
H           -2.60213252004472        1.03354988408516        1.56980396938951
H           -2.50159554176079       -0.40299478363188       -1.12637913430647
H           -2.90758109249103       -1.17807653650175        0.40373385573884
H           -0.66686071209315       -0.57558087206191        1.30890975776987
H           -0.59755461451508       -1.64274357795299       -0.09935697983066
H           -0.07722282205044        1.36432551748755       -0.07949317404053
H           -0.12666845992186        0.35219692405444       -1.55423162770140
H            2.86634515028151        0.05685055874500        1.10734641797999
17
 energy: -23.963604305958 gnorm: 0.000218922364 xtb: 6.7.1 (edcfbbe)
C           -2.81933970203916        0.96164575441052        0.50715732254711
C           -2.32870405693573       -0.36992859093467       -0.04931078005046
C           -0.85007401177350       -0.63256971800795        0.23420102455999
C            0.07333124991227        0.36434112092200       -0.48390059152277
C            1.50084301264320       -0.03938630730594       -0.24890678815216
O            2.17918257901414       -0.67889797607488       -1.02600311121056
O            1.95031822608067        0.34921679980884        0.93360821078273
H           -2.34536148250498        1.79697941185120       -0.00064348573744
H           -3.89407973051059        1.05015380547835        0.37010179505411
H           -2.60209115055604        1.03266727222377        1.57030682755030
H           -2.50106454995520       -0.40158032765758       -1.12678817421213
H           -2.90738435552769       -1.17799241617006        0.40260863985806
H           -0.66676723079966       -0.57434152650160        1.30880218831157
H           -0.59794005119195       -1.64223042625646       -0.09891401555309
H           -0.07720357474262        1.36430127293173       -0.08088773264397
H           -0.12621517205142        0.35091742375572       -1.55490485543590
H            2.86586446539849        0.05698568506585        1.10769782284279
17
 energy: -23.963604847188 gnorm: 0.000294095280 xtb: 6.7.1 (edcfbbe)
C           -2.81964488201874        0.96145952106974        0.50806001907372
C           -2.32851829365156       -0.36934885924428       -0.04974505722268
C           -0.84997098082926       -0.63222964261802        0.23396091014406
C            0.07354976998837        0.36395039729385       -0.48492710622150
C            1.50082436646897       -0.03986957050453       -0.24884077973612
O            2.17974975226326       -0.68031955659249       -1.02452298138075
O            1.94975450741149        0.34999131388617        0.93356470102986
H           -2.34618491337625        1.79738937452936        0.00089414801980
H           -3.89442133063230        1.04951904198729        0.37145102343450
H           -2.60201006473298        1.03147744882627        1.57112222703766
H           -2.50034057917723       -0.39967623521414       -1.12728082008963
H           -2.90723612051685       -1.17801308673222        0.40095713342431
H           -0.66667889921993       -0.57300000179453        1.30844853238776
H           -0.59809282542264       -1.64221557712558       -0.09827508655772
H           -0.07705390730862        1.36427762453521       -0.08299448386123
H           -0.12560030627347        0.34924501180028       -1.55596929498630
H            2.86518917148795        0.05764405343646        1.10832121249242
17
 energy: -23.963605334661 gnorm: 0.000207651005 xtb: 6.7.1 (edcfbbe)
C           -2.81981269775148        0.96119338520766        0.50926775985232
C           -2.32849415797243       -0.36884456393501       -0.05043770774163
C           -0.84999012488184       -0.63178812718451        0.23369059271619
C            0.07388934939555        0.36335749185229       -0.48625576971603
C            1.50092144443220       -0.04030030822320       -0.24867731584041
O            2.18049186319978       -0.68206872916605       -1.02280493006000
O            1.94908742762261        0.35113099118538        0.93356888112195
H           -2.34685127661601        1.79793922992599        0.00293505859509
H           -3.89467476558603        1.04899170646670        0.37318334873032
H           -2.60178701390454        1.02999472469378        1.57234288237157
H           -2.49974622860003       -0.39752006810745       -1.12810391544571
H           -2.90736854868964       -1.17822610085256        0.39876104687180
H           -0.66673444603539       -0.57145495859223        1.30812126667919
H           -0.59833361698295       -1.64217220789312       -0.09744872450891
H           -0.07686906068630        1.36423577174919       -0.08580009944745
H           -0.12475106266682        0.34713335665228       -1.55735887109169
H            2.86433738018352        0.05867966375972        1.10924079390156
17
 energy: -23.963605691899 gnorm: 0.000106821986 xtb: 6.7.1 (edcfbbe)
C           -2.82008918094600        0.96098722024334        0.51043260869524
C           -2.32841633215037       -0.36823040232601       -0.05102827119153
C           -0.85001627273126       -0.63160093190628        0.23328872256559
C            0.07426504641278        0.36259822027484       -0.48753071540046
C            1.50110368544884       -0.04069022683267       -0.24837756953857
O            2.18115571874295       -0.68365919914238       -1.02118215649674
O            1.94852650279311        0.35238182441161        0.93355919632178
H           -2.34723146616740        1.79850505251610        0.00523663478300
H           -3.89501218981660        1.04889178082111        0.37464551918911
H           -2.60191436037218        1.02833358689161        1.57358951807355
H           -2.49926459917471       -0.39533419838701       -1.12879663396642
H           -2.90750027812395       -1.17824619986613        0.39673758238979
H           -0.66687756335138       -0.57023614743681        1.30769115714126
H           -0.59853920798582       -1.64238801019092       -0.09680881280369
H           -0.07676206003220        1.36410955380585       -0.08868276825160
H           -0.12374111087933        0.34482420895993       -1.55871748390043
H            2.86362813279372        0.06003512570267        1.11016776937826
17
 energy: -23.963605950671 gnorm: 0.000094354241 xtb: 6.7.1 (edcfbbe)
C           -2.82017179141947        0.96081869547048        0.51151542466289
C           -2.32844854070428       -0.36772111143404       -0.05153883926846
C           -0.85014825120577       -0.63143024543847        0.23291837464147
C            0.07458431258435        0.36185486264328       -0.48861781234088
C            1.50130462990255       -0.04104811252619       -0.24803800045234
O            2.18171158839655       -0.68506383456948       -1.01973022059547
O            1.94813654778445        0.35369306630759        0.93354300672288
H           -2.34706083771394        1.79906531178527        0.00771986365340
H           -3.89504524301001        1.04901070875135        0.37542202723471
H           -2.60247193149105        1.02671089737268        1.57488380194310
H           -2.49898869684678       -0.39349993079802       -1.12940259341660
H           -2.90771821586424       -1.17828210030702        0.39503361664922
H           -0.66701047721161       -0.56942549481052        1.30729882626864
H           -0.59900559329862       -1.64253236256881       -0.09647136629956
H           -0.07680492560793        1.36395686373980       -0.09132226202538
H           -0.12270105650043        0.34259817281215       -1.55991854049153
H            2.86315294666644        0.06157587110878        1.11092899010207
17
 energy: -23.963606166366 gnorm: 0.000089943684 xtb: 6.7.1 (edcfbbe)
C           -2.82021073557851        0.96072468662729        0.51242690589599
C           -2.32847932427750       -0.36727219076265       -0.05187167738104
C           -0.85024595620955       -0.63144982863177        0.23256220251737
C            0.07479165018227        0.36113849059376       -0.48952055142450
C            1.50149197666565       -0.04123337332831       -0.24777062782057
O            2.18217985502864       -0.68616416273893       -1.01846431744608
O            1.94779848795369        0.35493496682453        0.93347974428752
H           -2.34631163170377        1.79944173858051        0.01015091311698
H           -3.89493736982882        1.04953008148941        0.37548585936201
H           -2.60343191305616        1.02517857098720        1.57608160643829
H           -2.49890010419251       -0.39201278622199       -1.12978438347208
H           -2.90794695983942       -1.17815893414929        0.39385412350587
H           -0.66699707985132       -0.56908792239415        1.30691356094928
H           -0.59946572640024       -1.64276437128243       -0.09645464304815
H           -0.07697825343498        1.36368589035779       -0.09348937322770
H           -0.12184250314464        0.34063876769464       -1.56092374984456
H            2.86280005214737        0.06315163389323        1.11154870457954
17
 energy: -23.963606371178 gnorm: 0.000077993454 xtb: 6.7.1 (edcfbbe)
C           -2.82007129168969        0.96069431190514        0.51327386383047
C           -2.32858023741702       -0.36692452318464       -0.05208135517065
C           -0.85039372072835       -0.63160848937751        0.23212325677776
C            0.07491903081702        0.36041492712242       -0.49034353647929
C            1.50160180120291       -0.04145478537842       -0.24749369032055
O            2.18264708223707       -0.68715744921807       -1.01720711708465
O            1.94744264979617        0.35632706976198        0.93337092933496
H           -2.34491569667613        1.79977735832832        0.01279373507384
H           -3.89454603395618        1.05043202840281        0.37497595985279
H           -2.60472453236651        1.02358476654348        1.57731101802352
H           -2.49895011252061       -0.39076111432068       -1.13001915368329
H           -2.90823112605763       -1.17805631645853        0.39297241015283
H           -0.66696470947148       -0.56909054760326        1.30643369794201
H           -0.60007671339132       -1.64309509285103       -0.09671262236561
H           -0.07722960143960        1.36333877431865       -0.09540556187965
H           -0.12109439339209        0.33881804435837       -1.56184051030335
H            2.86248206951366        0.06504229518981        1.11207297328702
17
 energy: -23.963606517683 gnorm: 0.000063279094 xtb: 6.7.1 (edcfbbe)
C           -2.81984669712655        0.96067072124465        0.51404431601231
C           -2.32864668351773       -0.36662229785144       -0.05227880319709
C           -0.85050189046767       -0.63185209398999        0.23172430348007
C            0.07495812714865        0.35973841922567       -0.49111261383119
C            1.50165440824320       -0.04157071893872       -0.24734361283548
O            2.18305373341837       -0.68812358270785       -1.01601129291550
O            1.94698945093362        0.35772311980411        0.93320159826554
H           -2.34325290105790        1.79994593396405        0.01528056289204
H           -3.89404102754510        1.05150158110602        0.37428771040086
H           -2.60596236818216        1.02207921312847        1.57846227600375
H           -2.49911987154256       -0.38972333470648       -1.13021742865298
H           -2.90847677638456       -1.17786908145500        0.39231272072729
H           -0.66683150964127       -0.56928771347627        1.30599471098429
H           -0.60059004064801       -1.64344234418081       -0.09708125246247
H           -0.07752603696683        1.36293382695035       -0.09701658947773
H           -0.12057663200497        0.33727036703570       -1.56268256588396
H            2.86203117980169        0.06690924238636        1.11266025747841
17
 energy: -23.963606580534 gnorm: 0.000033967430 xtb: 6.7.1 (edcfbbe)
C           -2.81962508854589        0.96067330914696        0.51452301684973
C           -2.32873959157089       -0.36649637022896       -0.05235136006338
C           -0.85059536636495       -0.63203844577094        0.23136255318433
C            0.07498820006524        0.35932587554566       -0.49162133743787
C            1.50164843630630       -0.04169737479958       -0.24722779588636
O            2.18331519605804       -0.68883931453302       -1.01513394405192
O            1.94666463916427        0.35873863571865        0.93306408662279
H           -2.34210532326594        1.80007003314111        0.01684948638708
H           -3.89363865899049        1.05224248899261        0.37389978716806
H           -2.60663410162743        1.02110939720830        1.57916728907766
H           -2.49925604653923       -0.38909689677727       -1.13028621010817
H           -2.90869887968697       -1.17782834821635        0.39193109316176
H           -0.66677407834159       -0.56945768479585        1.30559938599335
H           -0.60094499849485       -1.64369645913023       -0.09742563078400
H           -0.07768272263912        1.36266765853630       -0.09798324292845
H           -0.12029101739875        0.33637277219953       -1.56322362222548
H            2.86168386633245        0.06823198130192        1.11308074202900
