----------------------------------------------- 
  Element       SASA      Sigma Z        Total  
     Z         Ang**2 cal/Ang**2/mol   kcal/mol 
----------------------------------------------- 
      H         95.107      48.690       4.631
      C         71.544     129.740       9.282
      O         59.739       0.000       0.000
      Cl        28.831       9.820       0.283

 Subtotal:     255.221                  14.196
 -----------------------------------------------

  Elements    COT*SASA   Sigma Z,Z'     Total   
    Z,Z'       Ang**2  cal/Ang**2/mol kcal/mol  
 ---------------------------------------------- 
  H   C         57.434     -60.770      -3.490
  H   O          7.002       0.000       0.000
  C   C         65.126     -72.950      -4.751
  O   C         25.093      68.690       1.724
  O   O          0.000       0.000       0.000

 Subtotal:                              -6.518
 ---------------------------------------------- 

 NONAQUEOUS SOLVENT CONTRIBUTION (kcal/mol):
 (proportional to SASA, atomic number independent)
 ---------------------------------------------- 
 Subtotal:                               0.000
 ---------------------------------------------- 

 CDS TOTAL (kcal/mol):                   7.678
...............................................................................
