23
 energy: -23.160889059330 gnorm: 0.023663387850 xtb: 6.7.1 (edcfbbe)
C            3.24097396612679       -0.78470030367314        0.32108170234305
C            1.97530183603135       -0.41331032317004       -0.44592916525383
C            1.01902374911403        0.45539366782095        0.37189107308816
C           -0.27423603060701        0.82111893586006       -0.38506455782690
C           -1.56812452417639        0.34100585115131        0.28582832724707
C           -2.78528193559890        0.89903594275577       -0.45255407657231
C           -1.63774864314068       -1.18613222824216        0.33941041913640
H            3.79128650056631        0.11298174178570        0.62574317637692
H            2.99735008005436       -1.34963620836732        1.22817869838084
H            3.91331823362173       -1.39955493996831       -0.28636851368014
H            1.44852151380556       -1.32436468004186       -0.76064640716539
H            2.24394592683229        0.12146642956421       -1.36649638068483
H            0.77043663903413       -0.07462089768070        1.30116199151527
H            1.54731340818625        1.36628076887529        0.67986281524081
H           -0.33458182294789        1.90765734721022       -0.52167024146462
H           -0.24059764754536        0.38889577146255       -1.39627212628471
H           -1.57968585678036        0.72515036267701        1.31653149200791
H           -3.72035703774299        0.57462279611270        0.01642218200770
H           -2.77391351557575        1.99413756293222       -0.46836165030091
H           -2.79207504058848        0.54795030323829       -1.49174270365721
H           -2.54651393554361       -1.51916440408118        0.85374536334159
H           -0.78064222208920       -1.61993524961221        0.86570111126396
H           -1.65498624809948       -1.60156189946619       -0.67643837765495
23
 energy: -23.161702032829 gnorm: 0.007429969243 xtb: 6.7.1 (edcfbbe)
C            3.22733690582785       -0.77761468720248        0.32283192083057
C            1.96682375241605       -0.41337026068904       -0.44916824862308
C            1.01693690381772        0.45526240182001        0.37454721672285
C           -0.26870443813779        0.81204858424358       -0.39099924457009
C           -1.55881431286655        0.33725562612071        0.28984741547351
C           -2.77288746763887        0.89453332462647       -0.45040634863757
C           -1.63894045908524       -1.18636985759568        0.33322827408164
H            3.77089324617543        0.11926291170085        0.62043851213918
H            2.98038319289487       -1.33922456445121        1.22394218113519
H            3.88988627776011       -1.38943926585500       -0.28813740108412
H            1.44892492569522       -1.32914011707447       -0.75108859164298
H            2.24438470976459        0.12192076920989       -1.36280638039788
H            0.76586188746897       -0.07142902937251        1.29984622163932
H            1.54128521159715        1.36915870711302        0.66819838619560
H           -0.32721544597638        1.89628492918220       -0.51785421559668
H           -0.22891829868448        0.37779268160445       -1.39566103432756
H           -1.57262833817232        0.72041804073410        1.31842640851376
H           -3.69796280183301        0.57098438882944        0.02515895612938
H           -2.75788072681169        1.98381707257919       -0.45935151489105
H           -2.78266627115271        0.54595375090964       -1.48384103137795
H           -2.54532900514182       -1.50754917666304        0.84610972551410
H           -0.78627595750830       -1.61267740268441        0.85856116408763
H           -1.65576609747212       -1.59516247994251       -0.67780821990989
23
 energy: -23.161778089062 gnorm: 0.001457009835 xtb: 6.7.1 (edcfbbe)
C            3.22590312885877       -0.77685383379628        0.32551332907155
C            1.96506838769300       -0.41531432019382       -0.44849903785652
C            1.01672759157591        0.45718544786577        0.37197131399453
C           -0.26889599098768        0.81131760858781       -0.39382043478786
C           -1.55694058735614        0.33445148690222        0.28795922195809
C           -2.77215621293987        0.89622821020814       -0.44743502991214
C           -1.63760230562316       -1.18911303963920        0.33024264705106
H            3.76456449187177        0.12137064574076        0.61922810271947
H            2.97534107994941       -1.33391963200243        1.22558447471853
H            3.88613351948687       -1.38893559856091       -0.28414310192464
H            1.44736266825182       -1.33078826645497       -0.74386691098818
H            2.24268219517660        0.11867734411846       -1.36047315062017
H            0.76711745297517       -0.06625767363133        1.29680683369776
H            1.54237491721379        1.37059110931064        0.65819104414835
H           -0.33009773216405        1.89383936940212       -0.52126102216579
H           -0.22873800212018        0.37285816233025       -1.39344530143093
H           -1.56678301945829        0.71631882218087        1.31548080683752
H           -3.69282106867606        0.57195698637590        0.03170343294062
H           -2.75335725488096        1.98356653699111       -0.45330828486934
H           -2.78178007994366        0.54830221617337       -1.47822024497973
H           -2.54357493904111       -1.50585817126070        0.84177931848759
H           -0.78636760902454       -1.61480289598912        0.85402140761364
H           -1.65543323790073       -1.59210416751550       -0.67999526229949
23
 energy: -23.161795201989 gnorm: 0.001129391492 xtb: 6.7.1 (edcfbbe)
C            3.22533057879912       -0.77638010148885        0.32880700765712
C            1.96390169610208       -0.41796619886486       -0.44845334023699
C            1.01748967507449        0.46009687905208        0.36932324389806
C           -0.26900259670218        0.81059726439414       -0.39738478117346
C           -1.55517510882624        0.33363416314897        0.28823841110326
C           -2.77303305307111        0.89748131876009       -0.44307716174822
C           -1.63675445874812       -1.19082217682476        0.32620842710196
H            3.76244972930541        0.12371388203826        0.61880784750442
H            2.97308277703918       -1.32940188817740        1.23068145225708
H            3.88568465036333       -1.39066501226044       -0.27805189962291
H            1.44523401760232       -1.33404397781915       -0.73839483061787
H            2.24144320834712        0.11126193157992       -1.36269883584671
H            0.76840642986280       -0.05773377346580        1.29711374024136
H            1.54432296731492        1.37449622535076        0.64898994216097
H           -0.33227069657657        1.89242535336829       -0.52681506229581
H           -0.22884075442976        0.36953073134001       -1.39538770992799
H           -1.56107623514744        0.71284628685828        1.31666831789825
H           -3.69218512175169        0.57323341395966        0.03865330277313
H           -2.75165309930814        1.98459273888833       -0.44610485519552
H           -2.78519068785503        0.55154887431440       -1.47429985820762
H           -2.54279169142053       -1.50741974758574        0.83744317323237
H           -0.78548044568811       -1.61759994643788        0.84890298354149
H           -1.65516438734918       -1.59070989298511       -0.68515536309246
23
 energy: -23.161808468283 gnorm: 0.000940466487 xtb: 6.7.1 (edcfbbe)
C            3.22543527788573       -0.77608294238099        0.33120825218303
C            1.96314691481855       -0.42090619752516       -0.44709838911810
C            1.01847993558174        0.46334882184316        0.36655931325627
C           -0.26949225891440        0.81043006695101       -0.39976600839815
C           -1.55436042003619        0.33248012503990        0.28773214797755
C           -2.77419837907559        0.89927143181854       -0.43878700004256
C           -1.63630012717825       -1.19241866155465        0.32258291786380
H            3.76230585330990        0.12573003118123        0.61729349114281
H            2.97325908068351       -1.32543507624128        1.23565224108104
H            3.88620066570137       -1.39286149061624       -0.27309518274174
H            1.44326351897907       -1.33822793391030       -0.73129224307702
H            2.24061771701999        0.10244535233696       -1.36492834660645
H            0.77026680816914       -0.04822339416347        1.29841264216544
H            1.54677624003828        1.37912246744495        0.63944529975970
H           -0.33443190103965        1.89205240748118       -0.53156121905550
H           -0.22903179135029        0.36751654099871       -1.39720483739726
H           -1.55740974792102        0.70874240052331        1.31731625692772
H           -3.69263333818991        0.57485134709092        0.04458744738548
H           -2.75172871437506        1.98663382657976       -0.43955742725194
H           -2.78950190160077        0.55553470918808       -1.47103258556705
H           -2.54291070716048       -1.51060104970567        0.83256939698490
H           -0.78502363666875       -1.62052007630316        0.84500487156796
H           -1.65400169574023       -1.59016635893361       -0.69002688763598
23
 energy: -23.161819693075 gnorm: 0.000531545273 xtb: 6.7.1 (edcfbbe)
C            3.22464296721369       -0.77548710802538        0.33348610620149
C            1.96161387709083       -0.42447541997999       -0.44500313719757
C            1.01937117064901        0.46648221598215        0.36384376429857
C           -0.26983669060522        0.81031213582323       -0.40185734568737
C           -1.55335966084401        0.33128905145134        0.28711302637873
C           -2.77462008011010        0.90045368590908       -0.43464202322801
C           -1.63524259311789       -1.19345322419948        0.31826542109875
H            3.76201276210594        0.12763302916245        0.61467153661191
H            2.97428972477600       -1.32074024610461        1.24094946789769
H            3.88495392617201       -1.39491197547984       -0.26867782418221
H            1.44030475706746       -1.34322916404941       -0.72225167736159
H            2.23830609767261        0.09225822309739       -1.36699365174007
H            0.77248147162774       -0.03810111791334        1.30003980401949
H            1.54953258893580        1.38352487412357        0.62903813164449
H           -0.33675002019687        1.89177017447318       -0.53477794285327
H           -0.22929321261733        0.36669955456102       -1.39913432607129
H           -1.55407723005049        0.70477166110602        1.31776936464577
H           -3.69199885798589        0.57558890845725        0.05048848119489
H           -2.75167805563745        1.98783268826408       -0.43279729155561
H           -2.79347230254333        0.55950689524993       -1.46784311425888
H           -2.54226641261333       -1.51319038367500        0.82662275406999
H           -0.78435806036299       -1.62230765661550        0.84078168325361
H           -1.65182877368951       -1.58951045447495       -0.69507705577554
23
 energy: -23.161829086086 gnorm: 0.000267437094 xtb: 6.7.1 (edcfbbe)
C            3.22309204402635       -0.77529953725628        0.33547924979448
C            1.95911291929840       -0.42871904746642       -0.44266781805923
C            1.02006597552486        0.46987059614927        0.36124571793541
C           -0.26991476313283        0.81165156932118       -0.40371106018627
C           -1.55202114309972        0.33007345837312        0.28608268259172
C           -2.77488672862730        0.90108012654373       -0.43085021325109
C           -1.63295826467442       -1.19448919442263        0.31407579749877
H            3.76116867862814        0.12935985749873        0.61051450311670
H            2.97452547788713       -1.31513977861820        1.24671408130468
H            3.88246158671917       -1.39835107679703       -0.26408383693032
H            1.43611633541200       -1.34890323633973       -0.71205348949377
H            2.23469802887712        0.08050536334211       -1.36925428565160
H            0.77378847267232       -0.02728702489853        1.30159403758847
H            1.55274441325944        1.38765433513213        0.61874942797916
H           -0.33863416133917        1.89308409862500       -0.53616957598827
H           -0.22918563307695        0.36848502274068       -1.40118072950482
H           -1.55076197058991        0.70097042402130        1.31768932281574
H           -3.69095737866585        0.57494520255147        0.05597250289753
H           -2.75219802138375        1.98847366242124       -0.42622727704640
H           -2.79678110031563        0.56291736199296       -1.46484764034283
H           -2.54006020771779       -1.51617790113552        0.82105573276889
H           -0.78198272832620       -1.62377828774915        0.83603838072023
H           -1.64870443841874       -1.58820964688623       -0.70015135915321
23
 energy: -23.161837656504 gnorm: 0.000473117669 xtb: 6.7.1 (edcfbbe)
C            3.22092556165858       -0.77580549956794        0.33763870260263
C            1.95587348678972       -0.43360295347833       -0.44029732369580
C            1.02101416310871        0.47366765791998        0.35850980120787
C           -0.27004018560924        0.81418309634119       -0.40512737541939
C           -1.55064380851358        0.32952641887138        0.28535126396839
C           -2.77554777287764        0.90092074766358       -0.42737465676549
C           -1.62921597342860       -1.19508062696409        0.30927946188751
H            3.76061268766596        0.13022292259253        0.60513585911906
H            2.97399573794981       -1.30882948498463        1.25339722959652
H            3.87865684880350       -1.40382325555779       -0.25859098159843
H            1.43031585444184       -1.35495385766458       -0.70080300516331
H            2.23000688049088        0.06741452242276       -1.37188098451441
H            0.77544546896098       -0.01564977040309        1.30320750374065
H            1.55748889578301        1.39156917538287        0.60785664388910
H           -0.34111491628828        1.89573227220740       -0.53546119046359
H           -0.22925754866449        0.37311180101002       -1.40357639546660
H           -1.54781700564021        0.69782374786118        1.31796736076824
H           -3.69018720652548        0.57274928955232        0.06084883319642
H           -2.75399541122150        1.98832987816737       -0.41992267008472
H           -2.79990442957035        0.56557640206866       -1.46224647475389
H           -2.53558757905567       -1.51936131294867        0.81588936324681
H           -0.77745398163285       -1.62427966024725        0.83000999217159
H           -1.64484237368844       -1.58672516310168       -0.70579680606518
23
 energy: -23.161847833106 gnorm: 0.000546832486 xtb: 6.7.1 (edcfbbe)
C            3.21670253178980       -0.77756908740609        0.34070585642380
C            1.95015116610561       -0.44070529881830       -0.43705407923385
C            1.02244358177083        0.48016188433938        0.35476819274987
C           -0.27001686842736        0.81969419844975       -0.40674740962707
C           -1.54806256936723        0.32847238391679        0.28400494968995
C           -2.77624737471937        0.89994479916026       -0.42288377678576
C           -1.62278451806334       -1.19631473061187        0.30276273512420
H            3.75957566720443        0.13006180511363        0.59622251066493
H            2.97122720940284       -1.29939219002862        1.26334281068016
H            3.87100588913538       -1.41410616181126       -0.25026613058420
H            1.42058712783632       -1.36332574036892       -0.68452519574640
H            2.22288266459915        0.04787696610268       -1.37569607596154
H            0.77779877795686        0.00297765670017        1.30602529084880
H            1.56482338252557        1.39805971590351        0.59146170025763
H           -0.34442714650946        1.90158959962383       -0.53253483280801
H           -0.22886216887731        0.38264989281252       -1.40691618681626
H           -1.54385735748477        0.69269396298641        1.31803774245063
H           -3.68853819460232        0.56794102769663        0.06713708275701
H           -2.75714009758729        1.98736927491171       -0.41128617310264
H           -2.80325969444435        0.56847348948757       -1.45887273083220
H           -2.52747079393854       -1.52506363924211        0.80954134499692
H           -0.76889067749877       -1.62475136580528        0.82055016870637
H           -1.63891314387005       -1.58402209596918       -0.71376364244832
23
 energy: -23.161855887962 gnorm: 0.000733682177 xtb: 6.7.1 (edcfbbe)
C            3.21027955527069       -0.78161056369229        0.34507026728790
C            1.94178672404274       -0.45027747042173       -0.43214305722742
C            1.02494754803925        0.49045815390716        0.34923306480652
C           -0.27041048404969        0.82820553216374       -0.40812801753103
C           -1.54479118081609        0.32745837738352        0.28260565505651
C           -2.77775269617712        0.89769880874279       -0.41711428506838
C           -1.61213131135278       -1.19781055745593        0.29311815756522
H            3.75913616929298        0.12742477887351        0.58285694711193
H            2.96586939313358       -1.28629141934765        1.27767989495791
H            3.85848678900628       -1.43179345852019       -0.23798545258236
H            1.40527349512403       -1.37358412899118       -0.66142216176583
H            2.21276907724909        0.02072683772032       -1.38031735227391
H            0.78243523200788        0.03118056912244        1.30999630349885
H            1.57639395957668        1.40783365031521        0.56711079280569
H           -0.35046265276590        1.91059413624805       -0.52608760730326
H           -0.22866187900841        0.39835407847068       -1.41139080037002
H           -1.53919300147550        0.68599222039541        1.31868252987238
H           -3.68689250511783        0.55968906230842        0.07473170953440
H           -2.76257842654225        1.98514870173605       -0.39981825008336
H           -2.80736972457672        0.57152519994413       -1.45469713823121
H           -2.51365803157485       -1.53301108178688        0.80132199967780
H           -0.75459854879040       -1.62484155615831        0.80609918606375
H           -1.63015010755905       -1.58035352381409       -0.72538823439805
23
 energy: -23.161858690994 gnorm: 0.000256563940 xtb: 6.7.1 (edcfbbe)
C            3.20763527865375       -0.78359637514153        0.34604744632124
C            1.93903017003951       -0.45185178961672       -0.43107027578088
C            1.02579946439753        0.49373004413620        0.34821126293948
C           -0.27029644895076        0.83158323340365       -0.40783266865601
C           -1.54352975871076        0.32714539502200        0.28234388628554
C           -2.77766823485855        0.89610659000022       -0.41646968338531
C           -1.60897626731039       -1.19822548667926        0.29125373882359
H            3.75956751867250        0.12443176665390        0.57936019463378
H            2.96315608919913       -1.28370191823581        1.28075122051077
H            3.85311112751154       -1.43789844223214       -0.23498185538528
H            1.40011467638871       -1.37429311393232       -0.65670320078898
H            2.21002608650007        0.01523785117963       -1.38082508125420
H            0.78444742051792        0.03923617623184        1.31128599332434
H            1.57962597157644        1.41059871847463        0.56080589145014
H           -0.35200761491986        1.91415854830387       -0.52286830622057
H           -0.22837649066871        0.40439422861598       -1.41219437350154
H           -1.53854417144425        0.68433214637091        1.31885010577102
H           -3.68612714676087        0.55614745673165        0.07520185172648
H           -2.76419679542448        1.98352920406407       -0.39790723623864
H           -2.80705675892252        0.57104780299756       -1.45439322136471
H           -2.50927128424436       -1.53561043699392        0.80024447749969
H           -0.75005287480438       -1.62430284895554        0.80259877796869
H           -1.62768256350058       -1.57948240325569       -0.72769479327464
23
 energy: -23.161861180967 gnorm: 0.000315918125 xtb: 6.7.1 (edcfbbe)
C            3.20591330023111       -0.78559906638479        0.34581773849478
C            1.93754637111350       -0.45152219514695       -0.43087156847754
C            1.02648109667143        0.49574780730333        0.34859869178935
C           -0.27027532312468        0.83362495998658       -0.40629982673314
C           -1.54326558021389        0.32704175422985        0.28259338778234
C           -2.77733489928268        0.89462235740923       -0.41753773352660
C           -1.60689370352570       -1.19837561631059        0.29118433433314
H            3.76045777604151        0.12123445766177        0.57700630896384
H            2.96069722217376       -1.28335395580124        1.28138026095012
H            3.84883583681439       -1.44257398742077       -0.23479572934968
H            1.39714038816239       -1.37298389505264       -0.65608841188807
H            2.20919771710306        0.01484574214243       -1.38056511346959
H            0.78595107068520        0.04313585194140        1.31250225242863
H            1.58116892107217        1.41238970449201        0.55874537337707
H           -0.35302748295808        1.91632810226866       -0.51870255133262
H           -0.22800921366097        0.40883681591777       -1.41160666059624
H           -1.53978163357549        0.68399475153866        1.31914282631248
H           -3.68585627905345        0.55334214816243        0.07297821706677
H           -2.76526413159506        1.98201628469216       -0.39884816012017
H           -2.80494076903232        0.56960143147658       -1.45547290008380
H           -2.50650110184181       -1.53647867304067        0.80076827540322
H           -0.74729992881308       -1.62375171417502        0.80186426866548
H           -1.62621226045471       -1.57940671874704       -0.72777912858577
23
 energy: -23.161863582239 gnorm: 0.000293904838 xtb: 6.7.1 (edcfbbe)
C            3.20420883644208       -0.78798853636415        0.34520405411222
C            1.93581637084425       -0.45130939096513       -0.43058389342118
C            1.02704614116547        0.49790095138563        0.34930202741308
C           -0.27031565303727        0.83657248679170       -0.40429400773924
C           -1.54299383768790        0.32704560678586        0.28303013225263
C           -2.77685287500611        0.89256675891294       -0.41919995827942
C           -1.60472239929675       -1.19843960457718        0.29142408920821
H            3.76197920692820        0.11752188447087        0.57409452682569
H            2.95856044164929       -1.28330811152544        1.28197843800387
H            3.84417841550462       -1.44804785811436       -0.23520653888627
H            1.39339611534004       -1.37170864071709       -0.65569774813302
H            2.20789892737123        0.01476715328671       -1.38039428637689
H            0.78743581554621        0.04702260085157        1.31429139404044
H            1.58317845738189        1.41425031026855        0.55703523830005
H           -0.35434363831239        1.91952560438549       -0.51339405422808
H           -0.22761491229332        0.41482474994427       -1.41084542486075
H           -1.54170655460879        0.68390668191861        1.31964432686470
H           -3.68574695350962        0.54981873280527        0.06961092168707
H           -2.76648467713519        1.97996212789783       -0.40038497517619
H           -2.80198899151484        0.56767342062945       -1.45726595507629
H           -2.50377755569840       -1.53763980197142        0.80131136610274
H           -0.74450570346668       -1.62270235281552        0.80187380136253
H           -1.62391758366943       -1.57949842614132       -0.72751932259192
23
 energy: -23.161865314749 gnorm: 0.000201745943 xtb: 6.7.1 (edcfbbe)
C            3.20261953843696       -0.79012383415389        0.34442484829169
C            1.93424703012730       -0.45124683212042       -0.43038654987678
C            1.02745299881816        0.49959743690808        0.35004306357629
C           -0.27029929445423        0.83913402158245       -0.40245348411914
C           -1.54298370631576        0.32728732553001        0.28317201391425
C           -2.77679969979644        0.89097404022644       -0.42081813792384
C           -1.60228647577042       -1.19831441576345        0.29187880876114
H            3.76273266434266        0.11428405748684        0.57189511448697
H            2.95687879884395       -1.28402004838384        1.28194594394304
H            3.84048245774607       -1.45221049239080       -0.23597505454614
H            1.39026207648955       -1.37077486233202       -0.65549458597321
H            2.20648387244118        0.01461447955993       -1.38038555376915
H            0.78824244682952        0.04975125035888        1.31567464569535
H            1.58506947665379        1.41537410505782        0.55658504651074
H           -0.35519555412686        1.92233373801506       -0.50845163289802
H           -0.22714090917556        0.42029861447036       -1.41021591577513
H           -1.54360133665751        0.68419206922101        1.31978635750940
H           -3.68598534773441        0.54675821918996        0.06645441671679
H           -2.76823290848038        1.97841417353877       -0.40213893279020
H           -2.79967130670650        0.56592332045868       -1.45890516144899
H           -2.50128458214746       -1.53851081368600        0.80126846341076
H           -0.74189391757707       -1.62137090827304        0.80310971655812
H           -1.62036892884996       -1.57964829735767       -0.72699927884993
23
 energy: -23.161866605358 gnorm: 0.000113457244 xtb: 6.7.1 (edcfbbe)
C            3.20131644056436       -0.79181830431926        0.34362952022329
C            1.93283393251024       -0.45139079385007       -0.43016172313506
C            1.02754025754146        0.50065284353845        0.35065062991283
C           -0.27028180132049        0.84153874334717       -0.40099316567504
C           -1.54285965330851        0.32772105685458        0.28337730634909
C           -2.77663528886242        0.88952253755731       -0.42217394824821
C           -1.60015802480495       -1.19797034699674        0.29224649342334
H            3.76281043928781        0.11194913795437        0.57043791230639
H            2.95553173715851       -1.28516310097994        1.28150065485133
H            3.83784016963460       -1.45498949515078       -0.23711803310572
H            1.38755178283808       -1.37028592211529       -0.65491044737922
H            2.20500331227091        0.01414959128591       -1.38040957299691
H            0.78846401218566        0.05142634492567        1.31667669316789
H            1.58641547793989        1.41589318403640        0.55650043725532
H           -0.35564853278563        1.92496000482640       -0.50455346544112
H           -0.22683510337590        0.42501686216443       -1.40970959636474
H           -1.54509895338227        0.68479834336241        1.31994248368386
H           -3.68588362929556        0.54410056564974        0.06414742987213
H           -2.76962533172770        1.97698375489554       -0.40366395141122
H           -2.79791387200278        0.56427734180110       -1.46026184426642
H           -2.49954622316524       -1.53922509599193        0.80026872985807
H           -0.74009630055316       -1.61971351018852        0.80512296054841
H           -1.61599745441033       -1.57971739546381       -0.72653135202429
23
 energy: -23.161867785847 gnorm: 0.000119854001 xtb: 6.7.1 (edcfbbe)
C            3.19973898906165       -0.79347164840893        0.34283047010020
C            1.93104371320486       -0.45180081753728       -0.43002236319449
C            1.02776496737995        0.50178620262682        0.35131087178467
C           -0.27013912595619        0.84399953276153       -0.39954284784776
C           -1.54267462012361        0.32822906704397        0.28342597766516
C           -2.77656356587806        0.88803756854778       -0.42346103042658
C           -1.59766501375540       -1.19750966755926        0.29263886303955
H            3.76231343549736        0.10966345467112        0.56954113758623
H            2.95434460673807       -1.28695687517791        1.28075349724818
H            3.83525001713604       -1.45701982825022       -0.23859680542471
H            1.38436163338906       -1.37008967706512       -0.65400521549089
H            2.20288730137360        0.01314606388447       -1.38069320681472
H            0.78879543346492        0.05319159384655        1.31771019829622
H            1.58810771245504        1.41637568272624        0.55648278670748
H           -0.35589410618253        1.92765392953164       -0.50046674479045
H           -0.22654221026864        0.42997808230923       -1.40929667203297
H           -1.54660980782829        0.68545210805350        1.31994040388738
H           -3.68581649818116        0.54147891779301        0.06203845413640
H           -2.77116926840945        1.97550952665056       -0.40537351355827
H           -2.79633187072251        0.56240538739254       -1.46144446950685
H           -2.49801326106974       -1.53995152340924        0.79816179976286
H           -0.73849254900276       -1.61783882803647        0.80815981656053
H           -1.60996851938563       -1.57955190525142       -0.72607725628319
23
 energy: -23.161868661654 gnorm: 0.000127249022 xtb: 6.7.1 (edcfbbe)
C            3.19811243271687       -0.79546022207976        0.34193125621550
C            1.92910672364364       -0.45229963306229       -0.42964870323315
C            1.02789332861536        0.50315889967624        0.35175533710721
C           -0.27017880341767        0.84687532533842       -0.39802117590904
C           -1.54244251597757        0.32875473571680        0.28367341126461
C           -2.77642540371767        0.88642978992793       -0.42472585675956
C           -1.59487956612727       -1.19707716502942        0.29290025890593
H            3.76134180031144        0.10719513478375        0.56882214376166
H            2.95300750469168       -1.28935558825583        1.27970483716696
H            3.83282925852636       -1.45904856584277       -0.24033663660417
H            1.38094741781129       -1.36991361930296       -0.65242147723285
H            2.20064016487986        0.01151513202455       -1.38093759789047
H            0.78910798461082        0.05575950900787        1.31875998660095
H            1.58985970030534        1.41701190257514        0.55572123869202
H           -0.35643462170308        1.93076675658131       -0.49604390235677
H           -0.22629820996036        0.43553326420611       -1.40885408635454
H           -1.54807331688419        0.68606500821889        1.32016970529673
H           -3.68558820784605        0.53882979490927        0.06016448504232
H           -2.77263697089258        1.97391763522894       -0.40724579096424
H           -2.79483760620013        0.56016803963181       -1.46253471412877
H           -2.49662913075981       -1.54083687791121        0.79499749525244
H           -0.73710026095690       -1.61589664883196        0.81194876548086
H           -1.60259430873282       -1.57937626036768       -0.72576482794965
23
 energy: -23.161869038273 gnorm: 0.000113201273 xtb: 6.7.1 (edcfbbe)
C            3.19655663721354       -0.79695154171788        0.34149071311034
C            1.92727705165770       -0.45302223867841       -0.42931943554341
C            1.02836787414341        0.50466889743293        0.35200444671104
C           -0.27004425184386        0.84916871465491       -0.39680307550464
C           -1.54208627489712        0.32899251276250        0.28371230302428
C           -2.77635185149340        0.88510771203791       -0.42542416266787
C           -1.59261158539068       -1.19689129810299        0.29272897640173
H            3.76051411302421        0.10535637378248        0.56824322956686
H            2.95174160153032       -1.29102795595707        1.27928378839473
H            3.83045543857041       -1.46077397827983       -0.24147206211090
H            1.37758499781668       -1.37011707555905       -0.65050608161448
H            2.19855982897328        0.00943618708261       -1.38133547318426
H            0.78999947902032        0.05900376727177        1.31992177865013
H            1.59184236277376        1.41809117444876        0.55393016673259
H           -0.35699581207687        1.93322579735211       -0.49239470720597
H           -0.22605239683996        0.44014947095496       -1.40857427882192
H           -1.54897382138899        0.68609820390476        1.32026001000404
H           -3.68541710137698        0.53684382386111        0.05920388484501
H           -2.77360690884656        1.97260919951110       -0.40843039854673
H           -2.79393188041149        0.55836756602430       -1.46309973427128
H           -2.49554422247021       -1.54180504013512        0.79191888602170
H           -0.73601802429509       -1.61460442060845        0.81461435816332
H           -1.59653786045582       -1.57920950490029       -0.72593898075033
23
 energy: -23.161869180336 gnorm: 0.000067700659 xtb: 6.7.1 (edcfbbe)
C            3.19581018111725       -0.79773936906979        0.34148823938739
C            1.92640144773571       -0.45345096955550       -0.42901478343616
C            1.02856594487442        0.50565942679394        0.35178962951505
C           -0.27013585794211        0.85021968847570       -0.39648755589174
C           -1.54186093358398        0.32893887942037        0.28378716786215
C           -2.77626598052727        0.88460016295089       -0.42546698347071
C           -1.59152070378097       -1.19696267604442        0.29242586890519
H            3.76003286030814        0.10441320692361        0.56805412142730
H            2.95120878186870       -1.29165968547363        1.27940172650403
H            3.82947288203130       -1.46171135814885       -0.24152573267657
H            1.37601831944361       -1.37031461905395       -0.64923618968263
H            2.19757170406912        0.00799797581927       -1.38154299409722
H            0.79062498760391        0.06132148510306        1.32039701221791
H            1.59278578755621        1.41891536878765        0.55221431481784
H           -0.35760135110516        1.93434317668528       -0.49088968644469
H           -0.22601620789069        0.44228670390190       -1.40869895070052
H           -1.54916743024076        0.68571200308923        1.32045499905918
H           -3.68521462840686        0.53620572824383        0.05925536258587
H           -2.77384220735945        1.97210184590683       -0.40873241385543
H           -2.79381430425018        0.55763279474201       -1.46306485034811
H           -2.49493615575320       -1.54239173272009        0.79036582920355
H           -0.73541981503529       -1.61435436557411        0.81536057237168
H           -1.59396992779588       -1.57904732406009       -0.72632055184939
23
 energy: -23.161869192588 gnorm: 0.000109584606 xtb: 6.7.1 (edcfbbe)
C            3.19506372502097       -0.79852719642170        0.34148576566444
C            1.92552584381373       -0.45387970043259       -0.42871013132892
C            1.02876401560542        0.50664995615495        0.35157481231907
C           -0.27022746404037        0.85127066229649       -0.39617203627884
C           -1.54163559227084        0.32888524607823        0.28386203270001
C           -2.77618010956114        0.88409261386387       -0.42550980427354
C           -1.59042982217126       -1.19703405398585        0.29212276140865
H            3.75955160759207        0.10347004006474        0.56786501328774
H            2.95067596220709       -1.29229141499020        1.27951966461334
H            3.82849032549219       -1.46264873801787       -0.24157940324225
H            1.37445164107055       -1.37051216254885       -0.64796629775079
H            2.19658357916495        0.00655976455593       -1.38175051501019
H            0.79125049618751        0.06363920293436        1.32087224578568
H            1.59372921233865        1.41973956312654        0.55049846290309
H           -0.35820689013346        1.93546055601846       -0.48938466568341
H           -0.22598001894142        0.44442393684884       -1.40882362257912
H           -1.54936103909252        0.68532580227369        1.32064998811433
H           -3.68501215543674        0.53556763262654        0.05930684032673
H           -2.77407750587234        1.97159449230257       -0.40903442916412
H           -2.79369672808887        0.55689802345972       -1.46302996642493
H           -2.49432808903619       -1.54297842530506        0.78881277238540
H           -0.73482160577548       -1.61410431053977        0.81610678658004
H           -1.59140199513594       -1.57888514321990       -0.72670212294844
