----------------------------------------------- 
  Element       SASA      Sigma Z        Total  
     Z         Ang**2 cal/Ang**2/mol   kcal/mol 
----------------------------------------------- 
      H        139.810      48.690       6.807
      C         37.479     129.740       4.862
      O         29.156       0.000       0.000

 Subtotal:     206.444                  11.670
 -----------------------------------------------

  Elements    COT*SASA   Sigma Z,Z'     Total   
    Z,Z'       Ang**2  cal/Ang**2/mol kcal/mol  
 ---------------------------------------------- 
  H   C         94.238     -60.770      -5.727
  H   O          0.000       0.000       0.000
  C   C         28.092     -72.950      -2.049
  O   C         16.771      68.690       1.152
  O   O          0.000       0.000       0.000

 Subtotal:                              -6.624
 ---------------------------------------------- 

 NONAQUEOUS SOLVENT CONTRIBUTION (kcal/mol):
 (proportional to SASA, atomic number independent)
 ---------------------------------------------- 
 Subtotal:                               0.000
 ---------------------------------------------- 

 CDS TOTAL (kcal/mol):                   5.046
...............................................................................
