23
 energy: -23.153921686129 gnorm: 0.018757858561 xtb: 6.7.1 (edcfbbe)
C            2.48348770612578        0.80405471578181        0.03074021498531
C            1.69985441314687       -0.24412038491342       -0.75711812457572
C            0.81853886394251       -1.14466096791542        0.11967107563338
C           -0.19686996288156       -0.45902206521315        1.04807533741891
C           -1.44225978154199        0.20044930371462        0.42503712013171
C           -1.15321218764315        1.49768074353799       -0.33570830403846
C           -2.23288758322777       -0.77120196383228       -0.45254620698018
H            3.07597478012995        0.33359040480784        0.82423670346557
H            3.17008698983805        1.35227017530996       -0.62212660116309
H            1.82135159274845        1.53699128804646        0.50164050938177
H            2.40949327605607       -0.88892672405397       -1.28953472684638
H            1.10170688736830        0.24780509527170       -1.52989789002042
H            0.29823354438265       -1.86715822815776       -0.52107895989205
H            1.48750364975735       -1.73774223695426        0.75793768520967
H           -0.55764597031649       -1.22731633974545        1.74363372558116
H            0.32010868645956        0.28471442562056        1.66693404235199
H           -2.08540209103419        0.46985688654790        1.27528227890614
H           -2.08968757748861        2.00379129802832       -0.59377908639055
H           -0.55309977611349        2.18857651501746        0.26541666078538
H           -0.61841841415741        1.30844308725694       -1.27015630769710
H           -2.46584018023482       -1.69561933826135        0.08645353657046
H           -1.67378448584396       -1.03771701294719       -1.35579152899731
H           -3.17772442082543       -0.32003426339193       -0.77306778740016
23
 energy: -23.154585478100 gnorm: 0.006190532781 xtb: 6.7.1 (edcfbbe)
C            2.48536103521393        0.79817835478046        0.03256750832649
C            1.69902831720406       -0.24269110393522       -0.75315470672921
C            0.81884852775024       -1.13933342120798        0.12170643989074
C           -0.19523728174248       -0.45245317871691        1.04366904592339
C           -1.44341422164749        0.19975487578140        0.42337599172175
C           -1.15816708085229        1.49386791311184       -0.33571648231370
C           -2.22605407302372       -0.77040779945449       -0.45792626318602
H            3.07240731352923        0.32302275369575        0.81895050233459
H            3.16692760540804        1.33491784098739       -0.62630569407547
H            1.82248902633232        1.52803947157343        0.49343660045435
H            2.40709992477412       -0.89057398207720       -1.27977788203901
H            1.09926846311972        0.25428971302044       -1.51721508701325
H            0.29607436814250       -1.85134161584348       -0.52223646205717
H            1.48448710324531       -1.72612295842397        0.76450357058496
H           -0.55535838287296       -1.22270973294663        1.73412497147364
H            0.32123510092286        0.29438487154483        1.65221187069353
H           -2.08670211444348        0.46592894006510        1.27335758503153
H           -2.09487963450651        1.99343791745848       -0.58299991051985
H           -0.56175459906080        2.17581313670472        0.26885030224690
H           -0.62868111595410        1.30434902020642       -1.26636390862369
H           -2.45012759448813       -1.68875296516997        0.08395958315138
H           -1.66510167995197       -1.02696151357471       -1.35581355260350
H           -3.16824104845172       -0.31993212402432       -0.76895065625238
23
 energy: -23.154667332994 gnorm: 0.001271923836 xtb: 6.7.1 (edcfbbe)
C            2.48996257384333        0.79409922711650        0.03295346127951
C            1.69808081936039       -0.24305627040408       -0.75262358072108
C            0.81655585038824       -1.13699616313152        0.12251324422786
C           -0.19495823437005       -0.44752248254226        1.04446987496610
C           -1.44440246213742        0.19953135510747        0.42217656682515
C           -1.16399201176762        1.49603711197401       -0.33397825719090
C           -2.22092452779219       -0.77331498290083       -0.46171681880142
H            3.07262360209307        0.31534770699386        0.81692114425362
H            3.17218505565133        1.32411875591258       -0.62752132301810
H            1.83009219609896        1.52541184716867        0.49039548356455
H            2.40172853649924       -0.89360172251243       -1.27995382952919
H            1.09782449887197        0.25776904890330       -1.51168688826905
H            0.29319560606592       -1.84628744468837       -0.52091153656158
H            1.48053519957098       -1.72084184963054        0.76709493062178
H           -0.55310683557404       -1.21569688014827        1.73668474475819
H            0.32038234687574        0.30339971989949        1.64569958799192
H           -2.08928069246071        0.46073688682788        1.27197179764505
H           -2.10185250597829        1.99205487374342       -0.57560939489724
H           -0.56795894006597        2.17488109897645        0.27083600038641
H           -0.63891033578336        1.30674824376712       -1.26448265003389
H           -2.43720343299943       -1.69268743055979        0.07762008137038
H           -1.65740285290387       -1.01933792599023       -1.35801155839423
H           -3.16366549483947       -0.32608831032705       -0.76858771405383
23
 energy: -23.154717336793 gnorm: 0.002669768036 xtb: 6.7.1 (edcfbbe)
C            2.49741134781005        0.78792835874640        0.03252687182933
C            1.69506775845842       -0.24324934983399       -0.75287007346249
C            0.81442477580810       -1.13507926657610        0.12570971887776
C           -0.19487069332147       -0.44021055072175        1.04662032531813
C           -1.44780098527832        0.19921821833056        0.42271057666131
C           -1.17263808456109        1.49907998507198       -0.33097715792206
C           -2.21398314734017       -0.77716607998747       -0.46790614342821
H            3.07513591503998        0.30360250021409        0.81544811024058
H            3.18316510384627        1.31010064896406       -0.62953851836229
H            1.84342523886942        1.52435069271619        0.48837762752328
H            2.39196354611763       -0.89631148620225       -1.28499802292330
H            1.09314630552099        0.26377941126867       -1.50566681972785
H            0.28889391216464       -1.84320316069977       -0.51554883624458
H            1.47802840374963       -1.71765265016213        0.77059594477818
H           -0.54911079686486       -1.20357163763166        1.74521304151672
H            0.32051810136779        0.31673514333282        1.63859532736333
H           -2.09713211815666        0.45374168870871        1.27107708763491
H           -2.11251909450972        1.99294941455433       -0.56619078502627
H           -0.57562134734548        2.17580893125811        0.27391270255325
H           -0.65171841546791        1.31211988507757       -1.26359887223587
H           -2.41818543191190       -1.70159170003593        0.06606727417727
H           -1.64702123355194       -1.00884512249853       -1.36496473293029
H           -3.16107110179661       -0.33782946033854       -0.77034127979089
23
 energy: -23.154756930163 gnorm: 0.002279295243 xtb: 6.7.1 (edcfbbe)
C            2.50246868063759        0.78304497796119        0.03146338097185
C            1.69150136366014       -0.24315453736129       -0.75287021727291
C            0.81248801208787       -1.13377006518074        0.12890752234756
C           -0.19505124385136       -0.43510890592292        1.04926227571165
C           -1.44984596423711        0.19838067786100        0.42253248887890
C           -1.17843555242096        1.50130276024333       -0.32830215069035
C           -2.20843007394911       -0.78022145530079       -0.47285213474075
H            3.07718675344838        0.29455410539599        0.81445825203826
H            3.19190420243131        1.29999703148000       -0.63133139534228
H            1.85429677810114        1.52487216896766        0.48785565665139
H            2.38286486060776       -0.89697219255656       -1.29138627204997
H            1.08684982942092        0.26886800598325       -1.50026825599025
H            0.28544354101409       -1.84334495895381       -0.50970102208939
H            1.47727666893649       -1.71535436854433        0.77358747220920
H           -0.54587173857122       -1.19385663459063        1.75475856570849
H            0.32094233178438        0.32704624457179        1.63431286580818
H           -2.10343754460973        0.44816583932230        1.26895998565068
H           -2.11950218216000        1.99528012588015       -0.55974863896672
H           -0.57971973892117        2.17724052439232        0.27636315117262
H           -0.65983935036849        1.31712427806547       -1.26328967932881
H           -2.40296108668730       -1.71029825111223        0.05562768950665
H           -1.64016965340748       -1.00075114310431       -1.37233518648607
H           -3.16045093429933       -0.34833981394144       -0.77175098727796
23
 energy: -23.154797351977 gnorm: 0.001162419459 xtb: 6.7.1 (edcfbbe)
C            2.50976077650255        0.77514918678241        0.02919991905166
C            1.68570751251394       -0.24286685521806       -0.75243691503127
C            0.81036637867893       -1.13161801962866        0.13468567108894
C           -0.19557000164955       -0.42738785433657        1.05248075772205
C           -1.45307444123685        0.19715860046564        0.42193935003559
C           -1.18713560768466        1.50434877833111       -0.32403154338704
C           -2.19943167730655       -0.78437545517040       -0.48054354845354
H            3.08085793611899        0.28105470683099        0.81217314164078
H            3.20433621874329        1.28450803490980       -0.63481152707057
H            1.87127471690137        1.52539200763032        0.48722835044754
H            2.36832613402589       -0.89763734527943       -1.30134378351352
H            1.07629871163935        0.27609758041605       -1.49158153617962
H            0.28180825825832       -1.84474992314070       -0.49938609332376
H            1.47740988409139       -1.71094092821892        0.77970898449180
H           -0.54174994263402       -1.17929781612772        1.76794517496244
H            0.32068786012806        0.34219846555306        1.62830428734283
H           -2.11333696650518        0.43976585042383        1.26527229772784
H           -2.12980928951286        1.99864112537207       -0.55014520392955
H           -0.58646018778646        2.17920732654819        0.28083309730687
H           -0.67148898015103        1.32603726028426       -1.26262159318000
H           -2.37903741248859       -1.72307660161599        0.03922394798821
H           -1.63085941482701       -0.98841462427708       -1.38452844157021
H           -3.15937250717244       -0.36448908697882       -0.77331142774756
23
 energy: -23.154817619644 gnorm: 0.000949215994 xtb: 6.7.1 (edcfbbe)
C            2.51772772981379        0.76696363165595        0.02585716690872
C            1.68093342900726       -0.24289637415783       -0.75160805531778
C            0.80888239115870       -1.12865809966833        0.14104692920279
C           -0.19655107239702       -0.42008187798610        1.05535757934153
C           -1.45595633794546        0.19595413833580        0.42024933546176
C           -1.19686289450111        1.50794398746495       -0.31947658826594
C           -2.19059548244107       -0.78799742374905       -0.48836735934875
H            3.08658345553785        0.26786229493953        0.80787430460081
H            3.21596810197612        1.26927738088808       -0.64006178239182
H            1.88908588440443        1.52461925489259        0.48636020077862
H            2.35458005073493       -0.89922992941588       -1.31007197899252
H            1.06700281344516        0.28198328547360       -1.48299344366155
H            0.28028773863359       -1.84682741418803       -0.48795796054027
H            1.47811071872416       -1.70393536370019        0.78800475498183
H           -0.53942069402416       -1.16641893823498        1.77842486029965
H            0.31885215268047        0.35575910871597        1.62407461829178
H           -2.12239901351978        0.43098023285357        1.26080502727165
H           -2.14159043982374        2.00096630387761       -0.54113302269575
H           -0.59653144674395        2.18221688972379        0.28697884866353
H           -0.68271238562191        1.33720651362376       -1.26076472428600
H           -2.35576945227333       -1.73411141532911        0.02327390699762
H           -1.62234869110167       -0.97677606902261       -1.39623942530853
H           -3.15776859707632       -0.38009570343771       -0.77537982557149
23
 energy: -23.154826132076 gnorm: 0.000573793278 xtb: 6.7.1 (edcfbbe)
C            2.52100750238890        0.76450057727668        0.02391181670051
C            1.68041895607172       -0.24323306013136       -0.75128697042789
C            0.80933391912628       -1.12744087816628        0.14352945123529
C           -0.19746546196306       -0.41816883466385        1.05555873110537
C           -1.45735453072339        0.19601468298039        0.41964440257890
C           -1.20066727400774        1.50952434822727       -0.31776239813931
C           -2.18821375510169       -0.78863614531281       -0.49079155893767
H            3.09121542244217        0.26423154677075        0.80410073084923
H            3.21826497345049        1.26564125738288       -0.64368054684835
H            1.89522646644041        1.52292109399327        0.48648251900448
H            2.35120350858697       -0.90099092127785       -1.31122617456395
H            1.06563457028027        0.28262011600377       -1.48106923609290
H            0.28188910732517       -1.84797423663687       -0.48365654970340
H            1.47914472547465       -1.70004343266094        0.79229899354715
H           -0.54056998705058       -1.16422562342410        1.77852160967500
H            0.31666351875416        0.35839132699831        1.62418588604533
H           -2.12520924891619        0.42838831321493        1.25976924159222
H           -2.14660267900926        1.99980239160329       -0.53991199609944
H           -0.60360072592581        2.18467659488336        0.29081493982498
H           -0.68457787979701        1.34220612254835       -1.25844230077152
H           -2.35037450544019       -1.73558177272596        0.01927726898810
H           -1.61951377401654       -0.97424816766756       -1.39864678013101
H           -3.15634488974275       -0.38367088566028       -0.77736771301126
23
 energy: -23.154835190429 gnorm: 0.000396637854 xtb: 6.7.1 (edcfbbe)
C            2.52522831563996        0.76185646537784        0.02090542775474
C            1.67978033477259       -0.24399931720507       -0.75113638252365
C            0.80977666962418       -1.12582289734614        0.14694645732639
C           -0.19889599736652       -0.41621008336906        1.05658243351774
C           -1.45898732339597        0.19602282718490        0.41884399982639
C           -1.20531013400985        1.51168034647119       -0.31546641826141
C           -2.18559727797294       -0.78926005057709       -0.49421646205117
H            3.09950616850007        0.25984928002458        0.79676032505988
H            3.21896800521098        1.26315752644004       -0.64993196753507
H            1.90255319471333        1.51962328641908        0.48806586827681
H            2.34709861293722       -0.90395628222413       -1.31247440027233
H            1.06373757758893        0.28288001781463       -1.47899667187811
H            0.28428054321360       -1.84987334073921       -0.47755140511739
H            1.48049012450109       -1.69389493446582        0.79854549783168
H           -0.54262641868524       -1.16270837137834        1.77871024328213
H            0.31352581987787        0.36115762459789        1.62551731197911
H           -2.12855101879246        0.42511785008068        1.25847621258647
H           -2.15284239850764        1.99673379784471       -0.54147791307511
H           -0.61542881313988        2.18889052719084        0.29756099087638
H           -0.68341217536070        1.34860544201240       -1.25335662292425
H           -2.34504401294749       -1.73713525191392        0.01445959517404
H           -1.61441199755123       -0.97120393590745       -1.40104953528457
H           -3.15432984020291       -0.38680611277715       -0.78146321814884
23
 energy: -23.154843132614 gnorm: 0.000520048904 xtb: 6.7.1 (edcfbbe)
C            2.53043558535907        0.75832952969154        0.01652236189022
C            1.67790329769891       -0.24529659330081       -0.75090789901794
C            0.81033143041926       -1.12442139147273        0.15219961345293
C           -0.20070480435617       -0.41301926963702        1.05811147246592
C           -1.46164025200255        0.19603025091195        0.41858375151080
C           -1.21101932132893        1.51458498641952       -0.31160078695303
C           -2.18103995990060       -0.79036965674218       -0.49938217962300
H            3.11139133994142        0.25376169337763        0.78569619912978
H            3.21838483275078        1.26119326610139       -0.65908453479407
H            1.91187890703959        1.51463358505667        0.49135616456343
H            2.34056738463227       -0.90752665167236       -1.31500315096746
H            1.05989377304418        0.28299058931806       -1.47600766520251
H            0.28657064770601       -1.85304239462715       -0.46829486540649
H            1.48269170142463       -1.68702673925738        0.80676596152429
H           -0.54439161162524       -1.15875365859306        1.78107684492049
H            0.30977794276112        0.36614530487982        1.62629975425592
H           -2.13465466752246        0.42053293151074        1.25684128983831
H           -2.16050551988222        1.99222997881852       -0.54507287921886
H           -0.63207046964362        2.19531003705108        0.30803064188095
H           -0.67947981044369        1.35733047667837       -1.24505513300813
H           -2.33798918717539       -1.74008100948869        0.00641467794948
H           -1.60629166900259       -0.96745552651260       -1.40481760953752
H           -3.15053161124676       -0.39137532495591       -0.78841866323368
23
 energy: -23.154848891977 gnorm: 0.000462603635 xtb: 6.7.1 (edcfbbe)
C            2.53546831533479        0.75388050366523        0.01132243228000
C            1.67507680005934       -0.24733508661497       -0.75068352179671
C            0.81005402446183       -1.12266243491765        0.15847647487965
C           -0.20216837157846       -0.40882127500338        1.06125823077112
C           -1.46372718553353        0.19512216211065        0.41777774677755
C           -1.21768275432458        1.51783223391462       -0.30666899398536
C           -2.17473512693010       -0.79169092390129       -0.50629135951071
H            3.12480029497849        0.24656715650267        0.77232670281781
H            3.21600366227057        1.25940675649311       -0.66985724702504
H            1.92166227452147        1.50811412567781        0.49566139582090
H            2.33232254375899       -0.91179311353074       -1.31852404645298
H            1.05429103352454        0.28260845722270       -1.47213638443617
H            0.28759677507957       -1.85643862693105       -0.45702302536802
H            1.48423038532402       -1.67948479154668        0.81601107577179
H           -0.54467432244385       -1.15214041122746        1.78737900537636
H            0.30683844149780        0.37380469888615        1.62620134750731
H           -2.14155818331910        0.41353732290492        1.25375710229913
H           -2.16907331764492        1.98711769771171       -0.54978572984865
H           -0.65217747506418        2.20245686255036        0.32125002949894
H           -0.67386871513528        1.36800837040188       -1.23435394161048
H           -2.32863102222855       -1.74387333961172       -0.00411025035036
H           -1.59525620776682       -0.96260570595501       -1.40988798652814
H           -3.14528391019499       -0.39690622524646       -0.79784569046816
23
 energy: -23.154851641007 gnorm: 0.000250049006 xtb: 6.7.1 (edcfbbe)
C            2.53642566170561        0.75208268943940        0.00865914364315
C            1.67314353018740       -0.24888439226335       -0.75033184352920
C            0.80962676246086       -1.12266586232701        0.16164307873237
C           -0.20256970025505       -0.40636495596648        1.06257599057263
C           -1.46478986244620        0.19470409803087        0.41771925286004
C           -1.22018594527790        1.51937211643988       -0.30363378381713
C           -2.17055179432780       -0.79250735437075       -0.50993062019812
H            3.13009485678405        0.24410096497887        0.76581314291653
H            3.21305593287153        1.25962838419999       -0.67500065743427
H            1.92440075835298        1.50496599442784        0.49748123913856
H            2.32831783808055       -0.91420978090225       -1.31953716460759
H            1.05095312958284        0.28114673087987       -1.47056615150558
H            0.28701210885546       -1.85837428885655       -0.45144844259303
H            1.48463676507213       -1.67753065618333        0.82002937899331
H           -0.54373116746989       -1.14723043909298        1.79187248920186
H            0.30618951230766        0.37875749436112        1.62438237875553
H           -2.14543611513591        0.40978425692946        1.25225771904487
H           -2.17203692048494        1.98479286376837       -0.55212956727746
H           -0.66151202742670        2.20573007810822        0.32835710956444
H           -0.67008228015084        1.37334393387388       -1.22815677499255
H           -2.32356701764183       -1.74628905098937       -0.00999493326704
H           -1.58843435149362       -0.96023324835730       -1.41265104656779
H           -3.14145171550336       -0.39941516257299       -0.80315657121378
23
 energy: -23.154852273475 gnorm: 0.000518166888 xtb: 6.7.1 (edcfbbe)
C            2.53738300807644        0.75028487521357        0.00599585500630
C            1.67121026031547       -0.25043369791174       -0.74998016526169
C            0.80919950045990       -1.12266928973637        0.16480968258509
C           -0.20297102893163       -0.40390863692959        1.06389375037414
C           -1.46585253935888        0.19428603395109        0.41766075894254
C           -1.22268913623122        1.52091199896513       -0.30059857364889
C           -2.16636846172550       -0.79332378484021       -0.51356988088554
H            3.13538941858961        0.24163477345508        0.75929958301524
H            3.21010820347250        1.25985001190688       -0.68014406784350
H            1.92713924218450        1.50181786317786        0.49930108245622
H            2.32431313240211       -0.91662644827377       -1.32055028276219
H            1.04761522564113        0.27968500453704       -1.46899591857499
H            0.28642744263134       -1.86030995078206       -0.44587385981805
H            1.48504314482025       -1.67557652081999        0.82404768221483
H           -0.54278801249593       -1.14232046695850        1.79636597302737
H            0.30554058311752        0.38371028983609        1.62256341000375
H           -2.14931404695271        0.40603119095400        1.25075833579061
H           -2.17500052332497        1.98246802982503       -0.55447340470626
H           -0.67084657978921        2.20900329366609        0.33546418962994
H           -0.66629584516640        1.37867949734589       -1.22195960837462
H           -2.31850301305512       -1.74870476236701       -0.01587961618373
H           -1.58161249522042       -0.95786079075959       -1.41541410660743
H           -3.13761952081173       -0.40192409989952       -0.80846745195940
23
 energy: -23.154853929104 gnorm: 0.000227202908 xtb: 6.7.1 (edcfbbe)
C            2.53531583269848        0.75118795759611        0.00606584581452
C            1.67136368597082       -0.25113981838218       -0.75015473867353
C            0.80907106315880       -1.12316821447555        0.16464560855942
C           -0.20233812472967       -0.40426640422311        1.06435462239369
C           -1.46501960780067        0.19400041049984        0.41773248609345
C           -1.22166851349509        1.52063538197759       -0.30045755256436
C           -2.16613457622500       -0.79277362847544       -0.51370443678862
H            3.13311264712846        0.24405547091315        0.76046551642317
H            3.20802566768578        1.26108578980120       -0.67980136505558
H            1.92362968174033        1.50239983266942        0.49793014580753
H            2.32593597038227       -0.91703769314546       -1.31932520718935
H            1.04802401799853        0.27745136240095       -1.47050557690666
H            0.28577594259831       -1.86012017385680       -0.44636963748073
H            1.48456592809795       -1.67699451199640        0.82344624756462
H           -0.54206844434309       -1.14207240105580        1.79732838970247
H            0.30674534203242        0.38331634086297        1.62231640089575
H           -2.14854161144595        0.40590108821261        1.25063464782562
H           -2.17371015972887        1.98275231582639       -0.55426213482008
H           -0.66965439195363        2.20823531126129        0.33584727505861
H           -0.66524501312609        1.37829763797953       -1.22170037635929
H           -2.31959444968070       -1.74754077542181       -0.01569102018321
H           -1.58126919094537       -0.95865928045017       -1.41494408845354
H           -3.13681373737098       -0.40084158496292       -0.80959768524414
23
 energy: -23.154855615451 gnorm: 0.000269619486 xtb: 6.7.1 (edcfbbe)
C            2.53198700088449        0.75317761863761        0.00587848028656
C            1.67181944863847       -0.25249194746081       -0.75015079807786
C            0.80892460747988       -1.12431981831678        0.16430641571325
C           -0.20172083655420       -0.40514060960043        1.06448847076064
C           -1.46397335297492        0.19386478003571        0.41767810421995
C           -1.21984523692155        1.52063252138986       -0.30008836070075
C           -2.16588950553939       -0.79217140397777       -0.51367551275650
H            3.12902103360787        0.24888364307789        0.76275760852968
H            3.20522038001609        1.26282741245147       -0.67962868014358
H            1.91763571936064        1.50424092972832        0.49454142709167
H            2.32900368600341       -0.91837328240633       -1.31636006568746
H            1.04896370034943        0.27312738557195       -1.47312149868306
H            0.28525016724694       -1.86069562165736       -0.44708378240003
H            1.48406865577139       -1.67879949898527        0.82294929239647
H           -0.54172095832002       -1.14263807599245        1.79741729051707
H            0.30788146895114        0.38212855087907        1.62212564977185
H           -2.14733554498809        0.40587480021747        1.25060962938553
H           -2.17168635097713        1.98338889118359       -0.55362748808856
H           -0.66744583302866        2.20766498203790        0.33657470474069
H           -0.66343739104588        1.37802791948636       -1.22128246198566
H           -2.32101359201097       -1.74637569035297       -0.01527995868581
H           -1.58050540255474       -0.95916694511054       -1.41429995837755
H           -3.13569390474717       -0.39896212728107       -0.81047514140681
23
 energy: -23.154857389749 gnorm: 0.000282993334 xtb: 6.7.1 (edcfbbe)
C            2.52773372289720        0.75596544302332        0.00536858624173
C            1.67240937285461       -0.25420275479712       -0.75029033818648
C            0.80919847039700       -1.12582689791185        0.16418560786698
C           -0.20123737142439       -0.40663241499141        1.06457083163771
C           -1.46296605327813        0.19389993616563        0.41803064322444
C           -1.21741924098139        1.52047367798071       -0.29957600860314
C           -2.16576975084965       -0.79116929801269       -0.51372550468600
H            3.12329806098118        0.25560741854808        0.76608869892995
H            3.20220916823027        1.26460320931014       -0.67961758401102
H            1.91000556781912        1.50740803142495        0.48921639360776
H            2.33305178042562       -0.92007980144783       -1.31261725312792
H            1.05015951732037        0.26763011609810       -1.47670529178094
H            0.28542170083347       -1.86186757816301       -0.44749237936287
H            1.48405393824989       -1.68070764857419        0.82277984042032
H           -0.54198168531819       -1.14441269894384        1.79680218745745
H            0.30886490205175        0.37986113761280        1.62271605252358
H           -2.14603482232971        0.40644402814420        1.25107380472895
H           -2.16872802822166        1.98432993015712       -0.55302011582289
H           -0.66436160721745        2.20679103313729        0.33730720431334
H           -0.66098783696229        1.37743065361928       -1.22068862395774
H           -2.32263622117482       -1.74491968446181       -0.01505387957580
H           -1.58001401719898       -0.95939587800854       -1.41384607791904
H           -3.13476160845681       -0.39652554635391       -0.81125342749864
23
 energy: -23.154859086286 gnorm: 0.000224679792 xtb: 6.7.1 (edcfbbe)
C            2.52388995519345        0.75876797819754        0.00439087398688
C            1.67270195756507       -0.25576720106693       -0.75027358479020
C            0.80959022364914       -1.12731626663140        0.16439601490510
C           -0.20105191623529       -0.40819996240668        1.06467738509864
C           -1.46203518440622        0.19394069638145        0.41817432046442
C           -1.21487686268750        1.52049039715993       -0.29889127707221
C           -2.16569660786827       -0.79031247741502       -0.51387861488793
H            3.11756283890322        0.26226585537957        0.76916275557702
H            3.19995884171326        1.26583362757320       -0.68018735249865
H            1.90315782631825        1.51100966881013        0.48313832369343
H            2.33634332740070       -0.92158826784210       -1.30916877866163
H            1.05091286762498        0.26244392474844       -1.47975150210881
H            0.28612772961422       -1.86379076185054       -0.44706941510408
H            1.48459571102658       -1.68161953826204        0.82330730444882
H           -0.54281438517166       -1.14670309042458        1.79576821103742
H            0.30922058113815        0.37722547239296        1.62420535939760
H           -2.14501844997222        0.40690065103536        1.25121856893194
H           -2.16571326967447        1.98501297527101       -0.55290429698841
H           -0.66181986955570        2.20641548415963        0.33850582051026
H           -0.65785202926865        1.37715311210614       -1.21962701172014
H           -2.32385840321602       -1.74400627431156       -0.01546305448435
H           -1.57972477050737       -0.95897956529027       -1.41377079926678
H           -3.13409215293666       -0.39447202415882       -0.81170588404859
23
 energy: -23.154860635409 gnorm: 0.000148614072 xtb: 6.7.1 (edcfbbe)
C            2.52077379895515        0.76087859609772        0.00318567867085
C            1.67254539797640       -0.25697948361032       -0.75037823116836
C            0.81012689125033       -1.12826972639025        0.16515611716122
C           -0.20122628638582       -0.40961011750690        1.06506330547712
C           -1.46134547166453        0.19394863597017        0.41835661330202
C           -1.21283677210749        1.52049688210991       -0.29819464904432
C           -2.16518689106121       -0.78957759133166       -0.51442427668516
H            3.11281996718591        0.26750881736622        0.77126148510952
H            3.19832246643263        1.26607776098002       -0.68131837234039
H            1.89812020195233        1.51427542587229        0.47764209265208
H            2.33808196090243       -0.92275630334640       -1.30709303950381
H            1.05061703613647        0.25845149489865       -1.48173628340388
H            0.28725098644977       -1.86574576113348       -0.44563227012613
H            1.48563334930475       -1.68136612191638        0.82457115698830
H           -0.54400233425304       -1.14894493936615        1.79497590360261
H            0.30894744386570        0.37491162360749        1.62611626832955
H           -2.14454629013465        0.40714658229902        1.25121077215247
H           -2.16319851867429        1.98525037767869       -0.55361329861496
H           -0.66065279764861        2.20624404614542        0.34018023975892
H           -0.65436647413934        1.37728644833445       -1.21810590321397
H           -2.32384748905082       -1.74353144764326       -0.01654553413543
H           -1.57910725010591       -0.95793600944327       -1.41440073210061
H           -3.13341496653917       -0.39305477611653       -0.81202367644791
23
 energy: -23.154862026424 gnorm: 0.000148950643 xtb: 6.7.1 (edcfbbe)
C            2.51896156897917        0.76203187872763        0.00173376378257
C            1.67176198004024       -0.25778264144578       -0.75034401372079
C            0.81049463131046       -1.12892320839363        0.16635448299775
C           -0.20142719386714       -0.41022001638936        1.06564149663857
C           -1.46094780223786        0.19383012471361        0.41832976257436
C           -1.21162926295477        1.52071880196065       -0.29724585289358
C           -2.16429402545542       -0.78916363225879       -0.51543060733015
H            3.11015356347780        0.27056298858200        0.77168178556992
H            3.19728293754522        1.26588420889803       -0.68300914346553
H            1.89551096890686        1.51629267134909        0.47370623814088
H            2.33797671825511       -0.92354387259994       -1.30619557562621
H            1.04929843735069        0.25593830022961       -1.48243026556327
H            0.28828506996097       -1.86784091778787       -0.44331433433967
H            1.48675397200369       -1.68033897628701        0.82640085852823
H           -0.54498532846473       -1.15007806216557        1.79474128309435
H            0.30849903347301        0.37377423038466        1.62782084220919
H           -2.14477976901046        0.40684734484867        1.25072157668034
H           -2.16170327867302        1.98482750194830       -0.55490052243540
H           -0.66150435897348        2.20674130308330        0.34260508991496
H           -0.65085453357173        1.37823506166102       -1.21584548583254
H           -2.32272486826805       -1.74363257735099       -0.01842296415453
H           -1.57797053190608       -0.95664665457559       -1.41539109610178
H           -3.13264996927350       -0.39280944357661       -0.81295395224795
23
 energy: -23.154863315686 gnorm: 0.000161873919 xtb: 6.7.1 (edcfbbe)
C            2.51804500373911        0.76228650934961        0.00031715393287
C            1.67090499728301       -0.25851991198412       -0.75038762319922
C            0.81073746653323       -1.12910791036407        0.16780832470049
C           -0.20181968667791       -0.41034760010283        1.06634988278707
C           -1.46086528803844        0.19374111983522        0.41824099830697
C           -1.21135576484219        1.52120833945168       -0.29620501632566
C           -2.16285756310226       -0.78907372604036       -0.51670419386912
H            3.10936278046790        0.27178445778793        0.77076013742806
H            3.19625410569553        1.26537542250437       -0.68510180855263
H            1.89463729472276        1.51706662998667        0.47149090009544
H            2.33692174373948       -0.92436818932250       -1.30632768359491
H            1.04762697114634        0.25427823783408       -1.48236178888085
H            0.28909291163034       -1.86945927867014       -0.44060278890343
H            1.48775398893041       -1.67884631114119        0.82846990085402
H           -0.54577276090954       -1.15015455199616        1.79538918945118
H            0.30781683314318        0.37368734371352        1.62879053846218
H           -2.14563351614349        0.40601983957645        1.25006303217134
H           -2.16133881309376        1.98409192907102       -0.55640368985071
H           -0.66401399658402        2.20773146189796        0.34547712948473
H           -0.64779621130376        1.37996227151489       -1.21326831788107
H           -2.32073377213929       -1.74415765605712       -0.02069836830033
H           -1.57601958912657       -0.95518306499942       -1.41659826019637
H           -3.13143917642309       -0.39331094829006       -0.81424428170036
23
 energy: -23.154864564180 gnorm: 0.000157538336 xtb: 6.7.1 (edcfbbe)
C            2.51770905350048        0.76206594969300       -0.00099982197968
C            1.66999619505903       -0.25921001629095       -0.75035025793315
C            0.81078216575071       -1.12920265090259        0.16924003635295
C           -0.20200931614808       -0.40987401730684        1.06705778437856
C           -1.46094876313060        0.19357050061359        0.41812787736165
C           -1.21175619617820        1.52176577413186       -0.29506773670211
C           -2.16123348122436       -0.78909271953347       -0.51821549454176
H            3.10980275958678        0.27202781501703        0.76912525815962
H            3.19524103848058        1.26490377150578       -0.68728086161195
H            1.89464640245196        1.51699601012121        0.47038711052313
H            2.33549938328508       -0.92535876040058       -1.30650947442577
H            1.04597094809542        0.25301033766608       -1.48205926386706
H            0.28950646474248       -1.87080830565735       -0.43796672105078
H            1.48837218434309       -1.67750781392897        0.83050780069199
H           -0.54604971888425       -1.14929750640734        1.79642618357054
H            0.30738843963554        0.37455972720763        1.62918504242981
H           -2.14673443105823        0.40481603143473        1.24936838815885
H           -2.16179451595282        1.98316870880800       -0.55766790465850
H           -0.66740541293556        2.20882594542532        0.34853132448906
H           -0.64538994215933        1.38206778959961       -1.21059672369192
H           -2.31835755952147       -1.74476430661565       -0.02310528695634
H           -1.57362724320651       -0.95378516861198       -1.41788204353308
H           -3.13010049588476       -0.39417268201269       -0.81600184874437
23
 energy: -23.154865540571 gnorm: 0.000103363096 xtb: 6.7.1 (edcfbbe)
C            2.51713930522692        0.76231327384149       -0.00178620154165
C            1.66988483293143       -0.26001750046897       -0.75023050166297
C            0.81071663158878       -1.12938143613806        0.17006567940116
C           -0.20203645287033       -0.40968637691826        1.06758018163021
C           -1.46088817396200        0.19343142257935        0.41804716508667
C           -1.21200315517304        1.52216395442413       -0.29429255215340
C           -2.16023826187882       -0.78903934160557       -0.51917300845971
H            3.10970083878737        0.27318932227382        0.76855908835050
H            3.19415714248243        1.26502435879822       -0.68865228891344
H            1.89369219818397        1.51721304300732        0.46914829553952
H            2.33573510757325       -0.92650419287095       -1.30562527997489
H            1.04573911483118        0.25125144429111       -1.48254466857723
H            0.28942509978583       -1.87125488049720       -0.43676508345343
H            1.48826616299430       -1.67741224733617        0.83162454725774
H           -0.54611063639347       -1.14870129491862        1.79723285546293
H            0.30726298598751        0.37505405391697        1.62918020197350
H           -2.14719803611546        0.40399348124037        1.24900227340906
H           -2.16214215527260        1.98341327016487       -0.55671869884677
H           -0.66801327640055        2.20899125873645        0.34988022772910
H           -0.64539497782135        1.38315025659674       -1.20974191178573
H           -2.31740532263650       -1.74488308675434       -0.02452400715423
H           -1.57184634140200       -0.95324515788321       -1.41834873066654
H           -3.12893467179986       -0.39435921092405       -0.81766421623071
23
 energy: -23.154866661176 gnorm: 0.000112419986 xtb: 6.7.1 (edcfbbe)
C            2.51647900330296        0.76251758264364       -0.00276916004809
C            1.66964691521095       -0.26105415722523       -0.75001734288499
C            0.81064557202628       -1.12975768189565        0.17107911864159
C           -0.20202943332882       -0.40921110894454        1.06797953540147
C           -1.46103275029569        0.19330981307979        0.41804331306379
C           -1.21245271198880        1.52272071768088       -0.29320199650328
C           -2.15882654499854       -0.78904603433119       -0.52043018780771
H            3.10977956085308        0.27445572274464        0.76767782833602
H            3.19278989051861        1.26518315885993       -0.69036279629670
H            1.89266239045358        1.51729832376875        0.46784763996513
H            2.33588312903818       -0.92800960450225       -1.30439893718374
H            1.04537005084147        0.24900717723848       -1.48311795053942
H            0.28927280211317       -1.87204162417365       -0.43517189218599
H            1.48825369691935       -1.67733180735923        0.83296104143962
H           -0.54598770520991       -1.14756620443607        1.79829302715711
H            0.30726348382945        0.37607331703198        1.62875856608257
H           -2.14817417075220        0.40275369629895        1.24859429739012
H           -2.16274782417581        1.98372319453104       -0.55546918692377
H           -0.66903589316953        2.20930201851694        0.35172450029776
H           -0.64543404444434        1.38471420729403       -1.20855680629416
H           -2.31615437078293       -1.74516245120870       -0.02637736384348
H           -1.56933440395270       -0.95255868848577       -1.41900757323842
H           -3.12732868336086       -0.39461515357135       -0.81982430760576
23
 energy: -23.154867720407 gnorm: 0.000097981301 xtb: 6.7.1 (edcfbbe)
C            2.51574496125223        0.76262338132967       -0.00383357788663
C            1.66923030640742       -0.26204434608611       -0.74991901463483
C            0.81057122870012       -1.12999941403019        0.17219918980138
C           -0.20205660007880       -0.40878797398991        1.06861312332122
C           -1.46103394031611        0.19308978429075        0.41796700619102
C           -1.21285883408705        1.52323681069493       -0.29207115045733
C           -2.15735833581804       -0.78905215362370       -0.52181812306879
H            3.10986562651075        0.27548702443744        0.76657129307435
H            3.19130722397201        1.26527992230042       -0.69217323255923
H            1.89172805287864        1.51730212771697        0.46666331696037
H            2.33570303319015       -0.92934208699799       -1.30360119609990
H            1.04467918792134        0.24698871933330       -1.48352111007377
H            0.28922501995559       -1.87294878753079       -0.43326146930471
H            1.48835684192838       -1.67684301019059        0.83446962742352
H           -0.54583646788119       -1.14644506469491        1.79975929409918
H            0.30728013381755        0.37710805221325        1.62855189846669
H           -2.14909215179379        0.40139138152538        1.24803026837704
H           -2.16323296900878        1.98392605175328       -0.55467458615471
H           -0.67031742795826        2.20965680713222        0.35376239510270
H           -0.64503276626903        1.38626443669577       -1.20709994881486
H           -2.31490535061672       -1.74549746494555       -0.02842630710137
H           -1.56676012116774       -0.95184633821801       -1.41981504472192
H           -3.12569869289170       -0.39484344556018       -0.82211928551979
23
 energy: -23.154868713319 gnorm: 0.000093027496 xtb: 6.7.1 (edcfbbe)
C            2.51513634598155        0.76270829736481       -0.00489270214226
C            1.66866397141081       -0.26282943787579       -0.74981462759703
C            0.81058796751115       -1.13023015912833        0.17336080747034
C           -0.20215191074480       -0.40843840345801        1.06916713027352
C           -1.46107535830486        0.19290057613506        0.41792261251087
C           -1.21308269592292        1.52364560033595       -0.29104541011820
C           -2.15601012016502       -0.78903646122003       -0.52310184590825
H            3.11001454007704        0.27630226690162        0.76539687913032
H            3.18997761859938        1.26534624171303       -0.69395882628033
H            1.89102362188791        1.51731364573684        0.46558993523614
H            2.33514833337724       -0.93038214924722       -1.30317186690710
H            1.04368238354125        0.24538496746644       -1.48363121432239
H            0.28937212336378       -1.87395082501410       -0.43125695912024
H            1.48867443954405       -1.67619154536340        0.83605011246301
H           -0.54583985275329       -1.14554627722992        1.80090016374851
H            0.30709329412674        0.37792816541228        1.62852651580179
H           -2.14998205782241        0.40025945664119        1.24751196578037
H           -2.16349619186302        1.98384379205411       -0.55435505076600
H           -0.67169099791754        2.21004719563519        0.35578165294608
H           -0.64418601275216        1.38763436529066       -1.20555963069908
H           -2.31369810763298       -1.74580001074419       -0.03038938023043
H           -1.56445661185828       -0.95114070979922       -1.42057720656562
H           -3.12419676303667       -0.39506417805152       -0.82419968828441
23
 energy: -23.154869740079 gnorm: 0.000089080994 xtb: 6.7.1 (edcfbbe)
C            2.51461186445555        0.76276354243357       -0.00597237716983
C            1.66801738265288       -0.26351486359012       -0.74973466270504
C            0.81064411018832       -1.13041514329826        0.17453699530405
C           -0.20231644397866       -0.40819120038764        1.06974784675589
C           -1.46110251109258        0.19273925833509        0.41785148319175
C           -1.21325007830123        1.52405397291858       -0.29010954905430
C           -2.15472188167377       -0.78902225222524       -0.52431724508078
H            3.11023728014347        0.27699293394347        0.76413811867452
H            3.18876080860104        1.26532979737215       -0.69576662119317
H            1.89052399893599        1.51734468298761        0.46458387041219
H            2.33435327703615       -0.93127886503627       -1.30301141617301
H            1.04247017795621        0.24399154391930       -1.48355921612539
H            0.28970388853789       -1.87508386012043       -0.42915580304472
H            1.48917399232781       -1.67527058056013        0.83768203418645
H           -0.54603840811399       -1.14492772981800        1.80183892290768
H            0.30676216875805        0.37853474453159        1.62876617437870
H           -2.15083992693917        0.39924085074085        1.24696393523327
H           -2.16367302166034        1.98361275861135       -0.55449959210728
H           -0.67331689321641        2.21056062716887        0.35782900347730
H           -0.64295312998027        1.38902799845942       -1.20389508241284
H           -2.31247473134599       -1.74611082459517       -0.03224849719126
H           -1.56226462094955       -0.95038896526124       -1.42133168945540
H           -3.12279934369445       -0.39528401297390       -0.82608326638912
23
 energy: -23.154870926237 gnorm: 0.000082356986 xtb: 6.7.1 (edcfbbe)
C            2.51406839445958        0.76281423902280       -0.00723436697714
C            1.66725263930091       -0.26421972205282       -0.74968361369062
C            0.81079987084533       -1.13058784780153        0.17591563800091
C           -0.20254547004499       -0.40798106438988        1.07038700675505
C           -1.46113484732817        0.19259296177259        0.41775511506710
C           -1.21338869634356        1.52452278201587       -0.28909012021193
C           -2.15334933465549       -0.78897363579216       -0.52565429555128
H            3.11049451058052        0.27769950055849        0.76267269762380
H            3.18748022816952        1.26523157640537       -0.69785814867833
H            1.89006444266246        1.51741285462153        0.46340641910560
H            2.33337429880395       -0.93220083482612       -1.30294822215863
H            1.04104009414029        0.24255128179638       -1.48344923672371
H            0.29027267296623       -1.87644450610836       -0.42666944487375
H            1.48986987910469       -1.67406276019872        0.83964594214203
H           -0.54646692274210       -1.14446022949963        1.80265084731622
H            0.30630019430238        0.37900044438257        1.62927717438557
H           -2.15175447017353        0.39824276907833        1.24634737929323
H           -2.16382401175147        1.98318561663331       -0.55499641181290
H           -0.67540655836595        2.21126845401763        0.36022664236510
H           -0.64123874765342        1.39064948414796       -1.20188201532353
H           -2.31105473290936       -1.74642780606098       -0.03428226439265
H           -1.55997431491165       -0.94951780891154       -1.42220807504868
H           -3.12137115980919       -0.39559133525564       -0.82807528019187
23
 energy: -23.154872270844 gnorm: 0.000078139909 xtb: 6.7.1 (edcfbbe)
C            2.51343980703317        0.76293066281197       -0.00872103046913
C            1.66641311495053       -0.26507002439613       -0.74960277555182
C            0.81094960153451       -1.13080518920578        0.17745321954731
C           -0.20286089463889       -0.40781963507075        1.07110684846566
C           -1.46115422354766        0.19247210006621        0.41762859988161
C           -1.21351695017343        1.52510509269268       -0.28794500413605
C           -2.15177694046476       -0.78890605136513       -0.52712815257939
H            3.11074839810392        0.27863115523750        0.76101428066200
H            3.18604910297730        1.26514178388818       -0.70027904774222
H            1.88950345380005        1.51757369649249        0.46193815699861
H            2.33229324253152       -0.93332852451902       -1.30281956784707
H            1.03941314461040        0.24076523437217       -1.48333221040790
H            0.29097340930029       -1.87810741578749       -0.42383462704637
H            1.49070936501052       -1.67257319447134        0.84187510348839
H           -0.54706553098226       -1.14409438993869        1.80345295342168
H            0.30566178099966        0.37939325288954        1.62998056956269
H           -2.15276995902605        0.39713987085100        1.24563743526357
H           -2.16395263620409        1.98262986947956       -0.55581579412123
H           -0.67800138595487        2.21219333643572        0.36305602230126
H           -0.63902142327961        1.39261462970303       -1.19945279003667
H           -2.30935015689491       -1.74680069775429       -0.03655592101545
H           -1.55740867496575       -0.94843936663287       -1.42320592248840
H           -3.11976768607261       -0.39594178222311       -0.83019697973149
23
 energy: -23.154873657129 gnorm: 0.000080859121 xtb: 6.7.1 (edcfbbe)
C            2.51263659084456        0.76308429099163       -0.01030706974705
C            1.66552716426898       -0.26599535311487       -0.74957628805177
C            0.81119016737417       -1.13103488850803        0.17914082696387
C           -0.20314496664727       -0.40763502175097        1.07187584975123
C           -1.46116238810495        0.19231852915249        0.41751346074721
C           -1.21358379545170        1.52568341660680       -0.28669801363248
C           -2.15015367873648       -0.78878732031981       -0.52871822783510
H            3.11085246742163        0.27976515455847        0.75934434409432
H            3.18441416499073        1.26502233962938       -0.70286890301617
H            1.88868756755476        1.51779327929654        0.46022967677625
H            2.33127963167890       -0.93455555747174       -1.30257699684842
H            1.03776923215036        0.23877073059250       -1.48340386757587
H            0.29175662048077       -1.87979639439084       -0.42080242176174
H            1.49159564752809       -1.67109485345709        0.84430501412883
H           -0.54770297133033       -1.14372089147865        1.80425763531756
H            0.30507980585237        0.37977295623946        1.63077451593990
H           -2.15382728667899        0.39601460527428        1.24489238597439
H           -2.16399504101623        1.98196580292838       -0.55678677708162
H           -0.68081175960237        2.21316667405017        0.36614767340447
H           -0.63646581985963        1.39465987232518       -1.19675082788372
H           -2.30753047129638       -1.74715377128528       -0.03899678420136
H           -1.55475496105156       -0.94723229129801       -1.42431193403555
H           -3.11814796172245       -0.39630689501452       -0.83242990500761
23
 energy: -23.154874928140 gnorm: 0.000083419708 xtb: 6.7.1 (edcfbbe)
C            2.51180429207499        0.76334667131612       -0.01181111010936
C            1.66478373894713       -0.26695355060837       -0.74947995903851
C            0.81130782514218       -1.13132901669447        0.18061512472389
C           -0.20342197854924       -0.40752233483149        1.07258472643069
C           -1.46113094046660        0.19220905386937        0.41741156802183
C           -1.21360408469924        1.52626320286399       -0.28552129062887
C           -2.14859600955866       -0.78867451124260       -0.53015684525211
H            3.11078260039916        0.28104809297236        0.75788463849033
H            3.18286689645317        1.26503701194295       -0.70525247028909
H            1.88771084636095        1.51809580385335        0.45846562505137
H            2.33052651306712       -0.93580218552163       -1.30213927606738
H            1.03637140903276        0.23666667181003       -1.48353155810702
H            0.29234588666931       -1.88141532492918       -0.41809544341553
H            1.49231393531820       -1.66982348652984        0.84643038268768
H           -0.54826018931931       -1.14337803182481        1.80507351448638
H            0.30454037390435        0.38009767083879        1.63142904551767
H           -2.15474937974960        0.39496442159822        1.24422509857754
H           -2.16397252198511        1.98138236438758       -0.55772036179097
H           -0.68341561930926        2.21411087046214        0.36905286126248
H           -0.63401696265029        1.39658931474281       -1.19418234333680
H           -2.30579871911389       -1.74749658276132       -0.04126792151114
H           -1.55229682010825       -0.94609093299166       -1.42532645701437
H           -3.11658313321288       -0.39662077916691       -0.83443418226917
23
 energy: -23.154876052389 gnorm: 0.000085391295 xtb: 6.7.1 (edcfbbe)
C            2.51090301753280        0.76361562591982       -0.01306831059288
C            1.66417871753672       -0.26785235059855       -0.74944441439021
C            0.81144138497959       -1.13160574425171        0.18188105592700
C           -0.20358819647085       -0.40739561657242        1.07319223579309
C           -1.46107851290408        0.19208861378266        0.41734663148991
C           -1.21356021187170        1.52672777626304       -0.28448242490356
C           -2.14726485279435       -0.78853815442792       -0.53140154583637
H            3.11051005528804        0.28237885993461        0.75680615497660
H            3.18137514428736        1.26504877236383       -0.70726117014631
H            1.88656910096484        1.51842781409661        0.45678615734251
H            2.33006484797445       -0.93697568231273       -1.30160031530547
H            1.03526272609541        0.23463053439518       -1.48385815551277
H            0.29281979764844       -1.88271200591486       -0.41584462193072
H            1.49289110488110       -1.66889216486902        0.84822072147847
H           -0.54865260989866       -1.14301924583668        1.80580945201166
H            0.30419659703023        0.38041614771722        1.63193777881568
H           -2.15553598553038        0.39402633007604        1.24365751002591
H           -2.16386763807130        1.98087642754157       -0.55850529020588
H           -0.68560656488626        2.21486734520254        0.37159128951271
H           -0.63182449249009        1.39821763838704       -1.19192169942300
H           -2.30431116292434       -1.74775602842592       -0.04323089823738
H           -1.55016684466799       -0.94503971135336       -1.42620070486670
H           -3.11524746306200       -0.39683076756154       -0.83615606960275
23
 energy: -23.154877067741 gnorm: 0.000086114612 xtb: 6.7.1 (edcfbbe)
C            2.50999644531938        0.76395878230869       -0.01416570635642
C            1.66372060524373       -0.26869610699592       -0.74937805402359
C            0.81150999461486       -1.13191980062791        0.18291941602123
C           -0.20369764505097       -0.40731670018768        1.07370915384245
C           -1.46099735894015        0.19198454205967        0.41730932429815
C           -1.21346507553736        1.52712594168883       -0.28355879717194
C           -2.14610817281091       -0.78840316883776       -0.53246374898651
H            3.11002934686201        0.28376247506870        0.75602390179579
H            3.18004408817851        1.26514740611121       -0.70894852685053
H            1.88529903799600        1.51881475680027        0.45512892491773
H            2.32989477113674       -0.93804293540737       -1.30091420776562
H            1.03447196085992        0.23268339017486       -1.48427296286698
H            0.29309982948505       -1.88381278828998       -0.41400159414729
H            1.49327000381498       -1.66828452593146        0.84968094654175
H           -0.54892330396498       -1.14268687588587        1.80650524040054
H            0.30399452997402        0.38067614091916        1.63228549091916
H           -2.15614408739330        0.39324319795440        1.24320478267100
H           -2.16370218848412        1.98048996009181       -0.55911749205490
H           -0.68737047238858        2.21548891910419        0.37377572840805
H           -0.62992710245528        1.39955988995751       -1.18996059579938
H           -2.30305852119461       -1.74795992228104       -0.04493093166990
H           -1.54835543704493       -0.94414263150452       -1.42695536523268
H           -3.11407328957300       -0.39696553273433       -0.83762156047055
23
 energy: -23.154878022258 gnorm: 0.000083922248 xtb: 6.7.1 (edcfbbe)
C            2.50902715752819        0.76434780321335       -0.01510139002643
C            1.66338136101914       -0.26952641894040       -0.74932854539016
C            0.81155478337993       -1.13223840981944        0.18378459355130
C           -0.20375437469618       -0.40726165774687        1.07415961111410
C           -1.46089323285205        0.19188940647424        0.41729929544814
C           -1.21330695435568        1.52746241078184       -0.28273112141669
C           -2.14508588799395       -0.78825608195920       -0.53337717505457
H            3.10936128669807        0.28525555811800        0.75554291426422
H            3.17876838406133        1.26526326337452       -0.71037450487331
H            1.88387683427898        1.51928094158053        0.45346261576089
H            2.32995109744399       -0.93909149293876       -1.30012606239386
H            1.03388625942590        0.23070939529575       -1.48480886342734
H            0.29328406504785       -1.88473464685196       -0.41249707579364
H            1.49355182797469       -1.66789433614187        0.85087128246136
H           -0.54909923973244       -1.14236796350365        1.80716027219216
H            0.30388572211246        0.38090498897079        1.63253326220657
H           -2.15664707442318        0.39252656079150        1.24283312731715
H           -2.16346723271809        1.98020028339275       -0.55957116288405
H           -0.68877365165148        2.21598025161603        0.37569129335507
H           -0.62824308012847        1.40070012783327       -1.18825353306177
H           -2.30198967117382       -1.74811435099202       -0.04642316781874
H           -1.54674817105611       -0.94332307951331       -1.42758987795838
H           -3.11301224954211       -0.39700813947963       -0.83890242115251
23
 energy: -23.154878961223 gnorm: 0.000080198225 xtb: 6.7.1 (edcfbbe)
C            2.50798153990466        0.76482118716077       -0.01599219091999
C            1.66309700397057       -0.27034829603554       -0.74925835454843
C            0.81158478476321       -1.13260779379836        0.18457273262171
C           -0.20376714419132       -0.40725171103827        1.07458221069039
C           -1.46075115560037        0.19178612288032        0.41729827186240
C           -1.21309368309902        1.52775978369851       -0.28194048079355
C           -2.14413876638772       -0.78808936318734       -0.53423251316510
H            3.10846523482697        0.28690005181817        0.75525973498559
H            3.17754021467268        1.26542220208903       -0.71167131256544
H            1.88226692654558        1.51984413351248        0.45166239689913
H            2.33019573821845       -0.94009821789599       -1.29919119891902
H            1.03345390326588        0.22869912161098       -1.48543955621105
H            0.29338806975671       -1.88560112372076       -0.41114766203029
H            1.49374389058898       -1.66768793889902        0.85195484090503
H           -0.54921410095567       -1.14210196291241        1.80778552072984
H            0.30387274710898        0.38106363916946        1.63274094133712
H           -2.15705033092918        0.39188154410875        1.24250010688724
H           -2.16316380615591        1.98000878135050       -0.55988682825544
H           -0.68988654917347        2.21636796534668        0.37744588864074
H           -0.62669886138220        1.40168831725105       -1.18668983454706
H           -2.30105833168730       -1.74821238115730       -0.04780990431725
H           -1.54525411102050       -0.94257292436929       -1.42817778646542
H           -3.11200525439300       -0.39696672342695       -0.84011165640165
23
 energy: -23.154879904752 gnorm: 0.000076949595 xtb: 6.7.1 (edcfbbe)
C            2.50681081265079        0.76536698061952       -0.01684046205457
C            1.66287137244681       -0.27121157082230       -0.74920788650193
C            0.81162199502736       -1.13298572480553        0.18531132943456
C           -0.20377991221276       -0.40728681048817        1.07498767990770
C           -1.46059361521586        0.19169519661069        0.41731873507499
C           -1.21278478278871        1.52803776818332       -0.28116459438490
C           -2.14321077272041       -0.78790994944035       -0.53504102662275
H            3.10735422321925        0.28873625307074        0.75516465491078
H            3.17627531247613        1.26557697623441       -0.71289027941713
H            1.88045029675720        1.52053746121938        0.44970826243363
H            2.33058114260500       -0.94114374898646       -1.29818374463192
H            1.03308877127920        0.22654538833421       -1.48616296608657
H            0.29350015367053       -1.88643439253417       -0.40989701212746
H            1.49394040533108       -1.66754022049353        0.85294924056789
H           -0.54935587978693       -1.14187758922022        1.80838490879571
H            0.30386158886950        0.38116031335685        1.63294655568112
H           -2.15741120143410        0.39126404830658        1.24220873225688
H           -2.16275799601118        1.97989299156201       -0.56006856559392
H           -0.69075002199474        2.21668318182704        0.37911922001327
H           -0.62521001385803        1.40260018149266       -1.18523386194890
H           -2.30022263783114       -1.74828205485560       -0.04914530305523
H           -1.54379053899845       -0.94186810122219       -1.42871133932571
H           -3.11098074283356       -0.39685216439343       -0.84129891090603
23
 energy: -23.154880844146 gnorm: 0.000074597994 xtb: 6.7.1 (edcfbbe)
C            2.50555793273400        0.76599156660317       -0.01769632502647
C            1.66261545127505       -0.27205843753709       -0.74912783081392
C            0.81166478883156       -1.13342925109410        0.18604300865064
C           -0.20375165299968       -0.40737232733246        1.07539948282991
C           -1.46037586219684        0.19158546055602        0.41732232794465
C           -1.21241698249429        1.52828851718828       -0.28041725166356
C           -2.14232375901885       -0.78769193442533       -0.53584129866791
H            3.10605767829763        0.29073825783928        0.75519153055056
H            3.17501313201717        1.26576308284244       -0.71407262331506
H            1.87847520055296        1.52133191191562        0.44758995946594
H            2.33101895514726       -0.94214914519743       -1.29706523367333
H            1.03271929091936        0.22433795515460       -1.48692865658532
H            0.29361729481742       -1.88733232313167       -0.40866131784550
H            1.49413712297203       -1.66745086072900        0.85395095783724
H           -0.54946253012653       -1.14176172526130        1.80892574670343
H            0.30390468363669        0.38115717770810        1.63322405016593
H           -2.15770424741049        0.39067111476236        1.24189250847424
H           -2.16227290301895        1.97986408606514       -0.56017581437215
H           -0.69140280110752        2.21690165617841        0.38070840473571
H           -0.62376682722867        1.40343200764222       -1.18386105854117
H           -2.29948278853870       -1.74828287485948       -0.05042807002294
H           -1.54234254072764       -0.94118950481162       -1.42921089802873
H           -3.10997067768599       -0.39663999652070       -0.84250823238269
23
 energy: -23.154881761905 gnorm: 0.000073556899 xtb: 6.7.1 (edcfbbe)
C            2.50423551163581        0.76665873281402       -0.01855385672194
C            1.66240460380451       -0.27292236982017       -0.74907820662892
C            0.81173813431038       -1.13384762353833        0.18677606311847
C           -0.20377498846751       -0.40752304727534        1.07580098085494
C           -1.46017456358576        0.19149638314119        0.41734521855372
C           -1.21197427333811        1.52853733708059       -0.27966549802230
C           -2.14142769873332       -0.78748847655534       -0.53662051788143
H            3.10462141800623        0.29280362530902        0.75527628867350
H            3.17374465169171        1.26593793650087       -0.71523351281616
H            1.87639891325295        1.52219641717981        0.44539017060494
H            2.33153862519976       -0.94312928011979       -1.29598911692906
H            1.03238818661227        0.22210649665816       -1.48771071949955
H            0.29378419796258       -1.88821061192735       -0.40742260572670
H            1.49436594137230       -1.66734205436416        0.85494440443116
H           -0.54968306963432       -1.14171035302998        1.80943457665908
H            0.30389596694656        0.38106205469832        1.63351891282064
H           -2.15797615372600        0.39015284366761        1.24161721848248
H           -2.16170972774263        1.97989130259557       -0.56018258189679
H           -0.69186490110081        2.21709509335193        0.38223835611255
H           -0.62236797347054        1.40420958782019       -1.18255492283799
H           -2.29883048792113       -1.74827141282226       -0.05167349490401
H           -1.54090894369365       -0.94060813687482       -1.42969084581849
H           -3.10891541073432       -0.39639003093429       -0.84371294420865
23
 energy: -23.154882638888 gnorm: 0.000072771978 xtb: 6.7.1 (edcfbbe)
C            2.50292155863821        0.76733798342202       -0.01938287396642
C            1.66213708608538       -0.27373271078116       -0.74900345340857
C            0.81180941136648       -1.13429590642058        0.18748668451345
C           -0.20375699329798       -0.40767603793222        1.07620579818023
C           -1.45992537096338        0.19139304895594        0.41734199174426
C           -1.21149998804359        1.52875698673818       -0.27897092755108
C           -2.14059244850142       -0.78725522446888       -0.53737734967304
H            3.10319032924839        0.29489358529170        0.75540381715101
H            3.17249202188309        1.26612468624917       -0.71635696282929
H            1.87434550275995        1.52308691441340        0.44320098432084
H            2.33196992092109       -0.94406618260405       -1.29490411381052
H            1.03196470221856        0.21991146173202       -1.48845205736346
H            0.29399207115648       -1.88915860718440       -0.40620593833533
H            1.49463674910216       -1.66719757440845        0.85592512800142
H           -0.54987437707036       -1.14173332830947        1.80986367863889
H            0.30389906475142        0.38092494332479        1.63391191483501
H           -2.15820240707449        0.38962501122625        1.24131043684629
H           -2.16111214936902        1.97994977530277       -0.56016310823021
H           -0.69221718187693        2.21721667319520        0.38369089510980
H           -0.62100517967380        1.40494461844102       -1.18135012498261
H           -2.29825152190678       -1.74821215677216       -0.05286328016507
H           -1.53950738633302       -0.94004352816796       -1.43011458906700
H           -3.10790545537346       -0.39609001768767       -0.84494318353914
23
 energy: -23.154883460593 gnorm: 0.000071788380 xtb: 6.7.1 (edcfbbe)
C            2.50165720721506        0.76798883751959       -0.02020695140545
C            1.66187818384389       -0.27450065788194       -0.74894811735626
C            0.81191712237740       -1.13470599968315        0.18821139734012
C           -0.20379365090116       -0.40787893792296        1.07658946322153
C           -1.45971106059487        0.19131043330115        0.41734603466716
C           -1.21103879198087        1.52897737176943       -0.27830097108472
C           -2.13976559149003       -0.78704346041177       -0.53810526636931
H            3.10180900192497        0.29686956936747        0.75547235956923
H            3.17129012197462        1.26629870099158       -0.71746409198977
H            1.87238084308446        1.52392843526054        0.44110095400086
H            2.33237781058541       -0.94490979777405       -1.29393777023100
H            1.03154179029716        0.21785863401140       -1.48912637003726
H            0.29425321872782       -1.89008094664031       -0.40496479954239
H            1.49494555491336       -1.66700938502658        0.85692191535737
H           -0.55013459626878       -1.14182657872218        1.81025035144087
H            0.30384371011011        0.38071724374970        1.63431312894092
H           -2.15844521923081        0.38917127506381        1.24101562207806
H           -2.16052152934950        1.98004086353077       -0.56014188181932
H           -0.69250439141304        2.21733330053180        0.38505757213712
H           -0.61971668468509        1.40563419626229       -1.18019657145594
H           -2.29773627183685       -1.74814806789877       -0.05398350127545
H           -1.53813007594440       -0.93955085392602       -1.43052209604743
H           -3.10688874271186       -0.39576976191633       -0.84612704371949
23
 energy: -23.154884228549 gnorm: 0.000069485714 xtb: 6.7.1 (edcfbbe)
C            2.50047379329325        0.76860459011847       -0.02100138091034
C            1.66159360891285       -0.27520498498209       -0.74888997182203
C            0.81202547918264       -1.13509227131907        0.18891162429271
C           -0.20382940951380       -0.40806026268882        1.07695887307542
C           -1.45950776011967        0.19122081499104        0.41734451325737
C           -1.21056758687177        1.52916856478807       -0.27766873628843
C           -2.13899767986947       -0.78683906390771       -0.53880775289815
H            3.10054235470311        0.29872428505660        0.75549154962054
H            3.17014471456035        1.26647133623122       -0.71854024209513
H            1.87056870764665        1.52472584919519        0.43914022563310
H            2.33267077900357       -0.94569232287650       -1.29307078862802
H            1.03105894498526        0.21594708430405       -1.48971211932036
H            0.29454752518976       -1.89101530893194       -0.40373733630917
H            1.49529077100545       -1.66674350251929        0.85790110700968
H           -0.55041828288921       -1.14193961884893        1.81057493150362
H            0.30376555251805        0.38051394963904        1.63475983087892
H           -2.15867412366165        0.38873511027108        1.24073209374899
H           -2.15992602004936        1.98008929604159       -0.56016069963166
H           -0.69279164722889        2.21744220019501        0.38637529636639
H           -0.61842713617714        1.40628396321747       -1.17909027775721
H           -2.29727293374874       -1.74808593276790       -0.05506445808866
H           -1.53682655980280       -0.93908990548131       -1.43090752928622
H           -3.10593513242144       -0.39545945616980       -0.84728538593191
23
 energy: -23.154884952385 gnorm: 0.000068093427 xtb: 6.7.1 (edcfbbe)
C            2.49938329676861        0.76916184847717       -0.02177815016838
C            1.66129070361535       -0.27585442958362       -0.74884062330619
C            0.81214438231762       -1.13543890783420        0.18961275056910
C           -0.20388634830563       -0.40824461729241        1.07732880800548
C           -1.45931379945734        0.19113910482907        0.41733185565137
C           -1.21013475690612        1.52936022622730       -0.27707068404772
C           -2.13825497337402       -0.78664464332785       -0.53948964813429
H            3.09942320337733        0.30041740241586        0.75542196992334
H            3.16904553334790        1.26662837694284       -0.71961280526611
H            1.86892215869131        1.52544069868274        0.43733333242880
H            2.33286824550996       -0.94640629665288       -1.29232202517256
H            1.03052952131242        0.21418734944933       -1.49021303212528
H            0.29488478072402       -1.89194005243102       -0.40249704134146
H            1.49566600009061       -1.66640177351666        0.85888759237444
H           -0.55072187784345       -1.14207906481234        1.81087752250045
H            0.30364323455177        0.38029901314191        1.63524016706631
H           -2.15890803760933        0.38831723253963        1.24043784183885
H           -2.15937122876371        1.98011592472637       -0.56024052614979
H           -0.69313668848677        2.21756823934114        0.38765317146836
H           -0.61716036772201        1.40693091168732       -1.17800452957610
H           -2.29682898672037       -1.74802551413430       -0.05610890128028
H           -1.53556407124067       -0.93865795819367       -1.43127724960408
H           -3.10501196523048       -0.39516865712627       -0.84841642923481
23
 energy: -23.154885648271 gnorm: 0.000066928593 xtb: 6.7.1 (edcfbbe)
C            2.49838619331551        0.76965930402734       -0.02255189736135
C            1.66096472072806       -0.27646346246550       -0.74879360948043
C            0.81227092400692       -1.13575360045851        0.19033051953752
C           -0.20396184992155       -0.40840965023003        1.07769487315217
C           -1.45914121092770        0.19106153764640        0.41730570655145
C           -1.20974912005782        1.52956216616461       -0.27648512668132
C           -2.13751505241185       -0.78646856455811       -0.54017415590110
H            3.09846916691480        0.30194680929867        0.75523457535468
H            3.16797705555303        1.26677532168658       -0.72070644538690
H            1.86744740831594        1.52606509642168        0.43568492938953
H            2.33296242344023       -0.94707883737152       -1.29167623659030
H            1.02994537956031        0.21255409511457       -1.49062972413560
H            0.29525326433760       -1.89286150043448       -0.40122141108303
H            1.49606571997753       -1.66599166870432        0.85990200967365
H           -0.55104972144432       -1.14220955804446        1.81116174150631
H            0.30348231752124        0.38010500332313        1.63573051288958
H           -2.15916534447414        0.38790160819088        1.24012792541807
H           -2.15887288715495        1.98011192320710       -0.56036002476369
H           -0.69357635603285        2.21772851031174        0.38892829271446
H           -0.61591487688997        1.40761412553527       -1.17691403822367
H           -2.29636614364688       -1.74797629989130       -0.05713687202312
H           -1.53430423146690       -0.93824913817507       -1.43164810831176
H           -3.10409982059525       -0.39491880703918       -0.84955006982573
23
 energy: -23.154886330339 gnorm: 0.000065995860 xtb: 6.7.1 (edcfbbe)
C            2.49748826740590        0.77008451919592       -0.02333268717554
C            1.66061169393347       -0.27704597502946       -0.74874677007617
C            0.81239587692970       -1.13603486361462        0.19107564726271
C           -0.20405390907228       -0.40853970484116        1.07806870163423
C           -1.45899134699815        0.19098710061932        0.41726461146330
C           -1.20943429457207        1.52978620448382       -0.27589834172959
C           -2.13675101044629       -0.78631406563440       -0.54088019768454
H            3.09771314330735        0.30330214241909        0.75490166951380
H            3.16691987797035        1.26691097873490       -0.72184705689723
H            1.86615476588468        1.52657921397408        0.43420554324839
H            2.33294364534643       -0.94773282520546       -1.29112709812463
H            1.02929926789694        0.21102848822618       -1.49096108515306
H            0.29563600610127       -1.89377855576896       -0.39989279996938
H            1.49647965998562       -1.66551122182673        0.86095660826819
H           -0.55139071525549       -1.14229652677568        1.81146286541667
H            0.30328769907310        0.37996457341673        1.63621499128806
H           -2.15946421277900        0.38746251163384        1.23979287992478
H           -2.15846006257091        1.98007731890647       -0.56051157525384
H           -0.69415547187984        2.21793290372677        0.39023275631429
H           -0.61469640352031        1.40836934578342       -1.17579751524335
H           -2.29584520866300       -1.74795017435566       -0.05817832350750
H           -1.53300426709806       -0.93784614768772       -1.43203165958485
H           -3.10317504233240       -0.39473082682521       -0.85071779751534
23
 energy: -23.154886336587 gnorm: 0.000065738540 xtb: 6.7.1 (edcfbbe)
C            2.49748360860017        0.77008669553807       -0.02334105648834
C            1.66060678294880       -0.27705134988679       -0.74874540768957
C            0.81239619342917       -1.13603725115383        0.19108283651434
C           -0.20405523637353       -0.40854014790317        1.07807229213358
C           -1.45899171705601        0.19098596988697        0.41726395982383
C           -1.20943133551099        1.52978948011649       -0.27589335048954
C           -2.13674262705065       -0.78631287773057       -0.54088802994272
H            3.09771171735526        0.30331134869830        0.75489548079226
H            3.16690896508300        1.26691269009723       -0.72185894753371
H            1.86614675912300        1.52658290315102        0.43419680638204
H            2.33294017026618       -0.94773965698082       -1.29112409509899
H            1.02929210993665        0.21101796543160       -1.49096119946854
H            0.29563955263033       -1.89378602432600       -0.39987925549074
H            1.49648202105859       -1.66550579919815        0.86096713197966
H           -0.55139418311890       -1.14229569729415        1.81146708141063
H            0.30328480069384        0.37996498441892        1.63621931434566
H           -2.15946769168003        0.38745782849339        1.23978915510081
H           -2.15845701188659        1.98007748233703       -0.56050995415829
H           -0.69416038938672        2.21793296726539        0.39024273093179
H           -0.61469005457639        1.40837725113561       -1.17578745681750
H           -2.29583734879306       -1.74795142949540       -0.05818952783182
H           -1.53299125686652       -0.93784125747806       -1.43203584632252
H           -3.10316587017861       -0.39473166156761       -0.85072929566289
