17
 energy: -346.956864005900 gnorm: 0.039347395190 xtb: 6.7.1 (edcfbbe)
C           -3.35672156298745        0.42134856468671       -0.22203700459839
C           -2.16424446325903        0.06207181252751        0.65652401059092
C           -0.85884515218058        0.09627352554266       -0.13442733565957
C            0.34408091265247       -0.26508520901747        0.75000370143235
C            1.59471305020666       -0.22758618630085       -0.08192657063630
O            2.11273841103621       -1.19427287542921       -0.60122554286642
O            2.07045785531747        0.99837732094241       -0.22857404830129
H           -3.23995191883571        1.42119195602977       -0.63331705998064
H           -3.44653059542725       -0.28025334092419       -1.04813784826446
H           -4.27685675459519        0.39194962757368        0.35558217525757
H           -2.30748106592251       -0.93641164681495        1.07368507757578
H           -2.10009901683061        0.76594877023941        1.48820569235946
H           -0.91578588500581       -0.61046298807051       -0.96549849532784
H           -0.70895882361416        1.09504055738524       -0.54921926064337
H            0.21917377649712       -1.26829591986202        1.15603369171227
H            0.43342986409206        0.46050678660406        1.55776623929029
H            2.86198832096822        1.03339657385793       -0.80001294235451
17
 energy: -346.958016201847 gnorm: 0.017172668218 xtb: 6.7.1 (edcfbbe)
C           -3.36495693097624        0.42130248708471       -0.22118814052659
C           -2.16660390675708        0.06256991371861        0.65342239645781
C           -0.85793121688902        0.09790451858040       -0.13184814676739
C            0.35207402704899       -0.26169061544838        0.74834937868838
C            1.60850796480004       -0.23103450661503       -0.07084525505047
O            2.12090385161115       -1.20366923776327       -0.60391461963361
O            2.08097855326741        1.01039828329175       -0.22397845963532
H           -3.25262247742428        1.42627863937771       -0.63768242845361
H           -3.45965212582828       -0.28030097081386       -1.05485983982672
H           -4.29471032271657        0.39361237806071        0.35233185307127
H           -2.30424734189259       -0.93773627679082        1.07894675651639
H           -2.09822863967966        0.76258754397942        1.49357327286441
H           -0.91566248080136       -0.60660896749204       -0.96943146356614
H           -0.71295873115130        1.09811093372203       -0.55396747508120
H            0.23171390425598       -1.26775355858618        1.15448271799165
H            0.43461831634403        0.45719956113957        1.56766350550834
H            2.85988416163286        1.02256714050052       -0.80762962983017
17
 energy: -346.958301042362 gnorm: 0.008986301192 xtb: 6.7.1 (edcfbbe)
C           -3.36724419162860        0.41989236281458       -0.21896243739097
C           -2.16679030537036        0.06164918493071        0.65377758313643
C           -0.85984264776665        0.09931909725019       -0.13470889392972
C            0.35317508567165       -0.25807595232157        0.74523272179400
C            1.60232954254899       -0.22739087317526       -0.08014474929914
O            2.12565038621915       -1.20376474186629       -0.60005696544564
O            2.09091719021062        1.02228443394079       -0.22024057356984
H           -3.26081291116426        1.42799453818029       -0.63869267606487
H           -3.46750133368874       -0.28064362536942       -1.05745029712835
H           -4.30160187720314        0.39242660865890        0.35315450664239
H           -2.30189536821795       -0.93964113752612        1.08437095748288
H           -2.09736879707436        0.75913843265868        1.49941142857644
H           -0.91622731698584       -0.60435875160912       -0.97584451631302
H           -0.71709298774783        1.10013273507469       -0.56170377484732
H            0.23887692239093       -1.26537553316813        1.15450691541866
H            0.43470749179008        0.45742638467823        1.57051050837212
H            2.87182706744504        1.00272467089148       -0.79973378567765
17
 energy: -346.958386896110 gnorm: 0.004311390621 xtb: 6.7.1 (edcfbbe)
C           -3.36835865921255        0.41908955145004       -0.21782308783771
C           -2.16699943914248        0.06171649941277        0.65244404253506
C           -0.86029723837149        0.10085666665135       -0.13636804385035
C            0.35262016457367       -0.25706147033371        0.74375220515061
C            1.60729962528885       -0.22701084305263       -0.07100750439601
O            2.12621334148390       -1.19893449200348       -0.59892882312478
O            2.09626642897150        1.02615959135967       -0.21817734790655
H           -3.26395665890488        1.42729013958191       -0.63705071500976
H           -3.46946045730972       -0.28078703053026       -1.05637368205429
H           -4.30157342292239        0.39031696176517        0.35552945888998
H           -2.30147277492184       -0.93978018339587        1.08255753205978
H           -2.09815845588826        0.75843111452437        1.49867155184246
H           -0.91531434172669       -0.60252592018153       -0.97768097567663
H           -0.71716835423310        1.10169594795979       -0.56281563258959
H            0.23617236483102       -1.26467272780910        1.15152732793734
H            0.43307832372334        0.45686962303434        1.57018864279868
H            2.87221530274397        0.99208432164130       -0.80501893493229
17
 energy: -346.958407974652 gnorm: 0.001288294510 xtb: 6.7.1 (edcfbbe)
C           -3.36927972234033        0.41846592101440       -0.21710053988690
C           -2.16702884710781        0.06181388927215        0.65129790583133
C           -0.86049456047995        0.10188444205713       -0.13736160325365
C            0.35174541921511       -0.25613854926712        0.74315365509496
C            1.60639946399978       -0.22671990961881       -0.07105099052112
O            2.12723154807776       -1.19622502111364       -0.59813392766444
O            2.09892671872151        1.02645482155225       -0.21748767535291
H           -3.26567224979076        1.42628525480867       -0.63501353613633
H           -3.46993389349774       -0.28108492686107       -1.05476871159235
H           -4.30030289044637        0.38812519792512        0.35817441951476
H           -2.30050339728746       -0.93983352257829        1.07977286571934
H           -2.09815021439355        0.75844469290879        1.49672132440701
H           -0.91532335887642       -0.60167275544830       -0.97778590683745
H           -0.71764189647675        1.10269599988447       -0.56253206906648
H            0.23392777308585       -1.26333687218501        1.15061189294640
H            0.43190909086049        0.45868590929723        1.56810419642930
H            2.87529655175124        0.98589328618566       -0.80317485430297
17
 energy: -346.958411374939 gnorm: 0.000707266094 xtb: 6.7.1 (edcfbbe)
C           -3.36967321460948        0.41758110160983       -0.21660459407204
C           -2.16641684368664        0.06171490968170        0.65081300731596
C           -0.86058690561007        0.10352438660450       -0.13910333538167
C            0.35054401384830       -0.25455655363266        0.74283955539729
C            1.60515767529508       -0.22712822920382       -0.07120828628250
O            2.12704449710026       -1.19556638196468       -0.59817580589291
O            2.10106213805003        1.02552632247172       -0.21666168291589
H           -3.26796462471433        1.42555542390097       -0.63328971823667
H           -3.47033150326157       -0.28152592537286       -1.05399672916480
H           -4.29886739093899        0.38514832578806        0.36069974730968
H           -2.29842641203946       -0.94034430526619        1.07780961245794
H           -2.09761799569180        0.75806309143252        1.49595184364293
H           -0.91511278451476       -0.59992025040168       -0.97922183004883
H           -0.71818666765742        1.10459921646953       -0.56296908044962
H            0.23129593251859       -1.26122090253466        1.15066080140359
H            0.43098105736996        0.46148421473652        1.56629155448305
H            2.87820435291233        0.98080344034142       -0.80040822942821
17
 energy: -346.958411374939 gnorm: 0.000707266094 xtb: 6.7.1 (edcfbbe)
C           -3.36967321460948        0.41758110160983       -0.21660459407204
C           -2.16641684368664        0.06171490968170        0.65081300731596
C           -0.86058690561007        0.10352438660450       -0.13910333538167
C            0.35054401384830       -0.25455655363266        0.74283955539729
C            1.60515767529508       -0.22712822920382       -0.07120828628250
O            2.12704449710026       -1.19556638196468       -0.59817580589291
O            2.10106213805003        1.02552632247172       -0.21666168291589
H           -3.26796462471433        1.42555542390097       -0.63328971823667
H           -3.47033150326157       -0.28152592537286       -1.05399672916480
H           -4.29886739093899        0.38514832578806        0.36069974730968
H           -2.29842641203946       -0.94034430526619        1.07780961245794
H           -2.09761799569180        0.75806309143252        1.49595184364293
H           -0.91511278451476       -0.59992025040168       -0.97922183004883
H           -0.71818666765742        1.10459921646953       -0.56296908044962
H            0.23129593251859       -1.26122090253466        1.15066080140359
H            0.43098105736996        0.46148421473652        1.56629155448305
H            2.87820435291233        0.98080344034142       -0.80040822942821
