----------------------------------------------- 
  Element       SASA      Sigma Z        Total  
     Z         Ang**2 cal/Ang**2/mol   kcal/mol 
----------------------------------------------- 
      H        139.985      48.690       6.816
      C         33.907     129.740       4.399
      O         22.712       0.000       0.000

 Subtotal:     196.604                  11.215
 -----------------------------------------------

  Elements    COT*SASA   Sigma Z,Z'     Total   
    Z,Z'       Ang**2  cal/Ang**2/mol kcal/mol  
 ---------------------------------------------- 
  H   C         94.352     -60.770      -5.734
  H   O          0.000       0.000       0.000
  C   C         30.431     -72.950      -2.220
  O   C         14.253      68.690       0.979

 Subtotal:                              -6.975
 ---------------------------------------------- 

 NONAQUEOUS SOLVENT CONTRIBUTION (kcal/mol):
 (proportional to SASA, atomic number independent)
 ---------------------------------------------- 
 Subtotal:                               0.000
 ---------------------------------------------- 

 CDS TOTAL (kcal/mol):                   4.240
...............................................................................
