----------------------------------------------- 
  Element       SASA      Sigma Z        Total  
     Z         Ang**2 cal/Ang**2/mol   kcal/mol 
----------------------------------------------- 
      H        140.008      48.690       6.817
      C         33.862     129.740       4.393
      O         21.441       0.000       0.000

 Subtotal:     195.310                  11.210
 -----------------------------------------------

  Elements    COT*SASA   Sigma Z,Z'     Total   
    Z,Z'       Ang**2  cal/Ang**2/mol kcal/mol  
 ---------------------------------------------- 
  H   C         94.035     -60.770      -5.715
  H   O          0.000       0.000       0.000
  C   C         30.472     -72.950      -2.223
  O   C         13.071      68.690       0.898

 Subtotal:                              -7.040
 ---------------------------------------------- 

 NONAQUEOUS SOLVENT CONTRIBUTION (kcal/mol):
 (proportional to SASA, atomic number independent)
 ---------------------------------------------- 
 Subtotal:                               0.000
 ---------------------------------------------- 

 CDS TOTAL (kcal/mol):                   4.171
...............................................................................
