----------------------------------------------- 
  Element       SASA      Sigma Z        Total  
     Z         Ang**2 cal/Ang**2/mol   kcal/mol 
----------------------------------------------- 
      H        155.370      48.690       7.565
      C         39.315     129.740       5.101
      O         32.899       0.000       0.000

 Subtotal:     227.584                  12.666
 -----------------------------------------------

  Elements    COT*SASA   Sigma Z,Z'     Total   
    Z,Z'       Ang**2  cal/Ang**2/mol kcal/mol  
 ---------------------------------------------- 
  H   C        104.756     -60.770      -6.366
  H   O          0.000       0.000       0.000
  C   C         27.121     -72.950      -1.978
  O   C         18.212      68.690       1.251
  O   O          0.000       0.000       0.000

 Subtotal:                              -7.094
 ---------------------------------------------- 

 NONAQUEOUS SOLVENT CONTRIBUTION (kcal/mol):
 (proportional to SASA, atomic number independent)
 ---------------------------------------------- 
 Subtotal:                               0.000
 ---------------------------------------------- 

 CDS TOTAL (kcal/mol):                   5.572
...............................................................................
