----------------------------------------------- 
  Element       SASA      Sigma Z        Total  
     Z         Ang**2 cal/Ang**2/mol   kcal/mol 
----------------------------------------------- 
      H        138.115      48.690       6.725
      C         32.560     129.740       4.224
      O         30.255       0.000       0.000

 Subtotal:     200.930                  10.949
 -----------------------------------------------

  Elements    COT*SASA   Sigma Z,Z'     Total   
    Z,Z'       Ang**2  cal/Ang**2/mol kcal/mol  
 ---------------------------------------------- 
  H   C         92.833     -60.770      -5.641
  H   O          0.000       0.000       0.000
  C   C         20.501     -72.950      -1.496
  O   C         16.034      68.690       1.101
  O   O          0.000       0.000       0.000

 Subtotal:                              -6.036
 ---------------------------------------------- 

 NONAQUEOUS SOLVENT CONTRIBUTION (kcal/mol):
 (proportional to SASA, atomic number independent)
 ---------------------------------------------- 
 Subtotal:                               0.000
 ---------------------------------------------- 

 CDS TOTAL (kcal/mol):                   4.914
...............................................................................
