20
 energy: -27.121491352596 gnorm: 0.032947171380 xtb: 6.7.1 (edcfbbe)
C           -3.51785373131259        0.15390288739969        0.46813740976464
C           -2.57587156044390        0.13896430192448       -0.73492003098655
C           -1.20373471145883       -0.47488537567651       -0.43933157695738
C           -0.43019612491831        0.32312532554531        0.59421309637793
O            0.87929620345597       -0.28035079927731        0.83964425318525
C            1.86873305933750        0.02226832600044       -0.02199978418223
O            1.73865684213998        0.80032095873871       -0.95413061687918
C            3.12900138701368       -0.72080910500358        0.28729678469892
H           -4.51348577415418        0.50555082282804        0.17911567883033
H           -3.62696918462276       -0.85174453509909        0.89067942529843
H           -3.15545698053904        0.81372816418508        1.26303218894546
H           -3.03644245194481       -0.43511198322323       -1.54686343380897
H           -2.44149829767389        1.16040992964965       -1.11361879099794
H           -1.32711876509506       -1.50280826227842       -0.07609768204021
H           -0.61769595566048       -0.52005822119127       -1.36396903141028
H           -0.29234037964281        1.36365180808491        0.28486955028739
H           -0.91232654656765        0.29937299034408        1.57294697809752
H            3.14778855873341       -1.08581038651446        1.31455494259536
H            3.98803920594204       -0.07655205786200        0.09088888999995
H            3.18946817360694       -1.57935197852720       -0.39147953259190
20
 energy: -27.122634225988 gnorm: 0.013563047819 xtb: 6.7.1 (edcfbbe)
C           -3.51439216325451        0.15005782442256        0.46741124405691
C           -2.57688224769794        0.14162069214602       -0.73304800143174
C           -1.20964111320157       -0.47462867587546       -0.43236266127598
C           -0.42135010208338        0.31854709347148        0.59856368793913
O            0.88008476464505       -0.27693352867140        0.82658694759137
C            1.86297854509329        0.02012213196824       -0.02846025040552
O            1.73386816914493        0.80040814869422       -0.94948829362168
C            3.12401379380055       -0.71976522612542        0.28588718424167
H           -4.50130269106915        0.49998065753451        0.16874120948501
H           -3.61897122408106       -0.85259470920746        0.88111143345434
H           -3.14862907168472        0.81048530737811        1.25164454484197
H           -3.03761606159909       -0.43469678321874       -1.53933502824081
H           -2.43862412505277        1.16290408572940       -1.09939575661402
H           -1.33363770898214       -1.49906913576811       -0.07058808283845
H           -0.62693103263985       -0.51260640752365       -1.35708095708704
H           -0.27655713489707        1.35256381185965        0.27232171805249
H           -0.89728716799469        0.29486171951761        1.57916684296586
H            3.12128050905681       -1.07453257349486        1.31224110402495
H            3.98028459767569       -0.07696848401212        0.09562076146702
H            3.18930443101682       -1.57594313877725       -0.38656892837893
20
 energy: -27.122856354544 gnorm: 0.004113449775 xtb: 6.7.1 (edcfbbe)
C           -3.51425038484922        0.14844130867715        0.46939344055146
C           -2.57487447346005        0.14371369486438       -0.73004417588221
C           -1.21044690842944       -0.47739317753092       -0.43135969342872
C           -0.41339198773010        0.31570887297443        0.59850692705447
O            0.87949881870970       -0.27664039043702        0.81355079055148
C            1.85956925238784        0.02403862114574       -0.03297244797837
O            1.73051541595448        0.80441531988926       -0.95243883518652
C            3.11932528483956       -0.71991784394821        0.28650933199223
H           -4.49805995678372        0.49696909275438        0.16794014591221
H           -3.61531827633345       -0.85360497981990        0.87679043162063
H           -3.14720430216886        0.80686602735002        1.25055387088246
H           -3.03325633584834       -0.43026592761736       -1.53696256240161
H           -2.43248912414400        1.16484002946677       -1.08837143450776
H           -1.33711188095928       -1.49896771505835       -0.06851439706482
H           -0.62795549005293       -0.51327027779699       -1.35541748924606
H           -0.27105307417332        1.34714756695422        0.26171173478143
H           -0.88586643731206        0.29333552056544        1.57980220880626
H            3.09964902555056       -1.06722821537223        1.31353814016453
H            3.97520217958031       -0.07835265741685        0.10206003907849
H            3.18751162141753       -1.57602205959664       -0.38130730747300
20
 energy: -27.122884437496 gnorm: 0.001516352763 xtb: 6.7.1 (edcfbbe)
C           -3.51420993627033        0.14719165477872        0.47090856978301
C           -2.57478764033343        0.14527708350835       -0.72973973706872
C           -1.21185033386369       -0.47899281431348       -0.43134997264251
C           -0.41056530778947        0.31502671054931        0.59674760671635
O            0.87941635436859       -0.27806181389209        0.80723518890980
C            1.85930794685664        0.02362867449130       -0.03747930160674
O            1.73328311914054        0.80829841633281       -0.95500730457501
C            3.11913284706282       -0.71985509229191        0.28773826105375
H           -4.49819859436121        0.49601066776018        0.16998312626388
H           -3.61461234142984       -0.85601171404416        0.87614614875764
H           -3.14695637946719        0.80429683449074        1.25333126256251
H           -3.03378751620857       -0.42518121852102       -1.53878933186739
H           -2.43037072424111        1.16735191104232       -1.08434100450435
H           -1.33988261109043       -1.49963453839851       -0.06667405228254
H           -0.62935847419701       -0.51699182865319       -1.35526461386597
H           -0.27209575830100        1.34622499765736        0.25658486472358
H           -0.88245860857307        0.29539410612112        1.57826027618528
H            3.09191529955073       -1.06546973543690        1.31524110763851
H            3.97591665985403       -0.07806119064351        0.10814168633151
H            3.19015496548821       -1.57662830049011       -0.37870406228603
20
 energy: -27.122896884383 gnorm: 0.002178984367 xtb: 6.7.1 (edcfbbe)
C           -3.51503827060796        0.14504607642316        0.47298002491818
C           -2.57557681150272        0.14761251325112       -0.72883558595167
C           -1.21475939258544       -0.48188958584230       -0.43292251192424
C           -0.40782019038610        0.31409911781162        0.59129990238993
O            0.87993096459736       -0.27869518439132        0.79932068798715
C            1.86297842681020        0.02786467903688       -0.03981896541303
O            1.74113497066217        0.81345436046363       -0.95830932118280
C            3.12031405410762       -0.71967252494402        0.29025293110038
H           -4.50007358407019        0.49515017152728        0.17496700369020
H           -3.61489668132998       -0.86040106690015        0.87473378368949
H           -3.14710070620614        0.79896283294470        1.25871210915724
H           -3.03704976117179       -0.41570769695691       -1.54185690218480
H           -2.42831310073163        1.17174544433528       -1.07734234752052
H           -1.34570399082265       -1.50087068164560       -0.06394698315393
H           -0.63294500136225       -0.52584747772610       -1.35720838258216
H           -0.27406044181159        1.34513786028504        0.24760612234348
H           -0.87907442256873        0.29951043566068        1.57343256887313
H            3.08485507965085       -1.06409837437651        1.31805976369604
H            3.97992592734522       -0.07969612401384        0.11644700085880
H            3.19326589817895       -1.57789196489530       -0.37460218056428
20
 energy: -27.122902627552 gnorm: 0.001439811327 xtb: 6.7.1 (edcfbbe)
C           -3.51560197964814        0.14431823815697        0.47339744414120
C           -2.57631681239948        0.14831783428094       -0.72824722278221
C           -1.21589560081382       -0.48224998591037       -0.43340346218307
C           -0.40783909385564        0.31444855734353        0.58902345393566
O            0.87991982403836       -0.27922828866828        0.79768846692983
C            1.86414464865263        0.02720557065616       -0.04069451985982
O            1.74418923009850        0.81455791131852       -0.95761437091877
C            3.12127409839571       -0.71944095457506        0.29134863176319
H           -4.50072316207840        0.49506837394268        0.17637091437374
H           -3.61577371919219       -0.86163397933628        0.87387124657550
H           -3.14755956310917        0.79687832332796        1.26024885647761
H           -3.03835872436411       -0.41326764439490       -1.54218251409364
H           -2.42861937261675        1.17295555962737       -1.07529912948780
H           -1.34777683688648       -1.50064636411462       -0.06293433108258
H           -0.63511565956499       -0.52850699130191       -1.35828293608622
H           -0.27296793162267        1.34497370721470        0.24423976369635
H           -0.87856775877024        0.30157862890288        1.57159617345198
H            3.08512147733348       -1.06479481865645        1.31882900969709
H            3.98119002805475       -0.07944869060591        0.11895915429415
H            3.19526987454388       -1.57727217716058       -0.37394591061559
20
 energy: -27.122911546762 gnorm: 0.001396325693 xtb: 6.7.1 (edcfbbe)
C           -3.51733250662903        0.14120773094500        0.47513461197394
C           -2.57940424882366        0.15082117961215       -0.72643280118748
C           -1.22003334575120       -0.48315026413856       -0.43503426209227
C           -0.40751345664430        0.31572871895667        0.58056689158417
O            0.88004652035370       -0.28082362644554        0.79272551617297
C            1.86906002517114        0.02753302985144       -0.04071505111413
O            1.75380890085914        0.81784130981149       -0.95442540026508
C            3.12423881837535       -0.71910570294067        0.29527445114743
H           -4.50216513895453        0.49473463189436        0.18117262079118
H           -3.61875023277856       -0.86656927932353        0.87015632487520
H           -3.14838834912799        0.78863010509920        1.26560093655206
H           -3.04298760176084       -0.40516481075793       -1.54329460558955
H           -2.43032139378848        1.17719265059474       -1.06784408168324
H           -1.35459403849439       -1.49933200777294       -0.05932135174707
H           -0.64352306258321       -0.53666715204230       -1.36223327188891
H           -0.26724871596178        1.34374120164564        0.23074329175943
H           -0.87642355863140        0.30944051103902        1.56438308855581
H            3.08633076449609       -1.06700754171955        1.32173525979695
H            3.98499927246860       -0.07958333224828        0.12618299150454
H            3.20019431440057       -1.57565454201308       -0.37140644091934
20
 energy: -27.122915585353 gnorm: 0.000816610930 xtb: 6.7.1 (edcfbbe)
C           -3.51868208741650        0.13956114004907        0.47635044627398
C           -2.58071466783649        0.15181965591399       -0.72543043231039
C           -1.22134810267733       -0.48342087576438       -0.43574582797267
C           -0.40617137711837        0.31654892781638        0.57699996542010
O            0.87999002301960       -0.28215037461850        0.78940341750330
C            1.87082271573964        0.02793259299969       -0.04083667992865
O            1.75749533575958        0.82008852353139       -0.95344982727391
C            3.12518864574532       -0.71952879461505        0.29691749379400
H           -4.50321827966839        0.49481879918464        0.18355512834168
H           -3.62062162800221       -0.86936448465348        0.86813063221120
H           -3.14872802013499        0.78426743604116        1.26847708062764
H           -3.04453979253054       -0.40201547629675       -1.54351000315102
H           -2.43114540305682        1.17890294987176       -1.06411135728207
H           -1.35646275575658       -1.49863197462854       -0.05792760002285
H           -0.64653484953249       -0.53908352863238       -1.36379864503999
H           -0.26403828843073        1.34306672693719        0.22358850912483
H           -0.87446690599040        0.31426167078049        1.56100022039571
H            3.08450419479810       -1.06762656843528        1.32323869220712
H            3.98629536555507       -0.07985532860791        0.13005855910979
H            3.20236884372975       -1.57577820682616       -0.36994105380119
20
 energy: -27.122919648087 gnorm: 0.000304521559 xtb: 6.7.1 (edcfbbe)
C           -3.52073576674538        0.13647189587088        0.47839765854737
C           -2.58331414536921        0.15282670190223       -0.72424634918815
C           -1.22335259447609       -0.48296037950655       -0.43685977191991
C           -0.40415027449982        0.31884647589178        0.57135437470196
O            0.87984634150218       -0.28389118127833        0.78500543240030
C            1.87387646904081        0.02868775806096       -0.03995684333955
O            1.76375313844855        0.82333748506327       -0.95126557730970
C            3.12677418903707       -0.72077191503997        0.29950609326484
H           -4.50447742510623        0.49560209965808        0.18751225802402
H           -3.62494279970670       -0.87430774136089        0.86486636332866
H           -3.14899726312729        0.77627609460525        1.27371226987067
H           -3.04735835068661       -0.39872307872708       -1.54366475884312
H           -2.43407611685669        1.18094043466545       -1.05961286081684
H           -1.35787940165302       -1.49714113409131       -0.05631365292483
H           -0.65146058654367       -0.54077169046078       -1.36646622394830
H           -0.25829992141556        1.34278213770933        0.21227835683027
H           -0.87182527605956        0.32378780357402        1.55545664320547
H            3.08273757676824       -1.06968217323777        1.32538574156625
H            3.98849682754646       -0.08105003504078        0.13577508003809
H            3.20537834609773       -1.57644674821045       -0.36789551526086
20
 energy: -27.122919546841 gnorm: 0.001042210645 xtb: 6.7.1 (edcfbbe)
C           -3.52201604804173        0.13453826040865        0.47971450561707
C           -2.58497811347571        0.15354190356576       -0.72358958050182
C           -1.22470024330226       -0.48278522917961       -0.43751920959488
C           -0.40282035884902        0.32015295017037        0.56776729580435
O            0.87978851875132       -0.28517216197096        0.78222423751825
C            1.87586744144835        0.02931767178587       -0.03922038271771
O            1.76754414839823        0.82540611559644       -0.94986109165212
C            3.12784022200979       -0.72151222268629        0.30113557117390
H           -4.50525332578925        0.49608654788733        0.18998565905305
H           -3.62765110136436       -0.87742309751870        0.86282269895263
H           -3.14920298236887        0.77127821919494        1.27705746611386
H           -3.04917103935167       -0.39643622080274       -1.54393031318945
H           -2.43580864565487        1.18232837395380       -1.05670026638777
H           -1.35895379630984       -1.49628780031490       -0.05522205130492
H           -0.65471303688281       -0.54196559452782       -1.36812247675988
H           -0.25458467711589        1.34241311991088        0.20501373750990
H           -0.87011262442361        0.32975581011156        1.55190092751365
H            3.08169338771254       -1.07082719215826        1.32676352610760
H            3.98990662168501       -0.08171157794152        0.13928077506362
H            3.20731861911986       -1.57688506543747       -0.36653231009266
20
 energy: -27.122921217177 gnorm: 0.000438098261 xtb: 6.7.1 (edcfbbe)
C           -3.52252539681002        0.13396699375530        0.47990801095040
C           -2.58522400057034        0.15322674599266       -0.72282873757768
C           -1.22444908876372       -0.48219174265887       -0.43807314398809
C           -0.40268625498225        0.32126644920939        0.56683754756062
O            0.87962305221657       -0.28439926757342        0.78159196016234
C            1.87613934616299        0.02898026251318       -0.03974875622923
O            1.76943722264064        0.82597433994481       -0.94957072267388
C            3.12772264736826       -0.72197187102686        0.30164573068870
H           -4.50567609381640        0.49640888624774        0.19096363339932
H           -3.62856684187651       -0.87822938079113        0.86211181443455
H           -3.14899774855330        0.76957094070625        1.27771594370184
H           -3.04950530050614       -0.39701143003883       -1.54294421687621
H           -2.43697427374464        1.18209284224919       -1.05619809515542
H           -1.35817094566028       -1.49564627781685       -0.05540016569837
H           -0.65466882338248       -0.54159439030875       -1.36891183147259
H           -0.25406044174957        1.34330351125332        0.20357215273863
H           -0.86990025436439        0.33155021593694        1.55110378237913
H            3.08100254896063       -1.07198450137694        1.32708348946391
H            3.99021308314236       -0.08255983532114        0.14061655769157
H            3.20726053048381       -1.57693968084863       -0.36650623527287
20
 energy: -27.122922200020 gnorm: 0.000187472908 xtb: 6.7.1 (edcfbbe)
C           -3.52245809573598        0.13283209443506        0.48037098251131
C           -2.58580099398758        0.15284124329409       -0.72258106118373
C           -1.22447579216109       -0.48118270747385       -0.43839054153479
C           -0.40253600373532        0.32304286432217        0.56569029364022
O            0.87959779020569       -0.28274855065263        0.78127119261260
C            1.87677433611555        0.02926701298967       -0.03987892040009
O            1.77189493286113        0.82666533288620       -0.94929670852991
C            3.12740917884838       -0.72284088401339        0.30224821820083
H           -4.50529368995178        0.49656000111970        0.19217237954483
H           -3.62957109165682       -0.87967299322020        0.86137044237078
H           -3.14836479901370        0.76699844085051        1.27899887004177
H           -3.05000344752706       -0.39800957575046       -1.54241196396282
H           -2.43877544373838        1.18181952128836       -1.05641108812755
H           -1.35702627243191       -1.49470904400965       -0.05534893745840
H           -0.65520946630688       -0.54059234295089       -1.36957846856157
H           -0.25363430978984        1.34483386165159        0.20180114161400
H           -0.86977247394324        0.33413761747684        1.55000276705308
H            3.08004106274415       -1.07380199022977        1.32735638325063
H            3.99070188745594       -0.08431722988001        0.14218984133456
H            3.20649565794395       -1.57730986208599       -0.36660610418911
20
 energy: -27.122922892187 gnorm: 0.000265250862 xtb: 6.7.1 (edcfbbe)
C           -3.52255138567995        0.13154127786734        0.48087703249953
C           -2.58636351866257        0.15225935196882       -0.72233752369669
C           -1.22412859116401       -0.48003339270545       -0.43875220199455
C           -0.40230544813784        0.32523801708981        0.56454722249616
O            0.87956426217551       -0.28097159600336        0.78115178409012
C            1.87751879491906        0.03002482916151       -0.03951127727411
O            1.77415188497683        0.82752724152392       -0.94893118951391
C            3.12694288868751       -0.72401254136374        0.30274122271362
H           -4.50508205467944        0.49689636145877        0.19359285454979
H           -3.63078650688060       -0.88141105896605        0.86040928544595
H           -3.14748843469669        0.76404153136771        1.28038161062722
H           -3.05039584218898       -0.39945379709625       -1.54172082530889
H           -2.44085951476194        1.18131127464462       -1.05670960336494
H           -1.35529134944355       -1.49358951161990       -0.05520445661364
H           -0.65546283160708       -0.53928467648290       -1.37033995461072
H           -0.25292271326878        1.34661389089687        0.19970794926906
H           -0.86975971356841        0.33756778797969        1.54877776630121
H            3.07862974050762       -1.07610053505862        1.32738049781437
H            3.99120604876855       -0.08649902219151        0.14393639937372
H            3.20537725089998       -1.57785262242391       -0.36702787457661
20
 energy: -27.122923391565 gnorm: 0.000145236780 xtb: 6.7.1 (edcfbbe)
C           -3.52245466661013        0.13020020417610        0.48142220632217
C           -2.58680029371064        0.15184515657569       -0.72227773077039
C           -1.22379908397468       -0.47899679972221       -0.43893799953702
C           -0.40196972676963        0.32736304675336        0.56354686458266
O            0.87949090454333       -0.27937586237249        0.78099096680980
C            1.87796217179311        0.03059137015947       -0.03938345165609
O            1.77574708760262        0.82831235722144       -0.94881496075044
C            3.12631606288226       -0.72515845786239        0.30314229097886
H           -4.50476952817980        0.49676297376197        0.19495052505001
H           -3.63140414432190       -0.88318431667608        0.85963451434870
H           -3.14663004556820        0.76133753148891        1.28166089336708
H           -3.05049520846382       -0.40055031601788       -1.54141318105265
H           -2.44248600008267        1.18101243276326       -1.05683416913819
H           -1.35376986075053       -1.49249732745082       -0.05482786483922
H           -0.65555856088559       -0.53810892315628       -1.37077803794161
H           -0.25211040467658        1.34825967569881        0.19754368899507
H           -0.86965102162880        0.34105914062495        1.54765004936880
H            3.07651877240975       -1.07829647156157        1.32735685396539
H            3.99146646509275       -0.08844625518749        0.14589572606266
H            3.20439004749436       -1.57831634916940       -0.36755846593893
20
 energy: -27.122923702874 gnorm: 0.000063374731 xtb: 6.7.1 (edcfbbe)
C           -3.52242353164172        0.12917880470587        0.48176413428255
C           -2.58700247141445        0.15172095823467       -0.72215241527632
C           -1.22350932667687       -0.47826816550029       -0.43906794162443
C           -0.40170038558531        0.32888157142066        0.56282042063107
O            0.87944265120696       -0.27820962766405        0.78095358025691
C            1.87823289481432        0.03096090235134       -0.03929515335233
O            1.77655576905227        0.82845775525710       -0.94901462471742
C            3.12582051099474       -0.72597134220938        0.30343315644857
H           -4.50477709354642        0.49605594890247        0.19585649126408
H           -3.63129772425387       -0.88451677481139        0.85914989178082
H           -3.14628414816060        0.75962224692571        1.28238959727929
H           -3.05045608933494       -0.40087270267657       -1.54127105935844
H           -2.44345222418748        1.18103451036472       -1.05651439758184
H           -1.35280693579738       -1.49164217300295       -0.05444135216652
H           -0.65553747221720       -0.53744456028081       -1.37106036877501
H           -0.25143973353762        1.34935254789527        0.19582761690456
H           -0.86955488433150        0.34370469150420        1.54680095729479
H            3.07482053280003       -1.07989921976253        1.32729288304794
H            3.99154746791353       -0.08975023073903        0.14746172011206
H            3.20381516009872       -1.57858233086769       -0.36796441822366
20
 energy: -27.122923991666 gnorm: 0.000084149397 xtb: 6.7.1 (edcfbbe)
C           -3.52239531772702        0.12822688632398        0.48206957945745
C           -2.58713490361166        0.15182257012970       -0.72199872248575
C           -1.22332977376517       -0.47763558321358       -0.43914402936605
C           -0.40145719705372        0.33019424629291        0.56215856419321
O            0.87938776349165       -0.27724086097525        0.78091669850457
C            1.87839945847882        0.03099592020670       -0.03943116693527
O            1.77712297108934        0.82811412950870       -0.94957478718194
C            3.12542726844323       -0.72664402645536        0.30374113685474
H           -4.50497141240835        0.49478273461615        0.19651500437430
H           -3.63067790995855       -0.88574121169919        0.85891064381523
H           -3.14639347193779        0.75842035812904        1.28296349847750
H           -3.05034403061881       -0.40063422976370       -1.54133861597929
H           -2.44407882682676        1.18135031970124       -1.05586850338099
H           -1.35221090241460       -1.49086436646707       -0.05401610631314
H           -0.65560729770852       -0.53703962603356       -1.37126683689650
H           -0.25080170281152        1.35026536307527        0.19423901671613
H           -0.86946154694062        0.34608570498203        1.54603465368879
H            3.07324683498977       -1.08132973404535        1.32727354826265
H            3.99153956886362       -0.09061474432403        0.14911792503676
H            3.20373339462188       -1.57870103994130       -0.36833278261575
20
 energy: -27.122924410186 gnorm: 0.000122930444 xtb: 6.7.1 (edcfbbe)
C           -3.52248439600107        0.12689419223959        0.48244745330900
C           -2.58731829263987        0.15214193993760       -0.72168963576675
C           -1.22311898186591       -0.47667651637432       -0.43924660305002
C           -0.40107694905257        0.33195911063570        0.56126441062509
O            0.87937122067314       -0.27590953953524        0.78093583932710
C            1.87859650307666        0.03072661541331       -0.03976353247776
O            1.77777002050224        0.82691590449603       -0.95078256806335
C            3.12499629343727       -0.72754115715608        0.30422288305429
H           -4.50553133653739        0.49241109589379        0.19720844479198
H           -3.62948051832916       -0.88738584869710        0.85880246945783
H           -3.14710324477831        0.75713082992606        1.28359002052518
H           -3.05018481880229       -0.39994568329168       -1.54145065419662
H           -2.44491678188383        1.18201878311563       -1.05470406823043
H           -1.35146521578712       -1.48971984997209       -0.05347821186607
H           -0.65575304104484       -0.53639274601699       -1.37155414308958
H           -0.24984637369985        1.35148959963960        0.19211888879825
H           -0.86928683294593        0.34928926702460        1.54499908673415
H            3.07121515591250       -1.08336282289182        1.32726960771601
H            3.99144992467134       -0.09149022318190        0.15161350379793
H            3.20416063129018       -1.57874014115734       -0.36883447316957
20
 energy: -27.122925041543 gnorm: 0.000142681998 xtb: 6.7.1 (edcfbbe)
C           -3.52268674595114        0.12463985379811        0.48311025362378
C           -2.58767232528968        0.15270711405413       -0.72109008574269
C           -1.22273481439309       -0.47484533870594       -0.43946091934364
C           -0.40047360590609        0.33505617288721        0.55984243150854
O            0.87935237577493       -0.27354055664104        0.78105169233911
C            1.87887480178209        0.02992150848672       -0.04051493761224
O            1.77886262656186        0.82413895553254       -0.95335455968553
C            3.12434645941796       -0.72909617640833        0.30510769953127
H           -4.50661498719978        0.48803778554063        0.19819147297807
H           -3.62727834812195       -0.89014746881427        0.85880444151700
H           -3.14867417605005        0.75521753803530        1.28463856467643
H           -3.04989313312236       -0.39884472652824       -1.54156363183585
H           -2.44653448526074        1.18319093348509       -1.05271958255912
H           -1.35005989142542       -1.48768401223540       -0.05281741452172
H           -0.65604727228188       -0.53488424377694       -1.37215599094624
H           -0.24826444342086        1.35375671231745        0.18883964315343
H           -0.86903007317460        0.35463043599294        1.54336337580153
H            3.06790704008173       -1.08695946954023        1.32729686936925
H            3.99122357631519       -0.09274250454890        0.15609757887250
H            3.20539038785910       -1.57873970288352       -0.36969818289722
20
 energy: -27.122925642000 gnorm: 0.000124427326 xtb: 6.7.1 (edcfbbe)
C           -3.52303608882526        0.12175745670106        0.48401370807387
C           -2.58825052157398        0.15342039844366       -0.72027612726843
C           -1.22221133415418       -0.47229028116327       -0.43988796322112
C           -0.39965324440256        0.33903827729547        0.55798750404199
O            0.87938437063663       -0.27048847582245        0.78122783661187
C            1.87920611578413        0.02859612024032       -0.04156764797286
O            1.78029421307336        0.81994030976423       -0.95702060484894
C            3.12361110557785       -0.73110265616396        0.30638214598974
H           -4.50805937813491        0.48257078519323        0.19957946143172
H           -3.62469401007755       -0.89360543942812        0.85894912971259
H           -3.15072358184895        0.75271745947305        1.28602350803978
H           -3.04970551086337       -0.39768197386450       -1.54147301475081
H           -2.44900112843398        1.18464520143413       -1.05038726627557
H           -1.34793400894893       -1.48500626312956       -0.05236255588697
H           -0.65643037343081       -0.53236098820830       -1.37312373122630
H           -0.24620421035134        1.35675015756659        0.18479853536203
H           -0.86868689502354        0.36129127503278        1.54122205035738
H            3.06377793559258       -1.09166249803882        1.32743491792761
H            3.99082993512925       -0.09406385739598        0.16215213222001
H            3.20747957647079       -1.57865219788223       -0.37070330009091
20
 energy: -27.122926023321 gnorm: 0.000086448989 xtb: 6.7.1 (edcfbbe)
C           -3.52322223051881        0.11887491121200        0.48512643138473
C           -2.58896996737387        0.15404011454755       -0.71945357012452
C           -1.22169319898453       -0.46957716564250       -0.44057513430396
C           -0.39891562830086        0.34312199933692        0.55600937541015
O            0.87934142715226       -0.26733423585702        0.78131198916241
C            1.87950100622953        0.02708684727106       -0.04272855029737
O            1.78176714389210        0.81513155142397       -0.96113766983340
C            3.12289899980332       -0.73309249558438        0.30788361418114
H           -4.50926271120524        0.47741835047605        0.20132154511412
H           -3.62220315770202       -0.89715978826739        0.85900908331628
H           -3.15236231703691        0.74993521394764        1.28776366752116
H           -3.04973626831990       -0.39672798670451       -1.54127697730720
H           -2.45181516357894        1.18600990486872       -1.04812169911590
H           -1.34564539473788       -1.48229020582173       -0.05242454542748
H           -0.65699806978370       -0.52938333007593       -1.37449744658597
H           -0.24416768892394        1.35989033600993        0.18079188471027
H           -0.86844043809060        0.36795143059514        1.53896601233716
H            3.05953288280742       -1.09637309203664        1.32775504326007
H            3.99035717942329       -0.09520900015613        0.16869540037169
H            3.21002656144449       -1.57850054949542       -0.37144973554669
20
 energy: -27.122926193184 gnorm: 0.000044692744 xtb: 6.7.1 (edcfbbe)
C           -3.52325307331325        0.11708870421114        0.48594867374068
C           -2.58953229335350        0.15444791442456       -0.71896268174513
C           -1.22140348843304       -0.46781797235286       -0.44123989146604
C           -0.39846847853740        0.34555739573477        0.55463462431453
O            0.87931856342784       -0.26544615591931        0.78130356107812
C            1.87965275163871        0.02596241450097       -0.04352966382055
O            1.78263139326962        0.81173616269597       -0.96394571405079
C            3.12250121576540       -0.73425088346183        0.30900794300172
H           -4.50982754724516        0.47472160780987        0.20285679778390
H           -3.62091022918998       -0.89934487781737        0.85908020996102
H           -3.15285214287101        0.74790600863484        1.28897001024412
H           -3.05005073503248       -0.39626911896663       -1.54095490452590
H           -2.45382438902972        1.18682033518416       -1.04697188021199
H           -1.34403826191862       -1.48063890254492       -0.05291314821293
H           -0.65740247934188       -0.52716215536557       -1.37560335545108
H           -0.24296962802969        1.36180126739855        0.17830950374765
H           -0.86835729967783        0.37181686703219        1.53737931060928
H            3.05684045899457       -1.09915002278074        1.32814201299447
H            3.98994456356099       -0.09563204605124        0.17309651984552
H            3.21199406551164       -1.57833373231922       -0.37163920960989
20
 energy: -27.122926195569 gnorm: 0.000033282046 xtb: 6.7.1 (edcfbbe)
C           -3.52324741990065        0.11709792467069        0.48595380838590
C           -2.58953372422441        0.15443943253690       -0.71895871041408
C           -1.22140312888197       -0.46781361072153       -0.44124272023023
C           -0.39847429904791        0.34555404647661        0.55463432743722
O            0.87932628325769       -0.26544136600099        0.78129742476430
C            1.87964600480387        0.02596206522793       -0.04352716916277
O            1.78263057854363        0.81172647172838       -0.96394541395986
C            3.12250516285929       -0.73425365207156        0.30900775969477
H           -4.50982178882555        0.47472733070649        0.20286194832619
H           -3.62091404400145       -0.89934179886771        0.85907372583039
H           -3.15284743788554        0.74790123154017        1.28897364151711
H           -3.05005320763282       -0.39627526998499       -1.54095704452135
H           -2.45382695220641        1.18682106464876       -1.04697398216162
H           -1.34404021089375       -1.48064307063023       -0.05291969313501
H           -0.65740511971093       -0.52715933822801       -1.37560929571853
H           -0.24296751949890        1.36180300223311        0.17831021350020
H           -0.86835885327259        0.37181293136615        1.53738241766707
H            3.05683945597861       -1.09914796963103        1.32813741828281
H            3.98993903212008       -0.09563028934994        0.17310176113232
H            3.21200015461494       -1.57832632560187       -0.37163169900812
