19
 energy: -311.009349374675 gnorm: 0.034119218097 xtb: 6.7.1 (edcfbbe)
C            3.32029882217131        0.04137828671834        0.54832343874298
C            2.16609497155985        0.39669014947578       -0.38154941416907
C            0.82460106186540       -0.04633659592053        0.19783812548767
C           -0.34117980085119        0.31558146663984       -0.73544921842590
C           -1.63065487202259       -0.17974142877965       -0.13008652985764
O           -2.04519046690628       -1.30535370087844       -0.33213008494718
C           -2.34372312363857        0.79846414185382        0.75311105883372
H            4.26665032959067        0.35966725605938        0.11886229555267
H            3.19833801071727        0.52926489873453        1.51258266197027
H            3.36072110798922       -1.03314156285781        0.71163140531534
H            2.31822628802727       -0.08443456713742       -1.34960023129804
H            2.14976933565262        1.47606956395409       -0.54430300134120
H            0.67718438720008        0.42933084719025        1.16949518821823
H            0.83128714986837       -1.12761617909968        0.35352276925666
H           -0.37545913836638        1.39495611251814       -0.87554541698798
H           -0.18686627868281       -0.17667394797829       -1.69679212565189
H           -1.64080403722708        1.26962687946261        1.43409364393548
H           -2.77526007822979        1.57618895019845        0.12600468995584
H           -3.13778068679043        0.30575903703549        1.30699770987917
19
 energy: -311.010131657158 gnorm: 0.009728500180 xtb: 6.7.1 (edcfbbe)
C            3.32959799749178        0.04190709113613        0.54956457711767
C            2.17022014305040        0.39550564876958       -0.37814169834513
C            0.82507586482869       -0.04645164741630        0.19350486136848
C           -0.34318686293909        0.31008746166453       -0.74370171002154
C           -1.63680071413088       -0.16969450223885       -0.13743054182629
O           -2.05003549328280       -1.30642089694863       -0.33552575954518
C           -2.35434302927183        0.79524889922558        0.75917893519907
H            4.28531081156652        0.35918910060729        0.12499345086920
H            3.21112707091480        0.52986166100537        1.52112837387594
H            3.37478688140372       -1.03785999405512        0.71776350086001
H            2.31873009985560       -0.08060213516548       -1.35384203730881
H            2.14862588447482        1.47759099240061       -0.54957293003542
H            0.67313596318382        0.42675176651094        1.17045083017856
H            0.83452004376226       -1.13041593795986        0.35496788444827
H           -0.37656755086902        1.39378411162692       -0.88580232066781
H           -0.19358057228844       -0.18156932528569       -1.70949155977664
H           -1.64624183995134        1.27754829631501        1.43775243335358
H           -2.78442626616532        1.58254319669554        0.13138246266478
H           -3.14969526152944        0.30267579744055        1.31982819759078
19
 energy: -311.010208807504 gnorm: 0.002698731965 xtb: 6.7.1 (edcfbbe)
C            3.33190579619219        0.04245337402757        0.54919994829175
C            2.17215586105082        0.39567277070592       -0.37845296698998
C            0.82706726083028       -0.04913128914008        0.19198067615779
C           -0.34351883378788        0.30799503027862       -0.74464953137367
C           -1.63288294358032       -0.16844268353187       -0.12995711743596
O           -2.05283516898091       -1.30519383435736       -0.33736103765122
C           -2.35929337355959        0.79450442269922        0.76016396963606
H            4.29097547102338        0.35996265306594        0.12668641559044
H            3.21700036064527        0.52951858355643        1.52434639113948
H            3.38167663805388       -1.03915055666557        0.71967466962136
H            2.32135388442705       -0.07680218752301       -1.35786726140304
H            2.14955601389163        1.47912669774705       -0.55247304726075
H            0.67027565701119        0.42209237016103        1.17096233684983
H            0.83685906666747       -1.13432135642737        0.35539299998690
H           -0.37417354160750        1.39351615324895       -0.88978669971911
H           -0.20179087676811       -0.18401598844578       -1.71260653040590
H           -1.65497809552849        1.28359725210560        1.44185445282207
H           -2.78590403715411        1.58704792691914        0.13164328257816
H           -3.15719578247017        0.30125010359915        1.31825599017303
19
 energy: -311.010223216725 gnorm: 0.001038852844 xtb: 6.7.1 (edcfbbe)
C            3.33280581221113        0.04287853543122        0.54894662857031
C            2.17269964382606        0.39563143738222       -0.37759492270732
C            0.82762566235657       -0.05015240099901        0.19209317301645
C           -0.34389215780503        0.30699918319562       -0.74384308775404
C           -1.63595013749924       -0.16556380499023       -0.13347701236088
O           -2.05473192599542       -1.30353321448763       -0.33744424747178
C           -2.35972451775615        0.79478735822278        0.76015343227949
H            4.29148922979762        0.36099044244188        0.12615582159638
H            3.21865097874871        0.52948975057416        1.52433327034453
H            3.38375122811056       -1.03861653228216        0.71927721888694
H            2.32266066940776       -0.07573861192221       -1.35749499063947
H            2.14991553083673        1.47918973804198       -0.55103901671036
H            0.66963512307495        0.42019818914263        1.17121822267793
H            0.83767036207524       -1.13540994937390        0.35486604497477
H           -0.37189682544609        1.39227753989497       -0.89158499643077
H           -0.20353388973664       -0.18690024083779       -1.71082871175387
H           -1.65659538528064        1.28577756996852        1.44171897044990
H           -2.78822049840349        1.58748477618211        0.13322756411927
H           -3.15610557080667        0.29988962833193        1.31832365408854
19
 energy: -311.010227421442 gnorm: 0.000321796717 xtb: 6.7.1 (edcfbbe)
C            3.33340594395200        0.04339850536114        0.54850442512330
C            2.17259935537164        0.39575818961675       -0.37668845589910
C            0.82806258798574       -0.05179981622709        0.19242318818475
C           -0.34368235949272        0.30591185726044       -0.74315249123717
C           -1.63593879708166       -0.16454541130557       -0.13235937277210
O           -2.05665557584476       -1.30125442763667       -0.33741608795344
C           -2.35998230209050        0.79591914026755        0.75968408868759
H            4.29088724566218        0.36274078046907        0.12476392687232
H            3.21958083434071        0.52936983780979        1.52381990960996
H            3.38539917259429       -1.03780159549467        0.71791320894679
H            2.32303658161365       -0.07439391564207       -1.35684621499861
H            2.14884622203565        1.47932917711665       -0.54832766269170
H            0.67016894266780        0.41705948179096        1.17196797541034
H            0.83900033621712       -1.13708648616411        0.35311945737525
H           -0.36950306303862        1.39077541715511       -0.89222750177160
H           -0.20470264165836       -0.18953877841512       -1.70934945484516
H           -1.65875674307745        1.28773529247041        1.44197185915115
H           -2.78905850503032        1.58770006047973        0.13257382311976
H           -3.15645393825108        0.30040197137467        1.31663254649887
19
 energy: -311.010227421442 gnorm: 0.000321796717 xtb: 6.7.1 (edcfbbe)
C            3.33340594395200        0.04339850536114        0.54850442512330
C            2.17259935537164        0.39575818961675       -0.37668845589910
C            0.82806258798574       -0.05179981622709        0.19242318818475
C           -0.34368235949272        0.30591185726044       -0.74315249123717
C           -1.63593879708166       -0.16454541130557       -0.13235937277210
O           -2.05665557584476       -1.30125442763667       -0.33741608795344
C           -2.35998230209050        0.79591914026755        0.75968408868759
H            4.29088724566218        0.36274078046907        0.12476392687232
H            3.21958083434071        0.52936983780979        1.52381990960996
H            3.38539917259429       -1.03780159549467        0.71791320894679
H            2.32303658161365       -0.07439391564207       -1.35684621499861
H            2.14884622203565        1.47932917711665       -0.54832766269170
H            0.67016894266780        0.41705948179096        1.17196797541034
H            0.83900033621712       -1.13708648616411        0.35311945737525
H           -0.36950306303862        1.39077541715511       -0.89222750177160
H           -0.20470264165836       -0.18953877841512       -1.70934945484516
H           -1.65875674307745        1.28773529247041        1.44197185915115
H           -2.78905850503032        1.58770006047973        0.13257382311976
H           -3.15645393825108        0.30040197137467        1.31663254649887
