17
 energy: -20.404960706533 gnorm: 0.020420940976 xtb: 6.7.1 (edcfbbe)
C           -3.45284955672066       -0.92283213008187       -0.21195989705994
C           -2.28368738951444       -0.17125685852239        0.41748679465752
C           -1.74294169668149        0.92701905992874       -0.50003979995445
C           -0.56057066247775        1.71405689786951        0.08953732696876
C            0.80544494450063        1.34815397342930       -0.43927694098890
Br           1.34618461125551       -0.53775957154627       -0.03022950064998
H           -4.28007689871898       -0.24193627574225       -0.44392105252519
H           -3.83647447369460       -1.69987520775925        0.45724548692541
H           -3.14904907061201       -1.40725344069640       -1.14720513651410
H           -2.60247691384700        0.28429053817045        1.36430980253906
H           -1.48021450475686       -0.87417111725216        0.66423834604864
H           -1.44719470586017        0.48838106410296       -1.46297122044105
H           -2.56305260966122        1.62128936064774       -0.72080154790478
H           -0.66312621608170        2.77941818375366       -0.16257673541082
H           -0.56826363255987        1.65737892454066        1.18434622553540
H            1.59495120674443        1.95259783322142        0.00457699342056
H            0.85681772070842        1.40715592807169       -1.52616155195818
17
 energy: -20.405730204933 gnorm: 0.008540627314 xtb: 6.7.1 (edcfbbe)
C           -3.43720685527067       -0.91365573827506       -0.21374353686881
C           -2.27039865732928       -0.16721237896969        0.41718461032696
C           -1.74235463490014        0.93068140240487       -0.50660605016312
C           -0.56930508492713        1.72018273869009        0.09057066968869
C            0.79170157916812        1.33488612426663       -0.44365445530158
Br           1.31434263442601       -0.53657155096808       -0.01661277409428
H           -4.25730990274526       -0.23112196775964       -0.43821555566572
H           -3.81013364095320       -1.68356543409157        0.46011401415477
H           -3.13097059376221       -1.39520294228986       -1.14245789620158
H           -2.59848670568142        0.28422245218688        1.35889413689336
H           -1.47344994548949       -0.87671862976895        0.65311404844745
H           -1.44055947534828        0.48678759583170       -1.46051251311111
H           -2.56298462585468        1.62096518180308       -0.71997747541291
H           -0.68128255823695        2.78265259398538       -0.15378111393690
H           -0.57976160655993        1.63594845370347        1.18084902344500
H            1.58182600236658        1.93674471965979        0.00086673374009
H            0.83975422312015        1.39563454172651       -1.52943427325236
17
 energy: -20.405850750630 gnorm: 0.002299192949 xtb: 6.7.1 (edcfbbe)
C           -3.43154837820140       -0.91302744991019       -0.21495261275844
C           -2.26534060247287       -0.16462009702272        0.41616364686489
C           -1.74192340612255        0.93430898944141       -0.50819765369048
C           -0.57082753139474        1.72502980092880        0.09251254849038
C            0.79020634797807        1.32978458767534       -0.44202430032754
Br           1.28238016077867       -0.53669416838659       -0.01122527026491
H           -4.24761056277046       -0.22968051228246       -0.43713923921560
H           -3.79931382746106       -1.68076450589245        0.46005149466822
H           -3.12199288702844       -1.39110113972643       -1.14083816857557
H           -2.59354492406756        0.28539353122708        1.35592696221637
H           -1.46877536968765       -0.87340856100077        0.64548848190404
H           -1.43695570829363        0.48688426087260       -1.45651024183217
H           -2.56507415672230        1.61828009232444       -0.72121579772554
H           -0.68486606827924        2.78559011026907       -0.14543684778834
H           -0.58210740086723        1.62691668220761        1.17981684974964
H            1.58066272555668        1.93922687770920       -0.00774875474678
H            0.83005174107796        1.38253866370161       -1.52807350428022
17
 energy: -20.405866702158 gnorm: 0.001156269158 xtb: 6.7.1 (edcfbbe)
C           -3.43212296368774       -0.91365048387096       -0.21556442284565
C           -2.26613238201302       -0.16356205263622        0.41642134235644
C           -1.74298016425146        0.93595473959082       -0.50806034358268
C           -0.57139392422855        1.72610106730264        0.09368376435826
C            0.78829788325578        1.32605446960835       -0.44449802180538
Br           1.28988272449572       -0.53197967387315       -0.00426417010809
H           -4.24862691401308       -0.23090857849661       -0.43838848074287
H           -3.79904497445800       -1.68207489570814        0.45925911812226
H           -3.12063628437860       -1.39101823467770       -1.14136536175339
H           -2.59350573667464        0.28589415921609        1.35657866447937
H           -1.46904785281642       -0.87155421335514        0.64512458717252
H           -1.43701887898983        0.48877686002292       -1.45614344546485
H           -2.56589840733992        1.61963786714142       -0.72222505711239
H           -0.68371772278718        2.78704373423412       -0.14093949284875
H           -0.58101733982199        1.62487276236132        1.18056025333734
H            1.58165708182242        1.93355514591665       -0.01269328933467
H            0.82472600790873        1.38151448935912       -1.53088805153951
17
 energy: -20.405873647006 gnorm: 0.000448966110 xtb: 6.7.1 (edcfbbe)
C           -3.43284840104591       -0.91407088123564       -0.21630116105800
C           -2.26732552373252       -0.16341024901593        0.41697912841869
C           -1.74301078545678        0.93628047778105       -0.50715685374927
C           -0.57031392373354        1.72478407889028        0.09520961927204
C            0.78958728669718        1.32598444421137       -0.44484511602680
Br           1.29149829347780       -0.53100429712397       -0.00114979575437
H           -4.25059106781133       -0.23222104427596       -0.44023635719543
H           -3.80012732781982       -1.68338060233673        0.45807463924259
H           -3.12003004443053       -1.39156296160848       -1.14235976719582
H           -2.59528966702379        0.28569593634906        1.35752260904200
H           -1.46995890870453       -0.87127062345455        0.64665802751271
H           -1.43705591172327        0.49011328992123       -1.45628607735155
H           -2.56476214299556        1.62176477422158       -0.72207564924805
H           -0.68192851073888        2.78615942197884       -0.13850438378552
H           -0.57893186674412        1.62409178216733        1.18229948801125
H            1.58243341163215        1.93916454140974       -0.01930867058267
H            0.82207524217565        1.37753907425631       -1.53192208686384
17
 energy: -20.405876606143 gnorm: 0.000467281695 xtb: 6.7.1 (edcfbbe)
C           -3.43272805407709       -0.91438653272647       -0.21724486687226
C           -2.26835252392896       -0.16295281245776        0.41696301868269
C           -1.74325517855222        0.93721884069239       -0.50583363997045
C           -0.56975203002980        1.72463343297312        0.09628310910487
C            0.78943447608977        1.32539170373271       -0.44589951430196
Br           1.29517748917174       -0.52827936015334        0.00322906034543
H           -4.25076107813690       -0.23315510491032       -0.44182174547694
H           -3.80018852229053       -1.68405505902509        0.45662291695320
H           -3.11888018790255       -1.39149284733254       -1.14313333128653
H           -2.59752653160195        0.28590650157186        1.35720316782540
H           -1.47073369753893       -0.87043529897287        0.64721384400802
H           -1.43795561583315        0.49125575345210       -1.45531671452596
H           -2.56456689303363        1.62344278012841       -0.72030253899648
H           -0.68098945090043        2.78652793176156       -0.13548169676868
H           -0.57695186372005        1.62187017229246        1.18323927407069
H            1.58288095921918        1.94156997188704       -0.02572665876412
H            0.81856885508772        1.37159708922228       -1.53339609133895
17
 energy: -20.405878683623 gnorm: 0.000379103786 xtb: 6.7.1 (edcfbbe)
C           -3.43185485873179       -0.91437403192386       -0.21831592035805
C           -2.26875186129476       -0.16236736944536        0.41689511263255
C           -1.74382633209236        0.93839202804315       -0.50499339872417
C           -0.56908245922936        1.72378101524819        0.09698241558862
C            0.78886528030036        1.32457669044518       -0.44799905230450
Br           1.29744464201027       -0.52626615799883        0.01114246860672
H           -4.25023973628946       -0.23380143646877       -0.44308769759100
H           -3.79915565468156       -1.68439613218148        0.45510836837339
H           -3.11741874833763       -1.39101238057000       -1.14407861138600
H           -2.59920339280748        0.28593047616340        1.35690252713084
H           -1.47062133113786       -0.86922446586354        0.64754624948352
H           -1.44010409220765        0.49309924266956       -1.45524224994735
H           -2.56480607188915        1.62554197756790       -0.71766930818330
H           -0.68012903463026        2.78634662377225       -0.13191260114604
H           -0.57460694058215        1.61820909296764        1.18372071791570
H            1.58248518064634        1.94360588833249       -0.03271357946677
H            0.81442556297673        1.36661610137763       -1.53568784793621
17
 energy: -20.405879647791 gnorm: 0.000192350787 xtb: 6.7.1 (edcfbbe)
C           -3.43103086539291       -0.91426490328724       -0.21919226419884
C           -2.26889650379787       -0.16199371628884        0.41729237348665
C           -1.74463938645808        0.93941364200848       -0.50434549481870
C           -0.56908933952051        1.72366313015221        0.09739306545105
C            0.78796803592577        1.32374570527364       -0.44852219300724
Br           1.30103189201986       -0.52568746957667        0.01431437983322
H           -4.24959865522628       -0.23397039970469       -0.44422411447838
H           -3.79836200507556       -1.68475037181340        0.45366542755021
H           -3.11576228822031       -1.39039377804550       -1.14491877367301
H           -2.60026410171742        0.28556996462289        1.35731585941133
H           -1.47035463909625       -0.86828398271967        0.64826818477916
H           -1.44211805489285        0.49495144659626       -1.45533300548833
H           -2.56548546427090        1.62714805376684       -0.71543313607154
H           -0.68001381486818        2.78638410033187       -0.13062461218328
H           -0.57390127315152        1.61751144001949        1.18399022232022
H            1.58188790246846        1.94454402828096       -0.03679327007679
H            0.81204871329677        1.36107027251892       -1.53625505614777
17
 energy: -20.405880119323 gnorm: 0.000156835310 xtb: 6.7.1 (edcfbbe)
C           -3.43083761930840       -0.91466252939567       -0.21958186935453
C           -2.26898569687264       -0.16212698957970        0.41741831255925
C           -1.74501822862730        0.94008373270414       -0.50353366634543
C           -0.56876875844088        1.72396731708535        0.09750004198376
C            0.78781494106646        1.32347900857119       -0.44903247247604
Br           1.30081586469424       -0.52537284316223        0.01662547572725
H           -4.24933617287960       -0.23431568074939       -0.44476930619266
H           -3.79832569977172       -1.68557054467143        0.45273024205273
H           -3.11477341405342       -1.39018658014832       -1.14538774460727
H           -2.60047653520442        0.28488449690796        1.35763882712015
H           -1.47016882780600       -0.86815096132652        0.64803249922299
H           -1.44321121403156        0.49627013985234       -1.45500842710253
H           -2.56596039203221        1.62798158475475       -0.71355422556213
H           -0.67927999860035        2.78657925629673       -0.13093532648476
H           -0.57338720213449        1.61829764758094        1.18409820942868
H            1.58227334086078        1.94459196238536       -0.03879474145045
H            0.81104576516372        1.35890814503004       -1.53684823583104
17
 energy: -20.405880535000 gnorm: 0.000138645573 xtb: 6.7.1 (edcfbbe)
C           -3.43036624594637       -0.91492395956032       -0.22011551862902
C           -2.26883988306626       -0.16228591538895        0.41768147432917
C           -1.74555606645960        0.94081286878714       -0.50263950297042
C           -0.56856916063927        1.72441745577696        0.09750732494928
C            0.78759640580462        1.32262062807704       -0.44924115140163
Br           1.30054853222184       -0.52552468243040        0.01892376336632
H           -4.24885625253930       -0.23468445862236       -0.44555669031566
H           -3.79804427056881       -1.68614283857019        0.45169132192484
H           -3.11358294756317       -1.39001371069124       -1.14590744449413
H           -2.60047916036476        0.28394999889676        1.35821353093776
H           -1.46979140342879       -0.86819203634895        0.64763668429516
H           -1.44473263302088        0.49785639702758       -1.45482226134751
H           -2.56672697548033        1.62889746160113       -0.71110246992596
H           -0.67845130924744        2.78685496591887       -0.13205469320200
H           -0.57296296907345        1.61976800314082        1.18421875061467
H            1.58244978802692        1.94443735926002       -0.04069559953655
H            0.80978470336728        1.35680962526162       -1.53713992590635
17
 energy: -20.405880923595 gnorm: 0.000113671092 xtb: 6.7.1 (edcfbbe)
C           -3.42957600751496       -0.91513638819846       -0.22074598699766
C           -2.26847636929941       -0.16253275071898        0.41788548829757
C           -1.74639107992149        0.94178125983497       -0.50162056288815
C           -0.56847476974466        1.72477442569161        0.09739705918774
C            0.78727255054585        1.32159523179764       -0.44947509342930
Br           1.30037382459754       -0.52553411163315        0.02177834976535
H           -4.24808964688133       -0.23501148812732       -0.44646895788001
H           -3.79751400232785       -1.68664199832770        0.45058826724072
H           -3.11221193460652       -1.38989046610227       -1.14651363495585
H           -2.60035111927830        0.28248984678312        1.35891447447685
H           -1.46909995244308       -0.86830112272176        0.64706533265081
H           -1.44714631700961        0.50026324072390       -1.45499720174577
H           -2.56787598725835        1.63026754660226       -0.70765593538924
H           -0.67755015698585        2.78701150974817       -0.13372975632109
H           -0.57271286967102        1.62173060571120        1.18430894548728
H            1.58255213599666        1.94398655816320       -0.04265488564638
H            0.80869185382461        1.35380526290912       -1.53747830916489
17
 energy: -20.405881205688 gnorm: 0.000070924179 xtb: 6.7.1 (edcfbbe)
C           -3.42889229956099       -0.91541324377339       -0.22114473125036
C           -2.26804915677368       -0.16272197677954        0.41772879880004
C           -1.74714598780852        0.94281365033179       -0.50092094304517
C           -0.56849874633329        1.72526206520313        0.09712499608956
C            0.78692483815257        1.32045919859948       -0.44946027912100
Br           1.30041150343277       -0.52596612545721        0.02433500528162
H           -4.24747445433416       -0.23534197475214       -0.44684144179715
H           -3.79685354476077       -1.68713364332987        0.44995893990119
H           -3.11137768003088       -1.38992731273758       -1.14698008101849
H           -2.59983853335250        0.28117811492578        1.35931475505996
H           -1.46821102197875       -0.86823981897192        0.64605224974402
H           -1.44940978857481        0.50269628665594       -1.45542339093672
H           -2.56896644596931        1.63159421781557       -0.70469759304057
H           -0.67674987041501        2.78738991251024       -0.13507723920965
H           -0.57270120855427        1.62335120260696        1.18415102572785
H            1.58231862645906        1.94358014984671       -0.04400151101623
H            0.80793392242476        1.35107645944160       -1.53752096748093
17
 energy: -20.405881405062 gnorm: 0.000061271715 xtb: 6.7.1 (edcfbbe)
C           -3.42851635301710       -0.91552285648905       -0.22124214560327
C           -2.26760423690277       -0.16281551198502        0.41742281790386
C           -1.74770522502446        0.94350651365828       -0.50084681210682
C           -0.56865051349031        1.72546864847129        0.09690625814916
C            0.78670424147926        1.31983099243564       -0.44931352817270
Br           1.30020517355591       -0.52609782005283        0.02600929929360
H           -4.24730110803758       -0.23556485628980       -0.44653800200222
H           -3.79610391216736       -1.68735624234256        0.44992175717195
H           -3.11132793226503       -1.38992790182716       -1.14723642868567
H           -2.59896333657516        0.28037452326246        1.35950538720539
H           -1.46737518203493       -0.86818069772549        0.64483874219753
H           -1.45084180752315        0.50433575250095       -1.45605714168430
H           -2.56977771649458        1.63242069634410       -0.70318460157932
H           -0.67631520023029        2.78752771132467       -0.13581439872468
H           -0.57298085817927        1.62408508116871        1.18397794581900
H            1.58220502833584        1.94314199106303       -0.04435507383054
H            0.80776909059318        1.34943113861831       -1.53739648266300
17
 energy: -20.405881562478 gnorm: 0.000048755087 xtb: 6.7.1 (edcfbbe)
C           -3.42848694387281       -0.91558219817341       -0.22110622417298
C           -2.26720959555222       -0.16299613280335        0.41693850176984
C           -1.74800963461000        0.94394821215551       -0.50099115471586
C           -0.56875950598231        1.72561379803963        0.09667935229668
C            0.78661633771222        1.31951155396613       -0.44910741506190
Br           1.30023367129514       -0.52619294651998        0.02732066748550
H           -4.24752074116188       -0.23566940612237       -0.44564895273843
H           -3.79550102707280       -1.68761229477321        0.45015763832789
H           -3.11193524798923       -1.38975499178195       -1.14743744827610
H           -2.59794776807653        0.27964711632171        1.35950420988988
H           -1.46674998871366       -0.86838634884815        0.64343576988525
H           -1.45168165565560        0.50551753778869       -1.45671286665367
H           -2.57023727810311        1.63298123193367       -0.70232791779695
H           -0.67602351575914        2.78763937559240       -0.13640840733238
H           -0.57339758086333        1.62458521805761        1.18378233343194
H            1.58206986173199        1.94296027829044       -0.04428834342506
H            0.80796076469550        1.34844715901218       -1.53719215022567
17
 energy: -20.405881705461 gnorm: 0.000035000308 xtb: 6.7.1 (edcfbbe)
C           -3.42860026969505       -0.91554968350135       -0.22093835986787
C           -2.26675949191557       -0.16327296421460        0.41646092746254
C           -1.74822328543328        0.94422117917840       -0.50118967098575
C           -0.56886690789823        1.72577079062954        0.09642641825142
C            0.78658794222086        1.31928699651954       -0.44884052594980
Br           1.30024364386866       -0.52617538097377        0.02864951753204
H           -4.24788409577755       -0.23556366328747       -0.44432786589877
H           -3.79489634776214       -1.68791732218749        0.45032812899932
H           -3.11293247536093       -1.38926287709211       -1.14780788123038
H           -2.59665900585235        0.27887550543663        1.35955004113945
H           -1.46614293877502       -0.86880062732100        0.64188312936510
H           -1.45225126257017        0.50641658117583       -1.45729743287738
H           -2.57065428137994        1.63323547786132       -0.70173061142942
H           -0.67584521410169        2.78773674780879       -0.13703915080613
H           -0.57384663066935        1.62510952569861        1.18354579131643
H            1.58195301222097        1.94293075387642       -0.04414460038583
H            0.80819776090301        1.34761612252825       -1.53693026194700
17
 energy: -20.405881858385 gnorm: 0.000034344017 xtb: 6.7.1 (edcfbbe)
C           -3.42881219903280       -0.91542271010755       -0.22074080136004
C           -2.26624276280115       -0.16367782807220        0.41598300533005
C           -1.74838539374486        0.94440498747586       -0.50135803976075
C           -0.56897326803224        1.72594677366005        0.09617087210046
C            0.78656298887793        1.31908316588025       -0.44858570554744
Br           1.30043912297003       -0.52600255572641        0.03028817821727
H           -4.24836461609811       -0.23527733896226       -0.44265099725366
H           -3.79431720352363       -1.68835742100921        0.45030669886290
H           -3.11415732640526       -1.38836246260721       -1.14835113713711
H           -2.59521536432187        0.27788123767633        1.35967484080296
H           -1.46553915427073       -0.86947340126974        0.64019060536439
H           -1.45274294743307        0.50723726989259       -1.45785928289243
H           -2.57105229784668        1.63337165472950       -0.70110454148149
H           -0.67571483258683        2.78781791919445       -0.13783512696765
H           -0.57427169316104        1.62579799217568        1.18333530793248
H            1.58182935895039        1.94304394471435       -0.04417720561615
H            0.80837774048215        1.34664593449106       -1.53668907790579
17
 energy: -20.405882062434 gnorm: 0.000042978200 xtb: 6.7.1 (edcfbbe)
C           -3.42908608637164       -0.91519038405222       -0.22058359419033
C           -2.26559894804879       -0.16427439960349        0.41546951049037
C           -1.74859012301961        0.94457687781607       -0.50142030848646
C           -0.56907692529345        1.72616282940956        0.09582960103841
C            0.78654860946229        1.31881678484379       -0.44832104710495
Br           1.30089700844464       -0.52561868859192        0.03271711646365
H           -4.24897132775112       -0.23476279740291       -0.44037807397980
H           -3.79357911605073       -1.68900493667239        0.44999810514791
H           -3.11579709590413       -1.38690882857026       -1.14928437405249
H           -2.59334802754578        0.27647914784338        1.35996494436427
H           -1.46482959358832       -0.87047655701023        0.63806849927109
H           -1.45340614311884        0.50821936619760       -1.45842973396363
H           -2.57158392288622        1.63345926585954       -0.70012355659744
H           -0.67557911397550        2.78789216202407       -0.13895414479893
H           -0.57471013171152        1.62677993721909        1.18305902953816
H            1.58166990330286        1.94338535166963       -0.04456200330723
H            0.80846118607807        1.34512203115622       -1.53645237714461
17
 energy: -20.405882366976 gnorm: 0.000047323357 xtb: 6.7.1 (edcfbbe)
C           -3.42950926112414       -0.91476066513527       -0.22039637812676
C           -2.26456682422779       -0.16527212654632        0.41472073340578
C           -1.74890660912697        0.94484253447277       -0.50141087406313
C           -0.56921800112105        1.72650182431244        0.09536224144197
C            0.78647923572701        1.31832072833514       -0.44800771691013
Br           1.30187135136826       -0.52480485297746        0.03695476847768
H           -4.24987516499000       -0.23384808223067       -0.43689340329398
H           -3.79252243130013       -1.69007841590710        0.44925536313962
H           -3.11824210585878       -1.38439804683707       -1.15083223471078
H           -2.59051598354124        0.27411360585270        1.36047528829758
H           -1.46370775761940       -0.87212535073300        0.63483665738302
H           -1.45456105112270        0.50978362028124       -1.45927080587071
H           -2.57242779557101        1.63360613934976       -0.69837486022862
H           -0.67535463375780        2.78799871062016       -0.14066567691830
H           -0.57520200476820        1.62835702194491        1.18270487374320
H            1.58138230244700        1.94408685080917       -0.04566135093735
H            0.80829688660914        1.34233366652415       -1.53619903214113
17
 energy: -20.405882757508 gnorm: 0.000049093654 xtb: 6.7.1 (edcfbbe)
C           -3.43009082851047       -0.91410213196519       -0.22025152184847
C           -2.26301550443040       -0.16686667324576        0.41363139302485
C           -1.74951049026434        0.94533307218271       -0.50117956611982
C           -0.56939339102978        1.72699009951818        0.09459775978377
C            0.78638719611407        1.31748488896682       -0.44761987118364
Br           1.30374851598022       -0.52334473262352        0.04408861050170
H           -4.25111806836517       -0.23235832702551       -0.43160655929794
H           -3.79095848332488       -1.69171820655367        0.44789527283580
H           -3.12201892178983       -1.38050832880562       -1.15339374184870
H           -2.58611613749178        0.27025677172460        1.36142666559159
H           -1.46200588670278       -0.87476004989509        0.62974127745640
H           -1.45663094834085        0.51245233105773       -1.46048179626455
H           -2.57385609467835        1.63398608065655       -0.69518464259014
H           -0.67495993442545        2.78812594169364       -0.14341450857813
H           -0.57585748045595        1.63083054699399        1.18212370845740
H            1.58094392979638        1.94536363746971       -0.04787097052030
H            0.80787267994158        1.33749224198597       -1.53590391671183
17
 energy: -20.405883078258 gnorm: 0.000052277586 xtb: 6.7.1 (edcfbbe)
C           -3.43079833070589       -0.91324509408648       -0.22008872442876
C           -2.26096997570629       -0.16891802764892        0.41218153974347
C           -1.75027135402013        0.94601403815218       -0.50087125764648
C           -0.56961711906995        1.72763499100464        0.09374578350354
C            0.78618111392602        1.31634509710588       -0.44717056008814
Br           1.30608092617598       -0.52140459113479        0.05327962051646
H           -4.25252456384018       -0.23047271291580       -0.42538376947045
H           -3.78916960686120       -1.69357520506779        0.44623570858840
H           -3.12652593088608       -1.37581172600220       -1.15637746223957
H           -2.58057216640083        0.26525871322488        1.36251024138161
H           -1.45972478810971       -0.87801953852850        0.62328018243598
H           -1.45945301848270        0.51596632012898       -1.46207330954922
H           -2.57566902027362        1.63453031282410       -0.69094981018403
H           -0.67440365650790        2.78831532979442       -0.14670563861908
H           -0.57654535644414        1.63393432522023        1.18148909104165
H            1.58031282948879        1.94700591824411       -0.05093890281194
H            0.80709016974003        1.33109901182058       -1.53556513948547
17
 energy: -20.405883213993 gnorm: 0.000033277906 xtb: 6.7.1 (edcfbbe)
C           -3.43112200305416       -0.91281805041445       -0.22004718162121
C           -2.25974793426908       -0.17013900070573        0.41129173412057
C           -1.75088929826686        0.94660787109312       -0.50057578257860
C           -0.56974213286824        1.72802401069161        0.09318135288711
C            0.78604275556040        1.31555072564351       -0.44693458033384
Br           1.30765841099097       -0.52015341207589        0.05921050537417
H           -4.25312663899184       -0.22937211910761       -0.42185696036103
H           -3.78820511258528       -1.69460499888707        0.44525070745097
H           -3.12913944488919       -1.37325517536322       -1.15811797356754
H           -2.57714685030948        0.26206293870704        1.36326244993359
H           -1.45833773274060       -0.87998125037393        0.61912895944277
H           -1.46143475305669        0.51851033483076       -1.46306163617988
H           -2.57692285314802        1.63511493081868       -0.68799223830570
H           -0.67398415725188        2.78843030976324       -0.14877665462743
H           -0.57696670138367        1.63584601294498        1.18105584923665
H            1.57996365366586        1.94793480557254       -0.05305692871763
H            0.80652094461998        1.32689922899797       -1.53536402946499
17
 energy: -20.405883234057 gnorm: 0.000022007166 xtb: 6.7.1 (edcfbbe)
C           -3.43102463802946       -0.91283783102881       -0.22008100090994
C           -2.25966611266579       -0.17012756158405        0.41122011855584
C           -1.75095708799399        0.94673639290968       -0.50054603354555
C           -0.56977588984483        1.72809428986536        0.09321074499613
C            0.78593705943223        1.31546931133660       -0.44695478992175
Br           1.30741712691645       -0.52017676070347        0.05939983292254
H           -4.25302326398187       -0.22944363904321       -0.42207084379772
H           -3.78814068282251       -1.69451087958199        0.44533125103337
H           -3.12897362183738       -1.37344792256327       -1.15802752979681
H           -2.57703839594896        0.26198350259769        1.36321820537302
H           -1.45814922219492       -0.87986584817157        0.61895369295324
H           -1.46164110842498        0.51872942420209       -1.46310096210060
H           -2.57701060041085        1.63524518471011       -0.68778996402486
H           -0.67392848533529        2.78851048043598       -0.14872593635223
H           -0.57695133486296        1.63589405413339        1.18107813173250
H            1.57993842365893        1.94776854129629       -0.05314256043559
H            0.80640798636839        1.32663642332474       -1.53537476399360
