16
 energy: -21.774117454040 gnorm: 0.027668577603 xtb: 6.7.1 (edcfbbe)
C           -2.96948774817096       -0.30384136569531        0.14120559725148
O           -1.74209890170861        0.12216627568317       -0.45216420740517
C           -0.62385962798798       -0.24098909126946        0.35552067588832
C            0.62347938537636        0.24641946746918       -0.35261423263754
O            1.74209874132422       -0.12260844893908        0.45187446159377
C            2.96983681799335        0.29945677714849       -0.14356384743644
H           -2.99183072885796       -1.39644763262359        0.25924753351185
H           -3.77685184790598        0.00269275327536       -0.52774610005851
H           -3.11571292462902        0.16445371873854        1.12480108495121
H           -0.70323903043320        0.22377581653759        1.35063771512950
H           -0.58452209034359       -1.33362851474612        0.48636977125467
H            0.58697566714738        1.33958927302345       -0.47971216089022
H            0.69983343998109       -0.21521812598572       -1.34943219036958
H            2.99754198645273        1.39236207521943       -0.25763047166012
H            3.11059865461283       -0.16596168955877       -1.12931901021499
H            3.77764731081164       -0.01380661980571        0.52172719309886
16
 energy: -21.774987204877 gnorm: 0.010010035623 xtb: 6.7.1 (edcfbbe)
C           -2.97548661651373       -0.30640091551352        0.14484070090479
O           -1.75183936832895        0.11299768321040       -0.43748902069806
C           -0.62796692299969       -0.24028786380939        0.35357082328125
C            0.62760082831101        0.24555980024668       -0.35073030032792
O            1.75185925660454       -0.11351039008102        0.43717372974580
C            2.97583860301796        0.30207825339702       -0.14717234224417
H           -2.99425879697368       -1.39555119131912        0.25948333404129
H           -3.76534213874057        0.00792311435360       -0.53471473617252
H           -3.11743495185797        0.16355345723914        1.12395930707556
H           -0.70121502175353        0.22393362267228        1.34675269130874
H           -0.58270954447893       -1.33031303479858        0.48416551223088
H            0.58512825906080        1.33612032037723       -0.47763531296589
H            0.69784893336796       -0.21557428941121       -1.34557870167569
H            2.99966915395922        1.39152730759384       -0.25793337175602
H            3.11259908994179       -0.16502218409226       -1.12839655897315
H            3.76611834104608       -0.01861902159364        0.52890605823218
16
 energy: -21.775112879679 gnorm: 0.003623044672 xtb: 6.7.1 (edcfbbe)
C           -2.97263395574014       -0.30682354442003        0.14605710476666
O           -1.75011807567297        0.10902532641335       -0.43065204409373
C           -0.62864431127452       -0.24145888048895        0.35525393585226
C            0.62829704575114        0.24649261113390       -0.35251982048072
O            1.75015994845153       -0.10963636661192        0.43029160845857
C            2.97297948851472        0.30265277339670       -0.14831951012847
H           -2.99686784688669       -1.39476888924162        0.26045231736235
H           -3.75252109329154        0.01224422113363       -0.53982214967904
H           -3.11924975990279        0.16201552215449        1.12379411554195
H           -0.69658382092990        0.22307274504650        1.34846412284641
H           -0.57804627278632       -1.33106183005444        0.48601071204788
H            0.58041109827749        1.33663435613466       -0.47962963646706
H            0.69329308845143       -0.21497791663612       -1.34736899694961
H            3.00192973486851        1.39086139937164       -0.25900668165628
H            3.11473379943324       -0.16345266693623       -1.12808381911003
H            3.75327003639909       -0.02240419192409        0.53428055369592
16
 energy: -21.775129413865 gnorm: 0.001268375984 xtb: 6.7.1 (edcfbbe)
C           -2.97181553231983       -0.30649163214822        0.14572079335863
O           -1.74841773421749        0.10772803019427       -0.42850090832410
C           -0.62854488875819       -0.24218556884485        0.35625099131451
C            0.62821587882727        0.24699086909808       -0.35362374211006
O            1.74847634346057       -0.10842152644287        0.42810167892323
C            2.97215099279319        0.30247828977355       -0.14790857544915
H           -2.99933644221428       -1.39466746778732        0.26067984329429
H           -3.74963243767969        0.01397979708284       -0.54177525600305
H           -3.12115820332451        0.16147354247665        1.12388009376303
H           -0.69319056318085        0.22210070694070        1.35020424745532
H           -0.57459063967518       -1.33190229158964        0.48786452779426
H            0.57690404841048        1.33724702431267       -0.48165387593545
H            0.68998040733595       -0.21428033167370       -1.34917880120768
H            3.00409451681048        1.39089544808663       -0.25933661533663
H            3.11691751262522       -0.16288025997651       -1.12800299658082
H            3.75035584476916       -0.02364996103083        0.53648040705076
16
 energy: -21.775131468910 gnorm: 0.000466247707 xtb: 6.7.1 (edcfbbe)
C           -2.97189924374307       -0.30611386993637        0.14528941383005
O           -1.74732276850979        0.10701837432418       -0.42758242437366
C           -0.62838965109128       -0.24273699384834        0.35677014169034
C            0.62808893373771        0.24719002787231       -0.35431255623536
O            1.74740137030168       -0.10780873064088        0.42713985355681
C            2.97221649866534        0.30235025122908       -0.14735472199058
H           -3.00142761232189       -1.39475308046845        0.26042535267354
H           -3.74972224269177        0.01492971327142       -0.54239151249663
H           -3.12256173878712        0.16151215042300        1.12400365547506
H           -0.69107942961250        0.22107974495005        1.35149831792234
H           -0.57241913680741       -1.33263159819026        0.48931382876620
H            0.57464364171297        1.33761137697297       -0.48341057807172
H            0.68801259823140       -0.21372273620124       -1.35057431646293
H            3.00575043768371        1.39120977672750       -0.25922093288242
H            3.11870969841693       -0.16285226215731       -1.12785960951020
H            3.75040774847739       -0.02386747585620        0.53746790011624
16
 energy: -21.775131842576 gnorm: 0.000071961795 xtb: 6.7.1 (edcfbbe)
C           -2.97201263415582       -0.30615428621571        0.14544150493814
O           -1.74765579561129        0.10718248888936       -0.42800109885114
C           -0.62844296144283       -0.24267177052468        0.35649025089707
C            0.62815161842875        0.24700717046670       -0.35409431882315
O            1.74773727120126       -0.10798181536305        0.42755515074014
C            2.97232350008770        0.30247796110423       -0.14746050243604
H           -3.00098491219511       -1.39469712942651        0.26034506886713
H           -3.75012343197102        0.01480644403478       -0.54191946388459
H           -3.12196088928980        0.16163943392898        1.12403409230426
H           -0.69177396143474        0.22119050326630        1.35107540667521
H           -0.57312979650478       -1.33254920747291        0.48882296819679
H            0.57531213466436        1.33739828901152       -0.48305246114494
H            0.68877127165903       -0.21401233303016       -1.35018356653042
H            3.00518514372312        1.39123941930547       -0.25916862551345
H            3.11821788028559       -0.16294246412726       -1.12779951408864
H            3.75079466621787       -0.02351803537561        0.53711692066070
16
 energy: -21.775131857529 gnorm: 0.000023138550 xtb: 6.7.1 (edcfbbe)
C           -2.97197902000285       -0.30609179250082        0.14549767712289
O           -1.74762170242833        0.10711161927732       -0.42803473061304
C           -0.62845155675817       -0.24278239935473        0.35641364303397
C            0.62817639842694        0.24691116690631       -0.35412425306140
O            1.74770923347850       -0.10793416165601        0.42757924309262
C            2.97227880259321        0.30256724524124       -0.14743733751032
H           -3.00109576874910       -1.39461505051931        0.26032298585123
H           -3.75003854917252        0.01506302568121       -0.54181110161514
H           -3.12175496728844        0.16165132897736        1.12411376059174
H           -0.69175861170327        0.22105094569409        1.35101976495251
H           -0.57313786975260       -1.33266918918272        0.48870823449392
H            0.57524886811327        1.33729444047744       -0.48315815510968
H            0.68886387954456       -0.21417501904643       -1.35018385113278
H            3.00507004035796        1.39130053884517       -0.25920598398491
H            3.11821527731202       -0.16289921841337       -1.12772124359891
H            3.75068464969111       -0.02336881195530        0.53722315949437
