20
 energy: -27.116991127833 gnorm: 0.031457246719 xtb: 6.7.1 (edcfbbe)
C           -3.47035273150376        0.44948216430108       -0.01132766360849
C           -2.62876007871749       -0.74564574276864        0.43002348435386
C           -1.20254339658904       -0.73512445744185       -0.12378986265294
C           -0.38342263776889        0.47554675214454        0.36513645787501
C            1.00506575842152        0.40036647285325       -0.19414110285900
O            1.32941385441918        0.81686227555364       -1.29496348009417
O            1.84589209724517       -0.23532810268756        0.64889734448011
C            3.21227684007836       -0.46653052972208        0.22160114412081
H           -4.50184435180862        0.35205781949217        0.34216281768523
H           -3.07715812205961        1.39216729021975        0.38282340069202
H           -3.49565679629539        0.52720304282853       -1.10454320514094
H           -2.59002806259834       -0.78836305495232        1.52613109765734
H           -3.11396918219492       -1.67133032690688        0.09757387808453
H           -1.23265940641023       -0.72594198250378       -1.22050222689448
H           -0.68812203811872       -1.65444104429320        0.17961982643064
H           -0.35095977598500        0.48469273207147        1.45831889812948
H           -0.83220444499276        1.40646414822464        0.01028476260715
H            3.39115701474614       -1.54217458893598        0.28016763214668
H            3.86859651594882        0.06070518950909        0.91733851777599
H            3.37179097004878       -0.10908053221817       -0.79590311394372
20
 energy: -27.118078113684 gnorm: 0.011785178120 xtb: 6.7.1 (edcfbbe)
C           -3.46578286152513        0.44735365388876       -0.01254089182855
C           -2.62484018449512       -0.74103639896781        0.43315990593849
C           -1.20268708354451       -0.72680026742869       -0.12687250854863
C           -0.38030683819264        0.47546324598524        0.36513126131630
C            1.00743329146126        0.38440133724339       -0.19887622537306
O            1.33897724338881        0.80442306659567       -1.28810243905042
O            1.84158365618521       -0.24157550359943        0.63801581926517
C            3.20179383824453       -0.46506836843575        0.22513840297043
H           -4.49005955300827        0.33801243911291        0.34081715591055
H           -3.07368932249044        1.38182098379318        0.38496918550143
H           -3.48585022849486        0.51826477651243       -1.09997029454774
H           -2.58471516416911       -0.77217156127802        1.52552385197005
H           -3.10917399605707       -1.66189995494209        0.09688114848715
H           -1.23514665501242       -0.71015220900555       -1.22004450282450
H           -0.69216912009191       -1.64407536679349        0.17837735962225
H           -0.33730279923098        0.47249924499118        1.45499207608301
H           -0.83046800800726        1.40281148344076        0.00957933319931
H            3.38299474886970       -1.53755093168215        0.27998310196810
H            3.85077946008179        0.06663097356263        0.91981090432987
H            3.34514160195363       -0.09976311822549       -0.79106403754409
20
 energy: -27.118232444221 gnorm: 0.004207047916 xtb: 6.7.1 (edcfbbe)
C           -3.46428477564419        0.44628494927968       -0.01382376758714
C           -2.62079356656590       -0.73979919743954        0.43530412643800
C           -1.19998743940292       -0.72440808552132       -0.12796942427024
C           -0.37936070902545        0.47689938008247        0.36633492535088
C            1.01004120696615        0.38735599703231       -0.19841569920933
O            1.34131005577284        0.79745178530185       -1.29035058886718
O            1.83569506625982       -0.24190505879850        0.63177446724679
C            3.19145843997955       -0.46659423039453        0.22719592231062
H           -4.48617629079604        0.33111764526284        0.33740582578830
H           -3.07492567610114        1.37853007918831        0.38445744453030
H           -3.47997486432317        0.51332631121722       -1.09877231042308
H           -2.57617566042775       -0.76278292360772        1.52547360517528
H           -3.10262492195384       -1.66108468603381        0.10219487422148
H           -1.23716978518424       -0.70085296554565       -1.21915875867413
H           -0.69052443778380       -1.64208406620303        0.17352603015210
H           -0.32846378946702        0.46750376757077        1.45414600334793
H           -0.83024799685389        1.40252999196913        0.01196996888310
H            3.37531139693139       -1.53735542823223        0.27935094255708
H            3.83802183979610        0.06481764048446        0.92225086491160
H            3.33538393368870       -0.09736338084503       -0.78798584503722
20
 energy: -27.118257399007 gnorm: 0.001575267643 xtb: 6.7.1 (edcfbbe)
C           -3.46508112754061        0.44528224026045       -0.01454654325774
C           -2.61932349788490       -0.73926221395819        0.43752793590344
C           -1.19977041464391       -0.72230874046531       -0.12962874171931
C           -0.37929339285226        0.47795471727201        0.36706298916627
C            1.00907988223055        0.38397983270885       -0.20180937556897
O            1.34007207218450        0.79788204023564       -1.29359021288889
O            1.83298789802394       -0.24365763938363        0.62834687189084
C            3.18901645737869       -0.46701156854311        0.22871656677978
H           -4.48731580068379        0.32779222348048        0.33486082270033
H           -3.07807251926784        1.37843478953174        0.38393503859551
H           -3.47820878401010        0.51098468503997       -1.09963312664682
H           -2.57178679696895       -0.75829520846200        1.52746147407669
H           -3.10007569849125       -1.66225164232808        0.10829339125283
H           -1.23937670266363       -0.69525417672124       -1.22055440656874
H           -0.68932108442855       -1.64064756850596        0.16788573208744
H           -0.32422099972993        0.46454112186621        1.45448847223160
H           -0.82956302444442        1.40503212209885        0.01658927149717
H            3.37463772887157       -1.53747065283549        0.28093803830283
H            3.83422034899576        0.06456439639003        0.92518637235697
H            3.33790748179034       -0.09870123291354       -0.78662196334611
20
 energy: -27.118270746889 gnorm: 0.002053150944 xtb: 6.7.1 (edcfbbe)
C           -3.46797947356978        0.44206829243124       -0.01579846037186
C           -2.61751685549413       -0.73841570132652        0.44102410924960
C           -1.20002013091925       -0.71830889392484       -0.13216575401094
C           -0.37816690482862        0.47985459289691        0.36733850067247
C            1.01011663654110        0.38607532412305       -0.20407292230491
O            1.33802045452481        0.79940478131467       -1.29839710294435
O            1.83137047733569       -0.24408984899929        0.62477759407752
C            3.18764331981110       -0.46953416657277        0.23012866759176
H           -4.49143102481476        0.32109955184964        0.33013687551949
H           -3.08588560939481        1.37797596199324        0.38243575480797
H           -3.47709796055486        0.50585701977504       -1.10157881375751
H           -2.56524130329404       -0.75021039122572        1.53106130640081
H           -3.09720989650098       -1.66501713818575        0.12006923625064
H           -1.24386139788737       -0.68590716811853       -1.22301231338858
H           -0.68714337144911       -1.63782782366977        0.15814815893727
H           -0.31944113886554        0.46146952288411        1.45448682662938
H           -0.82900878420712        1.40884475731425        0.02321600809320
H            3.37323332093370       -1.54044638354053        0.28296715735885
H            3.83158366287194        0.06117561282249        0.92931058858657
H            3.34454800562720       -0.10248037707324       -0.78516681055228
20
 energy: -27.118274985335 gnorm: 0.001258127861 xtb: 6.7.1 (edcfbbe)
C           -3.46934231910986        0.44096072787755       -0.01613963584707
C           -2.61704376569410       -0.73745112413398        0.44161610096072
C           -1.20031084594826       -0.71720995043802       -0.13285175575498
C           -0.37755606978857        0.48006521843552        0.36735452123082
C            1.01070355258405        0.38624559051794       -0.20400388404669
O            1.33851724893333        0.79969158379045       -1.29793266378227
O            1.83219639727731       -0.24401646262859        0.62507025687890
C            3.18855521753050       -0.47017986528029        0.23008553158078
H           -4.49285848335918        0.31877216714544        0.32920532364901
H           -3.08916096378426        1.37796618037219        0.38140368942837
H           -3.47824695202444        0.50413624348723       -1.10195584229879
H           -2.56373025074068       -0.74755762665249        1.53167491443495
H           -3.09610843098988       -1.66522061260897        0.12294889106029
H           -1.24543072806215       -0.68349786457822       -1.22365012761974
H           -0.68728968301300       -1.63731556514804        0.15557652129129
H           -0.31923400163874        0.46087305687682        1.45460327762138
H           -0.82806845088914        1.40976577068847        0.02436620564141
H            3.37310606173448       -1.54130827722547        0.28339912320665
H            3.83264881752580        0.06027915247356        0.92932581950010
H            3.34516567532198       -0.10341081820343       -0.78518766029001
20
 energy: -27.118280340884 gnorm: 0.001356085663 xtb: 6.7.1 (edcfbbe)
C           -3.47495637874909        0.43595409010767       -0.01831634379622
C           -2.61497895436831       -0.73361690036315        0.44477253146930
C           -1.20157250230537       -0.71150907549412       -0.13618126182029
C           -0.37485777191626        0.48131019808101        0.36810807000633
C            1.01338439903731        0.38712678748096       -0.20293400176882
O            1.34196003135740        0.79993157403398       -1.29574099170093
O            1.83507880346032       -0.24379859783802        0.62692131468193
C            3.19126267369901       -0.47321335306514        0.23000635196526
H           -4.49804507132512        0.30756686791665        0.32573516298606
H           -3.10290989152409        1.37776490169197        0.37554109932975
H           -3.48350552351107        0.49514364553689       -1.10426605697983
H           -2.55670316211626       -0.73502923772193        1.53475868868532
H           -3.09105093642961       -1.66653922458421        0.13629028591216
H           -1.25195154207828       -0.67105209576391       -1.22657058033118
H           -0.68813626469393       -1.63406449384945        0.14377287921069
H           -0.31768768453718        0.45786740066859        1.45556481097022
H           -0.82346288381986        1.41384466917807        0.02946944227756
H            3.37200224424450       -1.54491821418294        0.28458223433990
H            3.83671224289206        0.05599998178335        0.92863106398767
H            3.34593019854900       -0.10718139884862       -0.78523609257978
20
 energy: -27.118281794376 gnorm: 0.000330023256 xtb: 6.7.1 (edcfbbe)
C           -3.47477878110182        0.43621191555507       -0.01845206921109
C           -2.61497059899500       -0.73400664591608        0.44451177741652
C           -1.20102219579231       -0.71169634068218       -0.13583611359944
C           -0.37514533579587        0.48162781003585        0.36858015186605
C            1.01299167272340        0.38708463476540       -0.20257591795723
O            1.34195145548539        0.79963007371678       -1.29584569675922
O            1.83448175852253       -0.24384094931071        0.62710211012113
C            3.19038836598890       -0.47319757556316        0.23005643412589
H           -4.49752773610239        0.30857815875823        0.32685117355368
H           -3.10133885197549        1.37767898349235        0.37464715615579
H           -3.48398910676830        0.49456841084920       -1.10443433659259
H           -2.55706802772277       -0.73565030377440        1.53435090887005
H           -3.09100975606873       -1.66650328981135        0.13525980093230
H           -1.25087053724711       -0.67117582779330       -1.22612343606913
H           -0.68753697707154       -1.63399126208750        0.14452794385139
H           -0.31737804297229        0.45815758138066        1.45586106483394
H           -0.82374647947741        1.41383680341173        0.02943301320332
H            3.37172282308237       -1.54474041704817        0.28407772218041
H            3.83625895899640        0.05605479700183        0.92826177136627
H            3.34509941815723       -0.10703903221261       -0.78534485144295
20
 energy: -27.118282434992 gnorm: 0.000208635981 xtb: 6.7.1 (edcfbbe)
C           -3.47513465990491        0.43568643515284       -0.01911404705201
C           -2.61478586967202       -0.73410114559050        0.44466435649217
C           -1.20075157354150       -0.71090595954321       -0.13585017223939
C           -0.37503410563579        0.48226150359845        0.36934892387456
C            1.01294019897607        0.38744430773132       -0.20187457129343
O            1.34210099230114        0.79974335976238       -1.29537520705973
O            1.83449526673364       -0.24371099563817        0.62758592798140
C            3.19002545667906       -0.47368581387807        0.22992223890896
H           -4.49726389870440        0.30854669363583        0.32817014383586
H           -3.10089649821855        1.37773264143065        0.37184871089260
H           -3.48608748797471        0.49210901081663       -1.10519586663445
H           -2.55675582085919       -0.73496461350646        1.53444820556789
H           -3.09027707496962       -1.66694414288266        0.13577754543048
H           -1.25056076708154       -0.66967820190190       -1.22607293625317
H           -0.68713988816180       -1.63321553284758        0.14403435478683
H           -0.31703790250763        0.45823709246045        1.45653947245160
H           -0.82354855845731        1.41453015119331        0.03042093584374
H            3.37110714041169       -1.54526327477515        0.28362091970471
H            3.83663080473448        0.05533058774045        0.92765014897595
H            3.34448627171807       -0.10756457819097       -0.78564047736945
20
 energy: -27.118283111508 gnorm: 0.000471621110 xtb: 6.7.1 (edcfbbe)
C           -3.47624981004372        0.43450399441618       -0.02018160869283
C           -2.61424225418035       -0.73370567899468        0.44483162441375
C           -1.20022414413942       -0.70957992527509       -0.13591257345694
C           -0.37462981995472        0.48318072146802        0.37061266088489
C            1.01310111989408        0.38818882137082       -0.20084009365362
O            1.34230777286853        0.80028553814334       -1.29450632565819
O            1.83475199049043       -0.24342569391838        0.62824430238845
C            3.18969684644784       -0.47459064170787        0.22963576609400
H           -4.49733128251939        0.30838783123916        0.33059381988661
H           -3.10073708154909        1.37776147045093        0.36658073224248
H           -3.49028805407558        0.48726250819906       -1.10641164811156
H           -2.55600277446990       -0.73308936634796        1.53454219185687
H           -3.08873466279248       -1.66737646410731        0.13709034423271
H           -1.25026967878302       -0.66683621868876       -1.22602906761989
H           -0.68631223333162       -1.63210667938657        0.14267715232830
H           -0.31652580802143        0.45799151299492        1.45772858310645
H           -0.82297875819485        1.41579954366326        0.03252374578589
H            3.36995954288864       -1.54630868625174        0.28307874126086
H            3.83742431814310        0.05386424353579        0.92675531041673
H            3.34379679718815       -0.10861930603549       -0.78610505085984
20
 energy: -27.118283679493 gnorm: 0.000407884407 xtb: 6.7.1 (edcfbbe)
C           -3.47716082991591        0.43315624799367       -0.02148403056270
C           -2.61376300482808       -0.73332212717668        0.44506500680641
C           -1.19993730684813       -0.70803550602151       -0.13597259995911
C           -0.37414584215039        0.48404736793313        0.37198019353786
C            1.01338862758651        0.38912637635191       -0.19986950887867
O            1.34234925688114        0.80158785978793       -1.29342440139444
O            1.83509549503724       -0.24319713126303        0.62867869066237
C            3.18952826907134       -0.47556359899545        0.22920739882541
H           -4.49696336184300        0.30844914031364        0.33349173081608
H           -3.10026769712584        1.37795517747115        0.36020476444679
H           -3.49519569027119        0.48171905462642       -1.10786235701964
H           -2.55531838449963       -0.73119445051284        1.53478371724304
H           -3.08717001131120       -1.66801209171482        0.13866521888101
H           -1.25009632568665       -0.66401101394933       -1.22603654921170
H           -0.68582146661871       -1.63079917904020        0.14141859494514
H           -0.31599353835207        0.45752491116100        1.45908137871678
H           -0.82237008859657        1.41718940587101        0.03515569642836
H            3.36874561438801       -1.54748721844466        0.28250446628615
H            3.83826487865147        0.05217709669292        0.92593378121484
H            3.34334343229688       -0.10972279631661       -0.78661258493889
20
 energy: -27.118283712369 gnorm: 0.000395895978 xtb: 6.7.1 (edcfbbe)
C           -3.47807184978810        0.43180850157115       -0.02278645243256
C           -2.61328375547581       -0.73293857535869        0.44529838919908
C           -1.19965046955684       -0.70649108676793       -0.13603262646128
C           -0.37366186434607        0.48491401439825        0.37334772619082
C            1.01367613527894        0.39006393133300       -0.19889892410372
O            1.34239074089376        0.80289018143252       -1.29234247713068
O            1.83543899958405       -0.24296856860767        0.62911307893629
C            3.18935969169484       -0.47653655628304        0.22877903155682
H           -4.49659544116661        0.30851044938811        0.33638964174555
H           -3.09979831270259        1.37814888449137        0.35382879665110
H           -3.50010332646681        0.47617560105378       -1.10931306592772
H           -2.55463399452937       -0.72929953467773        1.53502524262921
H           -3.08560535982993       -1.66864771932233        0.14024009352931
H           -1.24992297259028       -0.66118580920991       -1.22604403080351
H           -0.68533069990579       -1.62949167869383        0.14016003756198
H           -0.31546126868271        0.45705830932709        1.46043417432711
H           -0.82176141899829        1.41857926807875        0.03778764707084
H            3.36753168588737       -1.54866575063758        0.28193019131144
H            3.83910543915984        0.05048994985004        0.92511225201295
H            3.34289006740560       -0.11082628659772       -0.78712011901795
20
 energy: -27.118283956446 gnorm: 0.000142042528 xtb: 6.7.1 (edcfbbe)
C           -3.47794939842506        0.43219799585266       -0.02245424256815
C           -2.61343121771157       -0.73281159895009        0.44522367622117
C           -1.19972836332952       -0.70717879269292       -0.13588907807023
C           -0.37378380478535        0.48441202959734        0.37292957609008
C            1.01372059390183        0.38987349963935       -0.19924470869087
O            1.34238537608770        0.80319510460842       -1.29245165949707
O            1.83533902243455       -0.24333742990954        0.62870020953622
C            3.18959308406039       -0.47624322778670        0.22877098918657
H           -4.49688474668735        0.30880189024729        0.33545124116034
H           -3.10001169320137        1.37812471540387        0.35533830460321
H           -3.49880641821399        0.47758442314681       -1.10888433059534
H           -2.55492149253977       -0.72955316966422        1.53498597383605
H           -3.08617731773189       -1.66825420044960        0.13996286732531
H           -1.24999233932809       -0.66234660396999       -1.22594402744059
H           -0.68550813673544       -1.63015747172481        0.14072942662078
H           -0.31553316834958        0.45689171129459        1.46003148440041
H           -0.82196007970395        1.41801103036204        0.03721967930132
H            3.36812462309779       -1.54831918561267        0.28184409771482
H            3.83875791002468        0.05091368673535        0.92553600590004
H            3.34327959300119       -0.11021688135957       -0.78694687818899
20
 energy: -27.118283926307 gnorm: 0.000184751488 xtb: 6.7.1 (edcfbbe)
C           -3.47788994351512        0.43249408446838       -0.02217044144137
C           -2.61352695336060       -0.73269606091216        0.44514078857010
C           -1.19976076524429       -0.70772342630189       -0.13577946344589
C           -0.37387760751166        0.48402959935881        0.37259851913978
C            1.01375836438592        0.38973339365265       -0.19951198005501
O            1.34237096111391        0.80337295996833       -1.29256250181817
O            1.83527068857091       -0.24358057105560        0.62840386134653
C            3.18977180771322       -0.47601670653451        0.22877615297678
H           -4.49714637495149        0.30903900459422        0.33473962473022
H           -3.10020274373388        1.37808373538045        0.35653697750997
H           -3.49783004181925        0.47869239909020       -1.10851374587411
H           -2.55513673084929       -0.72976295322303        1.53493048098668
H           -3.08659933777139       -1.66792466811348        0.13970178787906
H           -1.25002188054178       -0.66323343067893       -1.22586716325264
H           -0.68559783422954       -1.63068408705112        0.14115349803539
H           -0.31559401034481        0.45677540738824        1.45971131284266
H           -0.82211407826039        1.41757570516332        0.03676530510403
H            3.36855844672993       -1.54805479593397        0.28182330810071
H            3.83850850904997        0.05125096974314        0.92584789792121
H            3.34357155043484       -0.10978303423545       -0.78681561241083
20
 energy: -27.118284051679 gnorm: 0.000051975087 xtb: 6.7.1 (edcfbbe)
C           -3.47783689558252        0.43235306167852       -0.02253480913370
C           -2.61357433673107       -0.73270349112978        0.44528449900739
C           -1.19985095145597       -0.70749012717971       -0.13570476683243
C           -0.37380974061398        0.48408339919692        0.37287158089107
C            1.01379101128146        0.38985316691741       -0.19935236306680
O            1.34244129616053        0.80403101496199       -1.29218831898672
O            1.83525724730332       -0.24385239748954        0.62828097160841
C            3.18976469797015       -0.47615095357749        0.22860525667454
H           -4.49689201854823        0.30905441023958        0.33509586028172
H           -3.09993749223417        1.37825816347094        0.35536096024945
H           -3.49839399645483        0.47773907717851       -1.10897615237519
H           -2.55512042931654       -0.72937309523607        1.53506278407611
H           -3.08650692872627       -1.66811655458092        0.14017046175647
H           -1.25007876600065       -0.66296924425672       -1.22578295390365
H           -0.68579929962976       -1.63050304840171        0.14115317094138
H           -0.31548966381130        0.45659352683324        1.45998750975827
H           -0.82204449705097        1.41770052097126        0.03725674062820
H            3.36855632641266       -1.54819106421937        0.28143477964591
H            3.83848898534452        0.05097879852198        0.92579289574534
H            3.34354747754883       -0.10970763913141       -0.78690950012067
20
 energy: -27.118284051596 gnorm: 0.000105113794 xtb: 6.7.1 (edcfbbe)
C           -3.47778212485605        0.43227300414576       -0.02274308795150
C           -2.61360906366975       -0.73272660013524        0.44536840929160
C           -1.19992018328426       -0.70732736564608       -0.13567413507872
C           -0.37376930824017        0.48412787490568        0.37302655721112
C            1.01380638559928        0.38991270766080       -0.19927236840954
O            1.34247563402138        0.80438388327391       -1.29199040861976
O            1.83524987509333       -0.24398747540467        0.62821614059490
C            3.18975770911698       -0.47622631373130        0.22851630127300
H           -4.49671330460141        0.30904011765396        0.33532896034027
H           -3.09976137244032        1.37836701352589        0.35469051096234
H           -3.49871480241630        0.47718230604938       -1.10924984848130
H           -2.55510673270559       -0.72917749151140        1.53513909974103
H           -3.08645246112272       -1.66824968509037        0.14043490088969
H           -1.25013191931723       -0.66279063026067       -1.22574603358440
H           -0.68593833651383       -1.63037320380360        0.14113131580424
H           -0.31542900486003        0.45649509191812        1.46014579057094
H           -0.82199826295483        1.41778999321320        0.03754444160018
H            3.36853850746130       -1.54826814518663        0.28124575723078
H            3.83848048549919        0.05083177194615        0.92575919850276
H            3.34353030605620       -0.10968932875527       -0.78696289504252
