----------------------------------------------- 
  Element       SASA      Sigma Z        Total  
     Z         Ang**2 cal/Ang**2/mol   kcal/mol 
----------------------------------------------- 
      H        117.402      48.690       5.716
      C         42.806     129.740       5.554
      O         65.056       0.000       0.000

 Subtotal:     225.265                  11.270
 -----------------------------------------------

  Elements    COT*SASA   Sigma Z,Z'     Total   
    Z,Z'       Ang**2  cal/Ang**2/mol kcal/mol  
 ---------------------------------------------- 
  H   C         79.159     -60.770      -4.811
  H   O          0.000       0.000       0.000
  C   C         26.766     -72.950      -1.953
  O   C         35.039      68.690       2.407
  O   O          0.000       0.000       0.000

 Subtotal:                              -4.356
 ---------------------------------------------- 

 NONAQUEOUS SOLVENT CONTRIBUTION (kcal/mol):
 (proportional to SASA, atomic number independent)
 ---------------------------------------------- 
 Subtotal:                               0.000
 ---------------------------------------------- 

 CDS TOTAL (kcal/mol):                   6.914
...............................................................................
