17
 energy: -23.962472729739 gnorm: 0.032709155806 xtb: 6.7.1 (edcfbbe)
C           -1.85576991410361       -1.00038152999333       -0.42965858095452
C           -2.08032309480310        0.45774010936827       -0.03570579691640
C           -0.92524533042405        1.08853774017558        0.74607636946450
C            0.39354245201283        1.12403111986169       -0.03084205066701
C            1.16227761811108       -0.16512844829419       -0.01166496820430
O            1.20726673114122       -0.94624350369202        0.92332549959327
O            1.87360455824445       -0.35962746147239       -1.14783656895262
H           -1.00786717793632       -1.11270240304243       -1.11587299194403
H           -1.66168285585762       -1.62467606211551        0.44991462193969
H           -2.73593218021665       -1.40421646523416       -0.94115798682538
H           -2.98965557254872        0.53048216655048        0.57379138561398
H           -2.26458670551616        1.05434361863258       -0.93911572611704
H           -1.19308626686759        2.11895899009386        1.00263827219451
H           -0.77403090348582        0.55695162368781        1.69335593462276
H            1.07532503286553        1.85660916199656        0.42426547607556
H            0.23974385259621        1.44406895752910       -1.06614282838361
H            2.38889656662076       -1.17944562016513       -1.04889777000216
17
 energy: -23.963691967914 gnorm: 0.014840923254 xtb: 6.7.1 (edcfbbe)
C           -1.84842075984697       -0.99232549698282       -0.42743974054180
C           -2.07791698081767        0.46164413141902       -0.04114001505622
C           -0.92418640523864        1.08338440364228        0.74535946325398
C            0.38997313536223        1.12522166533529       -0.03478095247193
C            1.15283818709698       -0.16627269256492       -0.01051893778783
O            1.20156467641451       -0.94084347111791        0.91975038396395
O            1.85797293216971       -0.36614294939260       -1.13402650182539
H           -1.00287593663338       -1.09057941964579       -1.10839097357056
H           -1.64568187449061       -1.60159109037460        0.45346474300581
H           -2.72913697219182       -1.39371540710504       -0.92851599055581
H           -2.98081762617443        0.52372353329623        0.57278573079759
H           -2.25619617575735        1.05102458548573       -0.94588037945663
H           -1.20142877500299        2.10737897268123        1.00654230909291
H           -0.76520391929913        0.53147762660273        1.67629939670668
H            1.06212296528568        1.85891723696540        0.42486586454160
H            0.23258776973265        1.42931020110214       -1.07122923344795
H            2.38728256922367       -1.18130983545963       -1.05067287611118
17
 energy: -23.964033570834 gnorm: 0.006243636792 xtb: 6.7.1 (edcfbbe)
C           -1.84073899683007       -0.98843934071188       -0.42854355288873
C           -2.07801441222817        0.46516838111958       -0.04435572302898
C           -0.92411175137022        1.08173351667280        0.74561996601100
C            0.38785353986360        1.12973311020831       -0.03839248010350
C            1.15104924470459       -0.16325820514978       -0.00328644529664
O            1.19578901716754       -0.93432237886208        0.92825132381023
O            1.84037135040701       -0.37506028741139       -1.12187896758896
H           -0.99875019980153       -1.07799373423846       -1.10971776995965
H           -1.62731094646662       -1.58677483404513        0.45387449217596
H           -2.72019477340948       -1.39534035859705       -0.92024220363365
H           -2.97866131546199        0.52488535384976        0.56922862977599
H           -2.24980757591932        1.05275534508565       -0.94819263581018
H           -1.20426524028922        2.09922397878509        1.02090769949851
H           -0.75873871801823        0.51019907416602        1.66154363164713
H            1.05213005334501        1.86736837244121        0.41977816046089
H            0.22725036376471        1.41812156314226       -1.07700666355565
H            2.37862717037482       -1.18869756256813       -1.06111517097659
17
 energy: -23.964118595851 gnorm: 0.003048185864 xtb: 6.7.1 (edcfbbe)
C           -1.83735368059156       -0.98639777878640       -0.43052208557761
C           -2.07827112917598        0.46776542790809       -0.04586051435579
C           -0.92398784301149        1.08039845285435        0.74786298850860
C            0.38636610895170        1.13175152376409       -0.04024372197997
C            1.14794412611686       -0.16398914635114        0.00009857777565
O            1.19730008424882       -0.92528432560017        0.94137331025852
O            1.83114785702508       -0.38211311182420       -1.11700634473273
H           -0.99905296284117       -1.07153298084980       -1.11679231344801
H           -1.61471727538347       -1.58143817876604        0.45212404046270
H           -2.71736446235119       -1.39910411812282       -0.91602600731598
H           -2.97993534190415        0.52675142720789        0.56576687238303
H           -2.24769048320282        1.05639782199695       -0.94917676137992
H           -1.20290368139088        2.09468019525962        1.03433122557441
H           -0.75559188968310        0.49944807188286        1.65703803822746
H            1.04890246780523        1.87402592512070        0.41141280706466
H            0.22205860712851        1.41069648965337       -1.08054626681977
H            2.37562630809204       -1.19275370146057       -1.06736155410806
17
 energy: -23.964158117685 gnorm: 0.002127205719 xtb: 6.7.1 (edcfbbe)
C           -1.83490903660500       -0.98449630803583       -0.43381811302394
C           -2.07837241592667        0.46937705165057       -0.04648148043258
C           -0.92396004432478        1.07844656267169        0.75024776626991
C            0.38518031716101        1.13312540304724       -0.04094499865585
C            1.15261402989539       -0.16054849266420        0.00691418388610
O            1.20420334609416       -0.91208627968411        0.95771022558677
O            1.82224324856222       -0.39086755972159       -1.11478109958710
H           -1.00189132716553       -1.06627602083522       -1.12821102809925
H           -1.60190830223143       -1.57887066277389        0.44749879223947
H           -2.71697718511911       -1.40269298172665       -0.91217892724826
H           -2.98212930062437        0.52762654252691        0.56267425758719
H           -2.24617801968846        1.06049019396284       -0.94897843645157
H           -1.20157067654436        2.09020062298911        1.04688583217453
H           -0.75355365720693        0.49115935876809        1.65499458860570
H            1.04554380680154        1.88228080070467        0.40240953886344
H            0.21670389850707        1.40332630087839       -1.08309249637411
H            2.36743812824767       -1.20089253787124       -1.07437631480326
17
 energy: -23.964168551646 gnorm: 0.001620321035 xtb: 6.7.1 (edcfbbe)
C           -1.83485745096491       -0.98356066094408       -0.43594343574394
C           -2.07808381309685        0.46949859708007       -0.04585006814026
C           -0.92368979147395        1.07731084525143        0.75133979965421
C            0.38445393419238        1.13264037927641       -0.04125985068517
C            1.15337709746618       -0.16024811488609        0.00865919843760
O            1.21149943868648       -0.90434998308204        0.96498918246252
O            1.81908451552977       -0.39463001057715       -1.11492585491636
H           -1.00526375514664       -1.06458739016517       -1.13505824453375
H           -1.59704059484075       -1.57926468439252        0.44343473938724
H           -2.71876346111901       -1.40293671801153       -0.91055741622931
H           -2.98255689199641        0.52733372471603        0.56278173320852
H           -2.24597343721837        1.06250950227115       -0.94747914171335
H           -1.20039445771254        2.08871885113154        1.05032763956660
H           -0.75304017346796        0.48917231348593        1.65562572438219
H            1.04459283020735        1.88477145340244        0.39799128133457
H            0.21372239465238        1.40006789749929       -1.08388515270270
H            2.36541042613527       -1.20314400816891       -1.07371784323143
17
 energy: -23.964177964419 gnorm: 0.001250630100 xtb: 6.7.1 (edcfbbe)
C           -1.83485746882097       -0.98234107828926       -0.43925626753137
C           -2.07762767469175        0.46913365509692       -0.04500552000676
C           -0.92330078782324        1.07564962738633        0.75224349231591
C            0.38373007770715        1.13194160746647       -0.04147939306865
C            1.15684384672550       -0.15808242203193        0.01202577925968
O            1.22404131689594       -0.89329157187796        0.97376742588496
O            1.81386334148673       -0.40009626590544       -1.11583939926808
H           -1.01084643469856       -1.06169369299792       -1.14536389687642
H           -1.58969409311654       -1.57999298377575        0.43685556115345
H           -2.72191642273906       -1.40243404887194       -0.90771928418319
H           -2.98222084884927        0.52536429049216        0.56403011483917
H           -2.24666305814586        1.06484789677585       -0.94500887436190
H           -1.19969894660287        2.08686809155769        1.05252833188425
H           -0.75228188865964        0.48740703044803        1.65664995441867
H            1.04254970556591        1.88772842424710        0.39392685346718
H            0.21068113977612        1.39625682544369       -1.08459954406740
H            2.35987500582285       -1.20796339127724       -1.07128304332227
17
 energy: -23.964184049526 gnorm: 0.000860800023 xtb: 6.7.1 (edcfbbe)
C           -1.83416802356113       -0.98148953719043       -0.44188603156185
C           -2.07796756231708        0.46884750831670       -0.04422436224793
C           -0.92310190522887        1.07514506043278        0.75235539045561
C            0.38346385986501        1.13215331726062       -0.04221916453882
C            1.15810861890740       -0.15668636771006        0.01392077358137
O            1.23231542049154       -0.88652385535955        0.97899308250258
O            1.80887564403090       -0.40460847629219       -1.11609234721560
H           -1.01385474641391       -1.05777843706309       -1.15226478416040
H           -1.58324445741227       -1.57953900298425        0.43215470728184
H           -2.72296138269248       -1.40237824853208       -0.90590204930645
H           -2.98136357477112        0.52275140961540        0.56659976458757
H           -2.24891069651955        1.06605771067480       -0.94266957638389
H           -1.20001135537963        2.08601560930386        1.05332975036511
H           -0.75099552895592        0.48616150981423        1.65614109734024
H            1.04096557393513        1.88932822363320        0.39237826588518
H            0.20964520024290        1.39397000662456       -1.08574089944176
H            2.35568172561151       -1.21212443665772       -1.06840132660558
17
 energy: -23.964189297004 gnorm: 0.000397260220 xtb: 6.7.1 (edcfbbe)
C           -1.83176348879780       -0.98029172167648       -0.44595459866169
C           -2.07873613473596        0.46842231749504       -0.04289905683145
C           -0.92302367532088        1.07510306304468        0.75260085941869
C            0.38321279071320        1.13319048234440       -0.04320298381337
C            1.15968837364230       -0.15427392962586        0.01677139505230
O            1.24268968909322       -0.87663052485465        0.98703985461302
O            1.80001978628592       -0.41283968093841       -1.11669068857598
H           -1.01653336159372       -1.05090689175326       -1.16252134285671
H           -1.57216273729693       -1.57921707023353        0.42488869165410
H           -2.72219788020575       -1.40349505733541       -0.90427845325109
H           -2.97999883242412        0.51779346944025        0.57124136795636
H           -2.25401826406363        1.06798310185852       -0.93875682419660
H           -1.20042982822247        2.08538638653866        1.05465071487772
H           -0.74915174413548        0.48557079000949        1.65552945639345
H            1.03879147937923        1.89236908567153        0.39041465053781
H            0.20879536109481        1.39139561521945       -1.08732449249631
H            2.34729527642048       -1.22025744131763       -1.06503625928305
17
 energy: -23.964191233311 gnorm: 0.000307193317 xtb: 6.7.1 (edcfbbe)
C           -1.82958057410484       -0.97954573965909       -0.44825217541019
C           -2.07902218357332        0.46778097119805       -0.04151073116482
C           -0.92300449009249        1.07576955459683        0.75260978957977
C            0.38310710093263        1.13380299908706       -0.04374535990499
C            1.15917598524737       -0.15368304861888        0.01764711199604
O            1.24628974760468       -0.87208829390958        0.99051823428274
O            1.79509107200125       -0.41747710247097       -1.11678166807635
H           -1.01650043426945       -1.04658374469792       -1.16745924892474
H           -1.56586026865608       -1.57925997965229        0.42070544373761
H           -2.72031789879995       -1.40418029056026       -0.90459222193512
H           -2.97889399304986        0.51381417284989        0.57490482805297
H           -2.25781594710786        1.06857543628996       -0.93577532336098
H           -1.20072187276306        2.08610135321333        1.05408317285452
H           -0.74824712362630        0.48684669381046        1.65571780046481
H            1.03815488467128        1.89356205313031        0.38956762497547
H            0.20852397726652        1.39089638715709       -1.08805898414493
H            2.34209882815193       -1.22502942787719       -1.06310600248461
17
 energy: -23.964192472540 gnorm: 0.000223740767 xtb: 6.7.1 (edcfbbe)
C           -1.82760824347218       -0.97902164563460       -0.44947099268937
C           -2.07909189473977        0.46730689975433       -0.04062351501106
C           -0.92309019084007        1.07642731212193        0.75264734331459
C            0.38294253570156        1.13407074663377       -0.04394686658780
C            1.15871363573929       -0.15356665993994        0.01830862841596
O            1.24718008736851       -0.87000271016298        0.99255159152553
O            1.79184229519901       -0.42034315120055       -1.11684251053393
H           -1.01530859274864       -1.04360711135115       -1.16974380992756
H           -1.56199199424860       -1.57959408560624        0.41831059513150
H           -2.71812017794879       -1.40446287892798       -0.90553817813548
H           -2.97803204723192        0.51084001401028        0.57732589102393
H           -2.26054581198743        1.06891430986500       -0.93384195102019
H           -1.20113550942971        2.08701586860607        1.05298658135787
H           -0.74785430933153        0.48863490404105        1.65643249764115
H            1.03797792955997        1.89396909408053        0.38916360138714
H            0.20821275540412        1.39089145928122       -1.08834963310899
H            2.33838634283861       -1.22817037168394       -1.06289698224608
17
 energy: -23.964193266206 gnorm: 0.000110946126 xtb: 6.7.1 (edcfbbe)
C           -1.82595918906030       -0.97874124006223       -0.45016348123631
C           -2.07906372973781        0.46682012160509       -0.03978487005068
C           -0.92325866461438        1.07734419747134        0.75267641091635
C            0.38279695901300        1.13414574082336       -0.04385752308152
C            1.15779491788880       -0.15401400385844        0.01848492711347
O            1.24647555995731       -0.86962784018499        0.99330894009321
O            1.78981801022176       -0.42182502329191       -1.11699118096637
H           -1.01346941294901       -1.04179388707523       -1.17037776082588
H           -1.55990273932878       -1.57996441754808        0.41704847730606
H           -2.71592235545292       -1.40473484143546       -0.90691175672830
H           -2.97752573576053        0.50865727016080        0.57899893043661
H           -2.26224080128044        1.06881750980072       -0.93240250566862
H           -1.20151632390732        2.08834796374619        1.05157689802570
H           -0.74801642031286        0.49094990360018        1.65739172646065
H            1.03835927114367        1.89367587986016        0.38916326857356
H            0.20811800557649        1.39111867892729       -1.08824792249115
H            2.33598945843577       -1.22987401865198       -1.06344028733959
17
 energy: -23.964193587362 gnorm: 0.000067911250 xtb: 6.7.1 (edcfbbe)
C           -1.82465213291832       -0.97851109086301       -0.45045203527443
C           -2.07902644348817        0.46662987614947       -0.03945727022983
C           -0.92340913648338        1.07788394773727        0.75274760130798
C            0.38264178221928        1.13419461388554       -0.04373651899590
C            1.15708079305041       -0.15437942688873        0.01865470554346
O            1.24590342159343       -0.86957669240143        0.99376354033090
O            1.78828342149206       -0.42278437666125       -1.11715174290219
H           -1.01208299345283       -1.04044474573771       -1.17071846377645
H           -1.55818586443871       -1.58017285805175        0.41640155287744
H           -2.71423131459081       -1.40491184825611       -0.90761286868866
H           -2.97718910117514        0.50723234718447        0.57985199069009
H           -2.26334719237727        1.06885230247938       -0.93172825595204
H           -1.20185236470074        2.08917060942288        1.05057529423142
H           -0.74819754198380        0.49246360755535        1.65814801659109
H            1.03855456698414        1.89342171564826        0.38932414737193
H            0.20805833515830        1.39127517698550       -1.08811763470971
H            2.33412857494399       -1.23104116430135       -1.06401976787790
17
 energy: -23.964193707102 gnorm: 0.000061528013 xtb: 6.7.1 (edcfbbe)
C           -1.82399769305952       -0.97843370698648       -0.45069189537259
C           -2.07895537881509        0.46648166663441       -0.03928019161172
C           -0.92351100954164        1.07824291501805        0.75277627865206
C            0.38261403337956        1.13430792121345       -0.04358866704539
C            1.15681123301888       -0.15444480634776        0.01882187073464
O            1.24578019760041       -0.86945761951784        0.99403842931403
O            1.78731645784346       -0.42334559563010       -1.11729246648357
H           -1.01150063973800       -1.03985784094700       -1.17107028125275
H           -1.55712185527268       -1.58008875749483        0.41602897841003
H           -2.71342856019267       -1.40521533469602       -0.90780289308600
H           -2.97705641273485        0.50657970970577        0.58014195961207
H           -2.26365943692196        1.06875713834925       -0.93141931571407
H           -1.20207996554130        2.08961877751181        1.05023543555245
H           -0.74834978181390        0.49315128143367        1.65839589570680
H            1.03864377398166        1.89339456534812        0.38953456305255
H            0.20810176824527        1.39141278806065       -1.08797066565230
H            2.33287007939479       -1.23180110776833       -1.06438474427904
17
 energy: -23.964193794579 gnorm: 0.000044123584 xtb: 6.7.1 (edcfbbe)
C           -1.82350504750734       -0.97837917419726       -0.45082485732679
C           -2.07890109227032        0.46642735633712       -0.03927258778295
C           -0.92358641677547        1.07839946300095        0.75281021261726
C            0.38260784246739        1.13442895491759       -0.04345803188018
C            1.15655126849016       -0.15447183925539        0.01891029757767
O            1.24589263049989       -0.86923993756287        0.99428009927270
O            1.78647903345919       -0.42379245577018       -1.11743479558490
H           -1.01125868525856       -1.03944700626467       -1.17151228838595
H           -1.55608119528395       -1.57996329398012        0.41577506447268
H           -2.71292373324716       -1.40549759718715       -0.90762959012132
H           -2.97699764212075        0.50623212299903        0.58017004296151
H           -2.26377287922739        1.06873572055476       -0.93135270512683
H           -1.20225044992623        2.08979551915359        1.05009228511198
H           -0.74847058471917        0.49346915803732        1.65853566027810
H            1.03868290822553        1.89340336376518        0.38977480044836
H            0.20817970112747        1.39158790563781       -1.08783281705738
H            2.33183115189915       -1.23238626629889       -1.06455849893678
