20
 energy: -386.241430782094 gnorm: 0.001861059591 xtb: 6.7.1 (edcfbbe)
C           -2.34182131926060       -1.28976624915599       -0.13889550777265
C           -2.67629475338782        0.19633587635800       -0.02592055227795
C           -1.64075929249630        1.03842035127245        0.72450791636277
C           -0.27897711638946        1.13512168093057        0.06781011095534
O            0.45448789605564       -0.10568047527103        0.32123453266274
C            1.67628281307501       -0.19855225887996       -0.22479749702041
O            2.17948802294843        0.69328554654893       -0.89138484566439
C            2.33381788303603       -1.51140952072118        0.05622877986131
H           -2.15149912269057       -1.72663349191377        0.84768608341701
H           -3.17267015978198       -1.83798489696481       -0.59360397039620
H           -1.45565918835261       -1.45988596766355       -0.75603668193934
H           -2.81379237261715        0.61865157080006       -1.02979127306923
H           -3.63761323929526        0.30743168530912        0.48991653520265
H           -2.01560548764023        2.06626271969677        0.80407285615857
H           -1.51776703097245        0.67180470691503        1.75198303554056
H           -0.36011237106728        1.27611664102186       -1.01577586727397
H            0.30754419142017        1.95837131548123        0.48704087557919
H            1.79933054657156       -2.08848537248845        0.81033990270221
H            3.36510193176951       -1.33537879169284        0.37128856612811
H            2.36596734193308       -2.08197559497432       -0.87784518122690
20
 energy: -386.241435608869 gnorm: 0.000848090710 xtb: 6.7.1 (edcfbbe)
C           -2.34153059434303       -1.29013582707209       -0.13992951626999
C           -2.67562501735059        0.19604289962772       -0.02589660181955
C           -1.64032391116988        1.03836488192982        0.72473602499082
C           -0.27917965202247        1.13640044968552        0.06795354599467
O            0.45459121889275       -0.10523958444535        0.32217990241395
C            1.67684938865999       -0.19762521690670       -0.22408098410800
O            2.17957795631372        0.69292875981041       -0.89410641531614
C            2.33314635797771       -1.51119386719219        0.05715069515213
H           -2.14888604603708       -1.72700433935125        0.84656360557722
H           -3.17469708789029       -1.83802185554585       -0.59260377331594
H           -1.45661173041469       -1.46065353366684       -0.76017076586506
H           -2.81319683881015        0.61864102072108       -1.02969530165459
H           -3.63699108021710        0.30681891647450        0.49012312516112
H           -2.01598798542859        2.06545333108945        0.80541310854743
H           -1.51645966098355        0.67109052803061        1.75159873605118
H           -0.35963397200408        1.27636130923271       -1.01553744970774
H            0.30741306951986        1.95935108977390        0.48746166302826
H            1.79876267982838       -2.08670782322629        0.81290016816314
H            3.36493021265752       -1.33568566589440        0.37052288103139
H            2.36330173584216       -2.08313627855478       -0.87652630644719
20
 energy: -386.241435608869 gnorm: 0.000848090710 xtb: 6.7.1 (edcfbbe)
C           -2.34153059434303       -1.29013582707209       -0.13992951626999
C           -2.67562501735059        0.19604289962772       -0.02589660181955
C           -1.64032391116988        1.03836488192982        0.72473602499082
C           -0.27917965202247        1.13640044968552        0.06795354599467
O            0.45459121889275       -0.10523958444535        0.32217990241395
C            1.67684938865999       -0.19762521690670       -0.22408098410800
O            2.17957795631372        0.69292875981041       -0.89410641531614
C            2.33314635797771       -1.51119386719219        0.05715069515213
H           -2.14888604603708       -1.72700433935125        0.84656360557722
H           -3.17469708789029       -1.83802185554585       -0.59260377331594
H           -1.45661173041469       -1.46065353366684       -0.76017076586506
H           -2.81319683881015        0.61864102072108       -1.02969530165459
H           -3.63699108021710        0.30681891647450        0.49012312516112
H           -2.01598798542859        2.06545333108945        0.80541310854743
H           -1.51645966098355        0.67109052803061        1.75159873605118
H           -0.35963397200408        1.27636130923271       -1.01553744970774
H            0.30741306951986        1.95935108977390        0.48746166302826
H            1.79876267982838       -2.08670782322629        0.81290016816314
H            3.36493021265752       -1.33568566589440        0.37052288103139
H            2.36330173584216       -2.08313627855478       -0.87652630644719
