23
 energy: -23.157764338525 gnorm: 0.022719687388 xtb: 6.7.1 (edcfbbe)
C            3.12490132494625        0.13054350745621       -0.65581802454304
C            1.98328500354316        0.23522862653420        0.35050212586421
C            0.76835221383469       -0.60470610513648       -0.04530679704156
C           -0.40085603508518       -0.50231607849287        0.95815561238046
C           -1.71374159627971        0.05405491457791        0.38049272223673
C           -1.54812885747361        1.48537836010372       -0.13330323226514
C           -2.28874271331932       -0.85582072104078       -0.70657822945841
H            3.46280403510144       -0.90725619990887       -0.75726505654377
H            2.80581005852357        0.47374285995797       -1.64670662878600
H            3.98664586313456        0.73496108141919       -0.35390767693163
H            1.67433516475706        1.28454074303046        0.45290958526159
H            2.33391603398849       -0.08071227256056        1.34216844867905
H            0.44172257573771       -0.28687306235109       -1.04332733049022
H            1.08363306112524       -1.64976165551069       -0.15528507337267
H           -0.60734494423529       -1.48725006813308        1.39430583011587
H           -0.09683479628695        0.14213362288961        1.79420637946830
H           -2.43691407009945        0.07976349775887        1.20778556582564
H           -0.85056669043540        1.52865132408634       -0.97819645816631
H           -2.50612632800604        1.88926884565640       -0.47937072287315
H           -1.16713752161084        2.14742858483476        0.65238175206890
H           -2.42437464324729       -1.87831344163590       -0.33615734530143
H           -1.62824126575787       -0.90013172071912       -1.58034761394281
H           -3.26241612567401       -0.48896563220227       -1.04966433905258
23
 energy: -23.158551235728 gnorm: 0.007383586026 xtb: 6.7.1 (edcfbbe)
C            3.11268766945301        0.12676203037665       -0.65282940730838
C            1.97729201993788        0.23760126150164        0.35512513349588
C            0.76956130060239       -0.60473995346883       -0.05271634743079
C           -0.39252088149300       -0.49727959440538        0.94962113275129
C           -1.70713685339009        0.05493647064469        0.37686476148224
C           -1.54564529686076        1.48296733078544       -0.13737175633248
C           -2.28214743882035       -0.85260461136739       -0.70791438163653
H            3.44549942232739       -0.90709596768442       -0.74786068422495
H            2.79147855796615        0.47095409678457       -1.63620727699248
H            3.96447596898049        0.73092534368290       -0.34310721667438
H            1.67321293140193        1.28526289973547        0.44559691081907
H            2.33249064255992       -0.08654595066690        1.33869379923292
H            0.44254141124015       -0.28374205610191       -1.04448697264356
H            1.08273411907742       -1.64829998592599       -0.14827624834001
H           -0.59833801593097       -1.48239857990676        1.37687238792516
H           -0.08864123445711        0.14815694879862        1.77957677972732
H           -2.42710403985138        0.07890609748228        1.20524697720287
H           -0.85206184825635        1.52481288573782       -0.97640329495968
H           -2.50419054667761        1.87716198498103       -0.47428159132572
H           -1.16779458645209        2.13364464572460        0.65066756270296
H           -2.41434018365368       -1.86597224000487       -0.33005154506079
H           -1.62562819649285       -0.89672315915498       -1.57612264217285
H           -3.25244517402927       -0.48310088693436       -1.03896258710508
23
 energy: -23.158609235789 gnorm: 0.001440603497 xtb: 6.7.1 (edcfbbe)
C            3.11228074034026        0.12694002604456       -0.65323218068079
C            1.97531673476049        0.23811450725868        0.35430843052797
C            0.76810074206791       -0.60418574056826       -0.05367533466644
C           -0.39259885187762       -0.49795870647796        0.94900468773206
C           -1.70581998361902        0.05555490251713        0.37578666085898
C           -1.54409150789249        1.48397008395165       -0.13806807805368
C           -2.28008708610369       -0.85323225893789       -0.70843831547153
H            3.44073375952071       -0.90610563045254       -0.74531470971704
H            2.78859685028879        0.47014779725700       -1.63354586984991
H            3.96156931122079        0.73047964885799       -0.34199892977668
H            1.67090168257912        1.28355167830091        0.44230877687023
H            2.32881025119456       -0.08896002208070        1.33526810451287
H            0.44419911993671       -0.28227958732414       -1.04374027284113
H            1.08350811688540       -1.64539463170997       -0.14591119848251
H           -0.59980803647211       -1.48204898937998        1.37452962093237
H           -0.08905969716153        0.14842290043865        1.77578650619758
H           -2.42447881566996        0.07892925321568        1.20456208188824
H           -0.85231761844867        1.52348621354648       -0.97524541959319
H           -2.50234866212612        1.87471389867909       -0.47272991034802
H           -1.16661178997635        2.13122165381621        0.65021281012463
H           -2.41068158018939       -1.86374633055856       -0.32834199212207
H           -1.62365875472965       -0.89585915944992       -1.57357100458473
H           -3.24847517734694       -0.48217249633017       -1.03628097032520
23
 energy: -23.158611379709 gnorm: 0.000366766765 xtb: 6.7.1 (edcfbbe)
C            3.11190175669717        0.12696368140448       -0.65371393593635
C            1.97457671917444        0.23898560180965        0.35507406785697
C            0.76811598003735       -0.60507620378100       -0.05407332043769
C           -0.39222891486242       -0.49796765106877        0.94934536717587
C           -1.70585369565518        0.05552559550792        0.37630344059552
C           -1.54340725204382        1.48441942812265       -0.13815997335367
C           -2.28012752294771       -0.85329889430673       -0.70896269196876
H            3.43988498609076       -0.90628345535612       -0.74472428045179
H            2.78765936852022        0.46981089878356       -1.63395196377359
H            3.96077068505348        0.73077935834551       -0.34234900853033
H            1.66978595547965        1.28412058914303        0.44232107293114
H            2.32795557085800       -0.08769047228210        1.33592283720371
H            0.44377876148798       -0.28358136781991       -1.04396208169749
H            1.08414827889040       -1.64599947257665       -0.14605629381508
H           -0.59976251140390       -1.48205889874145        1.37422536224168
H           -0.08812339206226        0.14791605206827        1.77616154696625
H           -2.42483636345692        0.07928008794649        1.20478215737720
H           -0.85189090588595        1.52307836541915       -0.97565865892404
H           -2.50182701968249        1.87518604292467       -0.47230829806172
H           -1.16528933053661        2.13115507367658        0.65031653804520
H           -2.40989733219558       -1.86371856965939       -0.32831715489019
H           -1.62279447193444       -0.89535900699043       -1.57346510041527
H           -3.24855960244096       -0.48259777195549       -1.03707613500555
23
 energy: -23.158611826755 gnorm: 0.000156240116 xtb: 6.7.1 (edcfbbe)
C            3.11211773751212        0.12725119017703       -0.65386732781493
C            1.97447536646952        0.23920715742660        0.35467446618702
C            0.76794286588888       -0.60521297045443       -0.05350965578608
C           -0.39276430816862       -0.49861498426463        0.94961140466254
C           -1.70592533647819        0.05558479242210        0.37632640251985
C           -1.54310538665509        1.48456263785805       -0.13806255145283
C           -2.28002329530090       -0.85334409023630       -0.70902453059616
H            3.44012843181195       -0.90604588927216       -0.74446214701018
H            2.78757446675648        0.46965604093549       -1.63418200874037
H            3.96096237657216        0.73135663812937       -0.34282603965955
H            1.66933469802274        1.28430316091673        0.44125274780230
H            2.32808089302276       -0.08683449357496        1.33565527814801
H            0.44352313819049       -0.28430503504907       -1.04361538318989
H            1.08440381550799       -1.64606986267541       -0.14499385871084
H           -0.60048874782672       -1.48278660433338        1.37441409918584
H           -0.08863843487253        0.14713582875703        1.77654876395904
H           -2.42516152311841        0.07954307432038        1.20452684899454
H           -0.85170432193095        1.52291630591145       -0.97574717666939
H           -2.50142122776164        1.87588364812645       -0.47203285196434
H           -1.16444418166649        2.13117110692811        0.65032079356354
H           -2.40982221006719       -1.86390088593468       -0.32857343659520
H           -1.62260653256183       -0.89521744705867       -1.57355403998038
H           -3.24845853616531       -0.48265030844117       -1.03720630372050
23
 energy: -23.158612173599 gnorm: 0.000113996948 xtb: 6.7.1 (edcfbbe)
C            3.11174306765004        0.12749365306351       -0.65396211695023
C            1.97404349993337        0.23968937333038        0.35439450846388
C            0.76797767832861       -0.60561143229619       -0.05303578256061
C           -0.39297033233743       -0.49901998246212        0.94980617222335
C           -1.70577107938995        0.05555488372042        0.37626003383221
C           -1.54244481990616        1.48445868795328       -0.13798604688427
C           -2.27994401486604       -0.85316674826452       -0.70915218914793
H            3.44016730602630       -0.90570679586465       -0.74398692736059
H            2.78722241764753        0.46921651859569       -1.63450495803333
H            3.96037680862576        0.73204647706368       -0.34323025965670
H            1.66840788075942        1.28473137753409        0.44006030999344
H            2.32786353361468       -0.08538264419790        1.33563635692600
H            0.44350472072026       -0.28566352997603       -1.04345529377472
H            1.08506185346274       -1.64637803778126       -0.14364590990665
H           -0.60109810516435       -1.48330547894071        1.37421776280207
H           -0.08894489350634        0.14632843144349        1.77713508081051
H           -2.42519092070309        0.07970741408996        1.20426565695171
H           -0.85139735474356        1.52262702290020       -0.97595847495353
H           -2.50068398420221        1.87633347667651       -0.47150611531850
H           -1.16314933377675        2.13082665155961        0.65027594136612
H           -2.40975658842831       -1.86380706302742       -0.32894253948442
H           -1.62264562571165       -0.89493156220839       -1.57376595565520
H           -3.24839196685165       -0.48245168229771       -1.03724576055060
23
 energy: -23.158613286026 gnorm: 0.000253937220 xtb: 6.7.1 (edcfbbe)
C            3.11018544072948        0.12855109660799       -0.65428973705482
C            1.97235950473280        0.24155592299191        0.35364232941645
C            0.76825380047329       -0.60740551809331       -0.05145013568339
C           -0.39353259039694       -0.50072263809413        0.95035484932358
C           -1.70515637648671        0.05558304174173        0.37612229493213
C           -1.54002375523223        1.48419643527127       -0.13793591535539
C           -2.27964098930944       -0.85236495241255       -0.70961896689014
H            3.43988178581242       -0.90441144316840       -0.74227310632895
H            2.78556983812463        0.46788816956660       -1.63561920982695
H            3.95814188472186        0.73464338685035       -0.34471263186009
H            1.66482268747939        1.28629605057514        0.43626130874495
H            2.32689613744778       -0.07995382512304        1.33584889791159
H            0.44338212710143       -0.29130098921866       -1.04300067370342
H            1.08773805706139       -1.64776003549969       -0.13872507476432
H           -0.60313412242214       -1.48538961793752        1.37326907507390
H           -0.08963716336001        0.14310903748801        1.77897378082807
H           -2.42512804190744        0.08044666246914        1.20360829271147
H           -0.85028110345256        1.52142604730911       -0.97700289117682
H           -2.49804564041693        1.87801133514606       -0.46979814881759
H           -1.15832423032091        2.12964857671513        0.64989044308758
H           -2.40944471601219       -1.86325317641251       -0.33008548518144
H           -1.62274361045788       -0.89375225891211       -1.57454382264983
H           -3.24815917672787       -0.48145229724660       -1.03724197960457
23
 energy: -23.158616144916 gnorm: 0.000549734943 xtb: 6.7.1 (edcfbbe)
C            3.10569461983054        0.13230471619865       -0.65531575026820
C            1.96706224631340        0.24729815424102        0.35125723691842
C            0.76913813851397       -0.61342707336819       -0.04679435574803
C           -0.39507250501345       -0.50620249487366        0.95209643655871
C           -1.70327042667453        0.05554221019783        0.37573121448019
C           -1.53212461597254        1.48345681274798       -0.13777442699594
C           -2.27942367917338       -0.84993326904419       -0.71108335946116
H            3.43932966429271       -0.89995663567550       -0.73671158916204
H            2.78034339991277        0.46413050655921       -1.63897564523372
H            3.95134100722912        0.74344652821558       -0.34931791107261
H            1.65302079434048        1.29084562354176        0.42459815116410
H            2.32351780543578       -0.06334938878296        1.33640446927210
H            0.44322417817823       -0.30941177428298       -1.04188208266561
H            1.09640167458284       -1.65234227853687       -0.12351965181704
H           -0.60948377869365       -1.49181308660369        1.37055570591692
H           -0.09135378861328        0.13321476170801        1.78429342872361
H           -2.42462730366518        0.08281359690306        1.20191473822405
H           -0.84585161382367        1.51738521390064       -0.97980248637037
H           -2.48935865602814        1.88285505739149       -0.46525847744071
H           -1.14360671740515        2.12633279098978        0.64882541610367
H           -2.40963314127804       -1.86145937799161       -0.33344087794426
H           -1.62340617007093       -0.89032312005164       -1.57669511418291
H           -3.24788138503671       -0.47781846276980       -1.03743157586717
23
 energy: -23.158620869800 gnorm: 0.001319996948 xtb: 6.7.1 (edcfbbe)
C            3.09532757116839        0.14188512264377       -0.65771009725818
C            1.95433894941950        0.26062276427016        0.34548793890604
C            0.77145562273404       -0.62849167370877       -0.03611012077305
C           -0.39855209874039       -0.51993179362275        0.95569686651933
C           -1.69887020069328        0.05551847482138        0.37521088591076
C           -1.51321011241530        1.48164355579832       -0.13766899481232
C           -2.27959463364027       -0.84385019504900       -0.71416452990725
H            3.43945423564305       -0.88828690568668       -0.72310486645978
H            2.76829670649412        0.45539671381158       -1.64699731806147
H            3.93464453881883        0.76591727437221       -0.35997328282978
H            1.62421834428167        1.30089628499241        0.39706584426867
H            2.31502868891831       -0.02418079371164        1.33746862755736
H            0.44314350617587       -0.35350004376621       -1.03941746442485
H            1.11718687728910       -1.66369177100199       -0.08766464640778
H           -0.62399591849070       -1.50755334000413        1.36404018039299
H           -0.09504332227768        0.10946012914534        1.79576329697207
H           -2.42307687171080        0.08879813929389        1.19869666901910
H           -0.83344431077949        1.50752802174586       -0.98528488698640
H           -2.46793093815630        1.89396872552430       -0.45681123556690
H           -1.11018855442503        2.11856680142476        0.64656846089790
H           -2.41229563000461       -1.85649898902817       -0.34051240523559
H           -1.62554379189759       -0.88304578131062       -1.58131586893702
H           -3.24736891053025       -0.46758171034006       -1.03758955965189
23
 energy: -23.158625321114 gnorm: 0.000908486274 xtb: 6.7.1 (edcfbbe)
C            3.09264656768707        0.14504889270522       -0.65834970584693
C            1.95052274059585        0.26393155224067        0.34363665650552
C            0.77221445003044       -0.63294630062461       -0.03345333413897
C           -0.39918611614691       -0.52389339468324        0.95646463478397
C           -1.69748069247558        0.05546542912929        0.37512610939166
C           -1.50756328971227        1.48106118260069       -0.13774220287742
C           -2.28038943815047       -0.84204780755060       -0.71477408122212
H            3.44037007797136       -0.88412004620393       -0.71894074844874
H            2.76509458122392        0.45301345198488       -1.64909078779052
H            3.92949047021074        0.77332258645019       -0.36284662979194
H            1.61556863703445        1.30260098959306        0.38969142479929
H            2.31173243861107       -0.01386058141299        1.33713915860560
H            0.44372941339638       -0.36633657825866       -1.03864416156831
H            1.12306047776528       -1.66644491174101       -0.07793717449227
H           -0.62765833202252       -1.51191112152705        1.36184977718526
H           -0.09556493295449        0.10270813781257        1.79844139985113
H           -2.42196895052915        0.09065234793824        1.19828531157615
H           -0.82833125726532        1.50458426563572       -0.98574083682144
H           -2.46112405802435        1.89618080701342       -0.45631047151722
H           -1.10224856610891        2.11660695150724        0.64626083009726
H           -2.41490515249881       -1.85464527318790       -0.34170394422056
H           -1.62656115354926       -0.88181096496107       -1.58203313870160
H           -3.24746816790738       -0.46357060384619       -1.03765459222584
23
 energy: -23.158635318695 gnorm: 0.000462251347 xtb: 6.7.1 (edcfbbe)
C            3.08984640387298        0.14996820400754       -0.65891577665616
C            1.94525759121286        0.26776529591186        0.34070140445764
C            0.77371023629590       -0.63956088419001       -0.03117087528320
C           -0.39954478878009       -0.52985429919255        0.95642989711945
C           -1.69555785298592        0.05548639710178        0.37538829362596
C           -1.50003215812567        1.48035807855539       -0.13769780928127
C           -2.28287779992878       -0.83937199932144       -0.71464863486153
H            3.44467237426535       -0.87711533311211       -0.71194087008439
H            2.76173578797841        0.44903460898417       -1.65205354105275
H            3.92186905701524        0.78587938433512       -0.36640067213996
H            1.60336947062884        1.30384861429977        0.37957390921543
H            2.30673364437873       -0.00084580607665        1.33603166647832
H            0.44516610766287       -0.38465528979388       -1.03867150123996
H            1.13127195127614       -1.67035538304922       -0.06551734383311
H           -0.63185591139633       -1.51823449270506        1.35812590585007
H           -0.09553719376084        0.09318903566767        1.80069708126503
H           -2.41942458961727        0.09348378928138        1.19900660969197
H           -0.81736232355294        1.50113921436182       -0.98300594832008
H           -2.45117537478519        1.89739757927721       -0.46062014930836
H           -1.09651832612375        2.11534906900039        0.64746940898496
H           -2.42320710737572       -1.85125893643195       -0.34148273401987
H           -1.62877469998061       -0.88259240607117       -1.58169879398072
H           -3.24778475099305       -0.45546543022611       -1.03792603349554
23
 energy: -23.158650708575 gnorm: 0.000731723703 xtb: 6.7.1 (edcfbbe)
C            3.08363445832499        0.16021191170619       -0.66065766047705
C            1.93430072754301        0.27701552674674        0.33427909802679
C            0.77647623603607       -0.65356824142573       -0.02511113635236
C           -0.40094039644459       -0.54253509321701        0.95737424450002
C           -1.69151743003741        0.05534347553516        0.37562801152834
C           -1.48374358014846        1.47873909262480       -0.13745068927209
C           -2.28756116546684       -0.83350272749886       -0.71509106286284
H            3.45243822553126       -0.86294255410038       -0.69710342685924
H            2.75401531522623        0.43997297407105       -1.65909437370708
H            3.90604963948029        0.81190552285042       -0.37505497774864
H            1.57785221519792        1.30847004880341        0.35693506418220
H            2.29702409477675        0.02858688812776        1.33427843746656
H            0.44699411947219       -0.42359328542680       -1.03829284913580
H            1.14908011426237       -1.67951228891337       -0.03794267806445
H           -0.64209826871297       -1.53224500615794        1.35025776895680
H           -0.09557679442219        0.07203616257332        1.80721957140573
H           -2.41490947892074        0.09917825711628        1.19946599775229
H           -0.79402929791001        1.49401187773735       -0.97717507205738
H           -2.43005754784734        1.90011473534848       -0.46886677718530
H           -1.08364979018486        2.11244949065566        0.65038048018016
H           -2.43931464558824       -1.84370133022675       -0.34154832283379
H           -1.63258151924228       -0.88389704049946       -1.58117161353437
H           -3.24790548374406       -0.43894938581634       -1.03958454077658
23
 energy: -23.158650833460 gnorm: 0.002540624731 xtb: 6.7.1 (edcfbbe)
C            3.07035647660737        0.17811008427216       -0.66426345910942
C            1.91361671033314        0.29522731149512        0.32278266836729
C            0.78143569880388       -0.67847651977943       -0.01294755497534
C           -0.40443931189017       -0.56650558233749        0.95926995030501
C           -1.68410371828179        0.05553725283585        0.37642738410139
C           -1.45321275166402        1.47584441683956       -0.13679829794533
C           -2.29360495225749       -0.82298328086456       -0.71592686000456
H            3.46390483935435       -0.83754389791679       -0.67019887355432
H            2.73870549968423        0.42222021992145       -1.67230486015567
H            3.87571417180498        0.85764283665624       -0.39256061762247
H            1.53056124184646        1.31853210465848        0.31369289439325
H            2.27908275268556        0.08552096504783        1.33203300576163
H            0.45032020859021       -0.49445609293820       -1.03673034659510
H            1.18269267169556       -1.69531209765256        0.01338742281307
H           -0.66236649879041       -1.55916559833557        1.33480614531702
H           -0.09802785139520        0.03121942993094        1.82083878125420
H           -2.40785734866977        0.11023227409109        1.19958886031824
H           -0.75224992265102        1.48035706220081       -0.96763345160076
H           -2.39091449181161        1.90672527928677       -0.48165575049764
H           -1.05668616202870        2.10683241640142        0.65531681265824
H           -2.46565712180895       -1.83015993494375       -0.34233666987290
H           -1.63765133556985       -0.88578148713653       -1.58060586522791
H           -3.24563905740570       -0.41002815111885       -1.04250782499608
23
 energy: -23.158661078949 gnorm: 0.000908210038 xtb: 6.7.1 (edcfbbe)
C            3.07469058487159        0.17206276081160       -0.66307333447460
C            1.92073538243250        0.28881564604469        0.32682136634255
C            0.77959805858350       -0.66928670434814       -0.01715331420599
C           -0.40337491577691       -0.55854949541015        0.95858548581022
C           -1.68654273434997        0.05546284894824        0.37629931063850
C           -1.46335572702296        1.47652585350348       -0.13726814498506
C           -2.29151344521020       -0.82660704369919       -0.71522587591434
H            3.45977556629632       -0.84566724737292       -0.67969704956531
H            2.74394286507730        0.42837606561247       -1.66754129375031
H            3.88567488560821        0.84189640465159       -0.38692670800438
H            1.54741217378828        1.31491220029174        0.32906830152941
H            2.28507353429225        0.06527302221993        1.33270576677297
H            0.44913166840751       -0.46830451053069       -1.03675166418024
H            1.17058239137433       -1.68908541774255       -0.00552263309312
H           -0.65544042442391       -1.55050296841353        1.33938039794067
H           -0.09738903523925        0.04430611798062        1.81660866369226
H           -2.41020895032637        0.10678782165757        1.19961415107698
H           -0.76521882634405        1.48455368481560       -0.97030099420598
H           -2.40377828310916        1.90385389092863       -0.47879651304955
H           -1.06661832033560        2.10902328920270        0.65368672565282
H           -2.45776276905383       -1.83422308633193       -0.34095934145324
H           -1.63567539545431       -0.88657709737885       -1.58003842728305
H           -3.24575853690422       -0.41945702482692       -1.04184138215933
23
 energy: -23.158663102475 gnorm: 0.000422516869 xtb: 6.7.1 (edcfbbe)
C            3.07370201732868        0.17242429712642       -0.66324278813699
C            1.92000457442065        0.28932981040463        0.32662850646189
C            0.77947761660032       -0.66898550883112       -0.01647315518887
C           -0.40365663598430       -0.55925638198401        0.95895926332117
C           -1.68599485343055        0.05540880450849        0.37622455692972
C           -1.46193769672353        1.47606615750570       -0.13739512587288
C           -2.29136408317022       -0.82644386656897       -0.71504408110373
H            3.45959232810009       -0.84479537439557       -0.67896666278863
H            2.74239453841506        0.42736184127184       -1.66773133277455
H            3.88415816413536        0.84322933431111       -0.38829460372167
H            1.54659732854081        1.31513505058092        0.32840354640769
H            2.28465456915461        0.06664232038943        1.33241414527762
H            0.44895925735479       -0.46836888294408       -1.03592798210957
H            1.17094253087637       -1.68835129376960       -0.00471676874588
H           -0.65605178097186       -1.55179974551125        1.33798079278417
H           -0.09797160622507        0.04198040666447        1.81829375091342
H           -2.40995047135146        0.10741972371244        1.19915345502301
H           -0.76380320515109        1.48377740787536       -0.97028256016992
H           -2.40192512452517        1.90402472448537       -0.47916239097065
H           -1.06505061286658        2.10876096415458        0.65336491585626
H           -2.45894464088426       -1.83364307979195       -0.34041204837845
H           -1.63497892279567       -0.88774909397162       -1.57931447412172
H           -3.24487354366592       -0.41857860460860       -1.04278546575956
23
 energy: -23.158664965121 gnorm: 0.000136277512 xtb: 6.7.1 (edcfbbe)
C            3.07039201877044        0.17505116993758       -0.66409545028723
C            1.91648277736064        0.29241037330361        0.32520209331007
C            0.78010775610002       -0.67170037183762       -0.01357333829158
C           -0.40481944935510       -0.56306105234217        0.95967323429569
C           -1.68463436018808        0.05551577280627        0.37629780250910
C           -1.45628508103753        1.47516580424628       -0.13740043096413
C           -2.29130813517390       -0.82500959064255       -0.71511203423451
H            3.46041076352160       -0.84055394177853       -0.67494712275882
H            2.73805686130042        0.42356004161097       -1.66979247012409
H            3.87830234712102        0.85033078095802       -0.39286144634801
H            1.53955282623350        1.31684955848019        0.32220993576460
H            2.28201446333475        0.07568344178534        1.33191323615913
H            0.44962721298530       -0.47734131667928       -1.03423649967414
H            1.17599945653963       -1.68928788502515        0.00325981312830
H           -0.65997857333243       -1.55662189053176        1.33422031564129
H           -0.09982440406172        0.03397846111500        1.82221395528382
H           -2.40923819865301        0.10978546706279        1.19844302746228
H           -0.75828544437834        1.48096857450649       -0.97028834933912
H           -2.39492491432412        1.90583141644986       -0.47923189023397
H           -1.05778671783187        2.10699906026320        0.65316699233444
H           -2.46298271138670       -1.83140680164912       -0.34022316807156
H           -1.63401484054763       -0.88932398433040       -1.57846644015085
H           -3.24288390581582       -0.41423407709504       -1.04469827227884
23
 energy: -23.158665657520 gnorm: 0.000322036784 xtb: 6.7.1 (edcfbbe)
C            3.06758454450978        0.17746199120380       -0.66480537654171
C            1.91331021144637        0.29515168694739        0.32390188207304
C            0.78068001067448       -0.67469449450260       -0.01096273576789
C           -0.40555939522603       -0.56643371142892        0.96054467629977
C           -1.68321507560693        0.05549969422296        0.37609241145499
C           -1.45168715824930        1.47460452982492       -0.13738878059335
C           -2.29136304947759       -0.82352323635752       -0.71565081874980
H            3.46130314482449       -0.83679603398143       -0.67127891543557
H            2.73440734454941        0.42030698092036       -1.67160463544826
H            3.87316568882045        0.85678520580990       -0.39666185100708
H            1.53298229509066        1.31834374896666        0.31640410809357
H            2.27976893269259        0.08419124374877        1.33161050508029
H            0.45020164327870       -0.48698207997508       -1.03305908719494
H            1.18044412752216       -1.69080971637904        0.01158269659297
H           -0.66307471495295       -1.56064705051963        1.33181828705500
H           -0.10088270623520        0.02762184838863        1.82528330970096
H           -2.40833551079186        0.11138727782140        1.19761821080472
H           -0.75470263771617        1.47858967493489       -0.97114217641050
H           -2.38950889981649        1.90810983881456       -0.47802487977693
H           -1.05048582171251        2.10506042208832        0.65291480677976
H           -2.46613201146202       -1.82940027495853       -0.34079946854567
H           -1.63340358226439       -0.88985489459846       -1.57831920919828
H           -3.24151763271661       -0.41038364037737       -1.04639946613323
23
 energy: -23.158666041031 gnorm: 0.000277707809 xtb: 6.7.1 (edcfbbe)
C            3.06650202702732        0.17848799352644       -0.66518675388520
C            1.91210979281843        0.29614754370747        0.32339248492857
C            0.78111562690190       -0.67623267357891       -0.00968146552583
C           -0.40598467577549       -0.56760820082822        0.96075617249157
C           -1.68297546409794        0.05548585255064        0.37608964804884
C           -1.44990233289823        1.47439704751893       -0.13729532737000
C           -2.29120517615818       -0.82292195449885       -0.71608286310796
H            3.46190812294002       -0.83512521902120       -0.66973038258544
H            2.73283572610875        0.41880408748538       -1.67241132912713
H            3.87095468645219        0.85966425767830       -0.39840447360476
H            1.53017740999757        1.31873002516579        0.31407715715364
H            2.27889386933372        0.08752249134336        1.33146384499753
H            0.45085188843099       -0.49141704408888       -1.03232218197863
H            1.18255571266812       -1.69162792358460        0.01541717620692
H           -0.66455659220635       -1.56186729983147        1.33109876182571
H           -0.10152535829303        0.02557473956263        1.82613599367739
H           -2.40838518899531        0.11186228474081        1.19736093916527
H           -0.75451793989925        1.47759394550303       -0.97244350979354
H           -2.38772738239501        1.90944384745489       -0.47596559273895
H           -1.04627508759065        2.10392487474447        0.65251783170346
H           -2.46729752400165       -1.82861378368392       -0.34136991152150
H           -1.63287097931443       -0.88992754566649       -1.57841472575478
H           -3.24070141387246       -0.40870833558562       -1.04732800007333
23
 energy: -23.158666008878 gnorm: 0.000357513212 xtb: 6.7.1 (edcfbbe)
C            3.06556135587123        0.17937199402246       -0.66551994776028
C            1.91107865511636        0.29701313277728        0.32295486422470
C            0.78149680457282       -0.67755822243835       -0.00856735717769
C           -0.40636699620311       -0.56861743183716        0.96092709892441
C           -1.68278777793972        0.05547616787554        0.37609524590946
C           -1.44834773117051        1.47421293058066       -0.13721086881328
C           -2.29106108918212       -0.82240817765284       -0.71645039608628
H            3.46241848087304       -0.83368817301959       -0.66840132965304
H            2.73146599026780        0.41750664938568       -1.67310961919687
H            3.86904618652670        0.86214417844523       -0.39991586218473
H            1.52776414809895        1.31907685288695        0.31206572128562
H            2.27815248893018        0.09040219799912        1.33133996558475
H            0.45141772081056       -0.49522545462862       -1.03167756425709
H            1.18439096633743       -1.69233661994219        0.01871997374368
H           -0.66585828050039       -1.56291835848982        1.33045622039251
H           -0.10210185328136        0.02380116577510        1.82687049958292
H           -2.40845450229719        0.11227990556489        1.19714121008944
H           -0.75433297964672        1.47673285460646       -0.97355670376790
H           -2.38617337143456        1.91058863506828       -0.47419605653992
H           -1.04263761077711        2.10294483356209        0.65218383601490
H           -2.46829202202701       -1.82793968872268       -0.34185714550567
H           -1.63240879559171       -0.88999577667205       -1.57849500326249
H           -3.23999004017252       -0.40727458453245       -1.04812328841532
23
 energy: -23.158666276550 gnorm: 0.000109842473 xtb: 6.7.1 (edcfbbe)
C            3.06622084201250        0.17878530186122       -0.66532607965184
C            1.91175583881523        0.29627876700272        0.32329354467387
C            0.78130244616378       -0.67692989247717       -0.00921798607193
C           -0.40598872340309       -0.56785695591551        0.96094729168619
C           -1.68281804595694        0.05544179079082        0.37596360051522
C           -1.44972256966927        1.47445459245429       -0.13723378304302
C           -2.29099692448097       -0.82268448827799       -0.71652497491791
H            3.46239473807392       -0.83449833700792       -0.66914749927507
H            2.73237445319549        0.41811803559238       -1.67268984172395
H            3.87013036032196        0.86072074504008       -0.39904687673387
H            1.52916746326137        1.31854658577166        0.31347242830631
H            2.27857365310647        0.08839051215017        1.33144063229010
H            0.45129678337007       -0.49341908896727       -1.03207513724648
H            1.18319809585854       -1.69200546862110        0.01715648098611
H           -0.66483175062741       -1.56193341112304        1.33153997544037
H           -0.10163938625851        0.02561491973074        1.82613062948248
H           -2.40832830248221        0.11170135320894        1.19716996195041
H           -0.75619100379741        1.47735395077095       -0.97393459673687
H           -2.38790931147183        1.91047782107982       -0.47360909509787
H           -1.04379468594065        2.10316743412471        0.65199798385981
H           -2.46758042549043       -1.82836464514807       -0.34199946999324
H           -1.63240366663591       -0.88975098698681       -1.57865997746661
H           -3.24023013078364       -0.40801952443962       -1.04797371810038
23
 energy: -23.158666163389 gnorm: 0.000238157898 xtb: 6.7.1 (edcfbbe)
C            3.06697337836995        0.17813213843991       -0.66510457670257
C            1.91251718184838        0.29546790204452        0.32365454635011
C            0.78109812916031       -0.67624458876109       -0.00993829352795
C           -0.40558367748843       -0.56699340424560        0.96093990870474
C           -1.68289424839507        0.05539849653967        0.37583393154119
C           -1.45123598755489        1.47471338521272       -0.13724458595654
C           -2.29093967766932       -0.82299481617616       -0.71660450321929
H            3.46239063458455       -0.83540523406983       -0.66994727031769
H            2.73339261823638        0.41877846807131       -1.67222296925415
H            3.87134857249816        0.85915897558610       -0.39807707569467
H            1.53073755704583        1.31796768600349        0.31500215564239
H            2.27905428772824        0.08617361434847        1.33154183753160
H            0.45116702055057       -0.49141329921236       -1.03250881750974
H            1.18189195614188       -1.69165276176038        0.01541157950644
H           -0.66371088237932       -1.56081615205624        1.33272050630128
H           -0.10112967663572        0.02764388031857        1.82528094462453
H           -2.40823333745502        0.11105059181703        1.19721913606419
H           -0.75823328787912        1.47804554613606       -0.97433701137834
H           -2.38982515530559        1.91033153608552       -0.47295074935608
H           -1.04508577514165        2.10341590568679        0.65181082318771
H           -2.46679974413704       -1.82884139818157       -0.34215970501074
H           -1.63241112499238       -0.88947682119445       -1.57884042764173
H           -3.24050901394966       -0.40885064001848       -1.04780589075285
23
 energy: -23.158666199591 gnorm: 0.000217463204 xtb: 6.7.1 (edcfbbe)
C            3.06713749280092        0.17814057727709       -0.66504994914630
C            1.91258733785247        0.29556164343505        0.32345510554957
C            0.78124103394599       -0.67635752069554       -0.00984243230258
C           -0.40578169116779       -0.56678120710153        0.96059156481111
C           -1.68340066418234        0.05536496897192        0.37604970683728
C           -1.45101191486600        1.47457791742421       -0.13709459322741
C           -2.29103687610541       -0.82303999770864       -0.71654785806063
H            3.46250479495059       -0.83546303238318       -0.66967068034651
H            2.73347372778792        0.41864691028126       -1.67221226538831
H            3.87148845732079        0.85931878519095       -0.39803346078507
H            1.53082845011158        1.31811114555962        0.31459584569383
H            2.27914704439196        0.08640803817766        1.33140005181610
H            0.45120059839932       -0.49139673722932       -1.03236523485875
H            1.18211679111726       -1.69180797721641        0.01533256844712
H           -0.66397273330761       -1.56059207507351        1.33234370257554
H           -0.10122627675324        0.02765155341383        1.82507106247100
H           -2.40876031231771        0.11101395059157        1.19743326047065
H           -0.75795903379513        1.47800333989460       -0.97419404847347
H           -2.38962861917853        1.91007503720834       -0.47287295906576
H           -1.04503378968953        2.10343318814962        0.65198927979974
H           -2.46688726125846       -1.82888610667954       -0.34213581676300
H           -1.63247341139236       -0.88949952571618       -1.57877321004559
H           -3.24057339748367       -0.40889386515786       -1.04779614687669
23
 energy: -23.158666291487 gnorm: 0.000017425884 xtb: 6.7.1 (edcfbbe)
C            3.06709741923921        0.17810007305858       -0.66503960056128
C            1.91251733458845        0.29560099747815        0.32346418951984
C            0.78116114120628       -0.67629029515753       -0.00990950206904
C           -0.40570580394715       -0.56692035395856        0.96074031648473
C           -1.68316162601652        0.05535470762473        0.37594732789653
C           -1.45109069990461        1.47463389113065       -0.13712227833489
C           -2.29103227077370       -0.82300697917712       -0.71656022028911
H            3.46251412680257       -0.83547360325344       -0.66957970511747
H            2.73353650174265        0.41852921895093       -1.67224654731689
H            3.87142433588580        0.85928624330304       -0.39803701515321
H            1.53074389187949        1.31813378985230        0.31450953773421
H            2.27902614346476        0.08654572258157        1.33144309431570
H            0.45113152846597       -0.49141157942488       -1.03245445851297
H            1.18206164566922       -1.69171633214446        0.01535075921565
H           -0.66385283472248       -1.56075934233548        1.33245678353418
H           -0.10116796909662        0.02754015047462        1.82520074281688
H           -2.40850923379874        0.11099927988652        1.19733759414490
H           -0.75796006386124        1.47803357900090       -0.97414112361032
H           -2.38966926867463        1.91017144885194       -0.47297081706990
H           -1.04512796503888        2.10343616189254        0.65200016736291
H           -2.46689456419303       -1.82884856498812       -0.34212997028540
H           -1.63248555704402       -0.88949363943923       -1.57878715238743
H           -3.24057646469174       -0.40885556359367       -1.04779862918577
