20
 energy: -27.123464713663 gnorm: 0.033401753027 xtb: 6.7.1 (edcfbbe)
C           -2.43309881197612       -1.12252254424679       -0.01656188438672
C           -1.88337496934588        0.07445726010798       -0.78921240464467
C           -1.48624787771458        1.25320125391184        0.10354841769085
C           -0.27192609735046        0.99891496836972        0.97727086364063
O            0.91314359055690        0.86814532999175        0.13003241769119
C            1.48295373639879       -0.34215649464504       -0.01595378212788
O            1.11319854265860       -1.34918144873936        0.56730482845099
C            2.61400981760488       -0.29090754257266       -0.99447116130641
H           -2.73312793022805       -1.92317173020392       -0.69972800259086
H           -1.69025356094248       -1.53966628364357        0.66989723353449
H           -3.31031673541755       -0.83576971679127        0.57252362389465
H           -1.02004651850870       -0.23608913524086       -1.39270211912147
H           -2.64200594558974        0.42192630216207       -1.49978067034304
H           -1.29125703957669        2.14011961515255       -0.51044935312947
H           -2.31750924649020        1.50542383130535        0.77429425941173
H           -0.06632649494509        1.85620497348457        1.62237801654497
H           -0.37670877093112        0.10320639372656        1.59160465351537
H            2.19811498325438       -0.18033819278965       -2.00137579062177
H            3.19197281378044       -1.21279295600202       -0.94269001835587
H            3.25169463709446        0.57467904694594       -0.80214418309114
20
 energy: -27.124617187863 gnorm: 0.013319558061 xtb: 6.7.1 (edcfbbe)
C           -2.42938516878375       -1.11662157741825       -0.01392959017119
C           -1.88634948276534        0.07671974129406       -0.78856453982708
C           -1.49439688991639        1.25189045666928        0.10774475229243
C           -0.26410204825929        0.99340440560232        0.96586434698279
O            0.91209700215645        0.86165781428469        0.12957507927198
C            1.47551095553674       -0.33932006794255       -0.01616145960935
O            1.10678134551406       -1.33547098788699        0.57147707095222
C            2.60999170042285       -0.29039714279729       -0.99175698240054
H           -2.72859732724787       -1.90664545121494       -0.70118144810778
H           -1.67568212921189       -1.52983171944348        0.65566655708757
H           -3.29858107278375       -0.82801055588603        0.57647335349424
H           -1.01993569296870       -0.23782945541658       -1.37947887270573
H           -2.64926391381876        0.42099919385565       -1.49186719557317
H           -1.29410360241457        2.12738413627695       -0.51502349199275
H           -2.32487363736234        1.49601269749656        0.77594246027831
H           -0.05781498944648        1.84836354621064        1.61301859458437
H           -0.36287222998664        0.08876327765976        1.56870853312170
H            2.19986462235480       -0.18266787863755       -1.99575807122482
H            3.18619894347158       -1.20906121229392       -0.93385131198510
H            3.23840173784108        0.57434370987084       -0.79311283981251
20
 energy: -27.124815705215 gnorm: 0.004312588796 xtb: 6.7.1 (edcfbbe)
C           -2.42582539767859       -1.11689337671961       -0.01260109357850
C           -1.88795250171463        0.07830199038885       -0.78920366579750
C           -1.49519631105783        1.25422779689949        0.10656468948820
C           -0.25812408043126        0.99124267824670        0.95956866936470
O            0.90654227835897        0.85701014241653        0.12547360599265
C            1.46815125373594       -0.33827539106405       -0.01687789501172
O            1.09865751616222       -1.33191752317202        0.57201800202270
C            2.60726957713511       -0.28950596976027       -0.99004041315025
H           -2.73246964304617       -1.90116426200835       -0.69976681385741
H           -1.66344257740938       -1.53054933417269        0.64354103950159
H           -3.28516196373516       -0.82711771861837        0.58687369876520
H           -1.02169416443999       -0.23516288071961       -1.37704217265667
H           -2.65297607476250        0.42139485304135       -1.48815392211462
H           -1.29382345777658        2.12652691643174       -0.51747489587064
H           -2.32064369355106        1.49227144388142        0.77802206293330
H           -0.05442197222098        1.84464740659289        1.60904987668611
H           -0.36050549254906        0.08317704860136        1.55816137917151
H            2.20222446371523       -0.18435753634605       -1.99384283899845
H            3.18343407311959       -1.20627963295662       -0.92589327146488
H            3.22884629047794        0.57610627932047       -0.78459109676974
20
 energy: -27.124853677742 gnorm: 0.001608266164 xtb: 6.7.1 (edcfbbe)
C           -2.42231071880111       -1.11734776361609       -0.01173860758784
C           -1.88930055566623        0.07986516176294       -0.79047505871295
C           -1.49639633868257        1.25605713585963        0.10583350498488
C           -0.25670935268915        0.99104356195647        0.95691305906085
O            0.90305647524770        0.85434905405803        0.12256398831243
C            1.46544554588170       -0.33949039157792       -0.01761406342489
O            1.09613262432844       -1.33445328208052        0.57091086624559
C            2.60742696956581       -0.28995774397229       -0.98899760300244
H           -2.73794128873589       -1.89816889825653       -0.69883899450366
H           -1.65350088617455       -1.53489070526155        0.63454918876751
H           -3.27437933748877       -0.82753014226876        0.59805297077374
H           -1.02430190364527       -0.23167159170101       -1.38073732992021
H           -2.65689378735300        0.42207377066077       -1.48667461816350
H           -1.29527795743429        2.12820132527333       -0.51791518671284
H           -2.31958441778039        1.49291760109742        0.77955327641483
H           -0.05396625457230        1.84371611259202        1.60773977853871
H           -0.36428101960547        0.08382884061628        1.55651194621799
H            2.20500908817028       -0.18641893681432       -1.99379547818080
H            3.18490275050043       -1.20564122955314       -0.92161177472324
H            3.22575848726641        0.57720105150839       -0.78044491972857
20
 energy: -27.124886621311 gnorm: 0.003624690399 xtb: 6.7.1 (edcfbbe)
C           -2.41392107521332       -1.11885091633609       -0.01103752967988
C           -1.89373013116965        0.08385214014596       -0.79236455786865
C           -1.49916361275137        1.26005132862203        0.10392199275947
C           -0.25667565598179        0.99132266896601        0.95276640667924
O            0.89718203942081        0.84974244784540        0.11771408472991
C            1.46210186411954       -0.34284279657432       -0.01835689176934
O            1.09334925709267       -1.34056141163144        0.56865505135249
C            2.60885208680847       -0.29199293668641       -0.98598403083636
H           -2.75260334582814       -1.89191384169808       -0.69732086519025
H           -1.63056923139035       -1.54738380504596        0.61186166938655
H           -3.24858716804334       -0.82967096659758        0.62448877253232
H           -1.03218991648761       -0.22187304537105       -1.39104714377772
H           -2.66858336620814        0.42378643896646       -1.48183516192982
H           -1.29965061468997        2.13341935140383       -0.51862696823911
H           -2.31969666664613        1.49580307013384        0.78109975057328
H           -0.05321166954565        1.84320466785309        1.60501584864454
H           -0.37304089596834        0.08682382637332        1.55582274564133
H            2.21107952810978       -0.19236527783165       -1.99325098872741
H            3.18967826638021       -1.20536584024797       -0.91296245929035
H            3.22226843032412        0.57849782799378       -0.77477478033464
20
 energy: -27.124902671181 gnorm: 0.002925668085 xtb: 6.7.1 (edcfbbe)
C           -2.41082276703862       -1.11931061267108       -0.01132377975990
C           -1.89564823260409        0.08521511668949       -0.79268514589686
C           -1.50020197306631        1.26075808563783        0.10364644158382
C           -0.25788392878676        0.99162009506735        0.95213334900296
O            0.89646347068043        0.84920849732491        0.11688207434168
C            1.46179046501222       -0.34367750970839       -0.01819877898621
O            1.09283210584632       -1.34111323034231        0.56885176981867
C            2.60925670424718       -0.29305096246803       -0.98467451888896
H           -2.75696453812071       -1.88953129523018       -0.69697779301554
H           -1.62330881032983       -1.55168278239023        0.60347039540031
H           -3.23951999669229       -0.83131157301538        0.63240741290511
H           -1.03567092623176       -0.21795460543737       -1.39520534956194
H           -2.67363771316430        0.42464378017617       -1.47906678962502
H           -1.30110629117930        2.13459824737714       -0.51859917987777
H           -2.32070070389435        1.49686338967180        0.78114422848403
H           -0.05303487421368        1.84370014841967        1.60388340710812
H           -0.37432126540135        0.08751975100782        1.55567317047781
H            2.21233027735923       -0.19521354651213       -1.99255703021763
H            3.19089015621383       -1.20581400693736       -0.91014331482653
H            3.22214696369593        0.57821594362346       -0.77487562381057
20
 energy: -27.124941523529 gnorm: 0.001396036803 xtb: 6.7.1 (edcfbbe)
C           -2.39988862202644       -1.12147888606520       -0.01268142970418
C           -1.90226681979099        0.08971597852531       -0.79367803093839
C           -1.50316884620235        1.26297406104788        0.10282406064838
C           -0.26196522553830        0.99263383287466        0.95043560866449
O            0.89482061384594        0.84833992417167        0.11480967892301
C            1.46096073585540       -0.34546334952773       -0.01646092990306
O            1.09052402000539       -1.34075322972501        0.57186486472600
C            2.60942521246649       -0.29684217854823       -0.98052609764860
H           -2.77123664346378       -1.88125430222089       -0.69682823299344
H           -1.59706115506428       -1.56610706096501        0.57316268446140
H           -3.20759762342258       -0.83735363182400        0.65918306854740
H           -1.04808041779625       -0.20453270619941       -1.40944014316157
H           -2.69129677186524        0.42810762891061       -1.46835571122591
H           -1.30445821472138        2.13767090023316       -0.51885405890397
H           -2.32358257032695        1.50033303896593        0.78086332529383
H           -0.05318950891626        1.84543780346957        1.60024128702493
H           -0.37698010940961        0.08893783210026        1.55435007087404
H            2.21390617491498       -0.20655369524528       -1.98985052787233
H            3.19369822501578       -1.20746173666257       -0.90025954298759
H            3.22032566877223        0.57733270696744       -0.77701499916882
20
 energy: -27.124959565208 gnorm: 0.002233988530 xtb: 6.7.1 (edcfbbe)
C           -2.38536688700536       -1.12467810514623       -0.01438863501730
C           -1.91023682244608        0.09580574484509       -0.79504110727678
C           -1.50653793278447        1.26661472770837        0.10223200245161
C           -0.26571185919426        0.99419542777826        0.94827522147378
O            0.89219797922058        0.84741267386456        0.11172315264126
C            1.45774174633606       -0.34732489026066       -0.01555822191170
O            1.08537176401476       -1.33972039182713        0.57568023444408
C            2.60863608664685       -0.30189648212332       -0.97608966281099
H           -2.78358053062214       -1.87291630325611       -0.69601110423745
H           -1.56470538223797       -1.58091013208822        0.53746413532929
H           -3.16859038647086       -0.84727270565632        0.68911379771649
H           -1.06365878536560       -0.18736916929848       -1.42665603404595
H           -2.71289651626350        0.43304544263042       -1.45444309666348
H           -1.30764986155356        2.14148852958202       -0.51921422507574
H           -2.32583474443331        1.50490806250207        0.78153933064362
H           -0.05368868979592        1.84715681852317        1.59669131752238
H           -0.37988685482700        0.09042294357354        1.55178970781252
H            2.21525543330786       -0.22200706609208       -1.98719612912247
H            3.19628110657394       -1.20961019496912       -0.88712456064857
H            3.21574925923175        0.57633799999336       -0.77900117856896
20
 energy: -27.124966373890 gnorm: 0.001222304612 xtb: 6.7.1 (edcfbbe)
C           -2.38182799126132       -1.12554195197453       -0.01489906370889
C           -1.91167023733381        0.09725895211662       -0.79509409330423
C           -1.50714448142642        1.26785414540899        0.10242573688078
C           -0.26588680075949        0.99474536676886        0.94787773255810
O            0.89166822674834        0.84741930060431        0.11127297491312
C            1.45665850215982       -0.34740150698719       -0.01530002861410
O            1.08281452138934       -1.33961661791161        0.57562939321717
C            2.60783902502467       -0.30325027936048       -0.97572326343501
H           -2.78107302026895       -1.87320228958850       -0.69526888355837
H           -1.55914478907485       -1.58057908436934        0.53251366794616
H           -3.16194168821090       -0.85105099628484        0.69126298876660
H           -1.06696165329639       -0.18340902428999       -1.42971032729190
H           -2.71704265348097        0.43398883987755       -1.45095841902836
H           -1.30816712166946        2.14252952654734       -0.51909857438129
H           -2.32577908168384        1.50599386231079        0.78232979409261
H           -0.05385819740357        1.84744318629238        1.59642651159648
H           -0.38044927589973        0.09089943522689        1.55120584061558
H            2.21498912347003       -0.22558628520319       -1.98708647896134
H            3.19581175931380       -1.21046170347053       -0.88461646133221
H            3.21405395599550        0.57565005456964       -0.77940410231525
20
 energy: -27.124972400056 gnorm: 0.000833483249 xtb: 6.7.1 (edcfbbe)
C           -2.37254698346981       -1.12745186458306       -0.01574539461808
C           -1.91578879443293        0.10104517039393       -0.79590290638255
C           -1.50877746653496        1.27066908636007        0.10250514469225
C           -0.26631503331006        0.99606445094703        0.94671469363986
O            0.88943999752654        0.84661857651940        0.10988475588731
C            1.45316122514221       -0.34833804445327       -0.01510181490421
O            1.07734029625087       -1.34029249917549        0.57589755813129
C            2.60602634204237       -0.30667647866739       -0.97425407038567
H           -2.77836507605699       -1.87210725449924       -0.69515638858603
H           -1.54019319838272       -1.58221332526316        0.51650027624335
H           -3.14296744082583       -0.85925622777808        0.70259876210582
H           -1.07609499985482       -0.17297788654682       -1.43932286501081
H           -2.72892783501949        0.43680961263738       -1.44204291369611
H           -1.30999576641428        2.14513315939667       -0.51904639661677
H           -2.32566998518781        1.50851188962513        0.78409191145565
H           -0.05405192373656        1.84841515974223        1.59544080110596
H           -0.38311165969000        0.09272024346744        1.55052267634492
H            2.21486306211703       -0.23568302158792       -1.98658463657747
H            3.19570833632003       -1.21207669101629       -0.87687233915749
H            3.20915502584898        0.57476887476460       -0.78034190901559
20
 energy: -27.124974747856 gnorm: 0.000615583459 xtb: 6.7.1 (edcfbbe)
C           -2.36902869760386       -1.12819488511044       -0.01633858376946
C           -1.91690108580331        0.10250624555446       -0.79582346552909
C           -1.50932258074036        1.27167648882432        0.10287322985565
C           -0.26668429458849        0.99681422867102        0.94671847678026
O            0.88889705293909        0.84642206020576        0.10979242788857
C            1.45171174833474       -0.34901142863170       -0.01544492728949
O            1.07567780784938       -1.34081256873944        0.57570470255857
C            2.60513132223920       -0.30806736928885       -0.97394234484974
H           -2.77451622732464       -1.87325448337632       -0.69599822434455
H           -1.53483504065783       -1.58189314598794        0.51395033670196
H           -3.13877550665536       -0.86257578095783        0.70381405098634
H           -1.07865428690342       -0.16911702111805       -1.44224569925870
H           -2.73249656047427        0.43803890549542       -1.43906756072488
H           -1.31090243120323        2.14652692880436       -0.51835367051211
H           -2.32602420952214        1.50929183045065        0.78489564283542
H           -0.05387510910306        1.84949010095024        1.59494774265712
H           -0.38385383996615        0.09401239515186        1.55127382799624
H            2.21428285705177       -0.23970254521878       -1.98662623732784
H            3.19550497843751       -1.21281818017324       -0.87446798581258
H            3.20755222602619        0.57435115477766       -0.78187679418605
20
 energy: -27.124978413096 gnorm: 0.000320581672 xtb: 6.7.1 (edcfbbe)
C           -2.36373901020178       -1.12884299409134       -0.01756127471247
C           -1.91792613040505        0.10467747581233       -0.79557011587807
C           -1.51016351949288        1.27279586764159        0.10414229421495
C           -0.26696907856773        0.99836439149063        0.94716226091913
O            0.88854012965652        0.84637190223493        0.11030463282803
C            1.44980494533049       -0.34993432307856       -0.01535966801095
O            1.07215736666635       -1.34174424916467        0.57452786400083
C            2.60308042852777       -0.31053713055383       -0.97393657609634
H           -2.76316201558717       -1.87657998166507       -0.69852984996489
H           -1.52775438207395       -1.57814364899540        0.51410609339149
H           -3.13685433347261       -0.86862396003735        0.70138950319907
H           -1.08153746769774       -0.16295990291810       -1.44623739246860
H           -2.73711245985687        0.43938235637471       -1.43476785467612
H           -1.31301228422922        2.14862129477348       -0.51629213070872
H           -2.32671392528756        1.50949577736453        0.78696095629024
H           -0.05308199886546        1.85208925891378        1.59389166547532
H           -0.38411626154849        0.09680846984716        1.55357411297753
H            2.21225893721901       -0.24663245739087       -1.98700011182252
H            3.19451887148519       -1.21423601248606       -0.87134417699389
H            3.20467031073293        0.57331079621130       -0.78567528730838
20
 energy: -27.124979889215 gnorm: 0.000394408734 xtb: 6.7.1 (edcfbbe)
C           -2.36021322406320       -1.12952547858165       -0.01873381251661
C           -1.91784663891144        0.10607684937523       -0.79504502092668
C           -1.51074677642870        1.27362036763615        0.10569966369790
C           -0.26667484679460        0.99987671746946        0.94770113145636
O            0.88799100641109        0.84652668054129        0.10991840718198
C            1.44732856436922       -0.35057787739965       -0.01639666960100
O            1.06908694627558       -1.34166513214342        0.57425817898597
C            2.60115542625594       -0.31245234504880       -0.97436764922597
H           -2.75323398728737       -1.87934014539721       -0.70111468348874
H           -1.52411123430451       -1.57462822184359        0.51628661774811
H           -3.13750019386366       -0.87309295400347        0.69707772091500
H           -1.08198856065872       -0.15888247422163       -1.44735831149674
H           -2.73859769338786        0.44020052323434       -1.43243795689760
H           -1.31502094015523        2.15024634713304       -0.51404804590981
H           -2.32702770806557        1.50869297868021        0.78937504844516
H           -0.05197857938347        1.85438127866737        1.59312340312942
H           -0.38334159084724        0.09902677252149        1.55526541288665
H            2.21037490212140       -0.25274820054010       -1.98773839654274
H            3.19393823603351       -1.21501398192838       -0.86875552774379
H            3.20129501501653        0.57296122613251       -0.78892456544126
20
 energy: -27.124980760679 gnorm: 0.000241577583 xtb: 6.7.1 (edcfbbe)
C           -2.35851390353772       -1.13007106616520       -0.01949969398762
C           -1.91741323886407        0.10671182705558       -0.79485686299027
C           -1.51122393010031        1.27404730493430        0.10663892753220
C           -0.26647230232841        1.00082212376040        0.94784083926396
O            0.88787529644963        0.84678432193263        0.10969566401867
C            1.44686068577310       -0.35054829400040       -0.01590313945780
O            1.06764869222210       -1.34124916676809        0.57482086445706
C            2.59992160028630       -0.31354198741912       -0.97480094461722
H           -2.74942533478442       -1.88013901685622       -0.70287546256764
H           -1.52232045512666       -1.57393710367297        0.51673380217266
H           -3.13732866648246       -0.87514465440969        0.69552329965749
H           -1.08135466141343       -0.15687564759586       -1.44751066525105
H           -2.73858327477138        0.44071905247685       -1.43182774036368
H           -1.31663851396438        2.15126445795637       -0.51258499192371
H           -2.32736329803485        1.50766761720420        0.79090962909297
H           -0.05138423888464        1.85577886355121        1.59241913627775
H           -0.38271684105653        0.10042226934844        1.55613894730187
H            2.20863706191353       -0.25658241924100       -1.98811512528179
H            3.19355512975576       -1.21531634810244       -0.86752228843960
H            3.19912831528058        0.57287079629419       -0.79143925023861
20
 energy: -27.124981676610 gnorm: 0.000220775763 xtb: 6.7.1 (edcfbbe)
C           -2.35776590368662       -1.13027896764499       -0.02031758201285
C           -1.91638268697303        0.10699758549805       -0.79479455343520
C           -1.51156164624021        1.27411835517857        0.10771983805371
C           -0.26614986098090        1.00176747387185        0.94824377213913
O            0.88758707482621        0.84708655269385        0.10930463915990
C            1.44641736399685       -0.35041108982527       -0.01557000965282
O            1.06728171838677       -1.34047966461117        0.57630582199832
C            2.59869569932689       -0.31438535398972       -0.97542502098943
H           -2.74742919790156       -1.88007511274735       -0.70446634696932
H           -1.52176372061294       -1.57378919431538        0.51658014407711
H           -3.13748767589491       -0.87620864204161        0.69405907242763
H           -1.07957499164121       -0.15582470005449       -1.44678982515725
H           -2.73723006635571        0.44071968975531       -1.43233792809993
H           -1.31843167031304        2.15202568547023       -0.51090753327028
H           -2.32766355811966        1.50598117194203        0.79254446870947
H           -0.05063544056964        1.85715201127672        1.59202693030725
H           -0.38189021439623        0.10171190511755        1.55712320983565
H            2.20660939538782       -0.26075943872969       -1.98858518033349
H            3.19362666467962       -1.21505125448652       -0.86625247276536
H            3.19663683941325        0.57338591792520       -0.79467649936664
20
 energy: -27.124982939657 gnorm: 0.000256035060 xtb: 6.7.1 (edcfbbe)
C           -2.35614581742693       -1.13070132177842       -0.02186335798739
C           -1.91476356881902        0.10771611850229       -0.79460425972715
C           -1.51227207581838        1.27441936852429        0.10952328716894
C           -0.26576198845513        1.00319314058492        0.94884431012837
O            0.88695389288675        0.84744682839827        0.10876121702321
C            1.44575536691647       -0.35020552360843       -0.01475062028468
O            1.06743528037333       -1.33914770106388        0.57950868184493
C            2.59648119735201       -0.31589125769567       -0.97651580252135
H           -2.74508299776137       -1.87971659036663       -0.70706734716164
H           -1.52025307064682       -1.57427940022147        0.51504522167744
H           -3.13635154359206       -0.87772695769920        0.69217590833369
H           -1.07665154321913       -0.15374656274203       -1.44537614845058
H           -2.73485361371100        0.44112639281140       -1.43322390520777
H           -1.32160262277671        2.15373741621266       -0.50780986116347
H           -2.32844756744838        1.50306965808028        0.79525726153416
H           -0.04950601283584        1.85932217960875        1.59133350161983
H           -0.38079032241954        0.10377467022750        1.55883582356726
H            2.20262422082894       -0.26950312492048       -1.98937191069644
H            3.19441491961708       -1.21407610648352       -0.86324794566631
H            3.19170598928745        0.57487170391255       -0.80166910937543
20
 energy: -27.124983794669 gnorm: 0.000207961901 xtb: 6.7.1 (edcfbbe)
C           -2.35405662375719       -1.13093270779094       -0.02337573728166
C           -1.91342368652237        0.10865659218424       -0.79471343347919
C           -1.51286748735912        1.27468886610665        0.11110840096636
C           -0.26562298726585        1.00440201350732        0.94963831005095
O            0.88629061620887        0.84768816253166        0.10866379461518
C            1.44506362276687       -0.35012455979689       -0.01378454838291
O            1.06796742125333       -1.33813747389360        0.58281660596678
C            2.59418496335447       -0.31739259009692       -0.97750395041934
H           -2.74258319884645       -1.87941830224489       -0.70941060117657
H           -1.51784423721940       -1.57463759621739        0.51284954950567
H           -3.13429548431434       -0.87945308835685        0.69118561403767
H           -1.07445203270668       -0.15120090658073       -1.44512028201250
H           -2.73336026798808        0.44186969767304       -1.43372331739910
H           -1.32414740420933        2.15535615306622       -0.50489242161981
H           -2.32917554680675        1.50077825546014        0.79757059847957
H           -0.04883925422044        1.86116907214292        1.59114841488061
H           -0.38021142951203        0.10559470236860        1.56064173860982
H            2.19827876504323       -0.27925167567497       -1.98995642996256
H            3.19557991797638       -1.21269648383545       -0.85974686835774
H            3.18640245645658        0.57672479973101       -0.80961049236565
20
 energy: -27.124984481000 gnorm: 0.000147025740 xtb: 6.7.1 (edcfbbe)
C           -2.35154597344258       -1.13125625079130       -0.02480428006963
C           -1.91252052288789        0.10976754003013       -0.79465339497490
C           -1.51321984467892        1.27526137279330        0.11233121656965
C           -0.26568840171179        1.00527302204183        0.95055462681730
O            0.88576242314630        0.84784356572198        0.10913993383981
C            1.44444419492761       -0.35008174079688       -0.01262568443743
O            1.06852584809442       -1.33740338370463        0.58585395902533
C            2.59183661210794       -0.31880676246402       -0.97842970480582
H           -2.73972079705675       -1.87941528958496       -0.71149380001904
H           -1.51465112987011       -1.57478585395608        0.51043230946132
H           -3.13162481386890       -0.88132837643597        0.69030768573185
H           -1.07328431914711       -0.14840881058083       -1.44536697729322
H           -2.73276788651959        0.44270120544023       -1.43339077026294
H           -1.32561240292421        2.15692274001065       -0.50262260610643
H           -2.32978912683360        1.49959544710867        0.79908971502852
H           -0.04855732543416        1.86241727573489        1.59149779103651
H           -0.38017157060304        0.10689834237119        1.56224789179665
H            2.19373668021679       -0.28932345315577       -1.99036595805947
H            3.19695270536254       -1.21099612571737       -0.85607336245748
H            3.18078377345476        0.57880846621813       -0.81784364616500
20
 energy: -27.124985159423 gnorm: 0.000186383904 xtb: 6.7.1 (edcfbbe)
C           -2.34844900354435       -1.13146284880425       -0.02610884121151
C           -1.91194999472982        0.11112834724438       -0.79483056569291
C           -1.51338740930467        1.27592233865342        0.11329187662021
C           -0.26598611844176        1.00577197340564        0.95168139284561
O            0.88528858029743        0.84787847106330        0.11016162727596
C            1.44376480824264       -0.35013701975624       -0.01127927793259
O            1.06917374709846       -1.33687787386730        0.58900185560268
C            2.58930901642818       -0.32017648080425       -0.97931346764394
H           -2.73640384415835       -1.87931195214417       -0.71335604530293
H           -1.51049870061929       -1.57477242744899        0.50758764280061
H           -3.12803681890564       -0.88361873435049        0.69024504400392
H           -1.07299131567194       -0.14499350686729       -1.44676345921099
H           -2.73323981033852        0.44391126350664       -1.43234476862496
H           -1.32588667780628        2.15813800055513       -0.50091094734379
H           -2.33029398642810        1.49953186944498        0.79994752676318
H           -0.04870978662706        1.86297548952603        1.59255953756549
H           -0.38070742615425        0.10757722650732        1.56360633748876
H            2.18875792376562       -0.30074532013932       -1.99058027551543
H            3.19894580690308       -1.20857561473123       -0.85172948062367
H            3.17418913232635        0.58151972928987       -0.82708076720810
20
 energy: -27.124985655285 gnorm: 0.000176830333 xtb: 6.7.1 (edcfbbe)
C           -2.34612276112446       -1.13166322035085       -0.02697439968207
C           -1.91189325957842        0.11217910601884       -0.79484608712037
C           -1.51314947127204        1.27664507317706        0.11362254047050
C           -0.26634293702183        1.00574583600182        0.95266354263869
O            0.88507120793954        0.84777541236468        0.11133656802532
C            1.44340687594824       -0.35025734617734       -0.01015857024236
O            1.06957349063217       -1.33677467301729        0.59098166323997
C            2.58754533430529       -0.32095120403650       -0.97987480456753
H           -2.73416238485077       -1.87929619480050       -0.71448433749439
H           -1.50704550389186       -1.57464693724669        0.50527501255008
H           -3.12507108602639       -0.88528318669510        0.69058849316130
H           -1.07367759518192       -0.14247624342181       -1.44828090060516
H           -2.73444619187697        0.44474595420865       -1.43082215998177
H           -1.32475360504505        2.15881428461142       -0.50041130237313
H           -2.33033894219947        1.50071654658797        0.79980786571330
H           -0.04913897313995        1.86261882916880        1.59402060275428
H           -0.38157600650645        0.10736159720563        1.56420270421996
H            2.18520581543749       -0.30969943031378       -1.99053146587514
H            3.20111542370796       -1.20600569228598       -0.84816663255604
H            3.16868869207656        0.58413441928418       -0.83416338761986
20
 energy: -27.124985653172 gnorm: 0.000249549326 xtb: 6.7.1 (edcfbbe)
C           -2.34379651870458       -1.13186359189745       -0.02783995815264
C           -1.91183652442702        0.11322986479329       -0.79486160854784
C           -1.51291153323942        1.27736780770071        0.11395320432080
C           -0.26669975560190        1.00571969859800        0.95364569243176
O            0.88485383558166        0.84767235366605        0.11251150877468
C            1.44304894365385       -0.35037767259845       -0.00903786255214
O            1.06997323416589       -1.33667147216729        0.59296147087727
C            2.58578165218241       -0.32172592726876       -0.98043614149111
H           -2.73192092554318       -1.87928043745683       -0.71561262968585
H           -1.50359230716442       -1.57452144704439        0.50296238229955
H           -3.12210535314714       -0.88694763903971        0.69093194231868
H           -1.07436387469190       -0.13995897997634       -1.44979834199933
H           -2.73565257341542        0.44558064491067       -1.42929955133859
H           -1.32362053228382        2.15949056866771       -0.49991165740247
H           -2.33038389797083        1.50190122373095        0.79966820466342
H           -0.04956815965285        1.86226216881156        1.59548166794307
H           -0.38244458685864        0.10714596790394        1.56479907095117
H            2.18165370710937       -0.31865354048825       -1.99048265623485
H            3.20328504051284       -1.20343576984073       -0.84460378448840
H            3.16318825182677        0.58674910927848       -0.84124600803161
20
 energy: -27.124985990516 gnorm: 0.000132099029 xtb: 6.7.1 (edcfbbe)
C           -2.34441072552488       -1.13162501242489       -0.02747212059966
C           -1.91198716485142        0.11313184702623       -0.79507286869924
C           -1.51299743170805        1.27710257701670        0.11400712204049
C           -0.26656430821667        1.00541837209865        0.95335860971720
O            0.88499849119255        0.84749562325481        0.11218336184816
C            1.44328703050812       -0.35050209216306       -0.00934302163296
O            1.06963072080973       -1.33690410529044        0.59216896823544
C            2.58638067325676       -0.32143501746386       -0.98028594764270
H           -2.73261390584143       -1.87870375229875       -0.71533666849065
H           -1.50453374604543       -1.57461642007200        0.50358744610143
H           -3.12288697592982       -0.88656012630655        0.69113810104464
H           -1.07442045838877       -0.14024073602854       -1.44981341437628
H           -2.73564604011264        0.44579432784920       -1.42953093324398
H           -1.32366736637814        2.15904182005088       -0.50002724985027
H           -2.33030740242681        1.50172577122712        0.79981843536648
H           -0.04929954315154        1.86184201316581        1.59521125916255
H           -0.38224220874692        0.10674956256865        1.56436050535806
H            2.18287014671633       -0.31859793404160       -1.99049739061045
H            3.20423752250464       -1.20276885804592       -0.84406445162052
H            3.16306081466607        0.58733507016072       -0.84060479745216
20
 energy: -27.124986299497 gnorm: 0.000155341838 xtb: 6.7.1 (edcfbbe)
C           -2.34529960479044       -1.13156407193025       -0.02731598657539
C           -1.91222960766749        0.11302167508443       -0.79491181229308
C           -1.51292017833908        1.27706783525172        0.11400063044755
C           -0.26637739261748        1.00514219804204        0.95309423607075
O            0.88507224977050        0.84727648198368        0.11173597652100
C            1.44333682942341       -0.35072832159306       -0.00998045460957
O            1.06926343298235       -1.33722607564176        0.59111112350911
C            2.58713676064954       -0.32108614541425       -0.98006311973269
H           -2.73360608726960       -1.87854458478370       -0.71516182912110
H           -1.50570182464271       -1.57467927558904        0.50406456580474
H           -3.12384335899010       -0.88604786739214        0.69108610047824
H           -1.07460700088861       -0.14076705751306       -1.44938956721399
H           -2.73564936925212        0.44586651541017       -1.42955855561147
H           -1.32361168812004        2.15895158497294       -0.50010327963478
H           -2.33002927801943        1.50169558393537        0.79999472456103
H           -0.04889936790776        1.86143022884010        1.59501130552341
H           -0.38202684410936        0.10634020148305        1.56389618906981
H            2.18443688417787       -0.31888018065707       -1.99056191642716
H            3.20564136949653       -1.20183212343641       -0.84313629794495
H            3.16280219844570        0.58824632923043       -0.84002708816588
20
 energy: -27.124986667482 gnorm: 0.000116941335 xtb: 6.7.1 (edcfbbe)
C           -2.34657405021727       -1.13133971623051       -0.02711644355376
C           -1.91257643059385        0.11286583722647       -0.79471607763500
C           -1.51280601295518        1.27691291007446        0.11398533574150
C           -0.26616497697553        1.00473605842809        0.95282987429569
O            0.88528137937499        0.84705327370309        0.11142456804789
C            1.44365727550606       -0.35092517236532       -0.01056610611986
O            1.06893497571565       -1.33776813828767        0.58950471653084
C            2.58816975897282       -0.32058610203407       -0.97978289078197
H           -2.73498151613648       -1.87837341642090       -0.71491084928137
H           -1.50734185528830       -1.57465230613842        0.50465987088340
H           -3.12522730286357       -0.88517714613528        0.69093218081068
H           -1.07490019692088       -0.14161854846657       -1.44884958927599
H           -2.73560422770943        0.44594305522853       -1.42974558577469
H           -1.32352942662103        2.15879541811058       -0.50013625040725
H           -2.32971678723918        1.50165817341335        0.80019616398828
H           -0.04853281904924        1.86086304897058        1.59493797900287
H           -0.38179050195679        0.10577485881911        1.56339891240730
H            2.18636216437262       -0.31965611218403       -1.99066623364954
H            3.20771832317158       -1.20045490168853       -0.84176270140899
H            3.16251034974469        0.58963185626024       -0.83983192916445
20
 energy: -27.124987113365 gnorm: 0.000119365890 xtb: 6.7.1 (edcfbbe)
C           -2.34844844654605       -1.13086773515527       -0.02673306731088
C           -1.91299956088593        0.11263414610213       -0.79455770423023
C           -1.51259571625684        1.27657052598386        0.11394447108660
C           -0.26589784978458        1.00401162068589        0.95256206839934
O            0.88560490128962        0.84679638200184        0.11115040112680
C            1.44396343877400       -0.35116688888538       -0.01163299458561
O            1.06874092649308       -1.33855347231687        0.58717821399748
C            2.58968219951929       -0.31975925496124       -0.97938114739428
H           -2.73704340668536       -1.87797987492424       -0.71441981711081
H           -1.50984768326817       -1.57464037985140        0.50565483913855
H           -3.12732372802540       -0.88381422484119        0.69074295216108
H           -1.07525474851229       -0.14285625241813       -1.44823878853223
H           -2.73540915768163        0.44622127574445       -1.43014202149668
H           -1.32323688964305        2.15845971863559       -0.50016345859430
H           -2.32928546435994        1.50160089796818        0.80038054682776
H           -0.04824104769098        1.85985903570968        1.59508798534256
H           -0.38150851144606        0.10476043421364        1.56272032188832
H            2.18908036736932       -0.32134399409945       -1.99077730687473
H            3.21093493573197       -1.19815508081042       -0.83939539655947
H            3.16197356394067        0.59190605150152       -0.84019515262370
20
 energy: -27.124987619741 gnorm: 0.000148796449 xtb: 6.7.1 (edcfbbe)
C           -2.35157864680549       -1.13015087653963       -0.02612740289135
C           -1.91358896240822        0.11216734702097       -0.79438135909142
C           -1.51210500283621        1.27599338087498        0.11373373676697
C           -0.26549945168415        1.00269148261577        0.95222875385734
O            0.88648407403894        0.84658869866933        0.11128770468420
C            1.44499567051076       -0.35119779800209       -0.01271623272478
O            1.06856894968203       -1.33972869625812        0.58344599730118
C            2.59200177822006       -0.31829469583710       -0.97888463108790
H           -2.74063244533930       -1.87728099901761       -0.71356714532029
H           -1.51410067737527       -1.57471048144995        0.50737544565180
H           -3.13077243321503       -0.88141873035212        0.69041414476554
H           -1.07574898937983       -0.14504111238289       -1.44728356474900
H           -2.73498429335565        0.44665367903338       -1.43082140208010
H           -1.32226562503013        2.15777927188108       -0.50039804693800
H           -2.32853323993271        1.50163370057157        0.80030685580368
H           -0.04814628473375        1.85797156088870        1.59562176133891
H           -0.38112623025916        0.10285753344355        1.56154146220080
H            2.19295615201263       -0.32424625686504       -1.99091263711259
H            3.21598568385983       -1.19426072729267       -0.83571502243756
H            3.16097809636235        0.59567664928111       -0.84136347328185
20
 energy: -27.124987904265 gnorm: 0.000104787920 xtb: 6.7.1 (edcfbbe)
C           -2.35464635643787       -1.12935901909692       -0.02549031072865
C           -1.91403070090643        0.11163750719797       -0.79435697695626
C           -1.51141072920409        1.27529816919740        0.11348438024983
C           -0.26513204256183        1.00131895931087        0.95224715791646
O            0.88733829091621        0.84643718265860        0.11173987847735
C            1.44578195803538       -0.35116921280132       -0.01392111471977
O            1.06865323572696       -1.34076465433116        0.58004198988829
C            2.59410164019187       -0.31672958992245       -0.97850770180452
H           -2.74428512044331       -1.87636057474278       -0.71271662242595
H           -1.51830699680006       -1.57481061534394        0.50904335348126
H           -3.13407462880122       -0.87880620523518        0.69018871344204
H           -1.07612073019016       -0.14744413965705       -1.44642573875214
H           -2.73443409089420        0.44696948327844       -1.43163867925346
H           -1.32066482013757        2.15670865344009       -0.50089067053329
H           -2.32769417849958        1.50194738044747        0.79989594215213
H           -0.04823141306576        1.85590424083217        1.59672906384294
H           -0.38088871038413        0.10073099143195        1.56041126115632
H            2.19639254272776       -0.32740497735406       -1.99104364463660
H            3.22096957724386       -1.19011691748100       -0.83204429492201
H            3.15957139581584        0.59969626845412       -0.84296104121841
20
 energy: -27.124987824241 gnorm: 0.000166645421 xtb: 6.7.1 (edcfbbe)
C           -2.35738477781694       -1.12865022696716       -0.02492867409594
C           -1.91445052660469        0.11116992222198       -0.79434160549837
C           -1.51080455152967        1.27466334947009        0.11327776146416
C           -0.26479135568016        1.00011554101480        0.95225362660632
O            0.88808152310640        0.84629858559694        0.11209684772149
C            1.44646012503628       -0.35115241223218       -0.01503436968165
O            1.06872739943454       -1.34168303361564        0.57700244221870
C            2.59599687597593       -0.31534405624883       -0.97815673480528
H           -2.74753214822790       -1.87554361880134       -0.71196752648400
H           -1.52204784556828       -1.57487914817485        0.51051992910232
H           -3.13702488304027       -0.87648107817282        0.68998349750871
H           -1.07648628241915       -0.14957881320775       -1.44567962444693
H           -2.73398551755871        0.44724228870905       -1.43236185912910
H           -1.31928841644144        2.15575289442300       -0.50130478831994
H           -2.32694260783943        1.50218723853005        0.79957418601430
H           -0.04827339839977        1.85409318908610        1.59768838230844
H           -0.38065092870293        0.09886396319066        1.55940789442242
H            2.19951102836795       -0.33018350908838       -1.99116238246029
H            3.22540784733475       -1.18645922686785       -0.82876272911447
H            3.15836656290518        0.60325108141734       -0.84431932867532
20
 energy: -27.124988037722 gnorm: 0.000051088397 xtb: 6.7.1 (edcfbbe)
C           -2.35575393724674       -1.12906462413931       -0.02517964812910
C           -1.91395773450439        0.11137504914582       -0.79433689162861
C           -1.51098816244376        1.27513111573024        0.11321906952817
C           -0.26513088561302        1.00060378410949        0.95242595375904
O            0.88778394053022        0.84641402000430        0.11237297035143
C            1.44617575853934       -0.35107678107219       -0.01411639622814
O            1.06884698270131       -1.34116094152062        0.57893072678101
C            2.59465565114754       -0.31602115983916       -0.97850612520929
H           -2.74578800523282       -1.87595097874186       -0.71227910839414
H           -1.51993377087092       -1.57502972793216        0.50972194855908
H           -3.13519488049346       -0.87772685909059        0.69020164767047
H           -1.07599759704920       -0.14846865681982       -1.44602769900573
H           -2.73387950692054        0.44713506883848       -1.43199735894877
H           -1.31943991059256        2.15621095719263       -0.50138875316305
H           -2.32739332888652        1.50249529752623        0.79924068061999
H           -0.04863080956424        1.85480303474310        1.59752269102728
H           -0.38106578997957        0.09963143010907        1.55998685660874
H            2.19713738549289       -0.32878193973562       -1.99106336407862
H            3.22277430173113       -1.18826367179251       -0.83083026222533
H            3.15866842158701        0.60142851356771       -0.84411199323885
20
 energy: -27.124987978995 gnorm: 0.000193071672 xtb: 6.7.1 (edcfbbe)
C           -2.35446152784669       -1.12941613238328       -0.02537609808390
C           -1.91355646252626        0.11154359483975       -0.79429556950286
C           -1.51115987977765        1.27554500267187        0.11316634989639
C           -0.26541138173693        1.00097446347536        0.95251477711668
O            0.88755997998213        0.84650248573548        0.11257140878774
C            1.44599240370224       -0.35100950230600       -0.01335716509278
O            1.06893244894416       -1.34074644562630        0.58044671213207
C            2.59360619050532       -0.31656865454675       -0.97878134562112
H           -2.74438741382616       -1.87630329787062       -0.71252646766218
H           -1.51827588440348       -1.57517528862497        0.50911147664257
H           -3.13376145287389       -0.87876692459766        0.69036046945251
H           -1.07560232588773       -0.14755041161054       -1.44628080793978
H           -2.73377418100301        0.44709610617011       -1.43165866251109
H           -1.31961708563738        2.15663460675326       -0.50145087331394
H           -2.32777425278236        1.50274382837538        0.79898725901847
H           -0.04893275766431        1.85536258658025        1.59732169012218
H           -0.38139108333594        0.10023936619885        1.56043066836880
H            2.19528479242575       -0.32764761769847       -1.99097713010019
H            3.22066555896475       -1.18971631131621       -0.83248404130331
H            3.15895243710910        0.59994147606371       -0.84393770575070
20
 energy: -27.124988136464 gnorm: 0.000053063570 xtb: 6.7.1 (edcfbbe)
C           -2.35507280955634       -1.12917747779504       -0.02525851060824
C           -1.91361703446164        0.11138964272158       -0.79442604609967
C           -1.51083585199859        1.27526081488136        0.11308907715044
C           -0.26531564597642        1.00072325204213        0.95278052876003
O            0.88776013329830        0.84651502359987        0.11293317429599
C            1.44606218170421       -0.35099152346923       -0.01357736400859
O            1.06896375613894       -1.34097243696607        0.57980703021347
C            2.59387763746053       -0.31617337054068       -0.97876752166724
H           -2.74523598099739       -1.87598922700897       -0.71234371016579
H           -1.51908601085040       -1.57514788032759        0.50938373470119
H           -3.13433754797814       -0.87799107536054        0.69035927428567
H           -1.07558993088509       -0.14824962381671       -1.44610305621344
H           -2.73363236431937        0.44694997879776       -1.43207383673832
H           -1.31884924958795        2.15615896021057       -0.50163512161484
H           -2.32748428229841        1.50292867840721        0.79869151837811
H           -0.04896038693399        1.85486932734409        1.59797580223380
H           -0.38145305068535        0.09971923907367        1.56024036698544
H            2.19564123757623       -0.32855293103751       -1.99102143599409
H            3.22179019110087       -1.18863179266589       -0.83169706251417
H            3.15826313158171        0.60104535219319       -0.84457189672418
20
 energy: -27.124988214745 gnorm: 0.000047370291 xtb: 6.7.1 (edcfbbe)
C           -2.35561476564161       -1.12893271339814       -0.02509859207129
C           -1.91342212483895        0.11121844716558       -0.79449832301891
C           -1.51048270602338        1.27510874179240        0.11294196728642
C           -0.26533589746771        1.00032017189750        0.95310382260361
O            0.88799757559325        0.84650645325555        0.11353136952913
C            1.44613142696417       -0.35099167111442       -0.01370242075736
O            1.06903540891317       -1.34125479589412        0.57921945878963
C            2.59400264030408       -0.31573681565069       -0.97882778787820
H           -2.74612465985558       -1.87564427832121       -0.71209240092775
H           -1.51987556152078       -1.57524948733773        0.50964745010845
H           -3.13479115041397       -0.87717342575983        0.69044092062436
H           -1.07532077254542       -0.14896936599099       -1.44587606713077
H           -2.73314637202507        0.44690222800851       -1.43245575735087
H           -1.31785360076897        2.15573585526513       -0.50196828097572
H           -2.32727996145452        1.50336856019237        0.79817106049930
H           -0.04925050402533        1.85419087657817        1.59875885389721
H           -0.38167568630574        0.09903029424976        1.56009470229256
H            2.19566484170160       -0.32978784462603       -1.99106855638060
H            3.22299582766601       -1.18732652732658       -0.83090403533781
H            3.15723416407641        0.60236822729799       -0.84563243914582
