26
 energy: -39.327246383000 gnorm: 0.051224970791 xtb: 6.7.1 (edcfbbe)
C            1.49101324432754       -0.99219786632698       -1.67011964550995
C            1.84508949958395       -0.56677303813295       -0.23960903463532
C            3.17791920313860       -1.19673617005929        0.16404561590355
C            0.81178282497595       -0.95644911399433        0.78783458132079
N           -0.46027644137961       -0.84048826518594        0.82187781575569
O           -0.97158221532092       -0.21223446070468       -0.35740504728764
C           -2.34183599863312       -0.01400171845976       -0.34633546843485
O           -2.81207631287858        0.50658787879422       -1.35522023702522
N           -3.02383128167085       -0.38362732720162        0.73763973054765
C           -4.47335104527668       -0.22927853251098        0.78716912305230
S            1.96738542847380        1.30017483227421       -0.26669354078551
C            2.58826006334151        1.68117884625076        1.41019329610003
H            1.21213401488888       -2.05083120654597       -1.67389505107249
H            0.66812263533241       -0.41673717458557       -2.09416607902075
H            2.37283792498757       -0.86693542221076       -2.30486514748392
H            3.45643688741038       -0.94435278771473        1.19058437735756
H            3.97148594960068       -0.86747906167181       -0.51086542043772
H            3.09258293604961       -2.28789114521676        0.09804906897418
H            1.18703992388256       -1.42570982464510        1.69840997768039
H           -2.53059384408415       -0.83629490522728        1.49230715216014
H           -4.75859842333342        0.80932004954933        0.59995574755684
H           -4.81045348911779       -0.51196417222197        1.78452747076612
H           -4.96747650472784       -0.87042974757183        0.05052905645685
H            3.60821124569090        1.31916837291947        1.55756050894313
H            1.92546419552773        1.27745030673873        2.18033704073294
H            2.58848674561459        2.77171934249654        1.49064880161656
26
 energy: -39.330226783236 gnorm: 0.017874284486 xtb: 6.7.1 (edcfbbe)
C            1.48975320259855       -0.99919266676762       -1.65603642638238
C            1.85038967593996       -0.58857789395677       -0.22697923990153
C            3.18870802439738       -1.20280104783578        0.16590162766191
C            0.80897175575050       -0.95791172718443        0.78363672174022
N           -0.45054901420860       -0.81380445049754        0.79611519698165
O           -0.99038313416332       -0.19880610464648       -0.36718394511471
C           -2.35177542969911       -0.00383885272925       -0.35670605536899
O           -2.82784552083220        0.51000284665854       -1.35516876033514
N           -3.02139727818838       -0.37894086971279        0.72655526979183
C           -4.46415797674746       -0.23392145008283        0.79599607037123
S            1.95568867259935        1.27672572126163       -0.24392384568710
C            2.58390041590154        1.67898668621708        1.41819845629974
H            1.20898348581556       -2.05233104337779       -1.67589377753639
H            0.66426814684014       -0.41200943426921       -2.05253307794185
H            2.35732586929859       -0.85473984745892       -2.29838203334757
H            3.46192399125563       -0.94603355821092        1.18695271523819
H            3.97236177167517       -0.85960403033912       -0.50617313162883
H            3.11366761531435       -2.28779947719900        0.09135052069926
H            1.16916075171874       -1.41664938087551        1.69964856143033
H           -2.51867880219748       -0.83011676160142        1.47722600338339
H           -4.74156051149456        0.80086416720186        0.59420687207012
H           -4.79479650396097       -0.51484540401629        1.79214461849886
H           -4.94890796994908       -0.86950560720746        0.05343197183797
H            3.60038493645321        1.31400002127112        1.53994106502704
H            1.92053725379775        1.27048632483094        2.17641556575671
H            2.57820373848845        2.76555152936291        1.47375374968743
26
 energy: -39.330838406692 gnorm: 0.004935621340 xtb: 6.7.1 (edcfbbe)
C            1.48715810115517       -1.00303283371652       -1.64587457175865
C            1.85391682727004       -0.60150322864828       -0.21729555653735
C            3.19551268515852       -1.20742317577770        0.17217311117852
C            0.80272469993829       -0.95518847444048        0.78188252159609
N           -0.45072433972746       -0.79083362665330        0.77333290411211
O           -0.99824462861488       -0.18268085291000       -0.37974260989214
C           -2.35359549510840        0.00719135169270       -0.36952464390414
O           -2.83708854137653        0.51983350021679       -1.36106794882132
N           -3.01238893214918       -0.37604688752022        0.71596641349479
C           -4.45248112055401       -0.23895423747809        0.80338892648191
S            1.94219260533561        1.26584437886293       -0.24137622294988
C            2.57657933278226        1.66877978679520        1.41782046669855
H            1.21135571634631       -2.05485421950233       -1.67498595254712
H            0.65257264028859       -0.41347678678768       -2.01921205557801
H            2.34233943884100       -0.84078724982032       -2.29738670444545
H            3.46611958354041       -0.95301361954217        1.19246813103856
H            3.97214580685213       -0.84886311739521       -0.49783989631675
H            3.13458727230931       -2.29005599587335        0.08765904204775
H            1.14573991367905       -1.40858777807805        1.70475153041724
H           -2.49844259532055       -0.82431649647028        1.46175681165253
H           -4.73243146440965        0.79295105217126        0.59396186885106
H           -4.77286669981520       -0.51668675298235        1.80075581297852
H           -4.93841720236287       -0.87532877037825        0.06355658297850
H            3.59250969932296        1.30705282584936        1.52893323680764
H            1.91805260077573        1.26257971300406        2.17697385391924
H            2.56735126224706        2.75258918421726        1.46141964172920
26
 energy: -39.330964588315 gnorm: 0.003209426946 xtb: 6.7.1 (edcfbbe)
C            1.48539566655296       -1.00933121653461       -1.64479048521668
C            1.85285227166664       -0.60774648847772       -0.21635878641718
C            3.19566942072439       -1.20811765409368        0.17580839256352
C            0.79655022017562       -0.95376122080752        0.77967231086478
N           -0.45538203699139       -0.77796919629879        0.76170369708201
O           -0.99848606873990       -0.17077228481231       -0.38941436245278
C           -2.35255735920833        0.01677528126154       -0.37761647032123
O           -2.84187155636641        0.53000204755441       -1.36651434320501
N           -3.00553777429843       -0.37372682649665        0.70957963868035
C           -4.44522207145471       -0.24256060187894        0.80804002890203
S            1.94126744645069        1.26081919287036       -0.23985921895119
C            2.57415291311313        1.66719717580227        1.41943284786336
H            1.21908603503485       -2.06331808344676       -1.67792066908813
H            0.64311130292856       -0.42526665827221       -2.00924754759321
H            2.33481697285552       -0.83379388644065       -2.29997940650014
H            3.46146711784791       -0.95926311205373        1.19898023018988
H            3.97212293686083       -0.83942668081913       -0.48950375381954
H            3.14335999570311       -2.29056998878452        0.08338976367728
H            1.12911815630081       -1.40519821320581        1.70708799832001
H           -2.48310295058895       -0.81932225976598        1.45134418589671
H           -4.73148178774215        0.78747382722275        0.59624285961974
H           -4.75556511335479       -0.51740962853856        1.80897004319092
H           -4.93508417260880       -0.88422513975709        0.07481679313664
H            3.58988933860480        1.30517287630951        1.52793387491496
H            1.91650424284493        1.25873325425342        2.17800169874106
H            2.56310402009282        2.75079317404536        1.46269537315325
26
 energy: -39.331069584272 gnorm: 0.003747107199 xtb: 6.7.1 (edcfbbe)
C            1.48612185564105       -1.01664829789686       -1.64465455407196
C            1.85097361925570       -0.61166348282625       -0.21645812124047
C            3.19300892885397       -1.20916336547158        0.18103723318250
C            0.78846280327857       -0.95002012491790        0.77591071509610
N           -0.46203360471671       -0.76204756224156        0.74835177937877
O           -0.99710073895057       -0.15235445162998       -0.40162512741454
C           -2.35174823572733        0.03087616901657       -0.38775836897523
O           -2.84816110086514        0.54812613997073       -1.37201813660305
N           -2.99766957391733       -0.37019915850139        0.70082284811529
C           -4.43662598543278       -0.24751445629347        0.81513072022562
S            1.94098944983775        1.25900557572457       -0.24275414294947
C            2.57062235327801        1.66304298049775        1.41935223278154
H            1.23922721967887       -2.07569358996581       -1.67950670575609
H            0.63139974961819       -0.44752788511148       -2.00322405416041
H            2.32896222930075       -0.82283259478569       -2.30312576867768
H            3.44869500270893       -0.97087104480689        1.20996698474234
H            3.97265545131704       -0.82672808721235       -0.47374271828078
H            3.15102478180634       -2.29145205624979        0.07572466916154
H            1.10827332808440       -1.40284701340641        1.70686860855543
H           -2.46272240635471       -0.81176211882264        1.43637074656422
H           -4.73339823220705        0.77908776154094        0.59895014327505
H           -4.73092373007782       -0.51611065779724        1.82302670049347
H           -4.93251903161132       -0.90012316279061        0.09474175137871
H            3.58695446137149        1.30249555903964        1.52859484109361
H            1.91312271674880        1.25146432219264        2.17709059665331
H            2.55658585548463        2.74664829158006        1.46542182066364
26
 energy: -39.331139659419 gnorm: 0.004136760525 xtb: 6.7.1 (edcfbbe)
C            1.49002004182254       -1.02316711804948       -1.64665367871334
C            1.84933978648581       -0.61289078531583       -0.21869111099198
C            3.18929667194562       -1.20957023456201        0.18608576117513
C            0.78242380455508       -0.94705696294037        0.77037987269866
N           -0.46686728325988       -0.75147579831444        0.73876531737967
O           -0.99619158818107       -0.13494149819851       -0.40962014254878
C           -2.35260939148034        0.04598171380421       -0.39352892760714
O           -2.85342291976579        0.56785807417381       -1.37346513658085
N           -2.99350326886560       -0.36600095415059        0.69423850569709
C           -4.43147113175157       -0.25171940725826        0.82209098688892
S            1.94349503927846        1.25887448537265       -0.24727049877476
C            2.56728031404835        1.65975251535258        1.41828743115141
H            1.26528845692400       -2.08785745104436       -1.68107260136276
H            0.62335592182114       -0.47184727718749       -2.00440562702042
H            2.32829373563793       -0.81232231581570       -2.30584900308514
H            3.43333900606353       -0.98259676158386        1.22093745123720
H            3.97455696162890       -0.81678068891203       -0.45618091235862
H            3.15333602867630       -2.29101639878286        0.06813940799262
H            1.09418908429156       -1.40373532966601        1.70188856390868
H           -2.44774007437616       -0.80473134111960        1.42378844374075
H           -4.73826920323851        0.77065464053873        0.59931180051544
H           -4.71133170628582       -0.51178078486152        1.83693513853805
H           -4.93185536447931       -0.91673087134394        0.11567894184593
H            3.58406746987705        1.30058275984874        1.53037165917044
H            1.90833398570970        1.24426332990208        2.17324019593460
H            2.55082278932184        2.74344214894909        1.46909285440070
26
 energy: -39.331205678602 gnorm: 0.003487281964 xtb: 6.7.1 (edcfbbe)
C            1.49810066605043       -1.02929790372418       -1.64987224728221
C            1.84885505775689       -0.61258479324887       -0.22194760594690
C            3.18552336490504       -1.21046845624476        0.19217757470146
C            0.77741252678135       -0.94502780997907        0.76241062571704
N           -0.47064121940912       -0.74321036737686        0.73075752828986
O           -0.99651182232602       -0.11571299787086       -0.41469797177158
C           -2.35558338502848        0.06346407178151       -0.39638223743642
O           -2.85819614222079        0.59386420831678       -1.37052838080298
N           -2.99209691198960       -0.36088554011994        0.68881067774555
C           -4.42863566431128       -0.25536045855042        0.83034595296559
S            1.94715000121803        1.25940996053377       -0.25445388054836
C            2.56245608295519        1.65595711013392        1.41536693017640
H            1.30023977936978       -2.10000753174308       -1.68335891740537
H            0.61825443703924       -0.49973959603848       -2.00886133709101
H            2.33174345189895       -0.79926434143649       -2.30873908091240
H            3.41536609156157       -0.99573244320616        1.23305306723242
H            3.97834488437920       -0.80847378453531       -0.43475758897395
H            3.15351544997707       -2.29040089893606        0.06081635507520
H            1.08376123463066       -1.40985910379243        1.69152856389417
H           -2.43613942028662       -0.79885244559630        1.41133575943930
H           -4.74605505939030        0.76101884899593        0.59565872487258
H           -4.69419201601671       -0.50159975429331        1.85295710082789
H           -4.93246058783031       -0.93646276927654        0.14160943211936
H            3.57966544000784        1.29861767590360        1.53201360288070
H            1.90068734606789        1.23616737856451        2.16575658893496
H            2.54361358061384        2.73962943057415        1.47149545653027
26
 energy: -39.331256829177 gnorm: 0.002508323520 xtb: 6.7.1 (edcfbbe)
C            1.50721785746474       -1.03340253326497       -1.65331788185394
C            1.84986533067475       -0.61257739990805       -0.22492579260631
C            3.18387375752933       -1.21166527855883        0.19757588584591
C            0.77474285627465       -0.94664990958574        0.75436560427946
N           -0.47241916569875       -0.74094744006594        0.72594404575681
O           -0.99807549756398       -0.10166448426170       -0.41526853408005
C           -2.35893859340824        0.07902556297201       -0.39439882930565
O           -2.86022685698103        0.61865214168017       -1.36348089984428
N           -2.99319622656932       -0.35618791997910        0.68702461440933
C           -4.42864784390635       -0.25691905746777        0.83693054231733
S            1.95005661986081        1.25845536658533       -0.26107969345842
C            2.55714229477076        1.65349117260107        1.41172984326232
H            1.33047793589561       -2.10760214118418       -1.68731469292791
H            0.61806585174001       -0.52044423169388       -2.01317465499520
H            2.33713265531677       -0.78781194744919       -2.31125968607939
H            3.40251906970319       -1.00457632893823        1.24195058895876
H            3.98258991083833       -0.80465761446641       -0.41764149146555
H            3.15358427565146       -2.29014402319549        0.05767384124295
H            1.07956686919192       -1.42060407736784        1.67965101792535
H           -2.43202534497896       -0.79763508192914        1.40344744419480
H           -4.75350553416079        0.75330929600674        0.58708059885323
H           -4.68558041409292       -0.48677200366580        1.86557145580155
H           -4.93349089309239       -0.95318007916750        0.16442533370614
H            3.57442978810856        1.29758775107576        1.53278401223502
H            1.89230715764015        1.23107566598241        2.15770126938366
H            2.53671130619544        2.73703228408138        1.47050075167574
26
 energy: -39.331313450183 gnorm: 0.002970240653 xtb: 6.7.1 (edcfbbe)
C            1.51811239307092       -1.03761631375644       -1.65736322508389
C            1.85208827535974       -0.61428022412075       -0.22781689733775
C            3.18399294751341       -1.21340195552698        0.20367389213577
C            0.77262488800737       -0.95256926292455        0.74491074687160
N           -0.47358284189994       -0.74251316151521        0.72097000562411
O           -1.00014672431204       -0.08787656676015       -0.41324098845701
C           -2.36209715401202        0.09639544912528       -0.38898804253534
O           -2.85974771725637        0.65102307125427       -1.35086735341098
N           -2.99492189649335       -0.35120407792668        0.68730057565734
C           -4.42953771565848       -0.25665720043689        0.84356574829768
S            1.95149783427597        1.25495472105051       -0.26813753850876
C            2.54947036368250        1.65165375359075        1.40695119983660
H            1.36300265721549       -2.11437267957806       -1.69444239731436
H            0.61973395655390       -0.54035019061468       -2.01573551562918
H            2.34340352073964       -0.77396736670622       -2.31430021177715
H            3.39155059634156       -1.01133825409996        1.25055134717947
H            3.98773001983821       -0.80220016085729       -0.40104419155975
H            3.15599284634906       -2.29064277582555        0.05752402976690
H            1.07666850620628       -1.43917780413528        1.66457416916802
H           -2.43176828414149       -0.80235055011637        1.39622432398017
H           -4.76070625182118        0.74535420010808        0.56969324863491
H           -4.67985833873520       -0.46127981322687        1.87930091356036
H           -4.93457954690477       -0.97266173899364        0.19206711219548
H            3.56662025032184        1.29724482108814        1.53297687584382
H            1.88118088947909        1.22800968171205        2.14859532139686
H            2.52745369268364        2.73501208802763        1.46555154469679
26
 energy: -39.331398443949 gnorm: 0.005344358051 xtb: 6.7.1 (edcfbbe)
C            1.53272590124979       -1.04398613859386       -1.66315889315336
C            1.85553551938034       -0.61907288611257       -0.23135182359635
C            3.18588929819778       -1.21562585158767        0.21172045004321
C            0.77013074068920       -0.96654676187419        0.73159923499134
N           -0.47463267949277       -0.74965087728856        0.71358744442039
O           -1.00180289992582       -0.07059058089878       -0.40806468293255
C           -2.36373339410500        0.12306620738302       -0.37729309749533
O           -2.85499966280500        0.70317140549845       -1.32717017958826
N           -2.99629176615710       -0.34420543312291        0.68997198122858
C           -4.43029723480105       -0.25383198674168        0.85147675394809
S            1.95028002557120        1.24755046016439       -0.27722356284433
C            2.53616579084923        1.65019497092880        1.39999387643424
H            1.40698077503717       -2.12355951519871       -1.70712172357698
H            0.62176295458755       -0.56687426317226       -2.01696758391928
H            2.35054254478889       -0.75374975936830       -2.31877989821619
H            3.37995242114948       -1.01691083400638        1.26102777041616
H            3.99457650159276       -0.79922656660411       -0.38165413939916
H            3.16275649395108       -2.29186193076959        0.06052781390759
H            1.07258513872575       -1.47292300328505        1.64226737205556
H           -2.43493045193183       -0.81746248551338        1.38651276835198
H           -4.76798887241244        0.73425611777418        0.53434292196521
H           -4.67428140776380       -0.41298692563840        1.89791663998699
H           -4.93512937124010       -1.00208715156340        0.23501860179204
H            3.55300588728247        1.29786936076514        1.53316504163178
H            1.86338899359135        1.22682461953738        2.13706698483567
H            2.51198592039464        2.73340749812364        1.45508462194486
26
 energy: -39.331517396369 gnorm: 0.009068267950 xtb: 6.7.1 (edcfbbe)
C            1.54828014017626       -1.05185011004629       -1.66992396294677
C            1.85984246821778       -0.62739378604503       -0.23483711576554
C            3.19061833267555       -1.21720325909979        0.21906757756820
C            0.76922381346334       -0.99122174097419        0.71707463145126
N           -0.47393636192875       -0.76721037844624        0.70678089171219
O           -1.00081755742552       -0.05485113503509       -0.39602137023789
C           -2.36065775519573        0.15483107193073       -0.35619846237307
O           -2.84130739652564        0.77380925675736       -1.28784343786667
N           -2.99698625770309       -0.33763992886924        0.69697669275066
C           -4.43080258868711       -0.24558874077454        0.85754566076052
S            1.94343701848282        1.23620691561922       -0.28633308642504
C            2.51660477494708        1.65078475778317        1.39164024904776
H            1.45269096502288       -2.13252992140106       -1.72411932260563
H            0.62513533134055       -0.59473753907993       -2.01690363192033
H            2.35637852360773       -0.73257439755690       -2.32381042526042
H            3.37375385394295       -1.01553294602055        1.26876563749310
H            4.00139787491295       -0.79754959056259       -0.36760411149188
H            3.17432979528032       -2.29336611205230        0.06941411217863
H            1.07050536398945       -1.52469443549474        1.61411396885948
H           -2.44661767373269       -0.85154831899742        1.37566928162759
H           -4.77041456003935        0.72212746736441        0.47857763799481
H           -4.67488132386817       -0.33864116595775        1.91436720698857
H           -4.93393542872622       -1.03408433793049        0.28870422950491
H            3.53290808990889        1.30084406723838        1.53352019572950
H            1.83913151516415        1.23077395776840        2.12570966945647
H            2.49029620910336        2.73402803871782        1.43816197700171
26
 energy: -39.331666594300 gnorm: 0.009292747398 xtb: 6.7.1 (edcfbbe)
C            1.55217585508598       -1.05663177992374       -1.67238438509436
C            1.86187582405164       -0.63537877844283       -0.23522194247151
C            3.19654039218503       -1.21614692290710        0.21875942239399
C            0.77176633154392       -1.01447508819256        0.71247076115779
N           -0.47081194212174       -0.78762934297829        0.70665712443917
O           -0.99558822119587       -0.05473277972504       -0.38204580450418
C           -2.35096022990955        0.17063314894658       -0.33576354585311
O           -2.82278272956345        0.81589240115041       -1.25418733975954
N           -2.99541993288284       -0.33629837241845        0.70548423613671
C           -4.43010424703062       -0.23448035123400        0.85507117401792
S            1.93150636617332        1.22730044980099       -0.28776946409503
C            2.50172960676111        1.65399176349064        1.38786893572745
H            1.46543245592314       -2.13570473536081       -1.73390182424041
H            0.62567206163239       -0.60392375903336       -2.01326907621548
H            2.35453250493027       -0.72569118194941       -2.32573582250890
H            3.38222767407397       -1.00313455859400        1.26537146541452
H            4.00262066380503       -0.79840764414197       -0.37508327677494
H            3.18499341741911       -2.29404359161810        0.08024387317550
H            1.07345954770223       -1.56425938157408        1.59934301472147
H           -2.46300291162167       -0.88794357835513        1.37117720666369
H           -4.76161015517754        0.71827439200850        0.43758579801180
H           -4.68495043736346       -0.28407108405303        1.91104938530643
H           -4.93101540799376       -1.04036169783260        0.31469624984376
H            3.51762650675953        1.30520081216216        1.53361005946459
H            1.82325060377062        1.23973577884191        2.12417336643402
H            2.47501356944700        2.73747357076874        1.42429510184091
26
 energy: -39.331850250228 gnorm: 0.010479441633 xtb: 6.7.1 (edcfbbe)
C            1.55494838523916       -1.07093120533241       -1.67487106402299
C            1.86110225200325       -0.64912088777305       -0.23599266126361
C            3.20211764838279       -1.21285359497928        0.21852206727780
C            0.77060843536064       -1.04553096361737        0.70540247836702
N           -0.47018778176457       -0.80685364565376        0.69837705416855
O           -0.98281796649229       -0.04077734685093       -0.36904602871978
C           -2.33240171058533        0.20123611481962       -0.31462961480424
O           -2.79724461461091        0.88533859946126       -1.20939228430901
N           -2.98590347795865       -0.33046829408422        0.70991476892901
C           -4.42144371457464       -0.22005281889880        0.85418892723271
S            1.91062380724925        1.21557579263699       -0.28951766501055
C            2.47623981594541        1.65473903525491        1.38492704206818
H            1.50172640802341       -2.15568441572864       -1.74521925991667
H            0.60914210050687       -0.64115887391236       -2.00374799150963
H            2.34432638385498       -0.70606253129506       -2.33061985350180
H            3.38720619088596       -0.99116884860105        1.26551092189535
H            4.00316053300842       -0.78818450795656       -0.38060563698115
H            3.20344778948701       -2.29321751280416        0.08712161760067
H            1.06336890403619       -1.62087138045363        1.57817586781509
H           -2.47098741531556       -0.92660657839165        1.35252814571769
H           -4.74735516737560        0.70522045913728        0.36902806173635
H           -4.67531147532014       -0.19290879921478        1.91656972472470
H           -4.92660639245785       -1.06692107494145        0.37386387611022
H            3.49237785953852        1.30889312570864        1.53578052863249
H            1.79709616770430        1.24501379078636        2.12416883761399
H            2.44694420163321        2.73854405151967        1.41205683338211
26
 energy: -39.331744650305 gnorm: 0.015927486060 xtb: 6.7.1 (edcfbbe)
C            1.52909088788386       -1.07755670679576       -1.66629787047153
C            1.85295708813170       -0.65681727519719       -0.23029773334535
C            3.20563530988784       -1.20312624521203        0.20082092739918
C            0.77544788120983       -1.05840034515422        0.72334393679578
N           -0.46638085926928       -0.82015017322916        0.70317680935040
O           -0.96047365725697       -0.05502628663603       -0.35974354806129
C           -2.30275498736754        0.18804996631193       -0.30931233116890
O           -2.77148371314859        0.87070995543945       -1.19666953994352
N           -2.97034702079635       -0.33624986169510        0.71059317924906
C           -4.40831943577529       -0.20587938351938        0.83661251675047
S            1.88504388308932        1.21629696356728       -0.27400805908703
C            2.46641841834058        1.65822489125050        1.39576351354383
H            1.45436668636275       -2.16191400677687       -1.73144243130245
H            0.58826212892069       -0.63546092811090       -1.99302669235700
H            2.31750546545853       -0.73019084555183       -2.32696477768719
H            3.42092928340336       -0.96089829796132        1.24199731064527
H            3.98924586430138       -0.78359037699933       -0.43117373706867
H            3.21194346157771       -2.28834938046998        0.09210946205450
H            1.06069920900423       -1.63088687737955        1.59317502378416
H           -2.47515938460381       -0.93937155933607        1.34758932802024
H           -4.71405648515749        0.70887230957740        0.34971055012351
H           -4.67082009357643       -0.17039793181401        1.88360660079098
H           -4.91942878166070       -1.04085472902475        0.36629123190512
H            3.48365430445139        1.31257967776369        1.54012058109508
H            1.79455429124756        1.25295030381860        2.14690546890028
H            2.43764742174552        2.74262483197021        1.41961497331760
26
 energy: -39.332083189337 gnorm: 0.005965073549 xtb: 6.7.1 (edcfbbe)
C            1.54119559382037       -1.08057245522689       -1.67006121208428
C            1.85608958575189       -0.65548524727659       -0.23378961397315
C            3.20604252765124       -1.20401948888811        0.20586756045382
C            0.77613367611134       -1.06534293745241        0.71373724801579
N           -0.46543088589555       -0.82899162630924        0.70228127100294
O           -0.96247569700877       -0.04173704081867       -0.35306001994567
C           -2.30756089588270        0.20698782488021       -0.30093188554970
O           -2.76953228640059        0.91264460434398       -1.18048123786801
N           -2.97540347007096       -0.33361516609979        0.71188219200920
C           -4.41127919341885       -0.20563284415570        0.84314982974573
S            1.88875268737304        1.21484522739733       -0.28289403084267
C            2.45729639652731        1.65728632422018        1.39037865574954
H            1.47830914643589       -2.16277546547046       -1.73368718963515
H            0.59966273665485       -0.65084644981227       -2.00202738912188
H            2.32645427882083       -0.72845928256244       -2.32892571403943
H            3.41260026795808       -0.96536295070573        1.24659233666161
H            3.99414382794235       -0.78580376678336       -0.41600670244961
H            3.21159002726885       -2.28673292441273        0.09354736435149
H            1.06541823386335       -1.65471769954394        1.57539735678078
H           -2.47787410943173       -0.95006697390154        1.34116683572340
H           -4.72352362665034        0.70049961813255        0.32281668997761
H           -4.66904755423945       -0.13784406424973        1.89920007153942
H           -4.91916631264314       -1.06385870001923        0.39532324306420
H            3.47494559277380        1.31465475426016        1.54132027836717
H            1.78137753888968        1.24856444218851        2.13502818107086
H            2.42545908020301        2.74156997710152        1.41667057422862
26
 energy: -39.332139643078 gnorm: 0.003839460076 xtb: 6.7.1 (edcfbbe)
C            1.54407325728068       -1.08558411938828       -1.66971164122094
C            1.85637220147916       -0.65590726933095       -0.23472896701515
C            3.20624743927550       -1.20381684096208        0.20673775290622
C            0.77572195345006       -1.06741566904050        0.71043537358818
N           -0.46538220233164       -0.82650388280765        0.70275576994499
O           -0.96158997893997       -0.03330380732608       -0.35149961262306
C           -2.30735853742527        0.22045015521832       -0.29928835285022
O           -2.76795723386947        0.92750152517928       -1.17763530108605
N           -2.97536227048061       -0.32964135237331        0.70907288015240
C           -4.40977537075838       -0.20519228500464        0.84602794704877
S            1.88887297857857        1.21420860832786       -0.28668968293290
C            2.45096291791448        1.65464169791239        1.38900185401560
H            1.49479312859253       -2.17146156673779       -1.73053336279404
H            0.59471299801924       -0.66646178577084       -1.99956592197598
H            2.32698005837256       -0.72243854735401       -2.33170227435283
H            3.40898396657009       -0.96744671044542        1.24771325030964
H            3.99549056233940       -0.78339602553707       -0.41077887113368
H            3.21310579070467       -2.28541468888468        0.09073574043957
H            1.06562090822359       -1.66226659251105        1.56911054647655
H           -2.47243125611699       -0.94813352837796        1.33342919390697
H           -4.72723882808657        0.69534341224733        0.31988871568164
H           -4.66228502792053       -0.12989027365187        1.90210729437357
H           -4.91740111675033       -1.06789856383815        0.40674056982864
H            3.46965653375517        1.31563198943490        1.54190063536680
H            1.77433944843387        1.24083709996387        2.12965786206337
H            2.41502484609399        2.73874670989404        1.41931329511464
26
 energy: -39.332212980626 gnorm: 0.004255390010 xtb: 6.7.1 (edcfbbe)
C            1.54341559848063       -1.09376126466928       -1.66865651481981
C            1.85619872575099       -0.65855697344037       -0.23585091610174
C            3.20886329941891       -1.20119997312830        0.20363685427167
C            0.77788903413387       -1.07496247253316        0.70885649960408
N           -0.46257737223622       -0.82913264523499        0.70666702628858
O           -0.95442260641755       -0.02572696459801       -0.34326657900832
C           -2.29982922008449        0.23222245874515       -0.29377114761804
O           -2.75569172854900        0.94989747787977       -1.16517669668974
N           -2.97225144067338       -0.32636299087284        0.70629693678694
C           -4.40518687138297       -0.19851876477356        0.84639883114890
S            1.88398067940588        1.21202720107193       -0.28961522051933
C            2.43575350712663        1.65140917787009        1.38958528583254
H            1.49976565376269       -2.18004332770318       -1.72395580049317
H            0.59175831828764       -0.68178412879845       -1.99862933069687
H            2.32325778225701       -0.73016355850665       -2.33413689844517
H            3.41336760799139       -0.96126670284712        1.24318949334716
H            3.99500171510714       -0.77929746706262       -0.41669224415515
H            3.21841683185387       -2.28269802780660        0.08932210061230
H            1.06903234739514       -1.68025124219652        1.55975606666855
H           -2.46841621912456       -0.95154045814022        1.32224157950010
H           -4.72383806070709        0.68801487465392        0.29631651361765
H           -4.65379739151018       -0.09378158013216        1.90211395659722
H           -4.91398741730971       -1.07396108423233        0.43206549714319
H            3.45631000516564        1.31919353195580        1.54568086924454
H            1.75886555366313        1.23013338498212        2.12565769542785
H            2.39229883459839        2.73529920835326        1.42446083568889
26
 energy: -39.332298041985 gnorm: 0.004738175788 xtb: 6.7.1 (edcfbbe)
C            1.54074978146382       -1.10898844322968       -1.66674083304744
C            1.85667838528550       -0.66237709338349       -0.23857912384107
C            3.21397281295663       -1.19695206658341        0.19765479552130
C            0.78280003018580       -1.08265273226671        0.70775909927812
N           -0.45634916454098       -0.83110112008406        0.71441702367661
O           -0.94139994889825       -0.01029285628288       -0.32831242571608
C           -2.28713669514843        0.25021462882594       -0.28669558815524
O           -2.73290149840247        0.99120299555192       -1.14550528020003
N           -2.96723647588823       -0.32511529252574        0.69830613149917
C           -4.39707542968386       -0.18797622346647        0.84719677408649
S            1.87943101351530        1.20810309496507       -0.29644744619850
C            2.40812192634273        1.64419722874139        1.39100779763769
H            1.49882907593329       -2.19499615217805       -1.70997112829185
H            0.58891574219520       -0.70338823470944       -1.99843375228934
H            2.31802144751563       -0.75388473113549       -2.33842688662215
H            3.42204424202890       -0.95111134341064        1.23493566952129
H            3.99453085006647       -0.77263281667362       -0.42819647196367
H            3.22782098190200       -2.27841737868861        0.08619090203752
H            1.07731508802582       -1.69864294381544        1.54850790391327
H           -2.45865338117666       -0.95818541919503        1.30161145232900
H           -4.71680587270610        0.67651302707964        0.26939721871397
H           -4.63906117323086       -0.04404273685458        1.89745365400260
H           -4.90925313108416       -1.07419834892383        0.46894207916693
H            3.43285738392337        1.32763715459461        1.55365437696944
H            1.73116067967767        1.20495465831939        2.11647415860324
H            2.34680049614567        2.72732083416504        1.43629459260171
26
 energy: -39.332335212382 gnorm: 0.006030585175 xtb: 6.7.1 (edcfbbe)
C            1.53843688510141       -1.11945097361651       -1.66700940982981
C            1.85843106331196       -0.66757111329343       -0.24094555650387
C            3.21934822447385       -1.19525542354298        0.19259505369867
C            0.78713952765034       -1.09120730026718        0.70720556524099
N           -0.45054443290738       -0.83340938105397        0.71815039802571
O           -0.93086577385262       -0.00329739304371       -0.31756762443570
C           -2.27405595846743        0.26640839060588       -0.27585659115987
O           -2.71296262625771        1.01431551516124       -1.12800804131476
N           -2.96121897871913       -0.32085119548442        0.69674723706033
C           -4.39031894613059       -0.17752762569696        0.84632005257484
S            1.87550118349309        1.20242313550197       -0.30150559552180
C            2.38477646218989        1.63904652428112        1.39228574778980
H            1.49614807830834       -2.20455043754097       -1.70626491851386
H            0.58622599960849       -0.71507918261109       -1.99678609452813
H            2.31285649973918       -0.76838056957281       -2.34236457948948
H            3.43179558194920       -0.94271529413255        1.22788972677996
H            3.99462075015698       -0.77008682380335       -0.43992758746286
H            3.23812365548578       -2.27762779670330        0.08734452005532
H            1.08115027485224       -1.71712976647880        1.54050404113979
H           -2.45537429824692       -0.96201048942245        1.29306089018147
H           -4.71053903954471        0.66652217187941        0.23305302853433
H           -4.62943819076415        0.00984517457714        1.89388818977009
H           -4.90386631219651       -1.08137004105038        0.50562717747574
H            3.41195239478123        1.33429122398119        1.56219724554283
H            1.70728552933406        1.18869703961417        2.11072894125505
H            2.30956961305494        2.72115932054864        1.44113287686841
26
 energy: -39.332380804811 gnorm: 0.003669304011 xtb: 6.7.1 (edcfbbe)
C            1.53812982418035       -1.12023725229644       -1.66762839224147
C            1.86055623170885       -0.66810874465472       -0.24182756679659
C            3.22076922335660       -1.19719595437299        0.19176366421644
C            0.78858861868190       -1.08853509182995        0.70800230197070
N           -0.44878532164057       -0.82973058838129        0.71791943721364
O           -0.93029151474228       -0.00359386232875       -0.31811220910051
C           -2.27315706831077        0.26563078971008       -0.27529996137235
O           -2.71089579623722        1.01476857299335       -1.12701744899424
N           -2.96026968213468       -0.32222975750961        0.69600639402020
C           -4.38946404571774       -0.17654671691923        0.84616878666156
S            1.88039390542321        1.20080709425165       -0.30416783851608
C            2.38098671871219        1.63811926123118        1.39221201547731
H            1.49140949383135       -2.20535438715018       -1.70719713799695
H            0.58680976864547       -0.71109307274224       -1.99630466253421
H            2.31381525213519       -0.77165699822992       -2.34334249564123
H            3.43342023180132       -0.94405145272461        1.22692658731416
H            3.99629438728786       -0.77326051017491       -0.44104455204283
H            3.23931952204206       -2.27975698267539        0.08811954189147
H            1.08148781103910       -1.71255867188888        1.54325236152588
H           -2.45512779086370       -0.96037615944691        1.29580006564670
H           -4.70963635988560        0.66619872585098        0.23521175519728
H           -4.62830724518547        0.01084085062218        1.89108482175934
H           -4.90363763455826       -1.07757351765511        0.50735892971709
H            3.40828967066193        1.33699490119142        1.56604115776854
H            1.70270092890242        1.18427318769335        2.10741505804249
H            2.30077803727031        2.71941402627285        1.44115408004681
26
 energy: -39.332402212973 gnorm: 0.007696611497 xtb: 6.7.1 (edcfbbe)
C            1.54052905308423       -1.13239307481839       -1.67085424171966
C            1.86714086976063       -0.67629035583108       -0.24614180484201
C            3.22822944854144       -1.20158828452585        0.18874856525548
C            0.79379445242841       -1.09805851941960        0.70468442218633
N           -0.44206855417767       -0.83260482454343        0.71379866944796
O           -0.91997727891455        0.00985876072285       -0.30938218756529
C           -2.26071777791164        0.28459614199294       -0.26151012063443
O           -2.68903739543968        1.06606587593640       -1.09646815646604
N           -2.95372059718209       -0.32508860701636        0.69364905857163
C           -4.38220087236974       -0.16627198137219        0.84665355985486
S            1.88672492520310        1.19017347603578       -0.31597666410659
C            2.35118102247617        1.63496495729265        1.38991792878957
H            1.49414428173138       -2.21895409036214       -1.71100721293356
H            0.58597679620298       -0.72091212217892       -1.99490596200526
H            2.31447149365073       -0.78088186517304       -2.34886872219316
H            3.44084534356542       -0.94180177393398        1.22283252551027
H            4.00264376987412       -0.77936040992327       -0.44659665716875
H            3.25054834427208       -2.28513938801185        0.09301625294386
H            1.08200493920995       -1.72788957920614        1.53770907431966
H           -2.45697828998224       -0.97540733800749        1.29089204460777
H           -4.70045671891231        0.65411658290582        0.20612159172597
H           -4.61746591399853        0.06508026153543        1.88467724192880
H           -4.90064222100125       -1.07905526940978        0.54934736532719
H            3.38011874037957        1.35011793529311        1.58133486597434
H            1.66862031943452        1.16786075548909        2.09252972299053
H            2.25046898647881        2.71405042536544        1.43829353343391
26
 energy: -39.332462057893 gnorm: 0.002214983165 xtb: 6.7.1 (edcfbbe)
C            1.54217938804986       -1.13046992215177       -1.67126841871130
C            1.86765173240843       -0.67556055810907       -0.24645431355496
C            3.22759959178996       -1.20377824292043        0.18882041408629
C            0.79411288212923       -1.09653280831791        0.70337909327016
N           -0.44179217400173       -0.83106861089085        0.71406157880075
O           -0.92135426384864        0.00704386542744       -0.31260141758458
C           -2.26181714771278        0.28400403590976       -0.26140384050262
O           -2.69289963924833        1.05537050183657       -1.09989415882058
N           -2.95384123946883       -0.32273261517558        0.69458533054642
C           -4.38204984657779       -0.16570786747371        0.84790334172024
S            1.89097410931353        1.19136102173152       -0.31601767038946
C            2.35035648031024        1.63505166407868        1.39052639536779
H            1.49234008662267       -2.21636539095580       -1.71068649058863
H            0.59027575361734       -0.71758359204034       -1.99818917748366
H            2.31746743792899       -0.78235158479578       -2.34872693720378
H            3.43982275773182       -0.94458671196358        1.22267478670087
H            4.00355114722284       -0.78288077290225       -0.44532861406583
H            3.24707957919636       -2.28703477792817        0.09166190777671
H            1.08308500931141       -1.72705351830936        1.53543960016181
H           -2.45584196340770       -0.96642576150683        1.29682954850051
H           -4.70303148793717        0.64915824534743        0.20199203413816
H           -4.61510664498402        0.07186305281311        1.88400252141229
H           -4.89888906585622       -1.08049903431178        0.55697857339034
H            3.37850561529853        1.34992160801748        1.58468423671028
H            1.66554392508577        1.16778648999031        2.09052103174584
H            2.25025514343009        2.71425897343693        1.43900533781035
26
 energy: -39.332498553827 gnorm: 0.002254000935 xtb: 6.7.1 (edcfbbe)
C            1.54466860297994       -1.12816948825787       -1.67290023350619
C            1.86869743110093       -0.67503426507198       -0.24773741865481
C            3.22688293112924       -1.20716847493871        0.18899574869938
C            0.79472624134469       -1.09373438717902        0.70146793136056
N           -0.44145467236959       -0.82963465664747        0.71278225380490
O           -0.92246162624083        0.00551842567313       -0.31643527242609
C           -2.26434268090895        0.27919959868966       -0.26615610354713
O           -2.69875567970752        1.04293831324533       -1.10702549763281
N           -2.95390124721902       -0.32129415744820        0.69464382722687
C           -4.38153387289672       -0.16440067333698        0.85117779202072
S            1.89667964719194        1.19243810151977       -0.31633332653238
C            2.34849687120352        1.63464996137232        1.39163288044933
H            1.48901294392318       -2.21354518595068       -1.71153515616497
H            0.59634549572438       -0.71119325829436       -2.00315439014660
H            2.32331594567327       -0.78496440855870       -2.34861387408561
H            3.43846703329967       -0.94902155925018        1.22290348582814
H            4.00505904884730       -0.78839427645962       -0.44372563749347
H            3.24243750712394       -2.29017723492829        0.09035148507441
H            1.08486902619825       -1.72247006760981        1.53444070315945
H           -2.45350364800077       -0.95427596223273        1.30560926911992
H           -4.70662370102304        0.64111409781780        0.19549282834498
H           -4.61095852794052        0.08552780289824        1.88451609553369
H           -4.89694513391903       -1.08330029562187        0.57265107632531
H            3.37538802604106        1.34867120768163        1.59087984560547
H            1.65993544307017        1.16783991714198        2.08803724283332
H            2.24967576177831        2.71406861458265        1.44052913803704
26
 energy: -39.332542644568 gnorm: 0.003776310477 xtb: 6.7.1 (edcfbbe)
C            1.54813724407714       -1.12494906226716       -1.67601729797821
C            1.87076269850528       -0.67469945423717       -0.25012332785691
C            3.22621961273533       -1.21280826828076        0.18878438251271
C            0.79565142683984       -1.08901498619174        0.69872123798127
N           -0.44072243962769       -0.82614591684206        0.71038790605867
O           -0.92386582871790        0.00341761267051       -0.32319948674060
C           -2.26751114962951        0.27343146394314       -0.27352868413582
O           -2.70816271658234        1.02281534039503       -1.12302289882282
N           -2.95285829205276       -0.31810550355129        0.69569387163882
C           -4.38016726342921       -0.16272297235179        0.85649804296200
S            1.90584861697627        1.19343118869779       -0.31723857276431
C            2.34446855626452        1.63330550550005        1.39389238294149
H            1.48232904793796       -2.20979755243260       -1.71414147134905
H            0.60526128172111       -0.69956040846474       -2.01060464201164
H            2.33292143335143       -0.78970407502630       -2.34860740107995
H            3.43696915397594       -0.95620958455159        1.22304125085560
H            4.00765458094254       -0.79741389168275       -0.44212736005808
H            3.23619886534239       -2.29567734066717        0.08881352723385
H            1.08693547878116       -1.71348573370690        1.53466381576062
H           -2.44808352244510       -0.93365285395052        1.32100237478208
H           -4.71201608695136        0.62713333040985        0.18449105739285
H           -4.60484859854110        0.10897206082291        1.88529739855187
H           -4.89314543947360       -1.08956876325793        0.60003749553401
H            3.36900281714951        1.34492798926317        1.60233448908544
H            1.64887454922210        1.16817048161833        2.08441758177242
H            2.24832314003186        2.71309908297774        1.44302902096714
26
 energy: -39.332596286472 gnorm: 0.003684224744 xtb: 6.7.1 (edcfbbe)
C            1.55246216222259       -1.12066134373562       -1.68085872450460
C            1.87410580968498       -0.67465904569285       -0.25369197550612
C            3.22574376422778       -1.22089824052213        0.18782133167241
C            0.79688932413419       -1.08130610472232        0.69563512569956
N           -0.43957284854087       -0.81940666084720        0.70643095115173
O           -0.92566010217226        0.00069099762048       -0.33386730385368
C           -2.27175224552498        0.26331253624698       -0.28643253646508
O           -2.72118604787985        0.99212687174083       -1.15015521868888
N           -2.95005082478460       -0.31335447838661        0.69729048494061
C           -4.37695786493033       -0.15948092355422        0.86487789479540
S            1.91914891606628        1.19398702390876       -0.31851840841566
C            2.33736333729959        1.63051309754420        1.39818077124868
H            1.47072216147357       -2.20474459729627       -1.71917678937338
H            0.61752349536076       -0.68139876682332       -2.02084839599364
H            2.34643986877783       -0.79747236428171       -2.34898412904464
H            3.43569956395124       -0.96613933198889        1.22270671610643
H            4.01133644666002       -0.81028667045899       -0.44107995348592
H            3.22873148716760       -2.30380476076947        0.08720655020723
H            1.08849224455107       -1.69867534149948        1.53710136695780
H           -2.43849337623084       -0.90341029320355        1.34267166072698
H           -4.71908388386269        0.60533718953054        0.16779571674736
H           -4.59534201636139        0.14714238666470        1.88621815654798
H           -4.88655800749770       -1.09878069914171        0.64479786336416
H            3.35776614043987        1.33688711159246        1.62077206564412
H            1.63021894915175        1.16879009529067        2.07955357619695
H            2.24619071302016        2.71088000162083        1.44704789655764
26
 energy: -39.332630369901 gnorm: 0.003276113090 xtb: 6.7.1 (edcfbbe)
C            1.55511136037682       -1.11761547059093       -1.68469195717999
C            1.87688472427877       -0.67484916083372       -0.25648654331714
C            3.22564979071991       -1.22680310744474        0.18659084969399
C            0.79770957165285       -1.07519119362127        0.69367833137565
N           -0.43873346868089       -0.81367255036367        0.70227954573491
O           -0.92731388705280       -0.00282686327573       -0.34382693915303
C           -2.27464862817011        0.25390548867299       -0.29763850980118
O           -2.73034710257160        0.96614831623007       -1.17363487849869
N           -2.94682970446098       -0.30942218890673        0.69867571937189
C           -4.37325544144717       -0.15578845555121        0.87207762115093
S            1.92924058631762        1.19374590539894       -0.31920399916657
C            2.33092105021337        1.62774247163628        1.40247222857864
H            1.46053117830299       -2.20089424607918       -1.72377499544987
H            0.62634299891741       -0.66690054184129       -2.02799066264200
H            2.35588732381847       -0.80392428029585       -2.34958255413981
H            3.43546154346012       -0.97297148130041        1.22196252830132
H            4.01384922000897       -0.81976027176882       -0.44135872938462
H            3.22425885169728       -2.30989454924149        0.08657457285526
H            1.08865970796563       -1.68479555505541        1.54132656647855
H           -2.43004782724080       -0.88105800203349        1.35651786710036
H           -4.72344543639134        0.58773736852350        0.15587602491511
H           -4.58696863757807        0.17968466029828        1.88619377780269
H           -4.88064650056040       -1.10389422360896        0.68337968525243
H            3.34707035947650        1.32773414539868        1.63664379875677
H            1.61335869712834        1.17013893085248        2.07601038426190
H            2.24547683622285        2.70861254363784        1.45042496033598
26
 energy: -39.332662930457 gnorm: 0.003112646411 xtb: 6.7.1 (edcfbbe)
C            1.55605000098278       -1.11551752526008       -1.68720086364064
C            1.87903931697617       -0.67497566199601       -0.25831523039962
C            3.22597388557614       -1.23048423410403        0.18495522562558
C            0.79845679271948       -1.07032481827962        0.69315375352171
N           -0.43809409731186       -0.80959942227866        0.69814624245559
O           -0.92899951103037       -0.00850742953380       -0.35349286136030
C           -2.27646039777484        0.24435181823105       -0.30743148379777
O           -2.73558134266715        0.94454373660907       -1.19260273717077
N           -2.94367605924804       -0.30653570349222        0.69948917556849
C           -4.36934862249263       -0.15120657551318        0.87807166932218
S            1.93596987280891        1.19310438104268       -0.31903012681123
C            2.32521906950707        1.62505359404165        1.40679324372035
H            1.45208858021587       -2.19791826974487       -1.72711929001267
H            0.63160804792658       -0.65646911105071       -2.03183083135299
H            2.36090318019278       -0.80874367354444       -2.35039431993446
H            3.43654439196071       -0.97667000882213        1.22049382508425
H            4.01527592275692       -0.82598534384598       -0.44320159135557
H            3.22228379583289       -2.31384821410918        0.08648419226275
H            1.08815804950621       -1.67208388490044        1.54693617698845
H           -2.42310752720460       -0.86703707038730        1.36245284714473
H           -4.72527444264027        0.57446198742593        0.14795570587049
H           -4.57899011838708        0.20755059061122        1.88513233864068
H           -4.87576288990600       -1.10432550436731        0.71600053353138
H            3.33685971248005        1.31731148251889        1.65001693724122
H            1.59821085319883        1.17263150506381        2.07375030189337
H            2.24683070242517        2.70641104452182        1.45328186019830
26
 energy: -39.332695304999 gnorm: 0.003301895639 xtb: 6.7.1 (edcfbbe)
C            1.55565412707391       -1.11368061783347       -1.68866643119359
C            1.88073256811543       -0.67484819056672       -0.25948769001451
C            3.22669021141887       -1.23280339009113        0.18245825623552
C            0.79959647470995       -1.06628777106238        0.69364102633809
N           -0.43736200626260       -0.80752159045414        0.69399537330959
O           -0.93092425557015       -0.01803720549586       -0.36406430224501
C           -2.27761083826082        0.23386824492195       -0.31657635160388
O           -2.73826627245981        0.92335849771149       -1.20948948588028
N           -2.94069160986826       -0.30350973617981        0.70004123339553
C           -4.36529820560001       -0.14506609149965        0.88336023853909
S            1.94050434681004        1.19252487846151       -0.31775392561950
C            2.31929693706396        1.62207069459692        1.41180300131777
H            1.44475900775179       -2.19512163760870       -1.72887290199082
H            0.63434241525167       -0.64892093095104       -2.03351525604430
H            2.36251294419045       -0.81216713911499       -2.35149199045294
H            3.43924983869717       -0.97838318658301        1.21767004359729
H            4.01597702294676       -0.83039027339071       -0.44700206765470
H            3.22146728919721       -2.31642285938256        0.08583512672164
H            1.08833629581608       -1.65917525635399        1.55378338493742
H           -2.41639619241049       -0.85709764901362        1.36440854370252
H           -4.72616358598529        0.56187667746573        0.13885321031268
H           -4.56964408351336        0.23782872988960        1.88248779699260
H           -4.87101724814395       -1.10200753735978        0.74904685801967
H            3.32548418350141        1.30413440815328        1.66337279166952
H            1.58207000699763        1.17691629907068        2.07227916052347
H            2.25087779493610        2.70405032150661        1.45637905032066
26
 energy: -39.332723142623 gnorm: 0.003477849835 xtb: 6.7.1 (edcfbbe)
C            1.55508560978600       -1.11117742392309       -1.69009443911907
C            1.88241231543988       -0.67445388632064       -0.26078452457952
C            3.22767147363384       -1.23546035059688        0.17880854129566
C            0.80159092804021       -1.06191677639955        0.69438310589996
N           -0.43621528622046       -0.80702246060525        0.68986802225314
O           -0.93311003441438       -0.03212234669029       -0.37676930942836
C           -2.27904498126391        0.22083420806119       -0.32726136249628
O           -2.74170488027114        0.89595236390186       -1.22982360005941
N           -2.93769137064926       -0.29900138501251        0.70091375828544
C           -4.36092814216722       -0.13673383008270        0.88951118319522
S            1.94541542249562        1.19249130957585       -0.31544273419642
C            2.31187664399213        1.61845173878474        1.41820967167084
H            1.43722274983481       -2.19168489470145       -1.72985719346626
H            0.63702665209803       -0.64113282977585       -2.03555968483393
H            2.36383310990862       -0.81512456085318       -2.35284170964674
H            3.44331629710644       -0.98051248774647        1.21327260061436
H            4.01668527176157       -0.83554492694236       -0.45260478673550
H            3.21979529441876       -2.31919525100011        0.08348222730862
H            1.09067799801889       -1.64408037471786        1.56146766798377
H           -2.40832858336219       -0.84429976277335        1.36847167369549
H           -4.72810654350509        0.54493270272594        0.12397358303735
H           -4.55799271706541        0.27922311553937        1.87776478420333
H           -4.86538241794772       -1.09911408148789        0.79154499493397
H            3.31089845517412        1.28691993898813        1.68037158951554
H            1.56147758728304        1.18364016626702        2.07079115209049
H            2.25769631427847        2.70131977462157        1.46069948181188
26
 energy: -39.332744077194 gnorm: 0.002587055571 xtb: 6.7.1 (edcfbbe)
C            1.55280580473428       -1.11020240501251       -1.68950318030693
C            1.88248028716563       -0.67410868782160       -0.26069367761843
C            3.22919710050193       -1.23490353882528        0.17461517326605
C            0.80389256762807       -1.06106741189041        0.69671518053210
N           -0.43521636060778       -0.81194323141665        0.68843524674623
O           -0.93421517643324       -0.04866482337424       -0.38509233732509
C           -2.27887935347149        0.21016217023667       -0.33329672490352
O           -2.74055357751235        0.87732303886598       -1.24068918452214
N           -2.93621421737880       -0.29582517320339        0.70126803552274
C           -4.35801987390682       -0.12790047660398        0.89256689922360
S            1.94442958102121        1.19279203508757       -0.31167990221128
C            2.30642234187519        1.61597593964175        1.42341820370183
H            1.43573280855989       -2.19043122608477       -1.72838425132001
H            0.63417184744050       -0.64164743882960       -2.03365242858024
H            2.35953320831502       -0.81376182155189       -2.35404332836738
H            3.44913019013173       -0.97901297613212        1.20778719281508
H            4.01580052717142       -0.83555616186652       -0.46022629745645
H            3.22067976087212       -2.31856788394031        0.08000354883838
H            1.09529712622448       -1.63399662376852        1.56861355089882
H           -2.40440406579772       -0.84314528467417        1.36525539755105
H           -4.72746344368263        0.53562958513530        0.11451515094648
H           -4.55033882076533        0.31023611887385        1.87010252473096
H           -4.86280022755644       -1.08944585485032        0.81896952226232
H            3.29869583415325        1.27073492207030        1.69172231987779
H            1.54615802507817        1.19293766361079        2.07164862261247
H            2.26785527264332        2.69957723516037        1.46411943631920
26
 energy: -39.332752647191 gnorm: 0.003541094394 xtb: 6.7.1 (edcfbbe)
C            1.55329677570953       -1.10679160935381       -1.69164291003420
C            1.88409180829169       -0.67397778490866       -0.26245759177920
C            3.23044545652778       -1.23861391900535        0.16991852606299
C            0.80677864972937       -1.05696756137098        0.69727643604941
N           -0.43370481195735       -0.81422607784585        0.68597008143156
O           -0.93600432640390       -0.06671081577634       -0.39776971360294
C           -2.28099515092399        0.19405010197990       -0.34584850989287
O           -2.74664199128178        0.84170473339407       -1.26587552383685
N           -2.93346683667864       -0.28961131704577        0.70317348128344
C           -4.35378164656003       -0.11701452421979        0.89984040886667
S            1.95009200595431        1.19352047495303       -0.30854458279923
C            2.29738779204115        1.61217458658513        1.43059548027354
H            1.42999450391328       -2.18656673112064       -1.73043143564461
H            0.63770583569482       -0.63339337360415       -2.03741175032960
H            2.36265978301555       -0.81500592996896       -2.35532570605636
H            3.45401546926874       -0.98321358496082        1.20223011232173
H            4.01668114674435       -0.84177547921704       -0.46704897793471
H            3.21786655603596       -2.32214089756591        0.07502715492216
H            1.10134138263091       -1.61796099349014        1.57602762172066
H           -2.39669756802629       -0.82523425483168        1.37504102862910
H           -4.73096100802081        0.51397358912956        0.09447474463586
H           -4.53833469035968        0.36372191446124        1.86204408945172
H           -4.85703964355586       -1.08515708913203        0.87124745894591
H            3.28073003945422        1.25058283240710        1.71241858396756
H            1.52149299965246        1.20313768377140        2.07021298368999
H            2.27722463550780        2.69668371557283        1.46935320289196
26
 energy: -39.332767481985 gnorm: 0.001284010776 xtb: 6.7.1 (edcfbbe)
C            1.55391265859980       -1.10789951374799       -1.69112775488210
C            1.88314427411601       -0.67446677043055       -0.26183816700699
C            3.23008591306968       -1.23736729907028        0.17148355057540
C            0.80595287896826       -1.05969052480464        0.69698679931311
N           -0.43424440956281       -0.81572648709188        0.68880336142719
O           -0.93480010126441       -0.06106250430449       -0.39087461510875
C           -2.28030388536040        0.19963502978426       -0.34058092643591
O           -2.74523205838784        0.85348347744814       -1.25628310054144
N           -2.93503863388185       -0.29147474870537        0.70320507039798
C           -4.35604385041617       -0.12012657479046        0.89677169651020
S            1.94724076589913        1.19356076577349       -0.30948457009496
C            2.30064055081285        1.61406058068914        1.42739247381303
H            1.43528248630568       -2.18837105393358       -1.73069785088646
H            0.63613232297104       -0.63794420979869       -2.03652037209564
H            2.36217664382181       -0.81219489341422       -2.35463854861565
H            3.45221470111924       -0.98253041251493        1.20417990006001
H            4.01622301531244       -0.83891703970798       -0.46455491834434
H            3.21897010046275       -2.32079775469695        0.07556138625598
H            1.10110398824308       -1.62605776557623        1.57195701609115
H           -2.40152579833725       -0.83115112024721        1.37435855667823
H           -4.72999361484409        0.52230065575053        0.10148113974044
H           -4.54414298680251        0.34533177946279        1.86312688488880
H           -4.86012726004238       -1.08505840493987        0.85126142458698
H            3.28691095044665        1.25839781232540        1.70440316072988
H            1.53091988499423        1.20128181212945        2.07109360575669
H            2.27471863016068        2.69797285324842        1.46702949042083
26
 energy: -39.332776333498 gnorm: 0.001039008222 xtb: 6.7.1 (edcfbbe)
C            1.55500571887608       -1.10692683052568       -1.69229005497281
C            1.88325574668006       -0.67545490293214       -0.26240521471303
C            3.23079712101478       -1.23818462076693        0.16984418438663
C            0.80710370221819       -1.06093962543680        0.69706801337542
N           -0.43383188922645       -0.82032463778940        0.68980319085130
O           -0.93477692878863       -0.06880559290330       -0.39231853177352
C           -2.28063251054654        0.19345308050827       -0.34333776498640
O           -2.74685291349235        0.84141899898186       -1.26224515689636
N           -2.93462071376861       -0.28931739870454        0.70495859645363
C           -4.35534791248231       -0.11472501003990        0.89864426009105
S            1.94711341881056        1.19351150414452       -0.30803404315157
C            2.29740578758026        1.61354682856842        1.42898214712772
H            1.43922211987898       -2.18779171253998       -1.73391999672700
H            0.63601186960593       -0.63882374192049       -2.03730872125208
H            2.36281522740499       -0.80811304282807       -2.35507085374500
H            3.45368295363724       -0.98441219680738        1.20256331102221
H            4.01620680556759       -0.83899431075947       -0.46661195951598
H            3.21957610971405       -2.32146430639720        0.07269698233360
H            1.10505740230181       -1.62433147304469        1.57321440541247
H           -2.40276724211878       -0.82647240808587        1.37930098966326
H           -4.73041419563208        0.51643461254823        0.09521692723983
H           -4.54211337993785        0.36505259036455        1.85782086652384
H           -4.85988421719860       -1.07979388264847        0.86734383191061
H            3.27994408102795        1.25087976985316        1.71045990761278
H            1.52228913026217        1.20803763967200        2.07099115237004
H            2.27993187501515        2.69772835832563        1.46712822459303
26
 energy: -39.332784034846 gnorm: 0.001301381671 xtb: 6.7.1 (edcfbbe)
C            1.55670423151082       -1.10540050210497       -1.69437985765912
C            1.88401605066215       -0.67716929125029       -0.26341580199153
C            3.23202368087876       -1.23957505242273        0.16747321802003
C            0.80874254684064       -1.06267397748435        0.69687125585316
N           -0.43300185469435       -0.82575126553862        0.68924444593786
O           -0.93563874699421       -0.08077850491068       -0.39699940678844
C           -2.28089423970158        0.18392337112976       -0.34742220305584
O           -2.74896552304659        0.82132660967803       -1.27289595047663
N           -2.93315064314569       -0.28534272091021        0.70838638694511
C           -4.35347861339636       -0.10593117344443        0.90208010026540
S            1.94690322146299        1.19249482271232       -0.30622629579751
C            2.29143257568829        1.61195175029208        1.43185131549654
H            1.44498429147074       -2.18649763533308       -1.73963019073099
H            0.63601518353719       -0.63975519349706       -2.03783514884865
H            2.36329393161233       -0.80161289410186       -2.35628802547514
H            3.45545900218900       -0.98715915429003        1.20046021291090
H            4.01674976509003       -0.83911577079191       -0.46899256104376
H            3.22150184514389       -2.32278810694606        0.06913141054267
H            1.10882814495508       -1.62156231094547        1.57534398701222
H           -2.40316697145205       -0.81699937288497        1.38777281668050
H           -4.73092106616137        0.50548380636521        0.08390407451174
H           -4.53769073679057        0.39815819655572        1.84996782523077
H           -4.85791476503986       -1.07211958298502        0.89623150303236
H            3.26782978286147        1.23800992304965        1.72041262987831
H            1.50745203392234        1.21748966698601        2.07038838734276
H            2.28706403900049        2.69658205190931        1.46706056544102
26
 energy: -39.332789417313 gnorm: 0.000959112060 xtb: 6.7.1 (edcfbbe)
C            1.55863628466875       -1.10529006218768       -1.69600787797831
C            1.88442963236373       -0.67895150747032       -0.26408106610752
C            3.23293060276759       -1.23968551671373        0.16685383381891
C            0.80930049209514       -1.06613690686142        0.69578812406512
N           -0.43261335922957       -0.83007908853317        0.68851214383562
O           -0.93618701559351       -0.08582043712067       -0.39774780575370
C           -2.28067811821994        0.17946020593216       -0.34759548638951
O           -2.74927900456690        0.81302849644572       -1.27504109932400
N           -2.93256004103970       -0.28329759819249        0.71114183947833
C           -4.35292192274545       -0.10048698950558        0.90333832096347
S            1.94483497248121        1.19095714569021       -0.30580259278132
C            2.28791384047069        1.61121471973209        1.43240388308795
H            1.45360798693864       -2.18690236654840       -1.74469292263527
H            0.63495479831989       -0.64406762290400       -2.03736088149083
H            2.36301213831802       -0.79435093502084       -2.35741872337530
H            3.45516943874038       -0.98862704679672        1.20052549935921
H            4.01754349129790       -0.83694089514929       -0.46830078690106
H            3.22460463742550       -2.32286063358258        0.06709121680962
H            1.10977925146349       -1.62469813051833        1.57436143814876
H           -2.40511278678308       -0.81152204366975        1.39464402528486
H           -4.73036820611660        0.50061847191668        0.07824617491830
H           -4.53660465973892        0.41528121491565        1.84461282717645
H           -4.85764509366688       -1.06599795931557        0.91000754463675
H            3.26111172664619        1.23186766695652        1.72373153370610
H            1.50023101552745        1.22272049052351        2.06980085501349
H            2.29008706457951        2.69575501681438        1.46548467566763
26
 energy: -39.332792042021 gnorm: 0.000663622524 xtb: 6.7.1 (edcfbbe)
C            1.56032186275306       -1.10546624683012       -1.69738148600522
C            1.88506706997120       -0.67985695013391       -0.26496057322065
C            3.23370668195477       -1.23994329791927        0.16636565094536
C            0.80976337640418       -1.06793900029959        0.69441821062448
N           -0.43211250649405       -0.83187114086341        0.68691337305741
O           -0.93691806265319       -0.08908941186418       -0.39976190234668
C           -2.28085910937724        0.17615239851838       -0.34853290570383
O           -2.75083903734461        0.80403584879610       -1.27990945459291
N           -2.93174107818589       -0.28072192864136        0.71337879849090
C           -4.35193466339842       -0.09605245583224        0.90528534323197
S            1.94427968708838        1.18987749718022       -0.30572451738755
C            2.28425434792013        1.60982596270157        1.43349631987770
H            1.45970990794173       -2.18740091025015       -1.74759209854794
H            0.63469882690720       -0.64737496062430       -2.03775080659135
H            2.36314435903585       -0.79009431844317       -2.35874309688676
H            3.45484120230121       -0.98995989047611        1.20053062991647
H            4.01867032548410       -0.83575560900956       -0.46747837982609
H            3.22649167757318       -2.32301671961084        0.06526551640559
H            1.10977164663092       -1.62625894924364        1.57315969831667
H           -2.40387798519036       -0.80380140896475        1.40100849833186
H           -4.73056150016998        0.49490832358087        0.07339560399171
H           -4.53459644744328        0.43083584616222        1.84061600623743
H           -4.85605309130424       -1.06159548720763        0.92441989594020
H            3.25481814155283        1.22624016966762        1.72789845624721
H            1.49284227042379        1.22526534006345        2.06860014964283
H            2.29128926402224        2.69424498838020        1.46557776308500
26
 energy: -39.332793851486 gnorm: 0.000632882688 xtb: 6.7.1 (edcfbbe)
C            1.56148779203155       -1.10650822135060       -1.69793185867895
C            1.88541897842018       -0.68013120221302       -0.26549679779447
C            3.23414976108860       -1.23951166617735        0.16668001571594
C            0.80957261579956       -1.06920378651728        0.69304880231984
N           -0.43212400209478       -0.83226315161603        0.68516958604712
O           -0.93707530274605       -0.08819940986741       -0.40034095174265
C           -2.28089603853689        0.17579335594498       -0.34873779739021
O           -2.75104862617669        0.80349092296657       -1.27979829997401
N           -2.93132694249033       -0.27971266323304        0.71374695522046
C           -4.35130299855405       -0.09423511878866        0.90644786993234
S            1.94360316746463        1.18917685391037       -0.30626338044479
C            2.28203135801151        1.60877485149700        1.43366326355192
H            1.46442861526393       -2.18871052007370       -1.74823319321530
H            0.63421525291093       -0.65133221326993       -2.03780203333282
H            2.36287924472045       -0.78830905592190       -2.35970174142804
H            3.45394740884763       -0.99016298906457        1.20127003487580
H            4.01947169402451       -0.83408110327934       -0.46595512835846
H            3.22801702742381       -2.32247871429422        0.06464515110526
H            1.10850489444613       -1.62881910955402        1.57124383091931
H           -2.40217680301343       -0.80021515539112        1.40204410999396
H           -4.73069161920801        0.49240127858180        0.07213210048600
H           -4.53312700570297        0.43714044445851        1.83931485013918
H           -4.85517504840894       -1.05963864363704        0.93108973520635
H            3.25199801211583        1.22456163244047        1.72875583441342
H            1.48979400469411        1.22429306136020        2.06751871670622
H            2.28960172607226        2.69306801192574        1.46598501896041
26
 energy: -39.332795132775 gnorm: 0.000508159456 xtb: 6.7.1 (edcfbbe)
C            1.56236648277782       -1.10730398817503       -1.69834553204084
C            1.88559286757966       -0.68033694847606       -0.26594118946134
C            3.23430782610842       -1.23944923345012        0.16694343201298
C            0.80930676808561       -1.06977992017242        0.69199388472896
N           -0.43226029254889       -0.83221878026532        0.68420819384218
O           -0.93686941570481       -0.08722471542268       -0.40088749576511
C           -2.28087361298667        0.17651253961683       -0.34912968291182
O           -2.75164840387949        0.80286080075533       -1.28091148727551
N           -2.93078975165632       -0.27842331905510        0.71394808813007
C           -4.35056650344103       -0.09314890790411        0.90759161841592
S            1.94361462941838        1.18882811516466       -0.30670739360115
C            2.28010286845015        1.60786432950313        1.43373097904882
H            1.46713747753694       -2.18972025393828       -1.74843664561034
H            0.63426929147719       -0.65375211198515       -2.03821973903640
H            2.36320231393587       -0.78788539526278       -2.36019695897515
H            3.45320609051739       -0.99061985487767        1.20183213536753
H            4.01985103361518       -0.83323804640154       -0.46490570674317
H            3.22868457115575       -2.32232456728230        0.06420796525984
H            1.10784865139021       -1.63035521673431        1.56977096885161
H           -2.40005098349672       -0.79673191565110        1.40264255654759
H           -4.73138639083384        0.49035396727406        0.07176356894011
H           -4.53177756503967        0.44127464651437        1.83868333879038
H           -4.85363587663837       -1.05873871094969        0.93602659981510
H            3.24993370019712        1.22392488584827        1.72952086027587
H            1.48745233674029        1.22267935818651        2.06660006691503
H            2.28715905364334        2.69214093197694        1.46671226771269
26
 energy: -39.332796430809 gnorm: 0.000376217873 xtb: 6.7.1 (edcfbbe)
C            1.56362953427317       -1.10857593329213       -1.69902444005016
C            1.88584412074475       -0.68085586650920       -0.26664016999080
C            3.23439501663821       -1.23969389774029        0.16740905008866
C            0.80889885563327       -1.07032474642021        0.69048108669575
N           -0.43249484224870       -0.83196359562026        0.68267132774300
O           -0.93621086339288       -0.08552381079612       -0.40203038885887
C           -2.28076940674717        0.17779515097742       -0.35069934470611
O           -2.75233462905323        0.80246888272388       -1.28305016837881
N           -2.92957783828082       -0.27639190557345        0.71356367184056
C           -4.34890226292741       -0.09144793212852        0.90978228479258
S            1.94395732712316        1.18826363933680       -0.30742045725397
C            2.27647722011675        1.60637818726699        1.43382644714762
H            1.47013490489508       -2.19121653519835       -1.74873258648948
H            0.63485782418573       -0.65664986955150       -2.03927640741771
H            2.36413703101178       -0.78822940229672       -2.36077911115632
H            3.45204653294282       -0.99147789343032        1.20268852291434
H            4.02032940066810       -0.83258739676775       -0.46335439730058
H            3.22937468501443       -2.32246840336003        0.06384729797669
H            1.10690835457290       -1.63250490738379        1.56748250609880
H           -2.39591643133470       -0.79124975508823        1.40279832033979
H           -4.73250528253260        0.48664663807526        0.07127439859860
H           -4.52867693861780        0.44885116286929        1.83806726696242
H           -4.85065005649164       -1.05772420164979        0.94538748021719
H            3.24647994197943        1.22378651482120        1.73119241560059
H            1.48325172703063        1.21918597904346        2.06493954228913
H            2.28149324120020        2.69069758652879        1.46809054553095
26
 energy: -39.332796825827 gnorm: 0.000373641546 xtb: 6.7.1 (edcfbbe)
C            1.56404206883411       -1.10938687797536       -1.69917161054706
C            1.88578359659652       -0.68136361536780       -0.26677891612971
C            3.23429018607280       -1.23969466795210        0.16791056152570
C            0.80858469538688       -1.07124384403189        0.68982449642103
N           -0.43263076084797       -0.83199128873900        0.68229182976064
O           -0.93562159010721       -0.08388650991598       -0.40165452397749
C           -2.28024881723783        0.18016131389708       -0.35013108530344
O           -2.75172466603890        0.80543777978120       -1.28210332827596
N           -2.92902776259248       -0.27569563858134        0.71335801863305
C           -4.34829651715698       -0.09134456185566        0.91020234701860
S            1.94355204802792        1.18786274517282       -0.30792196429612
C            2.27523921063341        1.60614540099147        1.43328743368341
H            1.47124007126522       -2.19207195017038       -1.74887775617984
H            0.63504318306234       -0.65802875917713       -2.03948691112471
H            2.36441256317547       -0.78855922754000       -2.36082457426097
H            3.45126639138169       -0.99140287925857        1.20332311118865
H            4.02039596932520       -0.83223880146745       -0.46241153513116
H            3.22979543052441       -2.32247875794934        0.06430947463699
H            1.10633413652598       -1.63458943530877        1.56624595235260
H           -2.39503415179932       -0.79094383532162        1.40170965070711
H           -4.73263881005567        0.48703592789441        0.07255755856797
H           -4.52800928690900        0.44795077705803        1.83863659796261
H           -4.84938147529005       -1.05753393025559        0.94528002402195
H            3.24637100494360        1.22618018935657        1.73030228052020
H            1.48330636908220        1.21637981261417        2.06443253747012
H            2.27713407960113        2.69048832293868        1.46818502398970
26
 energy: -39.332797315787 gnorm: 0.000325134069 xtb: 6.7.1 (edcfbbe)
C            1.56408427084758       -1.10949770127893       -1.69929430782313
C            1.88580526589258       -0.68173163577700       -0.26683210089936
C            3.23433953457903       -1.23987331123286        0.16782856841542
C            0.80868936333943       -1.07169409820606        0.68978230012683
N           -0.43253892474071       -0.83249002022511        0.68220873524940
O           -0.93536808462949       -0.08439148794706       -0.40175943673882
C           -2.27990300921164        0.18030149053598       -0.35016261092402
O           -2.75108341706325        0.80595281261890       -1.28194690778480
N           -2.92870191623974       -0.27543911882318        0.71337765493754
C           -4.34794002491728       -0.09077906783660        0.91034598517297
S            1.94330755337951        1.18764667099049       -0.30790432334456
C            2.27444104901092        1.60617016100305        1.43331426582798
H            1.47084820552444       -2.19212960993696       -1.74919584132396
H            0.63530293785599       -0.65769353578568       -2.03960254952027
H            2.36466816420150       -0.78884225732210       -2.36080071765847
H            3.45140760481227       -0.99123400622327        1.20314804510479
H            4.02040241382689       -0.83263522584204       -0.46268879263633
H            3.22987974380942       -2.32270527091215        0.06460500319750
H            1.10651127078261       -1.63485215275975        1.56628095848825
H           -2.39523011238810       -0.79152617603682        1.40152857085876
H           -4.73246253091526        0.48702423030428        0.07222441426156
H           -4.52738636279867        0.44924450910354        1.83856304645870
H           -4.84904461380530       -1.05703594943238        0.94637218953067
H            3.24599169999806        1.22738688140756        1.73032285790669
H            1.48306088194036        1.21551094410154        2.06453081699593
H            2.27509620331230        2.69050061434907        1.46824886935460
26
 energy: -39.332798126285 gnorm: 0.000439834532 xtb: 6.7.1 (edcfbbe)
C            1.56431993714408       -1.11001409762193       -1.69955738080547
C            1.88598665892708       -0.68260682221601       -0.26696956410217
C            3.23466574971942       -1.24009100572328        0.16774257554375
C            0.80906939534285       -1.07292169566848        0.68967296189165
N           -0.43219308121795       -0.83375788739041        0.68187100232417
O           -0.93469486680871       -0.08537182906720       -0.40190969460154
C           -2.27891507285803        0.18091851630779       -0.34991747916908
O           -2.74922363307426        0.80832019748438       -1.28082264165857
N           -2.92789951376666       -0.27489210548737        0.71344621358380
C           -4.34704172998599       -0.08918020230070        0.91070843306117
S            1.94257151118308        1.18701893098234       -0.30809385616955
C            2.27217894686105        1.60613327733460        1.43327738769345
H            1.47024036109409       -2.19251769832749       -1.74974358446576
H            0.63599266334265       -0.65741708870254       -2.03998946845854
H            2.36527273044222       -0.78980013960109       -2.36083783998495
H            3.45199829268613       -0.99023583574189        1.20273444167647
H            4.02053963519936       -0.83347973984171       -0.46340836794368
H            3.23034054287317       -2.32306923624866        0.06572750344473
H            1.10668997296556       -1.63678253507164        1.56561696138275
H           -2.39583003758573       -0.79370247815689        1.40086784098764
H           -4.73159162499679        0.48747787985403        0.07188553944252
H           -4.52577418876065        0.45263704531536        1.83831849975664
H           -4.84852315883032       -1.05522145178775        0.94886746900297
H            3.24526087684592        1.23084436064763        1.73035052848926
H            1.48202512523421        1.21235176649717        2.06434980671386
H            2.26871167442762        2.69054756336816        1.46830740559836
26
 energy: -39.332798639343 gnorm: 0.000417898626 xtb: 6.7.1 (edcfbbe)
C            1.56505246131483       -1.11099782531804       -1.69996262494054
C            1.88616177381031       -0.68333034306291       -0.26732495970672
C            3.23501754829591       -1.23997039967540        0.16790956660062
C            0.80907973633184       -1.07463532171656        0.68874176698714
N           -0.43208743642371       -0.83500681568430        0.68102067699460
O           -0.93412269976706       -0.08500923518407       -0.40174421726917
C           -2.27812326917662        0.18228292026738       -0.34924070375257
O           -2.74802075497343        0.81115310068098       -1.27938519863308
N           -2.92725696185999       -0.27406671949226        0.71371910301127
C           -4.34628647034854       -0.08765494926396        0.91131987269242
S            1.94163215283313        1.18630993275260       -0.30849233319182
C            2.26982841465939        1.60574227443967        1.43307903565191
H            1.47142715136266       -2.19353531675887       -1.75015263666595
H            0.63661109534427       -0.65873659046103       -2.04056290739580
H            2.36601316006461       -0.79043052190077       -2.36105704025337
H            3.45205513698581       -0.98932282398835        1.20277581356015
H            4.02083175015545       -0.83342248817493       -0.46335141660221
H            3.23118358556748       -2.32301373628539        0.06656899423270
H            1.10650715668620       -1.63923767250841        1.56437454787825
H           -2.39572428245466       -0.79433577329078        1.40047248652240
H           -4.73125190836045        0.48743256347818        0.07148588937097
H           -4.52453457552717        0.45592204394948        1.83799978268712
H           -4.84774845936351       -1.05360991001092        0.95169030429319
H            3.24442174616548        1.23427356651007        1.72963551408822
H            1.48157960436687        1.20832113478908        2.06402091578816
H            2.26193151071434        2.69006659474596        1.46895446128604
26
 energy: -39.332798880182 gnorm: 0.000157721583 xtb: 6.7.1 (edcfbbe)
C            1.56528224602363       -1.11112023879248       -1.69997351917608
C            1.88622851931657       -0.68312218998111       -0.26737979157313
C            3.23517018328983       -1.23966892646968        0.16791169896044
C            0.80911730781306       -1.07465045944188        0.68863099390821
N           -0.43209244822182       -0.83527902821854        0.68092378584205
O           -0.93425384318947       -0.08516287329409       -0.40179701623309
C           -2.27820330782018        0.18211224033480       -0.34907037328802
O           -2.74821388373799        0.81135389059546       -1.27910902069842
N           -2.92744112742507       -0.27427128944923        0.71387642331390
C           -4.34638419817386       -0.08739054546537        0.91147869722462
S            1.94148771112476        1.18637885736630       -0.30860414955330
C            2.26972257311172        1.60552906389912        1.43308359325582
H            1.47185574340149       -2.19371932971642       -1.74985028644889
H            0.63675451579050       -0.65913415625823       -2.04077104228128
H            2.36624018785205       -0.79064033786108       -2.36110575904220
H            3.45223936067491       -0.98888197620469        1.20272719253583
H            4.02089406559544       -0.83310886441774       -0.46345689731330
H            3.23136188060724       -2.32271019128899        0.06668017317116
H            1.10652735909808       -1.63982751915773        1.56390778912205
H           -2.39579399913964       -0.79449767253937        1.40053369711102
H           -4.73107954630728        0.48762300798161        0.07158840769055
H           -4.52446136894376        0.45657999375671        1.83776371786239
H           -4.84829968027997       -1.05305025179665        0.95190211372763
H            3.24442417724889        1.23406813879189        1.72955811979665
H            1.48141786778628        1.20790857707359        2.06395375644542
H            2.26167687090801        2.68986976939024        1.46909238887390
26
 energy: -39.332798859056 gnorm: 0.000333158134 xtb: 6.7.1 (edcfbbe)
C            1.56547600978586       -1.11121539832484       -1.69997690821887
C            1.88628792767125       -0.68293417544641       -0.26742135822136
C            3.23529991389796       -1.23941612264832        0.16791309088995
C            0.80915402674620       -1.07463233988044        0.68855292828257
N           -0.43209382129980       -0.83548792550889        0.68085249337170
O           -0.93436559359898       -0.08528995886905       -0.40184409752188
C           -2.27827844260019        0.18195353477188       -0.34893506663402
O           -2.74838845376903        0.81151903317586       -1.27888777700921
N           -2.92760053225417       -0.27444796434361        0.71401127781024
C           -4.34647060769996       -0.08717877101694        0.91161577678869
S            1.94137935124898        1.18644714689132       -0.30870420197814
C            2.26964367691783        1.60534488905644        1.43308748244744
H            1.47221278605294       -2.19386827414546       -1.74958072831924
H            0.63687520529766       -0.65946151174173       -2.04094521051889
H            2.36643239876293       -0.79082082514451       -2.36114575440847
H            3.45240158644269       -0.98851365317040        1.20268467522968
H            4.02094740690998       -0.83285116432423       -0.46355013157631
H            3.23150208494646       -2.32245532525314        0.06677312920801
H            1.10654093273935       -1.64033909776298        1.56350378666406
H           -2.39585184924743       -0.79463013266143        1.40058687488740
H           -4.73093714646464        0.48777084627066        0.07168734553110
H           -4.52440605494613        0.45712952155235        1.83755035446393
H           -4.84877508804830       -1.05258274764293        0.95207403635617
H            3.24443841278491        1.23388227613334        1.72949815130981
H            1.48127686379805        1.20756404735463        2.06389269406262
H            2.26147617232902        2.68970178151528        1.46920183033691
26
 energy: -39.332799027128 gnorm: 0.000129583373 xtb: 6.7.1 (edcfbbe)
C            1.56559450944526       -1.11140764992435       -1.70007296631775
C            1.88626959589241       -0.68302038905888       -0.26752563506466
C            3.23536011279359       -1.23922981541041        0.16792005061414
C            0.80908806147630       -1.07514914589323        0.68823466584652
N           -0.43214617322254       -0.83597106532726        0.68062593073143
O           -0.93442353284161       -0.08540129017941       -0.40183061166750
C           -2.27820135412842        0.18211500041077       -0.34869692436006
O           -2.74831417207294        0.81167789863084       -1.27855052670226
N           -2.92763940315536       -0.27449115922989        0.71406116840214
C           -4.34647130581489       -0.08687124608801        0.91164118753239
S            1.94109922283847        1.18631780496248       -0.30866393315995
C            2.26944183588618        1.60530922853959        1.43309076576759
H            1.47250235597705       -2.19406233221444       -1.74965233743158
H            0.63695505434971       -0.65979484401827       -2.04107593424005
H            2.36653778406356       -0.79087426368316       -2.36118473752622
H            3.45239174435183       -0.98822338562545        1.20267985761993
H            4.02096455177068       -0.83257778087409       -0.46353779003962
H            3.23175365100758       -2.32227149714691        0.06684553818877
H            1.10661000663101       -1.64039004773762        1.56343746411687
H           -2.39590200522823       -0.79477461353973        1.40059665283712
H           -4.73081090512585        0.48806012701540        0.07151962443669
H           -4.52428447499099        0.45754865212695        1.83765415912975
H           -4.84889367078145       -1.05223874523554        0.95228511012119
H            3.24425636368474        1.23397053817752        1.72936790618945
H            1.48128912535569        1.20730314844362        2.06393080742010
H            2.26115018824166        2.68963456171592        1.46939520078950
26
 energy: -39.332799126934 gnorm: 0.000102789957 xtb: 6.7.1 (edcfbbe)
C            1.56577182043600       -1.11159439868942       -1.70014413461128
C            1.88626336420206       -0.68311653969753       -0.26757442369627
C            3.23545766369011       -1.23897411759624        0.16795882468905
C            0.80908921871116       -1.07557271179635        0.68807201825541
N           -0.43215516801764       -0.83647496342925        0.68047714523327
O           -0.93444330429569       -0.08565717278581       -0.40182177467697
C           -2.27809262764875        0.18204682539414       -0.34859404402956
O           -2.74809787525749        0.81197560946539       -1.27815894552370
N           -2.92766378445435       -0.27467814044329        0.71402621239514
C           -4.34638878078170       -0.08632026626839        0.91173957316795
S            1.94051707205676        1.18619892681345       -0.30868546729431
C            2.26906435902158        1.60516254692271        1.43303489549600
H            1.47294972575564       -2.19425273860080       -1.74972382513639
H            0.63704334623926       -0.66021261013037       -2.04116479306504
H            2.36664834902572       -0.79086319835853       -2.36124632974720
H            3.45238385024700       -0.98779321691769        1.20269803142211
H            4.02098764482966       -0.83217941390907       -0.46350055843643
H            3.23216261794231       -2.32202979204952        0.06700675076167
H            1.10660285328196       -1.64116505235260        1.56304980941883
H           -2.39601517037573       -0.79513852193227        1.40052626385346
H           -4.73056342205058        0.48851991989597        0.07138214930308
H           -4.52393136850647        0.45840452006913        1.83776449139300
H           -4.84913197317508       -1.05153479358096        0.95281662152322
H            3.24402644405742        1.23416806950522        1.72906678660568
H            1.48125862260908        1.20681557349386        2.06400562391222
H            2.26043368886116        2.68945334581466        1.46948379202097
