----------------------------------------------- 
  Element       SASA      Sigma Z        Total  
     Z         Ang**2 cal/Ang**2/mol   kcal/mol 
----------------------------------------------- 
      H        137.846      48.690       6.712
      C         32.875     129.740       4.265
      O         25.074       0.000       0.000

 Subtotal:     195.796                  10.977
 -----------------------------------------------

  Elements    COT*SASA   Sigma Z,Z'     Total   
    Z,Z'       Ang**2  cal/Ang**2/mol kcal/mol  
 ---------------------------------------------- 
  H   C         92.600     -60.770      -5.627
  H   O          0.000       0.000       0.000
  C   C         29.677     -72.950      -2.165
  O   C         15.235      68.690       1.047

 Subtotal:                              -6.746
 ---------------------------------------------- 

 NONAQUEOUS SOLVENT CONTRIBUTION (kcal/mol):
 (proportional to SASA, atomic number independent)
 ---------------------------------------------- 
 Subtotal:                               0.000
 ---------------------------------------------- 

 CDS TOTAL (kcal/mol):                   4.231
...............................................................................
