----------------------------------------------- 
  Element       SASA      Sigma Z        Total  
     Z         Ang**2 cal/Ang**2/mol   kcal/mol 
----------------------------------------------- 
      H        153.678      48.690       7.483
      C         39.122     129.740       5.076
      O         28.300       0.000       0.000

 Subtotal:     221.100                  12.558
 -----------------------------------------------

  Elements    COT*SASA   Sigma Z,Z'     Total   
    Z,Z'       Ang**2  cal/Ang**2/mol kcal/mol  
 ---------------------------------------------- 
  H   C        103.610     -60.770      -6.296
  H   O          0.000       0.000       0.000
  C   C         27.184     -72.950      -1.983
  O   C         16.044      68.690       1.102
  O   O          0.000       0.000       0.000

 Subtotal:                              -7.177
 ---------------------------------------------- 

 NONAQUEOUS SOLVENT CONTRIBUTION (kcal/mol):
 (proportional to SASA, atomic number independent)
 ---------------------------------------------- 
 Subtotal:                               0.000
 ---------------------------------------------- 

 CDS TOTAL (kcal/mol):                   5.381
...............................................................................
