20
 energy: -27.122275289605 gnorm: 0.034641690973 xtb: 6.7.1 (edcfbbe)
C           -3.32134498152810       -0.75929657688251       -0.55746817216105
C           -2.14623175024564       -0.40985396144069        0.35088254422139
C           -1.32118484799479        0.75096128816394       -0.20239251964725
C           -0.16695097545132        1.15746616546760        0.69216425156255
O            0.78998042225542        0.06383026498872        0.86088440091143
C            1.70503096737269       -0.10781807811424       -0.11088991070414
O            1.80037254860450        0.62186984450202       -1.08509970454611
C            2.56882711976637       -1.30389476131595        0.13256142746827
H           -3.98802450148606        0.10138949280619       -0.68410044186568
H           -2.97203466063189       -1.05937380882759       -1.55208935998873
H           -3.91230675800559       -1.58436513150400       -0.14688864623709
H           -2.51424999848001       -0.14511837746957        1.35095012624223
H           -1.50395650539013       -1.29029555340328        0.47515225359550
H           -0.94229285439632        0.50176804955569       -1.20121812442447
H           -1.96037861481361        1.63615426154803       -0.31878965047705
H            0.36196469010654        2.03262751521251        0.30626661789976
H           -0.50996138337919        1.36287026683490        1.70949508929212
H            3.60153959893083       -1.06127409018418       -0.12663828128041
H            2.23516070258441       -2.10498695623615       -0.53703553680525
H            2.50414423886738       -1.65478920269787        1.16282398771737
20
 energy: -27.123484757633 gnorm: 0.014216286670 xtb: 6.7.1 (edcfbbe)
C           -3.31466475157069       -0.75503526745639       -0.55705855022405
C           -2.14408228750386       -0.40773700965259        0.35219645750445
C           -1.32721817325827        0.75472009055425       -0.20730085155732
C           -0.16711904246742        1.14150418235138        0.69580849755136
O            0.78442293175080        0.05805203386183        0.84617529157405
C            1.69404321425647       -0.11030142780683       -0.11724707972237
O            1.79424775520066        0.62581200819271       -1.07773571241029
C            2.56462704647076       -1.30088603181365        0.13134907306187
H           -3.97617261277152        0.10253726179289       -0.67762684855650
H           -2.96164097737219       -1.05256049943690       -1.54441035439596
H           -3.89401084585652       -1.57730715495972       -0.14022313894469
H           -2.51808561514615       -0.13931508426787        1.34440799897608
H           -1.49916779380542       -1.28298794627577        0.47119239563449
H           -0.94044732937374        0.49754586723116       -1.19805708983065
H           -1.96675005025324        1.63482020247205       -0.32152270905263
H            0.36552452171806        2.00813748867968        0.29572581237708
H           -0.50379287574188        1.34371977096064        1.71457969656629
H            3.59438927458078       -1.05630024621459       -0.11972823883772
H            2.24018631994205       -2.10211625160706       -0.53355093882772
H            2.48381374788677       -1.63443133560163        1.16159663988760
20
 energy: -27.123733777097 gnorm: 0.004102918674 xtb: 6.7.1 (edcfbbe)
C           -3.31386910425156       -0.75680939269801       -0.55741008580292
C           -2.14448316193911       -0.40631740815066        0.35263217503644
C           -1.32803208447632        0.75668261041160       -0.20726606527280
C           -0.16068172882858        1.13326765360601        0.69735549686210
O            0.77888142256734        0.05238762889067        0.83140745087577
C            1.69057769959309       -0.10680890206873       -0.12213096580208
O            1.79126007383488        0.63165820705752       -1.07924860483707
C            2.56022618285002       -1.29972999226169        0.13115232944892
H           -3.97219024142070        0.09972093482777       -0.67449049869858
H           -2.95719134594558       -1.05053180185852       -1.54129033696793
H           -3.88776031987549       -1.57877332580022       -0.13941278096040
H           -2.52031234532107       -0.13519632121697        1.34066597880727
H           -1.49645128306639       -1.27684570844201        0.47040183929331
H           -0.93788431948830        0.49701486728808       -1.19406977929422
H           -1.96496175469247        1.63494875877642       -0.31809853073728
H            0.37048520935488        1.99964552785508        0.29227802865593
H           -0.49593329035816        1.33011068522970        1.71600376767219
H            3.58915794498263       -1.05442984394102       -0.11302170051997
H            2.24080691977774       -2.10245458595500       -0.52977217725602
H            2.46645798338860       -1.61966894054642        1.16288481027071
20
 energy: -27.123761658289 gnorm: 0.001537120689 xtb: 6.7.1 (edcfbbe)
C           -3.31364862001702       -0.75783630243991       -0.55755240395541
C           -2.14500960066467       -0.40525676427768        0.35413150189699
C           -1.32948048905111        0.75852631181151       -0.20671649956483
C           -0.15836745900140        1.13093546564910        0.69712419287184
O            0.77600445614241        0.04863935197504        0.82425852052692
C            1.68932307719051       -0.10765793723790       -0.12696183906234
O            1.79594124960168        0.63555627400412       -1.08109891194892
C            2.55988099515098       -1.30027217915420        0.13107201333554
H           -3.97380708953123        0.09763514188189       -0.67459158299131
H           -2.95541388784673       -1.05054926481674       -1.54145358128255
H           -3.88591433721460       -1.58139594890629       -0.14000681735724
H           -2.52198712313405       -0.13350276509749        1.34156257224130
H           -1.49591549692977       -1.27485003727085        0.47305608953905
H           -0.94007328873472        0.49930360726646       -1.19388904418912
H           -1.96469728637130        1.63789978565032       -0.31546720959129
H            0.37036790178282        1.99940102953341        0.29255716813880
H           -0.49267182247309        1.32681397642613        1.71612482871503
H            3.59003941712477       -1.05415325477211       -0.10754281656481
H            2.24381361788236       -2.10458627776714       -0.52942995342100
H            2.45971824277964       -1.61677956145408        1.16339412343673
20
 energy: -27.123772175945 gnorm: 0.001955827026 xtb: 6.7.1 (edcfbbe)
C           -3.31401339639004       -0.76008388982165       -0.55763566885755
C           -2.14727632040556       -0.40291639403909        0.35581491409515
C           -1.33244050353600        0.76117649739246       -0.20569021907550
C           -0.15615230791084        1.12864407188991        0.69546432141838
O            0.77452879644232        0.04549482761560        0.81631597131095
C            1.69445175214598       -0.10511933030334       -0.12959953139845
O            1.80634470926794        0.64022682058456       -1.08240993703832
C            2.56039299672476       -1.30170313050510        0.13068959876500
H           -3.97816025105134        0.09305763727886       -0.67570054216290
H           -2.95320860923335       -1.05127445966503       -1.54180291068258
H           -3.88413134764812       -1.58663576686261       -0.14144511459094
H           -2.52648246243796       -0.13034266302770        1.34259873770767
H           -1.49670055645697       -1.27134242629608        0.47770482829056
H           -0.94639291943130        0.50353739885259       -1.19488112367835
H           -1.96594325560123        1.64246420375978       -0.31066791442107
H            0.36996901373757        1.99997823246351        0.29294512312877
H           -0.48849509058753        1.32375310711018        1.71553904978181
H            3.59274546622496       -1.05775086093651       -0.10171178978349
H            2.24584438467905       -2.10683958230893       -0.52999241697045
H            2.45322235815314       -1.61645364217785        1.16303497493467
20
 energy: -27.123778406705 gnorm: 0.001044840278 xtb: 6.7.1 (edcfbbe)
C           -3.31410066826345       -0.76107862284993       -0.55766933062784
C           -2.14896316160957       -0.40156315461772        0.35633677679564
C           -1.33387760990108        0.76213143539617       -0.20490075789353
C           -0.15617289768350        1.12882363841402        0.69418759595935
O            0.77405021152350        0.04448758744941        0.81433739197342
C            1.69573555382777       -0.10587744648730       -0.13051412533413
O            1.81213468366239        0.64228660882627       -1.08017255192625
C            2.56129057124141       -1.30225709021548        0.13067469624447
H           -3.98003240758075        0.09052975137239       -0.67670898724327
H           -2.95219729752174       -1.05181028524845       -1.54157753220724
H           -3.88318941910224       -1.58866072444021       -0.14205019506242
H           -2.52956819834357       -0.12839100774347        1.34250849150718
H           -1.49790867337805       -1.26942731213523        0.48015294658112
H           -0.95037037640576        0.50524518298922       -1.19539814128215
H           -1.96700644950636        1.64410690079253       -0.30798866504613
H            0.37076176499233        1.99952547376382        0.29133141502883
H           -0.48678699083035        1.32422905955487        1.71503833540482
H            3.59435901837008       -1.05900125608009       -0.09938566949425
H            2.24763513237584       -2.10628548603152       -0.53180463163586
H            2.45230967081858       -1.61914260170572        1.16217328903159
20
 energy: -27.123784946131 gnorm: 0.000816038084 xtb: 6.7.1 (edcfbbe)
C           -3.31352420390593       -0.76278069473954       -0.55786855949351
C           -2.15186990308217       -0.39909838844474        0.35807415752889
C           -1.33701909934334        0.76395562259623       -0.20426542941441
C           -0.15660882515071        1.12804175035851        0.69134484443224
O            0.77271201556324        0.04188544151863        0.81094892284082
C            1.70019142385965       -0.10480480127625       -0.12940015765327
O            1.82265314177232        0.64774614352879       -1.07401129211960
C            2.56215549217821       -1.30356339861668        0.13030912326799
H           -3.98250580003170        0.08588322565662       -0.67879548671132
H           -2.94903681595555       -1.05296933289752       -1.54074630643645
H           -3.88008855367518       -1.59200205900171       -0.14265948229808
H           -2.53574034964917       -0.12374173104151        1.34232412865299
H           -1.49981136506884       -1.26557268999186        0.48618287341680
H           -0.95764153890073        0.50784502116755       -1.19660984311852
H           -1.96922061818574        1.64711315989506       -0.30386303950010
H            0.37238153535131        1.99658401524337        0.28662517360037
H           -0.48383850714873        1.32446572923600        1.71324685500502
H            3.59633876323009       -1.06206113475787       -0.09583396000201
H            2.24888438492436       -2.10414673250446       -0.53639431129407
H            2.44969127990408       -1.62490849492505        1.15996214006957
20
 energy: -27.123784066650 gnorm: 0.002153416250 xtb: 6.7.1 (edcfbbe)
C           -3.31294606443100       -0.76449201872709       -0.55806808517821
C           -2.15478771101432       -0.39662338257160        0.35981930498031
C           -1.34017095334384        0.76578723929673       -0.20362791741447
C           -0.15704419124054        1.12725764687855        0.68849170943408
O            0.77136427326407        0.03926921279283        0.80754556214589
C            1.70466242192568       -0.10372724471831       -0.12828102242927
O            1.83321530344864        0.65323517970611       -1.06782128644755
C            2.56302143062587       -1.30487589879448        0.12994046386123
H           -3.98498791551146        0.08121756750008       -0.68089149024471
H           -2.94586210813161       -1.05413652870290       -1.53991077102375
H           -3.87697779131766       -1.59535874331700       -0.14327051345607
H           -2.54193633051810       -0.11907155402298        1.34213934129515
H           -1.50172098554432       -1.26170178143769        0.49223925701547
H           -0.96493729785540        0.51045269846242       -1.19782490904570
H           -1.97144082699374        1.65013115159881       -0.29972429638725
H            0.37401053343176        1.99363105589223        0.28190047478948
H           -0.48087763612998        1.32470643160532        1.71144726123137
H            3.59832484464054       -1.06513189571799       -0.09226602332961
H            2.25013723911986       -2.10199889394081       -0.54100685784646
H            2.44705622226101       -1.63069959077868        1.15774014882345
20
 energy: -27.123787833503 gnorm: 0.001146810303 xtb: 6.7.1 (edcfbbe)
C           -3.31307878055628       -0.76510434292487       -0.55796912414841
C           -2.15478168494759       -0.39641451385014        0.36001358726305
C           -1.33988773209300        0.76599532298988       -0.20360040961435
C           -0.15641292796097        1.12728689596386        0.68867922603985
O            0.77031756159053        0.03830562801906        0.80662786382326
C            1.70408029379407       -0.10366509415128       -0.12845528697945
O            1.83395000973083        0.65497102148982       -1.06703694507371
C            2.56250889278182       -1.30511844776563        0.12959085343623
H           -3.98486402921429        0.08087528147983       -0.68103849368724
H           -2.94534384711951       -1.05475233514035       -1.53967228448744
H           -3.87727180902062       -1.59603030517663       -0.14319467500770
H           -2.54198520709338       -0.11848303496690        1.34214943460783
H           -1.50153159650059       -1.26123404217310        0.49276870722246
H           -0.96430177307133        0.51015725041897       -1.19744694127530
H           -1.97099042953705        1.65024010505694       -0.30012099544332
H            0.37462884155664        1.99359352457681        0.28190211306919
H           -0.48042619670377        1.32507004992714        1.71132893168024
H            3.59805147770237       -1.06491286687985       -0.09148287753456
H            2.25013298149838       -2.10210018547580       -0.54181400263658
H            2.44530841184921       -1.63080926041419        1.15734166951932
20
 energy: -27.123790190660 gnorm: 0.000675552422 xtb: 6.7.1 (edcfbbe)
C           -3.31287478096648       -0.76630980396264       -0.55773579448616
C           -2.15476231547789       -0.39592743588256        0.36094611356208
C           -1.33956782761392        0.76626553676051       -0.20389209262494
C           -0.15567017362885        1.12747439447427        0.68875887200424
O            0.76802772702180        0.03646755781019        0.80528369282770
C            1.70382694498506       -0.10258608307218       -0.12726538027803
O            1.83686915492251        0.65988736971705       -1.06317625584860
C            2.56112673940721       -1.30587656394145        0.12847898644092
H           -3.98430426858022        0.07998791709098       -0.68229487747818
H           -2.94375892044896       -1.05697022294708       -1.53884821015112
H           -3.87756062903298       -1.59694428210864       -0.14252889610923
H           -2.54242725098403       -0.11667703591597        1.34246263766236
H           -1.50125102927490       -1.26023795549635        0.49504145391600
H           -0.96291314543388        0.50894615980819       -1.19680937510510
H           -1.97035632846482        1.65031501552669       -0.30199568131543
H            0.37581065555385        1.99308188608784        0.28123507085681
H           -0.47991437093030        1.32670254239893        1.71070601929557
H            3.59722470063421       -1.06530186564061       -0.09021707733560
H            2.24904051346979       -2.10125453831095       -0.54506987175803
H            2.44153706152829       -1.63317194139264        1.15549101669810
20
 energy: -27.123789574257 gnorm: 0.001210442364 xtb: 6.7.1 (edcfbbe)
C           -3.31274718670595       -0.76613387823096       -0.55760251972684
C           -2.15437619073233       -0.39627455792611        0.36123815724861
C           -1.33906156145241        0.76554885365165       -0.20453634378664
C           -0.15575307661328        1.12720503225160        0.68904975921926
O            0.76819646779321        0.03688809022937        0.80592245616871
C            1.70487314034559       -0.10074159043999       -0.12565987504103
O            1.83719094532251        0.66158215071160       -1.06187428007411
C            2.56044592388670       -1.30591736083337        0.12793275740379
H           -3.98336126191187        0.08078425914335       -0.68284259105975
H           -2.94364916746927       -1.05787658313526       -1.53844627304210
H           -3.87826851333293       -1.59591630907182       -0.14178774707593
H           -2.54199367305032       -0.11635353314555        1.34256878870561
H           -1.50126090462842       -1.26078586159502        0.49579532962607
H           -0.96116056302249        0.50711263674734       -1.19668187332227
H           -1.96989925050286        1.64933299021526       -0.30419643463003
H            0.37529510144166        1.99304379900870        0.28148757997592
H           -0.48081815984283        1.32675203681541        1.71059346755596
H            3.59664379705934       -1.06615571823007       -0.09105620944934
H            2.24706372776443       -2.10038359007636       -0.54603373978525
H            2.44074286233700       -1.63384021508624        1.15469994186270
20
 energy: -27.123791344986 gnorm: 0.000389407823 xtb: 6.7.1 (edcfbbe)
C           -3.31265787829080       -0.76655244297868       -0.55759942611173
C           -2.15505958773203       -0.39568779496563        0.36129996616156
C           -1.33971268442208        0.76600406903689       -0.20416768830249
C           -0.15596111757769        1.12747500773814        0.68843035458974
O            0.76800971768252        0.03661177421668        0.80542905602718
C            1.70516097613372       -0.10131921691001       -0.12591919602340
O            1.83944691325008        0.66211962729746       -1.06069403634750
C            2.56072182159811       -1.30613975468848        0.12803615494567
H           -3.98390157035631        0.07966325621015       -0.68330596670124
H           -2.94320690242542       -1.05827678844632       -1.53821125554316
H           -3.87764209159472       -1.59661820419807       -0.14181409126848
H           -2.54322356795814       -0.11563252100133        1.34238844392873
H           -1.50168010371382       -1.25994831324758        0.49636269456084
H           -0.96286636780831        0.50800061576661       -1.19686441476929
H           -1.97045818411571        1.65004711496349       -0.30297226051639
H            0.37577098391956        1.99276224165743        0.28058466995684
H           -0.48009493096973        1.32707161610697        1.71038818508216
H            3.59705762606198       -1.06651598235777       -0.09021808039689
H            2.24772125874044       -2.09989595838471       -0.54697776039412
H            2.44067814626383       -1.63529769481167        1.15439500189531
20
 energy: -27.123792099186 gnorm: 0.000136917394 xtb: 6.7.1 (edcfbbe)
C           -3.31246599464004       -0.76701904940805       -0.55746058412625
C           -2.15549134599805       -0.39521137177866        0.36163183911632
C           -1.34003584859957        0.76609691798104       -0.20423989775153
C           -0.15615515568231        1.12760520946456        0.68800519758492
O            0.76767533601713        0.03641682654005        0.80494618319706
C            1.70601662321460       -0.10075922443873       -0.12538405720725
O            1.84268652336393        0.66436380577590       -1.05832040754965
C            2.56042805055263       -1.30648136962473        0.12767174364111
H           -3.98382390402695        0.07887874137193       -0.68443099879935
H           -2.94257942289480       -1.05975647584368       -1.53757022431732
H           -3.87753578866925       -1.59670973955955       -0.14112077076625
H           -2.54416490357431       -0.11451817020336        1.34234406059531
H           -1.50202704638736       -1.25927602347759        0.49765835924338
H           -0.96345313362520        0.50776519670147       -1.19698948308951
H           -1.97062270663007        1.65028506353874       -0.30323118717581
H            0.37586770435525        1.99263221715051        0.27998608412637
H           -0.47992556195667        1.32735578762055        1.71011560676666
H            3.59714033003387       -1.06761072447405       -0.08951391167061
H            2.24711382216008       -2.09879624068552       -0.54889832428979
H            2.43945487967257       -1.63739072564727        1.15337112324554
20
 energy: -27.123792690586 gnorm: 0.000131251103 xtb: 6.7.1 (edcfbbe)
C           -3.31234646387758       -0.76744048924054       -0.55726247169987
C           -2.15566385941342       -0.39495432840290        0.36181004443789
C           -1.34001099654405        0.76595964079179       -0.20446039377427
C           -0.15628342470948        1.12776924368071        0.68783493072323
O            0.76753221348605        0.03653348852351        0.80470660187582
C            1.70689129720525       -0.09982494768922       -0.12468941761608
O            1.84544092183697        0.66668807371360       -1.05608993722438
C            2.55991568271140       -1.30674604659832        0.12720849953132
H           -3.98329647612659        0.07855618771317       -0.68561690632304
H           -2.94218683211764       -1.06159594589020       -1.53683375711606
H           -3.87796040229071       -1.59634595820348       -0.14010473266878
H           -2.54459819070118       -0.11364952979846        1.34224440835388
H           -1.50222987741773       -1.25892924211277        0.49857341012265
H           -0.96322996374831        0.50705428151071       -1.19699781980348
H           -1.97051487933523        1.65014367808119       -0.30414053806833
H            0.37575984942362        1.99284353933743        0.27993528295126
H           -0.48015152260933        1.32745779833211        1.70995766495885
H            3.59697596438318       -1.06886697729577       -0.08923676823579
H            2.24589565836201       -2.09771132161609       -0.55060952870528
H            2.43816375816825       -1.63907049383289        1.15234177905378
20
 energy: -27.123793155892 gnorm: 0.000095384192 xtb: 6.7.1 (edcfbbe)
C           -3.31225241785691       -0.76773383258103       -0.55708320806502
C           -2.15572876796452       -0.39478296322111        0.36202005788665
C           -1.33992607825620        0.76578254839912       -0.20478209818583
C           -0.15640735312489        1.12779101767626        0.68773451894791
O            0.76735277063325        0.03651491966388        0.80446325939862
C            1.70766038848827       -0.09893027792784       -0.12411992519383
O            1.84783498538129        0.66898919117634       -1.05415565312172
C            2.55944493841494       -1.30696040681278        0.12676062366853
H           -3.98271441631454        0.07846468588871       -0.68678214668490
H           -2.94192038772353       -1.06339115625610       -1.53614791298390
H           -3.87848611965394       -1.59578618615066       -0.13905573202146
H           -2.54483141479235       -0.11288749618347        1.34222752762348
H           -1.50235209184631       -1.25870286286944        0.49944226063195
H           -0.96285797519898        0.50631944766935       -1.19707685595516
H           -1.97032925311958        1.64996729273665       -0.30511766708273
H            0.37558616530071        1.99299611723992        0.28004449055269
H           -0.48049324434961        1.32733353775391        1.70982346752257
H            3.59684356290557       -1.06994018579407       -0.08903029578079
H            2.24476550319414       -2.09682485136455       -0.55205578656778
H            2.43691366256867       -1.64034788803954        1.15146142618406
20
 energy: -27.123793478444 gnorm: 0.000054588981 xtb: 6.7.1 (edcfbbe)
C           -3.31232496894799       -0.76802923883978       -0.55694786149488
C           -2.15590177976101       -0.39460723059508        0.36213336691523
C           -1.33979926002620        0.76561374872389       -0.20500714800713
C           -0.15641129230227        1.12774216839372        0.68768485496109
O            0.76726058645379        0.03642844593764        0.80425907040667
C            1.70837787672562       -0.09815210381521       -0.12361364353564
O            1.84962779725387        0.67085962169048       -1.05257506540411
C            2.55917694686124       -1.30707564115464        0.12637240962831
H           -3.98220617982291        0.07844277963800       -0.68785717445712
H           -2.94177238518542       -1.06501058736951       -1.53553146680473
H           -3.87921402843967       -1.59527016664150       -0.13817871791338
H           -2.54518214026714       -0.11211836484392        1.34209753174768
H           -1.50263189561341       -1.25849920340225        0.50017033287741
H           -0.96248474703752        0.50561769662399       -1.19706006728720
H           -1.97007307886917        1.64980855069958       -0.30592212153681
H            0.37558054143922        1.99304287518738        0.28021225541154
H           -0.48072349196757        1.32713796201777        1.70970962604163
H            3.59682330557143       -1.07073799805003       -0.08895217541828
H            2.24395672711547       -2.09610191829554       -0.55316988206959
H            2.43602392350512       -1.64122074490144        1.15074622671267
20
 energy: -27.123793699490 gnorm: 0.000042530538 xtb: 6.7.1 (edcfbbe)
C           -3.31238148949588       -0.76814014136705       -0.55688117460372
C           -2.15613847304371       -0.39442554458940        0.36234074599436
C           -1.33978355350045        0.76544320423885       -0.20521288048093
C           -0.15647207656104        1.12754586315720        0.68762539287546
O            0.76711953375178        0.03618023477550        0.80400330943694
C            1.70892857483513       -0.09764021869578       -0.12328540330793
O            1.85105942907851        0.67232719074432       -1.05133895571892
C            2.55911991025765       -1.30712524190018        0.12607241030866
H           -3.98182325748247        0.07852264280937       -0.68887273481395
H           -2.94161424145764       -1.06630396386249       -1.53503016523519
H           -3.87980402367107       -1.59468887877642       -0.13746695551405
H           -2.54563256666422       -0.11137869219520        1.34206070936089
H           -1.50299557503393       -1.25831207676890        0.50097874913294
H           -0.96231486573756        0.50501273524621       -1.19709188873651
H           -1.96986462828871        1.64971654216833       -0.30655717912247
H            0.37552845820223        1.99290098234035        0.28028255697045
H           -0.48088869101635        1.32683539376976        1.70963668239027
H            3.59693926746778       -1.07117075074463       -0.08882133194746
H            2.24363839512393       -2.09554744739875       -0.55405491446949
H            2.43548232992150       -1.64188118194753        1.15018337825400
20
 energy: -27.123793876869 gnorm: 0.000042306661 xtb: 6.7.1 (edcfbbe)
C           -3.31255174903642       -0.76824111003447       -0.55684081068929
C           -2.15651814648602       -0.39420015651723        0.36251633196088
C           -1.33980767327806        0.76528771511441       -0.20530840771439
C           -0.15647729537673        1.12731257194268        0.68754431946016
O            0.76702484890833        0.03586628196503        0.80373937448822
C            1.70944445297541       -0.09728068848612       -0.12303779463222
O            1.85225820650701        0.67345236928759       -1.05035086670841
C            2.55925697653390       -1.30712295056161        0.12584099938633
H           -3.98157604990670        0.07859333316491       -0.68982848892640
H           -2.94151011169580       -1.06738773193172       -1.53458192401904
H           -3.88049772380227       -1.59419284907629       -0.13695740058538
H           -2.54627159898542       -0.11060181815271        1.34197183650590
H           -1.50353269053683       -1.25810114276469        0.50178575152188
H           -0.96228681998034        0.50444870938690       -1.19705940177964
H           -1.96965591129477        1.64968495303337       -0.30700254592152
H            0.37556641709038        1.99268849338518        0.28030537567157
H           -0.48090496859777        1.32651222242860        1.70956776648801
H            3.59719080057932       -1.07134171021357       -0.08867999746837
H            2.24369146738185       -2.09508455084206       -0.55478534407178
H            2.43526002568642       -1.64242129012464        1.14973157780682
20
 energy: -27.123794057057 gnorm: 0.000037952914 xtb: 6.7.1 (edcfbbe)
C           -3.31278795358859       -0.76826006592357       -0.55684187798268
C           -2.15706504822055       -0.39391401414129        0.36277873958362
C           -1.33989316075855        0.76508473067447       -0.20537995125165
C           -0.15649746723887        1.12695359945944        0.68744436680295
O            0.76692170761447        0.03540948448237        0.80339925167288
C            1.70997547410486       -0.09701995914157       -0.12284370287317
O            1.85344636110646        0.67446482293073       -1.04942027837259
C            2.55959907085115       -1.30706833134887        0.12562474610719
H           -3.98139665999104        0.07873655125473       -0.69089704507019
H           -2.94139537742537       -1.06842184431922       -1.53413963500667
H           -3.88128853425383       -1.59360459362431       -0.13651433588649
H           -2.54716872275262       -0.10966534137766        1.34190800198308
H           -1.50430079334503       -1.25785684114923        0.50281404067572
H           -0.96239402801599        0.50379640214084       -1.19702391079033
H           -1.96941373476319        1.64967625185294       -0.30741246934835
H            0.37560073180649        1.99232512515895        0.28026988713451
H           -0.48085622715701        1.32608127153974        1.70950744300183
H            3.59761750770707       -1.07128824377384       -0.08847964386067
H            2.24412555392089       -2.09462531387968       -0.55551277691303
H            2.43527375708474       -1.64293303981139        1.14928950116739
20
 energy: -27.123794256544 gnorm: 0.000028365741 xtb: 6.7.1 (edcfbbe)
C           -3.31315640948800       -0.76824357457371       -0.55684962841696
C           -2.15783161538640       -0.39353663980813        0.36311251981416
C           -1.34002016048636        0.76481397603797       -0.20543247119949
C           -0.15650048040130        1.12645390240904        0.68730395082339
O            0.76682158645394        0.03478233143250        0.80297309805859
C            1.71062004516680       -0.09676717460569       -0.12264348669928
O            1.85482152670467        0.67558294646147       -1.04839263755878
C            2.56014469417447       -1.30696928732572        0.12538630780305
H           -3.98127277566865        0.07893722144975       -0.69218373592790
H           -2.94128880280180       -1.06955452143684       -1.53360754383868
H           -3.88232660961307       -1.59289666579111       -0.13607335187765
H           -2.54840796360727       -0.10842600561111        1.34180097149517
H           -1.50538701393184       -1.25755495009483        0.50417074972032
H           -0.96257365738326        0.50292759056525       -1.19693994521436
H           -1.96908957032304        1.64968062966207       -0.30789639319780
H            0.37567478000725        1.99181057115618        0.28019530186420
H           -0.48073804358540        1.32548361524594        1.70942966847164
H            3.59824162383872       -1.07103189800971       -0.08816897045494
H            2.24493124785815       -2.09408129430933       -0.55638984786565
H            2.43544005515786       -1.64354012185044        1.14877579497432
20
 energy: -27.123794440020 gnorm: 0.000029140007 xtb: 6.7.1 (edcfbbe)
C           -3.31358511800225       -0.76817630092956       -0.55687263287001
C           -2.15872610277653       -0.39309710764446        0.36352324737096
C           -1.34013687809020        0.76446352270769       -0.20551070703374
C           -0.15651215690727        1.12585996926670        0.68717111848561
O            0.76672784195601        0.03406394386732        0.80249385806163
C            1.71130529992116       -0.09653395305683       -0.12245486230409
O            1.85621566331753        0.67669328036260       -1.04735247744275
C            2.56082266520386       -1.30682803714137        0.12513015374258
H           -3.98118541411651        0.07919829018449       -0.69353530386734
H           -2.94121066114306       -1.07068571810073       -1.53306901825887
H           -3.88346873339850       -1.59210176336588       -0.13563676147887
H           -2.54982454676589       -0.10701078399350        1.34172055518773
H           -1.50667312876679       -1.25721979432225        0.50571687082313
H           -0.96274207912840        0.50188825428517       -1.19686084835079
H           -1.96867642249485        1.64964794236826       -0.30847744988616
H            0.37572677585863        1.99120990635946        0.28013974312452
H           -0.48062438080209        1.32478284354787        1.70936064585105
H            3.59899989695177       -1.07063464453613       -0.08775954187555
H            2.24600801351959       -2.09347351958390       -0.55736714655701
H            2.43566192234924       -1.64417567927140        1.14821090805131
20
 energy: -27.123794440850 gnorm: 0.000027553946 xtb: 6.7.1 (edcfbbe)
C           -3.31358866212968       -0.76817627228886       -0.55687052385922
C           -2.15872559657196       -0.39309798140237        0.36352034375670
C           -1.34013816269803        0.76446392947950       -0.20550835480702
C           -0.15651074009335        1.12585884048586        0.68716810760117
O            0.76673028493067        0.03406244583734        0.80249519111288
C            1.71130563932461       -0.09653368952274       -0.12244568280776
O            1.85621914694958        0.67670179038619       -1.04735791833278
C            2.56082304880874       -1.30683139991531        0.12513026682537
H           -3.98118569059781        0.07919827971275       -0.69353731238494
H           -2.94121042645826       -1.07068657554827       -1.53306517992366
H           -3.88347069615921       -1.59210119926029       -0.13563615779418
H           -2.54982624762945       -0.10700614729210        1.34171666001646
H           -1.50667588792454       -1.25722020478050        0.50572177725516
H           -0.96274140833472        0.50188384647402       -1.19685800184021
H           -1.96867483251062        1.64964797901375       -0.30848180180960
H            0.37572736605453        1.99121019257950        0.28013996691210
H           -0.48062512207645        1.32478000659335        1.70935973648902
H            3.59899986383235       -1.07063342360886       -0.08775521572833
H            2.24601152083803       -2.09347005945273       -0.55737227003913
H            2.43565905913104       -1.64417970648669        1.14820672013130
