18
 energy: -18.933102930724 gnorm: 0.024493480349 xtb: 6.7.1 (edcfbbe)
C            2.26564505280161        0.76988912996081       -0.43366568592446
C            1.93339790082001       -0.56033786358876        0.23794407601294
C            0.50404804116613       -0.60640769466074        0.78264965826608
C           -0.58513661459588       -0.60049836401928       -0.32372740107344
C           -1.54114392116506        0.54156994647079       -0.19161463649767
C           -2.86135997395155        0.43154827097987       -0.04749715246517
H            3.28455745962322        0.77131508675499       -0.83413133805829
H            2.18446676725604        1.59553572017817        0.28254147753234
H            1.58464187028528        0.98227540710440       -1.26506341864605
H            2.07526998627603       -1.38382326907566       -0.47471227021116
H            2.63711498275266       -0.73489483318703        1.06116767664768
H            0.37524203692395       -1.49915282157486        1.40379491067057
H            0.35528320700649        0.25357774805048        1.44883382599946
H           -0.09326802241452       -0.53059454013436       -1.30379649324234
H           -1.14108600959459       -1.54402352840388       -0.32046782170319
H           -1.09077632485537        1.53595404269433       -0.20699725715120
H           -3.49584883137610        1.30841229548173        0.04645703081050
H           -3.34787775184961       -0.54149975654876       -0.02085689272217
18
 energy: -18.933912690414 gnorm: 0.006803324363 xtb: 6.7.1 (edcfbbe)
C            2.26128021718068        0.77032344687633       -0.43172513646659
C            1.92406617631071       -0.55857931691657        0.23138723789670
C            0.49733255104051       -0.59817451877937        0.77841653623182
C           -0.58371592106406       -0.60183242300628       -0.32542980489945
C           -1.53505561913182        0.54055202020042       -0.18447174772175
C           -2.84415213029854        0.42826142711259       -0.04172162565961
H            3.27857828775168        0.75876995583409       -0.82135356089442
H            2.18011645107914        1.58653521512482        0.28628665507486
H            1.58567977460464        0.97916938265183       -1.26032169921082
H            2.06362093495712       -1.37501147072902       -0.48407758320374
H            2.62157736913393       -0.72740353261047        1.05709585734126
H            0.37870546296315       -1.49164223456542        1.39539231930772
H            0.34617366098981        0.26436242881908        1.43459213385267
H           -0.09641150001576       -0.52957482902724       -1.30300699618241
H           -1.13826999953221       -1.54254878896169       -0.30864201618433
H           -1.08420286275909        1.52748031276202       -0.20437792019087
H           -3.48157935784392        1.29355236845016        0.04542266006037
H           -3.33057364025724       -0.53539446675302       -0.02260702090698
18
 energy: -18.933971115881 gnorm: 0.002298355667 xtb: 6.7.1 (edcfbbe)
C            2.26122473637867        0.77213943058082       -0.43102893846830
C            1.92168629970504       -0.55755095551093        0.23075348951221
C            0.49425174336313       -0.59610483633696        0.77645931520759
C           -0.58383916613124       -0.60404453462242       -0.32718641627636
C           -1.53308318943733        0.54110637487912       -0.19125029143705
C           -2.83984785812178        0.42746848625293       -0.04893944185214
H            3.27819029478764        0.75642975563742       -0.81570714116470
H            2.17897448602062        1.58419723527801        0.28803850018957
H            1.58853091461010        0.98075223305213       -1.25913180219861
H            2.05648764271067       -1.37073072230522       -0.48629187535829
H            2.61680851164790       -0.72784501211803        1.05650218376965
H            0.37902892465486       -1.48646821127477        1.39639880310666
H            0.34408548468490        0.26941025290921        1.42580433844865
H           -0.09841332394794       -0.53458024191380       -1.30360172925944
H           -1.14066489959650       -1.54173502470904       -0.30509503565460
H           -1.07692036776038        1.52311319988801       -0.20258194695199
H           -3.47838656277490        1.28713767216091        0.05729174774873
H           -3.32494381568472       -0.53385012536513       -0.01957547111713
18
 energy: -18.933986669217 gnorm: 0.001170482613 xtb: 6.7.1 (edcfbbe)
C            2.26221474386028        0.77347220973537       -0.43041377689496
C            1.92152886594739       -0.55775365978119        0.22959355280146
C            0.49363707788841       -0.59545432087334        0.77552724939215
C           -0.58444188765655       -0.60570764201225       -0.32739918297027
C           -1.53193356244291        0.54150339360860       -0.18808011498136
C           -2.83834198212090        0.42728875079602       -0.04162681323141
H            3.27957864332634        0.75729866512627       -0.81307141591109
H            2.17881656265260        1.58399994026825        0.28978829773811
H            1.59074483525220        0.98256660477639       -1.25898325768340
H            2.05426280697358       -1.36937453268513       -0.48891482443946
H            2.61618372375009       -0.73002326310509        1.05485652777747
H            0.37895537365771       -1.48402979599091        1.39765075432160
H            0.34384904712840        0.27154257261809        1.42241499182584
H           -0.10122545512535       -0.53832893028384       -1.30470278671530
H           -1.14300410890511       -1.54199211233539       -0.30239412497884
H           -1.07328670413048        1.52185979211293       -0.20478219586507
H           -3.47992120320493        1.28584178801897        0.05478550837722
H           -3.32444692174203       -0.53386448351150       -0.02339010031826
18
 energy: -18.933992332367 gnorm: 0.000505915674 xtb: 6.7.1 (edcfbbe)
C            2.26331424626466        0.77402953020541       -0.42929227941487
C            1.92155554544513       -0.55858694374180        0.22827022356222
C            0.49360847799041       -0.59480340853705        0.77550338518018
C           -0.58517008644389       -0.60654548927052       -0.32724658992318
C           -1.53242065438497        0.54196033861243       -0.18987232987936
C           -2.83936740739083        0.42767366613650       -0.04340992128746
H            3.28154367248649        0.75896678496680       -0.81096265737177
H            2.17876031419045        1.58423007157434        0.29202612968635
H            1.59259038615947        0.98399085943235       -1.25894406354715
H            2.05386424116709       -1.36921701217265       -0.49197914819038
H            2.61689729602109       -0.73289618621566        1.05267148508828
H            0.37828586183379       -1.48240852236464        1.39930298476402
H            0.34387374364813        0.27322053939751        1.42173014516730
H           -0.10157831392156       -0.54170347064615       -1.30498572803895
H           -1.14435469664907       -1.54272349154964       -0.30085330935337
H           -1.07226339596249        1.52209977343008       -0.20674619053727
H           -3.48171021100943        1.28644692565534        0.05556100012695
H           -3.32425916433570       -0.53488898843040       -0.01991484778711
18
 energy: -18.933994233150 gnorm: 0.000339080730 xtb: 6.7.1 (edcfbbe)
C            2.26410705236462        0.77464404986854       -0.42819508027688
C            1.92133101644806       -0.55878255581074        0.22724581461660
C            0.49364746313714       -0.59439808830159        0.77500020697539
C           -0.58598941324895       -0.60730213168375       -0.32680550178478
C           -1.53270278673397        0.54207030506896       -0.19098549491363
C           -2.83920977226640        0.42781637259083       -0.04305812120144
H            3.28289809986406        0.76016665661795       -0.80825861733205
H            2.17852969226732        1.58361835483268        0.29424731933063
H            1.59458849268440        0.98588205319458       -1.25844865853880
H            2.05168959099033       -1.36787695050378       -0.49495148297061
H            2.61709676204645       -0.73592405570575        1.05066095870470
H            0.37866820602216       -1.48087281692894        1.40048512072589
H            0.34476669308559        0.27475069990144        1.41980951412672
H           -0.10325063275789       -0.54459031190131       -1.30507026309596
H           -1.14577384533557       -1.54300740145417       -0.29812915469737
H           -1.07157396947757        1.52157608944114       -0.21001690146301
H           -3.48221173387665        1.28606055370776        0.05540490590576
H           -3.32344106010439       -0.53498584645161       -0.01807627586673
18
 energy: -18.933995198559 gnorm: 0.000208043354 xtb: 6.7.1 (edcfbbe)
C            2.26459999236431        0.77517837729790       -0.42693180784592
C            1.92086479863100       -0.55911723909326        0.22573586553603
C            0.49388859808047       -0.59385035613955        0.77494565734865
C           -0.58644735487620       -0.60793526629162       -0.32612642548649
C           -1.53275479374111        0.54180587203898       -0.19173416308756
C           -2.83911194297726        0.42794782390589       -0.04261006674918
H            3.28385962111664        0.76138339116840       -0.80572387677473
H            2.17816270112553        1.58304724110973        0.29661963325930
H            1.59617183540659        0.98780059929793       -1.25766890009766
H            2.04949387189488       -1.36684181520605       -0.49835096473713
H            2.61730158106664       -0.73912333206613        1.04798990974696
H            0.37916895357446       -1.47966461185796        1.40139492678545
H            0.34560543328676        0.27600021961085        1.41896435178674
H           -0.10434386215795       -0.54688515431779       -1.30482628065959
H           -1.14651257856590       -1.54339570950862       -0.29549783113502
H           -1.07162098159514        1.52121561936888       -0.21369392421304
H           -3.48222291368236        1.28617608382908        0.05344196226359
H           -3.32293310384261       -0.53489676666442       -0.01506977769596
18
 energy: -18.933995414545 gnorm: 0.000122828240 xtb: 6.7.1 (edcfbbe)
C            2.26475154875906        0.77546204229280       -0.42638068154952
C            1.92087610563330       -0.55918525973665        0.22530741166760
C            0.49408625651368       -0.59386293816309        0.77491843355685
C           -0.58666479495860       -0.60831856151083       -0.32581579772695
C           -1.53281704082846        0.54149668612125       -0.19244769902131
C           -2.83919490981318        0.42810698650679       -0.04251607838372
H            3.28413588786920        0.76200380807413       -0.80487010570643
H            2.17807382200830        1.58276967366870        0.29777805271758
H            1.59655096863025        0.98874866293040       -1.25716025885429
H            2.04869693652028       -1.36630557746549       -0.49959342495208
H            2.61777806985565       -0.74036713527684        1.04695391846568
H            0.37951583259977       -1.47946221769933        1.40168142575220
H            0.34590914810807        0.27617522341606        1.41867927845999
H           -0.10462896662854       -0.54792297688731       -1.30457977725636
H           -1.14675873834551       -1.54373821530383       -0.29450121126758
H           -1.07207534790624        1.52108767546534       -0.21609801321998
H           -3.48183489203414        1.28673768319745        0.05290057560757
H           -3.32323003087415       -0.53458058314731       -0.01339776004481
18
 energy: -18.933995504166 gnorm: 0.000054390758 xtb: 6.7.1 (edcfbbe)
C            2.26469969215241        0.77569879175218       -0.42614837773694
C            1.92077268279415       -0.55919110184667        0.22514040031456
C            0.49399383745310       -0.59392660602201        0.77490695180430
C           -0.58664138782200       -0.60865398898224       -0.32595965072954
C           -1.53264282893499        0.54128993220594       -0.19286122653583
C           -2.83899172547617        0.42821263998161       -0.04228867764098
H            3.28405809801752        0.76228475999295       -0.80465932660667
H            2.17805144365442        1.58277286131929        0.29825269819384
H            1.59646293742193        0.98917961219667       -1.25682228665377
H            2.04850145441708       -1.36610903293337       -0.49997011113788
H            2.61768684507137       -0.74056916012493        1.04669403289309
H            0.37957435581417       -1.47948472111980        1.40172822779473
H            0.34571681088547        0.27616462043112        1.41855041275577
H           -0.10454736875552       -0.54859519105623       -1.30470517396271
H           -1.14686048822728       -1.54397631189869       -0.29433753543354
H           -1.07196524896639        1.52088733203285       -0.21715027065119
H           -3.48134352050618        1.28712960661412        0.05267351209575
H           -3.32335573388434       -0.53426906606054       -0.01218531051855
