----------------------------------------------- 
  Element       SASA      Sigma Z        Total  
     Z         Ang**2 cal/Ang**2/mol   kcal/mol 
----------------------------------------------- 
      H         59.703      48.690       2.907
      C         18.672     129.740       2.423
      N          3.990       0.000       0.000
      O         86.156       0.000       0.000

 Subtotal:     168.522                   5.329
 -----------------------------------------------

  Elements    COT*SASA   Sigma Z,Z'     Total   
    Z,Z'       Ang**2  cal/Ang**2/mol kcal/mol  
 ---------------------------------------------- 
  H   C         40.131     -60.770      -2.439
  H   O          0.000       0.000       0.000
  C   C         14.997     -72.950      -1.094
  O   C         13.907      68.690       0.955
  O   O          0.000       0.000       0.000
  C   N          0.000       0.000       0.000
  N   C          0.000     -48.220      -0.000
  N  C(3)        0.000      84.100       0.000
  O   N         36.353     121.980       4.434

 Subtotal:                               1.857
 ---------------------------------------------- 

 NONAQUEOUS SOLVENT CONTRIBUTION (kcal/mol):
 (proportional to SASA, atomic number independent)
 ---------------------------------------------- 
 Subtotal:                               0.000
 ---------------------------------------------- 

 CDS TOTAL (kcal/mol):                   7.186
...............................................................................
