17
 energy: -28.170055566467 gnorm: 0.062803230249 xtb: 6.7.1 (edcfbbe)
C           -2.68400340477867       -1.49170173158447        0.05778847168179
C           -1.78558799962392       -0.29566132512076       -0.26412675218747
C           -2.21250412260998        0.94180971345330        0.52325515835028
C           -0.35287898369069       -0.69583869865188        0.04708223824092
O            0.48622368642576        0.42087731843845       -0.39568999319582
N            1.85501607485288        0.24085784261082       -0.16457202963921
O            2.22100399175763       -0.78620914522051        0.35920394317189
O            2.52370309930704        1.17877909517123       -0.53624963911222
H           -2.62277694383487       -1.74716197486267        1.12187673552078
H           -2.40261999289383       -2.37496911289310       -0.52442842706707
H           -3.72597112354762       -1.24973405325932       -0.17122511170811
H           -1.85226757701135       -0.08509296581115       -1.33921991677931
H           -3.25016504183157        1.20014966749466        0.29024384147141
H           -1.58916485437785        1.80973830717791        0.28946110978970
H           -2.14431715570660        0.75057949407907        1.60069080327435
H           -0.20222973574600       -0.84271419603006        1.12207961508874
H           -0.05220916241670       -1.59289433012994       -0.50235742581700
17
 energy: -28.173260093601 gnorm: 0.022413435671 xtb: 6.7.1 (edcfbbe)
C           -2.69434293849816       -1.49032233681630        0.05855645106537
C           -1.79044909247078       -0.30181047725292       -0.26489866311997
C           -2.21159318075081        0.93205997609433        0.52547854120648
C           -0.34720382962372       -0.68033132440961        0.04669664267481
O            0.50203270716468        0.40880962763947       -0.38692270744941
N            1.85156722705529        0.24363984374468       -0.16530616074118
O            2.20983013555811       -0.76994402086148        0.35298220921166
O            2.51465854480693        1.16703461685890       -0.53407275786193
H           -2.62747518668057       -1.74319502891245        1.11589785304958
H           -2.40868145659313       -2.36464977026464       -0.52288588012768
H           -3.72983438029539       -1.24869900214307       -0.17066986436552
H           -1.85596477341534       -0.07978700367345       -1.33492644208128
H           -3.24142055061587        1.19315461869349        0.28932818609484
H           -1.57848163809723        1.78360237546357        0.28222051296185
H           -2.14267466489507        0.74339388190141        1.59666979855025
H           -0.19487051623397       -0.83108333441301        1.11847553912595
H           -0.04584565214132       -1.58105873678734       -0.49281063711018
17
 energy: -28.173789787068 gnorm: 0.012103215104 xtb: 6.7.1 (edcfbbe)
C           -2.69141650289210       -1.49181077818394        0.05656526063559
C           -1.78965071709340       -0.30267813842036       -0.26490707661591
C           -2.20744148488797        0.93219343799358        0.52708173981698
C           -0.34222101828649       -0.67688345497797        0.04784154895624
O            0.50234539064407        0.39884837029827       -0.38380901689372
N            1.83649725980838        0.24538825130751       -0.16953937177359
O            2.19560011246722       -0.76082855877019        0.35192645844436
O            2.49431210603700        1.16515240590358       -0.53630204083710
H           -2.62565087310731       -1.74162286565256        1.11176376607571
H           -2.40716754653538       -2.36403680029187       -0.52464409457541
H           -3.72227363103618       -1.24454917450442       -0.17467113349598
H           -1.85305072686446       -0.07582127816023       -1.33265386190030
H           -3.23275938681907        1.19838124581787        0.28880158338772
H           -1.56552866649638        1.77430183400252        0.28302739107973
H           -2.14082201814590        0.73989099797574        1.59470872534980
H           -0.19662371254320       -0.82904856350546        1.12078905622448
H           -0.04489782997516       -1.58606302597049       -0.48216631279497
17
 energy: -28.173844263735 gnorm: 0.008767654968 xtb: 6.7.1 (edcfbbe)
C           -2.69180812574905       -1.49171597744003        0.05432631514149
C           -1.78860465165955       -0.30349469840779       -0.26557290196271
C           -2.20415616596722        0.93185388838054        0.52810649612607
C           -0.34081208029891       -0.67734435006642        0.04996921633825
O            0.50056934096365        0.39534944853342       -0.38300078215126
N            1.82913675850823        0.25134793855285       -0.16429755596334
O            2.19532475884302       -0.75757184354591        0.35197597326077
O            2.48672827301933        1.16609554320906       -0.54820461136472
H           -2.62667288404382       -1.74215353018138        1.10947283461023
H           -2.40691713506137       -2.36346935173654       -0.52731710720718
H           -3.72247090972679       -1.24367617288447       -0.17794322580822
H           -1.84993006485761       -0.07522097767721       -1.33301649575382
H           -3.22745736432025        1.20310001814654        0.28700946772659
H           -1.55723230177171        1.77082064924895        0.28680862016250
H           -2.14125009512009        0.73682647583650        1.59554171542512
H           -0.19996919012340       -0.82876836220586        1.12443030054264
H           -0.04522740836082       -1.59116479290067       -0.47447563803879
17
 energy: -28.173855418154 gnorm: 0.008480960803 xtb: 6.7.1 (edcfbbe)
C           -2.69340459471047       -1.49110806837824        0.05010237109381
C           -1.78645392690326       -0.30513448494416       -0.26598503782280
C           -2.19689659020444        0.93155153226202        0.53069655468081
C           -0.33841403087324       -0.68001725797354        0.05415131571980
O            0.49700503420305        0.38524248856482       -0.38790350911047
N            1.81712218536796        0.25170167369913       -0.18038973237756
O            2.19648710931616       -0.74449530192712        0.36440662877668
O            2.46972701420497        1.17767335059291       -0.55715912749109
H           -2.62999561522076       -1.74382726670969        1.10533196692538
H           -2.40742418765643       -2.36213505096907       -0.53283879185146
H           -3.72407627815151       -1.24166748839385       -0.18430058922071
H           -1.84369422346224       -0.07451748040583       -1.33307249703197
H           -3.21586638718648        1.21444214494466        0.28294291131921
H           -1.53913483089000        1.76437509450204        0.29650091304577
H           -2.14312866823294        0.73055272064812        1.59814892402287
H           -0.20432986859564       -0.82775420690148        1.13163293605343
H           -0.04827138673108       -1.60406849374914       -0.45845261564808
17
 energy: -28.173927227541 gnorm: 0.002381164431 xtb: 6.7.1 (edcfbbe)
C           -2.69345559499574       -1.49141112484013        0.05130429685602
C           -1.78735216557238       -0.30464577695811       -0.26479517648261
C           -2.20016531880750        0.93170362484796        0.52961370698665
C           -0.34031530514623       -0.68086827076321        0.05351777002067
O            0.49837590687530        0.38883928014311       -0.38736096693900
N            1.82319709118803        0.25201105479357       -0.17425618560352
O            2.19964708894675       -0.74795906971646        0.35965397504810
O            2.47811007828294        1.17328147090623       -0.55573987131780
H           -2.63091871740189       -1.74431178459853        1.10658125260240
H           -2.40882556251551       -2.36314228937044       -0.53145760244774
H           -3.72399350423088       -1.24194726225959       -0.18251382119261
H           -1.84557872835169       -0.07524793401844       -1.33225144370296
H           -3.22032074067787        1.21135092343860        0.28314918720192
H           -1.54615246917568        1.76751679627250        0.29537457763227
H           -2.14533200186786        0.73257174657530        1.59727364100206
H           -0.20109573098848       -0.82713686190429        1.12956555913660
H           -0.04657357128764       -1.59979061768649       -0.46384627771681
17
 energy: -28.173934530133 gnorm: 0.001433218947 xtb: 6.7.1 (edcfbbe)
C           -2.69424827306446       -1.49127149090592        0.05060555240247
C           -1.78705078939391       -0.30506143043797       -0.26418622479322
C           -2.19994319664836        0.93104822834653        0.53020745790197
C           -0.34041099991923       -0.68173634697466        0.05468145945519
O            0.49858905155027        0.38789025473242       -0.38911193649756
N            1.82283442442292        0.25277033928855       -0.17509774873612
O            2.20124494133632       -0.74523236646004        0.36092067014389
O            2.47790038737860        1.17306456033295       -0.55928413451447
H           -2.63284142945662       -1.74517505641930        1.10574220964735
H           -2.41011085869193       -2.36287891507691       -0.53262689309195
H           -3.72444562825167       -1.24087135163223       -0.18369029814864
H           -1.84429524583093       -0.07538465535415       -1.33168597226405
H           -3.21897826542608        1.21270224080570        0.28128617817201
H           -1.54410045437282        1.76623116456116        0.29860973575079
H           -2.14842759070656        0.73101378545521        1.59792136793454
H           -0.20005443481827       -0.82516907621704        1.13083015914832
H           -0.04641088383360       -1.60112597918272       -0.46130896142689
17
 energy: -28.173942887303 gnorm: 0.001442381861 xtb: 6.7.1 (edcfbbe)
C           -2.69638803535606       -1.49112449768678        0.04785935090772
C           -1.78590207876950       -0.30626868684363       -0.26202541281306
C           -2.19944449046345        0.92897620100823        0.53267851593944
C           -0.34033180516621       -0.68384016775055        0.05885837350602
O            0.49951613949641        0.38406322068947       -0.39617349252970
N            1.82107747190841        0.25441984257027       -0.17982655973670
O            2.20501483257145       -0.73588819709865        0.36668643903744
O            2.47651494597588        1.17179412909141       -0.57220752136627
H           -2.63818875212112       -1.74829858665433        1.10240235192757
H           -2.41372600120551       -2.36196650075845       -0.53724978933992
H           -3.72538595056902       -1.23717516900947       -0.18785268558186
H           -1.83963943198300       -0.07510435711387       -1.32948025210272
H           -3.21401047619167        1.21815754609965        0.27406998134215
H           -1.53627078581591        1.76132861284430        0.31136266205376
H           -2.16072856115907        0.72472795388403        1.60026237868312
H           -0.19648301255108       -0.81691882511300        1.13555444870639
H           -0.04637325432688       -1.60606861329703       -0.45110616754975
17
 energy: -28.173945238634 gnorm: 0.000874408771 xtb: 6.7.1 (edcfbbe)
C           -2.69595465091814       -1.49125895221021        0.04753528713351
C           -1.78588382836826       -0.30596253122918       -0.26217550658031
C           -2.19980557761824        0.92902452986703        0.53308608744515
C           -0.34019162477647       -0.68314726609599        0.05889321284465
O            0.49961830014219        0.38364168761077       -0.39703900875545
N            1.82135764781901        0.25396981220933       -0.18019732894402
O            2.20390654522778       -0.73563486090632        0.36869344424544
O            2.47671283293931        1.17055476902318       -0.57426507339331
H           -2.63719635237159       -1.74867233601351        1.10193518303944
H           -2.41310823652584       -2.36168298050799       -0.53801266922237
H           -3.72504717307024       -1.23740143934501       -0.18780454328502
H           -1.83967366431618       -0.07444827526415       -1.32951077278856
H           -3.21403325954907        1.21848213798195        0.27401395307124
H           -1.53629710786368        1.76114648712321        0.31261654056293
H           -2.16173886227461        0.72405593748810        1.60040333448173
H           -0.19667492296710       -0.81563231284422        1.13571061912408
H           -0.04673931123521       -1.60622050202539       -0.45007013789550
17
 energy: -28.173948192456 gnorm: 0.000312820562 xtb: 6.7.1 (edcfbbe)
C           -2.69516327196501       -1.49153300063931        0.04637080993324
C           -1.78577766393851       -0.30522503652628       -0.26191916862009
C           -2.20102593671910        0.92889238101677        0.53437106134347
C           -0.34002702279161       -0.68181684781483        0.05963431512639
O            0.50008590186012        0.38212710200576       -0.40070753245990
N            1.82245753780734        0.25290868702541       -0.18172584592585
O            2.20247048746269       -0.73389815826017        0.37373390268902
O            2.47783098294810        1.16700245428289       -0.58076232278661
H           -2.63532363077200       -1.75054909936189        1.10028380299459
H           -2.41223326135131       -2.36076283514967       -0.54084559254047
H           -3.72451499731008       -1.23768909791520       -0.18778730339124
H           -1.83911302803742       -0.07265982237401       -1.32899923014649
H           -3.21382185326602        1.22025979374854        0.27205350450473
H           -1.53538508909646        1.76029407967439        0.31788033501637
H           -2.16712991610546        0.72138941159738        1.60128435929647
H           -0.19629309513127       -0.81067739131669        1.13688278795627
H           -0.04778538932035       -1.60724871513149       -0.44593526190627
17
 energy: -28.173949608439 gnorm: 0.000368233693 xtb: 6.7.1 (edcfbbe)
C           -2.69481453199890       -1.49168616344666        0.04505924287425
C           -1.78557688184602       -0.30484727788257       -0.26148136943427
C           -2.20177887162251        0.92850096431835        0.53555015899219
C           -0.33987532028702       -0.68109167369212        0.06090287790496
O            0.50044246238138        0.38031914993135       -0.40416309821143
N            1.82283721141286        0.25236700910380       -0.18343448290943
O            2.20224723194972       -0.73148605506017        0.37760494884529
O            2.47831406240671        1.16430043159316       -0.58707547486328
H           -2.63442662930134       -1.75268378059263        1.09847003400638
H           -2.41213005550028       -2.35980257372537       -0.54393163854060
H           -3.72429276044893       -1.23744692159587       -0.18812726713724
H           -1.83798814000977       -0.07137909312997       -1.32841592471199
H           -3.21291419217430        1.22236054733632        0.26972555067883
H           -1.53379833168781        1.75911202339630        0.32336124182907
H           -2.17266782546516        0.71895967421380        1.60219489035862
H           -0.19569529113910       -0.80585214334116        1.13862268382595
H           -0.04863138239587       -1.60883021256496       -0.44104975242370
17
 energy: -28.173950426895 gnorm: 0.000185779362 xtb: 6.7.1 (edcfbbe)
C           -2.69473524224181       -1.49177103398350        0.04383858201108
C           -1.78534588301627       -0.30462037819299       -0.26082071905599
C           -2.20245183594659        0.92811228222837        0.53649625674966
C           -0.33974744857135       -0.68068560508137        0.06232563457368
O            0.50075766474692        0.37877787901723       -0.40704054455176
N            1.82314857852400        0.25196432390409       -0.18511471892155
O            2.20261019832140       -0.72913230219472        0.38053623825716
O            2.47880348838705        1.16209399464789       -0.59248130951214
H           -2.63400454068268       -1.75483949957273        1.09672906072141
H           -2.41256713697061       -2.35887712107776       -0.54692469837223
H           -3.72427634406793       -1.23688529239998       -0.18841727966890
H           -1.83670176203914       -0.07043965591766       -1.32766616532770
H           -3.21223209109302        1.22399416689118        0.26769718346455
H           -1.53250759327355        1.75808135554423        0.32782778228856
H           -2.17729588455573        0.71690188879631        1.60292934729257
H           -0.19504350034984       -0.80161269047335        1.14040286701236
H           -0.04915991289720       -1.61024840727363       -0.43650489587715
17
 energy: -28.173950672922 gnorm: 0.000071524512 xtb: 6.7.1 (edcfbbe)
C           -2.69476212328718       -1.49179313324299        0.04305720595017
C           -1.78517959882086       -0.30455385062305       -0.26055480710889
C           -2.20268179454290        0.92783834608906        0.53703283151352
C           -0.33969316892927       -0.68051710684620        0.06332135644912
O            0.50087062098579        0.37796908514806       -0.40829405184099
N            1.82316095074606        0.25183263916495       -0.18595974045546
O            2.20291559413253       -0.72774395514552        0.38210044836961
O            2.47894545716077        1.16084574112546       -0.59573156667000
H           -2.63387237560297       -1.75618359948332        1.09562149720518
H           -2.41303275602683       -2.35827595036925       -0.54883918804722
H           -3.72430038739752       -1.23635058189707       -0.18862467146878
H           -1.83578677956785       -0.07002620931460       -1.32738486327811
H           -3.21190500059392        1.22447878983447        0.26701147361627
H           -1.53207391791288        1.75763580591072        0.32982577576455
H           -2.17919708499698        0.71603317255919        1.60340223368985
H           -0.19481561817190       -0.79932983657974        1.14160659894868
H           -0.04934126290042       -1.61104545146856       -0.43377791155388
17
 energy: -28.173950761904 gnorm: 0.000050992051 xtb: 6.7.1 (edcfbbe)
C           -2.69481018054504       -1.49180649703691        0.04257180560236
C           -1.78506431479337       -0.30451533769171       -0.26030491375292
C           -2.20288862039782        0.92775411235524        0.53726155467793
C           -0.33963406843738       -0.68043219927709        0.06389729555666
O            0.50097375199076        0.37757586468647       -0.40882656376906
N            1.82324465575715        0.25169185437626       -0.18643412351750
O            2.20308025976248       -0.72702733690675        0.38303896275975
O            2.47907812049512        1.16008615041968       -0.59748983809399
H           -2.63376631932961       -1.75697769015080        1.09492243868140
H           -2.41336828184881       -2.35790814526608       -0.55002347758011
H           -3.72435102505824       -1.23600605485229       -0.18872453287627
H           -1.83525594945836       -0.06976298489160       -1.32709614036732
H           -3.21206815758661        1.22443136618241        0.26708183684586
H           -1.53222571079813        1.75760548152639        0.33038629958812
H           -2.17961740829120        0.71571373404411        1.60357811655029
H           -0.19475096763722       -0.79817072382911        1.14228119631362
H           -0.04932502955007       -1.61143768882663       -0.43230729553521
