20
 energy: -386.243051130675 gnorm: 0.002348157236 xtb: 6.7.1 (edcfbbe)
C           -4.04887017450039       -0.33098344170114        0.03194053356642
C           -2.75439414908982        0.46015789151919       -0.13664382972335
C           -1.51885029737095       -0.38053342119449        0.18890473749537
C           -0.25159825397005        0.39818177657609       -0.08262879962480
O            0.88117793699086       -0.46631779918520        0.24560379427459
C            2.10360992135671        0.04623051529689        0.01557858215480
O            2.28390314184132        1.17103106678208       -0.42850906302227
C            3.20296988816451       -0.90779759926809        0.35866993567143
H           -4.92338172835092        0.28922057541863       -0.18792508451564
H           -4.06965611737726       -1.19325468648484       -0.64332268953384
H           -4.15004651989675       -0.70485559301156        1.05642424910255
H           -2.68058495988527        0.82841502358341       -1.16755539790386
H           -2.77311407130600        1.34421966531536        0.51275475681541
H           -1.54442423355955       -0.68568314316925        1.24194826510489
H           -1.52164327724248       -1.29292476987721       -0.41987966786660
H           -0.17389498796220        0.68303499553919       -1.13667441776551
H           -0.18802661706647        1.30012556837660        0.53452057443747
H            2.82335789920522       -1.86933750584523        0.70368047145414
H            3.82827622325114       -0.45459306096821        1.13383810647142
H            3.82816095719275       -1.04834093537691       -0.52771413401465
20
 energy: -386.243063017544 gnorm: 0.000771062883 xtb: 6.7.1 (edcfbbe)
C           -4.04872246315600       -0.33118773576059        0.03415685718380
C           -2.75486136557009        0.45936835590983       -0.13771682289126
C           -1.51833589598595       -0.38000626490867        0.18646977035174
C           -0.25191394422175        0.39980458493809       -0.08425080775607
O            0.88100154261663       -0.46569742813642        0.24198775419108
C            2.10410834802152        0.04587731632282        0.01508595926677
O            2.28550982637025        1.17139423018821       -0.42439780452698
C            3.20231193669534       -0.90851593480557        0.35935526155476
H           -4.92374852517821        0.28858387365949       -0.18522595032147
H           -4.07121250459961       -1.19469342969050       -0.63960344566053
H           -4.14874377418078       -0.70373354059883        1.05945584878348
H           -2.68301200325678        0.82670011406909       -1.16929481945394
H           -2.77253478962158        1.34467939192593        0.51017856651961
H           -1.54307463771727       -0.68715475095020        1.23910714619744
H           -1.51985939443958       -1.29197303673322       -0.42327392240076
H           -0.17423968460810        0.68675100742757       -1.13780336185543
H           -0.18849069899098        1.30087926774639        0.53467209273054
H            2.82284667829687       -1.87007338242852        0.70371976413629
H            3.82624536539881       -0.45591015763515        1.13582626688744
H            3.82969646910304       -1.04909771871191       -0.52543762763860
20
 energy: -386.243082394293 gnorm: 0.003243978060 xtb: 6.7.1 (edcfbbe)
C           -4.04773135594854       -0.33232646711523        0.04455203589680
C           -2.75653413186663        0.45655195004860       -0.14351344268840
C           -1.51629652559959       -0.37851295579795        0.17417484465372
C           -0.25234562715456        0.40562614290436       -0.09176808510646
O            0.88014839469980       -0.46378183440120        0.22856259772762
C            2.10581636898321        0.04757018598980        0.01937947612991
O            2.29211874642514        1.17537100769717       -0.40774991748387
C            3.19892870537047       -0.91153798857006        0.36292320547190
H           -4.92498796486462        0.28551858312984       -0.17227097016490
H           -4.07737832597636       -1.20144449441419       -0.62217875796442
H           -4.14096990994538       -0.69788043529863        1.07359600780854
H           -2.69392608549428        0.81876174159619       -1.17805583619391
H           -2.76895189255192        1.34684187436220        0.49828765823984
H           -1.53815625482363       -0.69334782272936        1.22505729783283
H           -1.51357963557926       -1.28798115737440       -0.44013008116979
H           -0.17405224415087        0.70201430286274       -1.14290758865017
H           -0.18928279500175        1.30215379506882        0.53496388444923
H            2.81822108586258       -1.87347441198770        0.70352841289743
H            3.81936855369665       -0.46256598128618        1.14408329678495
H            3.83256102411162       -1.05156300589047       -0.51752405216166
20
 energy: -386.243096554295 gnorm: 0.002803627016 xtb: 6.7.1 (edcfbbe)
C           -4.04709535923953       -0.33283484662396        0.05124840715382
C           -2.75727580621981        0.45554677209632       -0.14771840502461
C           -1.51545851836024       -0.37814342389439        0.16644951227556
C           -0.25193424991200        0.40784377458337       -0.09606179798690
O            0.87966197285300       -0.46430885693326        0.22022531067843
C            2.10635223298239        0.04807882019121        0.01968482380488
O            2.29544280697651        1.18018429709056       -0.39590522055754
C            3.19711465935498       -0.91279974833337        0.36570373071077
H           -4.92577124887239        0.28357511466185       -0.16397137604667
H           -4.08029759905058       -1.20556414796956       -0.61070520779218
H           -4.13471618674626       -0.69305354522801        1.08272820397402
H           -2.70059548660451        0.81364162230351       -1.18407662047138
H           -2.76617508837911        1.34843859120036        0.49063814377486
H           -1.53633497150366       -0.69665894366195        1.21626731336796
H           -1.51152479568943       -1.28560422862107       -0.45084134592943
H           -0.17322969277126        0.70942817150489       -1.14576353323789
H           -0.18826652261744        1.30122652575247        0.53506859927207
H            2.81397206007888       -1.87537983709772        0.70212446052308
H            3.81508135630176       -0.46664002671453        1.15061012348628
H            3.83402029014418       -1.05098422110782       -0.51269549936242
20
 energy: -386.243104804540 gnorm: 0.004426389421 xtb: 6.7.1 (edcfbbe)
C           -4.04466005489481       -0.33413355942115        0.07987845429407
C           -2.76018820592331        0.45195556858431       -0.16663207680778
C           -1.51258749821839       -0.37760187747977        0.13313899627589
C           -0.24973517018656        0.41479317583855       -0.11539707258050
O            0.87799930750257       -0.46727580884527        0.18688109138922
C            2.10840066454528        0.05343836767395        0.03032917962115
O            2.30783621359157        1.20146351016653       -0.34257234183109
C            3.19053898077275       -0.91739699673007        0.37698925725991
H           -4.92949073676224        0.27568058940293       -0.12888284836428
H           -4.09194245355077       -1.22271203670866       -0.56072321817929
H           -4.10688827292650       -0.67016096524816        1.12200035549353
H           -2.72880278018179        0.79136342234896       -1.21071900652146
H           -2.75382176349647        1.35576123014274        0.45687422160739
H           -1.53050934474300       -0.71019652775041        1.17866401164555
H           -1.50482130891888       -1.27659087675055       -0.49622493640368
H           -0.16835494326823        0.73723439261260       -1.15907691694444
H           -0.18467120886320        1.29499755872349        0.53372590859429
H            2.79627077726465       -1.88297726140042        0.69359939971339
H            3.80064438365872       -0.48556456180437        1.17667582231949
H            3.83775222646393       -1.04609064615277       -0.49551967719166
20
 energy: -386.243124990155 gnorm: 0.000937583078 xtb: 6.7.1 (edcfbbe)
C           -4.04537577097952       -0.33287135414048        0.06973534443424
C           -2.75884276476844        0.45383008589832       -0.16053739925363
C           -1.51417376194241       -0.37884296507135        0.14457033733470
C           -0.25013477054802        0.41046052826146       -0.10832088598887
O            0.87894185503669       -0.46693022139338        0.20081725916070
C            2.10713392497821        0.05270135012771        0.02957489879829
O            2.30112183170079        1.19413557263116       -0.36086442531886
C            3.19354383521479       -0.91478979906637        0.37320566873689
H           -4.92797611139095        0.27912140560987       -0.14129570941137
H           -4.08666929830856       -1.21584783026358       -0.57776527976946
H           -4.11539501791059       -0.67649729738291        1.10786459290858
H           -2.71869114195333        0.79920706581263       -1.20153267498641
H           -2.75769201299642        1.35328793851410        0.46833110347957
H           -1.53418323760592       -0.70581501129647        1.19153095021242
H           -1.50890581840865       -1.28034920965453       -0.48077912117484
H           -0.16903847354045        0.72427159026503       -1.15419474964034
H           -0.18608063084739        1.29543931394985        0.53352035059806
H            2.80277530198618       -1.87962243550495        0.69543500785807
H            3.80794776512891       -0.47922639044524        1.16695730047310
H            3.83466352288088       -1.04567387923505       -0.50324339622995
20
 energy: -386.243130884368 gnorm: 0.000431554343 xtb: 6.7.1 (edcfbbe)
C           -4.04520550928808       -0.33154381752742        0.07273619557141
C           -2.75855054995825        0.45400043036561       -0.16340699891032
C           -1.51461721317628       -0.38046982408276        0.14091976284203
C           -0.24977057764185        0.40849486588441       -0.11027143681765
O            0.87907575765644       -0.46830197335626        0.20005033841373
C            2.10664231071076        0.05450518527623        0.03471733609291
O            2.29935077368294        1.19724681711356       -0.35215110680744
C            3.19403561023799       -0.91395710789545        0.37417248615119
H           -4.92817513606695        0.27975095582876       -0.13823531462793
H           -4.08763424364050       -1.21689390950667       -0.57121809174512
H           -4.11173465400674       -0.67081610078233        1.11227390728786
H           -2.72082420065451        0.79643683763012       -1.20517994494120
H           -2.75473332549376        1.35456825249571        0.46364509074476
H           -1.53581225805912       -0.70838388961583        1.18743521580026
H           -1.51041678159688       -1.28081751478561       -0.48582929067589
H           -0.16748701367188        0.72257653697172       -1.15588283338226
H           -0.18705603178240        1.29288747427732        0.53208992098139
H            2.80296382014606       -1.88001869656680        0.69218931985566
H            3.80927474773829       -0.48181982306006        1.16888982652145
H            3.83364368007166       -1.04145695469125       -0.50393489915776
20
 energy: -386.243135600756 gnorm: 0.000623132758 xtb: 6.7.1 (edcfbbe)
C           -4.04547077453031       -0.32912216572142        0.07780379977972
C           -2.75829545555227        0.45311066346194       -0.16766615555463
C           -1.51492002154556       -0.38300403862237        0.13516303335320
C           -0.24964538536123        0.40607499523178       -0.11352864828463
O            0.87916740093800       -0.47049146187432        0.19691502042788
C            2.10630472957199        0.05630928804536        0.04067137560552
O            2.29785909029115        1.20258629162387       -0.33628319982796
C            3.19471360084061       -0.91300044995699        0.37525163552753
H           -4.92855747734420        0.28168522295214       -0.13385300166123
H           -4.09090184428862       -1.21867927768056       -0.56020083532486
H           -4.10815218410376       -0.66141075157747        1.11982357254409
H           -2.72416508812803        0.79099934083605       -1.21103601324884
H           -2.74994649198089        1.35624486864839        0.45571767611019
H           -1.53702253250197       -0.71289319957048        1.18105084826750
H           -1.51155492563739       -1.28206012938339       -0.49340860442011
H           -0.16590543766923        0.72134021569350       -1.15870900253581
H           -0.18872584198820        1.28977628471374        0.52997395753238
H            2.80437173357604       -1.88135072740571        0.68697807192024
H            3.80976740354393       -0.48532929097954        1.17235929434982
H            3.83404865693849       -1.03479912985111       -0.50401288969563
20
 energy: -386.243135600756 gnorm: 0.000623132758 xtb: 6.7.1 (edcfbbe)
C           -4.04547077453031       -0.32912216572142        0.07780379977972
C           -2.75829545555227        0.45311066346194       -0.16766615555463
C           -1.51492002154556       -0.38300403862237        0.13516303335320
C           -0.24964538536123        0.40607499523178       -0.11352864828463
O            0.87916740093800       -0.47049146187432        0.19691502042788
C            2.10630472957199        0.05630928804536        0.04067137560552
O            2.29785909029115        1.20258629162387       -0.33628319982796
C            3.19471360084061       -0.91300044995699        0.37525163552753
H           -4.92855747734420        0.28168522295214       -0.13385300166123
H           -4.09090184428862       -1.21867927768056       -0.56020083532486
H           -4.10815218410376       -0.66141075157747        1.11982357254409
H           -2.72416508812803        0.79099934083605       -1.21103601324884
H           -2.74994649198089        1.35624486864839        0.45571767611019
H           -1.53702253250197       -0.71289319957048        1.18105084826750
H           -1.51155492563739       -1.28206012938339       -0.49340860442011
H           -0.16590543766923        0.72134021569350       -1.15870900253581
H           -0.18872584198820        1.28977628471374        0.52997395753238
H            2.80437173357604       -1.88135072740571        0.68697807192024
H            3.80976740354393       -0.48532929097954        1.17235929434982
H            3.83404865693849       -1.03479912985111       -0.50401288969563
