18
 energy: -235.750399272445 gnorm: 0.025329279831 xtb: 6.7.1 (edcfbbe)
C            1.91780514214983        1.09051847678324       -0.05259103842330
C            1.88448679083507       -0.43356106179212       -0.04699227712082
C            0.56973568175246       -0.98554230843672        0.50546025072398
C           -0.62157885427544       -0.76996681724119       -0.45167420610015
C           -1.75632534837827       -0.06829590533026        0.22361195879909
C           -2.26124561280202        1.08846979478233       -0.16243790287198
H            1.10220404268842        1.49572069766279       -0.64579323868617
H            2.85615976416564        1.44970874814240       -0.46830080320752
H            1.82073624360682        1.47370088075304        0.96083857872577
H            2.03806351380312       -0.80993806385890       -1.06074398357004
H            2.70752897969978       -0.80207855845542        0.56970481685245
H            0.69116593070627       -2.05108977590889        0.70711158331334
H            0.36294040936083       -0.49510087031939        1.45935734384668
H           -0.30555856683540       -0.19077714448454       -1.31987118008487
H           -0.97619416783258       -1.73778722597006       -0.81422811596081
H           -2.15629055745551       -0.57170506385334        1.09492080458519
H           -3.07554832456286        1.56175318139205        0.35923077235918
H           -1.88195024493394        1.61161046951415       -1.02546952315441
18
 energy: -235.751231917504 gnorm: 0.006705567804 xtb: 6.7.1 (edcfbbe)
C            1.91942499072459        1.09080191684028       -0.05663431760235
C            1.89107718067723       -0.43652276855707       -0.04164837015021
C            0.57647558311731       -0.99747431174280        0.50676962431841
C           -0.62293448100181       -0.76967823097661       -0.44753862001480
C           -1.76689655458594       -0.07066664657144        0.21794447460002
C           -2.27396614786402        1.09685214694809       -0.16734391590900
H            1.09992845231481        1.50136097643777       -0.65337769249840
H            2.85788375181500        1.46480092205016       -0.47435388110107
H            1.82052740603301        1.48268625368895        0.96000356324773
H            2.04929788185869       -0.82015202824320       -1.05648408298879
H            2.72118866343579       -0.80581449296409        0.57064670120253
H            0.69205807222961       -2.06569450513692        0.71261015708101
H            0.37309886949325       -0.51332343548183        1.46919045090279
H           -0.30827179902186       -0.18879072763620       -1.32058075958710
H           -0.97232314076275       -1.73923731176091       -0.82067262567762
H           -2.16909979991767       -0.57042397706849        1.09847116689750
H           -3.08838203815469        1.57301615425524        0.36871041359889
H           -1.88295194764855        1.62389954974094       -1.03357847932110
18
 energy: -235.751309080207 gnorm: 0.001716394093 xtb: 6.7.1 (edcfbbe)
C            1.91861852882551        1.08886733691393       -0.05898243115175
C            1.89411124978114       -0.43881846482769       -0.04074274431087
C            0.57930749853844       -1.00020931088688        0.50823595350827
C           -0.62273266737503       -0.76739065882054       -0.44590214026035
C           -1.76395006301144       -0.06585727393023        0.22214425136754
C           -2.27412322597616        1.10346849550277       -0.16392858887948
H            1.09861715058092        1.49937111667310       -0.65923933592656
H            2.85692040300530        1.46842500310297       -0.47736334134803
H            1.81750936198742        1.48783536522452        0.95720944299540
H            2.05824447843675       -0.82725104273165       -1.05482827017539
H            2.72634795899405       -0.80560253047599        0.57250492473828
H            0.69157075205065       -2.07068463378719        0.70987006050141
H            0.37664277745031       -0.52344345213966        1.47658045654530
H           -0.30660366619180       -0.18567700246564       -1.31984037297875
H           -0.97165352949958       -1.73674308921931       -0.82456058510086
H           -2.17820537675456       -0.56803250161824        1.09860216066940
H           -3.10108355862801        1.56880255538988        0.36675624242285
H           -1.88340301269457        1.62857997026488       -1.03438182082465
18
 energy: -235.751324879338 gnorm: 0.001468013176 xtb: 6.7.1 (edcfbbe)
C            1.91784354376125        1.08771968962525       -0.06191086972942
C            1.89580467948604       -0.43922831403357       -0.03844696186095
C            0.58123137322287       -1.00204207565175        0.50878201925888
C           -0.62226580259609       -0.76440037211944       -0.44402145604517
C           -1.76681112121140       -0.06585970585654        0.22027495221744
C           -2.27986346147832        1.10204029578759       -0.16676215000089
H            1.09840170539678        1.49505115830805       -0.66536128990117
H            2.85604327409946        1.46832066661666       -0.47993221392835
H            1.81383061757928        1.49089719068921        0.95252036876890
H            2.06406670837205       -0.83115610263172       -1.05082399661113
H            2.72789195860218       -0.80248411225250        0.57765970793194
H            0.69282782904637       -2.07405124288206        0.70396514186445
H            0.37891460999290       -0.53125917077102        1.48028942479702
H           -0.30450827711018       -0.18162516632214       -1.31681868990144
H           -0.97080454300105       -1.73292861362084       -0.82544427560701
H           -2.18234466709558       -0.56425013771037        1.09842606528734
H           -3.10222330077548        1.56787348309821        0.36991134053328
H           -1.88189980965200        1.63302267100469       -1.03017322850310
18
 energy: -235.751337164006 gnorm: 0.000968325118 xtb: 6.7.1 (edcfbbe)
C            1.91665028520209        1.08711476209039       -0.06496870195472
C            1.89629474993447       -0.43925562002031       -0.03571585610850
C            0.58192715419830       -1.00417531776959        0.50876731749345
C           -0.62120559907946       -0.76177521253457       -0.44340977358582
C           -1.76508655667301       -0.06382077828844        0.22136451668877
C           -2.27810602524675        1.10433133647095       -0.16361306945475
H            1.09867548610055        1.49079344552165       -0.67205181165801
H            2.85537516628545        1.46662271837409       -0.48172532894168
H            1.80924714672667        1.49341931747172        0.94736543549074
H            2.06813747052775       -0.83418161814786       -1.04600784305397
H            2.72680778618281       -0.79909303420189        0.58433208466424
H            0.69381623525398       -2.07715447123026        0.69776999961698
H            0.37982154181648       -0.53792124457290        1.48207150077246
H           -0.30241106866673       -0.17710083175804       -1.31416060158353
H           -0.97138135287740       -1.72852121701055       -0.82705392354678
H           -2.18309654873516       -0.56252308604075        1.09758753746839
H           -3.10499591760112        1.56429268312878        0.37000400413907
H           -1.88433440595158        1.63458861740324       -1.02842149298913
18
 energy: -235.751342513499 gnorm: 0.000634363804 xtb: 6.7.1 (edcfbbe)
C            1.91462713590902        1.08684822364755       -0.06730156306845
C            1.89675629869796       -0.43961445848883       -0.03378456226638
C            0.58160810766215       -1.00524965661703        0.50812070783794
C           -0.62037715803787       -0.76070770574931       -0.44421502550352
C           -1.76237655174438       -0.06213260350361        0.22300404854929
C           -2.27745846674005        1.10519029836730       -0.16174835573317
H            1.09896224693556        1.48747993375462       -0.67917524999536
H            2.85471310165136        1.46502855900891       -0.48179696078456
H            1.80299090352017        1.49668844458516        0.94301435215151
H            2.07282003023215       -0.83749514217689       -1.04204673880687
H            2.72504788099155       -0.79610320973754        0.59098029503423
H            0.69422090823828       -2.07863246020209        0.69300999361862
H            0.37868920187820       -0.54263530940827        1.48273955221175
H           -0.30132121236883       -0.17494078347900       -1.31388075554787
H           -0.97204000952006       -1.72630765338409       -0.82897170439901
H           -2.18070731596905       -0.56271993733324        1.09782829422737
H           -3.10521297665631        1.56332781560770        0.37216836834010
H           -1.88480634732192        1.63761620022973       -1.02581063308108
18
 energy: -235.751346529637 gnorm: 0.000401912364 xtb: 6.7.1 (edcfbbe)
C            1.91252482093754        1.08685261448952       -0.07018396166614
C            1.89727083206979       -0.43978760114410       -0.03116072438564
C            0.58117210943062       -1.00746636725377        0.50686103180109
C           -0.61992437099624       -0.76002644159414       -0.44529191999323
C           -1.76127359015049       -0.06140735014204        0.22342546641588
C           -2.27619756097821        1.10681842605339       -0.15899978040968
H            1.09996832896159        1.48375886671798       -0.68865990378432
H            2.85453065353154        1.46485088817541       -0.48073700231596
H            1.79425892228185        1.50062969782760        0.93784838540666
H            2.07902415575740       -0.84077722101147       -1.03716192683920
H            2.72324422950761       -0.79204189501211        0.59905066317142
H            0.69438956056163       -2.08136708788222        0.68806710031901
H            0.37708971621394       -0.54864455413793        1.48299050086303
H           -0.30019914583197       -0.17345205299043       -1.31414824860465
H           -0.97325132745984       -1.72437228837137       -0.83162073733268
H           -2.17703880770814       -0.56275429115449        1.09910143369077
H           -3.10326682123626        1.56462915822698        0.37668211777423
H           -1.88618567412579        1.64019800074281       -1.02392834897534
18
 energy: -235.751346529637 gnorm: 0.000401912364 xtb: 6.7.1 (edcfbbe)
C            1.91252482093754        1.08685261448952       -0.07018396166614
C            1.89727083206979       -0.43978760114410       -0.03116072438564
C            0.58117210943062       -1.00746636725377        0.50686103180109
C           -0.61992437099624       -0.76002644159414       -0.44529191999323
C           -1.76127359015049       -0.06140735014204        0.22342546641588
C           -2.27619756097821        1.10681842605339       -0.15899978040968
H            1.09996832896159        1.48375886671798       -0.68865990378432
H            2.85453065353154        1.46485088817541       -0.48073700231596
H            1.79425892228185        1.50062969782760        0.93784838540666
H            2.07902415575740       -0.84077722101147       -1.03716192683920
H            2.72324422950761       -0.79204189501211        0.59905066317142
H            0.69438956056163       -2.08136708788222        0.68806710031901
H            0.37708971621394       -0.54864455413793        1.48299050086303
H           -0.30019914583197       -0.17345205299043       -1.31414824860465
H           -0.97325132745984       -1.72437228837137       -0.83162073733268
H           -2.17703880770814       -0.56275429115449        1.09910143369077
H           -3.10326682123626        1.56462915822698        0.37668211777423
H           -1.88618567412579        1.64019800074281       -1.02392834897534
