20
 energy: -27.122075252961 gnorm: 0.033398058453 xtb: 6.7.1 (edcfbbe)
C           -3.65943261954755        0.02264555428645       -0.80992813138464
C           -2.62723565207213       -0.23464194984666        0.28389199717390
C           -1.24589956582673        0.30281549355330       -0.09184170260330
C           -0.24581138227130        0.05329004033399        1.01947768785770
O            1.05947029978859        0.62828972079855        0.69564361941916
C            1.87516491459695       -0.10345844735136       -0.08813106484321
O            1.59716564200621       -1.22051091478336       -0.49438064868851
C            3.14301677983142        0.61966500077851       -0.41274761257551
H           -4.64482537642296       -0.35902087427030       -0.52440939729643
H           -3.75917649821920        1.09532784989487       -1.00959568667985
H           -3.36819478118963       -0.46596869120443       -1.74638867382092
H           -2.95572503345462        0.23363029443164        1.22062922552882
H           -2.55612138980472       -1.31215358370024        0.47944186306312
H           -0.90016714850794       -0.17770846136070       -1.01481773083781
H           -1.30681008921170        1.38123612511832       -0.28375335839815
H           -0.53990902598539        0.56702327204013        1.93779316633663
H           -0.12258674366584       -1.01353443104519        1.22689271107792
H            3.06466227886251        0.99346373290854       -1.43993913799082
H            3.97844072545217       -0.08272514919608       -0.37621127706711
H            3.31957836104425        1.46153656814431        0.25698564989214
20
 energy: -27.123197388387 gnorm: 0.013988363414 xtb: 6.7.1 (edcfbbe)
C           -3.65355612551282        0.02409676017295       -0.80983339470287
C           -2.62873250945950       -0.23404172533049        0.28587524534876
C           -1.24956830033588        0.30339307273589       -0.09213542667113
C           -0.23878453274535        0.05944377948928        1.01648452735224
O            1.05538490684156        0.61958450208684        0.68351532437764
C            1.86675714753690       -0.10452018506486       -0.09407220383005
O            1.59229996099689       -1.21879654917098       -0.48939726312308
C            3.13665926870412        0.61826342486799       -0.41206226250563
H           -4.62985863634357       -0.35965810638181       -0.51864714935796
H           -3.74969222659459        1.09194958929409       -1.00350467700246
H           -3.35725083085318       -0.46507754254854       -1.73730197918552
H           -2.95846553522282        0.24095027366266        1.21404236659513
H           -2.55649850155792       -1.30904945049532        0.47339422989536
H           -0.90289212008300       -0.18444023434558       -1.00775392579959
H           -1.30957206621002        1.37794250789476       -0.28560527825648
H           -0.52582954133004        0.57235505166536        1.93629942934047
H           -0.11205594109157       -1.00989417771677        1.20699055497197
H            3.06553748924930        0.99339787255629       -1.43353773907432
H            3.97063848857846       -0.07886591114942       -0.37011574001815
H            3.29108330083542        1.45216819730797        0.26597685980877
20
 energy: -27.123435007703 gnorm: 0.004004764769 xtb: 6.7.1 (edcfbbe)
C           -3.65079509665449        0.02492717003045       -0.80939447781510
C           -2.62814430568199       -0.23200627310531        0.28958309356927
C           -1.25068597839499        0.30455987045625       -0.09341751395878
C           -0.23063291404959        0.06251737748387        1.01283390760909
O            1.05217228164565        0.61370841476783        0.67092377745298
C            1.86238113965096       -0.11014020933976       -0.09594034105757
O            1.58818886413307       -1.22417521030225       -0.48899802201435
C            3.13173550343844        0.61902025655843       -0.41090465463897
H           -4.62349124649442       -0.36004930967308       -0.51760345595857
H           -3.74470012330479        1.09028366043136       -1.00107275268850
H           -3.34967089279720       -0.46433922824642       -1.73188502570645
H           -2.95704263891752        0.24722059358493        1.21303543170201
H           -2.55470693371736       -1.30485055796091        0.47554852263403
H           -0.90447724742912       -0.19032088796092       -1.00384963294546
H           -1.31031023787350        1.37662131309806       -0.29017131919033
H           -0.51449687258858        0.57473627436776        1.93264173021204
H           -0.10933367717413       -1.00951020420143        1.19528979058565
H            3.06487898749984        0.99686721006735       -1.42872917446249
H            3.96637476546806       -0.07356529612401       -0.36411941623342
H            3.26836031864406        1.44769618559811        0.27484103106802
20
 energy: -27.123459020421 gnorm: 0.001489947537 xtb: 6.7.1 (edcfbbe)
C           -3.65131164738384        0.02513620838399       -0.80862810164958
C           -2.62830230476590       -0.23047456773434        0.29157790959845
C           -1.25123548533552        0.30457354055657       -0.09416403820336
C           -0.22811069214472        0.06237793753293        1.01102488026320
O            1.05087105293923        0.61227055501435        0.66460342757197
C            1.86147278239899       -0.11191225499801       -0.10001101556510
O            1.59107090224722       -1.22927252851858       -0.48927981032351
C            3.13176963991042        0.61970260339380       -0.41011442661532
H           -4.62434437338229       -0.36033272104885       -0.51776364050236
H           -3.74506963074980        1.09064192798337       -1.00091582811566
H           -3.34811157737786       -0.46467003009080       -1.73044376493765
H           -2.95652557977439        0.25078684432582        1.21414721215225
H           -2.55540265501315       -1.30294671931696        0.47966957680464
H           -0.90611254658840       -0.19217158411043       -1.00401770112239
H           -1.30984364254254        1.37636503934733       -0.29235860596390
H           -0.51154103814918        0.57366735549883        1.93139270227082
H           -0.11100478736972       -1.01056247354048        1.19288660094698
H            3.06791176989358        0.99869225056146       -1.42764247180179
H            3.96826626360063       -0.07048771353882       -0.35921655990464
H            3.26115724498961        1.44781747982914        0.27786515326007
20
 energy: -27.123466935304 gnorm: 0.001746493685 xtb: 6.7.1 (edcfbbe)
C           -3.65351376846240        0.02524752705962       -0.80721524940891
C           -2.62948930418490       -0.22751044446145        0.29363352557939
C           -1.25257154782222        0.30404703866982       -0.09613294371052
C           -0.22614578531645        0.06101766976044        1.00716725552254
O            1.05061806824320        0.60949812676389        0.65875447789113
C            1.86538341031221       -0.11678863713638       -0.09964173019288
O            1.59870696290139       -1.23573137045612       -0.48926169387071
C            3.13325853469314        0.62101629570669       -0.40885967565919
H           -4.62715167107042       -0.36075028690256       -0.51704068462042
H           -3.74812611733342        1.09099124300397       -1.00140053965336
H           -3.34882501202519       -0.46570017503484       -1.72867324329072
H           -2.95629718030769        0.25747518946037        1.21518744446767
H           -2.55829834067820       -1.29961900921849        0.48659526549148
H           -0.90984900175932       -0.19449717677518       -1.00619148337080
H           -1.30899115960946        1.37590605323384       -0.29589271054067
H           -0.50931529300354        0.57120580293573        1.92846998064359
H           -0.11341764536149       -1.01255532803418        1.18995406109199
H            3.07052120936064        1.00163541263002       -1.42617804567944
H            3.97346521340203       -0.06481213712190       -0.35527728345335
H            3.25564212342447        1.44912535544704        0.28061477092631
20
 energy: -27.123472158543 gnorm: 0.000918251402 xtb: 6.7.1 (edcfbbe)
C           -3.65486908928454        0.02525372223781       -0.80642873712697
C           -2.63046025069956       -0.22601429095869        0.29396991301132
C           -1.25324826502589        0.30346616407443       -0.09712438487959
C           -0.22651151447045        0.05935522426355        1.00529035552948
O            1.05042011609957        0.60895675422349        0.65710436945245
C            1.86687837938068       -0.11682568686626       -0.10071039720221
O            1.60334770097923       -1.23721138072441       -0.48738214650918
C            3.13469209201937        0.62160778080741       -0.40774507664463
H           -4.62824614493459       -0.36075318545992       -0.51543828962837
H           -3.75036923592822        1.09070040912498       -1.00186940332519
H           -3.35095327274735       -0.46641301806063       -1.72775689547780
H           -2.95641873862161        0.26105629991598        1.21486902717331
H           -2.56032205467613       -1.29787707679465        0.48935759788516
H           -0.91221501711362       -0.19519816358423       -1.00782558848539
H           -1.30860272228005        1.37546892598109       -0.29689364011623
H           -0.50925130907399        0.56890239321638        1.92731594050440
H           -0.11275793714562       -1.01419326984305        1.18752449616120
H            3.07265816198011        1.00128733349629       -1.42548075618213
H            3.97581335690349       -0.06302636473199       -0.35294838453164
H            3.25601944004158        1.45065857921274        0.28078349855512
20
 energy: -27.123478054776 gnorm: 0.000826212611 xtb: 6.7.1 (edcfbbe)
C           -3.65763122464482        0.02527509689150       -0.80492159115261
C           -2.63238658680895       -0.22274074791267        0.29471813706402
C           -1.25444230578577        0.30247727813950       -0.09962753261751
C           -0.22692102629453        0.05615143208953        1.00090895281486
O            1.05013783746788        0.60795401755263        0.65407042905221
C            1.87098782696058       -0.11796310373325       -0.09946327492433
O            1.61155929239045       -1.23974442584934       -0.48291385419222
C            3.13708283078563        0.62303045109516       -0.40559722534335
H           -4.63006146643153       -0.36073124191277       -0.51146457421995
H           -3.75442635326526        1.08992110056347       -1.00292536964425
H           -3.35495830869573       -0.46843983870268       -1.72532140976367
H           -2.95642719301551        0.26913355421297        1.21371552974715
H           -2.56404299424502       -1.29382077564564        0.49488372772908
H           -0.91697837485810       -0.19708955952354       -1.01114147584255
H           -1.30731832578824        1.37459362859988       -0.29934709338028
H           -0.50901324986854        0.56365884187468        1.92441224730558
H           -0.11065992614802       -1.01753808970512        1.18040118373022
H            3.07512177713992        1.00107295387677       -1.42386091425554
H            3.97970356317242       -0.05940033486433       -0.34947879473551
H            3.25627790333555        1.45340091248358        0.28156440079178
20
 energy: -27.123482643715 gnorm: 0.000801265865 xtb: 6.7.1 (edcfbbe)
C           -3.66122633297242        0.02536603062956       -0.80297829027937
C           -2.63459128514702       -0.21849006695520        0.29635189889951
C           -1.25586894519580        0.30142517584916       -0.10284330530769
C           -0.22656434919235        0.05230573273819        0.99530179786477
O            1.04924989664380        0.60717789396847        0.64856096262805
C            1.87540604969503       -0.11936407245642       -0.09865104166052
O            1.62160830323796       -1.24420916003793       -0.47702661958040
C            3.13992073267582        0.62499767320876       -0.40303494046569
H           -4.63303050895693       -0.36008101382156       -0.50679509692340
H           -3.75874352460239        1.08922308868735       -1.00457670557675
H           -3.35952014648638       -0.47150020021065       -1.72195328246608
H           -2.95601662009965        0.27947641657258        1.21293599111782
H           -2.56821124812615       -1.28851933922511        0.50257315970454
H           -0.92289991423785       -0.20007358988644       -1.01492753950035
H           -1.30546197445172        1.37355854201779       -0.30318405840097
H           -0.50826849562767        0.55614728050908        1.92091058421590
H           -0.10840147911681       -1.02185264551426        1.17064548736397
H            3.07891094147980        1.00148140548543       -1.42192224374186
H            3.98461854868315       -0.05462282511138       -0.34399850045832
H            3.25469404719998        1.45675482308292        0.28322324072995
20
 energy: -27.123485295792 gnorm: 0.000387125066 xtb: 6.7.1 (edcfbbe)
C           -3.66427134020122        0.02561673467964       -0.80133929396554
C           -2.63626428001472       -0.21533747604475        0.29761497832492
C           -1.25700022086923        0.30035249946047       -0.10563004257824
C           -0.22615918657565        0.04931328805515        0.99076202247174
O            1.04849320536822        0.60704692058418        0.64433389013082
C            1.87911278872932       -0.12022928834928       -0.09683657326463
O            1.62942447113404       -1.24730690873873       -0.47172610819689
C            3.14220568341490        0.62672399171672       -0.40107243011415
H           -4.63608904685920       -0.35785337903198       -0.50246795437339
H           -3.76096491958839        1.08887936667713       -1.00661949960031
H           -3.36412756148212       -0.47493599178315       -1.71886546136318
H           -2.95548551741262        0.28717011997851        1.21239050622794
H           -2.57144823382779       -1.28452348394599        0.50832140553204
H           -0.92749125607542       -0.20308526109945       -1.01785850846350
H           -1.30394595633288        1.37239326751788       -0.30692355602566
H           -0.50803806199279        0.54952973881156        1.91818586617334
H           -0.10630104055394       -1.02517846727948        1.16241528360235
H            3.08166210417579        1.00199760995663       -1.42044019225787
H            3.98831153001025       -0.05095813188950       -0.33994203768883
H            3.25398053435586        1.45958600025476        0.28430920359215
20
 energy: -27.123486314662 gnorm: 0.000123739332 xtb: 6.7.1 (edcfbbe)
C           -3.66566302047905        0.02602862032735       -0.80049131375832
C           -2.63702318622649       -0.21417624979329        0.29815683423546
C           -1.25755462192168        0.29939554395365       -0.10707766814766
C           -0.22593509602131        0.04787741493297        0.98861551210091
O            1.04786852917821        0.60719281660515        0.64211584432707
C            1.88072179708033       -0.12037653888560       -0.09585079660266
O            1.63341025990821       -1.24878476623787       -0.46879131446817
C            3.14319738879919        0.62779306248723       -0.40012021331055
H           -4.63793556679898       -0.35479557299893       -0.49965307303563
H           -3.76041451151066        1.08899383929804       -1.00826717656927
H           -3.36733315056623       -0.47742601058718       -1.71703899019853
H           -2.95498150591147        0.29025412696499        1.21227174731034
H           -2.57315069261985       -1.28304721261928        0.51056693029554
H           -0.92953468879715       -0.20525846593516       -1.01914114265550
H           -1.30321988128808        1.37131737649402       -0.30917080997753
H           -0.50808012691628        0.54644121148720        1.91679853864081
H           -0.10511314160367       -1.02674846153517        1.15861720362373
H            3.08283857633403        1.00228358490980       -1.41979320649774
H            3.98987761897944       -0.04908102676218       -0.33788010025388
H            3.25362871578391        1.46131785742459        0.28474469310468
20
 energy: -27.123487021797 gnorm: 0.000204061828 xtb: 6.7.1 (edcfbbe)
C           -3.66640247859766        0.02654415130624       -0.80003485454089
C           -2.63733856084208       -0.21406711773167        0.29819520757558
C           -1.25771889267023        0.29841027539462       -0.10783093506304
C           -0.22584829676499        0.04720880567821        0.98775928539261
O            1.04752340428078        0.60741528543504        0.64119375964959
C            1.88150552797698       -0.12024739112378       -0.09513643963729
O            1.63551700632216       -1.24933665051687       -0.46706395724377
C            3.14361287669598        0.62851523399446       -0.39971556927840
H           -4.63945495275876       -0.35113891218829       -0.49766638380482
H           -3.75853265247914        1.08936427913905       -1.00985105412519
H           -3.37011408602241       -0.47949493703740       -1.71583528560003
H           -2.95449483178252        0.29087959390553        1.21228818318626
H           -2.57414523734524       -1.28289897445046        0.51097197560706
H           -0.93021880303750       -0.20704385132897       -1.01962808543102
H           -1.30286180949408        1.37021487622369       -0.31066738095146
H           -0.50835212767304        0.54526009273954        1.91608610656854
H           -0.10441510004206       -1.02737780051954        1.15744446275509
H            3.08310886097982        1.00257006757039       -1.41954788818567
H            3.99056403184379       -0.04799472928685       -0.33710380813019
H            3.25366981681257        1.46241885232743        0.28475415942013
20
 energy: -27.123487672941 gnorm: 0.000255085280 xtb: 6.7.1 (edcfbbe)
C           -3.66671409120917        0.02727979992065       -0.79972507521157
C           -2.63749500925592       -0.21447019383571        0.29809244337188
C           -1.25772514191652        0.29714132233520       -0.10846503479269
C           -0.22587737360095        0.04678890638217        0.98737022271387
O            1.04721826565674        0.60750614094857        0.64071916259673
C            1.88197363103596       -0.12013814166852       -0.09460915857382
O            1.63710985175191       -1.24977997983465       -0.46566296641654
C            3.14368822967681        0.62923963768810       -0.39951198608694
H           -4.64073873320036       -0.34646221984369       -0.49560443662970
H           -3.75547505882598        1.08998812930646       -1.01158153759646
H           -3.37308335899193       -0.48161158270155       -1.71480283907549
H           -2.95389771449797        0.29051191157128        1.21246233702107
H           -2.57510203538642       -1.28342391983635        0.51055528178309
H           -0.93031913310320       -0.20917279430857       -1.01982728647955
H           -1.30256358793265        1.36879798792345       -0.31221721974845
H           -0.50875300705580        0.54509868461755        1.91546311680593
H           -0.10392824835015       -1.02766605973787        1.15754401910538
H            3.08283478223046        1.00301767472391       -1.41942534384539
H            3.99096471476399       -0.04686063177770       -0.33686644051542
H            3.25348671361356        1.46341647765763        0.28470423973720
20
 energy: -27.123488048713 gnorm: 0.000168508576 xtb: 6.7.1 (edcfbbe)
C           -3.66708156369617        0.02794245629885       -0.79947665825722
C           -2.63757265046348       -0.21480148257029        0.29781551343092
C           -1.25755007756997        0.29593694204812       -0.10890789519856
C           -0.22585461786042        0.04642362157239        0.98722342542710
O            1.04714359597362        0.60740831374697        0.64053587847561
C            1.88242609515578       -0.12020719651680       -0.09428565270580
O            1.63837291927866       -1.25022768699789       -0.46459010868318
C            3.14366882186546        0.62984306708997       -0.39941184442531
H           -4.64191470705413       -0.34263896405047       -0.49407822195179
H           -3.75307314957840        1.09054970088448       -1.01296122464528
H           -3.37552801587153       -0.48314284351068       -1.71396847401764
H           -2.95328109388602        0.29025135415249        1.21239361986286
H           -2.57592377823214       -1.28383290743629        0.51015304416162
H           -0.93024057104756       -0.21114863935147       -1.01987216541321
H           -1.30215312392792        1.36744466187798       -0.31353340504096
H           -0.50906395396014        0.54528757826081        1.91494503602212
H           -0.10361698762061       -1.02788786245130        1.15815880916924
H            3.08234874872299        1.00357419226369       -1.41931509419203
H            3.99138652223676       -0.04570619342869       -0.33691811809358
H            3.25311128293760        1.46413303764847        0.28470503423821
20
 energy: -27.123488154415 gnorm: 0.000167827492 xtb: 6.7.1 (edcfbbe)
C           -3.66744903618316        0.02860511267705       -0.79922824130287
C           -2.63765029167104       -0.21513277130488        0.29753858348996
C           -1.25737501322342        0.29473256176105       -0.10935075560443
C           -0.22583186211989        0.04605833676261        0.98707662814033
O            1.04706892629051        0.60731048654537        0.64035259435449
C            1.88287855927560       -0.12027625136508       -0.09396214683778
O            1.63963598680542       -1.25067539416112       -0.46351725094981
C            3.14364941405410        0.63044649649184       -0.39931170276369
H           -4.64309068090790       -0.33881570825724       -0.49255200727387
H           -3.75067124033081        1.09111127246250       -1.01434091169409
H           -3.37797267275112       -0.48467410431981       -1.71313410895978
H           -2.95266447327407        0.28999079673371        1.21232490270464
H           -2.57674552107785       -1.28424189503623        0.50975080654015
H           -0.93016200899191       -0.21312448439437       -1.01991704434687
H           -1.30174265992319        1.36609133583251       -0.31484959033347
H           -0.50937490086448        0.54547647190407        1.91442695523832
H           -0.10330572689108       -1.02810966516474        1.15877359923310
H            3.08186271521552        1.00413070980346       -1.41920484453868
H            3.99180832970952       -0.04455175507967       -0.33696979567174
H            3.25273585226164        1.46484959763931        0.28470582873922
20
 energy: -27.123488282960 gnorm: 0.000058484565 xtb: 6.7.1 (edcfbbe)
C           -3.66724427371008        0.02876363756644       -0.79922651537209
C           -2.63767538923026       -0.21501689945598        0.29774192599363
C           -1.25733958508876        0.29445304147583       -0.10959694862578
C           -0.22593570045538        0.04586850102373        0.98697843699377
O            1.04698414346986        0.60710761145153        0.64033095568602
C            1.88295441481187       -0.12043868567178       -0.09392743111598
O            1.63985763220478       -1.25089947328773       -0.46333210306794
C            3.14353265812146        0.63058690983127       -0.39929809477623
H           -4.64279175574440       -0.33865746803154       -0.49241253450685
H           -3.75059743248905        1.09124828532303       -1.01426952251299
H           -3.37795086125003       -0.48450094792963       -1.71319668221629
H           -2.95255114500281        0.29040228970303        1.21243982209573
H           -2.57705772771978       -1.28411014114224        0.51010955577719
H           -0.93016347944451       -0.21373411643929       -1.02000915154696
H           -1.30143455807426        1.36578191522394       -0.31536715047759
H           -0.50951674836178        0.54543543342897        1.91423943173993
H           -0.10335985134500       -1.02825819212864        1.15886252899848
H            3.08160163669197        1.00431989949520       -1.41916302850766
H            3.99190898012393       -0.04414244841512       -0.33705270954271
H            3.25238273789463        1.46499199750933        0.28476071314743
20
 energy: -27.123488280110 gnorm: 0.000196687981 xtb: 6.7.1 (edcfbbe)
C           -3.66702701770669        0.02895154350007       -0.79922216569494
C           -2.63770803654291       -0.21487616989930        0.29796508854552
C           -1.25729236533495        0.29411658558573       -0.10987522795921
C           -0.22604589952181        0.04564408051235        0.98686973037170
O            1.04689475945498        0.60687165657369        0.64031142229184
C            1.88304973074535       -0.12062677347558       -0.09388188043419
O            1.64012602746766       -1.25116298894665       -0.46310693562178
C            3.14339921239607        0.63075460216169       -0.39928588388978
H           -4.64246714798686       -0.33849125033537       -0.49226980994691
H           -3.75053731779172        1.09141465551611       -1.01417255859260
H           -3.37791599967884       -0.48427754484084       -1.71326714410645
H           -2.95241786889328        0.29089818166919        1.21255365573140
H           -2.57742872257820       -1.28394815700436        0.51052805783403
H           -0.93016720634751       -0.21446821083911       -1.02010231802166
H           -1.30106450784854        1.36540729150320       -0.31597572887871
H           -0.50967633379112        0.54538348690803        1.91402468524971
H           -0.10341442183974       -1.02843456835682        1.15897177193422
H            3.08129321152153        1.00453996812857       -1.41911943785877
H            3.99203011628356       -0.04365979651952       -0.33715158783991
H            3.25197348339543        1.46516455768926        0.28481776504961
20
 energy: -27.123488420681 gnorm: 0.000086845836 xtb: 6.7.1 (edcfbbe)
C           -3.66722148815150        0.02900862926471       -0.79918889234402
C           -2.63776081941132       -0.21469028009090        0.29788864714247
C           -1.25721768354802        0.29392354674521       -0.10987690935940
C           -0.22593527655913        0.04551217460022        0.98685976296714
O            1.04697349592330        0.60680089208376        0.64033673017602
C            1.88316501480541       -0.12067607990055       -0.09382288045178
O            1.64033505680742       -1.25128518142756       -0.46291944781762
C            3.14340351603535        0.63085210594947       -0.39929284350573
H           -4.64263079247386       -0.33875017432453       -0.49242790940216
H           -3.75088780654326        1.09149686257283       -1.01399405839761
H           -3.37775637967988       -0.48401170253674       -1.71323037579780
H           -2.95234737603452        0.29140552665961        1.21231393092346
H           -2.57764007760001       -1.28369729841829        0.51077016416203
H           -0.93027157086797       -0.21494429599810       -1.01999174615361
H           -1.30080418758368        1.36515969705329       -0.31623810473571
H           -0.50965304087765        0.54521949213767        1.91399967939321
H           -0.10330141380246       -1.02857549807211        1.15891776121410
H            3.08117024086614        1.00464607602447       -1.41911543935206
H            3.99211522615941       -0.04345737753740       -0.33720872733598
H            3.25186905793862        1.46526403474530        0.28483215683815
20
 energy: -27.123488554172 gnorm: 0.000055875053 xtb: 6.7.1 (edcfbbe)
C           -3.66738012748673        0.02929478536275       -0.79914867870006
C           -2.63783249660796       -0.21438491258253        0.29787305801447
C           -1.25699689778945        0.29324838027497       -0.11001651631184
C           -0.22585134828154        0.04512971410353        0.98691108473730
O            1.04697330570861        0.60666301079639        0.64043869013405
C            1.88333300801410       -0.12072771814283       -0.09363928078447
O            1.64077374110607       -1.25147134352793       -0.46248165293133
C            3.14328040909415        0.63113821307677       -0.39935480805199
H           -4.64279882025060       -0.33881336149762       -0.49269705567868
H           -3.75123160914312        1.09183182243089       -1.01378095719081
H           -3.37752623528591       -0.48344419392448       -1.71323431161344
H           -2.95207439191369        0.29240414247014        1.21199780980669
H           -2.57825352234699       -1.28328048773446        0.51143944382905
H           -0.93031409259032       -0.21634302436973       -1.01979879037829
H           -1.30009489340425        1.36435671068526       -0.31708485151194
H           -0.50983730010715        0.54489603619063        1.91393467866093
H           -0.10306949867285       -1.02891899111584        1.15910355366543
H            3.08067848716332        1.00494977166998       -1.41915734184677
H            3.99222355501636       -0.04288764072116       -0.33744344575537
H            3.25160242318035        1.46556023608563        0.28475087007021
20
 energy: -27.123488638532 gnorm: 0.000067779823 xtb: 6.7.1 (edcfbbe)
C           -3.66739691992754        0.02963182510963       -0.79914837725539
C           -2.63796960331915       -0.21411464125011        0.29795410735579
C           -1.25683406378581        0.29247150852405       -0.11017289833427
C           -0.22579786837600        0.04474054418701        0.98695177668060
O            1.04694298411192        0.60648724585595        0.64054819998732
C            1.88347114222216       -0.12076910522651       -0.09346308811544
O            1.64126758616425       -1.25168460686510       -0.46203189030137
C            3.14312123458481        0.63148589598958       -0.39943326553096
H           -4.64284907819051       -0.33857249154550       -0.49290725098204
H           -3.75124893240421        1.09220309480852       -1.01360685383725
H           -3.37735085601024       -0.48293875212656       -1.71327083716564
H           -2.95188172666855        0.29333930788931        1.21181977762969
H           -2.57904549035184       -1.28293477898868        0.51205415024693
H           -0.93034458609123       -0.21796952968872       -1.01954448307379
H           -1.29936488461502        1.36344693355110       -0.31805818334166
H           -0.51003916385317        0.54463909376896        1.91382389392502
H           -0.10282553189292       -1.02924404713430        1.15939321487072
H            3.08013677566501        1.00529421941224       -1.41921525115258
H            3.99229547534228       -0.04226138500866       -0.33773165364497
H            3.25131720279816        1.46595081826813        0.28465041020239
