----------------------------------------------- 
  Element       SASA      Sigma Z        Total  
     Z         Ang**2 cal/Ang**2/mol   kcal/mol 
----------------------------------------------- 
      H        154.746      48.690       7.535
      C         45.967     129.740       5.964
      N         16.866       0.000       0.000
      O         30.736       0.000       0.000
      S         23.467      -9.100      -0.214

 Subtotal:     271.782                  13.285
 -----------------------------------------------

  Elements    COT*SASA   Sigma Z,Z'     Total   
    Z,Z'       Ang**2  cal/Ang**2/mol kcal/mol  
 ---------------------------------------------- 
  H   C         97.505     -60.770      -5.925
  H   O          0.000       0.000       0.000
  C   C         11.084     -72.950      -0.809
  O   C         15.385      68.690       1.057
  O   O          0.000       0.000       0.000
  C   N         11.198       0.000       0.000
  N   C         46.922     -48.220      -2.263
  N  C(3)        0.056      84.100       0.005
  O   N          2.962     121.980       0.361

 Subtotal:                              -7.574
 ---------------------------------------------- 

 NONAQUEOUS SOLVENT CONTRIBUTION (kcal/mol):
 (proportional to SASA, atomic number independent)
 ---------------------------------------------- 
 Subtotal:                               0.000
 ---------------------------------------------- 

 CDS TOTAL (kcal/mol):                   5.711
...............................................................................
