----------------------------------------------- 
  Element       SASA      Sigma Z        Total  
     Z         Ang**2 cal/Ang**2/mol   kcal/mol 
----------------------------------------------- 
      H        114.958      48.690       5.597
      C         25.531     129.740       3.312
      O         41.450       0.000       0.000

 Subtotal:     181.940                   8.910
 -----------------------------------------------

  Elements    COT*SASA   Sigma Z,Z'     Total   
    Z,Z'       Ang**2  cal/Ang**2/mol kcal/mol  
 ---------------------------------------------- 
  H   C         69.439     -60.770      -4.220
  H   O          8.214       0.000       0.000
  C   C         21.638     -72.950      -1.578
  O   C         18.695      68.690       1.284
  O   O          0.000       0.000       0.000

 Subtotal:                              -4.514
 ---------------------------------------------- 

 NONAQUEOUS SOLVENT CONTRIBUTION (kcal/mol):
 (proportional to SASA, atomic number independent)
 ---------------------------------------------- 
 Subtotal:                               0.000
 ---------------------------------------------- 

 CDS TOTAL (kcal/mol):                   4.396
...............................................................................
