13
 energy: -28.032837481709 gnorm: 0.064339676182 xtb: 6.7.1 (edcfbbe)
C            1.70029598159310        0.29459895304430       -1.04303094349757
C            1.54168206705369       -0.22732423472377        0.34593925428994
O            2.35414071212592       -0.96200798699491        0.88946052109600
C            0.33895837887639        0.21271321537600        1.16739716528145
O           -0.68606198273771        0.89884870806590        0.43461567334521
N           -1.48345023545573        0.02494887313867       -0.38215350184254
O           -1.18444936821177       -1.14149690363882       -0.39949732885159
O           -2.35864578343439        0.61244268883735       -0.95807420113481
H            0.99979173345111       -0.22819322158689       -1.70902241914499
H            1.45242538878766        1.36074960508508       -1.08723839226394
H            2.71771025427339        0.11430403802305       -1.39354985172222
H            0.68681151172615        0.97579866190410        1.87577580138231
H           -0.06953176052563       -0.62973599369893        1.73438456551061
13
 energy: -28.035968753415 gnorm: 0.024964511482 xtb: 6.7.1 (edcfbbe)
C            1.69343368146036        0.29516956597342       -1.03544208436910
C            1.55163096666604       -0.23104359197286        0.35038026119714
O            2.36159115561005       -0.96217545636868        0.88254455959905
C            0.34267561137683        0.21931938266059        1.15741082823477
O           -0.68056119112931        0.87424021987687        0.41804163678835
N           -1.48061770728765        0.03009472011262       -0.38588129857538
O           -1.20254328718492       -1.12518931567829       -0.38766968835708
O           -2.34582304711091        0.61114440747634       -0.95331058546573
H            1.00298112105693       -0.23465563700646       -1.69540580459308
H            1.44371116170063        1.35509623443122       -1.07254492635954
H            2.70618177191177        0.12218223402241       -1.38835081156740
H            0.67933046638385        0.98046708469320        1.86953165037888
H           -0.06231380593152       -0.62900344538927        1.71570260553700
13
 energy: -28.036301810040 gnorm: 0.022281336600 xtb: 6.7.1 (edcfbbe)
C            1.68776566056138        0.29629834544335       -1.03226873929161
C            1.55980540437745       -0.23466790221788        0.35417417732473
O            2.36857884474491       -0.96478022457449        0.87858287535583
C            0.34224872422602        0.22226674074291        1.15048525094116
O           -0.67354960847735        0.85767264092710        0.40185499140794
N           -1.49098343149536        0.03098249615963       -0.36226962115128
O           -1.21075256114209       -1.11788191699934       -0.37932118240426
O           -2.31773351778080        0.62038289164664       -0.96643131863808
H            1.00536050873720       -0.24370146695142       -1.68680595634284
H            1.42828660081380        1.35095806445143       -1.06257463998766
H            2.69940485113928        0.13555822731091       -1.39052789585040
H            0.67004641904806        0.98328750395022        1.86366997453635
H           -0.05880099723037       -0.63072899705792        1.70643842654798
13
 energy: -28.036363647117 gnorm: 0.027698364426 xtb: 6.7.1 (edcfbbe)
C            1.68519339274397        0.29892520473365       -1.02914920104750
C            1.56958856531202       -0.23615043618214        0.35920222114183
O            2.37644400484881       -0.96712602781970        0.87763242534647
C            0.34020487211309        0.22300155783908        1.14403607743285
O           -0.66063864556931        0.84563781408479        0.37830846157991
N           -1.45986144249717        0.04380462636732       -0.38874312939506
O           -1.24273190967703       -1.12127112872087       -0.34337900402553
O           -2.31318102993913        0.62682401573292       -0.95308276443447
H            1.01038871300647       -0.25375891786347       -1.67800076114968
H            1.41157996259098        1.34827517842726       -1.05424071976039
H            2.69691633975876        0.15286512394823       -1.39351736555644
H            0.65568370932856        0.98160569903772        1.86299616123366
H           -0.05990963449789       -0.63698630675365        1.69294394108222
13
 energy: -28.036903870012 gnorm: 0.008510531350 xtb: 6.7.1 (edcfbbe)
C            1.68892158925429        0.29981022359299       -1.03118668857519
C            1.56627291268654       -0.23622616061675        0.35571944120245
O            2.37588239768050       -0.96603741780219        0.87882203268850
C            0.34224653638150        0.21916635286200        1.14802372679432
O           -0.66083621000968        0.85373114198787        0.38347189571390
N           -1.47400999106283        0.03815518133262       -0.37606271155091
O           -1.24801892088727       -1.12906447509952       -0.34322069047367
O           -2.31141204156422        0.62972684566910       -0.96932032602179
H            1.01309516433722       -0.25140236603633       -1.68423915442641
H            1.41302252631240        1.35077108460082       -1.05887350089034
H            2.70277858820548        0.15463106905747       -1.39217509248136
H            0.66298879985557        0.97932609809709        1.86482511254536
H           -0.06125445366736       -0.63694117481404        1.69922229792299
13
 energy: -28.036963590657 gnorm: 0.005343770499 xtb: 6.7.1 (edcfbbe)
C            1.68992693729387        0.30037359936174       -1.03137669425471
C            1.56930932435786       -0.23518744475300        0.35607276190067
O            2.37895574094652       -0.96511725658062        0.87896393019147
C            0.34268090883603        0.21758522256885        1.14736637254691
O           -0.65906783678325        0.85254496550437        0.37994071295137
N           -1.47566948786304        0.03989658428477       -0.37084472122542
O           -1.25871432248966       -1.12982741267178       -0.33458423245756
O           -2.30598359383458        0.63364164631549       -0.97539824237625
H            1.01811207673446       -0.25666978923366       -1.68431559283575
H            1.40603036363335        1.34931061862023       -1.06063019781575
H            2.70499554271249        0.16206494670393       -1.39188939671853
H            0.66102693779374        0.97693497452106        1.86614207448923
H           -0.06192569381566       -0.63990425181024        1.69555956805219
13
 energy: -28.037010639017 gnorm: 0.002391820616 xtb: 6.7.1 (edcfbbe)
C            1.69246031130175        0.30108205706967       -1.03170278589776
C            1.57349343375169       -0.23454666979235        0.35572572517541
O            2.38471435517463       -0.96161330838982        0.88012141476584
C            0.34374397347078        0.21441218259446        1.14608876500452
O           -0.65582515283955        0.85124831148603        0.37367132117765
N           -1.47689649019007        0.04451153730364       -0.36470765069222
O           -1.27963979287030       -1.13007491350177       -0.31943312653976
O           -2.30049312783359        0.63977790123227       -0.98166535395032
H            1.03072804177766       -0.26819490272318       -1.68557970293131
H            1.39212412226976        1.34568757161684       -1.06522651289933
H            2.71062367887546        0.17701315244546       -1.38904459110753
H            0.65805026479052        0.97187802866690        1.86862789444139
H           -0.06340672015666       -0.64553454517702        1.68813094590128
13
 energy: -28.037019368141 gnorm: 0.001363856760 xtb: 6.7.1 (edcfbbe)
C            1.69352965787153        0.30050473267855       -1.03205798080587
C            1.57505789191333       -0.23276370512284        0.35593381833947
O            2.38669890286760       -0.95874405254908        0.88132969608558
C            0.34410439552231        0.21332772290742        1.14569627548690
O           -0.65595312307632        0.85163045335384        0.37345750098181
N           -1.47770753173830        0.04670931118947       -0.36357897205012
O           -1.28375512395936       -1.12789312223132       -0.31855817387670
O           -2.30233367604540        0.64099118214345       -0.97998488665546
H            1.03626861202420       -0.27368072526380       -1.68613582692650
H            1.38782891053576        1.34324880697364       -1.06895822355716
H            2.71283886392301        0.18085431594753       -1.38708537672091
H            0.65693607319935        0.96941228983257        1.87022842982041
H           -0.06383695551561       -0.64795080702832        1.68472006232640
13
 energy: -28.037024935939 gnorm: 0.001397435146 xtb: 6.7.1 (edcfbbe)
C            1.69440745482006        0.29973101113836       -1.03253859349617
C            1.57609236600524       -0.23148286557543        0.35568188236041
O            2.39004674133483       -0.95357941499947        0.88312092351234
C            0.34479164719609        0.21164817793963        1.14510320042561
O           -0.65513792344183        0.85281448752575        0.37335888351964
N           -1.47901383020618        0.04935935454888       -0.36305656420939
O           -1.29014925206558       -1.12587847421653       -0.31592426862243
O           -2.30377903905486        0.64376512436155       -0.97864105313776
H            1.04430867451115       -0.28166917001182       -1.68703148518271
H            1.38067051894955        1.33972070505839       -1.07377935881179
H            2.71571133549925        0.18712645000761       -1.38383098033693
H            0.65611595834127        0.96540584943742        1.87252429035434
H           -0.06438775436690       -0.65131483238322        1.68001946607269
13
 energy: -28.037029379367 gnorm: 0.000975190217 xtb: 6.7.1 (edcfbbe)
C            1.69398506651121        0.29895124804952       -1.03303707718749
C            1.57741711256009       -0.22962375234582        0.35634940580905
O            2.39299210271212       -0.94957670416305        0.88433276070429
C            0.34503424509943        0.21069696082826        1.14505854698411
O           -0.65434035522290        0.85330538320898        0.37398202828521
N           -1.47983206785871        0.05075106162534       -0.36303179593166
O           -1.29248369343016       -1.12447181341907       -0.31501579860621
O           -2.30269658807486        0.64677277806197       -0.97912377908107
H            1.04774320211653       -0.28747515673829       -1.68662484548937
H            1.37520278192090        1.33718092401486       -1.07706305673342
H            2.71620016525207        0.19062246117821       -1.38302641601250
H            0.65502113659225        0.96240980187960        1.87512963503855
H           -0.06456621065585       -0.65389678934940        1.67707673466835
13
 energy: -28.037036577296 gnorm: 0.000652962988 xtb: 6.7.1 (edcfbbe)
C            1.69237369859815        0.29698244762712       -1.03421364552549
C            1.58066679823427       -0.22652512131474        0.35787541496718
O            2.40219469321253       -0.93835844213484        0.88788844009680
C            0.34561810582151        0.20813642783105        1.14529236886116
O           -0.65081530462667        0.85404962932288        0.37428381632704
N           -1.48104800870061        0.05459371039666       -0.36307925854401
O           -1.30045959572521       -1.12145884790163       -0.31148052667799
O           -2.29722524523402        0.65626665682648       -0.98215875619913
H            1.05651352149901       -0.30396484321050       -1.68503034842103
H            1.35788525798961        1.33017951764165       -1.08489664747190
H            2.71699432350775        0.20206616646647       -1.38180133118175
H            0.65198675855347        0.95444023920641        1.88247098053318
H           -0.06500810560768       -0.66076113792590        1.66985583568381
13
 energy: -28.037038782556 gnorm: 0.000546063585 xtb: 6.7.1 (edcfbbe)
C            1.69174279965783        0.29550504817232       -1.03490802409454
C            1.58348240566063       -0.22329316578467        0.35934053914465
O            2.40766679131559       -0.93109107683053        0.89053789785799
C            0.34568078266341        0.20669578784662        1.14562699467766
O           -0.64949212966264        0.85438381771634        0.37495249927286
N           -1.48141894005975        0.05699376059063       -0.36335092451243
O           -1.30396607448458       -1.11924296841789       -0.31210647320218
O           -2.29562346381493        0.66128938941698       -0.98235883956557
H            1.06054704732370       -0.31288541508511       -1.68335565853920
H            1.34967567021175        1.32577770023335       -1.09002438662487
H            2.71681235122384        0.20678565734580       -1.38198169135576
H            0.64961821385065        0.94979323151090        1.88705187314559
H           -0.06504855636341       -0.66506536388362        1.66558253624364
13
 energy: -28.037039991935 gnorm: 0.000626491237 xtb: 6.7.1 (edcfbbe)
C            1.69134657766394        0.29441679710088       -1.03522131546025
C            1.58464898027961       -0.22203649601939        0.35988576669726
O            2.41102292930353       -0.92609090661729        0.89258774823215
C            0.34568076631850        0.20590866631698        1.14574903421231
O           -0.64919065166170        0.85457248437709        0.37571013755087
N           -1.48157409185412        0.05845676550616       -0.36356759926054
O           -1.30490187278312       -1.11778365992693       -0.31406589807474
O           -2.29559407063035        0.66395814499832       -0.98166888190954
H            1.06222833913009       -0.31755150206770       -1.68216108626833
H            1.34571825877002        1.32322945739207       -1.09250820693419
H            2.71660898675900        0.20857525811748       -1.38216962870596
H            0.64848288355482        0.94733991881769        1.88918799437446
H           -0.06480013732814       -0.66734852516424        1.66324827799435
13
 energy: -28.037041516451 gnorm: 0.000368772065 xtb: 6.7.1 (edcfbbe)
C            1.69062077161543        0.29287330600467       -1.03569317487267
C            1.58649052856079       -0.21971526108887        0.36085830274642
O            2.41579030300548       -0.91859140840104        0.89578035419048
C            0.34564117286607        0.20465571676290        1.14602223770519
O           -0.64882361529387        0.85484448615024        0.37671350971543
N           -1.48129079258301        0.06056840926889       -0.36408886588649
O           -1.30570173137184       -1.11615978068172       -0.31708370939951
O           -2.29562149019739        0.66755482795610       -0.98066359005118
H            1.06310955665433       -0.32327389236832       -1.68019283910870
H            1.34142528839658        1.32026358298125       -1.09583109802500
H            2.71591497131219        0.20960048588761       -1.38304848825213
H            0.64667898514036        0.94385585062454        1.89232813565646
H           -0.06455705058303       -0.67082992026515        1.65990556802957
13
 energy: -28.037043220649 gnorm: 0.000505428079 xtb: 6.7.1 (edcfbbe)
C            1.68904002920550        0.28997291979985       -1.03657282618993
C            1.58907073132214       -0.21584202509676        0.36265370622893
O            2.42364225676757       -0.90569964419846        0.90127472895548
C            0.34548038923503        0.20287272309108        1.14673837455208
O           -0.64881936673242        0.85529816545827        0.37910221490319
N           -1.48070408711751        0.06401552740478       -0.36510806208483
O           -1.30368769877356       -1.11266111325269       -0.32464328967805
O           -2.29640095878210        0.67295964761009       -0.97791654524821
H            1.06303728015719       -0.33230296375084       -1.67676645537813
H            1.33553303774012        1.31569419429800       -1.10149748905619
H            2.71420568001061        0.20935548568507       -1.38504302897346
H            0.64343817729600        0.93832626584292        1.89802244123529
H           -0.06415857280650       -0.67634278006020        1.65476257318169
13
 energy: -28.037043982216 gnorm: 0.000272632891 xtb: 6.7.1 (edcfbbe)
C            1.68788803455808        0.28801662774316       -1.03713463244449
C            1.59087796371010       -0.21274916637139        0.36408049430682
O            2.42902877138897       -0.89662961663696        0.90468876711019
C            0.34542082209837        0.20170198448775        1.14719618799691
O           -0.64866427364486        0.85561515183692        0.38051592562232
N           -1.48028517510435        0.06612769524377       -0.36587165031964
O           -1.30222411307075       -1.11072508231897       -0.32930749657709
O           -2.29660536697652        0.67660125014048       -0.97635949540783
H            1.06196671353518       -0.33757431514984       -1.67403876784553
H            1.33264541018335        1.31291094877741       -1.10517314251071
H            2.71271296784527        0.20813484125562       -1.38676656272676
H            0.64085177626097        0.93434022719613        1.90217980741722
H           -0.06393663326173       -0.68012414337297        1.65099690782643
13
 energy: -28.037044265151 gnorm: 0.000126200215 xtb: 6.7.1 (edcfbbe)
C            1.68729478468776        0.28728583091151       -1.03733840704152
C            1.59157374210108       -0.21140034515553        0.36476775070103
O            2.43126674944591       -0.89289650884778        0.90598822657431
C            0.34544479261321        0.20127145467586        1.14739331871226
O           -0.64854694180497        0.85572964063827        0.38096318061355
N           -1.48001780988066        0.06684917086382       -0.36621870402532
O           -1.30117830413606       -1.10994986074967       -0.33111870904297
O           -2.29659266463568        0.67776429047603       -0.97586386851645
H            1.06055778631448       -0.33904434189782       -1.67276432210344
H            1.33229665686432        1.31228894247458       -1.10643264850933
H            2.71186907516639        0.20664792927334       -1.38769066755117
H            0.63963419618115        0.93272018902379        1.90395302745301
H           -0.06392516539484       -0.68161998885528        1.64936816518388
13
 energy: -28.037044457257 gnorm: 0.000179416930 xtb: 6.7.1 (edcfbbe)
C            1.68701586668384        0.28698632966539       -1.03742314642719
C            1.59195296157068       -0.21060941038158        0.36518443076414
O            2.43255514966535       -0.89078281850448        0.90668149668196
C            0.34545576825249        0.20105980565396        1.14748327231450
O           -0.64843216441140        0.85569932989467        0.38098803731247
N           -1.47988638414458        0.06697342689794       -0.36642862885177
O           -1.30076202857718       -1.10981164166954       -0.33166422178663
O           -2.29642963370814        0.67804065626277       -0.97590024305349
H            1.05872252769807       -0.33865005996812       -1.67193379667681
H            1.33351437139746        1.31250063509582       -1.10669891134672
H            2.71117295006637        0.20472398478656       -1.38865904533135
H            0.63877782821978        0.93191574172581        1.90493037821694
H           -0.06398031519064       -0.68239957662809        1.64844672063178
13
 energy: -28.037044655926 gnorm: 0.000233831460 xtb: 6.7.1 (edcfbbe)
C            1.68687563555776        0.28682221686598       -1.03746588867728
C            1.59247728742350       -0.20985485144134        0.36555016440376
O            2.43398363880451       -0.88862248299329        0.90744164080630
C            0.34547458761255        0.20078415711552        1.14742638497306
O           -0.64820852797720        0.85555010860291        0.38069669057264
N           -1.47989906960592        0.06693736592228       -0.36656104063987
O           -1.30123253113497       -1.10991489566925       -0.33139299440053
O           -2.29603730440203        0.67815815223661       -0.97640374204672
H            1.05639411918484       -0.33759438515286       -1.67107271524027
H            1.33542176041222        1.31313794838689       -1.10654690644045
H            2.71052316000867        0.20238862669597       -1.38977541534075
H            0.63791771080938        0.93109545406284        1.90572136693142
H           -0.06401356917122       -0.68324101180114        1.64738879754653
13
 energy: -28.037044850993 gnorm: 0.000197660985 xtb: 6.7.1 (edcfbbe)
C            1.68705117267117        0.28687066042200       -1.03745635985596
C            1.59299279755488       -0.20932999746315        0.36574462090391
O            2.43512272429184       -0.88691248459416        0.90813173986713
C            0.34545159256335        0.20051280045217        1.14721292702871
O           -0.64791815083565        0.85523869184887        0.38006555327473
N           -1.48016769019838        0.06660927908383       -0.36655694472056
O           -1.30275432007317       -1.11038021671800       -0.33006391809360
O           -2.29553824253920        0.67795643152752       -0.97729119423617
H            1.05401713944330       -0.33555350528443       -1.67044737995433
H            1.33821048573686        1.31414734878125       -1.10589694122511
H            2.71005738054711        0.19991041176205       -1.39098686301477
H            0.63720075096307        0.93049529257631        1.90609128498351
H           -0.06404874260309       -0.68391830956315        1.64645981749035
13
 energy: -28.037044950692 gnorm: 0.000091838167 xtb: 6.7.1 (edcfbbe)
C            1.68737612458365        0.28702056351081       -1.03742181528594
C            1.59337952408355       -0.20919065129480        0.36572308560134
O            2.43571285053573       -0.88620242555077        0.90850474820003
C            0.34543106634195        0.20030861209189        1.14691605637695
O           -0.64767991276259        0.85500348045755        0.37946785038894
N           -1.48058362708346        0.06635168526782       -0.36640425371639
O           -1.30461968637327       -1.11078515997490       -0.32848982101175
O           -2.29519137812760        0.67783515463544       -0.97805360089381
H            1.05312711859646       -0.33430495260364       -1.67029196230650
H            1.33974319167818        1.31475445553678       -1.10534263281020
H            2.71008962008884        0.19896715687211       -1.39147444329950
H            0.63694198520911        0.93017626083644        1.90600676706941
H           -0.06404997924847       -0.68428777695361        1.64586636413527
