----------------------------------------------- 
  Element       SASA      Sigma Z        Total  
     Z         Ang**2 cal/Ang**2/mol   kcal/mol 
----------------------------------------------- 
      H        139.813      48.690       6.807
      C         35.274     129.740       4.576
      O         31.481       0.000       0.000

 Subtotal:     206.568                  11.384
 -----------------------------------------------

  Elements    COT*SASA   Sigma Z,Z'     Total   
    Z,Z'       Ang**2  cal/Ang**2/mol kcal/mol  
 ---------------------------------------------- 
  H   C         93.976     -60.770      -5.711
  H   O          0.000       0.000       0.000
  C   C         25.537     -72.950      -1.863
  O   C         16.191      68.690       1.112
  O   O          0.000       0.000       0.000

 Subtotal:                              -6.462
 ---------------------------------------------- 

 NONAQUEOUS SOLVENT CONTRIBUTION (kcal/mol):
 (proportional to SASA, atomic number independent)
 ---------------------------------------------- 
 Subtotal:                               0.000
 ---------------------------------------------- 

 CDS TOTAL (kcal/mol):                   4.922
...............................................................................
