----------------------------------------------- 
  Element       SASA      Sigma Z        Total  
     Z         Ang**2 cal/Ang**2/mol   kcal/mol 
----------------------------------------------- 
      H        156.895      48.690       7.639
      C         68.705     129.740       8.914
      O         28.327       0.000       0.000

 Subtotal:     253.927                  16.553
 -----------------------------------------------

  Elements    COT*SASA   Sigma Z,Z'     Total   
    Z,Z'       Ang**2  cal/Ang**2/mol kcal/mol  
 ---------------------------------------------- 
  H   C         97.653     -60.770      -5.934
  H   O          8.622       0.000       0.000
  C   C         74.172     -72.950      -5.411
  O   C          5.860      68.690       0.403
  O   O          0.000       0.000       0.000

 Subtotal:                             -10.943
 ---------------------------------------------- 

 NONAQUEOUS SOLVENT CONTRIBUTION (kcal/mol):
 (proportional to SASA, atomic number independent)
 ---------------------------------------------- 
 Subtotal:                               0.000
 ---------------------------------------------- 

 CDS TOTAL (kcal/mol):                   5.610
...............................................................................
