26
 energy: -36.689306161123 gnorm: 0.028579014773 xtb: 6.7.1 (edcfbbe)
C           -4.53282963911380       -0.86424006189445        0.62782476655840
C           -3.09108757242139       -0.38850165251958        0.77025890720975
C           -2.39252726034735       -0.23191448246424       -0.58900155136277
C           -0.97108672759474        0.24450600789547       -0.44814813372329
C           -0.66507852851339        1.60342563999127       -0.44508664156173
C            0.64670996552695        2.03732997953872       -0.24748100183307
C            1.66627531415594        1.11838169851637       -0.05128352099905
C            1.37470444436051       -0.25762041667909       -0.05229627362063
C            0.06372434627206       -0.68080597587964       -0.24909002553622
O            2.44918237394051       -1.08753480848686        0.14409714542051
C            2.18744158522591       -2.49888384017052        0.14962007368054
O            2.98228040474470        1.48042779247153        0.14649912450042
H           -4.57648909597487       -1.83637759066789        0.12421314364338
H           -5.01531104146187       -0.96990931956789        1.60476564770561
H           -5.12282307687335       -0.15491794773561        0.03670018095378
H           -2.52086354246687       -1.09792297728384        1.38349479146616
H           -3.06344982687217        0.57461528517675        1.29552802238299
H           -2.95984867349159        0.48085666347439       -1.19953559719343
H           -2.41265925383746       -1.19643924236613       -1.11101545979404
H           -1.45257010353660        2.33589664100970       -0.59725474576227
H            0.88689006599553        3.09755817416497       -0.24811587061891
H           -0.17126908338916       -1.73936797951742       -0.25144465375266
H            3.15317520559965       -2.97620853815399        0.31961308337026
H            1.77996712056405       -2.82655422780175       -0.81346829832750
H            1.49729499980423       -2.76698998787047        0.95749400253078
H            3.03964458479499        2.44581436536989        0.12977953913635
26
 energy: -36.690552468285 gnorm: 0.011646512191 xtb: 6.7.1 (edcfbbe)
C           -4.52060234516065       -0.86042322785928        0.62145027164226
C           -3.08226347877036       -0.38444374158470        0.76873447456414
C           -2.39145583745474       -0.22890367199885       -0.59258645065439
C           -0.97398702424278        0.24605529599220       -0.43288175997688
C           -0.66643692027706        1.59688596303977       -0.43460345254530
C            0.63997739175899        2.02608955958715       -0.24732093756726
C            1.65759255484928        1.11028436352696       -0.05296803102038
C            1.36322025358677       -0.26479137753004       -0.05296725695115
C            0.05352121819944       -0.67707417227504       -0.24188297385839
O            2.43301655321022       -1.09826627938818        0.14079444809105
C            2.18748603088576       -2.49979753023628        0.14952327768345
O            2.96513785681604        1.47786867339974        0.14187080433831
H           -4.55896639571271       -1.82800885131948        0.12130393329494
H           -4.99262439747981       -0.96327358412784        1.59762403058874
H           -5.10412299657540       -0.15137182672034        0.03452989661701
H           -2.51903976683732       -1.09736427277963        1.37792158860455
H           -3.06312174502652        0.57643861490692        1.29093335887726
H           -2.95475871007258        0.48658922365975       -1.19757184642100
H           -2.40550879404106       -1.19229442516814       -1.10987640205510
H           -1.44779070391861        2.32735197887943       -0.58873992835746
H            0.87305247342298        3.08245540796293       -0.25043127509787
H           -0.18674978408251       -1.72890874270992       -0.24720725961048
H            3.15879553469830       -2.95950270179016        0.31916990136521
H            1.78413384181810       -2.82759315523733       -0.81192573790696
H            1.50325470913953       -2.76777256254491        0.95853234860609
H            3.02763746635712        2.44439424086498        0.12524163222295
26
 energy: -36.690713210260 gnorm: 0.003910056002 xtb: 6.7.1 (edcfbbe)
C           -4.51677942560147       -0.85898266308844        0.62066622209834
C           -3.07792422142568       -0.38227566865521        0.76718952249921
C           -2.39071078269484       -0.22735512361554       -0.59503930822282
C           -0.97468775965957        0.24651272093064       -0.43384501169009
C           -0.66833692761204        1.59496857084740       -0.43280062466652
C            0.63635273436318        2.02142446580810       -0.24432533869174
C            1.65455787505339        1.10698089229603       -0.05104650311329
C            1.35827902678647       -0.26811130890369       -0.05066263366966
C            0.04930462270952       -0.67595120909924       -0.24028865516911
O            2.42556309146184       -1.10330380196710        0.14133364185669
C            2.18759107424910       -2.49864821540653        0.14976663823555
O            2.95651032259472        1.47790493094543        0.13907113488297
H           -4.55058507009814       -1.82396911229723        0.12048592628347
H           -4.98515603421474       -0.96117854810499        1.59632445764500
H           -5.09576203703067       -0.14965040738274        0.03417524333772
H           -2.51433742579821       -1.09517683012033        1.37266186555848
H           -3.05929974798810        0.57813775264699        1.28633946520730
H           -2.95281400481555        0.48931908901566       -1.19609239022377
H           -2.40350605494744       -1.18969802525615       -1.11001737786969
H           -1.44839088722041        2.32511071623084       -0.58216005233411
H            0.86525056998335        3.07658699766549       -0.24916915754999
H           -0.19406935524108       -1.72580296373187       -0.24396568212736
H            3.16178888128419       -2.95045780022352        0.31869736142742
H            1.78600380253850       -2.83248291832150       -0.80978638568999
H            1.50662932941664       -2.77405570608466        0.95838495109301
H            3.02392538899745        2.44477736442187        0.12076934536633
26
 energy: -36.690729206601 gnorm: 0.001518005415 xtb: 6.7.1 (edcfbbe)
C           -4.51598430533714       -0.85866998827352        0.62095484741753
C           -3.07649230423934       -0.38159969575952        0.76662509207515
C           -2.39160024938595       -0.22706967899739       -0.59693732070786
C           -0.97578802467451        0.24657143945070       -0.43480698104690
C           -0.67000120305731        1.59537303962511       -0.43183063742175
C            0.63533168909552        2.02092872761318       -0.24298439583822
C            1.65442843319518        1.10665647185484       -0.05083652528732
C            1.35730581343383       -0.26860385491736       -0.05016373228727
C            0.04822152286138       -0.67605663370113       -0.24037024729449
O            2.42410767428409       -1.10423322865660        0.14216584915191
C            2.18855341313649       -2.49807327442860        0.15044553440380
O            2.95476149076038        1.47814957320328        0.13822550595629
H           -4.54896735030378       -1.82352646454241        0.12053548120177
H           -4.98348443765086       -0.96082354212559        1.59690687329286
H           -5.09451760387885       -0.14894544597442        0.03454555533294
H           -2.51187381544656       -1.09419394641203        1.37129154942239
H           -3.05716681699727        0.57901633236350        1.28514605893723
H           -2.95363277362102        0.49024496313239       -1.19705447604386
H           -2.40484080592679       -1.18913930034807       -1.11208952761715
H           -1.44993709453959        2.32584378279147       -0.58093454453310
H            0.86327128671216        3.07639897942285       -0.24668817902770
H           -0.19558999006543       -1.72617489253573       -0.24362421987483
H            3.16351093371861       -2.94905999296192        0.31878284300967
H            1.78676823265914       -2.83534114812180       -0.80846778906719
H            1.50825989447573       -2.77794216585641        0.95886484334322
H            3.02475337588232        2.44489314270487        0.11896519697625
26
 energy: -36.690732834627 gnorm: 0.000795785009 xtb: 6.7.1 (edcfbbe)
C           -4.51599396155341       -0.85855870333307        0.62235342119564
C           -3.07590828400057       -0.38117532721671        0.76529326837675
C           -2.39259881814182       -0.22670452086880       -0.59922145796538
C           -0.97658059796879        0.24649810712414       -0.43746457706617
C           -0.67124637460951        1.59585306954896       -0.43199969555552
C            0.63453733151369        2.02082625190108       -0.24121640625814
C            1.65456803718407        1.10678528928086       -0.05021260295935
C            1.35670985621435       -0.26859735983495       -0.05001654034395
C            0.04775041227559       -0.67628472829579       -0.24182795324764
O            2.42335609882021       -1.10460967275820        0.14375645519416
C            2.19000251357050       -2.49743008999321        0.15155648554503
O            2.95397004325060        1.47814794857384        0.13811470972097
H           -4.54922315308561       -1.82359923527731        0.12174216732649
H           -4.98250498221237       -0.96078927768938        1.59896804915145
H           -5.09525084811438       -0.14867643540566        0.03634706850133
H           -2.50975027730276       -1.09329708895951        1.36934616000508
H           -3.05538350904208        0.57975547156070        1.28352277486770
H           -2.95504780865844        0.49113948674866       -1.19861059071165
H           -2.40727050036518       -1.18854678632397       -1.11504455993481
H           -1.45130543824984        2.32678710707182       -0.58017267534979
H            0.86193391892359        3.07685760523151       -0.24265035428535
H           -0.19586342099544       -1.72691743528992       -0.24507056874151
H            3.16550118181720       -2.94862403857440        0.31911538153549
H            1.78764285934877       -2.83744279057353       -0.80701547776380
H            1.51020755024939       -2.78134563642785        0.96000874966021
H            3.02714515622266        2.44457198833037        0.11706542357608
26
 energy: -36.690733688338 gnorm: 0.000133581223 xtb: 6.7.1 (edcfbbe)
C           -4.51589032496946       -0.85854245032364        0.62241278607571
C           -3.07602044941092       -0.38126770975437        0.76517408703907
C           -2.39259036968534       -0.22674366398453       -0.59924337055477
C           -0.97649821490225        0.24636223939993       -0.43736485177099
C           -0.67097352004531        1.59557340888932       -0.43205028265138
C            0.63456713985170        2.02081847339449       -0.24138237104708
C            1.65440154510316        1.10681062617678       -0.05019777143086
C            1.35669441814991       -0.26849641327265       -0.05027314417516
C            0.04785890599302       -0.67634586335094       -0.24218811267885
O            2.42354301629286       -1.10435061755897        0.14382577248077
C            2.18976980883756       -2.49745202417468        0.15159005739662
O            2.95417028746709        1.47784657941881        0.13878915264883
H           -4.54979283775634       -1.82368393933091        0.12206054621393
H           -4.98190605916640       -0.96068800027047        1.59927432974806
H           -5.09578927381122       -0.14885881244979        0.03681466727480
H           -2.50995518852950       -1.09345321503448        1.36930555349161
H           -3.05558464248539        0.57962929884258        1.28354719213712
H           -2.95495700162501        0.49113800684197       -1.19875952226175
H           -2.40726513513158       -1.18857916506629       -1.11520101184633
H           -1.45096406878883        2.32642651176134       -0.58046805479367
H            0.86216237696141        3.07675249442882       -0.24271157253797
H           -0.19542521352284       -1.72690960819876       -0.24592646274250
H            3.16516703113685       -2.94868670256500        0.31911776114651
H            1.78742258966012       -2.83656935179438       -0.80709906505565
H            1.51003627788202       -2.78034708055483        0.96021783378751
H            3.02721588758510        2.44424017708037        0.11740250857977
26
 energy: -36.690733840444 gnorm: 0.000059476384 xtb: 6.7.1 (edcfbbe)
C           -4.51570646501722       -0.85849645480912        0.62280777945114
C           -3.07583706383297       -0.38123249605641        0.76478421068932
C           -2.39267419784418       -0.22669095174449       -0.59974253240931
C           -0.97654385131800        0.24626400743209       -0.43786820925889
C           -0.67100746382452        1.59543194370755       -0.43217775816660
C            0.63439480498308        2.02078185510283       -0.24120741062316
C            1.65417046150376        1.10677403710165       -0.04995054272864
C            1.35647007048305       -0.26851205914640       -0.05035732607418
C            0.04776278380557       -0.67644681768812       -0.24271702556484
O            2.42340798228006       -1.10427430581576        0.14407285376820
C            2.18972208875361       -2.49739611026659        0.15177277801358
O            2.95393968343310        1.47760096655846        0.13951772040415
H           -4.54993610193818       -1.82363245888412        0.12251015987974
H           -4.98111441989287       -0.96061816542288        1.59996559832692
H           -5.09596810441547       -0.14884803588132        0.03756714650145
H           -2.50956135791651       -1.09338449490981        1.36873858190894
H           -3.05523132372919        0.57967534172526        1.28310661185311
H           -2.95501039616764        0.49131586219579       -1.19910950939360
H           -2.40749447513289       -1.18847649508147       -1.11576130942853
H           -1.45100657237689        2.32627466712582       -0.58043368118264
H            0.86196554255458        3.07668051316504       -0.24230219137192
H           -0.19535059688939       -1.72701049771850       -0.24680006343285
H            3.16519005566958       -2.94847210017329        0.31914380748201
H            1.78731650360109       -2.83639353447816       -0.80686460058984
H            1.51016777935611       -2.78024140330032        0.96050954678604
H            3.02733161896275        2.44395038581198        0.11746201963378
26
 energy: -36.690733849762 gnorm: 0.000194734800 xtb: 6.7.1 (edcfbbe)
C           -4.51552260506497       -0.85845045929460        0.62320277282657
C           -3.07565367825501       -0.38119728235845        0.76439433433957
C           -2.39275802600302       -0.22663823950444       -0.60024169426384
C           -0.97658948773375        0.24616577546426       -0.43837156674678
C           -0.67104140760374        1.59529047852577       -0.43230523368183
C            0.63422247011446        2.02074523681117       -0.24103245019925
C            1.65393937790436        1.10673744802653       -0.04970331402642
C            1.35624572281619       -0.26852770502015       -0.05044150797319
C            0.04766666161811       -0.67654777202530       -0.24324593845084
O            2.42327294826727       -1.10419799407255        0.14431993505563
C            2.18967436866965       -2.49734019635850        0.15195549863053
O            2.95370907939912        1.47735535369810        0.14024628815947
H           -4.55007936612002       -1.82358097843733        0.12295977354555
H           -4.98032278061934       -0.96054833057528        1.60065686690578
H           -5.09614693501972       -0.14883725931285        0.03831962572811
H           -2.50916752730352       -1.09331577478514        1.36817161032626
H           -3.05487800497299        0.57972138460794        1.28266603156909
H           -2.95506379071028        0.49149371754960       -1.19945949652546
H           -2.40772381513420       -1.18837382509666       -1.11632160701072
H           -1.45104907596495        2.32612282249030       -0.58039930757161
H            0.86176870814774        3.07660853190125       -0.24189281020588
H           -0.19527598025594       -1.72711138723823       -0.24767366412320
H            3.16521308020231       -2.94825749778157        0.31916985381750
H            1.78721041754206       -2.83621771716194       -0.80663013612402
H            1.51029928083021       -2.78013572604582        0.96080125978458
H            3.02744735034040        2.44366059454360        0.11752153068778
