----------------------------------------------- 
  Element       SASA      Sigma Z        Total  
     Z         Ang**2 cal/Ang**2/mol   kcal/mol 
----------------------------------------------- 
      H        157.809      48.690       7.684
      C         40.417     129.740       5.244
      O         29.082       0.000       0.000

 Subtotal:     227.308                  12.927
 -----------------------------------------------

  Elements    COT*SASA   Sigma Z,Z'     Total   
    Z,Z'       Ang**2  cal/Ang**2/mol kcal/mol  
 ---------------------------------------------- 
  H   C        106.390     -60.770      -6.465
  H   O          0.000       0.000       0.000
  C   C         27.892     -72.950      -2.035
  O   C         16.713      68.690       1.148
  O   O          0.000       0.000       0.000

 Subtotal:                              -7.352
 ---------------------------------------------- 

 NONAQUEOUS SOLVENT CONTRIBUTION (kcal/mol):
 (proportional to SASA, atomic number independent)
 ---------------------------------------------- 
 Subtotal:                               0.000
 ---------------------------------------------- 

 CDS TOTAL (kcal/mol):                   5.575
...............................................................................
