----------------------------------------------- 
  Element       SASA      Sigma Z        Total  
     Z         Ang**2 cal/Ang**2/mol   kcal/mol 
----------------------------------------------- 
      H        133.702      48.690       6.510
      C         33.103     129.740       4.295
      O         25.055       0.000       0.000

 Subtotal:     191.860                  10.805
 -----------------------------------------------

  Elements    COT*SASA   Sigma Z,Z'     Total   
    Z,Z'       Ang**2  cal/Ang**2/mol kcal/mol  
 ---------------------------------------------- 
  H   C         90.130     -60.770      -5.477
  H   O          0.000       0.000       0.000
  C   C         30.063     -72.950      -2.193
  O   C         15.651      68.690       1.075

 Subtotal:                              -6.595
 ---------------------------------------------- 

 NONAQUEOUS SOLVENT CONTRIBUTION (kcal/mol):
 (proportional to SASA, atomic number independent)
 ---------------------------------------------- 
 Subtotal:                               0.000
 ---------------------------------------------- 

 CDS TOTAL (kcal/mol):                   4.210
...............................................................................
