----------------------------------------------- 
  Element       SASA      Sigma Z        Total  
     Z         Ang**2 cal/Ang**2/mol   kcal/mol 
----------------------------------------------- 
      H        154.654      48.690       7.530
      C         49.754     129.740       6.455
      N         17.076       0.000       0.000
      O         26.300       0.000       0.000
      S         21.746      -9.100      -0.198

 Subtotal:     269.530                  13.787
 -----------------------------------------------

  Elements    COT*SASA   Sigma Z,Z'     Total   
    Z,Z'       Ang**2  cal/Ang**2/mol kcal/mol  
 ---------------------------------------------- 
  H   C         95.819     -60.770      -5.823
  H   O          0.000       0.000       0.000
  C   C         12.259     -72.950      -0.894
  O   C         14.558      68.690       1.000
  O   O          0.000       0.000       0.000
  C   N         12.150       0.000       0.000
  N   C         47.484     -48.220      -2.290
  N  C(3)        1.119      84.100       0.094
  O   N          2.034     121.980       0.248

 Subtotal:                              -7.665
 ---------------------------------------------- 

 NONAQUEOUS SOLVENT CONTRIBUTION (kcal/mol):
 (proportional to SASA, atomic number independent)
 ---------------------------------------------- 
 Subtotal:                               0.000
 ---------------------------------------------- 

 CDS TOTAL (kcal/mol):                   6.123
...............................................................................
