20
 energy: -386.241447974176 gnorm: 0.002059268050 xtb: 6.7.1 (edcfbbe)
C           -2.25474047247521       -1.32015493962095        0.29260635885556
C           -2.62258989409726        0.16103502144327        0.36517297450128
C           -1.71059298251412        1.09481701194889       -0.43581927176512
C           -0.27191022444280        1.16028824298489        0.03316801540440
O            0.42784389315849       -0.03590843006145       -0.43557947741594
C            1.70745611686810       -0.16788214294545       -0.05450753691475
O            2.28951436092637        0.65612781470692        0.63687591953645
C            2.32275345972647       -1.43827635074928       -0.54785401489536
H           -2.17493484796571       -1.65539369922890       -0.74805774622947
H           -1.29858246854859       -1.52556476099925        0.78371307646248
H           -3.01800411731142       -1.93250826926731        0.78455846249561
H           -3.64729680704001        0.29351043606931       -0.00316531680946
H           -2.62706412220688        0.48672531705819        1.41372935799882
H           -1.72868172910314        0.82988999404905       -1.50100447611007
H           -2.10266691283977        2.11632498815911       -0.36345329049568
H            0.24419419086363        2.03075281968802       -0.38330620726006
H           -0.20388542220623        1.19910273824132        1.12593036596828
H            1.74130580371365       -1.89246149437506       -1.35067716254814
H            2.37321571019239       -2.13824759590488        0.29397007489270
H            3.34455409584485       -1.24007049130463       -0.87897298064716
20
 energy: -386.241452926833 gnorm: 0.001110195859 xtb: 6.7.1 (edcfbbe)
C           -2.25534033710568       -1.32046836896243        0.29259197658452
C           -2.62218275221155        0.16070432815934        0.36493765833746
C           -1.71035836432218        1.09466256383420       -0.43579365855185
C           -0.27211086722080        1.16056560132431        0.03417773124695
O            0.42878166740906       -0.03521060150970       -0.43647016552448
C            1.70883039464610       -0.16623222215564       -0.05694205376838
O            2.28981212405655        0.65695795381745        0.63533365895451
C            2.32286794012758       -1.43797557477555       -0.54789710511848
H           -2.17664833960612       -1.65649946042853       -0.74760917197199
H           -1.29952956177679       -1.52620261091535        0.78352138633769
H           -3.01908465874330       -1.93116722343926        0.78540639876142
H           -3.64650491718347        0.29338167169887       -0.00387369059214
H           -2.62661121657138        0.48604604373150        1.41339557504540
H           -1.72722862436007        0.82925434078461       -1.50075207003735
H           -2.10363921956385        2.11579798562154       -0.36373413824071
H            0.24407670000450        2.03127474051034       -0.38169994054831
H           -0.20318477432192        1.19770900445209        1.12683378205656
H            1.74134522683469       -1.89155273619686       -1.35069020368486
H            2.37144964722493       -2.13736651191086        0.29423572518318
H            3.34514752824646       -1.24157269922768       -0.87764464261699
20
 energy: -386.241454004084 gnorm: 0.001848310760 xtb: 6.7.1 (edcfbbe)
C           -2.25684847890030       -1.32105384213194        0.29261590308267
C           -2.62183209028252        0.16027231589216        0.36429650887695
C           -1.70958985820267        1.09417595245815       -0.43579345658597
C           -0.27220449366311        1.16142942949889        0.03587861898581
O            0.43003407305557       -0.03472687609561       -0.43685829714280
C            1.71015415283712       -0.16524703003247       -0.05730770252507
O            2.29138146316735        0.65998575944452        0.63102983569104
C            2.32332045556016       -1.43717546187308       -0.54834143420196
H           -2.18074365014141       -1.65874814663270       -0.74686565412032
H           -1.30120403686397       -1.52766520899176        0.78267073343830
H           -3.02116007359028       -1.92892241032955        0.78752383654100
H           -3.64558362595407        0.29356843810277       -0.00517743529415
H           -2.62611002670024        0.48518043013871        1.41260391934469
H           -1.72388532228530        0.82754788191910       -1.50030491332305
H           -2.10480966711377        2.11472386710366       -0.36506551928835
H            0.24461567857499        2.03248223535006       -0.37841198934168
H           -0.20251407505184        1.19518134804331        1.12842844994537
H            1.74138501368919       -1.88954782013961       -1.35115197380208
H            2.36925178244374       -2.13610005357421        0.29396640239250
H            3.34623040815641       -1.24325451030497       -0.87640890469022
20
 energy: -386.241457073636 gnorm: 0.000944349524 xtb: 6.7.1 (edcfbbe)
C           -2.25817417233415       -1.32160551720108        0.29242440726222
C           -2.62212070550556        0.16010375161022        0.36388957084172
C           -1.70883579625773        1.09375837034216       -0.43543240517868
C           -0.27206262813346        1.16148099244441        0.03772970315902
O            0.43059016269465       -0.03466181477472       -0.43617734697958
C            1.71154272765317       -0.16358346701458       -0.05932986812139
O            2.29444409581186        0.66402321328322        0.62554409313449
C            2.32356954450473       -1.43689380347483       -0.54826881214631
H           -2.18421448930002       -1.66021420193755       -0.74696647584921
H           -1.30192236559025       -1.52907509619670        0.78111740042339
H           -3.02232096751006       -1.92846263549183        0.78904645745519
H           -3.64569046998760        0.29418824971687       -0.00591001653695
H           -2.62664230640107        0.48496804265819        1.41223988095051
H           -1.72137884915731        0.82643653509515       -1.49978151444130
H           -2.10463975478631        2.11416266632166       -0.36631120456765
H            0.24463632916970        2.03325827750676       -0.37501575225674
H           -0.20302421529889        1.19353560952512        1.13032936343050
H            1.74192133307807       -1.88884340738641       -1.35154348030772
H            2.36679544680791       -2.13539946891857        0.29470983075662
H            3.34741450338279       -1.24507013023956       -0.87496726370644
20
 energy: -386.241457073636 gnorm: 0.000944349524 xtb: 6.7.1 (edcfbbe)
C           -2.25817417233415       -1.32160551720108        0.29242440726222
C           -2.62212070550556        0.16010375161022        0.36388957084172
C           -1.70883579625773        1.09375837034216       -0.43543240517868
C           -0.27206262813346        1.16148099244441        0.03772970315902
O            0.43059016269465       -0.03466181477472       -0.43617734697958
C            1.71154272765317       -0.16358346701458       -0.05932986812139
O            2.29444409581186        0.66402321328322        0.62554409313449
C            2.32356954450473       -1.43689380347483       -0.54826881214631
H           -2.18421448930002       -1.66021420193755       -0.74696647584921
H           -1.30192236559025       -1.52907509619670        0.78111740042339
H           -3.02232096751006       -1.92846263549183        0.78904645745519
H           -3.64569046998760        0.29418824971687       -0.00591001653695
H           -2.62664230640107        0.48496804265819        1.41223988095051
H           -1.72137884915731        0.82643653509515       -1.49978151444130
H           -2.10463975478631        2.11416266632166       -0.36631120456765
H            0.24463632916970        2.03325827750676       -0.37501575225674
H           -0.20302421529889        1.19353560952512        1.13032936343050
H            1.74192133307807       -1.88884340738641       -1.35154348030772
H            2.36679544680791       -2.13539946891857        0.29470983075662
H            3.34741450338279       -1.24507013023956       -0.87496726370644
