18
 energy: -18.931513897975 gnorm: 0.024581495508 xtb: 6.7.1 (edcfbbe)
C            2.33657806315219        0.38407101589518       -0.53587646545760
C            1.29448069303130        0.52086148941305        0.57334959395375
C            0.41145563305435       -0.72337755903454        0.73393330535480
C           -0.52877019491025       -0.99343558390610       -0.44226621484869
C           -1.69940563166353       -0.06603338479302       -0.59322128668583
C           -2.11132624987412        0.86124203679441        0.27105915630838
H            2.98005681198798        1.26910343111435       -0.58182032805223
H            1.87158039621356        0.26750782200775       -1.52037487920702
H            2.97794540688080       -0.48830793492214       -0.36315878497308
H            1.80885063521752        0.70826992640922        1.52363445072817
H            0.66982524916559        1.40079038841202        0.38042847776024
H            1.06340937780472       -1.59660548181414        0.86307002561232
H           -0.17711452228109       -0.64202577482723        1.65608660599878
H            0.03341029215898       -0.99394928243525       -1.38578153613723
H           -0.92948284884357       -2.01452726468922       -0.36347366937871
H           -2.27152170869679       -0.20593505049086       -1.51134440435572
H           -2.99494022386184        1.45946883562022        0.06520703903221
H           -1.59547831963955        1.05918866556351        1.20687547572587
18
 energy: -18.932364703688 gnorm: 0.006714820395 xtb: 6.7.1 (edcfbbe)
C            2.33330822582864        0.38060868976935       -0.53392056532549
C            1.28874669953711        0.52033395680411        0.56622302647217
C            0.41489434289504       -0.72559886340767        0.72916385440411
C           -0.52743402611243       -0.99029042829088       -0.44278133682983
C           -1.69440207409893       -0.06209906728429       -0.58642062822562
C           -2.10516833543568        0.85671429076957        0.27031181063613
H            2.96785070977750        1.26554960370926       -0.56901682408688
H            1.86596966011827        0.26756690005376       -1.51089622222490
H            2.96834916442328       -0.48747218592652       -0.35474578829493
H            1.80367043452524        0.70440113664296        1.51407083371876
H            0.66006349346486        1.39024613959110        0.35960711608712
H            1.06914027613697       -1.59443930971276        0.85130415243485
H           -0.17357377139711       -0.63705173050760        1.64624306655387
H            0.03733808302988       -0.98031586776030       -1.38091844946952
H           -0.93159212405849       -2.00620302844164       -0.34781952890883
H           -2.25950984003229       -0.20615214844710       -1.50195985693693
H           -2.97611762447526        1.45908429192677        0.06469725873722
H           -1.60198043523035        1.05142391482909        1.20318464263710
18
 energy: -18.932439509810 gnorm: 0.001683666571 xtb: 6.7.1 (edcfbbe)
C            2.33273587243692        0.38019979564926       -0.53387160518120
C            1.28429861208230        0.52090265677294        0.56316928119108
C            0.41555263787084       -0.72782369797317        0.72886435017007
C           -0.52765118048733       -0.99288598341732       -0.44290990219360
C           -1.69096609448299       -0.06005478033699       -0.58434101195560
C           -2.10063237081531        0.85718330950536        0.27167189136952
H            2.96486740584390        1.26451926059199       -0.56495856895798
H            1.86776505651919        0.26690827700066       -1.50955678631551
H            2.96447375287556       -0.48634868646834       -0.34998199747133
H            1.79486851976265        0.71102080132988        1.51084324893824
H            0.65106892038206        1.38317281591846        0.34711931154695
H            1.07261439790881       -1.59323983028855        0.84640347215340
H           -0.17141011425699       -0.63977089277692        1.64510063077001
H            0.03665475815109       -0.97977972164192       -1.37893882824448
H           -0.93462332612267       -2.00557836179144       -0.34377367223724
H           -2.24896087773216       -0.20275654377458       -1.50274274499787
H           -2.96911090141822        1.46042139245019        0.06936133410322
H           -1.60199220962139        1.05021648356769        1.20486815869075
18
 energy: -18.932469613078 gnorm: 0.002017939091 xtb: 6.7.1 (edcfbbe)
C            2.33336843273686        0.38008139487589       -0.53289580542497
C            1.27761670273487        0.52315961512758        0.55870419678276
C            0.41739730449680       -0.73145208018390        0.72859740285989
C           -0.52826992292104       -0.99638895303897       -0.44246853782547
C           -1.68822653441149       -0.05789223536592       -0.58329587448489
C           -2.09735911650935        0.85663168749192        0.27561610231939
H            2.96428880294440        1.26452219690583       -0.56080701313173
H            1.87287544613574        0.26512732115965       -1.50975930133877
H            2.96289432932958       -0.48580557724273       -0.34276206239075
H            1.78162180070427        0.72504256294932        1.50675798280057
H            0.63851017748654        1.37710121452942        0.33054416980476
H            1.07855552351544       -1.59347043401611        0.84168828580539
H           -0.16754231064910       -0.64655069122937        1.64547947466963
H            0.03513310858731       -0.98446126222573       -1.37760355961231
H           -0.93919525612911       -2.00593041650072       -0.34016454371140
H           -2.24025133037073       -0.19646957719774       -1.50565833647842
H           -2.95897086132132        1.46923018325200        0.07208717726467
H           -1.60289343746346        1.04383134502679        1.21226680347007
18
 energy: -18.932488427914 gnorm: 0.001965379583 xtb: 6.7.1 (edcfbbe)
C            2.33468559728959        0.38032417005058       -0.53139793102464
C            1.27303698123443        0.52494776149983        0.55499188697261
C            0.41816830952977       -0.73313887688305        0.72777418701367
C           -0.52987345792193       -0.99929400668054       -0.44144821875589
C           -1.68585746179980       -0.05518349727375       -0.58397785560430
C           -2.09386634813003        0.85773777817889        0.27747882173299
H            2.96557765825754        1.26509531288366       -0.55816516167685
H            1.87889283085226        0.26287892833715       -1.51051853329963
H            2.96369278287265       -0.48513296733815       -0.33618747821049
H            1.77144583839701        0.73689619322286        1.50389587273401
H            0.63007019832364        1.37354607863188        0.31774877774965
H            1.08257719008209       -1.59307519978383        0.83790336468724
H           -0.16444387392535       -0.65166988369541        1.64655770679902
H            0.03287693164172       -0.99158771718775       -1.37704578796312
H           -0.94435842952062       -2.00709912761089       -0.33644362461875
H           -2.23496001524124       -0.18834600349140       -1.50913264102622
H           -2.95469319974321        1.47269152243836        0.07572687381819
H           -1.60341867330228        1.03671582901877        1.21856630205092
18
 energy: -18.932502850065 gnorm: 0.001754071883 xtb: 6.7.1 (edcfbbe)
C            2.33878593954842        0.38089430644673       -0.52669830447161
C            1.26280853291841        0.52956143850617        0.54541718033983
C            0.41991368125539       -0.73571340065237        0.72429875853440
C           -0.53428862598189       -1.00499520944278       -0.43907159643985
C           -1.68331812444516       -0.05155466233363       -0.58398582864704
C           -2.09197482699797        0.85360925935002        0.28615797496077
H            2.96948136597635        1.26675867049575       -0.55187309502996
H            1.89581157313928        0.25583504529615       -1.51192250798068
H            2.96790628514202       -0.48266817248599       -0.31871291494887
H            1.74710443354464        0.76397958270993        1.49705246141454
H            0.61224863507080        1.36694442739435        0.28749106806268
H            1.09189938042971       -1.59129606007113        0.82708478590304
H           -0.15598487627120       -0.66307682695817        1.64883828227266
H            0.02611456408135       -1.00988694089526       -1.37717088750366
H           -0.95657933231912       -2.00928524803742       -0.32603828349230
H           -2.22358010922250       -0.16622508619588       -1.51767791266832
H           -2.94288284910767        1.48335033416030        0.08148559349547
H           -1.60391278786461        1.02007483703046        1.23165178757729
18
 energy: -18.932513134941 gnorm: 0.000777265099 xtb: 6.7.1 (edcfbbe)
C            2.33976222950606        0.38032195215149       -0.52606191469694
C            1.26353611100986        0.52980392540271        0.54433534353281
C            0.41995215216432       -0.73452611938915        0.72312099807411
C           -0.53451230986654       -1.00363324692271       -0.43942378888364
C           -1.68150727680676       -0.04901544717930       -0.58555924279055
C           -2.09143504182763        0.85490974238191        0.28499797513998
H            2.96886178591531        1.26700877189384       -0.55297718874741
H            1.89771874460405        0.25223192998157       -1.51089542888024
H            2.97017754918562       -0.48145726567917       -0.31601091093274
H            1.74693414457788        0.76277462009247        1.49616593783511
H            0.61458805973039        1.36797591930624        0.28650235175912
H            1.09100971918650       -1.59069324066240        0.82636491053252
H           -0.15555486490317       -0.66071702887090        1.64764113368655
H            0.02542702721565       -1.01196956306771       -1.37780213461587
H           -0.95822102545449       -2.00716170097003       -0.32340118363083
H           -2.22357861009666       -0.16469355020008       -1.51725856324869
H           -2.94496359520717        1.48016899201985        0.08265878143752
H           -1.60864194003698        1.01497760402859        1.23392948580758
18
 energy: -18.932518449225 gnorm: 0.000541639064 xtb: 6.7.1 (edcfbbe)
C            2.34079296482385        0.37966975010038       -0.52613139965328
C            1.26570843083327        0.52955866999586        0.54450813384770
C            0.41957953765680       -0.73307531146821        0.72245593911332
C           -0.53498900935358       -1.00251933822306       -0.43967113737204
C           -1.68210277286981       -0.04904300424904       -0.58550858686989
C           -2.09460382675001        0.85288329961117        0.28579697792544
H            2.96727123115930        1.26791772362645       -0.55653584383517
H            1.89831175133497        0.24701372706291       -1.50982748891196
H            2.97366670450835       -0.47944542236692       -0.31377608557594
H            1.74990594873910        0.75954231237326        1.49634559665718
H            0.61843192687025        1.36933179735609        0.28841974493561
H            1.08942063957793       -1.58994373665731        0.82672184619192
H           -0.15627164612302       -0.65748354034063        1.64641648234165
H            0.02464121022603       -1.01132151524254       -1.37803791008993
H           -0.95841000557129       -2.00599787789380       -0.32269797527953
H           -2.22188964714961       -0.16171492055586       -1.51873989999963
H           -2.94801694365609        1.47733708142247        0.08281263279495
H           -1.61189363536019        1.01359659976601        1.23377553515798
18
 energy: -18.932524367083 gnorm: 0.000661191860 xtb: 6.7.1 (edcfbbe)
C            2.34330683755348        0.37838930489370       -0.52550351337572
C            1.26576856115084        0.53051043286222        0.54228350816274
C            0.41977454236823       -0.73223809964166        0.72137607338706
C           -0.53606251647647       -1.00194117838232       -0.43972569056586
C           -1.68107880719958       -0.04635073833328       -0.58643815457495
C           -2.09787959274021        0.85021748875064        0.28854805124858
H            2.96497057298439        1.26986196015332       -0.56164120621361
H            1.90325875286518        0.23562695659378       -1.50898873080327
H            2.98074837095811       -0.47553787206463       -0.30550276804449
H            1.74784003456690        0.76272245554629        1.49487171888325
H            0.61820929771659        1.36944058618096        0.28300571572278
H            1.08976276817931       -1.58906754072849        0.82523296522187
H           -0.15514936478225       -0.65615798825862        1.64585656998116
H            0.02280559239924       -1.01472897063752       -1.37851332970940
H           -0.96174653255795       -2.00412510336979       -0.31937158844749
H           -2.21649839040351       -0.15235439747005       -1.52305506470676
H           -2.94892075409904        1.47747947746903        0.08400363305601
H           -1.61955651358700        1.00455952075366        1.23988837215650
18
 energy: -18.932529026356 gnorm: 0.000447182995 xtb: 6.7.1 (edcfbbe)
C            2.34613800190543        0.37669749835999       -0.52494435064944
C            1.26556468625653        0.53133682041143        0.53982429372256
C            0.42016179087659       -0.73179016623681        0.72075007962896
C           -0.53718290544362       -1.00148028547076       -0.43949006830856
C           -1.67962731308163       -0.04240726974406       -0.58771223978554
C           -2.10150468194868        0.84774484632492        0.29142220202513
H            2.96124639217569        1.27251031307501       -0.56935303783357
H            1.90851517802646        0.22041034056655       -1.50762173123173
H            2.98959641289958       -0.47028370601992       -0.29520978757720
H            1.74566146032630        0.76747448817837        1.49263649142716
H            0.61749307669133        1.36884747896768        0.27674129985149
H            1.09022307217763       -1.58862025485684        0.82392902816340
H           -0.15367004645079       -0.65552906076645        1.64587896680744
H            0.02123151136611       -1.01785074965184       -1.37840498857008
H           -0.96562958008624       -2.00213188855090       -0.31660584479602
H           -2.20853029162575       -0.14042490462231       -1.52908464290668
H           -2.95098050238293        1.47719921976665        0.08637176934339
H           -1.62915340278575        0.99460357458655        1.24719912206767
18
 energy: -18.932530357807 gnorm: 0.000195328906 xtb: 6.7.1 (edcfbbe)
C            2.34670603824107        0.37569481911469       -0.52480404022366
C            1.26525544593265        0.53161659561370        0.53904081772624
C            0.42034210263695       -0.73157531820071        0.72073311476580
C           -0.53708189342454       -1.00100777730786       -0.43956932887650
C           -1.67876687006517       -0.04073155421294       -0.58813696777409
C           -2.10261273083704        0.84668013703594        0.29269429191608
H            2.95858700782366        1.27341639196713       -0.57339925930773
H            1.91008853189383        0.21304981970490       -1.50681798747264
H            2.99306586263582       -0.46775037319952       -0.29074455847956
H            1.74439177915874        0.76981635204315        1.49181962352336
H            0.61669659139131        1.36812180834593        0.27391630046045
H            1.09041705558550       -1.58841550328117        0.82367792130269
H           -0.15318225046494       -0.65534576127876        1.64607101427078
H            0.02138952887524       -1.01811338839192       -1.37841628289518
H           -0.96668644807560       -2.00108246356353       -0.31640422004928
H           -2.20496198362052       -0.13603298394911       -1.53111204455481
H           -2.95066470627750        1.47821411209697        0.08706944200826
H           -1.63343020251321        0.98975138178035        1.25070872503817
18
 energy: -18.932530834997 gnorm: 0.000112759456 xtb: 6.7.1 (edcfbbe)
C            2.34673575123028        0.37528807771687       -0.52461953157640
C            1.26456153514782        0.53176353637968        0.53842909207556
C            0.42039902630305       -0.73180683163052        0.72078639798368
C           -0.53704638868069       -1.00102565251989       -0.43948765763962
C           -1.67819901319053       -0.04000948665748       -0.58823614331093
C           -2.10239701665767        0.84652318141123        0.29326039561588
H            2.95699233443642        1.27394905154855       -0.57515789586617
H            1.91057772089689        0.20959789535599       -1.50624260680274
H            2.99443651703700       -0.46646885290337       -0.28842459533052
H            1.74309598242796        0.77130981227402        1.49109660420551
H            0.61561009740964        1.36755243058097        0.27206362757932
H            1.09066103796265       -1.58852104093951        0.82369456152596
H           -0.15306506113022       -0.65571167991176        1.64615468030175
H            0.02161366888817       -1.01799136983474       -1.37820105625581
H           -0.96697119266680       -2.00098355526178       -0.31664669238641
H           -2.20305712882413       -0.13374232548481       -1.53207522229248
H           -2.95017125052219        1.47843250874085        0.08806279194875
H           -1.63422376117140        0.98815059545295        1.25186981160305
18
 energy: -18.932531027608 gnorm: 0.000079623021 xtb: 6.7.1 (edcfbbe)
C            2.34670704162118        0.37518097042268       -0.52443797674162
C            1.26413477491271        0.53183498755104        0.53811693882186
C            0.42026949604210       -0.73187768833677        0.72069394786482
C           -0.53710094494140       -1.00119430416154       -0.43958546328549
C           -1.67791426983630       -0.03979084961277       -0.58821806286661
C           -2.10197423564865        0.84643247027129        0.29366554618552
H            2.95590676510547        1.27448422256264       -0.57617747951024
H            1.91098094263497        0.20745127156988       -1.50590328592164
H            2.99527221864077       -0.46548264341777       -0.28678922759633
H            1.74209859384046        0.77237974158470        1.49077033293936
H            0.61491338963884        1.36705011060920        0.27087049976417
H            1.09072445404181       -1.58840709043342        0.82365117125173
H           -0.15313793187415       -0.65589341855399        1.64609557630186
H            0.02166181466952       -1.01803271433787       -1.37824538541227
H           -0.96714395487534       -2.00114321708570       -0.31703224120584
H           -2.20239573963127       -0.13268713268102       -1.53230115298052
H           -2.94925353815725        1.47898638150933        0.08854241045442
H           -1.63419601728722        0.98701519685733        1.25261041331521
18
 energy: -18.932531117548 gnorm: 0.000040885599 xtb: 6.7.1 (edcfbbe)
C            2.34678265815756        0.37504436773166       -0.52420287938521
C            1.26369758260386        0.53195545101852        0.53777337477944
C            0.42024131997351       -0.73201645269160        0.72057275208753
C           -0.53715994631595       -1.00124485091868       -0.43969109603942
C           -1.67777274215906       -0.03962499918098       -0.58817930891396
C           -2.10171126331483        0.84635260730331        0.29402936859636
H            2.95496318022569        1.27497289792939       -0.57699061269478
H            1.91158071125096        0.20550735954367       -1.50559422282683
H            2.99627622048737       -0.46454623247104       -0.28528595389039
H            1.74111647591214        0.77315070180425        1.49051378930506
H            0.61425949706158        1.36677280360375        0.26978879192691
H            1.09085386472821       -1.58843032048653        0.82349862599911
H           -0.15312470213222       -0.65610358424021        1.64600366192677
H            0.02157701843425       -1.01810739744411       -1.37838466638271
H           -0.96725742674403       -2.00118191499099       -0.31719151715133
H           -2.20209160045548       -0.13182666898925       -1.53241694210180
H           -2.94862492748118        1.47939190051956        0.08895893319250
H           -1.63405306133613        0.98624062627651        1.25312446295113
