20
 energy: -27.117149702263 gnorm: 0.030010526219 xtb: 6.7.1 (edcfbbe)
C           -3.34056847456117       -0.87847287357169        0.47851761901632
C           -2.81944220829734        0.49093836909262        0.04782576572829
C           -1.42870107927819        0.45154149244344       -0.59052020852895
C           -0.35639939304628       -0.05815524281142        0.36509035168769
C            1.03076655598237        0.00606010983104       -0.20395110867822
O            1.32652500229347        0.38662934930832       -1.32381810103852
O            1.94827514557364       -0.42400572376856        0.68879323059178
C            3.32657117691080       -0.40460127901607        0.23872169169162
H           -3.33695927683578       -1.58115523382313       -0.36291095984281
H           -2.73268426512098       -1.31194557599843        1.27917154982198
H           -4.36772825232463       -0.80634881022396        0.85039446726639
H           -3.51731896606637        0.93107672963686       -0.67426851454022
H           -2.79939914171919        1.16644380864217        0.91306688228239
H           -1.15710686505688        1.45881843670818       -0.92586941483366
H           -1.45205131188650       -0.18442051524398       -1.48419578751960
H           -0.53473763084577       -1.10047610976601        0.65499897184602
H           -0.35792668938966        0.51619144268381        1.30071447469501
H            3.44768863532858       -1.04128981629983       -0.64091089899273
H            3.90814865424120       -0.79592724256935        1.07272757620438
H            3.63454054597019        0.61816781422755        0.00799377513279
20
 energy: -27.118114781956 gnorm: 0.011269515134 xtb: 6.7.1 (edcfbbe)
C           -3.33625246067687       -0.87689450640552        0.47454103675658
C           -2.81513945830505        0.49051571039717        0.05206626111811
C           -1.42586149415516        0.44253479099273       -0.58543998704311
C           -0.35372060480179       -0.06182844975713        0.37354206648756
C            1.02942337725907        0.00755586881110       -0.20658817578483
O            1.31748220036055        0.38819272212424       -1.32072301617260
O            1.94794524564443       -0.41673839803128        0.67385819811135
C            3.31955019919060       -0.40375247447087        0.24029632106425
H           -3.32922177068462       -1.56860455954197       -0.36776825579845
H           -2.73234500646526       -1.30214476108067        1.27429187753785
H           -4.35962346141573       -0.79411870550021        0.83778342705974
H           -3.50895836868101        0.92453115930050       -0.67278129935800
H           -2.79265443906608        1.15588350664994        0.92008190995530
H           -1.15172562379287        1.44582931275476       -0.92156822844790
H           -1.44645699824279       -0.19623262731698       -1.47254290569451
H           -0.53279893314565       -1.10295911749436        0.65443577246055
H           -0.35507281906341        0.51960698449906        1.30068335456339
H            3.43368755764960       -1.03358705864374       -0.64176635760917
H            3.89254400568378       -0.79498376722406        1.07703924210638
H            3.62069101457975        0.61626349941887        0.00213012067747
20
 energy: -27.118272850804 gnorm: 0.003895081522 xtb: 6.7.1 (edcfbbe)
C           -3.33668527905999       -0.87684008841346        0.47189407531444
C           -2.81174608836801        0.49128173635159        0.05391864950839
C           -1.42270735376686        0.43783867224464       -0.58198170522609
C           -0.35270956387293       -0.06499829914704        0.38221248349915
C            1.02812106783908        0.00874942237637       -0.20695378778639
O            1.30982191018846        0.39053010037142       -1.32096674118308
O            1.94618511432109       -0.41199792172328        0.66582223139319
C            3.31264472131724       -0.40194050221321        0.23952390285883
H           -3.32516196121144       -1.56239514245760       -0.37168620216336
H           -2.73652460997527       -1.30026755642037        1.27176485078338
H           -4.35959873513126       -0.79052132678312        0.82871333837978
H           -3.50074825697077        0.92758408084887       -0.67156199770477
H           -2.78474749720854        1.15111560895522        0.92314320998784
H           -1.14416001091528        1.43730046234069       -0.92271108806908
H           -1.44318611484968       -0.20709208615156       -1.46235774769080
H           -0.53068848873250       -1.10522855164621        0.65924148089961
H           -0.35332855391612        0.52192382920387        1.30317314821883
H            3.42904878300611       -1.02911260596624       -0.64389149189438
H            3.88105979625704       -0.79284567728645        1.07706147342585
H            3.61660328292114        0.61598497499743       -0.00278672056138
20
 energy: -27.118294632691 gnorm: 0.001716980494 xtb: 6.7.1 (edcfbbe)
C           -3.33927705739644       -0.87633429915842        0.46978012692714
C           -2.81136773968890        0.49261323927513        0.05514941243316
C           -1.42239370229529        0.43465121013699       -0.58031333621993
C           -0.35211811438182       -0.06594013734529        0.38561884202986
C            1.02849191998363        0.00901938782764       -0.20610872947740
O            1.30643721380521        0.39191383657212       -1.32148708684026
O            1.94697782813753       -0.41047129893793        0.66411118671876
C            3.31195238535323       -0.40083463748966        0.23850925669002
H           -3.32487688873706       -1.56032343156110       -0.37509472091582
H           -2.74158977788720       -1.30079165221907        1.27100921168436
H           -4.36336351760007       -0.78951074475313        0.82314342056194
H           -3.49889621011557        0.93221071756171       -0.66950745993529
H           -2.78226659425451        1.15015188033898        0.92584529884663
H           -1.14127179307134        1.43202441724004       -0.92475266733258
H           -1.44316453100670       -0.21413970936581       -1.45779532235671
H           -0.52877168388359       -1.10567964072321        0.66350129711595
H           -0.35250302165751        0.52331471992742        1.30455895965825
H            3.43049710153331       -1.02798070780413       -0.64540283852683
H            3.88058321796167       -0.79152995384908        1.07579613536691
H            3.61841312707291        0.61670593380837       -0.00498962443820
20
 energy: -27.118310143914 gnorm: 0.002311965334 xtb: 6.7.1 (edcfbbe)
C           -3.34671633100429       -0.87478033649264        0.46533602904760
C           -2.81017116097956        0.49415333773150        0.05796142671631
C           -1.42193921893584        0.42838315065192       -0.57767106176488
C           -0.35070352491643       -0.06686602815183        0.39094537303688
C            1.03007945905554        0.00951134493047       -0.20363947837572
O            1.30102325636209        0.39460572454983       -1.32132250158422
O            1.95026527360326       -0.40854154858195        0.66245609017420
C            3.31357971474424       -0.39852451127933        0.23588880720009
H           -3.32724833674318       -1.55628653197478       -0.38211687111767
H           -2.75532382442534       -1.30359258128979        1.26964717971184
H           -4.37368755368266       -0.78705058909318        0.81137719572206
H           -3.49517708501677        0.94243772801095       -0.66396762194731
H           -2.77675898286995        1.14706234872868        0.93223561959052
H           -1.13704998565950        1.42167163364204       -0.93120382512795
H           -1.44498382433178       -0.22842215832931       -1.44947733998637
H           -0.52449322886674       -1.10563606243154        0.67353159861710
H           -0.35120294457497        0.52689478170619        1.30681834457474
H            3.43455585259694       -1.02588009399229       -0.64876180800225
H            3.88455951336713       -0.78903641338892        1.07207341612021
H            3.62288509414930        0.61896593453556       -0.00853921061522
20
 energy: -27.118315418648 gnorm: 0.001610711688 xtb: 6.7.1 (edcfbbe)
C           -3.34834797966312       -0.87433713373699        0.46430481650370
C           -2.80968432760895        0.49393235273703        0.05868567773118
C           -1.42179374189096        0.42689849110039       -0.57738416460930
C           -0.35023881761765       -0.06675304366189        0.39136563455212
C            1.03056295787591        0.00945644296427       -0.20307325294252
O            1.30124766177689        0.39492768861951       -1.32047008806943
O            1.95126440274747       -0.40886342466070        0.66280925742806
C            3.31475747515532       -0.39799389001808        0.23512867002600
H           -3.32917673537147       -1.55546505786089       -0.38345164766322
H           -2.75868493587058       -1.30489243154649        1.26896574203984
H           -4.37555980942586       -0.78545322862696        0.80923103994867
H           -3.49419757114510        0.94436561235023       -0.66248147724112
H           -2.77523250926284        1.14581212445242        0.93378559459936
H           -1.13717717136370        1.41959629243352       -0.93270824354541
H           -1.44560582510682       -0.23105436009122       -1.44831532907390
H           -0.52375560894250       -1.10522315854489        0.67586375288041
H           -0.35108561360892        0.52801343404578        1.30680997485298
H            3.43486109532077       -1.02513260482755       -0.64957211212201
H            3.88650874169944       -0.78855939421146        1.07088640786667
H            3.62283047417415        0.61979441856557       -0.00880889117213
20
 energy: -27.118324038133 gnorm: 0.001366907567 xtb: 6.7.1 (edcfbbe)
C           -3.35655794820754       -0.87239886453284        0.45946058466514
C           -2.80685836177303        0.49272243379948        0.06214409042893
C           -1.42041349773755        0.41943598647894       -0.57612707895392
C           -0.34791422743257       -0.06652633209513        0.39433023855410
C            1.03240624794752        0.00948910848083       -0.20039827482760
O            1.30244934691346        0.39751826977339       -1.31622659413067
O            1.95518529684487       -0.41092486998272        0.66391606514057
C            3.31912579531008       -0.39537590674924        0.23151206126876
H           -3.33923511798157       -1.55052836170524       -0.39056736286769
H           -2.77409164579101       -1.31135049194905        1.26473127044261
H           -4.38452947378128       -0.77751689652053        0.80001643383629
H           -3.48860928888686        0.95359457967155       -0.65532507119535
H           -2.76648881171821        1.13908802177367        0.94125119695851
H           -1.13635188336405        1.40900624388804       -0.94049982450055
H           -1.44752690580008       -0.24511856624981       -1.44193368511552
H           -0.52000949466101       -1.10329435982709        0.68774502656590
H           -0.35000592016251        0.53417147323092        1.30657942728220
H            3.43569227001931       -1.02026732107966       -0.65428951198290
H            3.89392264441618       -0.78665229607476        1.06500449862833
H            3.62130313771737        0.62399727915083       -0.00975212820717
20
 energy: -27.118326208344 gnorm: 0.000520048519 xtb: 6.7.1 (edcfbbe)
C           -3.35744153049507       -0.87232570751401        0.45883735557597
C           -2.80689439114449        0.49305944948167        0.06227683833716
C           -1.42025793649715        0.41835009693259       -0.57561159000528
C           -0.34757886862228       -0.06680625893982        0.39545897570847
C            1.03236298371433        0.00932784654064       -0.20016462843073
O            1.30228203934085        0.39816974003487       -1.31599149845345
O            1.95524921884208       -0.41134969978993        0.66349288856343
C            3.31873663151168       -0.39510694709572        0.23128279785757
H           -3.34103526464635       -1.54944795900986       -0.39201734395764
H           -2.77459049227869       -1.31219944949658        1.26324135810462
H           -4.38506497967338       -0.77677648304828        0.80018106045335
H           -3.48805678781214        0.95459472610660       -0.65509356705787
H           -2.76580028562741        1.13880460564923        0.94162863416349
H           -1.13546388955903        1.40734814350165       -0.94081979222342
H           -1.44709433655989       -0.24726225927698       -1.44053609494897
H           -0.51932717899397       -1.10316788437078        0.68944251576456
H           -0.34920775722892        0.53513771675469        1.30661722070765
H            3.43606268484907       -1.01936206512916       -0.65510297669243
H            3.89367727986413       -0.78638297562170        1.06446717549907
H            3.62093502288812        0.62446449377246       -0.01001796697557
20
 energy: -27.118327777407 gnorm: 0.000305450422 xtb: 6.7.1 (edcfbbe)
C           -3.35972417825328       -0.87209393007750        0.45762776762515
C           -2.80649950487819        0.49299394810509        0.06256718528641
C           -1.41980196604988        0.41637500875406       -0.57508230031678
C           -0.34693485860117       -0.06679479577841        0.39723637456057
C            1.03250196430230        0.00946543052357       -0.19931595628020
O            1.30244802585470        0.39965134516118       -1.31486782757041
O            1.95578905283167       -0.41272690043382        0.66312728227588
C            3.31876664631354       -0.39470489107580        0.23059814319474
H           -3.34650564459608       -1.54717660932950       -0.39493645742206
H           -2.77584951400457       -1.31487434896395        1.25968596870936
H           -4.38643178329951       -0.77488353719376        0.80139063223368
H           -3.48660477539398        0.95629409046925       -0.65447660926823
H           -2.76427508065316        1.13760381156045        0.94255791562073
H           -1.13427145503167        1.40436425247083       -0.94245246007111
H           -1.44663365899177       -0.25144697628514       -1.43825183222906
H           -0.51799629892441       -1.10237925865726        0.69359948252052
H           -0.34809815909991        0.53776466569417        1.30647319866997
H            3.43693053669724       -1.01763945042505       -0.65683646052665
H            3.89449752009123       -0.78619726265692        1.06298667896889
H            3.62018529355838        0.62547453762011       -0.01005936399141
20
 energy: -27.118328730043 gnorm: 0.000506388827 xtb: 6.7.1 (edcfbbe)
C           -3.36157232490534       -0.87185934168109        0.45633846684341
C           -2.80630776699095        0.49288423227715        0.06274705937299
C           -1.41958373529076        0.41433289762290       -0.57460329613568
C           -0.34628012395263       -0.06640677039031        0.39860570203149
C            1.03282298350708        0.00933769404645       -0.19861112405507
O            1.30283143730159        0.40165812876565       -1.31345192719419
O            1.95650938599970       -0.41431535850389        0.66283805488957
C            3.31916645359093       -0.39445717330231        0.22997250179491
H           -3.35287447222659       -1.54499594118814       -0.39785495277748
H           -2.77625944038839       -1.31803773997958        1.25548749485726
H           -4.38690398149244       -0.77268128154058        0.80362912978788
H           -3.48561935637375        0.95786575460142       -0.65395926521501
H           -2.76311455578174        1.13656817693350        0.94336022889581
H           -1.13381503076833        1.40140886636512       -0.94415669405510
H           -1.44642530307550       -0.25545963976713       -1.43622908774458
H           -0.51683328776580       -1.10120847923380        0.69766603650691
H           -0.34734334966486        0.54059439290171        1.30620593281424
H            3.43786751806607       -1.01627958531967       -0.65824098186480
H            3.89568176972753       -0.78618400597751        1.06168049242792
H            3.61954534235567        0.62630430285170       -0.00985240919048
20
 energy: -27.118328788863 gnorm: 0.000801388244 xtb: 6.7.1 (edcfbbe)
C           -3.36342047155739       -0.87162475328469        0.45504916606166
C           -2.80611602910371        0.49277451644921        0.06292693345957
C           -1.41936550453165        0.41229078649175       -0.57412429195459
C           -0.34562538930409       -0.06601874500220        0.39997502950241
C            1.03314400271186        0.00920995756932       -0.19790629182995
O            1.30321484874848        0.40366491237012       -1.31203602681797
O            1.95722971916773       -0.41590381657396        0.66254882750326
C            3.31956626086833       -0.39420945552883        0.22934686039508
H           -3.35924329985711       -1.54281527304679       -0.40077344813290
H           -2.77666936677221       -1.32120113099520        1.25128902100517
H           -4.38737617968538       -0.77047902588739        0.80586762734207
H           -3.48463393735353        0.95943741873359       -0.65344192116178
H           -2.76195403091032        1.13553254230655        0.94416254217090
H           -1.13335860650499        1.39845348025941       -0.94586092803909
H           -1.44621694715923       -0.25947230324912       -1.43420634326010
H           -0.51567027660719       -1.10003769981033        0.70173259049330
H           -0.34658854022981        0.54342412010926        1.30593866695852
H            3.43880449943490       -1.01491972021430       -0.65964550320295
H            3.89686601936384       -0.78617074929810        1.06037430588695
H            3.61890539115296        0.62713406808330       -0.00964545438954
20
 energy: -27.118329672504 gnorm: 0.000482025133 xtb: 6.7.1 (edcfbbe)
C           -3.36329298941398       -0.87179251213688        0.45530309453422
C           -2.80596516729663        0.49226393512007        0.06265456899273
C           -1.41927714420678        0.41248489687395       -0.57453100144503
C           -0.34570374059003       -0.06541541510563        0.39978841519709
C            1.03327452780744        0.01051864860958       -0.19757525279242
O            1.30327524531513        0.40463558495252       -1.31173010311316
O            1.95707428038444       -0.41598953327559        0.66249942898971
C            3.31952750544616       -0.39474960044096        0.22943058874381
H           -3.36095188449391       -1.54256212812808       -0.40077755233261
H           -2.77514901030257       -1.32193585213159        1.25011892293270
H           -4.38653962865580       -0.77059420338401        0.80818893452018
H           -3.48462149872185        0.95846782436320       -0.65387756730891
H           -2.76225927145092        1.13542352322875        0.94362947457282
H           -1.13367591655127        1.39872708940448       -0.94642199687354
H           -1.44602722847292       -0.25934249208041       -1.43455180354966
H           -0.51545856778928       -1.09943505284173        0.70201157237905
H           -0.34708392478048        0.54423120766014        1.30565646990621
H            3.43863973899558       -1.01544407668373       -0.65950398942797
H            3.89663238196270       -0.78693667083502        1.06055092577390
H            3.61907445468647        0.62651395631254       -0.00929176770914
20
 energy: -27.118330236824 gnorm: 0.000190023455 xtb: 6.7.1 (edcfbbe)
C           -3.36282048967744       -0.87206284902397        0.45568409493989
C           -2.80590898989804        0.49174236497891        0.06231479896349
C           -1.41931140554011        0.41282783619871       -0.57511540698098
C           -0.34586129688890       -0.06447385452558        0.39934760636915
C            1.03339811977813        0.01137360077532       -0.19758821733328
O            1.30342522845145        0.40678964195734       -1.31116538353322
O            1.95676223453657       -0.41615269349539        0.66238589163817
C            3.31958997095125       -0.39546415327868        0.22966101787525
H           -3.36295722267707       -1.54238442719279       -0.40066933155393
H           -2.77285583853770       -1.32296725613562        1.24869010200592
H           -4.38513015621151       -0.77086607836174        0.81128751749677
H           -3.48491192212963        0.95735970402362       -0.65435679392583
H           -2.76258006698720        1.13545288857610        0.94297857658694
H           -1.13436305222784        1.39915601406540       -0.94738765302918
H           -1.44605523081200       -0.25918710531192       -1.43501901680059
H           -0.51529713594516       -1.09854351439768        0.70196351083400
H           -0.34779769887016        0.54520552683019        1.30531676245389
H            3.43846137612953       -1.01649922331773       -0.65893253926663
H            3.89622986302639       -0.78783954267347        1.06111387480901
H            3.61947587540093        0.62560224979059       -0.00893804955888
20
 energy: -27.118330476701 gnorm: 0.000225668200 xtb: 6.7.1 (edcfbbe)
C           -3.36232130442907       -0.87232972310339        0.45584487293958
C           -2.80619357984036        0.49159344467587        0.06202336422460
C           -1.41960581378796        0.41265014985464       -0.57549410057716
C           -0.34587544809852       -0.06369956794000        0.39901265929613
C            1.03366163347299        0.01270049762186       -0.19741312287135
O            1.30379189477662        0.40900922539089       -1.31061703011573
O            1.95655269805287       -0.41626152253563        0.66226209586396
C            3.31964694466951       -0.39620310076518        0.22983608208001
H           -3.36444512089175       -1.54242168035094       -0.40071445401150
H           -2.77098476277337       -1.32374716405497        1.24758687736939
H           -4.38388035876456       -0.77091501031949        0.81354560065929
H           -3.48556421647330        0.95680516885798       -0.65464794792800
H           -2.76284183794927        1.13563325584400        0.94250832400002
H           -1.13515639892039        1.39897202702706       -0.94812641357177
H           -1.44617628130380       -0.25959846811577       -1.43524552638828
H           -0.51483062158340       -1.09778616821718        0.70200822756362
H           -0.34837067646100        0.54620212450920        1.30489131747077
H            3.43834788783953       -1.01747099722642       -0.65857277838177
H            3.89579870174108       -0.78877514546453        1.06156429198949
H            3.61993882259566        0.62471178379362       -0.00868097762133
20
 energy: -27.118330668263 gnorm: 0.000165223402 xtb: 6.7.1 (edcfbbe)
C           -3.36233726945944       -0.87250186086614        0.45592073622132
C           -2.80624265354691        0.49141459987017        0.06189651673754
C           -1.41971504892565        0.41240914936043       -0.57577829992366
C           -0.34580593359002       -0.06311558818628        0.39896433354218
C            1.03380745662418        0.01349776217240       -0.19734809757202
O            1.30419753135997        0.41130715129558       -1.30997343208318
O            1.95638026912416       -0.41660457597856        0.66198882793439
C            3.31958811045973       -0.39672162170834        0.22991184824774
H           -3.36561592778720       -1.54231941284194       -0.40085781895369
H           -2.77012493992713       -1.32427253679427        1.24679193104427
H           -4.38343195675247       -0.77093416882104        0.81489759363578
H           -3.48576920811483        0.95651061245144       -0.65466591756755
H           -2.76274209910347        1.13548979424777        0.94231812073372
H           -1.13544101413473        1.39853746937925       -0.94904864810728
H           -1.44624036571073       -0.26041459516610       -1.43507232319152
H           -0.51431449293924       -1.09712410919947        0.70236234609414
H           -0.34861944178878        0.54722225149487        1.30454616690494
H            3.43835185261632       -1.01797862260695       -0.65850636772316
H            3.89542022406312       -0.78946783667715        1.06175598030601
H            3.62014706940461        0.62413526805592       -0.00853213428997
20
 energy: -27.118331015146 gnorm: 0.000182080317 xtb: 6.7.1 (edcfbbe)
C           -3.36246351425677       -0.87285207273270        0.45607383518883
C           -2.80626451788809        0.49103236116439        0.06169242721285
C           -1.41996413858323        0.41153858440718       -0.57646050459898
C           -0.34563085970515       -0.06180597668565        0.39897220241539
C            1.03411531728748        0.01570610272386       -0.19700823015432
O            1.30519384569998        0.41739145585396       -1.30813902587801
O            1.95597553597938       -0.41779908180655        0.66125396691692
C            3.31941545935348       -0.39797333434752        0.22990580537445
H           -3.36756366654391       -1.54219696974263       -0.40105599087121
H           -2.76906548373327       -1.32533721272769        1.24563772563757
H           -4.38286507919392       -0.77090754534499        0.81685490858185
H           -3.48600272396738        0.95625523233022       -0.65454720717705
H           -2.76211538874845        1.13503863816061        0.94208755343130
H           -1.13611312910805        1.39707154619411       -0.95162235971688
H           -1.44653832328508       -0.26295814421742       -1.43443107843325
H           -0.51290916362311       -1.09558535291450        0.70360766228405
H           -0.34925975155641        0.54980219879840        1.30368004636329
H            3.43844654093914       -1.01894996300863       -0.65870605861281
H            3.89461725738684       -0.79126519195213        1.06187673619970
H            3.62048394541801        0.62286385532929       -0.00810105217370
20
 energy: -27.118331306605 gnorm: 0.000225655617 xtb: 6.7.1 (edcfbbe)
C           -3.36264792911421       -0.87317900648038        0.45626703374174
C           -2.80632829352142        0.49057585291053        0.06144129533763
C           -1.42021400400226        0.41057346249985       -0.57711707339807
C           -0.34540079822839       -0.06043244688300        0.39896299075841
C            1.03446773196785        0.01815336671877       -0.19653853469563
O            1.30637543814564        0.42411833711112       -1.30594232481274
O            1.95562310390141       -0.41957024109018        0.66037298411504
C            3.31924345253082       -0.39940546022355        0.22976823289384
H           -3.36896110216833       -1.54235211214008       -0.40099950678620
H           -2.76838727208212       -1.32594295231158        1.24500392203202
H           -4.38258154097777       -0.77091982267918        0.81831662758340
H           -3.48630839898416        0.95571572579634       -0.65457089202153
H           -2.76168644389265        1.13471856348390        0.94168488791435
H           -1.13679073614790        1.39548734926256       -0.95417610309708
H           -1.44679268475959       -0.26556694364602       -1.43377372158445
H           -0.51145717901323       -1.09391342875125        0.70505784118175
H           -0.34991838656937        0.55256230855766        1.30272018207398
H            3.43874902790641       -1.01976374244194       -0.65924737875724
H            3.89395009805282       -0.79336833889517        1.06174130947868
H            3.62055807882795        0.62157865868323       -0.00740040996793
20
 energy: -27.118331750303 gnorm: 0.000283181490 xtb: 6.7.1 (edcfbbe)
C           -3.36270228504528       -0.87364692554568        0.45676908180961
C           -2.80644570053307        0.48984920399629        0.06082192816926
C           -1.42052096562539        0.40917121556906       -0.57809898717628
C           -0.34514125679268       -0.05842213015130        0.39905820503088
C            1.03490627366387        0.02194371586073       -0.19565181360296
O            1.30812688751937        0.43508947546089       -1.30210080150504
O            1.95502826899528       -0.42307015912245        0.65879277556079
C            3.31890069725814       -0.40174090466514        0.22936214574005
H           -3.36990584164831       -1.54311026467838       -0.40025096779289
H           -2.76783664547830       -1.32626860304240        1.24512758308468
H           -4.38231182461401       -0.77106254458499        0.81963811882858
H           -3.48665013338854        0.95459864603556       -0.65521100110086
H           -2.76137683297444        1.13454097380005        0.94062495225760
H           -1.13782269875224        1.39323404086022       -0.95788298222439
H           -1.44703937380091       -0.26933726450607       -1.43287696372868
H           -0.50938912557701       -1.09143868174692        0.70749555207297
H           -0.35101667896211        0.55671828374889        1.30137960275553
H            3.43935980237194       -1.02067568758667       -0.66054565849594
H            3.89304303039009       -0.79697553999512        1.06111862157066
H            3.62028656486510        0.61967227977503       -0.00599802926359
20
 energy: -27.118332405951 gnorm: 0.000358756501 xtb: 6.7.1 (edcfbbe)
C           -3.36244880378236       -0.87419567766995        0.45764789136927
C           -2.80673092858541        0.48891595665603        0.05970609275491
C           -1.42080288639410        0.40774866975928       -0.57917714355868
C           -0.34495203289071       -0.05607760821377        0.39923537300508
C            1.03537162821987        0.02648504626382       -0.19437278825894
O            1.31018027989418        0.44903778616506       -1.29686632232002
O            1.95423263886620       -0.42813853110622        0.65663327962397
C            3.31841417806433       -0.40481961305120        0.22861484355841
H           -3.36926586997243       -1.54496226630347       -0.39834692333887
H           -2.76743814454579       -1.32534505800577        1.24672129022638
H           -4.38214801721838       -0.77152972629845        0.82026624667231
H           -3.48721591136802        0.95233135207339       -0.65691891436271
H           -2.76184939958862        1.13493882364842        0.93855024158268
H           -1.13890312687234        1.39097229275189       -0.96166990475076
H           -1.44691964874761       -0.27315929451256       -1.43204789550929
H           -0.50724756442699       -1.08855964411067        0.71030815546499
H           -0.35254625142112        0.56143030982507        1.29999539340805
H            3.44025050128452       -1.02153697496636       -0.66266353839363
H            3.89204509034856       -0.80181483404228        1.05991732478298
H            3.61946643100771        0.61734812061935       -0.00396133996617
20
 energy: -27.118333282124 gnorm: 0.000323467440 xtb: 6.7.1 (edcfbbe)
C           -3.36147380188308       -0.87467204183400        0.45882882458566
C           -2.80712185370992        0.48818771484783        0.05830637127570
C           -1.42093941223176        0.40725071412906       -0.58001185671655
C           -0.34509451154356       -0.05440118805084        0.39936566140993
C            1.03553747333513        0.02983879228275       -0.19322136840563
O            1.31156328967749        0.46026266851693       -1.29227505693470
O            1.95333280185573       -0.43289304760089        0.65467014628062
C            3.31781968236011       -0.40751120184216        0.22787930125533
H           -3.36653629872682       -1.54743530653671       -0.39561638623083
H           -2.76680534875266       -1.32330980891764        1.24961755877274
H           -4.38171978230759       -0.77248717589875        0.82004984085704
H           -3.48785689918406        0.94950132625361       -0.65948408377437
H           -2.76326215802723        1.13605865653817        0.93588068263106
H           -1.13966936874575        1.39018561509785       -0.96367684901858
H           -1.44640614814248       -0.27476576148318       -1.43200792242617
H           -0.50619255430811       -1.08656245685862        0.71205451848869
H           -0.35401310716899        0.56454409633088        1.29920563182261
H            3.44097017682924       -1.02220646095796       -0.66458511908368
H            3.89114322668786       -0.80592825236520        1.05876060359554
H            3.61821675585792        0.61541224783050       -0.00216913639446
20
 energy: -27.118334662513 gnorm: 0.000360890678 xtb: 6.7.1 (edcfbbe)
C           -3.35928046740871       -0.87541854973024        0.46101173156644
C           -2.80794293762561        0.48716459997993        0.05567864480063
C           -1.42107494675756        0.40711570839940       -0.58121173644073
C           -0.34558791574787       -0.05208562548910        0.39960046691207
C            1.03564270004955        0.03469980359021       -0.19133881921396
O            1.31341658988994        0.47766990022064       -1.28498952975864
O            1.95167639189523       -0.44058788373623        0.65156512630507
C            3.31673734161123       -0.41182818518729        0.22667723680136
H           -3.36059548083993       -1.55212074880111       -0.39036711650014
H           -2.76508763324532       -1.31882032464902        1.25513799834984
H           -4.38059759041357       -0.77453790094826        0.81957773456721
H           -3.48917088497802        0.94402680795464       -0.66456611676620
H           -2.76652568073328        1.13867460498524        0.93074853320808
H           -1.14061341515656        1.38998486664643       -0.96569130815166
H           -1.44508550881786       -0.27586810364872       -1.43252203440388
H           -0.50522673444590       -1.08395986208392        0.71390552551142
H           -0.35654411657300        0.56840221423353        1.29848064024422
H            3.44191908033367       -1.02347240119229       -0.66754888997793
H            3.88956447977002       -0.81226121196171        1.05698200728828
H            3.61586889106506        0.61229142089949        0.00044126764847
20
 energy: -27.118334920923 gnorm: 0.000167157028 xtb: 6.7.1 (edcfbbe)
C           -3.35929522143280       -0.87531947205612        0.46111950726445
C           -2.80803581575185        0.48718524625278        0.05525054267758
C           -1.42089296158713        0.40709106314681       -0.58102503550833
C           -0.34563661039322       -0.05228673273114        0.40003383591081
C            1.03560888358491        0.03458767135804       -0.19096135672419
O            1.31321999129778        0.47830730741988       -1.28423574080100
O            1.95167467348237       -0.44074593758847        0.65151841746815
C            3.31673483865815       -0.41180247358452        0.22638943973747
H           -3.36031853497059       -1.55234734338251       -0.38997666167258
H           -2.76519682995761       -1.31827475910632        1.25554286465085
H           -4.38068710047683       -0.77441712211989        0.81942095975846
H           -3.48900111401927        0.94364590353919       -0.66545753724330
H           -2.76700204466652        1.13902808455674        0.93003310330145
H           -1.14020104849555        1.38996194598668       -0.96538555421288
H           -1.44459029292487       -0.27588973898692       -1.43236032562663
H           -0.50521296227800       -1.08430683340205        0.71382175136637
H           -0.35672855699626        0.56789685979426        1.29912487663083
H            3.44165804316687       -1.02317345175850       -0.66805234398347
H            3.88968740691092       -0.81245240139987        1.05645158993822
H            3.61570741872100        0.61238131354355        0.00031902905770
20
 energy: -27.118335129883 gnorm: 0.000162118380 xtb: 6.7.1 (edcfbbe)
C           -3.35923746316021       -0.87517172765376        0.46128423987307
C           -2.80812222928102        0.48720402591125        0.05468722070204
C           -1.42065017355409        0.40695831046273       -0.58081339757204
C           -0.34576304464757       -0.05264927083332        0.40059536757869
C            1.03562826550824        0.03505665885190       -0.19018158564598
O            1.31293245774332        0.47942235880486       -1.28328333320289
O            1.95170211245325       -0.44092094664681        0.65156537565389
C            3.31672481650734       -0.41188773416030        0.22595929402301
H           -3.35980619569347       -1.55279110305653       -0.38933387237884
H           -2.76527448314355       -1.31735173915876        1.25622070547388
H           -4.38075919517040       -0.77420659256958        0.81916529158334
H           -3.48875298555614        0.94288395830116       -0.66680044590815
H           -2.76776191556116        1.13971667717904        0.92897952906884
H           -1.13964101426048        1.38985986348360       -0.96489125454025
H           -1.44388713601088       -0.27591504993910       -1.43225855479446
H           -0.50515359808482       -1.08489174849778        0.71372119916829
H           -0.35730180762896        0.56710546056824        1.29994781390779
H            3.44118779096045       -1.02282630090944       -0.66883568911850
H            3.88989539801978       -0.81292607973625        1.05563651154625
H            3.61553256243188        0.61240010908049        0.00020694657197
20
 energy: -27.118335120681 gnorm: 0.000359749837 xtb: 6.7.1 (edcfbbe)
C           -3.35919890411991       -0.87505573022290        0.46140301698171
C           -2.80819248764588        0.48721951763880        0.05422483507174
C           -1.42044697279573        0.40683485928962       -0.58063400914050
C           -0.34586407013983       -0.05293593472859        0.40108174610682
C            1.03564976167889        0.03549179165629       -0.18951083514863
O            1.31268637766446        0.48028597136992       -1.28250667330117
O            1.95172391427662       -0.44101772308338        0.65161224838108
C            3.31671441227091       -0.41196152559389        0.22559372621162
H           -3.35941049570859       -1.55314858900386       -0.38883146658509
H           -2.76533877383493       -1.31660765951104        1.25674735046953
H           -4.38081889039976       -0.77402939978891        0.81895520864417
H           -3.48853695016271        0.94226962520177       -0.66790101331573
H           -2.76837997114138        1.14026660957556        0.92812204524340
H           -1.13917869706702        1.38976051469427       -0.96448801905954
H           -1.44328253834893       -0.27596571291671       -1.43215986945086
H           -0.50509138859456       -1.08535873183235        0.71367517968513
H           -0.35777270062038        0.56648519462593        1.30063438555209
H            3.44077664734032       -1.02255040637666       -0.66949189445578
H            3.89005728741333       -0.81331814304983        1.05495504869425
H            3.61539660180657        0.61240460153757        0.00009035140572
20
 energy: -27.118335258458 gnorm: 0.000193715770 xtb: 6.7.1 (edcfbbe)
C           -3.35914666725371       -0.87499947977325        0.46153233968189
C           -2.80820316611559        0.48721210427206        0.05416169850118
C           -1.42044314224465        0.40690396692294       -0.58064335736895
C           -0.34589277084702       -0.05304713047647        0.40097617604285
C            1.03561675377476        0.03521157882750       -0.18963172099304
O            1.31272611801000        0.48082032592765       -1.28236821787280
O            1.95175018906808       -0.44135957636510        0.65157416491744
C            3.31673637975550       -0.41194869445229        0.22562374584258
H           -3.35918286750822       -1.55326076572227       -0.38857582178401
H           -2.76538311651500       -1.31639614972304        1.25705272531047
H           -4.38084801703143       -0.77401701596851        0.81890089393304
H           -3.48858509479301        0.94208473050036       -0.66808225832348
H           -2.76851394953203        1.14046061140339        0.92794484893387
H           -1.13913410820977        1.38983365676269       -0.96442139432964
H           -1.44338740656196       -0.27578752442679       -1.43223716535363
H           -0.50515849083067       -1.08550763293636        0.71343079857911
H           -0.35785336873246        0.56619944422895        1.30065736344514
H            3.44088425556939       -1.02241631673910       -0.66952718074630
H            3.89015804454905       -0.81340159647509        1.05491641693629
H            3.61535258732024        0.61248459369435        0.00028730663794
20
 energy: -27.118335244597 gnorm: 0.000298390122 xtb: 6.7.1 (edcfbbe)
C           -3.35907791425367       -0.87492968448941        0.46170865670887
C           -2.80821886846060        0.48719658647655        0.05407004252322
C           -1.42044111972707        0.40697298826618       -0.58067151982075
C           -0.34592966249027       -0.05318668336995        0.40083579457925
C            1.03558167115559        0.03494674447393       -0.18974808264105
O            1.31278810367752        0.48154172574758       -1.28215873050563
O            1.95178159142665       -0.44178228730938        0.65152642936825
C            3.31675647962710       -0.41195418691802        0.22565317333392
H           -3.35887240529753       -1.55342655799021       -0.38822239179729
H           -2.76545198431156       -1.31610413578206        1.25747686705281
H           -4.38088753265219       -0.77399654326147        0.81882611945950
H           -3.48864653879631        0.94183767153395       -0.66832723837032
H           -2.76868401431761        1.14071095678201        0.92769878228226
H           -1.13908599066629        1.38991320563547       -0.96434680967948
H           -1.44351274157109       -0.27558069217594       -1.43235431797645
H           -0.50521404496959       -1.08570066013303        0.71311129918297
H           -0.35798018532021        0.56583751010464        1.30068173324548
H            3.44101238835285       -1.02222743145457       -0.66961121566686
H            3.89027084894639       -0.81356870107602        1.05484367760974
H            3.61530408151939        0.61256930442138        0.00057909310153
20
 energy: -27.118335365539 gnorm: 0.000108012110 xtb: 6.7.1 (edcfbbe)
C           -3.35903262800519       -0.87491360056870        0.46183527255372
C           -2.80824421459937        0.48717208034312        0.05395805015170
C           -1.42044778675581        0.40691894039135       -0.58075947860608
C           -0.34594371407996       -0.05323932194554        0.40077457092967
C            1.03559912078638        0.03533533271214       -0.18957051413348
O            1.31285777905443        0.48193359462536       -1.28187422906304
O            1.95175467225087       -0.44189556581095        0.65147478773983
C            3.31670753257321       -0.41205980505394        0.22561217391717
H           -3.35865831495239       -1.55358157697371       -0.38795547853857
H           -2.76550449812351       -1.31589276015727        1.25778201845866
H           -4.38089750053148       -0.77398362932773        0.81878609817347
H           -3.48866937770457        0.94171940931705       -0.66849415311027
H           -2.76874111354961        1.14079725911506        0.92749157572182
H           -1.13909916926016        1.38989643362533       -0.96436401638082
H           -1.44348932284041       -0.27559675554981       -1.43248482066180
H           -0.50511197524517       -1.08580856207320        0.71295432817614
H           -0.35809940897889        0.56570818855921        1.30067826857153
H            3.44102358503809       -1.02208385818169       -0.66981996560954
H            3.89021117673568       -0.81387265949422        1.05471159647819
H            3.61527732005936        0.61251598592976        0.00083527722164
20
 energy: -27.118335474007 gnorm: 0.000066030832 xtb: 6.7.1 (edcfbbe)
C           -3.35886180533904       -0.87485631559633        0.46212904562810
C           -2.80825484132752        0.48717169541349        0.05380569039567
C           -1.42047162023764        0.40685070411484       -0.58096723389987
C           -0.34601510384355       -0.05343307587802        0.40057131880339
C            1.03558266166325        0.03579890516560       -0.18945593802460
O            1.31310961840362        0.48316337895820       -1.28131012141901
O            1.95160132412982       -0.44241238488094        0.65123406527030
C            3.31657076776031       -0.41224584043890        0.22560049008113
H           -3.35802752767201       -1.55399348408623       -0.38729317410289
H           -2.76552367530485       -1.31524416388558        1.25853576452189
H           -4.38087093194498       -0.77396480236382        0.81867051544147
H           -3.48873547153196        0.94137287428421       -0.66879488260930
H           -2.76881368495267        1.14110812374639        0.92710312381057
H           -1.13909460633040        1.38988398462470       -0.96443277960573
H           -1.44350449853971       -0.27557760116125       -1.43277834235226
H           -0.50502179018640       -1.08611949319266        0.71245288215708
H           -0.35842358937957        0.56527093153525        1.30065113330077
H            3.44114041422240       -1.02167332079944       -0.67021245697296
H            3.88999505076321       -0.81452565524650        1.05452613772922
H            3.61511147151917        0.61249466916863        0.00153612383699
20
 energy: -27.118335613549 gnorm: 0.000143896975 xtb: 6.7.1 (edcfbbe)
C           -3.35859858696570       -0.87474314662199        0.46268088489435
C           -2.80832201669218        0.48716071910426        0.05347440425221
C           -1.42052677300424        0.40676651819583       -0.58127204846828
C           -0.34612687868865       -0.05375652629719        0.40022943962848
C            1.03557988327530        0.03641245932653       -0.18931982811544
O            1.31352410983732        0.48544385230757       -1.28035367663868
O            1.95136571887547       -0.44341150952459        0.65078922247082
C            3.31640953927534       -0.41255450101709        0.22559576192008
H           -3.35694675495954       -1.55460285848780       -0.38615615626729
H           -2.76557566823031       -1.31418526251218        1.25984584369185
H           -4.38087548597387       -0.77396850757021        0.81848695765989
H           -3.48890420465247        0.94082602859525       -0.66936313339773
H           -2.76895869779864        1.14159346000853        0.92639162427036
H           -1.13904097681767        1.38983880773245       -0.96456955949186
H           -1.44362861154284       -0.27552735726247       -1.43318828919706
H           -0.50486009531917       -1.08663953092108        0.71157588806806
H           -0.35893993404557        0.56452355695613        1.30060449187173
H            3.44140533341545       -1.02098894603385       -0.67084271727749
H            3.88968462338615       -0.81560356184458        1.05425196654728
H            3.61482763849730        0.61248543534807        0.00271028556869
20
 energy: -27.118335837239 gnorm: 0.000172840901 xtb: 6.7.1 (edcfbbe)
C           -3.35815786245268       -0.87453618682599        0.46355675307387
C           -2.80838424587765        0.48717003093885        0.05296707339359
C           -1.42060118653170        0.40658622050187       -0.58178107328068
C           -0.34634384814210       -0.05429640655280        0.39972276994434
C            1.03556554247276        0.03732306710282       -0.18908749912793
O            1.31411920477280        0.48957499844258       -1.27863088048334
O            1.95094080811462       -0.44518807672994        0.64997395046004
C            3.31617328456904       -0.41307027425670        0.22555366751493
H           -3.35516608225611       -1.55566659572851       -0.38426334236536
H           -2.76564140347379       -1.31233695239964        1.26199382526750
H           -4.38086403196248       -0.77393925237841        0.81817100090295
H           -3.48911510814342        0.93983137856970       -0.67034556495742
H           -2.76925162156230        1.14253072929940        0.92520334924226
H           -1.13891006803633        1.38968084236768       -0.96487954945780
H           -1.44380312569909       -0.27556443402613       -1.43381480902657
H           -0.50459385537643       -1.08751847110354        0.71013536062269
H           -0.35986032285164        0.56326438767720        1.30059504441689
H            3.44187226365839       -1.01982874314145       -0.67193036261931
H            3.88916855650029       -0.81742874001139        1.05376216471452
H            3.61434526414930        0.61248160773604        0.00466948375478
20
 energy: -27.118336184395 gnorm: 0.000137107233 xtb: 6.7.1 (edcfbbe)
C           -3.35738579853576       -0.87412532362131        0.46525296880341
C           -2.80856164515206        0.48712944089611        0.05184748981627
C           -1.42071497357168        0.40620481361452       -0.58267849673417
C           -0.34672052172816       -0.05525792734647        0.39884475440450
C            1.03561829601209        0.03909352264467       -0.18857257648278
O            1.31517677491421        0.49777519235014       -1.27523003069075
O            1.95018611749393       -0.44861471487530        0.64837927435022
C            3.31582091954872       -0.41407915048696        0.22542049511366
H           -3.35205466027871       -1.55754877977920       -0.38070570023109
H           -2.76571526561577       -1.30898182228657        1.26593606410838
H           -4.38084685931541       -0.77382565507407        0.81777366564654
H           -3.48955606178547        0.93795589151874       -0.67237718381897
H           -2.76984921941967        1.14422446020900        0.92279471916619
H           -1.13861613224286        1.38925895930091       -0.96558268231469
H           -1.44412119352120       -0.27580930806630       -1.43480610334111
H           -0.50405575887067       -1.08911023875549        0.70754171400949
H           -0.36166856423165        0.56096840174500        1.30062644148526
H            3.44276458942190       -1.01761242759651       -0.67406804386423
H            3.88825694844442       -0.82102264112957        1.05275415576970
H            3.61353517030529        0.61244643622026        0.00842043679410
20
 energy: -27.118336430672 gnorm: 0.000137360002 xtb: 6.7.1 (edcfbbe)
C           -3.35667922016779       -0.87371607528117        0.46686999412562
C           -2.80867989185820        0.48705094634684        0.05075561629074
C           -1.42080991230705        0.40567701109671       -0.58362561432033
C           -0.34709471141418       -0.05608481153308        0.39805931304663
C            1.03569598813616        0.04096030840172       -0.18796137184034
O            1.31613720785491        0.50630930684184       -1.27161310969393
O            1.94943830007399       -0.45203883460740        0.64673875148398
C            3.31550756165217       -0.41512363833767        0.22524815433896
H           -3.34943747852137       -1.55935456345579       -0.37728042336004
H           -2.76565614387179       -1.30581136937417        1.26951988012546
H           -4.38073855274948       -0.77360417222017        0.81769641358013
H           -3.48989390778047        0.93601304760008       -0.67442779362735
H           -2.77043628134973        1.14595139204730        0.92038214040566
H           -1.13835131550593        1.38861862418090       -0.96653860297906
H           -1.44438783903785       -0.27637583393562       -1.43571846942938
H           -0.50341366936228       -1.09053588239194        0.70518140913930
H           -0.36352166130779        0.55892694362592        1.30066780807980
H            3.44360038274941       -1.01527631395489       -0.67632924337627
H            3.88734952496889       -0.82488104009173        1.05161301044559
H            3.61286378166988        0.61236408452396        0.01233349955479
20
 energy: -27.118336609269 gnorm: 0.000128590688 xtb: 6.7.1 (edcfbbe)
C           -3.35626729458525       -0.87343267648291        0.46799564910424
C           -2.80879021048517        0.48692812946251        0.04988458034185
C           -1.42086521171710        0.40514567344733       -0.58430141489955
C           -0.34731158177757       -0.05654392081585        0.39758352145074
C            1.03581818154004        0.04248675077145       -0.18741614240535
O            1.31686499990348        0.51283312497111       -1.26876194344066
O            1.94893076557778       -0.45452134766311        0.64549472378071
C            3.31531924955872       -0.41593918502460        0.22507187047835
H           -3.34814833831260       -1.56048936859622       -0.37497994022957
H           -2.76545584125614       -1.30381200643172        1.27171363848569
H           -4.38058656922660       -0.77331284417351        0.81805416204327
H           -3.49013954415084        0.93461536930438       -0.67596754126807
H           -2.77081643261010        1.14710228939106        0.91855762683632
H           -1.13818050925438        1.38791438124057       -0.96748972622835
H           -1.44453970166415       -0.27717186268473       -1.43617569769529
H           -0.50279556431978       -1.09136208439810        0.70382602214329
H           -0.36491115487794        0.55781521027013        1.30062670704588
H            3.44416934194333       -1.01343411754349       -0.67814534575070
H            3.88668349332687       -0.82799965788258        1.05062049918942
H            3.61251408425890        0.61224727231989        0.01538011300772
20
 energy: -27.118336928155 gnorm: 0.000147938287 xtb: 6.7.1 (edcfbbe)
C           -3.35589341406192       -0.87308747445295        0.46941788431497
C           -2.80888927467083        0.48664589775521        0.04868282625849
C           -1.42092278285851        0.40411489661667       -0.58530422239817
C           -0.34753370651279       -0.05686725321768        0.39709218968559
C            1.03604452422671        0.04488314984066       -0.18653269618724
O            1.31791970869073        0.52224565854953       -1.26457661488984
O            1.94826073656457       -0.45792270781991        0.64373260200405
C            3.31508485260100       -0.41715089505430        0.22477685199099
H           -3.34744113203315       -1.56178084572890       -0.37219650885817
H           -2.76496674165306       -1.30164223476724        1.27400604240922
H           -4.38027823661894       -0.77269874573443        0.81920018259686
H           -3.49035546509657        0.93275148692854       -0.67803742988669
H           -2.77117127822726        1.14849662257966        0.91609381290068
H           -1.13802289097221        1.38650409259471       -0.96930642526389
H           -1.44471384584309       -0.27894915337684       -1.43658165094651
H           -0.50168322993346       -1.09206239406161        0.70263088152224
H           -0.36679836265664        0.55703590316899        1.30044179760216
H            3.44485486722306       -1.01062255501655       -0.68094144999542
H            3.88572918931648       -0.83283210418600        1.04901361087026
H            3.61226864438738        0.61200778486405        0.01995967826037
20
 energy: -27.118337645388 gnorm: 0.000293502957 xtb: 6.7.1 (edcfbbe)
C           -3.35550952626573       -0.87250614581564        0.47184505568702
C           -2.80907296520280        0.48596830948590        0.04637449140161
C           -1.42101585038951        0.40170294892312       -0.58718458539458
C           -0.34778711189220       -0.05701874241126        0.39645052801166
C            1.03658826420018        0.04983816962057       -0.18463001084161
O            1.32010362670461        0.54064770381269       -1.25625369882269
O            1.94709756484281       -0.46440620204614        0.64035358270213
C            3.31468489827590       -0.41958734535027        0.22409310830158
H           -3.34769447008747       -1.56385529001117       -0.36758222899177
H           -2.76377497276866       -1.29838797761051        1.27724071272968
H           -4.37959903630405       -0.77117154819948        0.82222088217457
H           -3.49067472123059        0.92932614039803       -0.68191498490008
H           -2.77163955577265        1.15085884212715        0.91148161385410
H           -1.13784298045197        1.38311745829943       -0.97348867754084
H           -1.44492656648656       -0.28345224390176       -1.43678180708760
H           -0.49916159270623       -1.09267604851981        0.70161422071502
H           -0.37031962129616        0.55684729919743        1.29981684688506
H            3.44598191568564       -1.00477028726691       -0.68681147182588
H            3.88393727857508       -0.84286720916775        1.04546706256456
H            3.61211758444186        0.61146129791798        0.02926072236800
20
 energy: -27.118338383956 gnorm: 0.000446721622 xtb: 6.7.1 (edcfbbe)
C           -3.35526688419528       -0.87196317490232        0.47397152322948
C           -2.80919335548942        0.48524756331887        0.04406223145267
C           -1.42101820973013        0.39907827941400       -0.58895851850376
C           -0.34799071071978       -0.05686510448406        0.39622347461452
C            1.03706429697558        0.05469746827820       -0.18250010226508
O            1.32222252127994        0.55854753408744       -1.24771222980078
O            1.94599449597305       -0.47092399333767        0.63702930274860
C            3.31422460971556       -0.42200858712018        0.22323879042817
H           -3.34873854485115       -1.56557979875453       -0.36360266714512
H           -2.76235514520324       -1.29572163486049        1.27962873942165
H           -4.37884366163205       -0.76953925843353        0.82555825391871
H           -3.49077712667281        0.92604072750226       -0.68581608822993
H           -2.77207903079895        1.15302662774340        0.90697211523450
H           -1.13756364776334        1.37937357122999       -0.97791407029202
H           -1.44496694628198       -0.28851058950970       -1.43659522094970
H           -0.49661653269067       -1.09273856806049        0.70181911030503
H           -0.37364927932089        0.55765546617210        1.29913642909769
H            3.44688873696845       -0.99861577210175       -0.69296875217102
H            3.88229697913276       -0.85302675893102        1.04144384530677
H            3.61185959717583        0.61089513223107        0.03855519558957
20
 energy: -27.118339316003 gnorm: 0.000296936906 xtb: 6.7.1 (edcfbbe)
C           -3.35560194972166       -0.87162947608403        0.47530446362285
C           -2.80926875077527        0.48433682809896        0.04193579080755
C           -1.42090095752092        0.39612949322080       -0.59035608349772
C           -0.34791069229450       -0.05583877563558        0.39675614270476
C            1.03763829788901        0.05936590956406       -0.18010373943490
O            1.32419674511776        0.57446326583683       -1.23942442560520
O            1.94526229579807       -0.47652065185476        0.63407526363148
C            3.31391433400543       -0.42429726627483        0.22213601983803
H           -3.35205042289450       -1.56648212884420       -0.36125073819477
H           -2.76083287575252       -1.29476220646471        1.27989472755726
H           -4.37810739066311       -0.76765341392903        0.82956368477231
H           -3.49060096808685        0.92321299046964       -0.68932353195529
H           -2.77232038864623        1.15446278955893        0.90302425112899
H           -1.13737316053475        1.37504866842785       -0.98272867169476
H           -1.44460545270498       -0.29458871716626       -1.43545723068588
H           -0.49389453875966       -1.09143496265634        0.70433201037039
H           -0.37640940122742        0.56065326658879        1.29830729784343
H            3.44724411844255       -0.99249115463149       -0.69918591873071
H            3.88106874788215       -0.86303877792748        1.03685410778527
H            3.61204457231889        0.61013344918445        0.04721794172682
20
 energy: -27.118340001449 gnorm: 0.000302433808 xtb: 6.7.1 (edcfbbe)
C           -3.35600276528416       -0.87147203492154        0.47653925336870
C           -2.80926249953069        0.48338209956181        0.04009799097164
C           -1.42077916547685        0.39347146302644       -0.59171082355476
C           -0.34777500651448       -0.05467012705491        0.39723624332674
C            1.03815693930154        0.06367415689775       -0.17799822057710
O            1.32633669987186        0.58869262552532       -1.23205999508139
O            1.94458144442317       -0.48158867421162        0.63143265519529
C            3.31355374820231       -0.42643669883368        0.22110121005132
H           -3.35466940659564       -1.56755083590342       -0.35904000127960
H           -2.76011584779752       -1.29404288829922        1.28063623931814
H           -4.37775404623894       -0.76600138922660        0.83252018490820
H           -3.49037744587013        0.92074789710796       -0.69226283207567
H           -2.77230785889709        1.15548586533437        0.89963721093594
H           -1.13738699678299        1.37121771071658       -0.98709850533827
H           -1.44419988859270       -0.30002762705225       -1.43454979832541
H           -0.49151374206114       -1.08991158507562        0.70689968830279
H           -0.37865373890111        0.56388140254660        1.29739892717811
H            3.44755440272318       -0.98701355280049       -0.70481125253458
H            3.87990014713745       -0.87208644089255        1.03260889996077
H            3.61220718875543        0.60931776303665        0.05499428723908
20
 energy: -27.118340605953 gnorm: 0.000128070412 xtb: 6.7.1 (edcfbbe)
C           -3.35692531671699       -0.87155924821901        0.47710479411290
C           -2.80925987075369        0.48216483051923        0.03839921353194
C           -1.42058815741275        0.39040832697178       -0.59275887112349
C           -0.34732529253691       -0.05244920324415        0.39838255337825
C            1.03881885154366        0.06821621717341       -0.17560940980495
O            1.32850484468948        0.60213896983125       -1.22456115739811
O            1.94418992076187       -0.48608739787550        0.62886080399453
C            3.31333926446289       -0.42870267703842        0.21976344798964
H           -3.35862016319879       -1.56829118420600       -0.35793673449292
H           -2.75974048896511       -1.29443266983854        1.28007805437178
H           -4.37767947706751       -0.76422408379475        0.83540080982058
H           -3.49003574330951        0.91844070645654       -0.69491728266854
H           -2.77218400022064        1.15582185690950        0.89670330547706
H           -1.13774096902448        1.36666526920026       -0.99221834680595
H           -1.44337955383899       -0.30680129808663       -1.43254336186887
H           -0.48871347559635       -1.08680059337386        0.71188709497917
H           -0.38045258947074        0.56964535290119        1.29609727330082
H            3.44727732827529       -0.98125761818330       -0.71089674561194
H            3.87894150891470       -0.88193594179021        1.02754147715976
H            3.61306554133607        0.60810951516882        0.06279444364826
20
 energy: -27.118340874905 gnorm: 0.000495568362 xtb: 6.7.1 (edcfbbe)
C           -3.35707198780586       -0.87147760987311        0.47828924958999
C           -2.80935744180971        0.48132721868956        0.03671211742729
C           -1.42051516912597        0.38815952294120       -0.59386999874685
C           -0.34724067858451       -0.05124974823112        0.39884973442005
C            1.03925896546757        0.07218902331860       -0.17372048409257
O            1.33035679910686        0.61530097552411       -1.21784887182869
O            1.94350829980397       -0.49074123891981        0.62634976713334
C            3.31298017485913       -0.43084582872180        0.21871236795105
H           -3.35911632570477       -1.56989430896651       -0.35534929755440
H           -2.75966821736011       -1.29281237072125        1.28191141094001
H           -4.37769675227929       -0.76328162686156        0.83666625871366
H           -3.48997204144060        0.91593358711696       -0.69776140059684
H           -2.77251122125900        1.15692053404140        0.89353119765824
H           -1.13780924835051        1.36335111185201       -0.99603437109423
H           -1.44294270365953       -0.31153963781129       -1.43159609635887
H           -0.48663167815772       -1.08523251315972        0.71426918273604
H           -0.38253577521131        0.57272456679992        1.29524742114321
H            3.44741052725423       -0.97640372910409       -0.71615377290635
H            3.87776535511787       -0.89048614891385        1.02353683389937
H            3.61328128101074        0.60712735048194        0.06983011355647
20
 energy: -27.118341154514 gnorm: 0.000270161443 xtb: 6.7.1 (edcfbbe)
C           -3.35702059654665       -0.87167672366360        0.47836031907543
C           -2.80937668173028        0.48105893955830        0.03641534780046
C           -1.42045984860047        0.38783224512270       -0.59397347238627
C           -0.34721180672839       -0.05044431887646        0.39927313273388
C            1.03930888049755        0.07299056684576       -0.17329462128507
O            1.33054544988098        0.61710056982853       -1.21676118882145
O            1.94335696719741       -0.49112284885673        0.62597796807016
C            3.31285176404822       -0.43138705311278        0.21835422538147
H           -3.35840084118638       -1.57045517662067       -0.35496318104746
H           -2.75999026825365       -1.29250748887701        1.28253101274897
H           -4.37788616341538       -0.76358452519540        0.83605626742493
H           -3.48988912872807        0.91542116808004       -0.69828534009258
H           -2.77271860495080        1.15691054960165        0.89303179261448
H           -1.13794234434911        1.36277029546628       -0.99682331481784
H           -1.44265090763827       -0.31250246193891       -1.43114904073781
H           -0.48633209590156       -1.08416220304834        0.71560439158803
H           -0.38278521292982        0.57437129525947        1.29507051764116
H            3.44696344629528       -0.97571159180618       -0.71715836535679
H            3.87743422228298       -0.89235568089370        1.02244204630364
H            3.61369593262790        0.60652357260866        0.07086286515258
20
 energy: -27.118341825437 gnorm: 0.000136275658 xtb: 6.7.1 (edcfbbe)
C           -3.35661107611116       -0.87207262178374        0.47929179747947
C           -2.80965193369678        0.48008876782379        0.03467120491572
C           -1.42029341836031        0.38628289482610       -0.59460854093228
C           -0.34717735765249       -0.04799178342050        0.40055271536006
C            1.03960298381127        0.07667181199423       -0.17130219681341
O            1.33168876693341        0.62796272569537       -1.21062757332797
O            1.94257557865649       -0.49470658449797        0.62362469459979
C            3.31234290430634       -0.43385344238026        0.21684525601241
H           -3.35468691826542       -1.57335505493497       -0.35193588851381
H           -2.76114672594571       -1.28959438310199        1.28637567218039
H           -4.37862133918158       -0.76437441220408        0.83381945722265
H           -3.48996803620235        0.91238984276868       -0.70142302559605
H           -2.77401359022892        1.15786136392235        0.88980913677029
H           -1.13831035182393        1.36019501782002       -1.00021604452036
H           -1.44155054646305       -0.31664178394842       -1.42959645012172
H           -0.48477778160588       -1.08097163933335        0.71976554040747
H           -0.38446723309981        0.57957384833620        1.29437078827336
H            3.44585027473408       -0.97137842805149       -0.72253901460922
H            3.87598648286027       -0.90160321744887        1.01754196673503
H            3.61472147920702        0.60458620740049        0.07715186646809
20
 energy: -27.118342336837 gnorm: 0.000121679197 xtb: 6.7.1 (edcfbbe)
C           -3.35599900205621       -0.87240496013109        0.48037983850587
C           -2.81005583328605        0.47916588730066        0.03275873133420
C           -1.42014250368915        0.38501229968309       -0.59521868620254
C           -0.34719779817748       -0.04571829964344        0.40171893581426
C            1.03985448219827        0.08022843281774       -0.16931340824386
O            1.33275873239072        0.63868978548332       -1.20457684228355
O            1.94181613245048       -0.49835085226515        0.62141614272389
C            3.31180505067620       -0.43635788888248        0.21541988289675
H           -3.35084787469447       -1.57636712708434       -0.34856182449481
H           -2.76187346099087       -1.28638357299576        1.29024776483051
H           -4.37908392459002       -0.76528009805447        0.83200062033995
H           -3.49023167565028        0.90893840099509       -0.70495995130569
H           -2.77573975747070        1.15914637810589        0.88619579173258
H           -1.13867338519850        1.35809658861121       -1.00323171471396
H           -1.44027946736338       -0.32024535832575       -1.42831120026087
H           -0.48343026375749       -1.07809134342990        0.72336627664956
H           -0.38609498374598        0.58418248741122        1.29388162279457
H            3.44472742906706       -0.96712864432508       -0.72794619275946
H            3.87464590164379       -0.91080952507282        1.01283549477629
H            3.61553436411553        0.60274653928367        0.08347007985622
20
 energy: -27.118342426962 gnorm: 0.000081512105 xtb: 6.7.1 (edcfbbe)
C           -3.35576731882572       -0.87248267849858        0.48048149343091
C           -2.81018112146216        0.47909768136898        0.03255211854932
C           -1.42014521692982        0.38518434827988       -0.59520456713335
C           -0.34723363015710       -0.04556189991000        0.40175728344986
C            1.03985350076463        0.08047353987510       -0.16917122148992
O            1.33280419855633        0.63877574492788       -1.20453349375996
O            1.94175347242124       -0.49829571371208        0.62154534269634
C            3.31169942491691       -0.43654347541904        0.21539873582104
H           -3.35056982928979       -1.57664354474952       -0.34827525174160
H           -2.76147090396799       -1.28610860737062        1.29037298701834
H           -4.37881891065251       -0.76547682577670        0.83221576823422
H           -3.49038782555078        0.90838955751170       -0.70540021036194
H           -2.77620563488064        1.15936290126043        0.88576411254445
H           -1.13878918284802        1.35838276304038       -1.00304524239450
H           -1.43999519209290       -0.31996365188533       -1.42840968991376
H           -0.48351502695946       -1.07794319739977        0.72338899681857
H           -0.38616715757407        0.58431024673066        1.29393515877693
H            3.44444849113057       -0.96714975472698       -0.72809652780222
H            3.87452849366545       -0.91126181536583        1.01265758405116
H            3.61565153160730        0.60252351130103        0.08363798519603
