17
 energy: -21.968049332558 gnorm: 0.032540587007 xtb: 6.7.1 (edcfbbe)
C            2.37183041467733       -1.30637420511602       -0.11480070985374
C            2.18023897115113        0.02040019015900        0.61753403880876
C            1.48266424917421        1.07828384632198       -0.23550412606144
C            0.03452202343346        0.88604023713371       -0.50280671862253
C           -0.78976014237217       -0.01405903860253        0.06717443960680
C           -2.18731866759547       -0.02752951225298       -0.29788463467623
O           -3.02332690818230       -0.80329053674449        0.17167571401285
H            1.41750691263849       -1.74159755244961       -0.42752746566257
H            2.98289257666552       -1.16466107200764       -1.01304816433952
H            2.87850150347537       -2.03749976381920        0.52300919595723
H            3.16032580356328        0.41234487435834        0.91053529680438
H            1.62044998602173       -0.13493093130595        1.54759155822025
H            1.99435610519577        1.18464986338617       -1.20338731744396
H            1.57915642239740        2.07200663810721        0.23041182451512
H           -0.40254799533028        1.57489633582939       -1.22801993946570
H           -0.45223562241259       -0.74138339096119        0.80111773307788
H           -2.49238260367630        0.72484291303516       -1.05356610299031
17
 energy: -21.968959660837 gnorm: 0.010868366818 xtb: 6.7.1 (edcfbbe)
C            2.36756535297055       -1.29802783971953       -0.11786166322535
C            2.17923020732826        0.02206965251181        0.61911630574404
C            1.48511104952169        1.07582665150405       -0.23883583569543
C            0.03910107999866        0.88257532637196       -0.50391608298508
C           -0.78927063172423       -0.00971761941071        0.06141946395486
C           -2.18610747604702       -0.03609003199274       -0.29334713177152
O           -3.01641990575833       -0.80288223527129        0.17314497295767
H            1.41252876781990       -1.72040421970940       -0.42654080816709
H            2.97787787145201       -1.15493130835455       -1.00928951564859
H            2.86883165916924       -2.02231722452133        0.52264238042556
H            3.16163578944421        0.40529569771825        0.90656574227098
H            1.61385730194796       -0.13862446068864        1.54023367226361
H            1.99955792068943        1.16591223009146       -1.20283602575156
H            1.58375492325870        2.05976331448999        0.23834134798241
H           -0.38742910923224        1.57338617713316       -1.22466089362090
H           -0.46042101923932       -0.73052628935224        0.79524932698162
H           -2.49453075277486        0.71083107427113       -1.04692063382794
17
 energy: -21.969060297239 gnorm: 0.002386322986 xtb: 6.7.1 (edcfbbe)
C            2.36374208084600       -1.29675091501245       -0.11939181964448
C            2.17868831651510        0.02279571906378        0.62086328399869
C            1.48787305288520        1.07867208037840       -0.23887949753767
C            0.04216473824938        0.88469886302243       -0.50368043357725
C           -0.78748880495265       -0.00426352367155        0.06001129684292
C           -2.18599558345510       -0.04121499878141       -0.28823437036094
O           -3.01147460430767       -0.80842343031564        0.17614847596128
H            1.40765995236580       -1.71014193885327       -0.42966104952888
H            2.97472612636316       -1.15117903996341       -1.00716925523936
H            2.86037609049155       -2.02246091386511        0.51975141833145
H            3.16079293178275        0.40278872469211        0.90862336113380
H            1.60983226856949       -0.13927425877191        1.53720621630582
H            2.00250586709563        1.15855986133532       -1.20118679574641
H            1.58736278529536        2.05942075618480        0.23950091575985
H           -0.37750647790572        1.57287898929740       -1.22828274022098
H           -0.46147555605762       -0.72395871510668        0.79390259148811
H           -2.49691015495605        0.69999163543856       -1.04701697607869
17
 energy: -21.969069726320 gnorm: 0.001708446642 xtb: 6.7.1 (edcfbbe)
C            2.36121097109462       -1.29619043030571       -0.12068518966782
C            2.17816314893006        0.02285497336143        0.62252585766709
C            1.48961266274875        1.08000810204823       -0.23886604478508
C            0.04362463351362        0.88596104178816       -0.50500394848798
C           -0.78589135250914       -0.00166332433819        0.05966506944414
C           -2.18420417677392       -0.04791171420626       -0.29072214264343
O           -3.00817548604057       -0.81226843270116        0.18002087058794
H            1.40412285299423       -1.70495179265739       -0.43346869186475
H            2.97431273841577       -1.14984091212327       -1.00674340208632
H            2.85405530945801       -2.02462468282702        0.51797593025232
H            3.16021013590190        0.40105099229083        0.91182146013039
H            1.60732196547042       -0.13951141519241        1.53718855829152
H            2.00474468321367        1.15693595591396       -1.20050240750569
H            1.58954470346601        2.06023842458039        0.23903095932985
H           -0.37408108949900        1.57363872703792       -1.23138471714463
H           -0.46071556234351       -0.71768771205119        0.79826754080546
H           -2.49898310921633        0.69610109445306       -1.04661508043571
17
 energy: -21.969078003151 gnorm: 0.002271956001 xtb: 6.7.1 (edcfbbe)
C            2.35747442832966       -1.29552839255031       -0.12247862227307
C            2.17702331117557        0.02272227314097        0.62453045327528
C            1.49179274538784        1.08197315903216       -0.23846815771590
C            0.04518328125510        0.88841673716710       -0.50668005362497
C           -0.78373060946274        0.00245106946411        0.06057379927716
C           -2.18360564276711       -0.04870058382451       -0.28562717614326
O           -3.00243276665873       -0.81897240173179        0.18494167458794
H            1.39909246255966       -1.69809934716490       -0.44019080249382
H            2.97486353997146       -1.14865389271606       -1.00588553082930
H            2.84411718213128       -2.02875998049096        0.51580609613675
H            3.15916699367443        0.39829263197764        0.91651282300619
H            1.60373798335303       -0.13981999385939        1.53756749454931
H            2.00754682244957        1.15614626402636       -1.19962496008919
H            1.59312892644733        2.06221526904024        0.23826542737394
H           -0.37068730736009        1.57494031380630       -1.23599813584916
H           -0.45783965895885       -0.71124398379711        0.80260472886795
H           -2.49995866270283        0.68475975355149       -1.05334443616858
17
 energy: -21.969083326755 gnorm: 0.001104546606 xtb: 6.7.1 (edcfbbe)
C            2.35689634647493       -1.29557148512642       -0.12247434860654
C            2.17658920170155        0.02263025196446        0.62389509519063
C            1.49163281333722        1.08228635972287       -0.23813022970795
C            0.04501149266963        0.88909261897716       -0.50620114790451
C           -0.78362514222393        0.00296775841476        0.06173212568371
C           -2.18260861979770       -0.04938726416723       -0.28668788285193
O           -3.00119903410620       -0.81929861708601        0.18526396243685
H            1.39874379038379       -1.69769604049798       -0.44169824012588
H            2.97550956093281       -1.14926707173597       -1.00518864484338
H            2.84227244305472       -2.02963458109921        0.51599772819027
H            3.15889230664169        0.39789750641323        0.91613895479669
H            1.60356108237477       -0.13975911450627        1.53728518802209
H            2.00761620051655        1.15724964967503       -1.19942549556627
H            1.59324750903328        2.06281598156183        0.23866674140040
H           -0.37093739880180        1.57387610572107       -1.23707765099526
H           -0.45717318544459       -0.71014113091999        0.80385216833024
H           -2.49955633792211        0.68407796776000       -1.05344370156189
17
 energy: -21.969086844322 gnorm: 0.000760223939 xtb: 6.7.1 (edcfbbe)
C            2.35440541085635       -1.29500584706595       -0.12339589879401
C            2.17571414971842        0.02254502005206        0.62320918240038
C            1.49193789721537        1.08303030139777       -0.23753253039213
C            0.04570722816823        0.88963437455065       -0.50679102170468
C           -0.78266560828942        0.00445628468003        0.06368279298431
C           -2.18006897553761       -0.05196499618603       -0.28829593996017
O           -2.99755454137277       -0.82078437014772        0.18762729234643
H            1.39648148213620       -1.69387164738991       -0.44750258858004
H            2.97739910366310       -1.15045496563799       -1.00329470840873
H            2.83438152367401       -2.03175560228164        0.51607859725920
H            3.15851308230667        0.39643057769757        0.91602692164366
H            1.60285765834645       -0.13963812334991        1.53693024548632
H            2.00883488972866        1.15980793412773       -1.19857882946853
H            1.59355328013186        2.06342878064407        0.24038590306549
H           -0.37024515090291        1.57172894987768       -1.23974361289036
H           -0.45579439973099       -0.70454572227167        0.80893997997235
H           -2.49858400128703        0.67909794637461       -1.05524116307222
17
 energy: -21.969088559580 gnorm: 0.000385389688 xtb: 6.7.1 (edcfbbe)
C            2.35330248360400       -1.29482919758265       -0.12399391082391
C            2.17578186063319        0.02262863438085        0.62331771856892
C            1.49230135719270        1.08368165948434       -0.23719302435668
C            0.04620528253058        0.88993308244723       -0.50694606948385
C           -0.78224532493307        0.00548629003728        0.06443222833289
C           -2.17962337739695       -0.05265642345316       -0.28759924838719
O           -2.99655931993354       -0.82177134038829        0.18877202591459
H            1.39502367808425       -1.69118832811928       -0.45002970130309
H            2.97813587358239       -1.15077371069801       -1.00261318582355
H            2.83049060973340       -2.03298567433662        0.51586709208727
H            3.15887385680128        0.39573509360418        0.91595121667409
H            1.60298371350624       -0.13949991037139        1.53700171464808
H            2.00951880847011        1.16076315087964       -1.19791425348231
H            1.59347398456696        2.06365600448194        0.24138453722955
H           -0.36915909403790        1.57038315498755       -1.24173242119032
H           -0.45539023775384       -0.70241203937483        0.81072808896620
H           -2.49824112582522        0.67598844909258       -1.05692818568340
17
 energy: -21.969090271512 gnorm: 0.000233711158 xtb: 6.7.1 (edcfbbe)
C            2.35110672717010       -1.29445661152342       -0.12529264652721
C            2.17625364256657        0.02286110592836        0.62333270860489
C            1.49281059725033        1.08480305045832       -0.23644006731296
C            0.04731367183009        0.88912906110572       -0.50817996786823
C           -0.78139968674385        0.00660177158182        0.06576431898685
C           -2.17854456300299       -0.05403635912765       -0.28680996602296
O           -2.99519279611865       -0.82244330967766        0.19132612885623
H            1.39224597110296       -1.68576274065750       -0.45567776877472
H            2.98014522453357       -1.15189460759796       -1.00112880169274
H            2.82219329365466       -2.03561050945701        0.51554900170714
H            3.16002070899049        0.39474595269759        0.91506766868272
H            1.60412517578385       -0.13909255751886        1.53741334142397
H            2.01114450288603        1.16410698903841       -1.19622401989998
H            1.59205981232965        2.06381052761960        0.24431096690064
H           -0.36763846064233        1.56708905549081       -1.24549624310013
H           -0.45496042900968       -0.69767621166461        0.81584310228735
H           -2.49681036375619        0.66996428837539       -1.06085313436359
17
 energy: -21.969090757222 gnorm: 0.000154568179 xtb: 6.7.1 (edcfbbe)
C            2.35006931810935       -1.29426626971578       -0.12593791901992
C            2.17665264244652        0.02297389398567        0.62314883216943
C            1.49289953464536        1.08536941957869       -0.23583524726221
C            0.04763735213798        0.88880817198750       -0.50821721016054
C           -0.78121493558087        0.00726586754611        0.06702860696247
C           -2.17794821891144       -0.05485545439070       -0.28689588462275
O           -2.99490555967632       -0.82220159243432        0.19235452642022
H            1.39091173538899       -1.68316922015510       -0.45818982063520
H            2.98095894893875       -1.15259692751997       -1.00055917225263
H            2.81833443489865       -2.03681793940669        0.51529420079240
H            3.16089850240591        0.39430359434301        0.91393450879175
H            1.60534689417841       -0.13881610953276        1.53776275800917
H            2.01183120583894        1.16628676184802       -1.19514974925174
H            1.59090696736093        2.06382940332309        0.24629610764562
H           -0.36683331790443        1.56431310577386       -1.24811819917824
H           -0.45499828694642       -0.69556984656062        0.81849726045491
H           -2.49567418850570        0.66728203640134       -1.06290897697545
17
 energy: -21.969091008137 gnorm: 0.000083140581 xtb: 6.7.1 (edcfbbe)
C            2.34980568269315       -1.29423540855946       -0.12620844213966
C            2.17706845330268        0.02301695691649        0.62293594141230
C            1.49279431508434        1.08554408058135       -0.23543435950889
C            0.04779342625037        0.88801378499000       -0.50851286021891
C           -0.78125435459893        0.00715797237821        0.06750791551509
C           -2.17778970775919       -0.05510254768282       -0.28721552211589
O           -2.99543781880826       -0.82119622340506        0.19278288660921
H            1.39049786633588       -1.68247334285720       -0.45868812230610
H            2.98091045192480       -1.15286768966741       -1.00068765097270
H            2.81748486037587       -2.03716780165253        0.51495964711396
H            3.16155708418103        0.39430669881217        0.91297720072816
H            1.60645394846587       -0.13875546011293        1.53799010498739
H            2.01212175543133        1.16779681481666       -1.19440982471431
H            1.58968232490989        2.06366253545738        0.24770345317412
H           -0.36659004661856        1.56269006735058       -1.24917252109791
H           -0.45552510166440       -0.69450438106249        0.82027779081766
H           -2.49470011068127        0.66625283876840       -1.06430101539622
17
 energy: -21.969091158828 gnorm: 0.000056562710 xtb: 6.7.1 (edcfbbe)
C            2.34977130510960       -1.29417122828177       -0.12644225281011
C            2.17739022533113        0.02299156011019        0.62290137105693
C            1.49268261018409        1.08551706033462       -0.23508709592971
C            0.04784273000413        0.88737075252517       -0.50868427251854
C           -0.78141474470709        0.00706019633062        0.06788278689448
C           -2.17780638174982       -0.05509521860889       -0.28755333206533
O           -2.99612227422871       -0.82007503410940        0.19305447619494
H            1.39029861980899       -1.68265738527046       -0.45821351516983
H            2.98024588895340       -1.15274595629333       -1.00140328485800
H            2.81807206069115       -2.03700095785601        0.51441302491814
H            3.16202144867578        0.39437532138780        0.91241123598624
H            1.60729073445243       -0.13884696267453        1.53829561240245
H            2.01229389515663        1.16885241757767       -1.19382642961998
H            1.58874925123698        2.06337444566601        0.24880740150016
H           -0.36638381397311        1.56136548573512       -1.25006744700268
H           -0.45612913369866       -0.69386141352284        0.82153928053384
H           -2.49392939242234        0.66568581202138       -1.06552293762572
17
 energy: -21.969091292476 gnorm: 0.000080790747 xtb: 6.7.1 (edcfbbe)
C            2.34979853756919       -1.29418417775891       -0.12660877477122
C            2.17755954745371        0.02289489818101        0.62286656383662
C            1.49260111638429        1.08558283530227       -0.23471275951571
C            0.04792427641416        0.88692118993535       -0.50888104770497
C           -0.78156305090273        0.00715341164829        0.06816651407438
C           -2.17783898038695       -0.05506031732879       -0.28783728657153
O           -2.99664611507683       -0.81908452157745        0.19340912827171
H            1.39012097123022       -1.68323481933593       -0.45716820424205
H            2.97905259845793       -1.15234415759505       -1.00238739292406
H            2.81938752412793       -2.03677639672740        0.51361810333313
H            3.16226431030933        0.39429549587236        0.91211493106956
H            1.60777427449448       -0.13912658875454        1.53842123639336
H            2.01251551963095        1.16970720671992       -1.19320889128205
H            1.58800200459398        2.06320979747038        0.24980996262618
H           -0.36603319712253        1.56025131358539       -1.25101497635587
H           -0.45670473669305       -0.69302787631044        0.82269728209235
H           -2.49334157165949        0.66496160174490       -1.06677976644255
17
 energy: -21.969091441211 gnorm: 0.000081947119 xtb: 6.7.1 (edcfbbe)
C            2.34971997261577       -1.29412876437091       -0.12692980111059
C            2.17769376196310        0.02271426343345        0.62299732303218
C            1.49258258772977        1.08559482862838       -0.23422909251905
C            0.04808420139567        0.88654020299924       -0.50913301841488
C           -0.78176589177272        0.00754289329761        0.06854795160776
C           -2.17786316904195       -0.05500878236078       -0.28816158270806
O           -2.99710923022779       -0.81801622818204        0.19393584761371
H            1.38976731066432       -1.68430361684443       -0.45538692603190
H            2.97692719271091       -1.15161246437409       -1.00407774615903
H            2.82154010760771       -2.03617280724423        0.51229441270621
H            3.16246561017218        0.39408524633941        0.91206806141272
H            1.60815357792817       -0.13957930874547        1.53865236704420
H            2.01291451941115        1.17062283777018       -1.19240596314753
H            1.58731615080748        2.06289543490082        0.25107404506280
H           -0.36540922759847        1.55892756263176       -1.25236919575735
H           -0.45741392572538       -0.69164090749217        0.82421416151232
H           -2.49273051981532        0.66367850468461       -1.06858622225625
17
 energy: -21.969091500344 gnorm: 0.000040954227 xtb: 6.7.1 (edcfbbe)
C            2.34953275596983       -1.29414348035680       -0.12713580388774
C            2.17767448937847        0.02256916023369        0.62306241582385
C            1.49263437230344        1.08573292451210       -0.23390589427064
C            0.04824946517433        0.88653404365939       -0.50928899336359
C           -0.78182769353262        0.00804282530073        0.06884569068404
C           -2.17776809956732       -0.05510316082911       -0.28831138439476
O           -2.99704012175631       -0.81776824872376        0.19432604739466
H            1.38934605772953       -1.68479681315594       -0.45437586469683
H            2.97550845127175       -1.15114803615587       -1.00508891993096
H            2.82260391095489       -2.03598056948826        0.51142644315665
H            3.16250468881211        0.39376767577907        0.91213339909981
H            1.60820249081573       -0.13990377983662        1.53871664031849
H            2.01323011619367        1.17115617434358       -1.19188946116505
H            1.58710740811725        2.06285274093179        0.25180498428194
H           -0.36490990620822        1.55823843968477       -1.25332782057488
H           -0.45769324755862       -0.69038862175652        0.82531044729436
H           -2.49248210927332        0.66247762092910       -1.06979730388209
