20
 energy: -27.121174144950 gnorm: 0.035172631341 xtb: 6.7.1 (edcfbbe)
C           -2.23984404983664       -1.25326696645759       -0.34636567456630
C           -2.63097008697220        0.19956376285027       -0.07884347663594
C           -1.65164605829877        0.98263620468680        0.80092721881422
C           -0.26153853485062        1.15550842922133        0.22309668125277
O            0.47664030271262       -0.09109529720204        0.41337914912324
C            1.68930856943464       -0.16803759134537       -0.15553158981469
O            2.18260095550022        0.74046383729480       -0.81099705160218
C            2.36750842002433       -1.47227366534727        0.11695813003051
H           -1.33114957303076       -1.32427698717823       -0.95293986374142
H           -2.05839471305656       -1.79252823181558        0.59109345131304
H           -3.03837120420326       -1.77623210019005       -0.88423205011536
H           -2.74694525656622        0.72888538016848       -1.03397131734493
H           -3.61439700376106        0.22249001656080        0.40687135553853
H           -2.04933466752063        1.99231051265719        0.95810914374550
H           -1.57265324105457        0.52221053732049        1.79472721800012
H           -0.29658423730154        1.38496548260807       -0.84763193476511
H            0.29020621214061        1.94982021531434        0.73570227445000
H            3.17800961076650       -1.29340076342123        0.83329983633625
H            2.81742853308023       -1.84167290934654       -0.80803767579341
H            1.68336981416957       -2.21472810185044        0.53030155952711
20
 energy: -27.122535435381 gnorm: 0.012905305565 xtb: 6.7.1 (edcfbbe)
C           -2.23336436460337       -1.24332556752571       -0.33892822772733
C           -2.63286643712619        0.20389228442192       -0.08303010466362
C           -1.65686289550072        0.97821116963028        0.80355746126548
C           -0.26320246717282        1.13721144789561        0.21969246931784
O            0.48174382666435       -0.09197212022566        0.40154476325784
C            1.68834928807195       -0.16492586329430       -0.15639602471155
O            2.17212597545718        0.73974448082079       -0.80948063807601
C            2.36760182242623       -1.46891840645776        0.11702203060354
H           -1.32483126297282       -1.30370305954426       -0.93601799203469
H           -2.05805969358945       -1.76872368480489        0.59945607091262
H           -3.02702944822840       -1.76010027478002       -0.87807163758222
H           -2.73735781834995        0.72506826989188       -1.03973678830052
H           -3.61114309340757        0.21846653652971        0.40528147009691
H           -2.05898422871332        1.98269261277608        0.96229949741875
H           -1.57138794435360        0.49579645025967        1.78111823195846
H           -0.29007679240690        1.36864496095921       -0.84937451469167
H            0.29063299570401        1.93037904667871        0.73021198938845
H            3.17234679445668       -1.29387446331550        0.83161185945298
H            2.81570816131329       -1.84041111990204       -0.80236954839548
H            1.66990137370731       -2.19281093548550        0.52752501626218
20
 energy: -27.122789541356 gnorm: 0.003839259611 xtb: 6.7.1 (edcfbbe)
C           -2.22888712077846       -1.24008269352075       -0.33525841354413
C           -2.63401003792720        0.20658759314388       -0.08577634725669
C           -1.65560448398285        0.97208161354253        0.80591700578414
C           -0.26142166835503        1.12815119631810        0.21595667119979
O            0.48161506910331       -0.09165465303753        0.39251539380014
C            1.68346077093958       -0.16164352899310       -0.16134394198224
O            2.16510529430337        0.74477537141684       -0.81086258823472
C            2.36306999597732       -1.46668804040046        0.11911143147079
H           -1.31598222560656       -1.29428029301348       -0.92145758059552
H           -2.06022256619630       -1.75600776334647        0.60597315630602
H           -3.01473318027136       -1.75833378683963       -0.87899180863792
H           -2.72941768712912        0.72589505055369       -1.04175575652247
H           -3.61149859576862        0.22117977870653        0.39976641709100
H           -2.05229667251647        1.97428538601833        0.97417603286473
H           -1.56453096001235        0.47174552698510        1.77112534821724
H           -0.29203495699089        1.36285491537649       -0.85246094413245
H            0.29110708450642        1.92522193303664        0.72351171395726
H            3.16344102864945       -1.29273263211984        0.83454884969796
H            2.81101657681866       -1.84120132558463       -0.79651253898220
H            1.65506812661298       -2.17881188371400        0.52773328325122
20
 energy: -27.122837699455 gnorm: 0.001838459261 xtb: 6.7.1 (edcfbbe)
C           -2.22733054167118       -1.24017065415653       -0.33382549910091
C           -2.63309652363503        0.20779517588321       -0.08734585437271
C           -1.65394731598916        0.96868285512324        0.80812574673114
C           -0.26116332014897        1.12694343126241        0.21289442141553
O            0.48171838463057       -0.08885951871663        0.38910450230623
C            1.68393303532002       -0.15779726102214       -0.16129383306585
O            2.16590202714997        0.74775356272919       -0.81316371437555
C            2.35970015832265       -1.46613224798683        0.12007634208826
H           -1.30977436601890       -1.29331585314790       -0.91276533482596
H           -2.06523837118055       -1.75382340240568        0.60982585022592
H           -3.00831138881543       -1.75991691393484       -0.88286335579478
H           -2.72381197388369        0.72760019632742       -1.04313579360346
H           -3.61194927141880        0.22437380110500        0.39476907381776
H           -2.04831210008335        1.96941080840849        0.98619872374189
H           -1.55885684528011        0.45874096171348        1.76746936259609
H           -0.29760770182325        1.36291583219330       -0.85565092305727
H            0.28979183890530        1.92812760118940        0.71698922538233
H            3.15925493549602       -1.29408764433669        0.83645971273331
H            2.80623416753698       -1.84423731792684       -0.79466313900901
H            1.64610896396281       -2.17266164777283        0.52870986991900
20
 energy: -27.122866129151 gnorm: 0.002887227236 xtb: 6.7.1 (edcfbbe)
C           -2.22668068575250       -1.24100937601853       -0.33159014817862
C           -2.63048850614667        0.20919270744793       -0.08871941304928
C           -1.65054400653317        0.96317094124739        0.81224373644365
C           -0.26131782138470        1.12965129008515        0.20810271210985
O            0.48229913799266       -0.08222476987051        0.38271800177551
C            1.68491196849885       -0.15371215643781       -0.16646039352641
O            2.17316013579527        0.75183464357214       -0.81551769370715
C            2.35470124710558       -1.46505823894236        0.12170103772121
H           -1.30013338406554       -1.29611932761770       -0.89711109674483
H           -2.07960356919082       -1.75539930037775        0.61510003542368
H           -3.00035400991251       -1.76024005273636       -0.89230316705208
H           -2.71291959667936        0.73010396178404       -1.04491778860234
H           -3.61310940625632        0.23019180996696        0.38610335359344
H           -2.04483731389758        1.96027297518560        1.00911569484891
H           -1.54768599043400        0.43867714414789        1.76303335761359
H           -0.30957274302715        1.36485582543454       -0.86105273535271
H            0.28822727501772        1.93762507006068        0.70450608450349
H            3.15237400720889       -1.29563111747279        0.84138789872075
H            2.80112600595417       -1.85013559640650       -0.79052474393160
H            1.63369104708301       -2.16470466852378        0.53010065114291
20
 energy: -27.122876570529 gnorm: 0.001733175833 xtb: 6.7.1 (edcfbbe)
C           -2.22836991537052       -1.24153561884776       -0.33139629522508
C           -2.62975088840716        0.20896394792856       -0.08848825854017
C           -1.64989071546329        0.96244421298213        0.81250186361610
C           -0.26175107879699        1.13145763415907        0.20716228967198
O            0.48358608771072       -0.08023843371461        0.38301884056056
C            1.68747013574570       -0.15217358085131       -0.16467394999228
O            2.17581645327329        0.75175675242205       -0.81536806071170
C            2.35470850228833       -1.46466878752874        0.12175380616824
H           -1.30029653533804       -1.29873350945023       -0.89413404086222
H           -2.08550745761533       -1.75806423733016        0.61481510501967
H           -3.00160895835377       -1.75824433227646       -0.89510328384004
H           -2.71099921735190        0.72983819268943       -1.04498413136690
H           -3.61292659736763        0.23126896991268        0.38536077792807
H           -2.04589222609481        1.95844689229546        1.01192419620017
H           -1.54529656089805        0.43712286565996        1.76264527385936
H           -0.31094238390110        1.36478820414384       -0.86222188598347
H            0.28762205408043        1.93997867508324        0.70231694698468
H            3.15326014593552       -1.29649169096830        0.84085146218150
H            2.80018608638634       -1.85038853007302       -0.79071044075444
H            1.63382686091413       -2.16418586170759        0.53064516883793
20
 energy: -27.122885682290 gnorm: 0.001427141308 xtb: 6.7.1 (edcfbbe)
C           -2.23426172863909       -1.24278708025297       -0.33058342291230
C           -2.62833810499971        0.20881258704400       -0.08804250217471
C           -1.64806227571328        0.96041420652030        0.81310391629522
C           -0.26249346692640        1.13482316550176        0.20496873955848
O            0.48658029774510       -0.07716534962073        0.38222676719672
C            1.69189264302145       -0.15035704904463       -0.16440843301266
O            2.18201808842103        0.75271254107934       -0.81331823463413
C            2.35628207930962       -1.46286839628400        0.12225128177677
H           -1.30126279759746       -1.30569965537337       -0.88418111656209
H           -2.10477558834106       -1.76470150792347        0.61453160265635
H           -3.00604996529940       -1.75130896826418       -0.90367598620442
H           -2.70619771067442        0.72917500219224       -1.04532881718959
H           -3.61235441050557        0.23505116240633        0.38400920691559
H           -2.04792103503399        1.95384284051904        1.01821647338294
H           -1.53877852272469        0.43230446474295        1.76119694043773
H           -0.31309297544906        1.36336538613060       -0.86486741347278
H            0.28689295294517        1.94390247276717        0.69753673913981
H            3.15585663862005       -1.29622860672583        0.84063111571087
H            2.80116501046282       -1.84932681774922       -0.79008985053019
H            1.63614466275477       -2.16261863313708        0.53173837737433
20
 energy: -27.122890145499 gnorm: 0.000715628111 xtb: 6.7.1 (edcfbbe)
C           -2.23634759797143       -1.24296346280838       -0.33005519544626
C           -2.62907388335095        0.20942239309311       -0.08848329572058
C           -1.64757615035311        0.95939225990194        0.81308516896245
C           -0.26209685077680        1.13349994858445        0.20429258894952
O            0.48701248702662       -0.07805401966690        0.38138534519678
C            1.69240370099463       -0.14973554815117       -0.16430416203364
O            2.18194611960400        0.75430262699452       -0.81263866815766
C            2.35768459121986       -1.46208831119124        0.12243409231192
H           -1.30092016805483       -1.30685678832741       -0.87945869873886
H           -2.11192282014763       -1.76484997775466        0.61566427821039
H           -3.00638484339627       -1.74997359175008       -0.90669745250543
H           -2.70534688151074        0.72962823004627       -1.04583024479055
H           -3.61314818791691        0.23724001306442        0.38316985671317
H           -2.04625088710693        1.95290188761555        1.01953672816387
H           -1.53780310192105        0.42938922344304        1.76002523680393
H           -0.31285819125527        1.36221193811379       -0.86553042678619
H            0.28719211933460        1.94286219120780        0.69672963992227
H            3.15731803639628       -1.29515514084666        0.84054635514307
H            2.80228119459412       -1.84851090228843       -0.79006793815672
H            1.63713510596772       -2.16132120475171        0.53211217571049
20
 energy: -27.122896901779 gnorm: 0.000589331749 xtb: 6.7.1 (edcfbbe)
C           -2.24346381259082       -1.24355656898726       -0.32860688117507
C           -2.63076908403828        0.21113535772249       -0.08959405341068
C           -1.64660714784998        0.95725157437967        0.81288633065575
C           -0.26132044212053        1.13009969330501        0.20296621086356
O            0.48803661891544       -0.08117338683384        0.37924968863912
C            1.69415367384261       -0.14888014301673       -0.16418219051582
O            2.18266216198263        0.75812263396785       -0.80984027214576
C            2.36297858367504       -1.45994260978379        0.12258866346108
H           -1.30133760183364       -1.31111762927839       -0.86600895954928
H           -2.13400669339788       -1.76699701285798        0.61808487315094
H           -3.00873100003611       -1.74557219359676       -0.91583174617766
H           -2.70343073447333        0.73080001249131       -1.04732195936750
H           -3.61512170577330        0.24358978375281        0.38094856694695
H           -2.04234539709677        1.95121257300383        1.02191600650434
H           -1.53689980604701        0.42431273022173        1.75795244280359
H           -0.31233491400791        1.35926289743162       -0.86679337299214
H            0.28828279312199        1.93956067597625        0.69523829550667
H            3.16327465139261       -1.29128482582368        0.83947385929232
H            2.80677648132338       -1.84592930594918       -0.79054759004971
H            1.64344716638778       -2.15955249159670        0.53333747131125
20
 energy: -27.122900299353 gnorm: 0.000638813599 xtb: 6.7.1 (edcfbbe)
C           -2.24987428545062       -1.24382907185900       -0.32735942978720
C           -2.63223549956411        0.21246313416173       -0.09032026683099
C           -1.64594845407362        0.95527588565686        0.81259424760473
C           -0.26085358018083        1.12747105375332        0.20193187238684
O            0.48900396249693       -0.08361257711084        0.37733071275541
C            1.69656145914843       -0.14801223228351       -0.16326034998945
O            2.18445873103418        0.76091088358685       -0.80670467008912
C            2.36779507210137       -1.45813229436542        0.12252582983544
H           -1.30242711405395       -1.31559013270187       -0.85476819127383
H           -2.15331818594380       -1.76902048427912        0.61980722230117
H           -3.01165570770210       -1.74093405441600       -0.92319374155033
H           -2.70129002454520        0.73149213518861       -1.04867464635461
H           -3.61723130834197        0.24927420936387        0.37869033193839
H           -2.03986169930353        1.94961245028156        1.02341365948498
H           -1.53652709154614        0.42051859434998        1.75673135514778
H           -0.31253365934252        1.35692560237369       -0.86775268010567
H            0.28934045951922        1.93679960708554        0.69387984019924
H            3.16920530174440       -1.28787237954213        0.83776749114497
H            2.81058103992891       -1.84355693451402       -0.79135360147980
H            1.65005437545087       -2.15884163020185        0.53463039841401
20
 energy: -27.122902394516 gnorm: 0.000388872899 xtb: 6.7.1 (edcfbbe)
C           -2.25547742253552       -1.24421872714398       -0.32642014310813
C           -2.63283089184237        0.21348471599495       -0.09104776820137
C           -1.64564710894634        0.95413827630911        0.81244385254102
C           -0.26066055816858        1.12524145423747        0.20128966525974
O            0.48933284165321       -0.08600249118088        0.37529770770923
C            1.69846459679185       -0.14768457666038       -0.16260991079320
O            2.18657336209643        0.76324993614067       -0.80291219450977
C            2.37189131675217       -1.45672810824960        0.12236188177806
H           -1.30497527588758       -1.31944584889624       -0.84721439540641
H           -2.16749104390593       -1.77064017087622        0.62065838585037
H           -3.01503534620689       -1.73780940992063       -0.92775254575206
H           -2.69936062259259        0.73205726321720       -1.04987577170581
H           -3.61829002198882        0.25376198446776        0.37665732272543
H           -2.03811800685014        1.94896157306515        1.02405906812230
H           -1.53699572657426        0.41884544851757        1.75640715926522
H           -0.31304819824135        1.35543076827095       -0.86823190426863
H            0.29023256947791        1.93406409080862        0.69324564460274
H            3.17439318830975       -1.28491214001694        0.83606324774462
H            2.81390929179739       -1.84145578928941       -0.79218617768904
H            1.65637684823762       -2.15899648426693        0.53568225958763
20
 energy: -27.122903365888 gnorm: 0.000147918298 xtb: 6.7.1 (edcfbbe)
C           -2.25901767462791       -1.24446561745551       -0.32566500002469
C           -2.63342010358782        0.21405487406098       -0.09153738923705
C           -1.64536267247419        0.95299413584527        0.81217443598133
C           -0.26050844434785        1.12409359964075        0.20071879024138
O            0.48945374243046       -0.08741036834336        0.37343341611419
C            1.70019588074731       -0.14713207674304       -0.16171837479992
O            2.18899988379790        0.76532251338985       -0.79914148217791
C            2.37436131394756       -1.45581700668239        0.12215238842920
H           -1.30672415413797       -1.32257343162369       -0.84284945603361
H           -2.17637380778404       -1.77141065751223        0.62169540626261
H           -3.01791938186886       -1.73558303348232       -0.92988503543977
H           -2.69754328229708        0.73223073365503       -1.05083845785907
H           -3.61950981124452        0.25699292284829        0.37479315039202
H           -2.03726019084819        1.94792717484499        1.02459496318851
H           -1.53702022754419        0.41737304094288        1.75602174722198
H           -0.31370734198950        1.35489518691110       -0.86863422005029
H            0.29100051446922        1.93248603009755        0.69264584471694
H            3.17786271583084       -1.28347336856485        0.83467152173653
H            2.81552777777030       -1.84016982064471       -0.79298902638420
H            1.66020905513450       -2.15899306665633        0.53627216147377
20
 energy: -27.122903314651 gnorm: 0.000539023783 xtb: 6.7.1 (edcfbbe)
C           -2.26253386376191       -1.24470958713472       -0.32491467392889
C           -2.63400700494138        0.21462131364447       -0.09202264898332
C           -1.64508042394431        0.95185616969328        0.81190690491888
C           -0.26035728710811        1.12295320531848        0.20015280609757
O            0.48957479810073       -0.08880848155072        0.37158364723438
C            1.70191597538040       -0.14658429235126       -0.16083355172694
O            2.19140885089067        0.76737771668007       -0.79540094186248
C            2.37681636118960       -1.45491177589587        0.12194404555200
H           -1.30845776280810       -1.32568046129180       -0.83850878885917
H           -2.18520448686524       -1.77217758306693        0.62272584267634
H           -3.02078251526717       -1.73336641591453       -0.93200822050747
H           -2.69573759318824        0.73240376225837       -1.05179392185789
H           -3.62072437268008        0.26020307659051        0.37294090824876
H           -2.03640920339880        1.94689818973803        1.02512604099286
H           -1.53704631069510        0.41591181303884        1.75564056217204
H           -0.31436310712072        1.35436128973171       -0.86903309250912
H            0.29176350375787        1.93091928030143        0.69204934568867
H            3.18131040123308       -1.28204177984545        0.83328876618034
H            2.81713796397205       -1.83889211616509       -0.79378628367956
H            1.66401986863071       -2.15899155925052        0.53685863790497
20
 energy: -27.122904223721 gnorm: 0.000343859576 xtb: 6.7.1 (edcfbbe)
C           -2.26205845132760       -1.24486669801750       -0.32500564855886
C           -2.63367866252449        0.21448086550343       -0.09216333795044
C           -1.64517180065992        0.95230530379709        0.81181758903045
C           -0.26040684378441        1.12312385247633        0.20008806732781
O            0.48927716515251       -0.08874252114031        0.37132820547249
C            1.70182071520522       -0.14639334810362       -0.16043052373771
O            2.19178851260862        0.76795530730428       -0.79411728429681
C            2.37618158234389       -1.45515584833175        0.12187032875768
H           -1.30924753264720       -1.32532776176898       -0.84072368479327
H           -2.18186090337139       -1.77151875847777        0.62263770205547
H           -3.02111790600260       -1.73474296984725       -0.92997630505346
H           -2.69595508742868        0.73211348863137       -1.05190933042056
H           -3.62018736483531        0.25960756765410        0.37308975980138
H           -2.03652579574317        1.94739165797197        1.02484909357988
H           -1.53704279537941        0.41623834654879        1.75551388738056
H           -0.31416085836318        1.35490938202626       -0.86903099465304
H            0.29172154283383        1.93086202954202        0.69235697831795
H            3.18067955276128       -1.28301404541630        0.83335038520812
H            2.81637098556553       -1.83896487934327       -0.79399103407785
H            1.66281773697246       -2.15891920648060        0.53636153036215
20
 energy: -27.122905761612 gnorm: 0.000300224562 xtb: 6.7.1 (edcfbbe)
C           -2.26247480612449       -1.24537842437719       -0.32459052902263
C           -2.63349743611163        0.21439361261390       -0.09288261995451
C           -1.64522560867028        0.95259145688898        0.81119055060638
C           -0.26040838301867        1.12293643424240        0.19950488278329
O            0.48839838715592       -0.08960549093405        0.36923898614170
C            1.70249929682237       -0.14553216477090       -0.15881490289785
O            2.19454889219472        0.77121963865588       -0.78754545996482
C            2.37584569349729       -1.45535118813243        0.12145980669999
H           -1.31175496859340       -1.32602208367572       -0.84396169026294
H           -2.17801289051070       -1.77020457498207        0.62357943369909
H           -3.02354416713146       -1.73687609729331       -0.92570951747630
H           -2.69577791153857        0.73142009354213       -1.05285028244205
H           -3.61981927629816        0.25989466643414        0.37246611912498
H           -2.03631795743987        1.94778579834510        1.02395515839077
H           -1.53716141283532        0.41643616732949        1.75479689392472
H           -0.31379803690707        1.35617588730818       -0.86931119031608
H            0.29215344739212        1.92972234398876        0.69290297963214
H            3.18104743268036       -1.28521615130479        0.83255975192828
H            2.81493438178730       -1.83838503381219       -0.79526006321950
H            1.66160911502553       -2.15866312553806        0.53518707637727
20
 energy: -27.122907714722 gnorm: 0.000461104357 xtb: 6.7.1 (edcfbbe)
C           -2.26469310751898       -1.24626023447420       -0.32361742253152
C           -2.63381540619141        0.21438933650030       -0.09396885549696
C           -1.64512450729999        0.95245241579235        0.80986528972832
C           -0.26036587551708        1.12227544613897        0.19795476383103
O            0.48709293008837       -0.09146296076796        0.36474037414107
C            1.70485093859677       -0.14348923961964       -0.15510565231495
O            2.20098488166437        0.77783633358184       -0.77408204263548
C            2.37631002137038       -1.45530935546942        0.12067492217730
H           -1.31609806215733       -1.32865782515991       -0.84662035012167
H           -2.17643733100034       -1.76848840098494        0.62557750211306
H           -3.02841053444730       -1.73918525723654       -0.92024874122314
H           -2.69486287554568        0.73018868459413       -1.05458719308062
H           -3.62025614924662        0.26183466451229        0.37083039263934
H           -2.03564914767705        1.94780949795410        1.02287852530171
H           -1.53700251474710        0.41585254484141        1.75320111798020
H           -0.31385125311799        1.35793291771096       -0.87032435920369
H            0.29332967276121        1.92741233291340        0.69286908778705
H            3.18353466311125       -1.28874796683958        0.83027408744128
H            2.81257790976601       -1.83694344431297       -0.79803181829078
H            1.66112953848449       -2.15809772514632        0.53363575551041
20
 energy: -27.122910124866 gnorm: 0.000693705951 xtb: 6.7.1 (edcfbbe)
C           -2.26880060179690       -1.24745276769173       -0.32178933088099
C           -2.63466748503380        0.21459096210114       -0.09553405095751
C           -1.64475383390425        0.95157793430278        0.80791663793934
C           -0.26037903499422        1.12094792014235        0.19508073949893
O            0.48529634113041       -0.09448404541617        0.35739973930295
C            1.70887523854942       -0.14032894297364       -0.14933000407614
O            2.21143745989552        0.78802192538447       -0.75278506988016
C            2.37776600903050       -1.45495134027999        0.11954095182364
H           -1.32179075636559       -1.33306043145102       -0.84731176164022
H           -2.17879826043265       -1.76703966361889        0.62881268340632
H           -3.03531371381128       -1.74068162413560       -0.91471501969716
H           -2.69364318266530        0.72873143419931       -1.05714180818286
H           -3.62131263349321        0.26540287607552        0.36844255280873
H           -2.03433077225404        1.94713154052006        1.02153499407965
H           -1.53638388943805        0.41452531754471        1.75093661450866
H           -0.31466637266634        1.35975345498605       -0.87246074862120
H            0.29515709544611        1.92388136412392        0.69160803566745
H            3.18849737662960       -1.29353745198020        0.82627553023443
H            2.80930006138379       -1.83442188289689       -0.80238977002789
H            1.66175474616627       -2.15726481440791        0.53182446844596
20
 energy: -27.122912548877 gnorm: 0.001676386585 xtb: 6.7.1 (edcfbbe)
C           -2.27764465461377       -1.24962276488614       -0.31861823009423
C           -2.63671304353326        0.21492971051321       -0.09757648085134
C           -1.64388070076375        0.94987673617094        0.80432966637896
C           -0.26039005799485        1.11813338237022        0.18926129068040
O            0.48249147091823       -0.10012559808897        0.34351370015651
C            1.71687285717800       -0.13452087635602       -0.13839888643791
O            2.23094019376038        0.80642424220056       -0.71299816972092
C            2.38153184914508       -1.45393503124194        0.11755437365834
H           -1.33104815191641       -1.34172512556924       -0.84418750356876
H           -2.18961916955674       -1.76570983684442        0.63425467958836
H           -3.04710239502609       -1.74164652988916       -0.90892906623638
H           -2.69157349582902        0.72614653340448       -1.06097287718649
H           -3.62384991209516        0.27253045076357        0.36477331973655
H           -2.03143159281173        1.94589503613807        1.01946621391040
H           -1.53487471219900        0.41200387745872        1.74674070020934
H           -0.31701227324327        1.36196168355210       -0.87702041397512
H            0.29876735859853        1.91741561720376        0.68774789085497
H            3.19922745869080       -1.30150588015835        0.81824095410823
H            2.80375688313844       -1.82940895488653       -0.81055279393339
H            1.66479587952961       -2.15577490732662        0.52928701647443
20
 energy: -27.122915556281 gnorm: 0.000462683631 xtb: 6.7.1 (edcfbbe)
C           -2.27925828012596       -1.24986412024774       -0.31795404463309
C           -2.63732677880657        0.21499887199113       -0.09761226339681
C           -1.64342194431156        0.94918919603980        0.80376425189242
C           -0.26043086538004        1.11768733068085        0.18758492158784
O            0.48255233204809       -0.10059372630903        0.34090707632584
C            1.71855457690471       -0.13336359024362       -0.13589912838537
O            2.23427329835316        0.80908718326022       -0.70509233271800
C            2.38237972724772       -1.45360347118181        0.11735131702420
H           -1.33107802139397       -1.34304526383162       -0.84059503926784
H           -2.19512256798056       -1.76669329041312        0.63506163904709
H           -3.04771748388983       -1.74028151534302       -0.91092709766922
H           -2.69189021599101        0.72593157028388       -1.06122366904128
H           -3.62438668447113        0.27362447029140        0.36483185981558
H           -2.03066098763588        1.94519838717340        1.01938994136109
H           -1.53384141671158        0.41127540934482        1.74608107000154
H           -0.31822953370692        1.36154578200758       -0.87861215421666
H            0.29928194339635        1.91691143718451        0.68548137462719
H            3.20190061840048       -1.30302815085052        0.81615209994728
H            2.80194967247044       -1.82835865137286       -0.81222320956141
H            1.66571640296009       -2.15527609393600        0.52944877101155
20
 energy: -27.122919258437 gnorm: 0.000815869966 xtb: 6.7.1 (edcfbbe)
C           -2.28630786015359       -1.25111311277165       -0.31543293693767
C           -2.63949346059230        0.21521458000037       -0.09799492709382
C           -1.64236405401822        0.94774678528410        0.80102931175228
C           -0.26077951940351        1.11512280490813        0.18142971474981
O            0.48078595296724       -0.10486091598511        0.32903786124977
C            1.72512809299184       -0.12895199855081       -0.12659308140809
O            2.25006998046356        0.82322943541880       -0.67104301212090
C            2.38578445154349       -1.45277933217108        0.11592634566330
H           -1.33514004998864       -1.34874886373427       -0.83171957614816
H           -2.21088390121913       -1.76818492144012        0.63828091634950
H           -3.05332746367500       -1.73799209967586       -0.91311882483624
H           -2.69274102407227        0.72432746970057       -1.06270442435236
H           -3.62619154892848        0.27819690465616        0.36476781877625
H           -2.02788679520999        1.94430040558181        1.01743070924639
H           -1.53151654046818        0.41000849254267        1.74334208986247
H           -0.32172387066781        1.36137784592849       -0.88403433631176
H            0.30198744986336        1.91227887878238        0.67915328758170
H            3.21157792627547       -1.30908725398130        0.80861149197469
H            2.79668523112814       -1.82413225073396       -0.81899741801176
H            1.66958079454007       -2.15461108923106        0.52854437376653
20
 energy: -27.122922532751 gnorm: 0.000663579935 xtb: 6.7.1 (edcfbbe)
C           -2.28996250948151       -1.25188502510959       -0.31421808429499
C           -2.64130942022905        0.21473015637234       -0.09683800561810
C           -1.64160103880603        0.94775000006018        0.79877213027351
C           -0.26135121189273        1.11351409725715        0.17584902410457
O            0.47908437783887       -0.10777415459898        0.31937136862655
C            1.72967723935070       -0.12588879195183       -0.11882417192780
O            2.26214749713135        0.83340248838923       -0.64300050418378
C            2.38735942341632       -1.45276675462366        0.11489717631892
H           -1.33582878715224       -1.35061901044402       -0.82434504592564
H           -2.22158466707978       -1.77011525399266        0.63921151692511
H           -3.05407906527810       -1.73659622395028       -0.91726488964244
H           -2.69653603938423        0.72307167594785       -1.06185342387916
H           -3.62688031660440        0.27884801418437        0.36817679780638
H           -2.02580200968230        1.94500136284998        1.01474166024120
H           -1.52931067508213        0.41132859391805        1.74168210898674
H           -0.32524057356232        1.36082101386468       -0.88917576530621
H            0.30402791127142        1.90939548272518        0.67261917441767
H            3.21832788481340       -1.31484951306036        0.80239937657204
H            2.79074785779139       -1.82151523048599       -0.82437686267271
H            1.67135791399742       -2.15451116282337        0.52809180293009
20
 energy: -27.122923114403 gnorm: 0.000258160919 xtb: 6.7.1 (edcfbbe)
C           -2.28947008198046       -1.25197588032347       -0.31434900467289
C           -2.64091573225138        0.21479362975972       -0.09683676376802
C           -1.64150567331563        0.94807201319801        0.79908408574994
C           -0.26161310625912        1.11348902188152        0.17530935315382
O            0.47877608133499       -0.10774721463862        0.31878923060730
C            1.72943548483875       -0.12588439700206       -0.11858445711903
O            2.26180462689638        0.83320207773443       -0.64237901325458
C            2.38689085195157       -1.45282237888791        0.11505462287462
H           -1.33563384439887       -1.34989364063090       -0.82491347225441
H           -2.22013192162913       -1.77048216878460        0.63873385442802
H           -3.05330203745125       -1.73716912912634       -0.91721271611161
H           -2.69725602497472        0.72351019256136       -1.06162404879341
H           -3.62614200783980        0.27812423951218        0.36889287170620
H           -2.02555164513683        1.94539929133301        1.01508081375599
H           -1.52868380076215        0.41144847508902        1.74188710056020
H           -0.32577022151559        1.36096586354030       -0.88968174640893
H            0.30390942706192        1.90927077298471        0.67204913232638
H            3.21795593070222       -1.31508400681705        0.80244208620513
H            2.79002812269644       -1.82188046186042       -0.82417845103198
H            1.67041936340873       -2.15399453499464        0.52835190579922
20
 energy: -27.122923476710 gnorm: 0.000201501883 xtb: 6.7.1 (edcfbbe)
C           -2.28880490739069       -1.25183901501048       -0.31457951843505
C           -2.64118420234411        0.21463550144889       -0.09637271299896
C           -1.64140913143665        0.94811323006988        0.79899369963543
C           -0.26163052706070        1.11365045288538        0.17494352023867
O            0.47855774060584       -0.10766692524528        0.31819526943433
C            1.72935557744625       -0.12586016253170       -0.11865071437666
O            2.26209307067056        0.83336034327144       -0.64181141004247
C            2.38643203779106       -1.45296627235195        0.11526741684476
H           -1.33519736700698       -1.34907740717306       -0.82573219116528
H           -2.21866087766933       -1.77046462739757        0.63834604333690
H           -3.05272711847341       -1.73725788075664       -0.91711286417272
H           -2.69819478386592        0.72354488357064       -1.06098946124066
H           -3.62622839595459        0.27731686006151        0.36987169171715
H           -2.02552865424581        1.94537953900901        1.01503122907710
H           -1.52823420474424        0.41151883607050        1.74175503070253
H           -0.32617218238980        1.36107422978500       -0.89002585287456
H            0.30416293854460        1.90941694224424        0.67144592897256
H            3.21756308120834       -1.31541100164150        0.80259374477813
H            2.78938043447966       -1.82233033922541       -0.82391192828410
H            1.66967126321200       -2.15379542255463        0.52865846260485
20
 energy: -27.122924049248 gnorm: 0.000146753896 xtb: 6.7.1 (edcfbbe)
C           -2.28734369304490       -1.25157132781008       -0.31522212269364
C           -2.64152027763608        0.21421929275134       -0.09534864572095
C           -1.64126140049034        0.94832888984113        0.79892853076820
C           -0.26190543237784        1.11393074593468        0.17389804477672
O            0.47805051905741       -0.10745321330557        0.31693538730890
C            1.72947077155057       -0.12558649144760       -0.11815826573936
O            2.26319464071266        0.83391702257337       -0.64007562545073
C            2.38539002435246       -1.45335706694172        0.11571208955909
H           -1.33437780290838       -1.34720343899967       -0.82794826378890
H           -2.21506213280240       -1.77053744849797        0.63736320792752
H           -3.05165003812592       -1.73752404823047       -0.91685376106643
H           -2.70039998412992        0.72361888203499       -1.05955803196065
H           -3.62600181386648        0.27536069830540        0.37231372103919
H           -2.02556442018948        1.94549526165486        1.01492276327127
H           -1.52730367135994        0.41206027756967        1.74175249992682
H           -0.32729797422008        1.36116278011820       -0.89106031154495
H            0.30435884194786        1.90978615899175        0.66975737635342
H            3.21697338184805       -1.31650563216028        0.80259307392892
H            2.78744483517346       -1.82344146082272       -0.82356738825286
H            1.66804941788536       -2.15335811703105        0.52953110511037
20
 energy: -27.122924576242 gnorm: 0.000207317209 xtb: 6.7.1 (edcfbbe)
C           -2.28568261526706       -1.25122188978388       -0.31608094962111
C           -2.64186397674817        0.21376147070743       -0.09409632052214
C           -1.64109536615144        0.94870665260374        0.79890769281431
C           -0.26233604423878        1.11424007820875        0.17253048681636
O            0.47738219032369       -0.10726231743959        0.31532839511349
C            1.72954070903653       -0.12545987697996       -0.11768532103413
O            2.26481498402059        0.83448675919228       -0.63726808920266
C            2.38426360415472       -1.45380563097819        0.11633542570814
H           -1.33379470250464       -1.34479424591106       -0.83119099762232
H           -2.21018608442364       -1.77096331673221        0.63586168792259
H           -3.05058043544414       -1.73794120401622       -0.91634813620477
H           -2.70347593181442        0.72398132884035       -1.05770754832726
H           -3.62552152500769        0.27282993259034        0.37557204430919
H           -2.02558073902215        1.94583013375850        1.01474801595597
H           -1.52609429571076        0.41299507009954        1.74192285220937
H           -0.32890721763312        1.36101118603843       -0.89246465048518
H            0.30449182733007        1.91030315895000        0.66742353346754
H            3.21662639490887       -1.31780675555003        0.80243135390111
H            2.78494736714230       -1.82480354118367       -0.82317753549635
H            1.66629564842528       -2.15274522788629        0.53087344404981
20
 energy: -27.122925048525 gnorm: 0.000149441899 xtb: 6.7.1 (edcfbbe)
C           -2.28406274634934       -1.25077201355721       -0.31725818696951
C           -2.64243792951021        0.21324694236954       -0.09257200282334
C           -1.64090206135923        0.94914841165688        0.79877274195352
C           -0.26285722305839        1.11443310140194        0.17075680433438
O            0.47678385462438       -0.10706807352636        0.31389473682266
C            1.72998343542368       -0.12508632505688       -0.11606501876616
O            2.26677111028837        0.83509809673111       -0.63350942536703
C            2.38322444559337       -1.45428344048743        0.11710739418128
H           -1.33373568000589       -1.34197648389080       -0.83566618304028
H           -2.20428523244081       -1.77146270541099        0.63382874707173
H           -3.04995856000964       -1.73841860891620       -0.91549975877412
H           -2.70745088726612        0.72450036405865       -1.05542840489139
H           -3.62503323275238        0.26992001424434        0.37963881260197
H           -2.02548627399382        1.94632107887067        1.01430388983573
H           -1.52468899636883        0.41421342829278        1.74210210987030
H           -0.33065753474974        1.36031625296575       -0.89437078506150
H            0.30451564635446        1.91086244771442        0.66441591926719
H            3.21706520716398       -1.31937278614012        0.80159043835050
H            2.78158963785055       -1.82620519721109       -0.82305442721838
H            1.66486681194165       -2.15207273958075        0.53292798237441
20
 energy: -27.122925382850 gnorm: 0.000082499005 xtb: 6.7.1 (edcfbbe)
C           -2.28335325035045       -1.25036064346276       -0.31830676660795
C           -2.64295917681723        0.21299115696080       -0.09144052094826
C           -1.64076296494642        0.94945947257320        0.79869308395612
C           -0.26329784680529        1.11420582957068        0.16928074515229
O            0.47635440744674       -0.10729188920419        0.31280184034936
C            1.73031296825338       -0.12494356853967       -0.11487805138385
O            2.26835979422883        0.83584515300308       -0.62988950557497
C            2.38292894685511       -1.45453165093555        0.11785715214197
H           -1.33455972488477       -1.33982232621056       -0.83980306031748
H           -2.19977047757407       -1.77165276405791        0.63212109085347
H           -3.05043980688688       -1.73868108589981       -0.91449712684612
H           -2.71076741374747        0.72506665490445       -1.05367873680767
H           -3.62457869041940        0.26795016306872        0.38295914443274
H           -2.02521103628333        1.94676397096816        1.01395780960323
H           -1.52368098479873        0.41510274251126        1.74225672251443
H           -0.33194194156470        1.35916666312440       -0.89600074266190
H            0.30447387021448        1.91100741964709        0.66183350849882
H            3.21815837864290       -1.32021802326877        0.80074227983556
H            2.77927582133376       -1.82697512500966       -0.82296660078401
H            1.66470291947960       -2.15174038521474        0.53487311834619
20
 energy: -27.122925699485 gnorm: 0.000078189118 xtb: 6.7.1 (edcfbbe)
C           -2.28343729357403       -1.24990487734893       -0.31924396416723
C           -2.64377490218841        0.21298420722378       -0.09055132890520
C           -1.64062907930926        0.94952994744947        0.79844110258946
C           -0.26361386294433        1.11358982638312        0.16790038598642
O            0.47610117128456       -0.10788483335240        0.31195022922477
C            1.73085796437080       -0.12479015465761       -0.11330641595649
O            2.26979818926583        0.83672185170652       -0.62599339498288
C            2.38336711797799       -1.45457001103224        0.11859795563559
H           -1.33633189612306       -1.33813324915016       -0.84396314634582
H           -2.19609855393455       -1.77169080572141        0.63056696328402
H           -3.05196180545005       -1.73871929250048       -0.91316499140581
H           -2.71389941450286        0.72587212362861       -1.05219211913933
H           -3.62448707318235        0.26672349156148        0.38582644288174
H           -2.02465539093327        1.94703246867242        1.01356991584606
H           -1.52290854107112        0.41559252541262        1.74216788235584
H           -0.33295019466525        1.35753681206045       -0.89755549978823
H            0.30455268222474        1.91078635127191        0.65933839540251
H            3.22017845068569       -1.32055998473314        0.79958544024526
H            2.77749263150619       -1.82733600390990       -0.82306777510500
H            1.66564359193879       -2.15143862843585        0.53700930609626
20
 energy: -27.122925992433 gnorm: 0.000098085130 xtb: 6.7.1 (edcfbbe)
C           -2.28418412115480       -1.24949334279752       -0.32007750362728
C           -2.64461115846850        0.21313752880976       -0.08988026126474
C           -1.64047195200691        0.94941054956027        0.79821720639487
C           -0.26384210735221        1.11269370806413        0.16664305643079
O            0.47590908500316       -0.10877652663608        0.31100537745724
C            1.73149217512174       -0.12460978533294       -0.11176348377334
O            2.27103692548321        0.83783106017130       -0.62205781631353
C            2.38428448153172       -1.45440169304257        0.11927873108925
H           -1.33856928367150       -1.33709905517646       -0.84757333177007
H           -2.19376430103976       -1.77137458002729        0.62935960182209
H           -3.05418412369456       -1.73862945257188       -0.91181875934588
H           -2.71622358706511        0.72657959202344       -1.05109450580361
H           -3.62465926228676        0.26632244150662        0.38791148941926
H           -2.02386536934477        1.94714525515696        1.01344095567193
H           -1.52235662361363        0.41557385558203        1.74195491220360
H           -0.33380276037788        1.35581568907124       -0.89895454021737
H            0.30479730895035        1.91015181671841        0.65710552791936
H            3.22268067498326       -1.32038401130041        0.79828074793025
H            2.77624717399605       -1.82738315367013       -0.82322558090162
H            1.66733061638295       -2.15116813158064        0.53916356043076
20
 energy: -27.122926268475 gnorm: 0.000082173588 xtb: 6.7.1 (edcfbbe)
C           -2.28528818880540       -1.24913298492953       -0.32063137790450
C           -2.64546380782910        0.21342021814503       -0.08946687258948
C           -1.64024721368630        0.94900227962044        0.79796461406848
C           -0.26400322425729        1.11170884655557        0.16541083530484
O            0.47572721703025       -0.10979750645834        0.30967157914627
C            1.73224451315369       -0.12434900182532       -0.11037401717588
O            2.27231605864948        0.83916396483342       -0.61813962893585
C            2.38539987834259       -1.45409367430844        0.11993038216743
H           -1.34091661038923       -1.33651065922169       -0.85039100819641
H           -2.19253012275509       -1.77111985107522        0.62852151080813
H           -3.05661907195896       -1.73827512292854       -0.91060362861706
H           -2.71797421868888        0.72737724949611       -1.05034097923113
H           -3.62500918737384        0.26648351057876        0.38937293419246
H           -2.02297363153755        1.94689528130947        1.01359509273647
H           -1.52173783822781        0.41499255715450        1.74155577309209
H           -0.33472436283960        1.35436523280639       -0.90023761796654
H            0.30519695025238        1.90926916165516        0.65506910573261
H            3.22534793649011       -1.31988706668085        0.79694753645902
H            2.77523565268459       -1.82743052670768       -0.82333667433133
H            1.66926306312201       -2.15074014349098        0.54139782499233
20
 energy: -27.122926598617 gnorm: 0.000068732255 xtb: 6.7.1 (edcfbbe)
C           -2.28706889179772       -1.24886325108629       -0.32123587479304
C           -2.64636025413063        0.21374658597551       -0.08900332878896
C           -1.63985562437857        0.94838291040064        0.79773653062601
C           -0.26414916767551        1.11056199948103        0.16385981232429
O            0.47554411520415       -0.11101630167329        0.30753944314843
C            1.73330326956878       -0.12392083976775       -0.10891989504329
O            2.27406148581559        0.84096400535175       -0.61337011294388
C            2.38687402383508       -1.45356420622741        0.12070944101886
H           -1.34375978703289       -1.33641962769537       -0.85284899934982
H           -2.19254825410051       -1.77090692791122        0.62768634186971
H           -3.05971559792946       -1.73774507874013       -0.90968394345753
H           -2.71939815468362        0.72815858821058       -1.04957726181299
H           -3.62547099359750        0.26715415037340        0.39069454301077
H           -2.02175595864676        1.94639535992666        1.01426373240283
H           -1.52076196819369        0.41381916101043        1.74093306615668
H           -0.33596406201637        1.35302289712463       -0.90175856947734
H            0.30580102572775        1.90809427210201        0.65270988289146
H            3.22867935248535       -1.31902240009563        0.79532616169112
H            2.77413209963202       -1.82759467731841       -0.82337094438701
H            1.67165713329056       -2.14990485491289        0.54422535866566
20
 energy: -27.122927008646 gnorm: 0.000113065354 xtb: 6.7.1 (edcfbbe)
C           -2.29004012033048       -1.24858176020206       -0.32185547125630
C           -2.64760021264653        0.21426813258131       -0.08849203483874
C           -1.63910173373231        0.94713730003267        0.79742539708963
C           -0.26432188716042        1.10897226258711        0.16139942727649
O            0.47539264742131       -0.11268905222513        0.30385971672127
C            1.73509787110878       -0.12309358180855       -0.10695816501300
O            2.27702822082349        0.84386352966011       -0.60621632732154
C            2.38909277777946       -1.45264719675436        0.12186519461596
H           -1.34773425358115       -1.33680217534338       -0.85515155189603
H           -2.19435361833678       -1.77102105938863        0.62672931350013
H           -3.06422938757155       -1.73648353988966       -0.90906382652444
H           -2.72111513849592        0.72928479520917       -1.04871532981657
H           -3.62612055173403        0.26853594048358        0.39233040511944
H           -2.01989929347651        1.94519622045828        1.01561890476249
H           -1.51891387465160        0.41151237786391        1.73989204840246
H           -0.33792179032815        1.35145268464121       -0.90409643567430
H            0.30669278364204        1.90638078522487        0.64924061603741
H            3.23366438395712       -1.31761687700346        0.79288756307157
H            2.77246967620611       -1.82795152885499       -0.82332736354957
H            1.67515729248317       -2.14837549274376        0.54854330304561
20
 energy: -27.122927359950 gnorm: 0.000133505095 xtb: 6.7.1 (edcfbbe)
C           -2.29228535930466       -1.24856192604162       -0.32224519493616
C           -2.64838498334493        0.21450220736902       -0.08799751304986
C           -1.63844238812087        0.94626420931559        0.79717172137340
C           -0.26443716086262        1.10806870717608        0.15941989717045
O            0.47540360327076       -0.11360754730149        0.30085743657882
C            1.73660137416038       -0.12228820310826       -0.10551798034925
O            2.27965950380260        0.84610833780769       -0.60073411065510
C            2.39053166081736       -1.45196680492784        0.12268188608029
H           -1.35009018394860       -1.33735888003026       -0.85563939861406
H           -2.19701025766366       -1.77161479190220        0.62605304983213
H           -3.06700733438503       -1.73541251537378       -0.90963146269765
H           -2.72224230269483        0.72995326479598       -1.04796072487674
H           -3.62646453945019        0.26947593167487        0.39365550813177
H           -2.01856375732493        1.94425718367651        1.01685517370120
H           -1.51716387054084        0.40970639191897        1.73895989783809
H           -0.33952476063008        1.35062288775000       -0.90595003457930
H            0.30730386945596        1.90542270033092        0.64651240841271
H            3.23719905577778       -1.31687150156279        0.79101937264930
H            2.77085071194793       -1.82839872590899       -0.82332587174912
H            1.67731091041452       -2.14695916113015        0.55173132349104
20
 energy: -27.122927944435 gnorm: 0.000164932890 xtb: 6.7.1 (edcfbbe)
C           -2.29594411466446       -1.24860885984606       -0.32267046248122
C           -2.64961746024196        0.21480834650562       -0.08713116213982
C           -1.63716765258461        0.94466205573464        0.79675180148968
C           -0.26468770540384        1.10679488750121        0.15568446026803
O            0.47546287225267       -0.11486584061027        0.29530237831705
C            1.73933986733395       -0.12064366556644       -0.10287749784369
O            2.28482196666733        0.85029682178016       -0.59037413426601
C            2.39264473950442       -1.45085704869480        0.12395214838983
H           -1.35302478161309       -1.33847670601954       -0.85460942362124
H           -2.20324581805113       -1.77313033760007        0.62509671967838
H           -3.07070416181250       -1.73319078359770       -0.91190064740062
H           -2.72427659529479        0.73081938728218       -1.04674412127580
H           -3.62686998896099        0.27093631529157        0.39607907131362
H           -2.01631702551335        1.94244898730230        1.01901589785764
H           -1.51371848856837        0.40655646542184        1.73739592363249
H           -0.34245859273018        1.34942295164934       -0.90947480672691
H            0.30821506232936        1.90413481247035        0.64144444447052
H            3.24306038659089       -1.31620929778663        0.78755332161869
H            2.76735133686717       -1.82921143391338       -0.82357823970163
H            1.68037994526953       -2.14434529277607        0.55699971217298
20
 energy: -27.122928297505 gnorm: 0.000117662601 xtb: 6.7.1 (edcfbbe)
C           -2.29709026888911       -1.24872769655059       -0.32273886606284
C           -2.65008102285623        0.21474251982045       -0.08659055055491
C           -1.63666134893467        0.94427729400601        0.79643005040633
C           -0.26487346555450        1.10649924224866        0.15387941256320
O            0.47549309768302       -0.11512552312531        0.29292402177028
C            1.74058197268615       -0.11977077442863       -0.10127442137853
O            2.28755074123632        0.85231227849097       -0.58474334902299
C            2.39313798494146       -1.45057709271183        0.12432250683835
H           -1.35323827527600       -1.33873351342741       -0.85299990591274
H           -2.20650080604631       -1.77422034477171        0.62472522739002
H           -3.07110287347824       -1.73224671627857       -0.91385789241201
H           -2.72548870149126        0.73100409314792       -1.04600678441550
H           -3.62686818954477        0.27103087194003        0.39752573797200
H           -2.01553700790286        1.94196624986347        1.01962128500948
H           -1.51212501148193        0.40573054057878        1.73666540055325
H           -0.34389097327001        1.34883924448109       -0.91123876417095
H            0.30848483900625        1.90399368201481        0.63883114886606
H            3.24547222003076       -1.31683543397268        0.78559442994128
H            2.76484803689399       -1.82952449947544       -0.82416792903449
H            1.68113284362398       -2.14329265732174        0.55901462540667
20
 energy: -27.122928648452 gnorm: 0.000062125336 xtb: 6.7.1 (edcfbbe)
C           -2.29793212074071       -1.24876973910914       -0.32268398135130
C           -2.65064950883266        0.21466641649439       -0.08603830257139
C           -1.63624075001941        0.94403615972165        0.79600910370257
C           -0.26517264845694        1.10613485887027        0.15185934308461
O            0.47536202982383       -0.11549963779548        0.29057559420772
C            1.74184919977659       -0.11880065104249       -0.09889835104490
O            2.29072253895246        0.85480547373945       -0.57710328780817
C            2.39350771611500       -1.45045710698114        0.12447424692907
H           -1.35281663799684       -1.33878759851909       -0.85065804530749
H           -2.20999105649460       -1.77524771019883        0.62446860299366
H           -3.07074700441131       -1.73130413435384       -0.91617579153778
H           -2.72710608225787        0.73098654353420       -1.04533149805488
H           -3.62690403110086        0.27091569188508        0.39912910028501
H           -2.01479125822489        1.94175318919516        1.01961904301840
H           -1.51072352029810        0.40547528381626        1.73611779340116
H           -0.34538647814101        1.34778047326662       -0.91331576341223
H            0.30869425031340        1.90390436194532        0.63572847544611
H            3.24832542521404       -1.31822674375871        0.78278259986798
H            2.76134045242365       -1.82951122763380       -0.82551982807033
H            1.68190327573226       -2.14251213854762        0.56087632997413
20
 energy: -27.122928656174 gnorm: 0.000115932793 xtb: 6.7.1 (edcfbbe)
C           -2.29839378710036       -1.24878526031670       -0.32265184664110
C           -2.65097232493640        0.21461408378067       -0.08568015151158
C           -1.63596589405418        0.94387813814540        0.79579251180411
C           -0.26536502508069        1.10596066259619        0.15061845306893
O            0.47530445677870       -0.11565804532244        0.28921925051746
C            1.74259739646900       -0.11820817270592       -0.09749027227027
O            2.29264567339582        0.85627507768493       -0.57257678413770
C            2.39368011799846       -1.45039517991112        0.12456346097260
H           -1.35242360325915       -1.33882078007288       -0.84907082903804
H           -2.21224834096758       -1.77592319833013        0.62428486032085
H           -3.07038210858817       -1.73067973258350       -0.91774633474908
H           -2.72811427710576        0.73095030082256       -1.04490384206637
H           -3.62689049816314        0.27080984723024        0.40014789100854
H           -2.01434557951016        1.94160103744657        1.01964956571210
H           -1.50980839356566        0.40532244688411        1.73583157073113
H           -0.34629657296885        1.34709738120216       -0.91461151396230
H            0.30876728331572        1.90395587214705        0.63378422049974
H            3.24995064474186       -1.31911833404794        0.78115566904517
H            2.75923556267595       -1.82948744045146       -0.82632438650381
H            1.68226906130061       -2.14204693966952        0.56192389095159
