19
 energy: -23.031011256033 gnorm: 0.029436276432 xtb: 6.7.1 (edcfbbe)
C            2.96506481879738        0.27846580904881       -0.66620035398773
C            1.63349799821078       -0.30224669557604       -0.19986122455095
C            0.86092303382618        0.66894119560579        0.69104460080426
C           -0.46728628856300        0.08631621088283        1.19638147236048
C           -1.44461130504517       -0.23423716081935        0.09564198693418
O           -1.96380806430997       -1.34481776742889        0.00514641824060
C           -1.76199373994555        0.85371796350503       -0.88821490914396
H            3.59915066140513        0.53613877111956        0.18961690014200
H            3.51619819556225       -0.43250790432833       -1.28995138264298
H            2.80981964718327        1.19065105523772       -1.25315149019122
H            1.80674965296290       -1.23489291334982        0.35230552794950
H            1.02294684220099       -0.56794796657369       -1.07365977650246
H            0.67774012876707        1.60514920653040        0.14997349060221
H            1.47293257448393        0.92675496905797        1.56329202485807
H           -0.29384348283420       -0.82118716347372        1.78296611990117
H           -0.95928306679311        0.82433897135015        1.84523045567937
H           -1.85546507972624        1.82237017686247       -0.38867602371722
H           -0.92816045626421        0.93823816673371       -1.59659460478703
H           -2.67016325933059        0.61490283263889       -1.44436792082336
19
 energy: -23.031709635148 gnorm: 0.009407122867 xtb: 6.7.1 (edcfbbe)
C            2.95748937199137        0.28047923198450       -0.66051083561814
C            1.63009133091038       -0.30416210099476       -0.19669298019539
C            0.86376395903892        0.67488117913638        0.68921474920667
C           -0.46318910398547        0.09089860241782        1.18612580715128
C           -1.43618630653975       -0.23903634936268        0.08494378614015
O           -1.95479287882458       -1.34065843769853        0.00085123722142
C           -1.75644506920244        0.85639726068269       -0.88599945636425
H            3.58577287892430        0.53355290005159        0.19316509289809
H            3.49708824931519       -0.43403005144911       -1.28010916572276
H            2.79765221043583        1.18596138837408       -1.24550785037659
H            1.81117592691093       -1.22942238149905        0.35817911079655
H            1.02247566452918       -0.56916776567259       -1.06785288660653
H            0.67993067314263        1.60230216529515        0.14222026584878
H            1.47679049305396        0.92380354817357        1.55949861687745
H           -0.28425866803875       -0.81581666821912        1.76811950620552
H           -0.95127034507808        0.82320124713597        1.83688646167309
H           -1.85691666284138        1.81392726334334       -0.37958464541663
H           -0.93477260160842        0.93948149689775       -1.59885762627703
H           -2.66399031154598        0.61555522842652       -1.43316787631674
19
 energy: -23.031784613660 gnorm: 0.001674838659 xtb: 6.7.1 (edcfbbe)
C            2.95634773601086        0.27994852951613       -0.66102523975853
C            1.62930462412625       -0.30475933959054       -0.19437765502376
C            0.86208386621926        0.67792028754045        0.68722491849843
C           -0.46298544405390        0.09270081729025        1.18467264101157
C           -1.43669424598734       -0.24042906145817        0.08345665491803
O           -1.94653950279856       -1.34207031653333       -0.00417644282323
C           -1.75346309520501        0.85920758107465       -0.88534915760632
H            3.58077118209033        0.53258084263678        0.19240750783276
H            3.49280448444212       -0.43538931095042       -1.27885037418376
H            2.79271620291852        1.18283715348694       -1.24445360794915
H            1.81318263413820       -1.22432469478482        0.36579337371211
H            1.02196293084069       -0.57363663112405       -1.06222313574974
H            0.67970895888923        1.60025208250168        0.13538596913324
H            1.47523703428646        0.92567305259323        1.55556825594217
H           -0.27809669407729       -0.81480141645532        1.76295213988091
H           -0.95183265148885        0.82015107992080        1.83681475368247
H           -1.85928046072946        1.80998748047494       -0.37285930377755
H           -0.93487600998657        0.94441936020247       -1.59736494017355
H           -2.65994273904711        0.61788026068186       -1.43267504644116
19
 energy: -23.031799111518 gnorm: 0.001628192503 xtb: 6.7.1 (edcfbbe)
C            2.95570351803554        0.27919922144142       -0.66190409192409
C            1.62951368902268       -0.30696024681376       -0.19094914111939
C            0.86101506726559        0.68007799195573        0.68611006214916
C           -0.46270128163085        0.09304600866118        1.18442299610298
C           -1.43188967418886       -0.24354627197696        0.07828596750946
O           -1.93912496755201       -1.34582991428426       -0.01116281422335
C           -1.75344551829680        0.86194829435312       -0.88453800968026
H            3.58047854945600        0.53371363553015        0.19044136796571
H            3.49107297158815       -0.43698581992348       -1.27928930387203
H            2.78889795624550        1.18060630417020       -1.24634819855922
H            1.81617715674330       -1.22205755105223        0.37514204287928
H            1.02196517881598       -0.58219883443850       -1.05634237720695
H            0.67820420037689        1.59894050877776        0.12941427097090
H            1.47271109418327        0.93216358747344        1.55375957703204
H           -0.27527764663058       -0.81457296535500        1.76201384502590
H           -0.95444620265415        0.81861152005165        1.83575180498757
H           -1.86089636889414        1.80822582003078       -0.36472764399943
H           -0.93661967874892        0.95190898678614       -1.59714210648299
H           -2.66092923254877        0.62185748163615       -1.43201693643037
19
 energy: -23.031809781007 gnorm: 0.001287365128 xtb: 6.7.1 (edcfbbe)
C            2.95535198317372        0.27798277785820       -0.66301479590014
C            1.63066895508965       -0.30856610475750       -0.18703605917198
C            0.86021874754061        0.68146388525181        0.68552257855870
C           -0.46284349826685        0.09287243243921        1.18402937000417
C           -1.43138568036033       -0.24403363027182        0.07652824297606
O           -1.93104764979102       -1.34959039114014       -0.01985099990904
C           -1.75466610343434        0.86407262244786       -0.88357468733301
H            3.58254515505967        0.53477077953866        0.18735008340954
H            3.48984885277824       -0.43897579432484       -1.28076699854587
H            2.78596528727682        1.17835981236619       -1.24893923604119
H            1.82018113605678       -1.22011122923099        0.38412438307853
H            1.02244880771110       -0.59024617302817       -1.05019807645264
H            0.67591537130948        1.59780719694470        0.12482809747440
H            1.47101750311831        0.93904562863117        1.55247951757465
H           -0.27381555243173       -0.81494225370423        1.76094960501713
H           -0.95666880680618        0.81698693102090        1.83546076418684
H           -1.86470404149127        1.80752210721577       -0.35876337637810
H           -0.93720681142700        0.95947011315917       -1.59516289132244
H           -2.66141484451782        0.62425904660761       -1.43304421010066
19
 energy: -23.031819538515 gnorm: 0.000777141955 xtb: 6.7.1 (edcfbbe)
C            2.95525696844411        0.27645428486993       -0.66408341251680
C            1.63307705233597       -0.30992665306513       -0.18232018877063
C            0.85969255727938        0.68179602581389        0.68517228846224
C           -0.46342489792636        0.09278241077743        1.18315339413447
C           -1.42867009266160       -0.24433431158065        0.07311547457989
O           -1.92111867360892       -1.35268224848215       -0.03024412029836
C           -1.75750406331603        0.86622769311734       -0.88172698182359
H            3.58589369351613        0.53588521436437        0.18323341559006
H            3.48861187883354       -0.44118824875544       -1.28243416092814
H            2.78338055917505        1.17561395383399       -1.25154517780674
H            1.82563858585103       -1.21792978460260        0.39363634216468
H            1.02408860843448       -0.59839161638551       -1.04300335487948
H            0.67416810494295        1.59578598048060        0.12058450178680
H            1.46878137575330        0.94496419217476        1.55197365102455
H           -0.27466837657428       -0.81482954808884        1.76030203075271
H           -0.95885867687553        0.81684892839946        1.83372913853104
H           -1.87039752710057        1.80750410442361       -0.35324844933931
H           -0.94028845462545        0.96793696058749       -1.59325614206506
H           -2.66324981128936        0.62563041914099       -1.43211693747342
19
 energy: -23.031828804238 gnorm: 0.000633176531 xtb: 6.7.1 (edcfbbe)
C            2.95456832136222        0.27496912573420       -0.66474659636843
C            1.63589014686597       -0.31257910847764       -0.17650408741529
C            0.86027756091169        0.68227175448166        0.68490600015027
C           -0.46368088629722        0.09335232197234        1.18106599895275
C           -1.42490715983259       -0.24440357485674        0.06828660062406
O           -1.90657631130392       -1.35655461129741       -0.04452098308601
C           -1.76185029991726        0.86932656336411       -0.87924114442477
H            3.58867943272231        0.53810651981147        0.17871596554480
H            3.48633492480948       -0.44381480547513       -1.28296703901784
H            2.77916681572338        1.17185705808949       -1.25449936413112
H            1.83279695196251       -1.21579889110447        0.40549990769289
H            1.02629553285830       -0.60948205234246       -1.03402344165600
H            0.67441972868256        1.59343970245990        0.11589449638261
H            1.46662612076713        0.95025357689985        1.55213910585242
H           -0.27575194122144       -0.81393359360917        1.75882693731171
H           -0.95972359651978        0.81815921507961        1.83016337954277
H           -1.87951061244659        1.80767168533017       -0.34671226116928
H           -0.94623662008461        0.97922860944611       -1.59153865583926
H           -2.66640929845431        0.62607826151769       -1.42982350782130
19
 energy: -23.031835003435 gnorm: 0.000630856711 xtb: 6.7.1 (edcfbbe)
C            2.95492368734306        0.27341386479493       -0.66591285597557
C            1.63916851836734       -0.31524700031613       -0.17134391615126
C            0.86096486452075        0.68173725307943        0.68503843479946
C           -0.46471900859119        0.09464837965680        1.17971594543782
C           -1.42094244115829       -0.24433204056044        0.06334000972014
O           -1.89188325926014       -1.36013400940863       -0.05833280838704
C           -1.76688839827560        0.87243122456711       -0.87713954294524
H            3.59041846610210        0.54196364208677        0.17468207452771
H            3.48698185310321       -0.44636855303754       -1.28268322550593
H            2.77501985692896        1.16731205236143       -1.25877806095390
H            1.84016388474289       -1.21407912914070        0.41592313506805
H            1.02893095493383       -0.61957341580885       -1.02573584963615
H            0.67634104211720        1.59084529097596        0.11247970801648
H            1.46493287438925        0.95239144685256        1.55289321156791
H           -0.27803574646724       -0.81210831294583        1.75869847129032
H           -0.96138282201211        0.82100988639017        1.82640678677627
H           -1.88921161538877        1.80763406601173       -0.34024251427310
H           -0.95346839667340        0.99038796891598       -1.59072681462726
H           -2.67090550413402        0.62621514254880       -1.42736087762376
19
 energy: -23.031838729877 gnorm: 0.000426323524 xtb: 6.7.1 (edcfbbe)
C            2.95463730395826        0.27253741075926       -0.66649464714005
C            1.64122375470204       -0.31816272907551       -0.16767127130038
C            0.86218043213359        0.68120855221488        0.68532707664721
C           -0.46515728748317        0.09581540141628        1.17840650408623
C           -1.41748948881043       -0.24448487271603        0.05913276699667
O           -1.87892900636770       -1.36333621819447       -0.07006608807582
C           -1.77116561869127        0.87493940579608       -0.87545797534653
H            3.59019481732604        0.54760367706454        0.17196299085449
H            3.48829295325266       -0.44881980321234       -1.27996283180187
H            2.77126613246306        1.16263397272820       -1.26403016042023
H            1.84568576998491       -1.21368096667825        0.42340243713492
H            1.03065415332636       -0.62795319556244       -1.01982543388414
H            0.67904146279771        1.58921383351804        0.11050844644674
H            1.46438200745181        0.95315568235548        1.55398536421532
H           -0.28021026449051       -0.81015797147923        1.75915438514388
H           -0.96216503971705        0.82416589821479        1.82239580143534
H           -1.89707044526890        1.80721698686303       -0.33442490835044
H           -0.95995360383963        0.99974952124755       -1.59034283848825
H           -2.67500922213995        0.62650317176372       -1.42507830702814
19
 energy: -23.031840903921 gnorm: 0.000166426574 xtb: 6.7.1 (edcfbbe)
C            2.95463607347244        0.27175912427799       -0.66718773083784
C            1.64263885845223       -0.31988572021411       -0.16555485076301
C            0.86289613146165        0.68046822589501        0.68569594244947
C           -0.46577444484642        0.09691050007203        1.17767022470150
C           -1.41516735164021       -0.24476684468815        0.05621324786171
O           -1.86906310593296       -1.36587280687955       -0.07871101310030
C           -1.77407426039886        0.87673689691870       -0.87406464825610
H            3.58831049490075        0.55395676694798        0.17024384750532
H            3.49111044351666       -0.45156514902464       -1.27585170901078
H            2.76859427573621        1.15758340584021       -1.27011981454021
H            1.84923117104996       -1.21340056512586        0.42761847577396
H            1.03184166294958       -0.63275608281857       -1.01627473776532
H            0.68119259672105        1.58804425695064        0.10982980886386
H            1.46421620240982        0.95248121302141        1.55486501848305
H           -0.28205522615526       -0.80833325119406        1.75990125829067
H           -0.96319433282552        0.82683897399421        1.81936558446656
H           -1.90245939661319        1.80663052078806       -0.32971835277926
H           -0.96460006287949        1.00647652859281       -1.58986782084950
H           -2.67787091879063        0.62684176366948       -1.42313141936882
19
 energy: -23.031842004844 gnorm: 0.000141754280 xtb: 6.7.1 (edcfbbe)
C            2.95442841471476        0.27140110079111       -0.66746344060992
C            1.64293818439957       -0.32072132569603       -0.16491297163553
C            0.86326807072786        0.68009173127550        0.68592171235068
C           -0.46594635626163        0.09728564717585        1.17748982331333
C           -1.41358218251129       -0.24501099574656        0.05465165335319
O           -1.86319525173833       -1.36734514704117       -0.08361070484007
C           -1.77552701708731        0.87763351083573       -0.87314535804456
H            3.58594671863681        0.55982016377392        0.16953468448997
H            3.49382796299920       -0.45397452909395       -1.27112381983725
H            2.76741358005021        1.15337571465854       -1.27574184623021
H            1.85015864724524       -1.21368973470147        0.42890874787857
H            1.03191189368985       -0.63456019338800       -1.01515236418127
H            0.68232718185554        1.58783113097062        0.10995957312595
H            1.46433122949034        0.95178170951431        1.55540879743236
H           -0.28296312852310       -0.80749352591086        1.76070542247317
H           -0.96372844709571        0.82812579480841        1.81782465332229
H           -1.90487501749014        1.80625487950023       -0.32689533105831
H           -0.96692218546855        1.01001833790508       -1.58945731155094
H           -2.67940348704551        0.62732348739235       -1.42198060862648
19
 energy: -23.031842495286 gnorm: 0.000113446026 xtb: 6.7.1 (edcfbbe)
C            2.95428627665416        0.27120783089190       -0.66755984411396
C            1.64258568578509       -0.32052098205417       -0.16521596363678
C            0.86323055243598        0.68016734298777        0.68608123874461
C           -0.46596406302637        0.09730901384729        1.17757235501457
C           -1.41313389870702       -0.24528104731142        0.05437633251342
O           -1.86151488925487       -1.36796677038760       -0.08491514720479
C           -1.77551718952892        0.87782431551387       -0.87268542383428
H            3.58386107066562        0.56322449911147        0.16959993891483
H            3.49561037070473       -0.45569560770757       -1.26762896429783
H            2.76744607776563        1.15078775523221       -1.27926799461052
H            1.84940444109569       -1.21384487255546        0.42824090450782
H            1.03151733654403       -0.63379820941650       -1.01565562101356
H            0.68220189492722        1.58807408055418        0.11040907402621
H            1.46456059383044        0.95161293854885        1.55549066701743
H           -0.28281137793706       -0.80742743138783        1.76074274839499
H           -0.96397860590203        0.82800921598629        1.81785764998963
H           -1.90486630353543        1.80613663749389       -0.32591564134468
H           -0.96708608931120        1.01064724946223       -1.58911497110682
H           -2.67942307261787        0.62768179821419       -1.42149002683534
19
 energy: -23.031842644865 gnorm: 0.000092278596 xtb: 6.7.1 (edcfbbe)
C            2.95429064161765        0.27126339684869       -0.66742613349761
C            1.64214636520878       -0.32004257879801       -0.16580396819219
C            0.86299792435113        0.68037845134851        0.68595878697034
C           -0.46579646044127        0.09695616461835        1.17778859710115
C           -1.41331761255521       -0.24529335493896        0.05480575252320
O           -1.86250244838075       -1.36771299522497       -0.08400652678003
C           -1.77500566734594        0.87765837637675       -0.87267431841095
H            3.58293627862476        0.56446674351522        0.17001410248091
H            3.49632172500798       -0.45638513132328       -1.26592071265089
H            2.76802635458189        1.14998047018065       -1.28053129891486
H            1.84826144450028       -1.21392112627386        0.42711654508107
H            1.03105862888682       -0.63242234729260       -1.01659469584359
H            0.68164765839544        1.58845544808543        0.11065226348288
H            1.46458579102176        0.95165008529772        1.55523129627598
H           -0.28221500662977       -0.80799248406628        1.76053441785736
H           -0.96384396693615        0.82719972646647        1.81857927592341
H           -1.90378070840321        1.80625471538238       -0.32624805139695
H           -0.96638368319477        1.00974127305129       -1.58906828833854
H           -2.67901844772160        0.62791292377011       -1.42148573254571
19
 energy: -23.031842669918 gnorm: 0.000029586011 xtb: 6.7.1 (edcfbbe)
C            2.95435759436827        0.27124495763571       -0.66739332997759
C            1.64209708814785       -0.31990092823533       -0.16589413145223
C            0.86295418409707        0.68047651528502        0.68593327381286
C           -0.46575468695316        0.09683890577286        1.17775904525191
C           -1.41339685749642       -0.24531591891542        0.05486477998780
O           -1.86286749339485       -1.36769033865417       -0.08384383202296
C           -1.77495722541716        0.87768042615392       -0.87262203461009
H            3.58266758812464        0.56495772647334        0.17012266724665
H            3.49667750465240       -0.45669968075806       -1.26526332586013
H            2.76828398685255        1.14961386469528       -1.28105745164340
H            1.84805235603013       -1.21386391527132        0.42696590479113
H            1.03108804093717       -0.63215803326385       -1.01679927122932
H            0.68138830687209        1.58849004295071        0.11060215335010
H            1.46456165205461        0.95188906444000        1.55516105736100
H           -0.28197673697057       -0.80821993651976        1.76025573850143
H           -0.96381444779248        0.82683050800064        1.81883454203855
H           -1.90350718552411        1.80636106554613       -0.32625858693487
H           -0.96637714022268        1.00955280806759       -1.58912951974194
H           -2.67906771777756        0.62806062362029       -1.42131636774395
