----------------------------------------------- 
  Element       SASA      Sigma Z        Total  
     Z         Ang**2 cal/Ang**2/mol   kcal/mol 
----------------------------------------------- 
      H         98.912      48.690       4.816
      C         20.525     129.740       2.663
      N          4.674       0.000       0.000
      O         60.953       0.000       0.000

 Subtotal:     185.064                   7.479
 -----------------------------------------------

  Elements    COT*SASA   Sigma Z,Z'     Total   
    Z,Z'       Ang**2  cal/Ang**2/mol kcal/mol  
 ---------------------------------------------- 
  H   C         66.703     -60.770      -4.054
  H   O          0.000       0.000       0.000
  C   C         13.728     -72.950      -1.001
  O   C          0.000      68.690       0.000
  O   O          0.000       0.000       0.000
  C   N          0.000       0.000       0.000
  N   C          0.000     -48.220      -0.000
  N  C(3)        0.000      84.100       0.000
  O   N         36.085     121.980       4.402

 Subtotal:                              -0.653
 ---------------------------------------------- 

 NONAQUEOUS SOLVENT CONTRIBUTION (kcal/mol):
 (proportional to SASA, atomic number independent)
 ---------------------------------------------- 
 Subtotal:                               0.000
 ---------------------------------------------- 

 CDS TOTAL (kcal/mol):                   6.826
...............................................................................
