17
 energy: -21.968751113025 gnorm: 0.028418284157 xtb: 6.7.1 (edcfbbe)
C            2.35854910637762       -1.28445510178588        0.27830777268358
C            2.38106477511194        0.02635259420166       -0.50107262494718
C            1.31843135833281        1.02667050024769       -0.00877172980823
C           -0.06350654400893        0.53415268826669       -0.22538424351280
C           -1.00483196901301        0.41395366988395        0.72803277506691
C           -2.35075638256499       -0.06837536818984        0.44828429782921
O           -2.76676933289324       -0.42077892145661       -0.65627016161937
H            2.50042484683047       -1.10426286830614        1.35012233909696
H            1.40383124334044       -1.80696422491654        0.15193798675603
H            3.15465692967655       -1.95596657737063       -0.05860311799713
H            2.22342644021495       -0.16830066405948       -1.56875727446065
H            3.36378190222510        0.50071153880365       -0.40558289789573
H            1.43463445351671        1.95901387541135       -0.58052599092425
H            1.47826162702133        1.26199816769034        1.04944739667298
H           -0.32055584461566        0.24633852911392       -1.24628048783217
H           -0.78836160309891        0.68242178879873        1.75967993436991
H           -3.02896512462231       -0.10766812623750        1.32281009119790
17
 energy: -21.969513135110 gnorm: 0.007788564939 xtb: 6.7.1 (edcfbbe)
C            2.35055386092928       -1.27604235253064        0.27910822241370
C            2.37794405843556        0.02821105854607       -0.50372938715604
C            1.31775807498929        1.02199693207266       -0.00524538108076
C           -0.06128826226095        0.52629106189452       -0.22231937688177
C           -1.00060538556766        0.41183945547545        0.72727699244778
C           -2.33879821519008       -0.06619659761258        0.44294300309691
O           -2.75040844324129       -0.41797446099944       -0.65145156232682
H            2.49680139298908       -1.09141408180161        1.34310149118365
H            1.39610079421438       -1.78661302971681        0.15052632756612
H            3.14230344180556       -1.94123324505622       -0.06259860182856
H            2.21323852563337       -0.17618474191717       -1.56483521985499
H            3.36176072636324        0.49238961711549       -0.40268968655042
H            1.43326831431536        1.95034866588581       -0.57524965750540
H            1.48059487281308        1.24626654474888        1.05120308260074
H           -0.31980863874053        0.23852403182194       -1.23677671949155
H           -0.79105655821483        0.68257733517568        1.75332351850547
H           -3.01504267744199       -0.10794469300666        1.31478701953788
17
 energy: -21.969585074943 gnorm: 0.002367331551 xtb: 6.7.1 (edcfbbe)
C            2.34503232481811       -1.27387420181205        0.27958536458942
C            2.37602734715485        0.02979233835387       -0.50626719944132
C            1.31941172441992        1.02354307455901       -0.00406630251766
C           -0.05841427545958        0.52574676650875       -0.22050841123861
C           -0.99709086235041        0.41259238387742        0.72881914377502
C           -2.32983305460521       -0.07270324044472        0.43953886846287
O           -2.74030179631915       -0.41982808407126       -0.65351538021287
H            2.49513691194344       -1.08559047775104        1.33995240118275
H            1.38795031900903       -1.77581015436910        0.15401115402979
H            3.13140675756885       -1.94138098075596       -0.06385997097504
H            2.20574722955829       -0.17740021404029       -1.56416089236100
H            3.36041116210035        0.48969428128181       -0.40672000895460
H            1.43164736740743        1.95256799193702       -0.56997782270555
H            1.48340594218100        1.23907749823471        1.05245599909144
H           -0.31634595554012        0.23058408986455       -1.23079338253521
H           -0.79168394184892        0.68441903819538        1.75316198586182
H           -3.00919131820701       -0.10658860947276        1.30971851862468
17
 energy: -21.969597478532 gnorm: 0.003262729151 xtb: 6.7.1 (edcfbbe)
C            2.34068958392570       -1.27266637130529        0.27986141542456
C            2.37512298370826        0.03069478260034       -0.50895538799292
C            1.32179662309289        1.02496700174772       -0.00243134989062
C           -0.05514035993793        0.52437715870683       -0.21791906404772
C           -0.99544250477290        0.41583659284181        0.73047412895786
C           -2.32723121082489       -0.06771221150038        0.43464227860141
O           -2.73146976453353       -0.42535936769396       -0.65654923398350
H            2.49580175595543       -1.08175055210691        1.33825121286613
H            1.37999615217060       -1.76732806720409        0.15855699192607
H            3.12141319372931       -1.94447666279369       -0.06591214061244
H            2.19977827715961       -0.17794550926758       -1.56498872698176
H            3.36067129584285        0.48716606478235       -0.41246641221272
H            1.43152960104336        1.95542747832826       -0.56490407180312
H            1.48685692559767        1.23503454899296        1.05441304126072
H           -0.31291934918535        0.22438105230928       -1.22608892002177
H           -0.79452915337244        0.69126503824021        1.75390447728572
H           -3.00360816776777       -0.11706947658247        1.30748582590006
17
 energy: -21.969618253858 gnorm: 0.001334098146 xtb: 6.7.1 (edcfbbe)
C            2.33945650752124       -1.27235407026280        0.27959078799578
C            2.37504047204945        0.03087772263331       -0.51010608109992
C            1.32302384689168        1.02573836140458       -0.00135951069510
C           -0.05438111368382        0.52568077922555       -0.21662611977175
C           -0.99553462899034        0.41730120588547        0.73140682310006
C           -2.32524467584279       -0.07317485432388        0.43460181420776
O           -2.72812337216306       -0.42930480409075       -0.65833006937208
H            2.49809099998503       -1.08124216896881        1.33798891878672
H            1.37654816674698       -1.76448015676214        0.16131408976264
H            3.11724073152739       -1.94725938129804       -0.06797350760738
H            2.19769671372212       -0.17761551493143       -1.56611925119138
H            3.36171198486043        0.48587805604605       -0.41584801311889
H            1.43269406158076        1.95735306564038       -0.56244984143690
H            1.48886169700738        1.23506772626911        1.05578086978904
H           -0.31154446248083        0.22317334308306       -1.22469871678476
H           -0.79685953655921        0.69564869929154        1.75487447536344
H           -3.00536151034156       -0.11644650874583        1.30532739674865
17
 energy: -21.969628557639 gnorm: 0.001041342100 xtb: 6.7.1 (edcfbbe)
C            2.33690543313910       -1.27203867611803        0.27865106988110
C            2.37396889779012        0.03103486822077       -0.51151663357029
C            1.32535020227251        1.02764414390351        0.00091037215545
C           -0.05262883469366        0.52824449133521       -0.21347092748216
C           -0.99638772789550        0.42269076022352        0.73262860321283
C           -2.32230459115585       -0.07823503704676        0.43318179392954
O           -2.71916935972808       -0.43850132972247       -0.66129221465752
H            2.50450706880408       -1.08138459279727        1.33637199096635
H            1.36934589113940       -1.75803787538299        0.16806965262253
H            3.10745666803718       -1.95338486731206       -0.07385883172319
H            2.19216482661271       -0.17685601335944       -1.56725518055820
H            3.36272822237843        0.48305768571446       -0.42191154412155
H            1.43522108489248        1.96118150255613       -0.55778593712425
H            1.49327755757283        1.23538170017195        1.05838032452062
H           -0.30758500772580        0.21860250870593       -1.22059796697805
H           -0.80278892562665        0.70647130985679        1.75596511731319
H           -3.00674552398242       -0.12102907885387        1.30090437628954
17
 energy: -21.969633342250 gnorm: 0.000458053547 xtb: 6.7.1 (edcfbbe)
C            2.33586755088758       -1.27197830842670        0.27799168399193
C            2.37326074146189        0.03100404588948       -0.51161137052189
C            1.32608248922563        1.02813374429599        0.00220476499187
C           -0.05174054318194        0.52849423630090       -0.21166808737014
C           -0.99717112620895        0.42558791780041        0.73279467654769
C           -2.32138527048398       -0.07869386136153        0.43232475485089
O           -2.71458921272395       -0.44324272055939       -0.66192980574337
H            2.50890076369730       -1.08280386275502        1.33502910950844
H            1.36655280196696       -1.75522622306835        0.17167287248528
H            3.10263561898995       -1.95543499555123       -0.07829982515958
H            2.18989075764018       -0.17625757103888       -1.56724830360025
H            3.36251282680494        0.48218225337377       -0.42328836295402
H            1.43615353249765        1.96185863471292       -0.55621075285400
H            1.49486908377095        1.23572368413016        1.05959130880447
H           -0.30536953729630        0.21608815605785       -1.21822777336706
H           -0.80634947313663        0.71323143745939        1.75553368178317
H           -3.00680512208039       -0.12382506716441        1.29871549328254
17
 energy: -21.969636042154 gnorm: 0.000271441600 xtb: 6.7.1 (edcfbbe)
C            2.33564045103749       -1.27242905422727        0.27700105579544
C            2.37270230145064        0.03115955919225       -0.51101486350223
C            1.32631790370430        1.02861489591217        0.00369033868672
C           -0.05132569181097        0.52895280861808       -0.20996246528509
C           -0.99864389799840        0.42917806074357        0.73272705342987
C           -2.32093464777326       -0.07901350744565        0.43146277264610
O           -2.71051978268263       -0.44861270445660       -0.66228580535006
H            2.51560549158566       -1.08540135781299        1.33310809596358
H            1.36424518660333       -1.75231840288292        0.17579208454985
H            3.09798717148947       -1.95776685197524       -0.08486635578232
H            2.18824967017868       -0.17515803788725       -1.56660431870819
H            3.36224745165495        0.48168401711741       -0.42319111346349
H            1.43643777178402        1.96207891481692       -0.55500194758946
H            1.49571897120805        1.23629522396631        1.06090346300407
H           -0.30269438425683        0.21176479368438       -1.21553092773192
H           -0.81024028051017        0.72067478340693        1.75468455873934
H           -3.00747780383346       -0.12486164067471        1.29646243927373
17
 energy: -21.969637100437 gnorm: 0.000244218247 xtb: 6.7.1 (edcfbbe)
C            2.33609578964979       -1.27269665938990        0.27630530050573
C            2.37283505297417        0.03150870365818       -0.51087183122400
C            1.32632966665190        1.02833460755333        0.00487679874548
C           -0.05091355554084        0.52765540334794       -0.20879640469320
C           -0.99967544429901        0.43061541810019        0.73276802115048
C           -2.32113006811923       -0.07920150308700        0.43089640739419
O           -2.70866375280240       -0.45226222723730       -0.66239650961541
H            2.52134689635809       -1.08736917444300        1.33176609063847
H            1.36324514973229       -1.75036342901321        0.17896235595120
H            3.09521109402296       -1.95927060421317       -0.08986668442014
H            2.18798426195840       -0.17401246072795       -1.56654949445245
H            3.36227888807490        0.48216101801757       -0.42293765717557
H            1.43587902004187        1.96190826572504       -0.55373450845421
H            1.49583790041483        1.23598014313155        1.06205934377223
H           -0.30128480055695        0.20881929738191       -1.21399739650508
H           -0.81314079959826        0.72623871959042        1.75392103830178
H           -3.00891941713164       -0.12320401829922        1.29496919475645
17
 energy: -21.969637952800 gnorm: 0.000147451024 xtb: 6.7.1 (edcfbbe)
C            2.33736501626805       -1.27299301793676        0.27562317988937
C            2.37315461941102        0.03191533334566       -0.51059944912051
C            1.32599936025394        1.02778267298638        0.00576605479038
C           -0.05110476082795        0.52677407285418       -0.20823924593301
C           -1.00088235365188        0.43188406917234        0.73256275485052
C           -2.32202406497997       -0.07861706640546        0.43046701412906
O           -2.70830609535959       -0.45467822923858       -0.66223730072188
H            2.52695961789809       -1.08889924855851        1.33050954803047
H            1.36336086646749       -1.74893994481111        0.18153275005388
H            3.09393194996183       -1.96046787221306       -0.09408755143193
H            2.18832732906783       -0.17299799096868       -1.56639707475713
H            3.36239277188695        0.48297643638037       -0.42242972656922
H            1.43496146267337        1.96170960972245       -0.55242914102061
H            1.49540481005379        1.23516460898045        1.06301336204467
H           -0.30024541930773        0.20511884730188       -1.21290509864164
H           -0.81514432148432        0.72934631480261        1.75326955976693
H           -3.01083490650006       -0.12023709531878        1.29395442931659
17
 energy: -21.969638673988 gnorm: 0.000102682981 xtb: 6.7.1 (edcfbbe)
C            2.33924635113386       -1.27319882335661        0.27490775376231
C            2.37366385526610        0.03233513846909       -0.51042798132372
C            1.32548270758002        1.02670166439590        0.00653662070928
C           -0.05137791532504        0.52510575082417       -0.20794562050627
C           -1.00192813480027        0.43227827688529        0.73230350784847
C           -2.32331136231021       -0.07770739158546        0.43020697541365
O           -2.70899613001096       -0.45651794250280       -0.66175034466408
H            2.53196515823515       -1.08986961397516        1.32931981516084
H            1.36454079808590       -1.74813600577838        0.18323490540202
H            3.09415433003400       -1.96103602413840       -0.09743083971215
H            2.18911729118650       -0.17213418816975       -1.56635178978376
H            3.36247242044673        0.48429437187818       -0.42193921210554
H            1.43349737186478        1.96134297958832       -0.55072453457046
H            1.49452786252764        1.23337218623390        1.06398623131222
H           -0.29972367550318        0.20175538773794       -1.21225391357811
H           -0.81676023597501        0.73157463535259        1.75259002521737
H           -3.01325481060515       -0.11531890176346        1.29311246609387
17
 energy: -21.969639161475 gnorm: 0.000115946882 xtb: 6.7.1 (edcfbbe)
C            2.34083871832124       -1.27322068772667        0.27441658898337
C            2.37408683893453        0.03260726285322       -0.51055243100850
C            1.32507197788568        1.02560980190734        0.00712887129226
C           -0.05166657531365        0.52371373829860       -0.20779892687408
C           -1.00271276689426        0.43236791445330        0.73211815173625
C           -2.32454398825483       -0.07663815257969        0.43012263253777
O           -2.70992881524358       -0.45761616455172       -0.66121248190904
H            2.53463445819959       -1.09027015936338        1.32871460272886
H            1.36617263863653       -1.74839398672878        0.18357602953327
H            3.09551855352353       -1.96072002797940       -0.09896541874723
H            2.18969969535727       -0.17157086889884       -1.56658448196748
H            3.36250071502029        0.48547351678795       -0.42196313638524
H            1.43241987016386        1.96088064945196       -0.54923215868260
H            1.49380701544217        1.23158952560294        1.06478499884852
H           -0.29952616376231        0.19937490152318       -1.21192722615263
H           -0.81775999562962        0.73259540357363        1.75218612704137
H           -3.01529629455558       -0.11094116652827        1.29256232370107
17
 energy: -21.969639600906 gnorm: 0.000099067369 xtb: 6.7.1 (edcfbbe)
C            2.34248770659034       -1.27335222380874        0.27386331873900
C            2.37429722808624        0.03275871029772       -0.51065677366185
C            1.32467003519553        1.02466858259388        0.00767998336330
C           -0.05191172461429        0.52239192182720       -0.20752096540303
C           -1.00341614464719        0.43241424105293        0.73206375583083
C           -2.32564757202970       -0.07557469256646        0.43006663912542
O           -2.71063513142977       -0.45852908819326       -0.66071611213452
H            2.53618354691441       -1.09037734183072        1.32817939292588
H            1.36819973054571       -1.74933385521669        0.18303257796191
H            3.09776898023247       -1.96013024015269       -0.09968704747316
H            2.18975842440781       -0.17127947593222       -1.56668818988463
H            3.36237804235514        0.48642176768046       -0.42231100398884
H            1.43135138292242        1.96057759485607       -0.54776966585339
H            1.49327388328883        1.22985306581353        1.06551358538604
H           -0.29943522571616        0.19743019598241       -1.21151875754193
H           -0.81877032769367        0.73367877169788        1.75190576820456
H           -3.01723695257725       -0.10677643400593        1.29193755908037
17
 energy: -21.969640082897 gnorm: 0.000076320433 xtb: 6.7.1 (edcfbbe)
C            2.34442331974980       -1.27346698450505        0.27319326440936
C            2.37443330384810        0.03284742898736       -0.51101746496413
C            1.32426848796100        1.02344531993532        0.00856101518242
C           -0.05222248862260        0.52099252230173       -0.20684611973100
C           -1.00444155723810        0.43286544839704        0.73217707889478
C           -2.32694908011564       -0.07422657705828        0.42990513702536
O           -2.71106466915579       -0.45964986891142       -0.66031337898656
H            2.53759133695071       -1.09048900706470        1.32762925063621
H            1.37094365385923       -1.75103814315693        0.18199866740236
H            3.10093133796494       -1.95890402637793       -0.10034680847804
H            2.18930382331336       -0.17101076223291       -1.56698700509325
H            3.36214011258590        0.48744784159759       -0.42327138614679
H            1.43026792601741        1.96000370087243       -0.54592050986429
H            1.49293552452522        1.22777949396130        1.06655263472636
H           -0.29920197375349        0.19484859446372       -1.21059248327401
H           -0.82034833683328        0.73546173793877        1.75172607753622
H           -3.01969483922589       -0.10206521905268        1.29092609540093
17
 energy: -21.969640509278 gnorm: 0.000065654194 xtb: 6.7.1 (edcfbbe)
C            2.34688889709650       -1.27380542356178        0.27225903789460
C            2.37443102407136        0.03290118754307       -0.51136438679781
C            1.32381226972143        1.02214434033814        0.00975287463583
C           -0.05253948358128        0.51936525770080       -0.20567565341412
C           -1.00588502103843        0.43387887974538        0.73246775559067
C           -2.32845141231343       -0.07264273060671        0.42957123647422
O           -2.71109133369822       -0.46110336077560       -0.66009939596795
H            2.53973136542222       -1.09089830620174        1.32678413373108
H            1.37429220620338       -1.75318176083946        0.18091415064106
H            3.10470354386743       -1.95770528939239       -0.10154524729796
H            2.18829188322143       -0.17069920338028       -1.56720652851412
H            3.36174951772169        0.48853469895210       -0.42461679169924
H            1.42891484955954        1.95943305836562       -0.54372204854367
H            1.49279450386988        1.22558378930595        1.06787030542118
H           -0.29876011224855        0.19138830021694       -1.20901791484241
H           -0.82283890536863        0.73864143792691        1.75156548981550
H           -3.02272791067546       -0.09699337524157        1.28943704754906
17
 energy: -21.969640723806 gnorm: 0.000036640911 xtb: 6.7.1 (edcfbbe)
C            2.34877051328341       -1.27408043337342        0.27146141057272
C            2.37444103661699        0.03296294682423       -0.51165075291451
C            1.32349469377415        1.02109026806249        0.01082760420815
C           -0.05276719944406        0.51810466532508       -0.20452712613498
C           -1.00715832708078        0.43503150267250        0.73276255756431
C           -2.32954458466218       -0.07149533491874        0.42919864443645
O           -2.71083588167626       -0.46222332884562       -0.66011076628535
H            2.54192678140375       -1.09137313866062        1.32595911928148
H            1.37673112486913       -1.75463416899436        0.18038227849292
H            3.10726898989873       -1.95685165574165       -0.10301238271127
H            2.18740089105696       -0.17040973944555       -1.56736914665004
H            3.36148292597388        0.48933511853754       -0.42571469161835
H            1.42785009849441        1.95889216156203       -0.54194328375301
H            1.49281446494388        1.22393273365885        1.06900193296228
H           -0.29825093082535        0.18810647777046       -1.20738988616619
H           -0.82523103233649        0.74194022607754        1.75140104558326
H           -3.02507768245931       -0.09348680041539        1.28809750780807
17
 energy: -21.969640802431 gnorm: 0.000029074476 xtb: 6.7.1 (edcfbbe)
C            2.34969960299163       -1.27428372588870        0.27101778788521
C            2.37444329823895        0.03300492215190       -0.51172397083224
C            1.32335427868788        1.02061977538841        0.01138191944877
C           -0.05284366323776        0.51746389081090       -0.20388235566560
C           -1.00788576951188        0.43589324566567        0.73288698862695
C           -2.33007363481915       -0.07095315283771        0.42899237376773
O           -2.71062461419515       -0.46280631946928       -0.66018732865845
H            2.54336772753238       -1.09187480424035        1.32547133960373
H            1.37779881480510       -1.75517741609901        0.18031952500868
H            3.10823630695299       -1.95666617821790       -0.10409709027130
H            2.18703586952371       -0.17012914643131       -1.56742566567691
H            3.36134181994698        0.48973633692021       -0.42609184622397
H            1.42729832683063        1.95865155292053       -0.54111770416881
H            1.49285731329554        1.22326890709476        1.06956991729826
H           -0.29787007147283        0.18613475099990       -1.20642347846439
H           -0.82665499936875        0.74413895376623        1.75123456391423
H           -3.02616472436943       -0.09218009243890        1.28744908908404
