16
 energy: -21.775666987378 gnorm: 0.028200024792 xtb: 6.7.1 (edcfbbe)
C           -1.73936645545604       -1.21154905305372        0.01943573309284
O           -1.79636493528914        0.16621954254639       -0.35866530646100
C           -0.84281307534344        0.99604639158223        0.31082492486902
C            0.57892392554526        0.86804689984168       -0.19198987934143
O            1.20293847653973       -0.29674086501226        0.35603538254830
C            2.53721061842876       -0.44137585239696       -0.12890481187119
H           -1.72400575392803       -1.31969660133293        1.11252163114743
H           -0.86191437871367       -1.71638917910894       -0.40128301066832
H           -2.64286719088504       -1.68482628247775       -0.37232928881035
H           -1.17092993867576        2.02466283091722        0.12893627199375
H           -0.87509888834896        0.81005337010265        1.39575913548136
H            1.14141964889903        1.76539680363442        0.11442385478230
H            0.58677924881761        0.82200496969048       -1.29288644777017
H            2.55026296408345       -0.56865185487089       -1.22102335402193
H            2.96181189697594       -1.33133275711887        0.34172943451854
H            3.14959829911248        0.43371716748467        0.13350340862492
16
 energy: -21.776855072843 gnorm: 0.011583767161 xtb: 6.7.1 (edcfbbe)
C           -1.73068111058842       -1.20651373247506        0.02247897152592
O           -1.79082864429319        0.16405497771895       -0.34324101611901
C           -0.84736331998305        0.99421630862184        0.31660026578769
C            0.57940567161063        0.86633538570902       -0.19924575117208
O            1.20819300176134       -0.29031983662739        0.33803829513404
C            2.53690926837418       -0.44272747401358       -0.12982615308323
H           -1.72211549091228       -1.31319851789171        1.11172140615753
H           -0.84231635649346       -1.69184353293571       -0.39088563839948
H           -2.62933219098452       -1.66775121007561       -0.38631781055031
H           -1.19638087417493        2.01364027752348        0.13071598495126
H           -0.86696967436084        0.79377982775970        1.39651624188765
H            1.14783795257931        1.75795423152177        0.10514227152566
H            0.57694688666061        0.81078218067805       -1.29741578196144
H            2.55090755400876       -0.56898679366705       -1.21826581514840
H            2.93820876368792       -1.33334319739371        0.35044477561292
H            3.14316302487011        0.42950663597438        0.13962743196534
16
 energy: -21.777121519447 gnorm: 0.003298530144 xtb: 6.7.1 (edcfbbe)
C           -1.72187065219786       -1.20209829425553        0.02387415204609
O           -1.78969267245593        0.16615228141754       -0.32943508788342
C           -0.84952829773121        0.99345249106630        0.32225125526966
C            0.57851054904756        0.86666552513690       -0.20908387053069
O            1.20251023258049       -0.28701203076581        0.32528318501900
C            2.53008893895308       -0.44427717560243       -0.12798625975323
H           -1.72677557729330       -1.31704928602600        1.11130379812713
H           -0.82183955230540       -1.67378383702771       -0.37805056893367
H           -2.60992187101641       -1.66244936907633       -0.40374831562353
H           -1.20463968238693        2.00926015821612        0.13863958209611
H           -0.85004266173530        0.78528611891711        1.40009237813528
H            1.14949411622387        1.75790027270898        0.08853869555190
H            0.56014762004036        0.80701225666371       -1.30642868832191
H            2.55620995684770       -0.56977592204912       -1.21523889643374
H            2.91441647865173       -1.33658721813066        0.35841219344031
H            3.13851753653974        0.42288955923432        0.14766412590876
16
 energy: -21.777209647485 gnorm: 0.002304022121 xtb: 6.7.1 (edcfbbe)
C           -1.71623588748434       -1.19945688203638        0.02440205779470
O           -1.79335444510121        0.17013634207263       -0.31816768740585
C           -0.85106146765210        0.99531157783386        0.32669502817781
C            0.57536909389660        0.86706810058024       -0.21808321258700
O            1.19608210803066       -0.28544155080200        0.31642117933244
C            2.52554350980135       -0.44676083720902       -0.12548994944250
H           -1.73579735212946       -1.32457218475131        1.11134704938852
H           -0.80491568701436       -1.65956769241500       -0.36665445988293
H           -2.59242292917249       -1.66587325010888       -0.42037909317215
H           -1.20607234198315        2.01159092063802        0.14990206507992
H           -0.83596795483235        0.78378764843951        1.40399651723079
H            1.14898776317329        1.75923554078894        0.07103075578067
H            0.54491155645445        0.80535717148996       -1.31531822870739
H            2.56300236597663       -0.57096979338379       -1.21300834445328
H            2.90094053501290       -1.34132778590670        0.36335435147853
H            3.13657559478577        0.41706820519731        0.15603964950177
16
 energy: -21.777258431824 gnorm: 0.002702511867 xtb: 6.7.1 (edcfbbe)
C           -1.71330382709457       -1.19766708027338        0.02479735319473
O           -1.79912516711023        0.17416345000360       -0.30918554861754
C           -0.85147420041752        0.99690245662131        0.32996717577188
C            0.57199682308294        0.86670082671690       -0.22529141649749
O            1.19148652521989       -0.28510650203987        0.31067327511644
C            2.52344405038903       -0.44850940846438       -0.12344816067560
H           -1.74657215286255       -1.33174219536785        1.11124059305876
H           -0.79238107694172       -1.64731496826666       -0.35656842289359
H           -2.57833501160605       -1.67105803765012       -0.43475439254131
H           -1.20455999788375        2.01506589057929        0.16028309911459
H           -0.82609349362478        0.78428896331163        1.40709790987104
H            1.14793634744897        1.76005239650111        0.05604069781559
H            0.53327253784189        0.80308590114565       -1.32245002918785
H            2.56904838561020       -0.57130652249379       -1.21139125987944
H            2.89429842465732       -1.34520257314967        0.36561737426591
H            3.13594629505311        0.41323293325361        0.16345943019797
16
 energy: -21.777282858527 gnorm: 0.001999078072 xtb: 6.7.1 (edcfbbe)
C           -1.71315459363274       -1.19656461779001        0.02506966659139
O           -1.80319928598176        0.17673997690892       -0.30428887224028
C           -0.85079516221337        0.99738319776537        0.33198499284245
C            0.56973921003031        0.86505879181881       -0.22889553452900
O            1.19037518510046       -0.28588154842934        0.30870851802172
C            2.52381680943793       -0.44858203753828       -0.12262480523219
H           -1.75636780897729       -1.33547872099684        1.11076367137081
H           -0.78635201982417       -1.63944414160135       -0.34911116948690
H           -2.57079325833639       -1.67355892736706       -0.44447592225157
H           -1.20227708089995        2.01704276710652        0.16615818025420
H           -0.82176233482551        0.78432716295185        1.40892672113866
H            1.14715167567678        1.75918092132082        0.04730478274461
H            0.52710060724235        0.79896109655127       -1.32583487353761
H            2.57241784975193       -0.56989047054372       -1.21070130800983
H            2.89391216232559       -1.34635486793023        0.36549242864557
H            3.13577250688801        0.41264694820065        0.16761120179202
16
 energy: -21.777312721011 gnorm: 0.000980272552 xtb: 6.7.1 (edcfbbe)
C           -1.71534550507524       -1.19464689210709        0.02552603218651
O           -1.80850070766259        0.18046937678336       -0.29806076643361
C           -0.84869776280866        0.99706013724667        0.33538688440395
C            0.56682572009477        0.86062838207013       -0.23287979716066
O            1.19140585771139       -0.28809615026695        0.30770391516953
C            2.52646602401282       -0.44683184640601       -0.12212085593088
H           -1.77716727715345       -1.33943845107352        1.10959380421306
H           -0.77918853292931       -1.62799119892259       -0.33456101052598
H           -2.56122571388406       -1.67467281380118       -0.46173071095374
H           -1.19794411923887        2.01860141259089        0.17379811088400
H           -0.81682511932065        0.78235827874321        1.41180069390043
H            1.14679659596921        1.75573980878682        0.03482242889261
H            0.51874785111763        0.78824251036633       -1.32917958716233
H            2.57692592641174       -0.56483647999267       -1.21025798117535
H            2.89760882242584       -1.34565931726296        0.36362941651727
H            3.13570240209161        0.41465877367294        0.17261710128924
16
 energy: -21.777332969627 gnorm: 0.001049373454 xtb: 6.7.1 (edcfbbe)
C           -1.71906560147454       -1.19259873177049        0.02584852325751
O           -1.81080800639451        0.18340354693575       -0.29383239488988
C           -0.84655187451771        0.99587911575867        0.33902274612769
C            0.56548622661174        0.85596364157382       -0.23562766542700
O            1.19406575718493       -0.28999022834491        0.30741594319334
C            2.52981101619987       -0.44386351027758       -0.12204872347143
H           -1.80124554264400       -1.34158577198516        1.10808188705324
H           -0.77429971581952       -1.62012654798353       -0.31783533495543
H           -2.55395373395613       -1.67279439915727       -0.47976766761598
H           -1.19443358188591        2.01824961116966        0.18037321598832
H           -0.81213132039352        0.77777446853234        1.41465498807150
H            1.14783327672658        1.75177731849691        0.02376562209064
H            0.51140729239590        0.77643392848110       -1.33113465904450
H            2.58091009836191       -0.55856898625964       -1.21027458322491
H            2.90266884955715       -1.34290045612488        0.36181251895033
H            3.13589132180993        0.41853253138257        0.17563326201062
16
 energy: -21.777347166001 gnorm: 0.000908421580 xtb: 6.7.1 (edcfbbe)
C           -1.72507112513403       -1.19024050291866        0.02607820883097
O           -1.81240082206021        0.18660615163222       -0.29021191565047
C           -0.84396090602276        0.99370121341480        0.34326031355563
C            0.56493816032903        0.85088959128684       -0.23889184381899
O            1.19799668706157       -0.29147536113852        0.30703354704361
C            2.53445720336236       -0.43977750032324       -0.12185535562928
H           -1.83323826975832       -1.34374127651331        1.10547148017679
H           -0.77110484897811       -1.61397526184739       -0.29602485773512
H           -2.54624180513678       -1.66984855108169       -0.50162317308024
H           -1.18981552728488        2.01734305648912        0.18990358843398
H           -0.80572458619075        0.77046989291051        1.41763608909163
H            1.14922406019477        1.74796465577671        0.01042129046637
H            0.50306150851144        0.76347640550938       -1.33333744614805
H            2.58642041195408       -0.55175924179273       -1.21022432555113
H            2.91016067660222       -1.33836275744433        0.36042566362905
H            3.13688364431255        0.42431501646767        0.17802641449933
16
 energy: -21.777352102349 gnorm: 0.000462287804 xtb: 6.7.1 (edcfbbe)
C           -1.72966984241503       -1.18924706650863        0.02625332018454
O           -1.81222860262704        0.18784360015252       -0.28981984773895
C           -0.84245026456971        0.99171650552003        0.34521925595494
C            0.56536512095851        0.84869866090756       -0.24054732671586
O            1.20072503156645       -0.29165368576761        0.30652915922820
C            2.53757387777805       -0.43720512695346       -0.12194306383014
H           -1.85232741681517       -1.34380203001948        1.10364241855944
H           -0.77174478338798       -1.61309464785217       -0.28341485032835
H           -2.54354731248217       -1.66798417462370       -0.51276956315410
H           -1.18711958690376        2.01631951043200        0.19605930238188
H           -0.80216487295408        0.76471398708815        1.41867589748901
H            1.14962036992637        1.74675154116087        0.00443985418250
H            0.49996879020227        0.75825251948580       -1.33444640333347
H            2.59018471257441       -0.54933749517680       -1.21030467860233
H            2.91534653970312       -1.33473326321867        0.36071616735983
H            3.13805270120794        0.42834669580096        0.17779803647693
16
 energy: -21.777354848523 gnorm: 0.000263774766 xtb: 6.7.1 (edcfbbe)
C           -1.73338160268059       -1.18899445618682        0.02654325700739
O           -1.81122668970056        0.18801056165820       -0.29139474625984
C           -0.84146874628137        0.98983582168964        0.34581976727753
C            0.56640442897659        0.84811665952125       -0.24089157640650
O            1.20301833240728       -0.29134519797870        0.30611042139666
C            2.53993800593611       -0.43551343991863       -0.12246348041814
H           -1.86631271115951       -1.34247066668929        1.10278859352468
H           -0.77323318742939       -1.61454052965252       -0.27427061513646
H           -2.54288156818993       -1.66704809654309       -0.51958475671725
H           -1.18565483454677        2.01506692939571        0.20001411139370
H           -0.80050331393461        0.75977722821597        1.41850874380188
H            1.14989909917582        1.74691643247255        0.00305466329683
H            0.49987105638041        0.75723114636294       -1.33463351337966
H            2.59250413777542       -0.54946929717333       -1.21065458010153
H            2.91945037658838       -1.33156237805521        0.36162024185056
H            3.13916167844489        0.43157481330871        0.17552114698422
16
 energy: -21.777356659067 gnorm: 0.000271482781 xtb: 6.7.1 (edcfbbe)
C           -1.73678950860753       -1.18920049100801        0.02679335402191
O           -1.80941933790473        0.18743952517058       -0.29448102002968
C           -0.84074341714093        0.98804548205906        0.34567689095452
C            0.56777021020398        0.84833156727117       -0.24046593410211
O            1.20500215650507       -0.29107773611210        0.30558190805699
C            2.54193963175269       -0.43425690621529       -0.12337686628938
H           -1.87714733828301       -1.33998400910065        1.10219771100539
H           -0.77588232210242       -1.61769282072471       -0.26691034248316
H           -2.54366724139934       -1.66663459968726       -0.52330960597544
H           -1.18486478594770        2.01366420366886        0.20243353641364
H           -0.80037127466674        0.75526900427886        1.41775092552587
H            1.15011935879551        1.74747615024706        0.00509301811867
H            0.50210450685924        0.75898080971832       -1.33439317960863
H            2.59420815279462       -0.55093785234420       -1.21136397269618
H            2.92324754769295       -1.32839378013394        0.36286259970632
H            3.14007812321051        0.43455698333964        0.17199865549535
16
 energy: -21.777357296359 gnorm: 0.000368638068 xtb: 6.7.1 (edcfbbe)
C           -1.73893760839412       -1.18950153711706        0.02726457212424
O           -1.80803811746907        0.18665815906091       -0.29709903447428
C           -0.84033150416827        0.98682649034571        0.34520562263234
C            0.56887074484562        0.84879530039048       -0.23962997877900
O            1.20629483962473       -0.29117359191191        0.30502646933192
C            2.54318382776258       -0.43365858239689       -0.12439727264949
H           -1.88602098467357       -1.33781425161081        1.10246231888113
H           -0.77648972696790       -1.61952286798953       -0.26018967644166
H           -2.54349020876066       -1.66704809296261       -0.52690938608149
H           -1.18463461905325        2.01256994852378        0.20319803072750
H           -0.80095807564907        0.75253687075139        1.41691668739874
H            1.15055129426617        1.74791654070671        0.00799471451280
H            0.50433009190519        0.76130523595719       -1.33379690230881
H            2.59497294926654       -0.55208950801000       -1.21221454168297
H            2.92575035268316       -1.32655543923183        0.36311511931626
H            3.14053120654412        0.43634085592186        0.16914093560685
16
 energy: -21.777357730431 gnorm: 0.000108280146 xtb: 6.7.1 (edcfbbe)
C           -1.73906523339723       -1.18977872147940        0.02743426293720
O           -1.80737968583801        0.18604669388303       -0.29847181913050
C           -0.84042105167041        0.98666619829563        0.34458608867167
C            0.56931364799704        0.84935258363310       -0.23891485595290
O            1.20629366953568       -0.29146408228357        0.30460309595496
C            2.54317514564385       -0.43385954077721       -0.12492869666583
H           -1.88665995600326       -1.33675725789221        1.10255843103083
H           -0.77699849646279       -1.62063678227941       -0.25900428044801
H           -2.54353829873253       -1.66758225241041       -0.52618543018273
H           -1.18504123648096        2.01224745069719        0.20215680109197
H           -0.80203113515941        0.75245703212825        1.41634545611547
H            1.15079377099639        1.74808740442245        0.01083684298624
H            0.50603168299397        0.76357504595682       -1.33332508464753
H            2.59479653970381       -0.55277040745455       -1.21269172480480
H            2.92599241670125       -1.32641956989599        0.36296999982976
H            3.14032268193479        0.43642173588365        0.16811859132827
16
 energy: -21.777358143849 gnorm: 0.000092482739 xtb: 6.7.1 (edcfbbe)
C           -1.73841873331156       -1.19015388212249        0.02780669637168
O           -1.80656916090966        0.18527287247626       -0.29967689267932
C           -0.84071574611193        0.98693871755037        0.34391038774287
C            0.56955963615630        0.85006382848730       -0.23811038780597
O            1.20573903248424       -0.29194793294555        0.30398951195512
C            2.54260081694017       -0.43446352613043       -0.12562964978704
H           -1.88684760698317       -1.33588802441980        1.10296000572626
H           -0.77608804659066       -1.62114709793573       -0.25719349302458
H           -2.54241092768596       -1.66872155267264       -0.52581989549129
H           -1.18572697606059        2.01221897022873        0.20015417455363
H           -0.80366612093511        0.75353357566279        1.41589599017371
H            1.15095105967392        1.74811066110802        0.01432659135942
H            0.50789154575472        0.76647427685232       -1.33278291096539
H            2.59413992858102       -0.55309487119321       -1.21342539769444
H            2.92525026540806       -1.32721449119152        0.36203283075749
H            3.13989549535238        0.43560400667295        0.16765011692192
16
 energy: -21.777358528025 gnorm: 0.000154481281 xtb: 6.7.1 (edcfbbe)
C           -1.73743412640801       -1.19062804502075        0.02846907653644
O           -1.80574391081860        0.18430385133219       -0.30099744573209
C           -0.84114961926229        0.98730495753750        0.34299223999939
C            0.56990215857366        0.85107494959319       -0.23707581844202
O            1.20499877105248       -0.29247964245695        0.30316274660489
C            2.54179184316136       -0.43531223232932       -0.12653074911908
H           -1.88838123761602       -1.33506172317593        1.10351787227501
H           -0.77415049292951       -1.62133585191308       -0.25364117483439
H           -2.53984197234527       -1.67038632421338       -0.52642326290215
H           -1.18666611981678        2.01220835090441        0.19756280247808
H           -0.80546147843762        0.75512277051128        1.41530048217882
H            1.15133537819649        1.74831284052199        0.01832333801145
H            0.50972557139248        0.76997470366476       -1.33202876422644
H            2.59325308418057       -0.55277148927550       -1.21445265067734
H            2.92387315410574       -1.32883616927758        0.36017748159735
H            3.13953345873350        0.43409458402453        0.16773150436614
16
 energy: -21.777358718851 gnorm: 0.000102692214 xtb: 6.7.1 (edcfbbe)
C           -1.73682296918826       -1.19078789684625        0.02880080273261
O           -1.80551885632729        0.18406609932146       -0.30101710973828
C           -0.84135725046040        0.98762592553320        0.34283425810462
C            0.56984724919091        0.85136594649067       -0.23696249228349
O            1.20458349954177       -0.29252132380744        0.30293990940851
C            2.54133069783735       -0.43568918143491       -0.12674825974561
H           -1.88921954865921       -1.33515909786529        1.10365644598546
H           -0.77279163901746       -1.62084032842720       -0.25186264142974
H           -2.53805436256239       -1.67117211888092       -0.52730124704304
H           -1.18699903291735        2.01239670477404        0.19671665239310
H           -0.80590988416712        0.75610949245485        1.41529734872295
H            1.15131072257863        1.74839732313010        0.01896600910385
H            0.50991430778719        0.77078176514887       -1.33195126662497
H            2.59285276219222       -0.55193356795772       -1.21480035139138
H            2.92280147910957       -1.33003685985559        0.35893367104977
H            3.13961728682399        0.43298264864953        0.16858594886972
16
 energy: -21.777358843814 gnorm: 0.000045008014 xtb: 6.7.1 (edcfbbe)
C           -1.73649107825326       -1.19089323653508        0.02909977803874
O           -1.80533321948764        0.18390912015693       -0.30114295328617
C           -0.84147978073775        0.98775012669283        0.34271669240854
C            0.56986517484002        0.85161864634769       -0.23691366488332
O            1.20442303163617       -0.29237168125073        0.30288092482429
C            2.54108614530245       -0.43588683778435       -0.12691827320590
H           -1.89099781547579       -1.33515424295180        1.10365824556203
H           -0.77163814919347       -1.62044187807007       -0.24960854514923
H           -2.53629404909708       -1.67178655032116       -0.52855850100138
H           -1.18722028034444        2.01246166901289        0.19637691289658
H           -0.80603137560245        0.75652135639271        1.41524616520244
H            1.15129221857217        1.74865107436966        0.01909168557231
H            0.50990987996718        0.77112863276224       -1.33191072282343
H            2.59258778686619       -0.55084759332335       -1.21511566701663
H            2.92194592001511       -1.33109202413109        0.35767791521789
H            3.13996005275477        0.43201894906005        0.16950768575729
16
 energy: -21.777358893163 gnorm: 0.000040079593 xtb: 6.7.1 (edcfbbe)
C           -1.73655500891024       -1.19097677259899        0.02931608499946
O           -1.80504139881491        0.18373892892644       -0.30151237690465
C           -0.84149508607194        0.98770567940552        0.34260660370153
C            0.56997528953525        0.85179264527808       -0.23684321356464
O            1.20451196693048       -0.29221857459312        0.30288986175276
C            2.54110520533308       -0.43590607653904       -0.12708127637435
H           -1.89287450224057       -1.33488061201692        1.10363878932449
H           -0.77116706785180       -1.62042070888303       -0.24762615248463
H           -2.53528906244773       -1.67220348495647       -0.52958579646075
H           -1.18732713228577        2.01239576028467        0.19632569169656
H           -0.80617205190782        0.75640895894369        1.41511449731331
H            1.15127509858231        1.74886263141235        0.01931522598144
H            0.51015878121395        0.77143099038548       -1.33185877210341
H            2.59249035852707       -0.55007315290753       -1.21536584261529
H            2.92165777953309       -1.33162363018584        0.35680586689406
H            3.14033129263774        0.43155294847211        0.16994848695819
