17
 energy: -21.968072181617 gnorm: 0.032098169572 xtb: 6.7.1 (edcfbbe)
C            2.29561286400865       -1.31371822148570       -0.34223178894169
C            2.18844710124782       -0.08776880320372        0.56245175660413
C            1.50034769763610        1.09580470846562       -0.11470553240996
C            0.03686047612229        0.98920124059659       -0.34328613755300
C           -0.80016062974004        0.05022147583939        0.13867083020624
C           -2.21028352060264        0.13424613068398       -0.16223051912522
O           -3.05825585904622       -0.66702559606635        0.23697204708657
H            1.31274359115708       -1.66091973453171       -0.67583277668336
H            2.88748309455518       -1.08315004522696       -1.23486755681345
H            2.78367350115146       -2.14370587076525        0.17817975339025
H            3.19453838454706        0.22821328330102        0.85884922676741
H            1.66042283144601       -0.34284167755634        1.48907928382985
H            1.97884330646972        1.31395993459754       -1.08073660006592
H            1.65154770350084        2.01489339278783        0.47375809225295
H           -0.39982894727660        1.78446864421357       -0.95029252654485
H           -0.46257939008323       -0.77945438106203        0.75421214323822
H           -2.51363715992196        0.99061268607585       -0.79840379969817
17
 energy: -21.968960963724 gnorm: 0.010801927493 xtb: 6.7.1 (edcfbbe)
C            2.29162974608254       -1.30509498355089       -0.34403401386829
C            2.18692790987391       -0.08642587572465        0.56432514748354
C            1.50257040768910        1.09421511639582       -0.11818312266004
C            0.04105403241828        0.98676042366339       -0.34402057669849
C           -0.79965324116427        0.05588253826701        0.13424665118272
C           -2.20897410919351        0.12461453890936       -0.15999887647120
O           -3.05099786340197       -0.66747579515280        0.23802693738984
H            1.30916350599133       -1.64127881345891       -0.67181938561449
H            2.88232369044707       -1.07278020461403       -1.22983774564888
H            2.77596854996264       -2.12829204433077        0.17925393491390
H            3.19478211779220        0.22120220911185        0.85444540515697
H            1.65257297337375       -0.34571148786694        1.48150206738740
H            1.98338268346073        1.29430395699868       -1.08297501470676
H            1.65689599719930        2.00233848593731        0.47942122877187
H           -0.38484435993072        1.78141523067518       -0.94883539629162
H           -0.47083298213673       -0.76691271884600        0.75154601670317
H           -2.51619401329216        0.97627659024970       -0.79347736148965
17
 energy: -21.969058327585 gnorm: 0.002675208200 xtb: 6.7.1 (edcfbbe)
C            2.28791679892852       -1.30326240230193       -0.34544954535023
C            2.18602788985861       -0.08614812864856        0.56654171187285
C            1.50552205534429        1.09684640710403       -0.11802079431639
C            0.04425481097237        0.98891709442472       -0.34366270142191
C           -0.79770028858960        0.06189708017862        0.13387309581812
C           -2.20918140872736        0.12040024350353       -0.15357675710216
O           -3.04584492564811       -0.67384384846425        0.23975164354971
H            1.30498552511304       -1.63153673841974       -0.67284692806783
H            2.87849688123934       -1.06796351108525       -1.22771887465538
H            2.76899529469115       -2.12697508934984        0.17585364308084
H            3.19337812729461        0.21797055027210        0.85718147631060
H            1.64740047914815       -0.34636035295483        1.47854107224612
H            1.98614011302408        1.28553572019315       -1.08272027762414
H            1.66149036698661        2.00175523763207        0.47983790700690
H           -0.37521486864763        1.78128600279097       -0.95269695998013
H           -0.47210793082322       -0.75974756445481        0.75168250573791
H           -2.51878387499336        0.96426646624335       -0.79698432156488
17
 energy: -21.969062036440 gnorm: 0.002999606747 xtb: 6.7.1 (edcfbbe)
C            2.28532382588485       -1.30232354899579       -0.34674999556626
C            2.18523678918979       -0.08645078845597        0.56853362382009
C            1.50759505834607        1.09829340960487       -0.11786877650045
C            0.04599140202046        0.99069077252143       -0.34459721440706
C           -0.79592375055326        0.06529135073335        0.13404054241199
C           -2.20718980152798        0.11128381330498       -0.16022332729138
O           -3.04221035267773       -0.67845486571070        0.24334830780875
H            1.30158356736066       -1.62591137919890       -0.67524488096538
H            2.87705514983076       -1.06540030495882       -1.22739950104234
H            2.76355038036559       -2.12816627302234        0.17302642197712
H            3.19227059043253        0.21540917201692        0.86112274613867
H            1.64373947966142       -0.34698745709773        1.47809806877520
H            1.98858504210785        1.28232943112658       -1.08240981816460
H            1.66439838896720        2.00263558155832        0.47902411079996
H           -0.37088615506683        1.78195039846472       -0.95673819870444
H           -0.47166371178142       -0.75230188859235        0.75857088899145
H           -2.52168085738846        0.96114974336474       -0.79494710254130
17
 energy: -21.969080719814 gnorm: 0.000788507940 xtb: 6.7.1 (edcfbbe)
C            2.28448855138207       -1.30211855600553       -0.34716855039085
C            2.18481212346614       -0.08671671842797        0.56903109977639
C            1.50802842661730        1.09854764610382       -0.11761593170558
C            0.04611530813572        0.99151908405132       -0.34497194229457
C           -0.79540379181570        0.06620899026500        0.13500295973075
C           -2.20735821272282        0.11351314728678       -0.15627275707123
O           -3.04062652315297       -0.68059381639787        0.24404745663498
H            1.30037709367243       -1.62482870901241       -0.67666240129882
H            2.87722591819287       -1.06521741772988       -1.22768903360969
H            2.76156608547401       -2.12929872632051        0.17225993972116
H            3.19192115213358        0.21443414250267        0.86264750985768
H            1.64280272185765       -0.34722422830297        1.47860887371460
H            1.98910794093787        1.28284688904699       -1.08227969655883
H            1.66554962030416        2.00346760391710        0.47859664418458
H           -0.37103457561781        1.78270306364288       -0.95777718090868
H           -0.47026445832216       -0.75154805572342        0.75977484933003
H           -2.52153233537084        0.95734282776730       -0.79994594357193
17
 energy: -21.969085044129 gnorm: 0.000610526258 xtb: 6.7.1 (edcfbbe)
C            2.28219575871886       -1.30153175918003       -0.34805268854241
C            2.18355052285747       -0.08710136800585        0.56963063191734
C            1.50911432601392        1.09959868430171       -0.11694121258329
C            0.04686574546065        0.99350563236536       -0.34520586521659
C           -0.79410057195343        0.06888322044633        0.13712346455268
C           -2.20600805142713        0.11207473116346       -0.15534118160548
O           -3.03645833308540       -0.68470140390236        0.24630809863428
H            1.29769933485125       -1.62117821405481       -0.68012389839132
H            2.87722057569350       -1.06448023317893       -1.22726760663819
H            2.75617872606088       -2.13135746614181        0.17043803953858
H            3.19066527595400        0.21216567933178        0.86534453223873
H            1.64001597772028       -0.34774621232421        1.47838294382338
H            1.99071926199304        1.28288589896832       -1.08167267785580
H            1.66791065456853        2.00496060904958        0.47847690005290
H           -0.36951693756681        1.78267358306682       -0.96156256326218
H           -0.46814454763027       -0.74698347972936        0.76455747340503
H           -2.52213267305782        0.95136926448732       -0.80450849452767
17
 energy: -21.969087444483 gnorm: 0.000320009724 xtb: 6.7.1 (edcfbbe)
C            2.28017762950136       -1.30074275157644       -0.34895739208362
C            2.18260560228977       -0.08734427470423        0.56994765224683
C            1.50989743955844        1.10022205388102       -0.11645769050080
C            0.04773728376375        0.99436239698247       -0.34605903659073
C           -0.79305872123384        0.07075714327703        0.13856919021681
C           -2.20453554203215        0.11007495558695       -0.15583223741890
O           -3.03317730988936       -0.68722858292053        0.24850940172362
H            1.29556996561748       -1.61756801693340       -0.68347209764937
H            2.87754733333700       -1.06417704844541       -1.22670559572287
H            2.75096409649775       -2.13251276282073        0.16928169534189
H            3.18979611816366        0.21040037960723        0.86694699432414
H            1.63810360997065       -0.34816274879085        1.47808492205948
H            1.99226822868573        1.28346002266304       -1.08087071484485
H            1.66908563139144        2.00536090014566        0.47926968688671
H           -0.36804814371102        1.78189217668220       -0.96468856643121
H           -0.46682120803583       -0.74220804133965        0.76949853822736
H           -2.52233696870336        0.94645136536893       -0.80747885424449
17
 energy: -21.969088777313 gnorm: 0.000239813163 xtb: 6.7.1 (edcfbbe)
C            2.27842383655329       -1.30023071707966       -0.34976006804963
C            2.18223922768625       -0.08739383525891        0.56982592304176
C            1.51037573939561        1.10096371866429       -0.11574801008458
C            0.04848258668993        0.99482631149988       -0.34643459844094
C           -0.79233516264076        0.07223420834121        0.14024329078973
C           -2.20332596220174        0.10860045271675       -0.15608288727222
O           -3.03108603116515       -0.68864850099887        0.25024663666827
H            1.29359297067563       -1.61393694855076       -0.68647241601692
H            2.87810932038633       -1.06455880664036       -1.22608773686952
H            2.74580608771992       -2.13375822077651        0.16862944338011
H            3.18973571002707        0.20912879501492        0.86695069653875
H            1.63767185902231       -0.34829159250150        1.47786329186154
H            1.99361145898427        1.28516777831210       -1.07955361895120
H            1.66900247360041        2.00544505654185        0.48112978848588
H           -0.36675563897618        1.77978661409236       -0.96843711749138
H           -0.46585342263007       -0.73839208990519        0.77370306602817
H           -2.52192000795564        0.94209494319169       -0.81042978807781
17
 energy: -21.969089809357 gnorm: 0.000281828345 xtb: 6.7.1 (edcfbbe)
C            2.27666803900671       -1.29970135157725       -0.35072349006174
C            2.18247185155927       -0.08733946766200        0.56975829022780
C            1.51076347557039        1.10161258273830       -0.11495895025216
C            0.04932092902695        0.99418593625322       -0.34771077251705
C           -0.79167324707798        0.07303038709555        0.14149680688967
C           -2.20229540221980        0.10724113165967       -0.15636791395454
O           -3.02987951588852       -0.68904829708582        0.25231633657917
H            1.29146773354499       -1.60998937581633       -0.68949296433167
H            2.87874855957601       -1.06528097029725       -1.22570727244234
H            2.74034499952647       -2.13505423122861        0.16796051121543
H            3.19042610823280        0.20829090964732        0.86616049514304
H            1.63845878490930       -0.34827527699129        1.47809889960333
H            1.99524198212291        1.28789118536226       -1.07768491187790
H            1.66775477026700        2.00505819442137        0.48391652366569
H           -0.36571681114648        1.77721635435754       -0.97212856845063
H           -0.46533408972625       -0.73452950539672        0.77894449463740
H           -2.52099312211230        0.93772896118335       -0.81429161853348
17
 energy: -21.969090568804 gnorm: 0.000213187665 xtb: 6.7.1 (edcfbbe)
C            2.27540565021920       -1.29943033835076       -0.35147243817403
C            2.18321333359141       -0.08720264264932        0.56948084818324
C            1.51085478088496        1.10221497565416       -0.11393106512056
C            0.04974059655426        0.99339202346663       -0.34814796258749
C           -0.79147533096190        0.07349605115715        0.14305926987705
C           -2.20170812392175        0.10636017227421       -0.15675627443622
O           -3.02990657755552       -0.68834095172523        0.25372410230359
H            1.28972940747684       -1.60697451330322       -0.69128191440657
H            2.87893977077828       -1.06612685456428       -1.22573450668728
H            2.73640921737939       -2.13618096770297        0.16730026305373
H            3.19176082474112        0.20803319949831        0.86420233363528
H            1.64059756280801       -0.34811641793917        1.47864991452946
H            1.99639991166047        1.29094289344639       -1.07560342294983
H            1.66584440516356        2.00461450253772        0.48707743117468
H           -0.36496782195336        1.77388003333232       -0.97608887972699
H           -0.46546150953283       -0.73212399552608        0.78314227232163
H           -2.51960105216064        0.93459999705745       -0.81803407544969
17
 energy: -21.969090883934 gnorm: 0.000086938650 xtb: 6.7.1 (edcfbbe)
C            2.27511156313189       -1.29939355030553       -0.35173747483123
C            2.18389699110008       -0.08711725645974        0.56926112097235
C            1.51074326053284        1.10236320007421       -0.11335262275482
C            0.04983305136953        0.99247503147640       -0.34847656683526
C           -0.79159741902442        0.07326995313955        0.14357982613473
C           -2.20174374574387        0.10633252920630       -0.15695553658787
O           -3.03079341154267       -0.68705937273963        0.25421593112735
H            1.28912623773031       -1.60640749245059       -0.69106356558610
H            2.87833831036624       -1.06631572409185       -1.22626511993095
H            2.73596812189043       -2.13636077311735        0.16680260563716
H            3.19277064873118        0.20827656305122        0.86272193595991
H            1.64238105495376       -0.34808797786689        1.47907067995812
H            1.99674482136391        1.29262851999630       -1.07444570196465
H            1.66436420375210        2.00417849875252        0.48889284495100
H           -0.36474604879584        1.77211135357674       -0.97755386916696
H           -0.46614052591667       -0.73146124921984        0.78510778042916
H           -2.51848206872734        0.93360491364147       -0.82021637197195
17
 energy: -21.969091016821 gnorm: 0.000065097351 xtb: 6.7.1 (edcfbbe)
C            2.27504689771587       -1.29932391414311       -0.35189517210816
C            2.18420651273207       -0.08712925045771        0.56927724233708
C            1.51069225893667        1.10233862677514       -0.11304341248311
C            0.04984669308640        0.99204844521867       -0.34857236868009
C           -0.79170555268379        0.07317269552924        0.14385292295336
C           -2.20182176173898        0.10640369022045       -0.15715515291733
O           -3.03135562012444       -0.68622620321725        0.25447587753096
H            1.28886554240531       -1.60675526084317       -0.69032900522083
H            2.87742194378607       -1.06603747061457       -1.22699009600631
H            2.73669980958219       -2.13611092020333        0.16625922079466
H            3.19320653811778        0.20837570352212        0.86223618345594
H            1.64314458820242       -0.34816251640823        1.47935805866072
H            1.99688917521781        1.29330818622075       -1.07388869255800
H            1.66371982417710        2.00389345620288        0.48973165899367
H           -0.36458944153741        1.77121911681729       -0.97837910144296
H           -0.46659078792974       -0.73122973920291        0.78601140693651
H           -2.51790157477385        0.93325252124702       -0.82136367470613
17
 energy: -21.969091167094 gnorm: 0.000108909302 xtb: 6.7.1 (edcfbbe)
C            2.27499201415300       -1.29931251234666       -0.35203349681672
C            2.18438272382032       -0.08721454048301        0.56926284922947
C            1.51066552099663        1.10238104196285       -0.11265529184953
C            0.04991610908413        0.99166603292911       -0.34876839299763
C           -0.79179106145232        0.07320899838424        0.14412323896306
C           -2.20185407329488        0.10648586095778       -0.15741542646316
O           -3.03180568568058       -0.68531953625684        0.25489652956812
H            1.28857003299484       -1.60764437946239       -0.68898927120784
H            2.87579462658836       -1.06535617036596       -1.22804360127965
H            2.73825041662657       -2.13572551908677        0.16533858968999
H            3.19346328586284        0.20830451152838        0.86193761171764
H            1.64363231226617       -0.34842415492602        1.47947671460239
H            1.99715333241051        1.29399689159468       -1.07321209768451
H            1.66311005311207        2.00367257108288        0.49066755932094
H           -0.36430889819329        1.77032653220609       -0.97935552273159
H           -0.46707129215448       -0.73066907170894        0.78716041052243
H           -2.51732437196842        0.93266061065388       -0.82280450704340
17
 energy: -21.969091304037 gnorm: 0.000114476588 xtb: 6.7.1 (edcfbbe)
C            2.27485843832128       -1.29922028111453       -0.35228464540282
C            2.18448672311130       -0.08740217358860        0.56937710369731
C            1.51068707869102        1.10232289368043       -0.11221449679296
C            0.05004032967338        0.99141729537895       -0.34896545866060
C           -0.79192707636401        0.07352544347365        0.14451720223405
C           -2.20184857945906        0.10657195099604       -0.15777153561551
O           -3.03211470506174       -0.68444835728544        0.25539966271671
H            1.28817874134646       -1.60911598348798       -0.68706276029803
H            2.87335917099852       -1.06430469390316       -1.22962339989873
H            2.74057282263436       -2.13492855214400        0.16401256907586
H            3.19363000227296        0.20807740288342        0.86188975806535
H            1.64394244351575       -0.34884041531929        1.47964769683756
H            1.99755018838410        1.29462679251445       -1.07244062065178
H            1.66265014055410        2.00328625910712        0.49172108379949
H           -0.36385450284923        1.76939179985127       -0.98059882183426
H           -0.46760361892295       -0.72962894441843        0.78863056699609
H           -2.51683255167476        0.93170673003939       -0.82464800872772
17
 energy: -21.969091345288 gnorm: 0.000048648214 xtb: 6.7.1 (edcfbbe)
C            2.27472617346432       -1.29924469181324       -0.35240197985500
C            2.18445764137699       -0.08751808937440        0.56937181120125
C            1.51071863453838        1.10239037984760       -0.11195880956338
C            0.05015829676029        0.99142732076379       -0.34909732810387
C           -0.79196875068315        0.07385955553229        0.14476050321732
C           -2.20175849912556        0.10649530045135       -0.15800505760157
O           -3.03203230954100       -0.68430469994951        0.25562639373797
H            1.28790519596149       -1.60975532749576       -0.68619383103155
H            2.87214886136847       -1.06383295590063       -1.23033171293511
H            2.74153480912353       -2.13468986212632        0.16334276879819
H            3.19364086097005        0.20784740729529        0.86185323340059
H            1.64398499482089       -0.34909573361975        1.47963703590054
H            1.99779514039797        1.29498312356736       -1.07201583176130
H            1.66251013480165        2.00319786659722        0.49227464753584
H           -0.36356390045564        1.76901836126923       -0.98129507652452
H           -0.46774493552944       -0.72875316999034        0.78959571560070
H           -2.51673730307778        0.93101238160912       -0.82557658647612
