----------------------------------------------- 
  Element       SASA      Sigma Z        Total  
     Z         Ang**2 cal/Ang**2/mol   kcal/mol 
----------------------------------------------- 
      H        139.605      48.690       6.797
      C         37.044     129.740       4.806
      O         29.489       0.000       0.000

 Subtotal:     206.137                  11.603
 -----------------------------------------------

  Elements    COT*SASA   Sigma Z,Z'     Total   
    Z,Z'       Ang**2  cal/Ang**2/mol kcal/mol  
 ---------------------------------------------- 
  H   C         94.099     -60.770      -5.718
  H   O          0.000       0.000       0.000
  C   C         27.804     -72.950      -2.028
  O   C         16.906      68.690       1.161
  O   O          0.000       0.000       0.000

 Subtotal:                              -6.585
 ---------------------------------------------- 

 NONAQUEOUS SOLVENT CONTRIBUTION (kcal/mol):
 (proportional to SASA, atomic number independent)
 ---------------------------------------------- 
 Subtotal:                               0.000
 ---------------------------------------------- 

 CDS TOTAL (kcal/mol):                   5.018
...............................................................................
