17
 energy: -2771.228844763206 gnorm: 0.023076164249 xtb: 6.7.1 (edcfbbe)
C           -3.52143902976044       -0.93916588151617        0.34328160375212
C           -2.51019573201233       -0.05105641942262       -0.37085150126433
C           -1.65527038103349        0.73877565722737        0.61922635347440
C           -0.62000185007474        1.63267669502348       -0.08400046953722
C            0.80540222065689        1.34734931699705        0.34557669885313
Br           1.36399170710442       -0.47900864581226       -0.15757991686983
H           -4.11924701332535       -1.49112738966076       -0.37736501826722
H           -4.18907374685629       -0.33958361825048        0.95805574562454
H           -3.01209386293474       -1.65415292863300        0.98556268823673
H           -1.85958521592403       -0.67280137749814       -0.99034183033885
H           -3.03729321354590        0.64380506538529       -1.02845755065574
H           -2.30867667042304        1.34599859249645        1.24736626905274
H           -1.14606061520785        0.02886473351279        1.27501517386499
H           -0.69857092680956        1.50538837526708       -1.16566785851654
H           -0.81245936816002        2.68433668228950        0.13702235446072
H            0.92492959140986        1.39865211261978        1.42629947213203
H            1.51835571887282        2.00923671929035       -0.14276685656326
17
 energy: -2771.229575679917 gnorm: 0.007973921268 xtb: 6.7.1 (edcfbbe)
C           -3.53492637077236       -0.94752662047487        0.34151045667108
C           -2.52083847867520       -0.05430309452059       -0.36654084796861
C           -1.65985215672576        0.73971257753395        0.61421774436526
C           -0.61109054793940        1.62773311298585       -0.08211073678317
C            0.81627165653091        1.35906061799378        0.34293830192594
Br           1.38982897532168       -0.48073143857280       -0.16021322264791
H           -4.14063619181775       -1.50808805926180       -0.37496899623201
H           -4.20842143947489       -0.35037099886531        0.96295069342449
H           -3.02626361326547       -1.66625874695738        0.99081293026621
H           -1.86317748931775       -0.66669739219662       -0.99424172848990
H           -3.04042287661744        0.64314609688357       -1.03391794144830
H           -2.31233627231366        1.34988568090029        1.24715143976771
H           -1.15374705099018        0.03109437077271        1.27993276411744
H           -0.68613824851444        1.51847366067039       -1.16911964395288
H           -0.79579718738686        2.68522557721030        0.13934198252644
H            0.93873400230369        1.40578714846314        1.42543793285537
H            1.53152491190651        2.02204536034820       -0.14280564316631
17
 energy: -2771.229686801432 gnorm: 0.002369194011 xtb: 6.7.1 (edcfbbe)
C           -3.53859820531707       -0.94778348684919        0.34094681918073
C           -2.52365918758427       -0.05479134099202       -0.36670086024047
C           -1.66119995216691        0.73827120702308        0.61463605870900
C           -0.61053536245600        1.62424316995622       -0.08279753570823
C            0.81433028977442        1.36204120254971        0.34412632670665
Br           1.41862028278800       -0.47953958834680       -0.16019526979623
H           -4.14786522169137       -1.51114437690360       -0.37410982135230
H           -4.21702538797457       -0.35424207941610        0.96537494369441
H           -3.03398951428512       -1.67068267448439        0.99343596810943
H           -1.86639709845738       -0.66504577106057       -1.00011365527982
H           -3.04248194105499        0.64256510741001       -1.03826457233555
H           -2.31085187760834        1.35398382121170        1.24841720355588
H           -1.15674353082117        0.03180757968648        1.28715573544212
H           -0.68519474425528        1.52529207797560       -1.17239972693737
H           -0.79052323831935        2.68497021320859        0.14004063769925
H            0.94505817221561        1.40595034128027        1.42645863905886
H            1.52976794792200        2.02229262697257       -0.14563538175653
17
 energy: -2771.229698377173 gnorm: 0.001037436926 xtb: 6.7.1 (edcfbbe)
C           -3.53951806179609       -0.94751390864749        0.34066137041553
C           -2.52394156768204       -0.05560363238954       -0.36615104409915
C           -1.65996593576785        0.73669367449785        0.61445502449944
C           -0.60844997030974        1.62166120841449       -0.08249481289132
C            0.81618738754293        1.36565228319292        0.34423615706534
Br           1.41715161398193       -0.47966599368591       -0.15971230307515
H           -4.14880681799632       -1.50969284569159       -0.37490516125077
H           -4.21785062611709       -0.35385211132109        0.96461960655240
H           -3.03651124088330       -1.67124547062184        0.99298451022902
H           -1.86871243505491       -0.66683871495524       -1.00051373206050
H           -3.04304420719542        0.64236091815901       -1.03673456726381
H           -2.30909561958276        1.35385738040488        1.24717031168712
H           -1.15654362625730        0.03051258556545        1.28770076767662
H           -0.68399113758021        1.52358907683488       -1.17182141940192
H           -0.78987305602141        2.68224000410039        0.14062839921207
H            0.94683017158488        1.40777261676643        1.42628118409711
H            1.52884634276516        2.02826097323471       -0.14602880906976
17
 energy: -2771.229701721433 gnorm: 0.000454472168 xtb: 6.7.1 (edcfbbe)
C           -3.54048011289502       -0.94687302586303        0.34052956632202
C           -2.52388201526795       -0.05613061081274       -0.36537419457550
C           -1.65877567134348        0.73531403600989        0.61470278778078
C           -0.60810264219429        1.62094275779840       -0.08208822641590
C            0.81583885473512        1.36689827045133        0.34422274342607
Br           1.42258882646612       -0.47825636279230       -0.15860960899773
H           -4.14936089396477       -1.50711621461362       -0.37617325005864
H           -4.21809787576365       -0.35244444987341        0.96358669321297
H           -3.03897858747669       -1.67130509824563        0.99226820507770
H           -1.87047730245315       -0.66830505384693       -1.00015398570582
H           -3.04301347989953        0.64299913003790       -1.03416921256638
H           -2.30786749808592        1.35244040881359        1.24684217356621
H           -1.15557756230671        0.02871455092969        1.28700521208122
H           -0.68359636761446        1.52145056767580       -1.17078053884669
H           -0.79179266752333        2.68114271207383        0.14038823360844
H            0.94675184226914        1.40966220249143        1.42580214253286
H            1.52753410020498        2.02905428665439       -0.14762331095813
17
 energy: -2771.229701721433 gnorm: 0.000454472168 xtb: 6.7.1 (edcfbbe)
C           -3.54048011289502       -0.94687302586303        0.34052956632202
C           -2.52388201526795       -0.05613061081274       -0.36537419457550
C           -1.65877567134348        0.73531403600989        0.61470278778078
C           -0.60810264219429        1.62094275779840       -0.08208822641590
C            0.81583885473512        1.36689827045133        0.34422274342607
Br           1.42258882646612       -0.47825636279230       -0.15860960899773
H           -4.14936089396477       -1.50711621461362       -0.37617325005864
H           -4.21809787576365       -0.35244444987341        0.96358669321297
H           -3.03897858747669       -1.67130509824563        0.99226820507770
H           -1.87047730245315       -0.66830505384693       -1.00015398570582
H           -3.04301347989953        0.64299913003790       -1.03416921256638
H           -2.30786749808592        1.35244040881359        1.24684217356621
H           -1.15557756230671        0.02871455092969        1.28700521208122
H           -0.68359636761446        1.52145056767580       -1.17078053884669
H           -0.79179266752333        2.68114271207383        0.14038823360844
H            0.94675184226914        1.40966220249143        1.42580214253286
H            1.52753410020498        2.02905428665439       -0.14762331095813
