----------------------------------------------- 
  Element       SASA      Sigma Z        Total  
     Z         Ang**2 cal/Ang**2/mol   kcal/mol 
----------------------------------------------- 
      H        139.638      48.690       6.799
      C         37.767     129.740       4.900
      O         28.970       0.000       0.000

 Subtotal:     206.375                  11.699
 -----------------------------------------------

  Elements    COT*SASA   Sigma Z,Z'     Total   
    Z,Z'       Ang**2  cal/Ang**2/mol kcal/mol  
 ---------------------------------------------- 
  H   C         94.123     -60.770      -5.720
  H   O          0.000       0.000       0.000
  C   C         28.267     -72.950      -2.062
  O   C         16.681      68.690       1.146
  O   O          0.000       0.000       0.000

 Subtotal:                              -6.636
 ---------------------------------------------- 

 NONAQUEOUS SOLVENT CONTRIBUTION (kcal/mol):
 (proportional to SASA, atomic number independent)
 ---------------------------------------------- 
 Subtotal:                               0.000
 ---------------------------------------------- 

 CDS TOTAL (kcal/mol):                   5.063
...............................................................................
