----------------------------------------------- 
  Element       SASA      Sigma Z        Total  
     Z         Ang**2 cal/Ang**2/mol   kcal/mol 
----------------------------------------------- 
      H        140.672      48.690       6.849
      C         36.363     129.740       4.718
      O         31.647       0.000       0.000

 Subtotal:     208.682                  11.567
 -----------------------------------------------

  Elements    COT*SASA   Sigma Z,Z'     Total   
    Z,Z'       Ang**2  cal/Ang**2/mol kcal/mol  
 ---------------------------------------------- 
  H   C         94.550     -60.770      -5.746
  H   O          0.000       0.000       0.000
  C   C         26.996     -72.950      -1.969
  O   C         16.851      68.690       1.158
  O   O          0.000       0.000       0.000

 Subtotal:                              -6.558
 ---------------------------------------------- 

 NONAQUEOUS SOLVENT CONTRIBUTION (kcal/mol):
 (proportional to SASA, atomic number independent)
 ---------------------------------------------- 
 Subtotal:                               0.000
 ---------------------------------------------- 

 CDS TOTAL (kcal/mol):                   5.009
...............................................................................
