----------------------------------------------- 
  Element       SASA      Sigma Z        Total  
     Z         Ang**2 cal/Ang**2/mol   kcal/mol 
----------------------------------------------- 
      H        134.111      48.690       6.530
      C         36.998     129.740       4.800
      O         28.872       0.000       0.000

 Subtotal:     199.982                  11.330
 -----------------------------------------------

  Elements    COT*SASA   Sigma Z,Z'     Total   
    Z,Z'       Ang**2  cal/Ang**2/mol kcal/mol  
 ---------------------------------------------- 
  H   C         90.409     -60.770      -5.494
  H   O          0.000       0.000       0.000
  C   C         27.491     -72.950      -2.005
  O   C         15.772      68.690       1.083
  O   O          0.000       0.000       0.000

 Subtotal:                              -6.416
 ---------------------------------------------- 

 NONAQUEOUS SOLVENT CONTRIBUTION (kcal/mol):
 (proportional to SASA, atomic number independent)
 ---------------------------------------------- 
 Subtotal:                               0.000
 ---------------------------------------------- 

 CDS TOTAL (kcal/mol):                   4.914
...............................................................................
