----------------------------------------------- 
  Element       SASA      Sigma Z        Total  
     Z         Ang**2 cal/Ang**2/mol   kcal/mol 
----------------------------------------------- 
      H        156.735      48.690       7.631
      C         40.012     129.740       5.191
      O         32.894       0.000       0.000

 Subtotal:     229.640                  12.823
 -----------------------------------------------

  Elements    COT*SASA   Sigma Z,Z'     Total   
    Z,Z'       Ang**2  cal/Ang**2/mol kcal/mol  
 ---------------------------------------------- 
  H   C        105.672     -60.770      -6.422
  H   O          0.000       0.000       0.000
  C   C         27.290     -72.950      -1.991
  O   C         18.177      68.690       1.249
  O   O          0.000       0.000       0.000

 Subtotal:                              -7.164
 ---------------------------------------------- 

 NONAQUEOUS SOLVENT CONTRIBUTION (kcal/mol):
 (proportional to SASA, atomic number independent)
 ---------------------------------------------- 
 Subtotal:                               0.000
 ---------------------------------------------- 

 CDS TOTAL (kcal/mol):                   5.659
...............................................................................
