----------------------------------------------- 
  Element       SASA      Sigma Z        Total  
     Z         Ang**2 cal/Ang**2/mol   kcal/mol 
----------------------------------------------- 
      H        116.404      48.690       5.668
      C         47.213     129.740       6.125
      O         26.430       0.000       0.000

 Subtotal:     190.046                  11.793
 -----------------------------------------------

  Elements    COT*SASA   Sigma Z,Z'     Total   
    Z,Z'       Ang**2  cal/Ang**2/mol kcal/mol  
 ---------------------------------------------- 
  H   C         78.441     -60.770      -4.767
  H   O          0.000       0.000       0.000
  C   C         47.113     -72.950      -3.437
  O   C         16.487      68.690       1.133

 Subtotal:                              -7.071
 ---------------------------------------------- 

 NONAQUEOUS SOLVENT CONTRIBUTION (kcal/mol):
 (proportional to SASA, atomic number independent)
 ---------------------------------------------- 
 Subtotal:                               0.000
 ---------------------------------------------- 

 CDS TOTAL (kcal/mol):                   4.722
...............................................................................
