14
 energy: -21.751869610592 gnorm: 0.026764656004 xtb: 6.7.1 (edcfbbe)
C            0.40794550500382        0.72071050655945        0.59921584161510
C           -0.79858605114222        1.46628115749667        0.01885783822050
C           -1.70071411784868        0.66608804144222       -0.89427347669142
Cl          -2.44101904232780       -0.78463711387206       -0.02457596301352
C            1.32430976857792        0.20718731040714       -0.49007985151876
Cl           2.81826346043459       -0.58448588118536        0.24181166332998
H            0.07042580345510       -0.11190946735676        1.22498686294220
H            0.96031353432403        1.41253426985795        1.24282001660171
H           -0.44874915154947        2.31766556859327       -0.58199555516227
H           -1.38806693633864        1.88173372204823        0.84249757102647
H           -2.54769161534470        1.26309706839700       -1.23466407617014
H           -1.17951969037703        0.25306386593686       -1.75907291625111
H            0.86354374841537       -0.56724562584881       -1.10501829698325
H            1.69565694109217        1.01189795834482       -1.12811111362551
14
 energy: -21.752935583570 gnorm: 0.015439967618 xtb: 6.7.1 (edcfbbe)
C            0.40040040258143        0.71869007144811        0.58890815642790
C           -0.79771623446155        1.47841553966920        0.01290389794463
C           -1.69930533683499        0.66733116987298       -0.89234362820957
Cl          -2.41542829017235       -0.76714613177420       -0.01491042812313
C            1.32491504720421        0.20782574280971       -0.49568097952222
Cl           2.79640543974706       -0.57105703980606        0.24747375999735
H            0.05112782348163       -0.11724993750640        1.19870068696617
H            0.95375651784034        1.39803002985785        1.24034213293085
H           -0.43976932084330        2.32694137092623       -0.57872157517587
H           -1.38487911818158        1.87417777915585        0.84388856539999
H           -2.55528371074069        1.25160173546987       -1.22384928704323
H           -1.17762363264401        0.24685431538284       -1.74858897713923
H            0.87142474052374       -0.57299426150012       -1.10199558974921
H            1.70808782887451        1.01056099681477       -1.12372819038444
14
 energy: -21.753302610035 gnorm: 0.004987355668 xtb: 6.7.1 (edcfbbe)
C            0.39533376837403        0.71553681224149        0.58137465148397
C           -0.79744661190111        1.48644484188886        0.00728521282604
C           -1.70306352904838        0.66427248897030       -0.88910999811961
Cl          -2.39461538970784       -0.75144142178594        0.00058177273948
C            1.33253444282881        0.20526615651329       -0.49720476106860
Cl           2.78485310142429       -0.55884537722306        0.25438916501175
H            0.03366960789674       -0.12530090195968        1.17438146355926
H            0.94876642653533        1.38169007194476        1.24404701876453
H           -0.43527441848003        2.33053735078716       -0.58038508324596
H           -1.38205245638961        1.87324589727915        0.84151739655839
H           -2.55943320954212        1.24609546632332       -1.21945890341763
H           -1.17653895415246        0.24798087352286       -1.74194474323195
H            0.87895445214209       -0.57444666460465       -1.10179301060190
H            1.71042492639472        1.01094578692276       -1.12128163693777
14
 energy: -21.753345321047 gnorm: 0.002093411942 xtb: 6.7.1 (edcfbbe)
C            0.39453344332415        0.71315603296442        0.58176031977495
C           -0.79578747166102        1.48678024622032        0.00598330133990
C           -1.70565669061673        0.66158091294555       -0.88674802126796
Cl          -2.39614360110392       -0.74801723581547        0.00413244940154
C            1.33625453530736        0.20508177096035       -0.49663576019973
Cl           2.78559310262030       -0.55324568469671        0.25698396290281
H            0.02961690844474       -0.12981661372096        1.16995366850825
H            0.94654638648011        1.37558418641978        1.24941754710358
H           -0.43282310625774        2.32813125712383       -0.58497262320309
H           -1.37816808813123        1.87825837107339        0.83966028170316
H           -2.55966068967160        1.24658445124991       -1.21940822102917
H           -1.17908109762082        0.24739747530180       -1.74163054990553
H            0.88247606642339       -0.57321046006599       -1.10440393786553
H            1.70841245883747        1.01371667086043       -1.12169387294320
14
 energy: -21.753361650040 gnorm: 0.000848909044 xtb: 6.7.1 (edcfbbe)
C            0.39350258140530        0.71014154569879        0.58299896223184
C           -0.79429073570142        1.48534583611481        0.00510432777840
C           -1.70857555267361        0.65995390072986       -0.88496322263553
Cl          -2.40141995176262       -0.74452962844775        0.00769950989191
C            1.33958576287655        0.20578401736318       -0.49486790156701
Cl           2.79025952460646       -0.54780052451577        0.25699244160288
H            0.02692621509319       -0.13515766566891        1.16718851030065
H            0.94359649265087        1.36977633305741        1.25524739586041
H           -0.42965115769642        2.32291081207854       -0.59115279597237
H           -1.37483681865431        1.88483455072847        0.83685231321980
H           -2.55968429400173        1.24924362555114       -1.22007501236421
H           -1.18310276876938        0.24541272867096       -1.74164380447056
H            0.88722450907269       -0.57156426295556       -1.10653464280276
H            1.70657834992887        1.01763011241545       -1.12044753675348
14
 energy: -21.753368044235 gnorm: 0.001030708756 xtb: 6.7.1 (edcfbbe)
C            0.39252483075331        0.70700088098309        0.58367006961428
C           -0.79252770137164        1.48383118898701        0.00385889744832
C           -1.71047166161793        0.65929804982455       -0.88349297915699
Cl          -2.40892878013082       -0.74090329521762        0.01101445396367
C            1.34144890076972        0.20759940080406       -0.49398124566591
Cl           2.79444971786818       -0.54232607207091        0.25727190432771
H            0.02476941914557       -0.14060579041422        1.16403444590491
H            0.94046135287622        1.36439263243176        1.26005030335627
H           -0.42530471926043        2.31780844457675       -0.59666258503342
H           -1.37173025829378        1.89012386967894        0.83365127150556
H           -2.55930167770843        1.25172474073325       -1.21996864639350
H           -1.18707159644838        0.24160069218969       -1.74040601674572
H            0.89205491395465       -0.56975877841273       -1.10843905279911
H            1.70573941583821        1.02219541672701       -1.11820227600609
14
 energy: -21.753373065883 gnorm: 0.000584443846 xtb: 6.7.1 (edcfbbe)
C            0.39147626874470        0.70471065223811        0.58318037159391
C           -0.79180723289663        1.48324318786821        0.00265458762020
C           -1.71158582309597        0.65974606705270       -0.88305149682798
Cl          -2.41363953644002       -0.73720984729523        0.01512875906692
C            1.34258294881836        0.20923492731159       -0.49372239682209
Cl           2.79742604613482       -0.53876200501557        0.25743894703850
H            0.02244241514273       -0.14463479415686        1.16007435121053
H            0.93771367848067        1.35998757292330        1.26295005103553
H           -0.42215704110669        2.31482096499649       -0.59963909922475
H           -1.37007205356507        1.89287906266912        0.83141221770189
H           -2.55924609423220        1.25323453999134       -1.22016132341702
H           -1.18960509411141        0.23794616835418       -1.73859122646214
H            0.89632340674946       -0.56861884270178       -1.10944387323945
H            1.70626026775170        1.02540372658503       -1.11583132495410
14
 energy: -21.753376662804 gnorm: 0.000242016419 xtb: 6.7.1 (edcfbbe)
C            0.39072960165254        0.70269468379216        0.58229046938561
C           -0.79113969532532        1.48336061415058        0.00132834722247
C           -1.71259173818174        0.65984328457628       -0.88236209877131
Cl          -2.41883204585255       -0.73310824533342        0.01951361879914
C            1.34403356842630        0.21077044535947       -0.49409216434023
Cl           2.79914172355235       -0.53560374401478        0.25884679258704
H            0.01984436487261       -0.14833647977378        1.15532121073874
H            0.93536823073858        1.35553449082842        1.26555538112019
H           -0.41975083048932        2.31334408443996       -0.60176122598497
H           -1.36824100571349        1.89462260389669        0.82988838718905
H           -2.55906579827816        1.25381909551520       -1.22088875788381
H           -1.19150303814279        0.23382545477083       -1.73604870272104
H            0.90055441363057       -0.56723336863316       -1.11127481809986
H            1.70756440548488        1.02844846124618       -1.11391789492104
14
 energy: -21.753379044350 gnorm: 0.000287028465 xtb: 6.7.1 (edcfbbe)
C            0.39024078646993        0.70140633386230        0.58156415802512
C           -0.79120857854824        1.48317018625829        0.00068971956067
C           -1.71355669155869        0.65985067803942       -0.88212941200640
Cl          -2.42310718676071       -0.72920112026191        0.02367309791210
C            1.34559232300501        0.21187263221550       -0.49417588363107
Cl           2.80052117025221       -0.53442489629210        0.25946337016152
H            0.01831643484008       -0.15081640030041        1.15192696675904
H            0.93377371551297        1.35262099361014        1.26709030831709
H           -0.41913236863876        2.31234294829846       -0.60286323233467
H           -1.36750793395501        1.89528833834195        0.82930156060054
H           -2.55853109328208        1.25458040387738       -1.22288997360390
H           -1.19246895055706        0.23021868019516       -1.73392532043146
H            0.90387237963422       -0.56565366788787       -1.11309847118347
H            1.70930814996058        1.03072627086432       -1.11222834382513
14
 energy: -21.753381087368 gnorm: 0.000319504694 xtb: 6.7.1 (edcfbbe)
C            0.39017282779233        0.70070553109806        0.58111366512417
C           -0.79116879537854        1.48288466297647        0.00036299521350
C           -1.71404126903072        0.65940086426756       -0.88170915192427
Cl          -2.42789912310731       -0.72605831525104        0.02639600377784
C            1.34669538439586        0.21295617633376       -0.49445031684220
Cl           2.80070533151669       -0.53445518392916        0.25992843449057
H            0.01795649261241       -0.15239474925090        1.14988052145942
H            0.93292833651137        1.35113709913095        1.26790468225958
H           -0.41910611056936        2.31191009428306       -0.60337423295095
H           -1.36707753651295        1.89516239217086        0.82913384102257
H           -2.55734491973444        1.25496952803232       -1.22510862331201
H           -1.19270799744231        0.22653265015801       -1.73169664454662
H            0.90584527504202       -0.56358306995889       -1.11523048400520
H            1.71115426027942        1.03281370075957       -1.11075214544642
14
 energy: -21.753383243341 gnorm: 0.000202710172 xtb: 6.7.1 (edcfbbe)
C            0.39016610501318        0.70013796240834        0.58080607878336
C           -0.79117392776675        1.48232597619496        0.00014454480290
C           -1.71441431563093        0.65863529641585       -0.88137721868997
Cl          -2.43278468947564       -0.72251435131743        0.02942976306838
C            1.34778798084598        0.21424494725332       -0.49470634004782
Cl           2.80025698631869       -0.53554524782993        0.25994381143843
H            0.01803061350215       -0.15386430948734        1.14835059761008
H            0.93217503523613        1.35006561181278        1.26872252865406
H           -0.41928098333915        2.31128498577120       -0.60385316295491
H           -1.36692641861740        1.89485183687933        0.82894285248981
H           -2.55571777100976        1.25527604640640       -1.22792315713767
H           -1.19264189206330        0.22231067024320       -1.72935998090873
H            0.90726820076700       -0.56057034034396       -1.11793939769415
H            1.71336723259425        1.03534229641392       -1.10878237509381
14
 energy: -21.753385291746 gnorm: 0.000115497032 xtb: 6.7.1 (edcfbbe)
C            0.39014180169075        0.69965727798653        0.58048391537809
C           -0.79117164384380        1.48176852646082       -0.00018022233275
C           -1.71490775317165        0.65765512143630       -0.88086136798302
Cl          -2.43806207884578       -0.71914262826763        0.03255324685155
C            1.34905852473677        0.21575115003138       -0.49481896979583
Cl           2.79965008078371       -0.53771004884953        0.25967124790701
H            0.01823793493845       -0.15526719031111        1.14687444381998
H            0.93128224005546        1.34910597414686        1.26958788087345
H           -0.41934280125975        2.31049602476880       -0.60462998409257
H           -1.36683717297895        1.89484757066206        0.82845160139896
H           -2.55409337757585        1.25541915225326       -1.23070140249961
H           -1.19279124962142        0.21775783182299       -1.72682114232337
H            0.90867291019206       -0.55667307170071       -1.12118328336368
H            1.71627474127446        1.03831569038061       -1.10602741951824
14
 energy: -21.753386999116 gnorm: 0.000139486156 xtb: 6.7.1 (edcfbbe)
C            0.39013832098530        0.69913490933720        0.58025251797842
C           -0.79104441293710        1.48115993529531       -0.00065810321388
C           -1.71541393659881        0.65678483557618       -0.88048357633989
Cl          -2.44205468488991       -0.71605914680115        0.03585697398796
C            1.35015653118275        0.21735353885243       -0.49504440487600
Cl           2.79837453391012       -0.54002151288674        0.25992534511763
H            0.01824792449939       -0.15676319318287        1.14529266459762
H            0.93036353274738        1.34804457009933        1.27065074572408
H           -0.41921097714176        2.30939401182057       -0.60582351787258
H           -1.36643010834019        1.89507498600047        0.82778967987840
H           -2.55301516285003        1.25537967055887       -1.23277640026677
H           -1.19327453094958        0.21373958982630       -1.72482364746535
H            0.90990793244330       -0.55261249095422       -1.12459401794827
H            1.71936719431360        1.04137167727893       -1.10316571498139
14
 energy: -21.753388477259 gnorm: 0.000187328091 xtb: 6.7.1 (edcfbbe)
C            0.38996491237788        0.69869860144492        0.57984799231449
C           -0.79096419664349        1.48090989579228       -0.00126243255921
C           -1.71604361585520        0.65600651842370       -0.87989182269055
Cl          -2.44519153995958       -0.71390268150754        0.03861095527475
C            1.35140363490626        0.21872248987737       -0.49499645360847
Cl           2.79746738187462       -0.54253992275526        0.26008463930317
H            0.01792620863656       -0.15808138265894        1.14349179176719
H            0.92926278223544        1.34696097392774        1.27159734128238
H           -0.41889022910154        2.30842293432230       -0.60730067595869
H           -1.36599800364186        1.89587294974863        0.82692634141511
H           -2.55255322870050        1.25514567592609       -1.23383628352282
H           -1.19416070803401        0.21056572597891       -1.72312587413345
H            0.91130379084916       -0.54883607584553       -1.12758527544641
H            1.72258496743071        1.04403567814596       -1.10016169911753
14
 energy: -21.753389892698 gnorm: 0.000159180590 xtb: 6.7.1 (edcfbbe)
C            0.38981321175038        0.69822463477591        0.57944470620247
C           -0.79080208308577        1.48063416702351       -0.00205371769392
C           -1.71683783183307        0.65540230832310       -0.87936424431917
Cl          -2.44752914818706       -0.71220154060264        0.04146197565197
C            1.35259733806254        0.22009740735437       -0.49498539775206
Cl           2.79638487883095       -0.54501100641761        0.26072357410236
H            0.01744751502121       -0.15941669637721        1.14154413895173
H            0.92812214736593        1.34571354525963        1.27268290299469
H           -0.41837265999858        2.30727061400158       -0.60906138814571
H           -1.36529593726841        1.89686558366431        0.82586003910066
H           -2.55265352339391        1.25491216411081       -1.23431100874310
H           -1.19546432557841        0.20796901259030       -1.72184566342110
H            0.91278679719623       -0.54512993354809       -1.13057927527236
H            1.72591577749241        1.04665112066264       -1.09711809733648
14
 energy: -21.753391289146 gnorm: 0.000124723219 xtb: 6.7.1 (edcfbbe)
C            0.38953320931533        0.69762839259571        0.57896836522829
C           -0.79060613267201        1.48049355597858       -0.00294114454765
C           -1.71765420424571        0.65485959694220       -0.87878875713942
Cl          -2.44947511672098       -0.71053450972685        0.04444056743244
C            1.35390592030251        0.22150950847288       -0.49491413346576
Cl           2.79528196767508       -0.54744187103036        0.26151555416299
H            0.01663403716973       -0.16098585214286        1.13922517638555
H            0.92674028785016        1.34419000960995        1.27389194086650
H           -0.41768333906735        2.30596992285083       -0.61119001806106
H           -1.36439817967777        1.89828343519118        0.82466824446184
H           -2.55309550626562        1.25455661945642       -1.23425241725467
H           -1.19709090076935        0.20548788364588       -1.72074830188984
H            0.91456120056915       -0.54137276623139       -1.13361065966696
H            1.72945891291128        1.04933745520845       -1.09386587219228
14
 energy: -21.753392527528 gnorm: 0.000079440745 xtb: 6.7.1 (edcfbbe)
C            0.38928136280601        0.69701890301898        0.57846349544667
C           -0.79036670771687        1.48028213132002       -0.00394700725073
C           -1.71866721092844        0.65437084635148       -0.87815688943601
Cl          -2.45147886309877       -0.70902655780985        0.04746716400477
C            1.35525942865407        0.22290224850602       -0.49480991834287
Cl           2.79434926376569       -0.54969624138971        0.26240839185435
H            0.01580146380674       -0.16256525395327        1.13679424968518
H            0.92537176563133        1.34254732728265        1.27518954677938
H           -0.41684336317532        2.30457470484879       -0.61339821941930
H           -1.36344458174978        1.89967383286095        0.82330853256425
H           -2.55363773771234        1.25437734127718       -1.23418900537847
H           -1.19887755708676        0.20316234561515       -1.71957345554626
H            0.91643102357294       -0.53766261277965       -1.13657659237258
H            1.73293386960595        1.05202236567188       -1.09058174826841
14
 energy: -21.753393465833 gnorm: 0.000066821957 xtb: 6.7.1 (edcfbbe)
C            0.38900811481855        0.69639877137227        0.57804524975333
C           -0.79017869247047        1.48012744340159       -0.00472555187337
C           -1.71937725018742        0.65391800695452       -0.87767849076312
Cl          -2.45347696972969       -0.70741087405675        0.05013335889931
C            1.35642136151096        0.22413204939301       -0.49473998896666
Cl           2.79363474756791       -0.55148221889648        0.26306877930009
H            0.01507265094782       -0.16403254941878        1.13473469224800
H            0.92408683673551        1.34106431721403        1.27630614527605
H           -0.41617230190324        2.30339308800191       -0.61523724632638
H           -1.36260973017901        1.90095012204491        0.82224373007515
H           -2.55394884795735        1.25414881779908       -1.23420505068827
H           -1.20033114783316        0.20092688706318       -1.71860652524816
H            0.91815310959409       -0.53451881160209       -1.13911975714176
H            1.73583027545995        1.05436633155022       -1.08782080022425
14
 energy: -21.753394141737 gnorm: 0.000064635985 xtb: 6.7.1 (edcfbbe)
C            0.38883381389515        0.69591483110908        0.57772972235983
C           -0.79001533184932        1.47995085231726       -0.00532703717843
C           -1.72002874963850        0.65359427674862       -0.87725575941521
Cl          -2.45527296208006       -0.70599838152057        0.05220525799907
C            1.35733356949217        0.22507698485827       -0.49468437389099
Cl           2.79319763747461       -0.55263122350110        0.26350738717591
H            0.01451709958623       -0.16523299617009        1.13306104676696
H            0.92317463367364        1.33986131161543        1.27721620392543
H           -0.41561774559674        2.30245409964965       -0.61661285892312
H           -1.36200877233901        1.90179035599075        0.82141060030323
H           -2.55405622842349        1.25413610859300       -1.23454154918260
H           -1.20139886484652        0.19899142881098       -1.71755821603065
H            0.91951033368977       -0.53213027662594       -1.14103897919835
H            1.73794372333652        1.05620400894529       -1.08571290039111
14
 energy: -21.753394656407 gnorm: 0.000075219927 xtb: 6.7.1 (edcfbbe)
C            0.38870073326828        0.69550004669602        0.57748755272844
C           -0.78991962010873        1.47976051107690       -0.00571991974404
C           -1.72039854242508        0.65326601363295       -0.87699568178095
Cl          -2.45711867472000       -0.70461462586907        0.05392613137071
C            1.35801110075263        0.22582168977594       -0.49469233403410
Cl           2.79297097552571       -0.55337514100546        0.26376745235401
H            0.01419427310115       -0.16616087143996        1.13187240613581
H            0.92246099874765        1.33894630058784        1.27786354425504
H           -0.41528863731617        2.30179676571041       -0.61748226469559
H           -1.36161887515145        1.90226634947310        0.82087561043018
H           -2.55383895221336        1.25413926226750       -1.23506514083322
H           -1.20199947089096        0.19734101900983       -1.71671190984677
H            0.92055554221433       -0.53034612698791       -1.14249520760125
H            1.73940130559045        1.05764018789254       -1.08423169441828
14
 energy: -21.753395098640 gnorm: 0.000063076335 xtb: 6.7.1 (edcfbbe)
C            0.38860555725407        0.69513432345271        0.57731956979950
C           -0.78984402175506        1.47959294834862       -0.00598189860946
C           -1.72072521137520        0.65302792775760       -0.87677624198421
Cl          -2.45891931596468       -0.70323618249605        0.05528892459020
C            1.35857049666424        0.22643430987653       -0.49471062164741
Cl           2.79290922847841       -0.55377570740945        0.26385720864431
H            0.01394598555776       -0.16698549731501        1.13089529688056
H            0.92191550649327        1.33814705966922        1.27843940614820
H           -0.41503865809093        2.30129374818182       -0.61808799841252
H           -1.36131874685173        1.90259957759383        0.82051498759157
H           -2.55352284914802        1.25421380049510       -1.23582300874433
H           -1.20243272611895        0.19565377610946       -1.71578030937961
H            0.92147261522435       -0.52895126862357       -1.14367007453307
H            1.74049429600693        1.05883256517984       -1.08308669602378
14
 energy: -21.753395423188 gnorm: 0.000050604610 xtb: 6.7.1 (edcfbbe)
C            0.38856715150329        0.69474024650714        0.57717580528984
C           -0.78976977140847        1.47933052631889       -0.00617178797318
C           -1.72103272264233        0.65286717747313       -0.87667040706046
Cl          -2.46075597185206       -0.70194016067862        0.05627252863153
C            1.35904902991275        0.22678128810578       -0.49473113814337
Cl           2.79324275923444       -0.55345224103635        0.26407741893459
H            0.01385431908849       -0.16767284131281        1.13029165061684
H            0.92159143048338        1.33754853370266        1.27871220797267
H           -0.41480975901790        2.30088619344943       -0.61840682353727
H           -1.36113676577336        1.90258268575671        0.82028107796552
H           -2.55321272960891        1.25451305424724       -1.23638522327476
H           -1.20289496174309        0.19449772951192       -1.71521833456841
H            0.92238791165521       -0.52831865337115       -1.14433571669004
H            1.74103223654300        1.05961784214668       -1.08249271384355
14
 energy: -21.753395764327 gnorm: 0.000046591346 xtb: 6.7.1 (edcfbbe)
C            0.38848065394660        0.69437041020630        0.57704627646633
C           -0.78972680864470        1.47916102147219       -0.00626285934103
C           -1.72120973695080        0.65268470061531       -0.87652013885602
Cl          -2.46270342230900       -0.70043726572692        0.05741055497568
C            1.35943415123380        0.22719766038843       -0.49479727552154
Cl           2.79354000772045       -0.55317018755285        0.26401446958756
H            0.01370084087465       -0.16843683687013        1.12950465289057
H            0.92116343914339        1.33682889772857        1.27917515042430
H           -0.41465822142277        2.30055556748532       -0.61865308977894
H           -1.36096841760881        1.90265908226223        0.82016153977776
H           -2.55255113204040        1.25478368654210       -1.23743914014457
H           -1.20298478067689        0.19289860533562       -1.71423651686894
H            0.92318484881408       -0.52758993160167       -1.14505212606816
H            1.74141073429485        1.06047597053614       -1.08195295322304
14
 energy: -21.753396107703 gnorm: 0.000041525352 xtb: 6.7.1 (edcfbbe)
C            0.38839353432784        0.69396281977639        0.57693708894319
C           -0.78964888094950        1.47898412057634       -0.00638652083649
C           -1.72135329709781        0.65246429429682       -0.87634924114409
Cl          -2.46493429524198       -0.69868239343941        0.05876025681121
C            1.35982187166012        0.22775508244941       -0.49489474258906
Cl           2.79378348763649       -0.55291733235470        0.26384683581123
H            0.01345007081796       -0.16929143729940        1.12858094315609
H            0.92073526345461        1.33591275714704        1.27978114383933
H           -0.41445994975109        2.30019433666321       -0.61893489274146
H           -1.36075766739861        1.90276161905991        0.81997836056626
H           -2.55179585589974        1.25492871072959       -1.23871050534080
H           -1.20291289752969        0.19104485350975       -1.71303834758496
H            0.92394559881441       -0.52664642231186       -1.14583984674709
H            1.74184517353144        1.06151037201754       -1.08133198782339
14
 energy: -21.753396391687 gnorm: 0.000041101770 xtb: 6.7.1 (edcfbbe)
C            0.38827821036352        0.69357012435838        0.57677645773322
C           -0.78960721276137        1.47885691874709       -0.00652066899821
C           -1.72151836351196        0.65226204041426       -0.87617271120106
Cl          -2.46690851914382       -0.69710614132018        0.06008996363990
C            1.36024486616056        0.22822815344647       -0.49495368175938
Cl           2.79404974153212       -0.55280136415978        0.26373093566583
H            0.01317640000736       -0.17010729033963        1.12765083565172
H            0.92023554061329        1.33507680768030        1.28030944618491
H           -0.41425334577733        2.29983930129174       -0.61926961103027
H           -1.36057870750580        1.90296527585281        0.81977611297413
H           -2.55116343404258        1.25506753674697       -1.23976479607421
H           -1.20298013827975        0.18935488008002       -1.71197897185175
H            0.92475899546291       -0.52571640326466       -1.14668948778511
H            1.74237812325731        1.06249154128684       -1.08058527882974
14
 energy: -21.753396608722 gnorm: 0.000039234513 xtb: 6.7.1 (edcfbbe)
C            0.38821553072575        0.69325041500678        0.57668117497268
C           -0.78951865031583        1.47869881572702       -0.00671034725229
C           -1.72173709340402        0.65210922312637       -0.87602848456880
Cl          -2.46840221855100       -0.69594212757403        0.06113968053846
C            1.36060537285267        0.22868651024177       -0.49500576506380
Cl           2.79409589581875       -0.55281465325319        0.26378946929315
H            0.01298161386761       -0.17077286277874        1.12692369610052
H            0.91985736781198        1.33440554453176        1.28077513034898
H           -0.41402199469179        2.29945881696729       -0.61966917554557
H           -1.36032041792850        1.90313833024201        0.81952911829493
H           -2.55081928545064        1.25518539117046       -1.24045609459564
H           -1.20323134813645        0.18805888086131       -1.71121327358391
H            0.92545078606863       -0.52484153717656       -1.14744115647400
H            1.74295659770730        1.06336063372838       -1.07991542814473
14
 energy: -21.753396785832 gnorm: 0.000033604989 xtb: 6.7.1 (edcfbbe)
C            0.38813875294678        0.69300877246400        0.57653721291941
C           -0.78947570102088        1.47860716663486       -0.00689685148726
C           -1.72194543927162        0.65196239558016       -0.87588172271440
Cl          -2.46948630223316       -0.69511332236037        0.06201152360667
C            1.36097944269035        0.22904149589452       -0.49499337738790
Cl           2.79412237195271       -0.55303322045139        0.26389140477530
H            0.01279914630047       -0.17129197782635        1.12626635413686
H            0.91949747831773        1.33388033993851        1.28109634207942
H           -0.41384583441953        2.29912628897719       -0.62009379401492
H           -1.36013100798420        1.90338797856207        0.81926855086502
H           -2.55067331805027        1.25523051083494       -1.24078452569360
H           -1.20355618420984        0.18713306424586       -1.71070389220896
H            0.92605789115164       -0.52402293735536       -1.14811322393336
H            1.74363086020429        1.06406482568199       -1.07920545662231
14
 energy: -21.753396951345 gnorm: 0.000030856416 xtb: 6.7.1 (edcfbbe)
C            0.38807783803227        0.69280402068159        0.57641342152819
C           -0.78941284549876        1.47851593108745       -0.00711862628634
C           -1.72218465534170        0.65182163605298       -0.87573469284553
Cl          -2.47027652996506       -0.69447218758068        0.06285180535541
C            1.36132979526068        0.22938920876925       -0.49498793413893
Cl           2.79398432686668       -0.55341926489825        0.26407478559560
H            0.01261918452444       -0.17175800703507        1.12565523327143
H            0.91913318970252        1.33343179535243        1.28142643814271
H           -0.41364983555211        2.29876283790098       -0.62060046917267
H           -1.35989800805746        1.90368028028065        0.81896757429447
H           -2.55066775637534        1.25523925346919       -1.24094765572254
H           -1.20397603045647        0.18635737254972       -1.71031363055198
H            0.92661156516398       -0.52313264090958       -1.14887425213590
H            1.74442191807081        1.06476114509998       -1.07841345301394
14
 energy: -21.753397121826 gnorm: 0.000029146423 xtb: 6.7.1 (edcfbbe)
C            0.38800939056555        0.69262002048374        0.57627381191033
C           -0.78934689780497        1.47844161412785       -0.00738743862739
C           -1.72245877551630        0.65164703181506       -0.87555049905992
Cl          -2.47101489061106       -0.69391421934386        0.06371782735693
C            1.36173794934622        0.22981428550851       -0.49495194441534
Cl           2.79371155113461       -0.55409006216108        0.26427846342724
H            0.01243745414348       -0.17221826703908        1.12500580634885
H            0.91875824248123        1.33297969766695        1.28175578118734
H           -0.41344515687033        2.29836910026726       -0.62121274163288
H           -1.35963386321951        1.90405303124825        0.81860239687123
H           -2.55074550577348        1.25518115680054       -1.24101921591549
H           -1.20447225029491        0.18556897230401       -1.70992380665876
H            0.92716448736038       -0.52202305114653       -1.14971415037326
H            1.74541042143355        1.06555207028903       -1.07747574609891
14
 energy: -21.753397297239 gnorm: 0.000026791381 xtb: 6.7.1 (edcfbbe)
C            0.38794730561357        0.69245518433854        0.57612519897019
C           -0.78928481173620        1.47835663091269       -0.00767923998090
C           -1.72273311518698        0.65143358166680       -0.87535882478349
Cl          -2.47172837891809       -0.69330236595554        0.06474458974438
C            1.36216004584892        0.23027380752431       -0.49492861737794
Cl           2.79330203955267       -0.55497090606559        0.26449070634059
H            0.01224098787035       -0.17268846108321        1.12427942905982
H            0.91832664834332        1.33252851650967        1.28214647420043
H           -0.41324966805061        2.29791618658564       -0.62190801669972
H           -1.35936197274786        1.90447519462639        0.81819182057938
H           -2.55083481197745        1.25506379952030       -1.24108781789593
H           -1.20497734987275        0.18470102859003       -1.70951306953900
H            0.92770289308067       -0.52069408709819       -1.15077015551004
H            1.74660234455490        1.06643327074880       -1.07633393278779
14
 energy: -21.753397466078 gnorm: 0.000025355823 xtb: 6.7.1 (edcfbbe)
C            0.38787435975744        0.69228739009039        0.57596059760620
C           -0.78921710005611        1.47829322218152       -0.00799739632440
C           -1.72302819728229        0.65119095657420       -0.87512176625421
Cl          -2.47252046575208       -0.69270015150378        0.06580699383127
C            1.36262903013628        0.23080401454221       -0.49489834777741
Cl           2.79280786787212       -0.55604669509237        0.26468159669362
H            0.01204692928297       -0.17317515196895        1.12353827331176
H            0.91787604027831        1.33207481980853        1.28251844037063
H           -0.41305085831398        2.29748703300589       -0.62263934931974
H           -1.35908090117742        1.90491843089795        0.81775636975646
H           -2.55090617694298        1.25491257564441       -1.24120522611444
H           -1.20549753831146        0.18372532227543       -1.70900240957847
H            0.92825460585950       -0.51919659800687       -1.15189656705277
H            1.74792456102414        1.06740621237207       -1.07510266482853
14
 energy: -21.753397613405 gnorm: 0.000024250191 xtb: 6.7.1 (edcfbbe)
C            0.38782781432080        0.69215079698910        0.57581104901223
C           -0.78917684060355        1.47819470791382       -0.00827822131753
C           -1.72329184125343        0.65094924453445       -0.87494042859579
Cl          -2.47334345777279       -0.69200394329968        0.06688965706516
C            1.36307226999966        0.23131904681352       -0.49487502117769
Cl           2.79231544526522       -0.55710648162564        0.26483810340504
H            0.01189918654942       -0.17362676157152        1.12281506732425
H            0.91747457548970        1.33165139208170        1.28289385012352
H           -0.41290702949339        2.29704701769106       -0.62330192817985
H           -1.35883882424398        1.90529512654419        0.81736823684981
H           -2.55093578732474        1.25475950806644       -1.24140499893854
H           -1.20595032407569        0.18271653103075       -1.70851195618654
H            0.92876429956440       -0.51771916018917       -1.15301136648917
H            1.74920266995282        1.06835435584160       -1.07389349857492
14
 energy: -21.753397732318 gnorm: 0.000023429591 xtb: 6.7.1 (edcfbbe)
C            0.38777275556239        0.69200472785073        0.57567152702454
C           -0.78912049602953        1.47813490727230       -0.00852804630160
C           -1.72350122497110        0.65071875486605       -0.87473408513397
Cl          -2.47418749454169       -0.69136973840879        0.06784457545737
C            1.36344829449977        0.23177310873341       -0.49488120729218
Cl           2.79189034453755       -0.55798435629728        0.26495303438461
H            0.01175624400720       -0.17404945487634        1.12218212150282
H            0.91708504840054        1.33127055312442        1.28321392397005
H           -0.41276967129670        2.29671750772619       -0.62386508628454
H           -1.35863094715906        1.90560364728669        0.81702849768362
H           -2.55086894071191        1.25463567856276       -1.24164039831973
H           -1.20629339983539        0.18175574866655       -1.70797504183827
H            0.92921926785037       -0.51642464818037       -1.15402494624857
H            1.75031237606199        1.06919494449431       -1.07284632428417
14
 energy: -21.753397824509 gnorm: 0.000021039486 xtb: 6.7.1 (edcfbbe)
C            0.38773861982727        0.69187733096190        0.57556114382163
C           -0.78910191838574        1.47804373771258       -0.00870730119077
C           -1.72369618619602        0.65055345592207       -0.87461446537746
Cl          -2.47495650676423       -0.69072752358299        0.06866221559211
C            1.36378584670386        0.23215594156290       -0.49486925799176
Cl           2.79162273489204       -0.55864935276875        0.26501825747523
H            0.01165743100015       -0.17441209848649        1.12165701503153
H            0.91680506220831        1.33093148380832        1.28347697078985
H           -0.41267922978833        2.29641284607495       -0.62427936792657
H           -1.35848138639906        1.90581575909572        0.81678411843026
H           -2.55080268485576        1.25456881824261       -1.24194806824185
H           -1.20657809814803        0.18091100688884       -1.70752727302900
H            0.92963069225212       -0.51539497093301       -1.15478918427169
H            1.75116778002789        1.06989494632197       -1.07202625879153
