17
 energy: -23.962466176510 gnorm: 0.034102183075 xtb: 6.7.1 (edcfbbe)
C           -2.30987265507451        0.20833639084910        1.11376314330041
C           -1.78702949368333       -0.50231877749423       -0.13295873996154
C           -0.99171945290344        0.40696742189521       -1.07305055634630
C            0.27655645394782        0.99098188570274       -0.43876060574761
C            1.25052959033321       -0.08174957841008       -0.04896024071666
O            1.58515297793802       -1.01264668324266       -0.76236792874688
O            1.75152350698980        0.08359041119522        1.19787091951247
H           -1.49464465178319        0.54585773808840        1.76181877512728
H           -2.90789450606288        1.08559202703497        0.84208197902374
H           -2.94351834606019       -0.45903209611037        1.70612780013770
H           -2.63189574980774       -0.92003207080122       -0.69278447471110
H           -1.16353376281411       -1.35610520746821        0.16560861865027
H           -0.71317361511733       -0.14914463288043       -1.97465680906468
H           -1.62239850033517        1.24374577609711       -1.39441171407878
H            0.04818030734062        1.61703682780806        0.42576402398710
H            0.79513050719728        1.62080058951749       -1.17259918815393
H            2.39070717848258       -0.63106896413591        1.36591866878539
17
 energy: -23.963586465420 gnorm: 0.015699994523 xtb: 6.7.1 (edcfbbe)
C           -2.30598422117165        0.21170265133082        1.11025002185329
C           -1.78254713834268       -0.49941219531226       -0.13111240506658
C           -0.99613427735661        0.41460062424911       -1.07048835172235
C            0.27484682839746        0.99013723986995       -0.43860895210324
C            1.24541585956888       -0.08536560141633       -0.04923655972363
O            1.58016689488501       -1.01301004624085       -0.75395046997800
O            1.74612077133580        0.08059659685554        1.18214882319230
H           -1.48975829427640        0.54099390000821        1.75149890282593
H           -2.90110960664516        1.08139136335300        0.83240664875931
H           -2.93563896264878       -0.46055227606073        1.69129138727002
H           -2.62854711942417       -0.91169771042532       -0.68787692387705
H           -1.15150577026933       -1.34306356916703        0.16738083650086
H           -0.71329923603790       -0.15397884642210       -1.95997765248885
H           -1.63206341085494        1.24495019198248       -1.38737255571888
H            0.04937890432153        1.60278358253339        0.43336232730481
H            0.78401232191272        1.61875763343085       -1.17579739915847
H            2.38874624519365       -0.62802248092354        1.37448599312743
17
 energy: -23.963877686271 gnorm: 0.005959611782 xtb: 6.7.1 (edcfbbe)
C           -2.30365856966769        0.21313800821876        1.11143877358886
C           -1.77937503299663       -0.49854695508792       -0.12980366119507
C           -0.99642772785451        0.41712037095410       -1.07124131086501
C            0.27425636809630        0.99283568093903       -0.43981798363887
C            1.24465081301793       -0.08686514251088       -0.05494402512948
O            1.57435910028414       -1.01753091719949       -0.75618440439378
O            1.73741260070843        0.07721146637659        1.16723999605933
H           -1.48793214891532        0.53883953922417        1.74982413687175
H           -2.89490584527425        1.07955850812085        0.82862262505231
H           -2.93317876767525       -0.45937560836263        1.68724581363441
H           -2.62408931610457       -0.91146135377873       -0.68474400419076
H           -1.14244448659938       -1.33487069435197        0.16783947382525
H           -0.71099155496936       -0.15564495735638       -1.95556330294812
H           -1.63457497854795        1.24365148451263       -1.38456060433697
H            0.05101666526327        1.59401485281219        0.43948912746870
H            0.77673434987361        1.62341154673513       -1.17656286357627
H            2.38124831994864       -0.62467477160025        1.39012588477064
17
 energy: -23.963932340345 gnorm: 0.002930756843 xtb: 6.7.1 (edcfbbe)
C           -2.30275541607935        0.21377791844549        1.11201986466497
C           -1.77757208492382       -0.49926632105530       -0.12933375596550
C           -0.99662882322062        0.41789687104383       -1.07228330936646
C            0.27410940131137        0.99403824692162       -0.44076543864869
C            1.24281137701287       -0.08969521663060       -0.05695712422923
O            1.57093748627183       -1.01987585695993       -0.76198844825554
O            1.73465847623574        0.07536140004461        1.16231228694391
H           -1.48723480019578        0.53829673511485        1.75149086810551
H           -2.89235696775115        1.08113900197166        0.82801591157274
H           -2.93394389851675       -0.45821655888320        1.68685234343738
H           -2.62161421059388       -0.91443858079258       -0.68335924424209
H           -1.13873889542785       -1.33387542527223        0.16863508138509
H           -0.71044800184599       -0.15484777652478       -1.95619034359889
H           -1.63533040013201        1.24364837828406       -1.38585269425530
H            0.05137562183228        1.59084471711034        0.44144971788927
H            0.77559982631135        1.62747743733957       -1.17515390505067
H            2.37923109829921       -0.62145391251221        1.39951186061040
17
 energy: -23.963952199783 gnorm: 0.001602862056 xtb: 6.7.1 (edcfbbe)
C           -2.30214940001033        0.21398909669821        1.11243767006999
C           -1.77620267521778       -0.49976786454993       -0.12886300659489
C           -0.99652937736849        0.41764769346742       -1.07310666003780
C            0.27405872446587        0.99463437820017       -0.44169534787483
C            1.24447682823813       -0.08991483617950       -0.05992513522887
O            1.56828399329995       -1.02025803463280       -0.76852443143627
O            1.73305770563596        0.07324116861196        1.16009468098464
H           -1.48699808874371        0.53757358940021        1.75395352274285
H           -2.88996292143850        1.08327255807920        0.82801797182964
H           -2.93589310347561       -0.45673743006210        1.68703718804804
H           -2.61966733122661       -0.91789733090159       -0.68200235232882
H           -1.13597028053960       -1.33344086144041        0.16992403725056
H           -0.71044415011989       -0.15418765421920       -1.95788688125524
H           -1.63612207887752        1.24294677086193       -1.38729240319011
H            0.05119004110364        1.58921941007646        0.44206867533104
H            0.77510815466982        1.63097943771101       -1.17390982089547
H            2.37586374819209       -0.62048903347587        1.40807596358244
17
 energy: -23.963954120430 gnorm: 0.000825768455 xtb: 6.7.1 (edcfbbe)
C           -2.30199679686180        0.21416968942835        1.11212731143409
C           -1.77587370990817       -0.49979817914075       -0.12864885508098
C           -0.99634535942189        0.41697078156556       -1.07319620292144
C            0.27367855187700        0.99426298657655       -0.44156342767873
C            1.24312707995049       -0.09149612987326       -0.05985981945932
O            1.56875353690894       -1.01822709379096       -0.77195441579447
O            1.73295809232111        0.07211282983616        1.16024497998736
H           -1.48721478851397        0.53655486282667        1.75523515001342
H           -2.88824467360017        1.08498135161395        0.82797718171250
H           -2.93775501373311       -0.45536296360726        1.68635558179395
H           -2.61911531445173       -0.91924908104399       -0.68149709236615
H           -1.13547997313358       -1.33343675899117        0.17085612491178
H           -0.71066485180686       -0.15444742414629       -1.95866439101421
H           -1.63584579258590        1.24261610510116       -1.38772278588531
H            0.04998456807119        1.58890178408168        0.44210248826770
H            0.77570146689160        1.63151400321502       -1.17270173717827
H            2.37643276658429       -0.61925570600621        1.40931358025499
17
 energy: -23.963955352661 gnorm: 0.000312816247 xtb: 6.7.1 (edcfbbe)
C           -2.30195654892638        0.21424256556391        1.11205266877861
C           -1.77581322455313       -0.49987498408374       -0.12838702510218
C           -0.99647704244853        0.41690211510124       -1.07287277759655
C            0.27363901468726        0.99416582350505       -0.44159540001699
C            1.24456165648223       -0.09037815645012       -0.06065318633711
O            1.56975671088580       -1.01739801312797       -0.77211749645457
O            1.73251091205030        0.07185702433021        1.16050029424928
H           -1.48726273950496        0.53580500708720        1.75550691806580
H           -2.88742139457255        1.08541568202256        0.82779401631599
H           -2.93840409497550       -0.45495370481907        1.68571110380825
H           -2.61903813432248       -0.91925794547415       -0.68125790395833
H           -1.13542030179932       -1.33345645293837        0.17122274990739
H           -0.71084702430419       -0.15468826898609       -1.95821864841974
H           -1.63616684222935        1.24239153295452       -1.38741124143798
H            0.04988794957188        1.58905304096545        0.44190440302572
H            0.77523626087025        1.63121963422849       -1.17317083534956
H            2.37531463167609       -0.62023384223392        1.40939603151885
17
 energy: -23.963955698136 gnorm: 0.000151176490 xtb: 6.7.1 (edcfbbe)
C           -2.30197387745513        0.21432483526176        1.11218110870029
C           -1.77581317244797       -0.49991802093000       -0.12821359649055
C           -0.99649515770836        0.41678174974049       -1.07284489479880
C            0.27360175370943        0.99424368086049       -0.44165619948380
C            1.24459136386312       -0.09022924095890       -0.06081906716480
O            1.57098002407477       -1.01666944083306       -0.77247136342569
O            1.73182502953754        0.07158160690925        1.16058690352809
H           -1.48728853209448        0.53500161842282        1.75596199796186
H           -2.88648708019843        1.08594399577922        0.82763754870115
H           -2.93924521937107       -0.45446548308232        1.68528679399904
H           -2.61899519941136       -0.91929414275627       -0.68108323767614
H           -1.13536020113209       -1.33335310634408        0.17145277541867
H           -0.71081126534245       -0.15496011841048       -1.95802919640254
H           -1.63627735349542        1.24212407420362       -1.38732372302494
H            0.04991646807322        1.58895188382509        0.44195243139681
H            0.77492611834431        1.63123093578313       -1.17343138507725
H            2.37500608964180       -0.62048376982556        1.40921677483551
17
 energy: -23.963956295415 gnorm: 0.000211009018 xtb: 6.7.1 (edcfbbe)
C           -2.30183434234519        0.21468139760564        1.11241571840642
C           -1.77559057884182       -0.50028435058488       -0.12764278361713
C           -0.99656882526901        0.41626693754223       -1.07277333924182
C            0.27342490475370        0.99448282733464       -0.44192439097581
C            1.24503560241591       -0.08961087732243       -0.06158426813755
O            1.57442273461731       -1.01402367204120       -0.77458369190105
O            1.72963790205091        0.07023459018759        1.16110613327012
H           -1.48727072773978        0.53267982956110        1.75763411360270
H           -2.88344719720723        1.08803542540385        0.82733592520168
H           -2.94188996496706       -0.45269608356986        1.68401903224569
H           -2.61867367113403       -0.92003498439498       -0.68034076455531
H           -1.13494911341401       -1.33339041913749        0.17241996598885
H           -0.71072647091459       -0.15575644914562       -1.95768916248025
H           -1.63665619870654        1.24123023244239       -1.38747038220521
H            0.04968972043744        1.58867854057504        0.44196839611473
H            0.77398145902387        1.63176336218988       -1.17393832256661
H            2.37351455582754       -0.62144524900071        1.40945149184746
17
 energy: -23.963956753072 gnorm: 0.000160965968 xtb: 6.7.1 (edcfbbe)
C           -2.30141875763212        0.21511641175342        1.11273250128198
C           -1.77521292173447       -0.50063970384932       -0.12692324934018
C           -0.99653806469572        0.41541217618951       -1.07279601034613
C            0.27313473841208        0.99484355528048       -0.44230603129983
C            1.24567974789243       -0.08860494004453       -0.06257418948234
O            1.57879662319864       -1.01008170730868       -0.77768348683004
O            1.72647541945129        0.06808280949397        1.16206684046999
H           -1.48699052487457        0.53000420287253        1.75968731235645
H           -2.87958299984303        1.09062385453222        0.82716023515607
H           -2.94481902434613       -0.45044119874762        1.68273992531042
H           -2.61825010197866       -0.92098898601293       -0.67924629456736
H           -1.13438240086055       -1.33339265965683        0.17372833365829
H           -0.71039220314759       -0.15699365019155       -1.95739435264115
H           -1.63705040856046        1.23985238696462       -1.38805375564548
H            0.04901477956673        1.58851443559660        0.44182839754931
H            0.77270964511799        1.63267334494130       -1.17449570267569
H            2.37092624262159       -0.62316927416802        1.40993319804260
17
 energy: -23.963956959768 gnorm: 0.000082986173 xtb: 6.7.1 (edcfbbe)
C           -2.30092356441014        0.21538939141648        1.11285790869089
C           -1.77492434300313       -0.50085204168441       -0.12660134138533
C           -0.99652893669515        0.41503267013157       -1.07281531257067
C            0.27296231555439        0.99515294823035       -0.44254024373184
C            1.24588722827499       -0.08802509142686       -0.06300662013509
O            1.58077772045070       -1.00793515532163       -0.77931676998226
O            1.72451861757831        0.06676429338483        1.16271112271260
H           -1.48649880101178        0.52927989924464        1.76033173620826
H           -2.87805084285227        1.09160406556970        0.82728403282288
H           -2.94530529356356       -0.44955925680667        1.68245763612370
H           -2.61804410216005       -0.92141733358379       -0.67865930167346
H           -1.13403991595595       -1.33354074281479        0.17423625770005
H           -0.71009592974163       -0.15769308168127       -1.95713124601925
H           -1.63723822648711        1.23914657855306       -1.38865513713761
H            0.04850865923575        1.58866612082773        0.44162115780515
H            0.77210127317129        1.63324507726556       -1.17478835773578
H            2.36899393020278       -0.62444728365929        1.41041814930466
17
 energy: -23.963957270770 gnorm: 0.000140953777 xtb: 6.7.1 (edcfbbe)
C           -2.29981345246890        0.21576340622264        1.11330802284034
C           -1.77437857829371       -0.50098213843040       -0.12606869094222
C           -0.99639305143528        0.41431344156466       -1.07309648778475
C            0.27264837655367        0.99582528221235       -0.44308272137125
C            1.24618351463026       -0.08688757553038       -0.06376933746424
O            1.58451005158923       -1.00380736367638       -0.78233677974596
O            1.72032616719131        0.06408522529745        1.16415066605870
H           -1.48517440354165        0.52867530456582        1.76103625289756
H           -2.87582422371359        1.09273510475450        0.82770232316115
H           -2.94515559244148       -0.44838384495816        1.68279460823071
H           -2.61775303573143       -0.92186192317064       -0.67753742938763
H           -1.13343195054764       -1.33360393820156        0.17496141440126
H           -0.70936912913077       -0.15902414208065       -1.95687470225153
H           -1.63753287636616        1.23774800581889       -1.38998587516937
H            0.04754006384868        1.58915525030159        0.44105163130381
H            0.77104774859189        1.63428226851548       -1.17548696252839
H            2.36467015985300       -0.62722130556001        1.41163773874871
17
 energy: -23.963957530203 gnorm: 0.000152734716 xtb: 6.7.1 (edcfbbe)
C           -2.29885302931290        0.21598122002204        1.11359860725817
C           -1.77409763154650       -0.50107649939251       -0.12587676873604
C           -0.99635559327042        0.41402189315244       -1.07327694929341
C            0.27250330753077        0.99630533283802       -0.44352104554489
C            1.24618347158463       -0.08624316152688       -0.06410523133643
O            1.58685223872690       -1.00132022217246       -0.78391368934146
O            1.71728610300703        0.06237557040798        1.16522615570522
H           -1.48387184500569        0.52914622347105        1.76078343605512
H           -2.87520308732191        1.09280020980407        0.82818904219421
H           -2.94371389412901       -0.44815642795943        1.68363129287653
H           -2.61778888290370       -0.92185562917098       -0.67695306088715
H           -1.13318598283970       -1.33379481610903        0.17501013294693
H           -0.70900440309889       -0.15972383930897       -1.95668407167594
H           -1.63771783387279        1.23705684732444       -1.39076530766948
H            0.04707933508307        1.58966738336986        0.44050251277442
H            0.77055557517752        1.63474883357336       -1.17614915310988
H            2.36143194077899       -0.62912186067780        1.41270776878099
17
 energy: -23.963958002303 gnorm: 0.000127052712 xtb: 6.7.1 (edcfbbe)
C           -2.29704785587195        0.21619868452290        1.11432186559844
C           -1.77352128695274       -0.50105525773621       -0.12554697963590
C           -0.99631714123223        0.41368706806537       -1.07376676271000
C            0.27237040152965        0.99714195751895       -0.44457531009068
C            1.24612315805400       -0.08521554917551       -0.06472474556867
O            1.59143246887306       -0.99694996123440       -0.78659347124617
O            1.71116680930440        0.05916049416726        1.16734667159284
H           -1.48130551760502        0.53060014546086        1.75992394296676
H           -2.87480129770256        1.09220196536027        0.82926856060662
H           -2.94023308832844       -0.44829236852973        1.68584329046014
H           -2.61782816705968       -0.92153387345560       -0.67589875682696
H           -1.13267772623942       -1.33399221895492        0.17488426168450
H           -0.70862219609692       -0.16065632874081       -1.95666956103044
H           -1.63809980372315        1.23610551973928       -1.39193971676670
H            0.04664470368112        1.59078229555366        0.43915513816960
H            0.76985675970062        1.63521736751020       -1.17784914487757
H            2.35495956825669       -0.63258888242638        1.41522438867108
17
 energy: -23.963958424670 gnorm: 0.000091155040 xtb: 6.7.1 (edcfbbe)
C           -2.29523324280320        0.21624072015708        1.11507761787966
C           -1.77292197768218       -0.50101214622309       -0.12530206445682
C           -0.99637631848696        0.41365010159761       -1.07418668751802
C            0.27248021862216        0.99796862976533       -0.44593382116828
C            1.24591837079188       -0.08440257236304       -0.06529412121887
O            1.59573948731512       -0.99321008991786       -0.78868346231129
O            1.70487438979086        0.05616163093804        1.16946290035068
H           -1.47877253957358        0.53235426410513        1.75891533525224
H           -2.87493813973623        1.09107741337330        0.83045151123756
H           -2.93625836301353       -0.44895894410197        1.68820220344598
H           -2.61774824788867       -0.92139905169435       -0.67493713374175
H           -1.13185103139477       -1.33395966621829        0.17457742127155
H           -0.70886667818133       -0.16098600630024       -1.95694210073829
H           -1.63859551083623        1.23567204386885       -1.39238847904775
H            0.04684690128152        1.59222064645587        0.43737354609996
H            0.76961411314042        1.63520820487371       -1.18012777052462
H            2.34818835724212       -0.63581412067087        1.41813877618495
17
 energy: -23.963958893548 gnorm: 0.000115408063 xtb: 6.7.1 (edcfbbe)
C           -2.29306326393817        0.21615442519111        1.11605909540530
C           -1.77177855904998       -0.50095862884658       -0.12482972076598
C           -0.99661062874677        0.41385512903628       -1.07476270925308
C            0.27271221001013        0.99891177406332       -0.44790054424040
C            1.24558424900874       -0.08353461384192       -0.06600777082848
O            1.60117423148975       -0.98878993466241       -0.79107304169977
O            1.69674698285055        0.05241976550371        1.17214485877795
H           -1.47585438545325        0.53406076950559        1.75801885078128
H           -2.87483154119518        1.08977447019613        0.83193697888759
H           -2.93180281643820       -0.44981689808063        1.69084205994532
H           -2.61708498720330       -0.92152891046747       -0.67355156676240
H           -1.13022057227843       -1.33375072948758        0.17441904075111
H           -0.70972507525291       -0.16084852291011       -1.95766857503392
H           -1.63944630648803        1.23557584870550       -1.39244393645158
H            0.04743470300042        1.59427595612903        0.43471484391782
H            0.76942987950751        1.63476030196473       -1.18351851237359
H            2.33943566876454       -0.63974914435352        1.42202431993972
17
 energy: -23.963959328226 gnorm: 0.000110315007 xtb: 6.7.1 (edcfbbe)
C           -2.29113519860714        0.21587278089993        1.11692234682920
C           -1.77067647777925       -0.50095244530846       -0.12447825424862
C           -0.99691127329552        0.41428238392474       -1.07514752317858
C            0.27314925053071        0.99978718096562       -0.44993798480088
C            1.24513487294949       -0.08291855239546       -0.06654759917912
O            1.60523889894057       -0.98559532659093       -0.79254978396412
O            1.68964000341891        0.04943016645070        1.17436032804376
H           -1.47345727078277        0.53519724206728        1.75757380316272
H           -2.87454291881845        1.08852402154279        0.83323226999088
H           -2.92813513308616       -0.45078937324665        1.69282395999540
H           -2.61619321479238       -0.92223027811783       -0.67235639101483
H           -1.12820583989700       -1.33320755598059        0.17426172777539
H           -0.71113577628791       -0.16006049989064       -1.95864493572658
H           -1.64039825619646        1.23592910170994       -1.39166081641810
H            0.04845631318290        1.59654708186251        0.43187241301821
H            0.76976271602926        1.63395686141005       -1.18703478648336
H            2.33150909307861       -0.64296173165778        1.42571489719552
17
 energy: -23.963959670463 gnorm: 0.000109935915 xtb: 6.7.1 (edcfbbe)
C           -2.28922835567969        0.21559328652133        1.11773531615981
C           -1.76925690932203       -0.50103904828448       -0.12397046456779
C           -0.99730758010966        0.41473027459461       -1.07557157795301
C            0.27347048091607        1.00063328691656       -0.45197085641443
C            1.24459901095663       -0.08227750487803       -0.06701321994706
O            1.60919207926210       -0.98238932070840       -0.79402655500782
O            1.68256294540802        0.04649270879400        1.17662043966184
H           -1.47117870798108        0.53537946599590        1.75766736950406
H           -2.87330233068597        1.08792918605223        0.83444263028920
H           -2.92544260300789       -0.45134354732913        1.69417354630239
H           -2.61490583744668       -0.92317938949625       -0.67096825811461
H           -1.12581341926053       -1.33270349861485        0.17434923376992
H           -0.71266785286593       -0.15917140853764       -1.95973526138488
H           -1.64151289119661        1.23632799118959       -1.39081687697546
H            0.04928978937747        1.59894414573704        0.42892620554186
H            0.76996654940367        1.63305381937282       -1.19060788298155
H            2.32363542081951       -0.64616938968009        1.42916988311442
17
 energy: -23.963959812065 gnorm: 0.000054525162 xtb: 6.7.1 (edcfbbe)
C           -2.28815034045413        0.21538980558741        1.11812119510296
C           -1.76855848608720       -0.50112958508005       -0.12381414012086
C           -0.99752216635039        0.41496306877949       -1.07580671049714
C            0.27358153296033        1.00108609145124       -0.45297148203684
C            1.24419570694867       -0.08196070358383       -0.06709708719015
O            1.61044536588385       -0.98115454534813       -0.79436872927215
O            1.67934338947324        0.04533472617370        1.17759105776487
H           -1.46991586541612        0.53490411851909        1.75797951955810
H           -2.87206189452906        1.08792232236555        0.83507111766188
H           -2.92445267860552       -0.45146595655427        1.69456315485860
H           -2.61426468224703       -0.92379468311466       -0.67032976388627
H           -1.12455773376530       -1.33245069622225        0.17426821120410
H           -0.71342317027283       -0.15862464641284       -1.96035279948552
H           -1.64211996383565        1.23652295476655       -1.39038989496181
H            0.04956003534063        1.60020430468827        0.42742485370969
H            0.77014402227548        1.63263945490690       -1.19228381177433
H            2.31985671726844       -0.64757497327696        1.43079898036177
17
 energy: -23.963959879186 gnorm: 0.000035152337 xtb: 6.7.1 (edcfbbe)
C           -2.28752237002489        0.21532976017197        1.11831128814343
C           -1.76828275113192       -0.50119204821770       -0.12376310462803
C           -0.99760122050384        0.41496157515891       -1.07594875892201
C            0.27353709156013        1.00133682530585       -0.45337942277130
C            1.24398618520307       -0.08171894189337       -0.06710718666423
O            1.61106598658223       -0.98043235977525       -0.79460574780117
O            1.67779742588037        0.04482248349182        1.17812397556841
H           -1.46913851010796        0.53421394106645        1.75830298157283
H           -2.87092410593048        1.08827060971237        0.83545838487562
H           -2.92424342994209       -0.45129396756101        1.69455502730640
H           -2.61411140964842       -0.92396908333403       -0.67000815157272
H           -1.12410615464550       -1.33244566798989        0.17414279295728
H           -0.71361253098567       -0.15860075113145       -1.96055045325040
H           -1.64240008649404        1.23641144884338       -1.39042639093225
H            0.04944341339970        1.60078353302255        0.42678181987037
H            0.77012442741348        1.63257127211473       -1.19293964935095
H            2.31808782796323       -0.64823757134013        1.43145626659559
