20
 energy: -386.242925314471 gnorm: 0.001811738541 xtb: 6.7.1 (edcfbbe)
C           -2.76234014811726       -0.58573407625016        1.00319147379424
C           -2.38657668057637       -0.48568283736617       -0.47461274340510
C           -1.65598593301943        0.81061552607913       -0.83684611452137
C           -0.34760279758207        1.02689377172924       -0.10881256645241
O            0.54039729190669       -0.08281515410702       -0.45554429157130
C            1.76589279986812       -0.06388638627980        0.09309788562175
O            2.14775231356500        0.82008410626462        0.84603341842381
C            2.60228414782318       -1.23083578505955       -0.32587356811284
H           -3.37969332515347       -1.47019564528987        1.18811130189941
H           -1.87817092791866       -0.66434111608999        1.64531105002380
H           -3.33251964287160        0.29454771219303        1.32393751152737
H           -1.76970234109348       -1.34780022757574       -0.75820765356459
H           -3.29590376380985       -0.54367841896820       -1.08541748514165
H           -1.47307537787895        0.84736579323521       -1.91746553020019
H           -2.29343308028653        1.67072491917851       -0.59337114788339
H            0.13060497451592        1.96135096424173       -0.41801776013587
H           -0.47288306909884        1.03998267192422        0.97817622160164
H            3.01577352577079       -1.70713680374140        0.56772580112385
H            3.44241583080020       -0.85619955392206       -0.91943049486901
H            2.03709332653682       -1.95628262595652       -0.91135804954165
20
 energy: -386.242932011418 gnorm: 0.001060281867 xtb: 6.7.1 (edcfbbe)
C           -2.76078578583092       -0.58597385866320        1.00285006788268
C           -2.38754257719551       -0.48460007159032       -0.47427756409854
C           -1.65603192175078        0.81089110046020       -0.83791603586776
C           -0.34816482694855        1.02717748975112       -0.10937053530526
O            0.53963583120455       -0.08387933774259       -0.45487204231908
C            1.76389911507034       -0.06661037085585        0.09690742209040
O            2.14567608325753        0.81771419070413        0.84860526472483
C            2.60194569888949       -1.23048721334214       -0.32535350153736
H           -3.37614001587737       -1.47191706287653        1.18917607354588
H           -1.87544816372390       -0.66255246484835        1.64253914906428
H           -3.33122854764167        0.29285557869994        1.32440827606442
H           -1.77300017094284       -1.34652960922887       -0.75926173657071
H           -3.29743596053938       -0.54151232811427       -1.08262940838866
H           -1.47158945260676        0.84573388382001       -1.91818653448910
H           -2.29307398508427        1.67150435354009       -0.59638904176095
H            0.13130059478403        1.96055385843862       -0.41903323936838
H           -0.47340693545424        1.04082337948723        0.97749665712044
H            3.01753405281986       -1.70693090298297        0.56615428522210
H            3.44089985301313       -0.85395284309507       -0.91930301614455
H            2.03728410967421       -1.95533131849278       -0.91091725855158
20
 energy: -386.242936362785 gnorm: 0.001183760459 xtb: 6.7.1 (edcfbbe)
C           -2.75808994477926       -0.58579135335093        1.00285919536581
C           -2.38895058551570       -0.48392197668574       -0.47460499182945
C           -1.65628501507965        0.81082381333754       -0.83889389978299
C           -0.34894964000330        1.02720691621526       -0.10974013484430
O            0.53920975159692       -0.08424384193957       -0.45541256564470
C            1.76336206759606       -0.06661665272511        0.09703738846324
O            2.14231201307547        0.81433628721744        0.85381120933095
C            2.60135062127913       -1.23040278728496       -0.32444035159574
H           -3.37085707533062       -1.47339495258264        1.19057624199186
H           -1.87123227605451       -0.66049279860856        1.64028971784765
H           -3.32969061944933        0.29128259744131        1.32610629338187
H           -1.77667600965895       -1.34603443089660       -0.76211520179446
H           -3.30017819310975       -0.53854404141044       -1.08049664322332
H           -1.47054803517700        0.84364235992080       -1.91894101743444
H           -2.29288577496856        1.67222195382940       -0.59955703356542
H            0.13121085081195        1.95988346084285       -0.42007068653378
H           -0.47389812540076        1.04143555577131        0.97705952324056
H            3.01777619894291       -1.70731797349158        0.56603306172674
H            3.43989024260409       -0.85231583720985       -0.91798508744311
H            2.03745630037090       -1.95478050323182       -0.91088798384583
20
 energy: -386.242940853528 gnorm: 0.000614117682 xtb: 6.7.1 (edcfbbe)
C           -2.75496677197839       -0.58575248032008        1.00330788212983
C           -2.39013024618705       -0.48321861358284       -0.47544423998107
C           -1.65646578220298        0.81091001860712       -0.84041685455982
C           -0.34949287385976        1.02749181534451       -0.11077676616826
O            0.53853360322210       -0.08473891119084       -0.45535351546055
C            1.76146868893800       -0.06837820685334        0.10014523724461
O            2.13897796829706        0.81155311321842        0.85920229495926
C            2.60084607613645       -1.23042724054841       -0.32360238825749
H           -3.36537604235679       -1.47458797701913        1.19228501424470
H           -1.86639252124183       -0.65929175612116        1.63897675585231
H           -3.32798384370240        0.29001730842047        1.32874852350315
H           -1.77967199504585       -1.34615531136410       -0.76606051785317
H           -3.30342136804325       -0.53520614243770       -1.07923629229602
H           -1.47008270776352        0.84225902779407       -1.92044863615047
H           -2.29274117163155        1.67310333309644       -0.60267169935097
H            0.13124634340071        1.95984073741953       -0.42148126424067
H           -0.47495555912386        1.04243210376353        0.97593572668766
H            3.01930678577809       -1.70768264996071        0.56613236864254
H            3.43795544418800       -0.84997745085711       -0.91787568710674
H            2.03767249611379       -1.95521569803833       -0.91073936651102
20
 energy: -386.242940853528 gnorm: 0.000614117682 xtb: 6.7.1 (edcfbbe)
C           -2.75496677197839       -0.58575248032008        1.00330788212983
C           -2.39013024618705       -0.48321861358284       -0.47544423998107
C           -1.65646578220298        0.81091001860712       -0.84041685455982
C           -0.34949287385976        1.02749181534451       -0.11077676616826
O            0.53853360322210       -0.08473891119084       -0.45535351546055
C            1.76146868893800       -0.06837820685334        0.10014523724461
O            2.13897796829706        0.81155311321842        0.85920229495926
C            2.60084607613645       -1.23042724054841       -0.32360238825749
H           -3.36537604235679       -1.47458797701913        1.19228501424470
H           -1.86639252124183       -0.65929175612116        1.63897675585231
H           -3.32798384370240        0.29001730842047        1.32874852350315
H           -1.77967199504585       -1.34615531136410       -0.76606051785317
H           -3.30342136804325       -0.53520614243770       -1.07923629229602
H           -1.47008270776352        0.84225902779407       -1.92044863615047
H           -2.29274117163155        1.67310333309644       -0.60267169935097
H            0.13124634340071        1.95984073741953       -0.42148126424067
H           -0.47495555912386        1.04243210376353        0.97593572668766
H            3.01930678577809       -1.70768264996071        0.56613236864254
H            3.43795544418800       -0.84997745085711       -0.91787568710674
H            2.03767249611379       -1.95521569803833       -0.91073936651102
