----------------------------------------------- 
  Element       SASA      Sigma Z        Total  
     Z         Ang**2 cal/Ang**2/mol   kcal/mol 
----------------------------------------------- 
      H        141.468      48.690       6.888
      C         33.921     129.740       4.401
      O         33.115       0.000       0.000

 Subtotal:     208.503                  11.289
 -----------------------------------------------

  Elements    COT*SASA   Sigma Z,Z'     Total   
    Z,Z'       Ang**2  cal/Ang**2/mol kcal/mol  
 ---------------------------------------------- 
  H   C         95.094     -60.770      -5.779
  H   O          0.000       0.000       0.000
  C   C         20.805     -72.950      -1.518
  O   C         17.097      68.690       1.174
  O   O          0.000       0.000       0.000

 Subtotal:                              -6.122
 ---------------------------------------------- 

 NONAQUEOUS SOLVENT CONTRIBUTION (kcal/mol):
 (proportional to SASA, atomic number independent)
 ---------------------------------------------- 
 Subtotal:                               0.000
 ---------------------------------------------- 

 CDS TOTAL (kcal/mol):                   5.167
...............................................................................
