20
 energy: -386.237704785027 gnorm: 0.001875637105 xtb: 6.7.1 (edcfbbe)
C           -3.13845403258326       -1.12264104552855        0.01018774455647
C           -1.90770252692293       -0.33116936840932        0.44336900186986
C           -1.38674773739151        0.57507587838784       -0.67035552892826
C           -0.16461673193140        1.40449903314407       -0.24732486779798
C            0.97544663413671        0.54586185592052        0.22149720970719
O            1.44714288135567        0.55145835096775        1.34788482267317
O            1.43263138180644       -0.25955501981038       -0.75652404112069
C            2.52996838910524       -1.13432637246764       -0.39551159073181
H           -3.51779147652031       -1.74939559670938        0.82370490577448
H           -3.94611987840965       -0.44964732498670       -0.30060775164278
H           -2.90370449894052       -1.77669066790857       -0.83752921212687
H           -2.14687447172173        0.27969509477828        1.32369615273747
H           -1.11530372601758       -1.02721338433624        0.75205570546217
H           -2.17584856022677        1.27233594031819       -0.97300544767150
H           -1.13757386479541       -0.02621908578722       -1.55165995722278
H           -0.42373974263459        2.07873667775614        0.57228199437814
H            0.18718421691869        2.00487682310229       -1.09387208490991
H            2.22605751556105       -1.81245973490164        0.40584399071453
H            3.39465461291663       -0.54501213303940       -0.08036437847914
H            2.76288413427446       -1.69588037436289       -1.29943128155987
20
 energy: -386.237715175033 gnorm: 0.000615779363 xtb: 6.7.1 (edcfbbe)
C           -3.13794283180903       -1.12231736759332        0.01054899691578
C           -1.90722843459354       -0.33123758863946        0.44266392656467
C           -1.38591243836962        0.57405196997481       -0.67145483834822
C           -0.16534136236806        1.40500366283077       -0.24624458690409
C            0.97627906713586        0.54840779693361        0.22164188153294
O            1.44918378549257        0.55438717935093        1.34711060685117
O            1.43349345541786       -0.25690120201066       -0.75717395041246
C            2.52901497421857       -1.13545996948111       -0.39508485149090
H           -3.51431029039732       -1.75153931520111        0.82309252289227
H           -3.94712503945637       -0.45017117291084       -0.29601482794543
H           -2.90534720878017       -1.77390392841129       -0.83886741673065
H           -2.14553820220909        0.27959082928783        1.32299919010756
H           -1.11510162280292       -1.02756028119237        0.75123936559817
H           -2.17543011320488        1.27050534921357       -0.97732969433017
H           -1.13316828980499       -0.02823753364492       -1.55180735048435
H           -0.42636516217038        2.07821052278976        0.57376453296165
H            0.18560576988906        2.00735342102672       -1.09178029812027
H            2.22177739911550       -1.81231172709548        0.40585278241279
H            3.39473244902571       -0.54823701611835       -0.07946892867637
H            2.76021573106229       -1.69730361384849       -1.29935280523699
20
 energy: -386.237723342868 gnorm: 0.001050023956 xtb: 6.7.1 (edcfbbe)
C           -3.13746602522667       -1.12244975222279        0.01135663219033
C           -1.90584003879201       -0.33208138423013        0.44077294897790
C           -1.38314373818486        0.57210099108151       -0.67326437374712
C           -0.16623795223852        1.40711975071432       -0.24503279721692
C            0.97715167252779        0.55261693410400        0.22182595202874
O            1.45311795202808        0.56028334163558        1.34580139170775
O            1.43394731694982       -0.25244629432264       -0.75836640887633
C            2.52590473116262       -1.13690910305057       -0.39419598971497
H           -3.50749657434815       -1.75742268090218        0.82243638980305
H           -3.94989363127495       -0.45017387378352       -0.28597141921688
H           -2.90875379401089       -1.76848992670795       -0.84325723452830
H           -2.14236346325618        0.27962806523995        1.32092029317231
H           -1.11373627907832       -1.02860291572551        0.74909718635296
H           -2.17320099119886        1.26574690497186       -0.98484701750510
H           -1.12468208754791       -0.03179024994329       -1.55107636021075
H           -0.43075890780991        2.07738261500273        0.57641024682593
H            0.18357961279912        2.01333646217156       -1.08838527237606
H            2.21293473221670       -1.81123181549682        0.40649412651509
H            3.39424025243560       -0.55412887682717       -0.07809607087108
H            2.75418700820265       -1.70015720191831       -1.29829045617825
20
 energy: -386.237725244185 gnorm: 0.001011722022 xtb: 6.7.1 (edcfbbe)
C           -3.13637214795921       -1.12225781240377        0.01138950798847
C           -1.90390711420957       -0.33252485742646        0.44012328807705
C           -1.38213522657083        0.57134799349324       -0.67478937996317
C           -0.16705344614644        1.40793558799278       -0.24468183274239
C            0.97845731640070        0.55566448696904        0.22129959845176
O            1.45437923202150        0.56314637971114        1.34533767038363
O            1.43347521979536       -0.25125480578429       -0.75815941011123
C            2.52340087299349       -1.13779131596173       -0.39340610872445
H           -3.50287870847948       -1.76075048791984        0.82139428864132
H           -3.95066140182375       -0.44951063624349       -0.28032700767854
H           -2.91037457280254       -1.76492631732187       -0.84674511809055
H           -2.13972802052848        0.27933871062136        1.32047039067224
H           -1.11190972252435       -1.02943700217490        0.74798597129087
H           -2.17283062711896        1.26316242807572       -0.98796183830443
H           -1.12127679951752       -0.03273619040228       -1.55147558189743
H           -0.43333120685588        2.07636028254118        0.57765752470615
H            0.18198583411216        2.01614669134827       -1.08686191355687
H            2.20892788251557       -1.81038822993982        0.40815416988907
H            3.39314747133614       -0.55661464445382       -0.07817609634058
H            2.75017387277786       -1.70257872096987       -1.29689798584124
20
 energy: -386.237727396565 gnorm: 0.000499564298 xtb: 6.7.1 (edcfbbe)
C           -3.13558503701314       -1.12231705266623        0.01139121908573
C           -1.90240154812066       -0.33303238935829        0.43950040120267
C           -1.38144166773428        0.57133859068319       -0.67557037032002
C           -0.16735147164377        1.40880761780757       -0.24495274422179
C            0.97753664456986        0.55585516805683        0.22136425201400
O            1.45520834907472        0.56581664314587        1.34476415609400
O            1.43213147502897       -0.25182682323940       -0.75723204039165
C            2.52150402733860       -1.13815058446547       -0.39262796314290
H           -3.49960225407169       -1.76377415749413        0.82014218615810
H           -3.95097869235960       -0.44899209853561       -0.27596534113582
H           -2.91153662862008       -1.76193530013974       -0.84961501127978
H           -2.13759275364496        0.27850745172427        1.32027827437906
H           -1.11040746449122       -1.03029153004351        0.74650857368829
H           -2.17272842004019        1.26216610233237       -0.98874401147840
H           -1.11976317216147       -0.03261767680172       -1.55188177912673
H           -0.43410979193992        2.07654491075946        0.57770946786495
H            0.18176494980344        2.01756772635021       -1.08664751137859
H            2.20748046263000       -1.80972604112763        0.41001675929880
H            3.39195217112776       -0.55730496335971       -0.07862341962314
H            2.74740891978601       -1.70430374830102       -1.29548610700695
20
 energy: -386.237727396565 gnorm: 0.000499564298 xtb: 6.7.1 (edcfbbe)
C           -3.13558503701314       -1.12231705266623        0.01139121908573
C           -1.90240154812066       -0.33303238935829        0.43950040120267
C           -1.38144166773428        0.57133859068319       -0.67557037032002
C           -0.16735147164377        1.40880761780757       -0.24495274422179
C            0.97753664456986        0.55585516805683        0.22136425201400
O            1.45520834907472        0.56581664314587        1.34476415609400
O            1.43213147502897       -0.25182682323940       -0.75723204039165
C            2.52150402733860       -1.13815058446547       -0.39262796314290
H           -3.49960225407169       -1.76377415749413        0.82014218615810
H           -3.95097869235960       -0.44899209853561       -0.27596534113582
H           -2.91153662862008       -1.76193530013974       -0.84961501127978
H           -2.13759275364496        0.27850745172427        1.32027827437906
H           -1.11040746449122       -1.03029153004351        0.74650857368829
H           -2.17272842004019        1.26216610233237       -0.98874401147840
H           -1.11976317216147       -0.03261767680172       -1.55188177912673
H           -0.43410979193992        2.07654491075946        0.57770946786495
H            0.18176494980344        2.01756772635021       -1.08664751137859
H            2.20748046263000       -1.80972604112763        0.41001675929880
H            3.39195217112776       -0.55730496335971       -0.07862341962314
H            2.74740891978601       -1.70430374830102       -1.29548610700695
