23
 energy: -23.155083313476 gnorm: 0.022404881429 xtb: 6.7.1 (edcfbbe)
C            3.04042029968704       -0.17473805734901       -0.70267858851927
C            1.79114590780065       -0.66968875520056        0.02057559099610
C            0.86866643720221        0.47645206195713        0.44247206400751
C           -0.41523849843601        0.02017331606009        1.16224268687125
C           -1.68544227230928       -0.04872269190964        0.29459549892571
C           -2.14997317707188        1.34197167427588       -0.14414319042010
C           -1.52833266573323       -0.96920431408616       -0.91636794873130
H            2.77453692113787        0.36739798472456       -1.61752560199879
H            3.61527761675356        0.50912774003274       -0.06732367328402
H            3.69920204457441       -1.00280029252366       -0.98458516256120
H            2.08311925785106       -1.23718700212964        0.91422251298788
H            1.24570796923153       -1.36928079396373       -0.62399573745054
H            1.43982897562574        1.14506569876860        1.09914536349455
H            0.61622640216465        1.07466825887571       -0.44311685376863
H           -0.23761649912278       -0.97015683701293        1.60386589655715
H           -0.62545455519064        0.69394131186022        2.00224083397576
H           -2.47442092561790       -0.47110694844954        0.93297079407351
H           -1.42493091230603        1.81246873174995       -0.81831545127244
H           -3.10410888293770        1.28328824039092       -0.67956904963417
H           -2.28685078075681        2.00437372656165        0.71799540345593
H           -0.78737089988385       -0.57376512215729       -1.62111770751202
H           -2.47730310089226       -1.06364091364740       -1.45633864889090
H           -1.20908355804740       -1.97402617697484       -0.61831265895574
23
 energy: -23.155866781089 gnorm: 0.007291992051 xtb: 6.7.1 (edcfbbe)
C            3.02997057580977       -0.17097192222319       -0.69707719113133
C            1.78549520146799       -0.67225219458536        0.02295539042071
C            0.87009680003979        0.48032820369090        0.43612388626694
C           -0.40755506002396        0.01789400267255        1.15200965721798
C           -1.68043353997003       -0.04898305660975        0.29189873380388
C           -2.14307683206244        1.33917364030659       -0.14638377400784
C           -1.52480125828850       -0.96468949988924       -0.91827584648698
H            2.76030533061842        0.36563968452295       -1.60705594503973
H            3.59868850838378        0.50713687719211       -0.06023851246667
H            3.67781945991689       -1.00220271214099       -0.97263964896065
H            2.08469527937781       -1.23165592007646        0.91530592106035
H            1.24551750252390       -1.36354649398342       -0.62841652835708
H            1.43514958803108        1.14079198939669        1.10106751079893
H            0.61275400644272        1.07014623998655       -0.44740977309972
H           -0.22946899017632       -0.97056699805097        1.58731335557478
H           -0.61473347502304        0.69644936287175        1.98450406647786
H           -2.46671381157772       -0.47095614623063        0.93164393528447
H           -1.42088898842262        1.80486614447549       -0.81613392966055
H           -3.09407244942052        1.27292658409390       -0.67436229878111
H           -2.27727123714080        1.99112367050578        0.71622438452683
H           -0.78959801756637       -0.56785544496533       -1.61748017102276
H           -2.47407376979194       -1.05680171066509       -1.44595452890262
H           -1.20979971942492       -1.96138346044180       -0.61068232116948
23
 energy: -23.155925459031 gnorm: 0.001472798138 xtb: 6.7.1 (edcfbbe)
C            3.02932465010493       -0.17059470649977       -0.69740250164240
C            1.78350486686841       -0.67170642776190        0.02207443471378
C            0.86792607125910        0.48010508508200        0.43454914651199
C           -0.40782519742077        0.01845252446833        1.15283326421233
C           -1.67872652192277       -0.04907202408008        0.29096173192963
C           -2.14025913958689        1.33974711353455       -0.14632020395850
C           -1.52297668619080       -0.96496987800083       -0.91936796071008
H            2.75709463951794        0.36500902002785       -1.60439122666753
H            3.59324666248389        0.50615038054617       -0.05889300077581
H            3.67482148754551       -1.00178043048062       -0.97110625410518
H            2.08234216922082       -1.22703131624639        0.91475899200214
H            1.24432818064086       -1.36023175438530       -0.62945910668789
H            1.43289657773159        1.13807482253416        1.09907272273586
H            0.61132370419632        1.06546827580779       -0.44908311709031
H           -0.22923764441011       -0.96949713786308        1.58404200791362
H           -0.61577431796689        0.69710463404834        1.98342287553761
H           -2.46391431302398       -0.47094473891911        0.93101820860981
H           -1.41773321017182        1.80168082015307       -0.81422590117876
H           -3.08933966686074        1.27086144654651       -0.67295460553893
H           -2.27307050540204        1.98853564599171        0.71627830578202
H           -0.79032388724289       -0.56579300317612       -1.61555120337889
H           -2.47180465311937       -1.05630523990732       -1.44372158981865
H           -1.20781816252735       -1.95865227156691       -0.60959864604963
23
 energy: -23.155928168435 gnorm: 0.000450408431 xtb: 6.7.1 (edcfbbe)
C            3.02878656203973       -0.17007723703274       -0.69746617621317
C            1.78241218663068       -0.67268431636404        0.02245028600437
C            0.86780467324190        0.48088638581165        0.43413586064403
C           -0.40760068886438        0.01769263778410        1.15302179023911
C           -1.67924028039785       -0.04942087497082        0.29177341075202
C           -2.13974459290463        1.34024347000940       -0.14651628284186
C           -1.52213270102831       -0.96523258566256       -0.91943566188112
H            2.75597927386570        0.36561163785216       -1.60421798460938
H            3.59195990019568        0.50647240055831       -0.05816271750969
H            3.67402581457686       -1.00130249427958       -0.97108234472532
H            2.08107372341654       -1.22777177857197        0.91506469642505
H            1.24349842093106       -1.36086878484147       -0.62934970427880
H            1.43304357787890        1.13964747105997        1.09744551779673
H            0.61028777829542        1.06497300428973       -0.44984579800974
H           -0.22831867439711       -0.97000032978107        1.58409376157807
H           -0.61553158963700        0.69619168871385        1.98340375834120
H           -2.46499155883362       -0.47131826107367        0.93113879414217
H           -1.41598556459837        1.80087252193003       -0.81404957421802
H           -3.08868698677384        1.27222532445705       -0.67347743887038
H           -2.27161959224178        1.98881695461157        0.71636631158525
H           -0.79024487746979       -0.56455787142840       -1.61559324894551
H           -2.47126929354318       -1.05735969164234       -1.44311722026405
H           -1.20550040665965       -1.95842843157609       -0.60964366279472
23
 energy: -23.155928714984 gnorm: 0.000178212513 xtb: 6.7.1 (edcfbbe)
C            3.02908476897601       -0.17014320828162       -0.69753492070344
C            1.78250700055132       -0.67255586936202        0.02236375596971
C            0.86722111460343        0.48046100718673        0.43410516811396
C           -0.40806012804066        0.01782483438289        1.15363767469138
C           -1.67921980147574       -0.04939197957351        0.29178502715251
C           -2.13939194021162        1.34046611873031       -0.14642631768651
C           -1.52218096717919       -0.96537016530869       -0.91945282824489
H            2.75590601749643        0.36565241058197       -1.60416323670077
H            3.59205585616038        0.50650059125517       -0.05808323467443
H            3.67451684084568       -1.00122811142396       -0.97139238813999
H            2.08124977816687       -1.22765360820271        0.91494425494988
H            1.24370713564204       -1.36073451936459       -0.62955878174179
H            1.43242749046282        1.13974164460984        1.09694966360058
H            0.60933610137509        1.06411744540855       -0.45012480129627
H           -0.22867805554425       -0.97005306238612        1.58434934172985
H           -0.61575257407013        0.69612996405775        1.98437228855282
H           -2.46526883435055       -0.47115131106504        0.93078025717576
H           -1.41538550821127        1.80079334550488       -0.81402595255265
H           -3.08836067095182        1.27280555148864       -0.67349118256128
H           -2.27110570621219        1.98925215547279        0.71642922402967
H           -0.79076225982089       -0.56405372000251       -1.61586981622614
H           -2.47140839565740       -1.05850003398838       -1.44296429084370
H           -1.20443215883141       -1.95829863986732       -0.60969253224803
23
 energy: -23.155928893538 gnorm: 0.000061467664 xtb: 6.7.1 (edcfbbe)
C            3.02902455632635       -0.17001187397552       -0.69736518960931
C            1.78255824209697       -0.67256490506789        0.02240372093295
C            0.86708029410317        0.48023001442584        0.43397293471501
C           -0.40814085795177        0.01756962877929        1.15351915761681
C           -1.67929004075503       -0.04929649729846        0.29177729280564
C           -2.13915809254940        1.34058062531968       -0.14641230566232
C           -1.52218870238301       -0.96530505969955       -0.91931588351582
H            2.75589495685916        0.36582932934690       -1.60395943512059
H            3.59204282639700        0.50659411398609       -0.05795586002316
H            3.67449020196449       -1.00102680307652       -0.97129558264973
H            2.08129303008218       -1.22760558778789        0.91503508602170
H            1.24391180866458       -1.36081208118506       -0.62960112450775
H            1.43216366623727        1.13985931141380        1.09660235491256
H            0.60906847773792        1.06354084647137       -0.45045374680941
H           -0.22893551125360       -0.97040016982757        1.58416587636836
H           -0.61569370231304        0.69579440995214        1.98436932582354
H           -2.46546422751897       -0.47091188447471        0.93069235654519
H           -1.41520011493422        1.80079532773642       -0.81410605400385
H           -3.08817390432565        1.27314287325522       -0.67338071329941
H           -2.27067518772845        1.98947479919766        0.71637210244882
H           -0.79145508942069       -0.56365308094884       -1.61623537032617
H           -2.47157829987199       -1.05926551356750       -1.44231342381052
H           -1.20356922574032       -1.95794698312186       -0.60957914650631
23
 energy: -23.155929012580 gnorm: 0.000067430683 xtb: 6.7.1 (edcfbbe)
C            3.02901535321039       -0.16982045092693       -0.69703016418120
C            1.78265394292886       -0.67267219276206        0.02255141732997
C            0.86692866144707        0.48004076548379        0.43368236350212
C           -0.40814329590548        0.01725523492065        1.15335587474484
C           -1.67936343568837       -0.04917751266455        0.29174365714949
C           -2.13883655768743        1.34076172887657       -0.14646431675294
C           -1.52248032654142       -0.96524817093120       -0.91926534002688
H            2.75593660107357        0.36615112205294       -1.60357065864206
H            3.59198203113081        0.50674894888897       -0.05753009340962
H            3.67460771042270       -1.00070385204590       -0.97107094852264
H            2.08134533401121       -1.22762404998986        0.91527038440944
H            1.24429776133104       -1.36112867032604       -0.62950234976104
H            1.43178485069530        1.14018274195417        1.09600023579533
H            0.60870669982596        1.06288949129253       -0.45098730498029
H           -0.22906092874527       -0.97090199169638        1.58365880973534
H           -0.61540654787423        0.69519411907222        1.98451344280293
H           -2.46565510953196       -0.47054370432169        0.93069284975184
H           -1.41490864209499        1.80075307559897       -0.81434137638659
H           -3.08800641116314        1.27363938923493       -0.67320528313079
H           -2.26992254633153        1.98974967804049        0.71631187422475
H           -0.79294400006227       -0.56294087742007       -1.61705909652567
H           -2.47226217128025       -1.06062085838036       -1.44128306712251
H           -1.20226386944761       -1.95737312409816       -0.60953453765760
23
 energy: -23.155928954936 gnorm: 0.000158930111 xtb: 6.7.1 (edcfbbe)
C            3.02898965680793       -0.16963365760369       -0.69670865647284
C            1.78273848354484       -0.67278023076034        0.02269626209613
C            0.86678261585097        0.47985858476609        0.43340424454598
C           -0.40814319108332        0.01695356459325        1.15320079123724
C           -1.67942747499938       -0.04906376538314        0.29171048797652
C           -2.13852068172069        1.34093126814730       -0.14651664532827
C           -1.52275259545298       -0.96518848116411       -0.91921722990633
H            2.75596055498427        0.36646230477259       -1.60319842504725
H            3.59191330010752        0.50690020086983       -0.05712716863926
H            3.67470196455193       -1.00039117670624       -0.97085687675752
H            2.08139261754008       -1.22765232616767        0.91549534310225
H            1.24466280405962       -1.36143755091080       -0.62940674057094
H            1.43141870035784        1.14049383687743        1.09542451000956
H            0.60835487037714        1.06226621706005       -0.45149665330535
H           -0.22918280559239       -0.97138189812241        1.58318179236887
H           -0.61512397276765        0.69462345763008        1.98465092880795
H           -2.46583428045436       -0.47019192935441        0.93068886415729
H           -1.41462061626914        1.80071348151697       -0.81456443458983
H           -3.08783707544365        1.27411338118008       -0.67304227350023
H           -2.26919677566833        1.99000646851284        0.71625270150857
H           -0.79436529495710       -0.56225163941065       -1.61784886123921
H           -2.47290816333318       -1.06192564306563       -1.44029829391703
H           -1.20099753671703       -1.95681362742435       -0.60948729419008
23
 energy: -23.155929038254 gnorm: 0.000026784063 xtb: 6.7.1 (edcfbbe)
C            3.02921382962247       -0.16977288898687       -0.69688463076090
C            1.78276520307046       -0.67267149466596        0.02258250926343
C            0.86689291374791        0.48000071152541        0.43354882144524
C           -0.40815598085591        0.01712004508341        1.15324635079380
C           -1.67948698159199       -0.04913672034024        0.29175203542200
C           -2.13878888869227        1.34089263181107       -0.14646228772375
C           -1.52269435407032       -0.96529577606204       -0.91924964586529
H            2.75613014727154        0.36625397540682       -1.60338749709784
H            3.59204779477877        0.50678126446255       -0.05724946776989
H            3.67487166655431       -1.00060043786971       -0.97093857745891
H            2.08137672201618       -1.22749663050458        0.91539491787918
H            1.24449768469487       -1.36119225541239       -0.62947018480526
H            1.43169442141291        1.14031209979685        1.09572786709230
H            0.60863099527397        1.06260653054391       -0.45124794020298
H           -0.22904822461864       -0.97112212884199        1.58330212062557
H           -0.61537430106527        0.69488404599516        1.98453796981239
H           -2.46578387506265       -0.47039813406612        0.93077177229400
H           -1.41485029610359        1.80070106561787       -0.81445367372433
H           -3.08802179297589        1.27388249402961       -0.67309235770794
H           -2.26964294760661        1.98993437259502        0.71630643573957
H           -0.79372126383269       -0.56267479048590       -1.61745527203420
H           -2.47270763241893       -1.06115980870156       -1.44073841026111
H           -1.20183973582567       -1.95723733107730       -0.60960448260886
