20
 energy: -386.237287236754 gnorm: 0.001677280362 xtb: 6.7.1 (edcfbbe)
C           -2.66555784293843       -0.26919080057366       -0.87372652010390
C           -1.87070254078700       -0.79789772389977        0.31883720176693
C           -1.29240625976830        0.30396008345973        1.21014010309047
C           -0.31693395704896        1.24104313984755        0.47672607091870
C            0.78971240863368        0.48695138112057       -0.20215642031954
O            1.01371252295429        0.48520451410797       -1.40203615858416
O            1.52551977087828       -0.22007473797929        0.67757179892058
C            2.60586834931256       -1.00598291772977        0.11712522100533
H           -3.13685544182132       -1.08984008439371       -1.42364180622861
H           -3.45675659125410        0.41363773734635       -0.54373175512911
H           -2.02668733693293        0.27362677232408       -1.57804010436565
H           -2.51674041940514       -1.43526517373266        0.93359359378673
H           -1.05638173891879       -1.44309974290640       -0.04010074062280
H           -0.78093145642786       -0.14716927738847        2.06663063315668
H           -2.10721379679324        0.91846432146994        1.61041531368240
H            0.13441340292096        1.93400955384846        1.19556514152986
H           -0.83072659060086        1.82954301556038       -0.28586866932787
H            3.04498344782556       -1.53707198815154        0.96126153789484
H            3.34732468004338       -0.35015598905038       -0.34717091332275
H            2.21846737180063       -1.71520691157474       -0.61936308390970
20
 energy: -386.237295783687 gnorm: 0.000670864995 xtb: 6.7.1 (edcfbbe)
C           -2.66676606467763       -0.26910348543271       -0.87389851484752
C           -1.87250828415349       -0.79805456107859        0.31848597628137
C           -1.29290609421782        0.30320161857645        1.20932260272931
C           -0.31649928000092        1.24003787051733        0.47716678505521
C            0.79172720118231        0.48715906818409       -0.20120564236131
O            1.01696574922066        0.48772176910708       -1.40100305875673
O            1.52896858964627       -0.21824190916647        0.67914711156439
C            2.60827994127541       -1.00587998298139        0.11671484460126
H           -3.13757441324772       -1.08942019389327       -1.42472283372944
H           -3.45864457988183        0.41308289029193       -0.54394183902108
H           -2.02806119332144        0.27465501932926       -1.57763633951213
H           -2.51959319427494       -1.43391365775107        0.93395748400622
H           -1.05944100234515       -1.44535585800823       -0.03983977735324
H           -0.78273543600540       -0.14832387217986        2.06647205033786
H           -2.10725050773085        0.91882352625688        1.60912105201776
H            0.13309905786372        1.93344010460621        1.19682093887197
H           -0.82924000334212        1.82858310481606       -0.28608429071547
H            3.05043674313771       -1.53421658233866        0.96052723141915
H            3.34710670642862       -0.35197153927790       -0.35280610824454
H            2.21674367713303       -1.71673834199725       -0.61456746170374
20
 energy: -386.237300522419 gnorm: 0.001053347307 xtb: 6.7.1 (edcfbbe)
C           -2.66875726465640       -0.26852274242146       -0.87440024518969
C           -1.87512485609676       -0.79808643011266        0.31776334302494
C           -1.29350081130801        0.30203968255506        1.20848396749326
C           -0.31592631464257        1.23858373332785        0.47773597354158
C            0.79600695760118        0.48926099770329       -0.19918361683145
O            1.02043463913805        0.48912641083348       -1.39895922744225
O            1.53384011636906       -0.21569524017812        0.68149640734824
C            2.61139467007102       -1.00610918282864        0.11625406071319
H           -3.13831094472275       -1.08847715371392       -1.42688837875123
H           -3.46183482647814        0.41224279657980       -0.54422488063519
H           -2.03026900450391        0.27707105108273       -1.57692902620345
H           -2.52357897598388       -1.43204121244987        0.93393079255533
H           -1.06365269526863       -1.44769670988376       -0.04011574735495
H           -0.78462558586738       -0.15039492862372        2.06599305922159
H           -2.10722842508540        0.91869036912410        1.60817781764440
H            0.13117182702974        1.93277410980381        1.19827358549166
H           -0.82774480879030        1.82662091653782       -0.28655887151629
H            3.05928346270775       -1.52856244760931        0.96068454907636
H            3.34601640903437       -0.35400448287550       -0.36190866025394
H            2.21451338172982       -1.72133489231867       -0.60759505350951
20
 energy: -386.237303563769 gnorm: 0.000959220959 xtb: 6.7.1 (edcfbbe)
C           -2.67028336759017       -0.26737524293776       -0.87499001721794
C           -1.87686851427289       -0.79787667051114        0.31689685659274
C           -1.29377746696877        0.30130131150626        1.20797272250958
C           -0.31539023831619        1.23781392379646        0.47837639644355
C            0.79583780947100        0.48696717389922       -0.19799642379912
O            1.02121357237300        0.48804179218575       -1.39760544041575
O            1.53602919973717       -0.21516064777304        0.68286197182104
C            2.61369716698182       -1.00555932001287        0.11652155677963
H           -3.13856001026147       -1.08715476614670       -1.42888957731198
H           -3.46435363426642        0.41202428813777       -0.54438642379704
H           -2.03191338575570        0.27984084959330       -1.57639788208599
H           -2.52612343117656       -1.43089957347860        0.93318608610949
H           -1.06636139934898       -1.44851986261231       -0.04114596160246
H           -0.78548910288270       -0.15241754161258        2.06514678284482
H           -2.10669033553848        0.91869599493883        1.60816460955242
H            0.13115598788632        1.93166533872210        1.19956485917668
H           -0.82613747649809        1.82615238596751       -0.28644383322829
H            3.06753368226403       -1.52166887891091        0.96188246817062
H            3.34396811722948       -0.35406681640790       -0.36954869594417
H            2.21461898283124       -1.72631940160260       -0.60114054515161
20
 energy: -386.237303563769 gnorm: 0.000959220959 xtb: 6.7.1 (edcfbbe)
C           -2.67028336759017       -0.26737524293776       -0.87499001721794
C           -1.87686851427289       -0.79787667051114        0.31689685659274
C           -1.29377746696877        0.30130131150626        1.20797272250958
C           -0.31539023831619        1.23781392379646        0.47837639644355
C            0.79583780947100        0.48696717389922       -0.19799642379912
O            1.02121357237300        0.48804179218575       -1.39760544041575
O            1.53602919973717       -0.21516064777304        0.68286197182104
C            2.61369716698182       -1.00555932001287        0.11652155677963
H           -3.13856001026147       -1.08715476614670       -1.42888957731198
H           -3.46435363426642        0.41202428813777       -0.54438642379704
H           -2.03191338575570        0.27984084959330       -1.57639788208599
H           -2.52612343117656       -1.43089957347860        0.93318608610949
H           -1.06636139934898       -1.44851986261231       -0.04114596160246
H           -0.78548910288270       -0.15241754161258        2.06514678284482
H           -2.10669033553848        0.91869599493883        1.60816460955242
H            0.13115598788632        1.93166533872210        1.19956485917668
H           -0.82613747649809        1.82615238596751       -0.28644383322829
H            3.06753368226403       -1.52166887891091        0.96188246817062
H            3.34396811722948       -0.35406681640790       -0.36954869594417
H            2.21461898283124       -1.72631940160260       -0.60114054515161
