17
 energy: -309.779802718816 gnorm: 0.036172608519 xtb: 6.7.1 (edcfbbe)
C            3.41478824111318       -0.73573070652602       -0.07746742993433
C            1.89127900253808       -0.67373215879855       -0.06119114362712
C            1.40278451012161        0.76857713504058        0.03776131021673
C           -0.06711231412974        0.95597478242362        0.06330371992805
C           -1.00350230264468       -0.00065595670029        0.00832019380369
C           -2.41010757666798        0.31765845964076        0.04226979461873
O           -3.31954408957098       -0.49241536581820       -0.00314286980139
H            3.82585857439534       -0.30363120593455        0.83194535266866
H            3.75198480216260       -1.76653752928280       -0.14819701916567
H            3.81180644848911       -0.18741101418305       -0.92860446701149
H            1.51568329217164       -1.24498511715169        0.78945774754983
H            1.50151171206536       -1.12889347400024       -0.97328777073129
H            1.79765038519659        1.34724799959700       -0.80357146545608
H            1.81335284480354        1.23290388514633        0.94023036401664
H           -0.39358952217441        1.98719234828058        0.13456327345963
H           -0.75657923603526       -1.04887214546478       -0.06341647992810
H           -2.64240937467092        1.39704095761907        0.11589359165136
17
 energy: -309.780733205001 gnorm: 0.010513413231 xtb: 6.7.1 (edcfbbe)
C            3.42057471971408       -0.74030709404838       -0.07775205820560
C            1.89554404476072       -0.67444833008069       -0.06115047214526
C            1.39783901762399        0.76469482138383        0.03759843143162
C           -0.07288750849078        0.95755353731171        0.06322689288544
C           -1.00616544153352       -0.00807414999728        0.00736079429921
C           -2.41173463324525        0.32773174113306        0.04245244778733
O           -3.32638576146460       -0.49257733756696       -0.00246235142063
H            3.83823681367144       -0.30489235974716        0.83439294709873
H            3.76748488460060       -1.77395869698732       -0.14892215448992
H            3.82355212923090       -0.18800041344602       -0.93132988743101
H            1.51105297631541       -1.25061841080074        0.78701723543630
H            1.49733688332341       -1.13505269215696       -0.97138055894614
H            1.79443735111256        1.35709491506964       -0.79917106752114
H            1.80946301491085        1.24341003695292        0.93748608371504
H           -0.41014821952694        1.99182706222614        0.13478845343590
H           -0.75191126778405       -1.06144059631536       -0.06459367666970
H           -2.64243350860145        1.41078897140159        0.11730592419266
17
 energy: -309.780819889443 gnorm: 0.001888643812 xtb: 6.7.1 (edcfbbe)
C            3.42107379869455       -0.73995152447666       -0.07767989089104
C            1.89624411268170       -0.67435470082005       -0.06097504751257
C            1.39686230177258        0.76344688450114        0.03755674326878
C           -0.07429981177684        0.95440304131946        0.06279230523948
C           -1.00783229365866       -0.01448465524906        0.00658670975211
C           -2.41078270390781        0.33242395206102        0.04432858110274
O           -3.32982082613180       -0.48818514250055       -0.00166911374261
H            3.84311364305168       -0.30456876720889        0.83493074192475
H            3.77099320730473       -1.77446697260282       -0.14922713123879
H            3.82799698613221       -0.18722432802126       -0.93173811280423
H            1.50906962014393       -1.25365763964485        0.78590105686523
H            1.49551498993018       -1.13834206046829       -0.97031516822991
H            1.79379988157526        1.36307903339487       -0.79660586969249
H            1.80844287518851        1.24961387259450        0.93598033915307
H           -0.41685222729352        1.98847426124683        0.13464201017856
H           -0.75242927130363       -1.06878530613561       -0.06611025319372
H           -2.63723870102878        1.41631113486143        0.11646926740207
17
 energy: -309.780817219626 gnorm: 0.002773784830 xtb: 6.7.1 (edcfbbe)
C            3.42212230912946       -0.73939900540351       -0.07758146607226
C            1.89807399899058       -0.67337906470205       -0.06081577485024
C            1.39572972200086        0.76242635877964        0.03740712841706
C           -0.07525314316239        0.95106578840160        0.06225497975043
C           -1.00960185741273       -0.01816781116183        0.00572120731678
C           -2.41036036236512        0.33505953816799        0.03874653551930
O           -3.33325053319954       -0.48247027458527        0.00020362912656
H            3.84482064260976       -0.30420939974517        0.83497938950983
H            3.77260288442575       -1.77381389910693       -0.14937426501618
H            3.82953942322941       -0.18651390252360       -0.93147307803062
H            1.51071499392281       -1.25349229876484        0.78575185464977
H            1.49718373324701       -1.13844105340167       -0.96984573330635
H            1.79247794771705        1.36412836645823       -0.79589843161988
H            1.80644187409226        1.25077798693344        0.93554402110089
H           -0.42025370014665        1.98414540725879        0.13367339413335
H           -0.75537151300043       -1.07251898354670       -0.06509592388043
H           -2.63176073644386        1.41853344988408        0.12066995622923
17
 energy: -309.780830225215 gnorm: 0.001822602091 xtb: 6.7.1 (edcfbbe)
C            3.42269911808223       -0.73879246201573       -0.07756469939437
C            1.89899082606040       -0.67306910007109       -0.06073954329166
C            1.39518801092774        0.76181626863040        0.03745383896390
C           -0.07560047301102        0.94909409992017        0.06212319179226
C           -1.01042986911047       -0.01985771244089        0.00560660034558
C           -2.41006521759671        0.33577894641151        0.04234719896081
O           -3.33520217820152       -0.47896917016062        0.00027162185867
H            3.84533891379096       -0.30375297144404        0.83494533939197
H            3.77328554195280       -1.77302923538096       -0.14953898119912
H            3.82994848031797       -0.18578153765152       -0.93129610418423
H            1.51196492364482       -1.25341271800503        0.78578017685593
H            1.49833744372997       -1.13840794993931       -0.96969449124307
H            1.79142571437570        1.36404758853347       -0.79569700186815
H            1.80543418068495        1.25066680537979        0.93552265125922
H           -0.42152821961928        1.98158290272909        0.13376660715584
H           -0.75728339394726       -1.07409971510419       -0.06649048370909
H           -2.62864805887229        1.41991720091930        0.11807158213170
17
 energy: -309.780832770316 gnorm: 0.000662479851 xtb: 6.7.1 (edcfbbe)
C            3.42291725896716       -0.73715190908164       -0.07748907013174
C            1.89873805826224       -0.67448208455093       -0.06080741022415
C            1.39542234198391        0.76100050274279        0.03743707045038
C           -0.07524820635414        0.94759052426813        0.06197835384200
C           -1.01045407522956       -0.02019099505361        0.00556994507767
C           -2.41001220309061        0.33591723007968        0.04422291084180
O           -3.33661890472052       -0.47613699768696        0.00043193852632
H            3.84472362213699       -0.30202214515668        0.83509935571079
H            3.77387725898023       -1.77102223868454       -0.14959089278616
H            3.82936926825775       -0.18379829710878       -0.93110295114940
H            1.51273636720917       -1.25461683601254        0.78599601782347
H            1.49899539116033       -1.13960082946365       -0.96995850582890
H            1.79075321019069        1.36260657538534       -0.79612408931040
H            1.80479231890134        1.24913323882580        0.93586215340683
H           -0.42068515859117        1.98016806119439        0.13386025886169
H           -0.75876590581522       -1.07480479290316       -0.06712831732748
H           -2.62668485944443        1.42114226713990        0.11661082736385
17
 energy: -309.780832770316 gnorm: 0.000662479851 xtb: 6.7.1 (edcfbbe)
C            3.42291725896716       -0.73715190908164       -0.07748907013174
C            1.89873805826224       -0.67448208455093       -0.06080741022415
C            1.39542234198391        0.76100050274279        0.03743707045038
C           -0.07524820635414        0.94759052426813        0.06197835384200
C           -1.01045407522956       -0.02019099505361        0.00556994507767
C           -2.41001220309061        0.33591723007968        0.04422291084180
O           -3.33661890472052       -0.47613699768696        0.00043193852632
H            3.84472362213699       -0.30202214515668        0.83509935571079
H            3.77387725898023       -1.77102223868454       -0.14959089278616
H            3.82936926825775       -0.18379829710878       -0.93110295114940
H            1.51273636720917       -1.25461683601254        0.78599601782347
H            1.49899539116033       -1.13960082946365       -0.96995850582890
H            1.79075321019069        1.36260657538534       -0.79612408931040
H            1.80479231890134        1.24913323882580        0.93586215340683
H           -0.42068515859117        1.98016806119439        0.13386025886169
H           -0.75876590581522       -1.07480479290316       -0.06712831732748
H           -2.62668485944443        1.42114226713990        0.11661082736385
