20
 energy: -386.242379682274 gnorm: 0.001790093561 xtb: 6.7.1 (edcfbbe)
C           -3.37427303244053       -0.18566970402251       -0.82190792483628
C           -2.85488039712387        0.44936304558482        0.46791903151781
C           -1.50443658903760       -0.10501316655259        0.93388603653204
C           -0.39815076989937        0.19234225395296       -0.05526956247166
O            0.85008721564566       -0.29532428834260        0.52935790078839
C            1.96467893925841       -0.09322720900751       -0.19568779975711
O            1.95815753698210        0.43861693291886       -1.29575901013326
C            3.19298855156770       -0.55777086538201        0.51879759232061
H           -4.38291147189702        0.17273249537542       -1.05100075850721
H           -2.73870552081176        0.05317745185456       -1.68060516630031
H           -3.41861311153022       -1.27693934376633       -0.72987816634654
H           -2.77360165871803        1.53598524281547        0.33813589966482
H           -3.58372545313610        0.28488579700297        1.26935640231859
H           -1.24194234639694        0.34207718060669        1.89944335731390
H           -1.57906979503686       -1.18951607438953        1.08045796984195
H           -0.54699163589965       -0.31571213082320       -1.01208638413106
H           -0.29919978466911        1.26828282605220       -0.23468382734815
H            2.98176892873769       -1.40661504585977        1.17044267697189
H            3.55491425210876        0.26917615483238        1.14026736961245
H            3.96730817028498       -0.80841314869631       -0.20674796007618
20
 energy: -386.242386944938 gnorm: 0.000673948335 xtb: 6.7.1 (edcfbbe)
C           -3.37428345489212       -0.18483758975083       -0.82104376509498
C           -2.85515699316005        0.44887012666777        0.46879512277946
C           -1.50418148507194       -0.10492057250552        0.93283350580945
C           -0.39941460442683        0.19242299409150       -0.05751136500886
O            0.85025357231865       -0.29085674712584        0.52914800750894
C            1.96595550326690       -0.09076634883658       -0.19535898886338
O            1.96018805005067        0.43876757803611       -1.29581252905743
C            3.19238411493922       -0.55840344007362        0.51933807588576
H           -4.38381731853691        0.17105852034596       -1.04989301281039
H           -2.73988991862330        0.05607754233669       -1.67991286567788
H           -3.41569604230641       -1.27629771211284       -0.73055344670030
H           -2.77477151403490        1.53588918982600        0.34044563338899
H           -3.58355456767135        0.28370705987463        1.27049617994245
H           -1.23984904997633        0.34195725103605        1.89831212091202
H           -1.57816109543103       -1.18958124621109        1.08032854031529
H           -0.54632389259928       -0.31871359329697       -1.01303166732373
H           -0.30315578194637        1.26833585198439       -0.23991003448986
H            2.97974395765977       -1.40707556684460        1.17116961596615
H            3.55588257675467        0.26746145157608        1.14175693134091
H            3.96725016504447       -0.81065624719883       -0.20515831149705
20
 energy: -386.242390631898 gnorm: 0.001404595756 xtb: 6.7.1 (edcfbbe)
C           -3.37407177136859       -0.18350216542005       -0.81997180970748
C           -2.85553214221034        0.44845803521838        0.47033740633351
C           -1.50348767581156       -0.10428753144607        0.93129818670860
C           -0.40048631807842        0.19254844065402       -0.06077977884557
O            0.85048696100958       -0.28525197888468        0.52926445804491
C            1.96698531281474       -0.09089055458821       -0.19671608501239
O            1.96246480712078        0.43877538266362       -1.29668248273245
C            3.19121902581178       -0.55880685784604        0.52071049193807
H           -4.38546532275780        0.16836089396682       -1.04683401971536
H           -2.74187173736156        0.06232400420225       -1.67912036806358
H           -3.41047045876311       -1.27547879333373       -0.73274450678187
H           -2.77685921508030        1.53604114659357        0.34470592280234
H           -3.58281750445574        0.28072365790776        1.27257980589714
H           -1.23663719783225        0.34270810206222        1.89620520037590
H           -1.57673375118717       -1.18902834393111        1.07985362931743
H           -0.54451270588442       -0.32419470123355       -1.01379480034856
H           -0.30780748428703        1.26798292564556       -0.24865193806369
H            2.97626218685613       -1.40747790376258        1.17201672211014
H            3.55539474574208        0.26569652819983        1.14479176968581
H            3.96734294283549       -0.81226180966338       -0.20203001046966
20
 energy: -386.242393670452 gnorm: 0.000820230631 xtb: 6.7.1 (edcfbbe)
C           -3.37403289851796       -0.18247695614889       -0.81988810955026
C           -2.85572898905972        0.44814466118025        0.47127363590419
C           -1.50294729869046       -0.10400767655434        0.93066442220962
C           -0.40044112359090        0.19190440803996       -0.06241792650997
O            0.85078387533541       -0.28207687494337        0.53006355935589
C            1.96745248838349       -0.08854740857692       -0.19602551593644
O            1.96302789306701        0.43682101277890       -1.29836349661910
C            3.19074516283569       -0.55884543684041        0.52166895584158
H           -4.38680242669518        0.16695759958717       -1.04448988371438
H           -2.74336086165550        0.06739787781383       -1.67911548677126
H           -3.40711130121054       -1.27482577704184       -0.73510391355215
H           -2.77839262957050        1.53598338360929        0.34736702906125
H           -3.58222476556693        0.27792702641084        1.27376272102043
H           -1.23510516120765        0.34368837153279        1.89484803193828
H           -1.57590053454427       -1.18859897679022        1.07977218426184
H           -0.54298420650588       -0.32805098613288       -1.01390232956098
H           -0.30968197156186        1.26686453632366       -0.25354868356550
H            2.97363658981136       -1.40717919627856        1.17257784239042
H            3.55565681583403        0.26501026073703        1.14594558881245
H            3.96681438828887       -0.81365150645837       -0.20065090099445
20
 energy: -386.242393670452 gnorm: 0.000820230631 xtb: 6.7.1 (edcfbbe)
C           -3.37403289851796       -0.18247695614889       -0.81988810955026
C           -2.85572898905972        0.44814466118025        0.47127363590419
C           -1.50294729869046       -0.10400767655434        0.93066442220962
C           -0.40044112359090        0.19190440803996       -0.06241792650997
O            0.85078387533541       -0.28207687494337        0.53006355935589
C            1.96745248838349       -0.08854740857692       -0.19602551593644
O            1.96302789306701        0.43682101277890       -1.29836349661910
C            3.19074516283569       -0.55884543684041        0.52166895584158
H           -4.38680242669518        0.16695759958717       -1.04448988371438
H           -2.74336086165550        0.06739787781383       -1.67911548677126
H           -3.40711130121054       -1.27482577704184       -0.73510391355215
H           -2.77839262957050        1.53598338360929        0.34736702906125
H           -3.58222476556693        0.27792702641084        1.27376272102043
H           -1.23510516120765        0.34368837153279        1.89484803193828
H           -1.57590053454427       -1.18859897679022        1.07977218426184
H           -0.54298420650588       -0.32805098613288       -1.01390232956098
H           -0.30968197156186        1.26686453632366       -0.25354868356550
H            2.97363658981136       -1.40717919627856        1.17257784239042
H            3.55565681583403        0.26501026073703        1.14594558881245
H            3.96681438828887       -0.81365150645837       -0.20065090099445
