----------------------------------------------- 
  Element       SASA      Sigma Z        Total  
     Z         Ang**2 cal/Ang**2/mol   kcal/mol 
----------------------------------------------- 
      H        139.450      48.690       6.790
      C         37.790     129.740       4.903
      O         30.647       0.000       0.000

 Subtotal:     207.888                  11.693
 -----------------------------------------------

  Elements    COT*SASA   Sigma Z,Z'     Total   
    Z,Z'       Ang**2  cal/Ang**2/mol kcal/mol  
 ---------------------------------------------- 
  H   C         94.014     -60.770      -5.713
  H   O          0.000       0.000       0.000
  C   C         27.632     -72.950      -2.016
  O   C         16.944      68.690       1.164
  O   O          0.000       0.000       0.000

 Subtotal:                              -6.565
 ---------------------------------------------- 

 NONAQUEOUS SOLVENT CONTRIBUTION (kcal/mol):
 (proportional to SASA, atomic number independent)
 ---------------------------------------------- 
 Subtotal:                               0.000
 ---------------------------------------------- 

 CDS TOTAL (kcal/mol):                   5.128
...............................................................................
