----------------------------------------------- 
  Element       SASA      Sigma Z        Total  
     Z         Ang**2 cal/Ang**2/mol   kcal/mol 
----------------------------------------------- 
      H        138.752      48.690       6.756
      C         33.453     129.740       4.340
      O         22.875       0.000       0.000

 Subtotal:     195.081                  11.096
 -----------------------------------------------

  Elements    COT*SASA   Sigma Z,Z'     Total   
    Z,Z'       Ang**2  cal/Ang**2/mol kcal/mol  
 ---------------------------------------------- 
  H   C         93.195     -60.770      -5.663
  H   O          0.000       0.000       0.000
  C   C         30.268     -72.950      -2.208
  O   C         13.940      68.690       0.958

 Subtotal:                              -6.914
 ---------------------------------------------- 

 NONAQUEOUS SOLVENT CONTRIBUTION (kcal/mol):
 (proportional to SASA, atomic number independent)
 ---------------------------------------------- 
 Subtotal:                               0.000
 ---------------------------------------------- 

 CDS TOTAL (kcal/mol):                   4.182
...............................................................................
