2025-04-11 14:05:00,600 -   censo.qm_processor   -   INFO   - worker1919529:Running xtb_gsolv calculation in /scratch/pawsey0265/mwang1/.automated/6017/0_PRESCREENING/CONF1/xtb_gsolv.
2025-04-11 14:05:00,600 -   censo.qm_processor   -   INFO   - worker1919530:Running xtb_gsolv calculation in /scratch/pawsey0265/mwang1/.automated/6017/0_PRESCREENING/CONF2/xtb_gsolv.
2025-04-11 14:05:00,601 -   censo.qm_processor   -   INFO   - worker1919532:Running xtb_gsolv calculation in /scratch/pawsey0265/mwang1/.automated/6017/0_PRESCREENING/CONF3/xtb_gsolv.
2025-04-11 14:05:00,601 -   censo.qm_processor   -   INFO   - worker1919535:Running xtb_gsolv calculation in /scratch/pawsey0265/mwang1/.automated/6017/0_PRESCREENING/CONF4/xtb_gsolv.
2025-04-11 14:05:00,602 -   censo.qm_processor   -   INFO   - worker1919541:Running xtb_gsolv calculation in /scratch/pawsey0265/mwang1/.automated/6017/0_PRESCREENING/CONF6/xtb_gsolv.
2025-04-11 14:05:00,602 -   censo.qm_processor   -   INFO   - worker1919537:Running xtb_gsolv calculation in /scratch/pawsey0265/mwang1/.automated/6017/0_PRESCREENING/CONF5/xtb_gsolv.
2025-04-11 14:05:00,602 -   censo.qm_processor   -   INFO   - worker1919544:Running xtb_gsolv calculation in /scratch/pawsey0265/mwang1/.automated/6017/0_PRESCREENING/CONF7/xtb_gsolv.
2025-04-11 14:05:00,603 -   censo.qm_processor   -   INFO   - worker1919547:Running xtb_gsolv calculation in /scratch/pawsey0265/mwang1/.automated/6017/0_PRESCREENING/CONF8/xtb_gsolv.
2025-04-11 14:05:00,779 -     censo.parallel     -   INFO   - All jobs executed successfully.
2025-04-11 14:05:00,795 -   censo.qm_processor   -   INFO   - worker1919598:Running sp calculation in /scratch/pawsey0265/mwang1/.automated/6017/0_PRESCREENING/CONF1/sp.
2025-04-11 14:05:00,795 -   censo.qm_processor   -   INFO   - worker1919599:Running sp calculation in /scratch/pawsey0265/mwang1/.automated/6017/0_PRESCREENING/CONF2/sp.
2025-04-11 14:05:00,796 -   censo.qm_processor   -   INFO   - worker1919600:Running sp calculation in /scratch/pawsey0265/mwang1/.automated/6017/0_PRESCREENING/CONF3/sp.
2025-04-11 14:05:00,796 -   censo.qm_processor   -   INFO   - worker1919603:Running sp calculation in /scratch/pawsey0265/mwang1/.automated/6017/0_PRESCREENING/CONF4/sp.
2025-04-11 14:05:00,796 -   censo.qm_processor   -   INFO   - worker1919605:Running sp calculation in /scratch/pawsey0265/mwang1/.automated/6017/0_PRESCREENING/CONF5/sp.
2025-04-11 14:05:00,797 -   censo.qm_processor   -   INFO   - worker1919609:Running sp calculation in /scratch/pawsey0265/mwang1/.automated/6017/0_PRESCREENING/CONF6/sp.
2025-04-11 14:05:00,797 -   censo.qm_processor   -   INFO   - worker1919613:Running sp calculation in /scratch/pawsey0265/mwang1/.automated/6017/0_PRESCREENING/CONF7/sp.
2025-04-11 14:05:00,797 -   censo.qm_processor   -   INFO   - worker1919616:Running sp calculation in /scratch/pawsey0265/mwang1/.automated/6017/0_PRESCREENING/CONF8/sp.
2025-04-11 14:05:26,914 -     censo.parallel     -   INFO   - All jobs executed successfully.
2025-04-11 14:05:26,940 -   censo.qm_processor   -   INFO   - worker1919746:Running gsolv calculation in /scratch/pawsey0265/mwang1/.automated/6017/1_SCREENING/CONF1/gsolv.
2025-04-11 14:05:26,941 -   censo.qm_processor   -   INFO   - worker1919747:Running gsolv calculation in /scratch/pawsey0265/mwang1/.automated/6017/1_SCREENING/CONF2/gsolv.
2025-04-11 14:05:26,941 -   censo.qm_processor   -   INFO   - worker1919748:Running gsolv calculation in /scratch/pawsey0265/mwang1/.automated/6017/1_SCREENING/CONF5/gsolv.
2025-04-11 14:05:26,942 -   censo.qm_processor   -   INFO   - worker1919751:Running gsolv calculation in /scratch/pawsey0265/mwang1/.automated/6017/1_SCREENING/CONF6/gsolv.
2025-04-11 14:05:26,942 -   censo.qm_processor   -   INFO   - worker1919753:Running gsolv calculation in /scratch/pawsey0265/mwang1/.automated/6017/1_SCREENING/CONF3/gsolv.
2025-04-11 14:05:26,943 -   censo.qm_processor   -   INFO   - worker1919758:Running gsolv calculation in /scratch/pawsey0265/mwang1/.automated/6017/1_SCREENING/CONF4/gsolv.
2025-04-11 14:05:26,943 -   censo.qm_processor   -   INFO   - worker1919761:Running gsolv calculation in /scratch/pawsey0265/mwang1/.automated/6017/1_SCREENING/CONF7/gsolv.
2025-04-11 14:06:11,555 -     censo.parallel     -   INFO   - All jobs executed successfully.
2025-04-11 14:06:11,582 -   censo.qm_processor   -   INFO   - worker1920024:Running xtb_opt calculation in /scratch/pawsey0265/mwang1/.automated/6017/2_OPTIMIZATION/CONF2/xtb_opt.
2025-04-11 14:06:11,582 -   censo.qm_processor   -   INFO   - worker1920025:Running xtb_opt calculation in /scratch/pawsey0265/mwang1/.automated/6017/2_OPTIMIZATION/CONF1/xtb_opt.
2025-04-11 14:06:11,583 -   censo.qm_processor   -   INFO   - worker1920026:Running xtb_opt calculation in /scratch/pawsey0265/mwang1/.automated/6017/2_OPTIMIZATION/CONF5/xtb_opt.
2025-04-11 14:06:11,583 -   censo.qm_processor   -   INFO   - worker1920029:Running xtb_opt calculation in /scratch/pawsey0265/mwang1/.automated/6017/2_OPTIMIZATION/CONF3/xtb_opt.
2025-04-11 14:06:11,583 -   censo.qm_processor   -   INFO   - worker1920032:Running xtb_opt calculation in /scratch/pawsey0265/mwang1/.automated/6017/2_OPTIMIZATION/CONF4/xtb_opt.
2025-04-11 14:06:11,584 -   censo.qm_processor   -   INFO   - worker1920036:Running xtb_opt calculation in /scratch/pawsey0265/mwang1/.automated/6017/2_OPTIMIZATION/CONF6/xtb_opt.
2025-04-11 14:06:11,584 -   censo.qm_processor   -   INFO   - worker1920039:Running xtb_opt calculation in /scratch/pawsey0265/mwang1/.automated/6017/2_OPTIMIZATION/CONF7/xtb_opt.
2025-04-11 14:11:06,573 -     censo.parallel     -   INFO   - All jobs executed successfully.
2025-04-11 14:11:06,589 -   censo.qm_processor   -   INFO   - worker1921964:Running xtb_rrho calculation in /scratch/pawsey0265/mwang1/.automated/6017/2_OPTIMIZATION/CONF2/xtb_rrho.
2025-04-11 14:11:06,590 -   censo.qm_processor   -   INFO   - worker1921965:Running xtb_rrho calculation in /scratch/pawsey0265/mwang1/.automated/6017/2_OPTIMIZATION/CONF1/xtb_rrho.
2025-04-11 14:11:06,590 -   censo.qm_processor   -   INFO   - worker1921966:Running xtb_rrho calculation in /scratch/pawsey0265/mwang1/.automated/6017/2_OPTIMIZATION/CONF5/xtb_rrho.
2025-04-11 14:11:06,591 -   censo.qm_processor   -   INFO   - worker1921969:Running xtb_rrho calculation in /scratch/pawsey0265/mwang1/.automated/6017/2_OPTIMIZATION/CONF3/xtb_rrho.
2025-04-11 14:11:06,591 -   censo.qm_processor   -   INFO   - worker1921971:Running xtb_rrho calculation in /scratch/pawsey0265/mwang1/.automated/6017/2_OPTIMIZATION/CONF4/xtb_rrho.
2025-04-11 14:11:06,591 -   censo.qm_processor   -   INFO   - worker1921975:Running xtb_rrho calculation in /scratch/pawsey0265/mwang1/.automated/6017/2_OPTIMIZATION/CONF6/xtb_rrho.
2025-04-11 14:11:06,592 -   censo.qm_processor   -   INFO   - worker1921979:Running xtb_rrho calculation in /scratch/pawsey0265/mwang1/.automated/6017/2_OPTIMIZATION/CONF7/xtb_rrho.
2025-04-11 14:11:09,102 -     censo.parallel     -   INFO   - All jobs executed successfully.
2025-04-11 14:11:09,103 -censo.ensembleopt.optimization-   INFO   - Threshold: 2.79 kcal/mol
2025-04-11 14:11:09,119 -   censo.qm_processor   -   INFO   - worker1922026:Running xtb_opt calculation in /scratch/pawsey0265/mwang1/.automated/6017/2_OPTIMIZATION/CONF2/xtb_opt.
2025-04-11 14:11:09,119 -   censo.qm_processor   -   INFO   - worker1922027:Running xtb_opt calculation in /scratch/pawsey0265/mwang1/.automated/6017/2_OPTIMIZATION/CONF1/xtb_opt.
2025-04-11 14:11:09,120 -   censo.qm_processor   -   INFO   - worker1922028:Running xtb_opt calculation in /scratch/pawsey0265/mwang1/.automated/6017/2_OPTIMIZATION/CONF5/xtb_opt.
2025-04-11 14:11:09,120 -   censo.qm_processor   -   INFO   - worker1922031:Running xtb_opt calculation in /scratch/pawsey0265/mwang1/.automated/6017/2_OPTIMIZATION/CONF4/xtb_opt.
2025-04-11 14:11:09,121 -   censo.qm_processor   -   INFO   - worker1922033:Running xtb_opt calculation in /scratch/pawsey0265/mwang1/.automated/6017/2_OPTIMIZATION/CONF6/xtb_opt.
2025-04-11 14:11:09,121 -   censo.qm_processor   -   INFO   - worker1922037:Running xtb_opt calculation in /scratch/pawsey0265/mwang1/.automated/6017/2_OPTIMIZATION/CONF7/xtb_opt.
2025-04-11 14:16:26,383 -     censo.parallel     -   INFO   - All jobs executed successfully.
2025-04-11 14:16:26,384 -censo.ensembleopt.optimization-   INFO   - Threshold: 2.14 kcal/mol
2025-04-11 14:16:26,399 -   censo.qm_processor   -   INFO   - worker1923921:Running xtb_opt calculation in /scratch/pawsey0265/mwang1/.automated/6017/2_OPTIMIZATION/CONF1/xtb_opt.
2025-04-11 14:16:26,400 -   censo.qm_processor   -   INFO   - worker1923922:Running xtb_opt calculation in /scratch/pawsey0265/mwang1/.automated/6017/2_OPTIMIZATION/CONF6/xtb_opt.
2025-04-11 14:16:26,400 -   censo.qm_processor   -   INFO   - worker1923923:Running xtb_opt calculation in /scratch/pawsey0265/mwang1/.automated/6017/2_OPTIMIZATION/CONF7/xtb_opt.
2025-04-11 14:31:23,052 -     censo.parallel     -   INFO   - All jobs executed successfully.
2025-04-11 14:31:23,053 -censo.ensembleopt.optimization-   INFO   - Threshold: 1.71 kcal/mol
2025-04-11 14:31:23,068 -   censo.qm_processor   -   INFO   - worker1927340:Running xtb_opt calculation in /scratch/pawsey0265/mwang1/.automated/6017/2_OPTIMIZATION/CONF7/xtb_opt.
2025-04-11 14:34:23,038 -     censo.parallel     -   INFO   - All jobs executed successfully.
2025-04-11 14:34:23,038 -censo.ensembleopt.optimization-   INFO   - Threshold: 1.50 kcal/mol
2025-04-11 14:34:23,053 -   censo.qm_processor   -   INFO   - worker1928140:Running xtb_rrho calculation in /scratch/pawsey0265/mwang1/.automated/6017/2_OPTIMIZATION/CONF2/xtb_rrho.
2025-04-11 14:34:23,054 -   censo.qm_processor   -   INFO   - worker1928141:Running xtb_rrho calculation in /scratch/pawsey0265/mwang1/.automated/6017/2_OPTIMIZATION/CONF1/xtb_rrho.
2025-04-11 14:34:23,054 -   censo.qm_processor   -   INFO   - worker1928142:Running xtb_rrho calculation in /scratch/pawsey0265/mwang1/.automated/6017/2_OPTIMIZATION/CONF5/xtb_rrho.
2025-04-11 14:34:23,055 -   censo.qm_processor   -   INFO   - worker1928145:Running xtb_rrho calculation in /scratch/pawsey0265/mwang1/.automated/6017/2_OPTIMIZATION/CONF3/xtb_rrho.
2025-04-11 14:34:23,055 -   censo.qm_processor   -   INFO   - worker1928148:Running xtb_rrho calculation in /scratch/pawsey0265/mwang1/.automated/6017/2_OPTIMIZATION/CONF6/xtb_rrho.
2025-04-11 14:34:23,055 -   censo.qm_processor   -   INFO   - worker1928151:Running xtb_rrho calculation in /scratch/pawsey0265/mwang1/.automated/6017/2_OPTIMIZATION/CONF7/xtb_rrho.
2025-04-11 14:34:24,012 -     censo.parallel     -   INFO   - All jobs executed successfully.
