----------------------------------------------- 
  Element       SASA      Sigma Z        Total  
     Z         Ang**2 cal/Ang**2/mol   kcal/mol 
----------------------------------------------- 
      H        138.078      48.690       6.723
      C         36.637     129.740       4.753
      O         30.561       0.000       0.000

 Subtotal:     205.276                  11.476
 -----------------------------------------------

  Elements    COT*SASA   Sigma Z,Z'     Total   
    Z,Z'       Ang**2  cal/Ang**2/mol kcal/mol  
 ---------------------------------------------- 
  H   C         92.816     -60.770      -5.640
  H   O          0.000       0.000       0.000
  C   C         27.091     -72.950      -1.976
  O   C         16.003      68.690       1.099
  O   O          0.000       0.000       0.000

 Subtotal:                              -6.518
 ---------------------------------------------- 

 NONAQUEOUS SOLVENT CONTRIBUTION (kcal/mol):
 (proportional to SASA, atomic number independent)
 ---------------------------------------------- 
 Subtotal:                               0.000
 ---------------------------------------------- 

 CDS TOTAL (kcal/mol):                   4.959
...............................................................................
