----------------------------------------------- 
  Element       SASA      Sigma Z        Total  
     Z         Ang**2 cal/Ang**2/mol   kcal/mol 
----------------------------------------------- 
      H        137.633      48.690       6.701
      C         37.830     129.740       4.908
      O         28.384       0.000       0.000

 Subtotal:     203.847                  11.609
 -----------------------------------------------

  Elements    COT*SASA   Sigma Z,Z'     Total   
    Z,Z'       Ang**2  cal/Ang**2/mol kcal/mol  
 ---------------------------------------------- 
  H   C         92.780     -60.770      -5.638
  H   O          0.000       0.000       0.000
  C   C         28.170     -72.950      -2.055
  O   C         16.150      68.690       1.109
  O   O          0.000       0.000       0.000

 Subtotal:                              -6.584
 ---------------------------------------------- 

 NONAQUEOUS SOLVENT CONTRIBUTION (kcal/mol):
 (proportional to SASA, atomic number independent)
 ---------------------------------------------- 
 Subtotal:                               0.000
 ---------------------------------------------- 

 CDS TOTAL (kcal/mol):                   5.025
...............................................................................
