----------------------------------------------- 
  Element       SASA      Sigma Z        Total  
     Z         Ang**2 cal/Ang**2/mol   kcal/mol 
----------------------------------------------- 
      H        101.968      48.690       4.965
      C         19.120     129.740       2.481
      N          5.125       0.000       0.000
      O         62.822       0.000       0.000

 Subtotal:     189.035                   7.446
 -----------------------------------------------

  Elements    COT*SASA   Sigma Z,Z'     Total   
    Z,Z'       Ang**2  cal/Ang**2/mol kcal/mol  
 ---------------------------------------------- 
  H   C         68.527     -60.770      -4.164
  H   O          0.000       0.000       0.000
  C   C         12.813     -72.950      -0.935
  O   C          0.000      68.690       0.000
  O   O          0.000       0.000       0.000
  C   N          0.000       0.000       0.000
  N   C          0.000     -48.220      -0.000
  N  C(3)        0.000      84.100       0.000
  O   N         36.366     121.980       4.436

 Subtotal:                              -0.663
 ---------------------------------------------- 

 NONAQUEOUS SOLVENT CONTRIBUTION (kcal/mol):
 (proportional to SASA, atomic number independent)
 ---------------------------------------------- 
 Subtotal:                               0.000
 ---------------------------------------------- 

 CDS TOTAL (kcal/mol):                   6.782
...............................................................................
