19
 energy: -273.809324638460 gnorm: 0.001110890435 xtb: 6.7.1 (edcfbbe)
C           -2.57053905004464       -0.88745602408937       -0.02242377414026
C           -2.12588741909427        0.47036891973236       -0.56140410411041
C           -1.16796945223322        1.21905474946849        0.37116501980804
C            0.11268844513329        0.46433859065453        0.73231697408138
C            0.95031187402852        0.10023826788441       -0.50808099826409
C            2.22933541190694       -0.49373332813226       -0.16174212047507
C            3.28444917555263       -0.98613766802705        0.15915541059103
H           -3.01026503252078       -0.78783155316612        0.97702345358757
H           -1.73278237952771       -1.58930005066281        0.05028593897934
H           -3.32282936532840       -1.34093213189423       -0.67576556223471
H           -1.66389328512529        0.33982927256606       -1.54825910624426
H           -3.00823398325673        1.10228273015783       -0.72195013486164
H           -1.69662585568234        1.46204636928562        1.30180963423990
H           -0.89374146546108        2.17555783224449       -0.09270205964477
H           -0.11999776955584       -0.45204163543150        1.28652418878625
H            0.72114363338507        1.08915412162592        1.39571978708805
H            1.12495897893527        1.00330825334116       -1.10791580125239
H            0.39657877009587       -0.59888319125429       -1.14636981766959
H            4.21971015337153       -1.42049353822952        0.43235358819043
19
 energy: -273.809318024545 gnorm: 0.001665127818 xtb: 6.7.1 (edcfbbe)
C           -2.56993072580230       -0.88677115950747       -0.02210530272672
C           -2.12613812114949        0.47092476235986       -0.56145886673267
C           -1.16857133215020        1.21968567735918        0.37152388829165
C            0.11282815182182        0.46486608608020        0.73038066502362
C            0.95013319814016        0.10015170083411       -0.50947902073890
C            2.22541579490320       -0.50165135638466       -0.16126292076011
C            3.28628834308250       -0.97977599479590        0.16209066341759
H           -3.00801334813353       -0.78744972849858        0.97792066339030
H           -1.73199841976978       -1.58802274551439        0.05000781945608
H           -3.32289637463710       -1.34114964491504       -0.67428687162748
H           -1.66330182602658        0.34030012955318       -1.54775773793867
H           -3.00873661886824        1.10151936321537       -0.72347321668634
H           -1.69678359187759        1.45911775711449        1.30366263281970
H           -0.89647308246919        2.17832041275986       -0.08943555780845
H           -0.12030511723200       -0.45140907835022        1.28424540948012
H            0.72218647529662        1.08800048995084        1.39401039919304
H            1.12766741222212        1.00171955885710       -1.11016221915759
H            0.39619536166065       -0.59757258066739       -1.14862507370351
H            4.21884524224307       -1.42143376898847        0.43394476343945
19
 energy: -273.809325189864 gnorm: 0.001319878789 xtb: 6.7.1 (edcfbbe)
C           -2.56914319210419       -0.88636436342969       -0.02172960189497
C           -2.12629284036239        0.47123242382422       -0.56155663233980
C           -1.16929424301319        1.22004203434991        0.37198471780403
C            0.11322130073559        0.46578739242649        0.72854643413739
C            0.95046559838238        0.10145212477705       -0.51098508342535
C            2.22590186224728       -0.49980710318952       -0.16131106048278
C            3.28030799164267       -0.99184963384288        0.16162709900783
H           -3.00557531239744       -0.78719229873648        0.97892491529510
H           -1.73099038426809       -1.58712126064024        0.04961771353525
H           -3.32288459283367       -1.34144997494062       -0.67267873461373
H           -1.66258641174832        0.34057256024918       -1.54733612190677
H           -3.00913486522173        1.10075992044256       -0.72482011026562
H           -1.69708575185239        1.45577982326110        1.30555210890991
H           -0.89963762323800        2.18083061861333       -0.08612956158187
H           -0.11943918615517       -0.45063325052194        1.28214021262891
H            0.72293316641565        1.08808510047781        1.39225891926914
H            1.12816081509452        1.00188806116032       -1.11289719567922
H            0.39775499846662       -0.59685929678163       -1.15024516696807
H            4.21973016644152       -1.41578183441931        0.43878172695914
19
 energy: -273.809323787607 gnorm: 0.001539504551 xtb: 6.7.1 (edcfbbe)
C           -2.56883350977606       -0.88698520824855       -0.02165345893100
C           -2.12616636019937        0.47072705051298       -0.56179158863751
C           -1.16958382707887        1.21942018532647        0.37195417683159
C            0.11324053091128        0.46588947046144        0.72856971830426
C            0.95038143902080        0.10153676837523       -0.51134879350815
C            2.23037885470341       -0.48876647164390       -0.16078369166384
C            3.28233176558400       -0.98624744440839        0.16267105314247
H           -3.00509614378558       -0.78732496532714        0.97921743643685
H           -1.73063414529346       -1.58819133690429        0.04900924505491
H           -3.32301063077128       -1.34142140865990       -0.67227604832136
H           -1.66244401587518        0.34006775284172       -1.54771802863805
H           -3.00886752812261        1.10116622860284       -0.72434562790530
H           -1.69737934532381        1.45509606896826        1.30528383791199
H           -0.90018631440011        2.17995189367149       -0.08653483634725
H           -0.11809976338126       -0.45060783328776        1.28287670440727
H            0.72226865955018        1.09012652807634        1.39158820596611
H            1.12557422685754        1.00289751800641       -1.11307869318073
H            0.39911783746598       -0.59927596048990       -1.14967210385425
H            4.21341988304299       -1.42868890776561        0.43776866784359
19
 energy: -273.809332581639 gnorm: 0.000180336878 xtb: 6.7.1 (edcfbbe)
C           -2.56875755490931       -0.88698815371835       -0.02175818368513
C           -2.12602194901276        0.47084014336328       -0.56168931339859
C           -1.16949248180567        1.21963457041722        0.37203865120170
C            0.11340942621331        0.46622260652502        0.72854970398422
C            0.95036868181443        0.10159053532641       -0.51150291790359
C            2.22709325466966       -0.49613222611995       -0.16149919590920
C            3.28175524070575       -0.98722722838637        0.16266253066830
H           -3.00465443068431       -0.78741810767638        0.97929093306818
H           -1.73055598084524       -1.58826844423555        0.04848991089151
H           -3.32318931299191       -1.34129625844159       -0.67216221078410
H           -1.66231522259858        0.34021994802601       -1.54765153981327
H           -3.00879822034545        1.10121909590486       -0.72422957561804
H           -1.69741095409742        1.45493144816334        1.30537443981285
H           -0.90014921095711        2.18022576943910       -0.08629313352203
H           -0.11825698064076       -0.45030021795587        1.28272679699836
H            0.72278245668991        1.09014220362194        1.39157841144344
H            1.12755285476126        1.00297917533392       -1.11272619057115
H            0.39756042821417       -0.59767487268342       -1.15016003998859
H            4.21549149462730       -1.42332959778863        0.43870052816025
19
 energy: -273.809332869207 gnorm: 0.000120381650 xtb: 6.7.1 (edcfbbe)
C           -2.56853838231075       -0.88707220813127       -0.02177824362749
C           -2.12605330579876        0.47081796913404       -0.56169055924181
C           -1.16959325423330        1.21967530440232        0.37206536515011
C            0.11356905591881        0.46658142268950        0.72833482010429
C            0.95034094957944        0.10191587438374       -0.51180195659643
C            2.22682251766980       -0.49651715115784       -0.16169430121123
C            3.28115545347847       -0.98794857267523        0.16297628826943
H           -3.00362176540712       -0.78778840407299        0.97961704973433
H           -1.73029675473158       -1.58828318531172        0.04784007846227
H           -3.32341507729810       -1.34135970203774       -0.67174405568235
H           -1.66231190747268        0.34034971311214       -1.54762791390464
H           -3.00900258736937        1.10082075721486       -0.72436528033392
H           -1.69749445319903        1.45431424126918        1.30561377379211
H           -0.90079489079008        2.18067775792464       -0.08577534851313
H           -0.11767819986239       -0.44988475258070        1.28274838082798
H            0.72316332111672        1.09059348131793        1.39100022697643
H            1.12796617900486        1.00308625978430       -1.11311170954438
H            0.39728324246450       -0.59688148574303       -1.15068222077990
H            4.21491140455430       -1.42372683591088        0.43981511645188
19
 energy: -273.809332869207 gnorm: 0.000120381650 xtb: 6.7.1 (edcfbbe)
C           -2.56853838231075       -0.88707220813127       -0.02177824362749
C           -2.12605330579876        0.47081796913404       -0.56169055924181
C           -1.16959325423330        1.21967530440232        0.37206536515011
C            0.11356905591881        0.46658142268950        0.72833482010429
C            0.95034094957944        0.10191587438374       -0.51180195659643
C            2.22682251766980       -0.49651715115784       -0.16169430121123
C            3.28115545347847       -0.98794857267523        0.16297628826943
H           -3.00362176540712       -0.78778840407299        0.97961704973433
H           -1.73029675473158       -1.58828318531172        0.04784007846227
H           -3.32341507729810       -1.34135970203774       -0.67174405568235
H           -1.66231190747268        0.34034971311214       -1.54762791390464
H           -3.00900258736937        1.10082075721486       -0.72436528033392
H           -1.69749445319903        1.45431424126918        1.30561377379211
H           -0.90079489079008        2.18067775792464       -0.08577534851313
H           -0.11767819986239       -0.44988475258070        1.28274838082798
H            0.72316332111672        1.09059348131793        1.39100022697643
H            1.12796617900486        1.00308625978430       -1.11311170954438
H            0.39728324246450       -0.59688148574303       -1.15068222077990
H            4.21491140455430       -1.42372683591088        0.43981511645188
