----------------------------------------------- 
  Element       SASA      Sigma Z        Total  
     Z         Ang**2 cal/Ang**2/mol   kcal/mol 
----------------------------------------------- 
      H        116.393      48.690       5.667
      C         39.018     129.740       5.062
      O         55.354       0.000       0.000

 Subtotal:     210.765                  10.729
 -----------------------------------------------

  Elements    COT*SASA   Sigma Z,Z'     Total   
    Z,Z'       Ang**2  cal/Ang**2/mol kcal/mol  
 ---------------------------------------------- 
  H   C         78.503     -60.770      -4.771
  H   O          0.000       0.000       0.000
  C   C         24.331     -72.950      -1.775
  O   C         29.453      68.690       2.023
  O   O          0.000       0.000       0.000

 Subtotal:                              -4.522
 ---------------------------------------------- 

 NONAQUEOUS SOLVENT CONTRIBUTION (kcal/mol):
 (proportional to SASA, atomic number independent)
 ---------------------------------------------- 
 Subtotal:                               0.000
 ---------------------------------------------- 

 CDS TOTAL (kcal/mol):                   6.207
...............................................................................
