19
 energy: -23.030171190482 gnorm: 0.032851127407 xtb: 6.7.1 (edcfbbe)
C            3.13110522890876       -0.47650764842740       -0.24429320460466
C            1.74493652696352        0.10767911604543       -0.49806437966166
C            0.95292308680314        0.30650334206633        0.79519354106774
C           -0.43321146040181        0.89230662711478        0.56409182573711
C           -1.45275481125453       -0.04930310673395       -0.01252395605660
O           -1.22995569400914       -1.24612608531085       -0.17305190748063
C           -2.79971750652005        0.52727318891192       -0.35329983155041
H            3.06203647844688       -1.45365026471117        0.24675628181275
H            3.68587409114524       -0.61041542655508       -1.17851071702918
H            3.72091615110669        0.18128000306411        0.40413461103674
H            1.18650164870335       -0.54875154464341       -1.17612372584257
H            1.84034866537666        1.07524688268772       -1.00774541812408
H            1.51280152882171        0.98084494266974        1.45419463947726
H            0.86320015943389       -0.64967575822579        1.32540556180344
H           -0.87871039901836        1.26119949620158        1.50113832054653
H           -0.39269100361168        1.77696552618096       -0.08695639026013
H           -3.04609783244972        0.27358353715619       -1.38913732901032
H           -3.55357440644403        0.05299971565122        0.28471753638785
H           -2.84284126894700        1.60908438630343       -0.21805205126256
19
 energy: -23.031221640222 gnorm: 0.012629453533 xtb: 6.7.1 (edcfbbe)
C            3.11655685411019       -0.47218153745897       -0.23987557044380
C            1.73440440634947        0.11143077019752       -0.49904652535743
C            0.94995392741721        0.31044381471798        0.79665820955886
C           -0.43537924233141        0.89924919585168        0.56020224789858
C           -1.44120286383419       -0.06002836847799       -0.01421177059634
O           -1.21197871309338       -1.24688514744013       -0.17719681214224
C           -2.78460181016900        0.52493914444233       -0.35111863046940
H            3.03922653463239       -1.44370633420879        0.24802978570283
H            3.66012708670806       -0.60447995565905       -1.17444716245974
H            3.70007614471500        0.18656108520343        0.40364271685806
H            1.17541870649818       -0.55542603571802       -1.16198334773509
H            1.83911024565809        1.07484800892153       -1.00832515644999
H            1.51350902149244        0.98002197524277        1.45289013660242
H            0.84911593774217       -0.65134830661137        1.30852717643173
H           -0.86494044565579        1.25428364180938        1.50529668599115
H           -0.37941902988499        1.77359180095412       -0.09746777240009
H           -3.03340777117542        0.27528025934361       -1.38159512881629
H           -3.53729170356159        0.05237114157233        0.28001229019933
H           -2.81818810256393        1.60157177676339       -0.21211796538592
19
 energy: -23.031397864826 gnorm: 0.001812677446 xtb: 6.7.1 (edcfbbe)
C            3.10931386955472       -0.47131125173370       -0.24034170389462
C            1.72687412943253        0.11330216947331       -0.49921805210716
C            0.94854698343594        0.31372377432574        0.79977742832256
C           -0.43776915333326        0.90665910914704        0.56192385997708
C           -1.43203550833367       -0.06540985762334       -0.01647112520106
O           -1.19405612901309       -1.24619150564128       -0.17956545979731
C           -2.77550881051227        0.52235890136296       -0.35146786743112
H            3.02682677268228       -1.43922159923051        0.24806096479417
H            3.64890511705995       -0.60363983470469       -1.17453685450590
H            3.68802308403543        0.18871248308599        0.40161040005174
H            1.16486450484130       -0.55800403141832       -1.15215835418074
H            1.83131540704126        1.07322288161569       -1.01079126334027
H            1.51507674104263        0.97706735557639        1.45627436837885
H            0.84010732039423       -0.65104328516008        1.30070914564487
H           -0.86322670381829        1.25558081121760        1.50726560017654
H           -0.37411295466416        1.77166556919678       -0.10204660247248
H           -3.02481910346184        0.27673096255900       -1.38091662201092
H           -3.52746133589258        0.05005729511893        0.27723972313986
H           -2.79977504743762        1.59627698227826       -0.20747417855747
19
 energy: -23.031410714065 gnorm: 0.001160051069 xtb: 6.7.1 (edcfbbe)
C            3.10686219602924       -0.47127153167550       -0.24195332200753
C            1.72299951393455        0.11323186238636       -0.49870544625813
C            0.94929434266047        0.31485573513786        0.80321940256947
C           -0.43736280415874        0.90971942300966        0.56490093799502
C           -1.42913959913839       -0.06611264362003       -0.01505482844061
O           -1.18409038798801       -1.24474492971469       -0.18249317048788
C           -2.77315912434368        0.52067380126064       -0.35320707465845
H            3.02370050917789       -1.43883576517669        0.24743150242726
H            3.64496999016091       -0.60441897196030       -1.17697135965032
H            3.68589561995003        0.18963236433355        0.39911616024656
H            1.15878230236976       -0.55978082508780       -1.14768138703966
H            1.82470340298939        1.07167735940422       -1.01327331674334
H            1.51763762166651        0.97575829478390        1.45988783964981
H            0.83794715931718       -0.64985906364408        1.30287072623104
H           -0.86374220130113        1.25961575321268        1.50815336149359
H           -0.37280638736211        1.77120799566862       -0.10220437876397
H           -3.02034284709398        0.27806563267414       -1.38423359706701
H           -3.52597063840937        0.04702374780906        0.27382082036232
H           -2.79508948540703        1.59409869064416       -0.20574946287154
19
 energy: -23.031413588029 gnorm: 0.000626576814 xtb: 6.7.1 (edcfbbe)
C            3.10657932646202       -0.47140988668470       -0.24314622414876
C            1.72186616870217        0.11218332721830       -0.49709265302527
C            0.94915008859069        0.31496499869184        0.80512290115408
C           -0.43699376496180        0.91046790124690        0.56637827808515
C           -1.42764460697992       -0.06465707979872       -0.01738851265064
O           -1.18119897218368       -1.24317801759549       -0.18496052698490
C           -2.77284368724064        0.52016343694022       -0.35379372260111
H            3.02502656221424       -1.43915844930473        0.24666829190674
H            3.64340816599477       -0.60462988658973       -1.17914440790608
H            3.68682819888752        0.18988260327108        0.39682194233272
H            1.15694354913340       -0.56161799907790       -1.14479120838651
H            1.82172393212013        1.07028689721500       -1.01304172812540
H            1.51821324695636        0.97589906007726        1.46128981128957
H            0.83765356184652       -0.64927945896839        1.30583982373080
H           -0.86513416710589        1.26226033896544        1.50834257322533
H           -0.37155839941265        1.77152918266806       -0.10152800311161
H           -3.01934836055235        0.27826746865809       -1.38524220949506
H           -3.52526290359522        0.04498902920317        0.27284791831921
H           -2.79631875582215        1.59357346331007       -0.20530893662167
19
 energy: -23.031415081339 gnorm: 0.000421052346 xtb: 6.7.1 (edcfbbe)
C            3.10624340479585       -0.47141887390574       -0.24376459715241
C            1.72099289584847        0.11094674905046       -0.49604757831702
C            0.94906038770865        0.31518926972158        0.80626343185905
C           -0.43665454657861        0.91069420857833        0.56723128242549
C           -1.42743861264218       -0.06399242039132       -0.01691942236441
O           -1.17972834078179       -1.24184892270884       -0.18787978575900
C           -2.77239974118462        0.52006456908749       -0.35422999558164
H            3.02668103650518       -1.43910510416161        0.24657312445482
H            3.64149862861633       -0.60467390015335       -1.18068757785391
H            3.68751213087853        0.19043999382907        0.39473727089186
H            1.15578008166791       -0.56390552052822       -1.14250451194442
H            1.81957723624887        1.06867674858331       -1.01315580448048
H            1.51856652106986        0.97691579600394        1.46144357020963
H            0.83787727898430       -0.64840975164918        1.30850711354558
H           -0.86526909443676        1.26334939566613        1.50887705029044
H           -0.37088487691351        1.77209910300963       -0.10068686977769
H           -3.01749595548960        0.27911500558903       -1.38622429746602
H           -3.52491646331558        0.04307030786271        0.27082778695920
H           -2.79791278792782        1.59333027596234       -0.20448678295247
19
 energy: -23.031415665009 gnorm: 0.000191220595 xtb: 6.7.1 (edcfbbe)
C            3.10587286086329       -0.47124806768159       -0.24379218847114
C            1.72028132516021        0.11020427533651       -0.49576991642497
C            0.94910940753060        0.31541556592137        0.80691383870925
C           -0.43657421933435        0.91075151342039        0.56740005168023
C           -1.42677642805208       -0.06379536207246       -0.01773962581707
O           -1.17891917287726       -1.24129757235453       -0.18993959311142
C           -2.77188110524524        0.52015230073358       -0.35424216207914
H            3.02726057331731       -1.43858496788213        0.24714000267286
H            3.64006309300255       -0.60472951678829       -1.18117168190810
H            3.68726389503954        0.19133991048903        0.39364306395680
H            1.15495346707941       -0.56558175097362       -1.14105765798128
H            1.81830433731058        1.06743622528443       -1.01377864710835
H            1.51880903167943        0.97774128582110        1.46130281214454
H            0.83798980864176       -0.64781839059987        1.30985402130342
H           -0.86535178830110        1.26288859253481        1.50909191068599
H           -0.37030249836395        1.77235598997746       -0.10016035518878
H           -3.01676160674538        0.28005773084828       -1.38642989595876
H           -3.52420972209466        0.04206202267581        0.27005662476211
H           -2.79804207555714        1.59318714475549       -0.20344719487957
19
 energy: -23.031415656558 gnorm: 0.000461834296 xtb: 6.7.1 (edcfbbe)
C            3.10550460623400       -0.47108097679044       -0.24381687051406
C            1.71958519632738        0.10948609690937       -0.49549832161872
C            0.94915718426827        0.31563405686346        0.80755161291910
C           -0.43649158627074        0.91080757674222        0.56755962142585
C           -1.42612826839512       -0.06360446273625       -0.01853927385367
O           -1.17813243028990       -1.24076130555587       -0.19193832360746
C           -2.77137093593280        0.52023590775433       -0.35425343777187
H            3.02781758813066       -1.43808187679682        0.24768303593435
H            3.63865107442151       -0.60477381959037       -1.18164441639020
H            3.68701856296091        0.19220891490751        0.39258253617156
H            1.15414477178762       -0.56720436210797       -1.13965227181058
H            1.81706731531224        1.06623627209694       -1.01437619289147
H            1.51904473159794        0.97853951576218        1.46117482816945
H            0.83809374484538       -0.64724730677203        1.31116395901592
H           -0.86542361562308        1.26244746116868        1.50929534265974
H           -0.36972448878613        1.77260280379230       -0.09965737113565
H           -3.01604309491989        0.28096286770381       -1.38662508137794
H           -3.52351494844761        0.04108293250583        0.26930885230580
H           -2.79816622416716        1.59304663358887       -0.20244482064354
19
 energy: -23.031416155161 gnorm: 0.000218779219 xtb: 6.7.1 (edcfbbe)
C            3.10592801849993       -0.47108178948941       -0.24385899114563
C            1.71977463830870        0.10917685468836       -0.49562699485617
C            0.94916315013421        0.31572630611129        0.80725769454581
C           -0.43674661154693        0.91070644179416        0.56771466067521
C           -1.42630053856084       -0.06359369311312       -0.01857037213317
O           -1.17828603794379       -1.24079512409526       -0.19234780575268
C           -2.77161248498868        0.52040654744502       -0.35423817861612
H            3.02822536615915       -1.43782662830075        0.24825712016855
H            3.63941103169779       -0.60526608189796       -1.18149162051037
H            3.68714296719432        0.19271959126511        0.39236029284840
H            1.15438669950098       -0.56779368304280       -1.13949275885958
H            1.81692570208489        1.06574618561581       -1.01489106357392
H            1.51906711814268        0.97892710503353        1.46052757079780
H            0.83846954699632       -0.64694745977053        1.31128574047422
H           -0.86585410630575        1.26174866944227        1.50960231128923
H           -0.37027887063123        1.77279333067933       -0.09909352709310
H           -3.01628337869370        0.28171043014430       -1.38680978408599
H           -3.52381389179438        0.04101323808471        0.26917423556931
H           -2.79822913520019        1.59316668885170       -0.20188512275522
19
 energy: -23.031416605652 gnorm: 0.000167403453 xtb: 6.7.1 (edcfbbe)
C            3.10636058629881       -0.47082877037631       -0.24365612079037
C            1.71975472040938        0.10844125283967       -0.49605580152311
C            0.94942234753599        0.31577158438826        0.80686633394579
C           -0.43688192636017        0.91030267221365        0.56792086109887
C           -1.42651243936815       -0.06350118620966       -0.01899805423617
O           -1.17849097554563       -1.24072443948341       -0.19348407287250
C           -2.77203200294219        0.52076301830147       -0.35424064195417
H            3.02910852207085       -1.43703828794330        0.24982114515363
H            3.64025048181141       -0.60608979782871       -1.18099781405483
H            3.68728044684324        0.19413098125200        0.39181487684348
H            1.15469528634362       -0.56946815653534       -1.13925844013010
H            1.81616315474384        1.06455873269212       -1.01639381498085
H            1.51932056645388        0.97973261243120        1.45939861588705
H            0.83937770001071       -0.64646891392414        1.31186950872921
H           -0.86619523558131        1.26021907655747        1.51018763306592
H           -0.37108444442746        1.77318169687898       -0.09793275048009
H           -3.01669256848717        0.28346989424215       -1.38720272171820
H           -3.52428751686609        0.04069700763785        0.26873383608691
H           -2.79846751989009        1.59338795231179       -0.20051917108388
19
 energy: -23.031416561961 gnorm: 0.000476177221 xtb: 6.7.1 (edcfbbe)
C            3.10676726091025       -0.47060654343816       -0.24347365662237
C            1.71974777898179        0.10778130584084       -0.49645332784899
C            0.94966884925169        0.31581460427696        0.80650645230991
C           -0.43700757986787        0.90992809408993        0.56811374843158
C           -1.42671558309157       -0.06341590768550       -0.01937880705574
O           -1.17868541999694       -1.24066775118079       -0.19450709520924
C           -2.77243280063250        0.52108677921761       -0.35424757555286
H            3.02991154701319       -1.43633970590288        0.25123403349806
H            3.64105201730611       -0.60684405150536       -1.18054250676101
H            3.68741846626335        0.19539833721692        0.39133703212008
H            1.15498301832650       -0.57096931871152       -1.13906364346851
H            1.81547928840553        1.06349276700298       -1.01776492692576
H            1.51955391729682        0.98047150952230        1.45837006839315
H            0.84022812057106       -0.64602801930936        1.31240569557263
H           -0.86652298554937        1.25882074791192        1.51072016639502
H           -0.37183820186161        1.77352778750518       -0.09687073820241
H           -3.01709303779826        0.28506482188122       -1.38756752867347
H           -3.52474192809214        0.04042767583789        0.26834827800431
H           -2.79868354438254        1.59359379687556       -0.19929226141776
19
 energy: -23.031416911616 gnorm: 0.000197614754 xtb: 6.7.1 (edcfbbe)
C            3.10666796764172       -0.47047152206244       -0.24354228798326
C            1.71953246035940        0.10744095279583       -0.49626819125590
C            0.94947131518905        0.31583320772013        0.80659734143263
C           -0.43706941120731        0.91007637336660        0.56819419583080
C           -1.42653357802760       -0.06341038606347       -0.01955210837840
O           -1.17840472176329       -1.24047838437915       -0.19495789462273
C           -2.77214357959943        0.52113217115772       -0.35421652916212
H            3.03015212917638       -1.43595485604708        0.25148650740876
H            3.64054903908149       -0.60684153068578       -1.18074931948905
H            3.68722880302522        0.19587029434512        0.39082787120027
H            1.15481252850042       -0.57169900552314       -1.13845193961303
H            1.81507622166403        1.06294631103719       -1.01788624075455
H            1.51953300269676        0.98052981446968        1.45824331173032
H            0.83992604270948       -0.64597231806966        1.31253410512054
H           -0.86645152695294        1.25885726539557        1.51086311507689
H           -0.37160855379596        1.77368222781256       -0.09676023650158
H           -3.01657181387100        0.28543304818596       -1.38758652533282
H           -3.52441557373783        0.04003898714649        0.26794738646177
H           -2.79866156803510        1.59352427884362       -0.19884915418193
19
 energy: -23.031417200009 gnorm: 0.000078399503 xtb: 6.7.1 (edcfbbe)
C            3.10653666402175       -0.47014737934284       -0.24353477103377
C            1.71906524955770        0.10674904458755       -0.49615041627596
C            0.94940419267599        0.31578408745522        0.80684393646374
C           -0.43696499391053        0.91015467788344        0.56834422690125
C           -1.42632302520550       -0.06325531668659       -0.01982339467747
O           -1.17802652334214       -1.24010748561180       -0.19582747173761
C           -2.77184583553546        0.52126811421454       -0.35420998814137
H            3.03093896504897       -1.43516243842302        0.25240569806308
H            3.63971205018348       -0.60703579638187       -1.18100131308192
H            3.68710082002582        0.19711170539334        0.38975329476479
H            1.15445089570700       -0.57324451197327       -1.13751029748233
H            1.81392830492668        1.06187097626410       -1.01854443339148
H            1.51978208664447        0.98057576726828        1.45813150407589
H            0.83971176010605       -0.64585212185838        1.31308028994347
H           -0.86625772241537        1.25879261795686        1.51107421292466
H           -0.37125847695642        1.77385430960230       -0.09648423104398
H           -3.01573514940952        0.28653989121516       -1.38788589191072
H           -3.52422408800481        0.03918863776782        0.26697218823977
H           -2.79890599106468        1.59345215011493       -0.19775973561346
19
 energy: -23.031417448173 gnorm: 0.000144482636 xtb: 6.7.1 (edcfbbe)
C            3.10662331964846       -0.46966884214751       -0.24352856934483
C            1.71862635369815        0.10585433552317       -0.49615659102072
C            0.94938028101149        0.31561960359021        0.80696457941720
C           -0.43690270256821        0.91012194644684        0.56853374460734
C           -1.42625140453565       -0.06310344814677       -0.02003977949459
O           -1.17787129112064       -1.23982393091067       -0.19658644028349
C           -2.77172582986937        0.52152358527619       -0.35420171261718
H            3.03198742221099       -1.43402429955263        0.25379743661243
H            3.63927749770994       -0.60751101859519       -1.18113533487963
H            3.68712486143182        0.19886412332003        0.38844853370691
H            1.15427486490830       -0.57523530276972       -1.13658174327410
H            1.81261167091001        1.06050001373351       -1.01957490271793
H            1.52002027824281        0.98066263153919        1.45777409902861
H            0.83967506300850       -0.64576819753125        1.31368576682485
H           -0.86615604623164        1.25851946773046        1.51136784189207
H           -0.37111484931245        1.77401458245550       -0.09606504773827
H           -3.01490478425005        0.28830450293241       -1.38837348639443
H           -3.52434017898477        0.03822733383008        0.26570929123192
H           -2.79924534285421        1.59345984272191       -0.19616427856954
19
 energy: -23.031417820448 gnorm: 0.000158194314 xtb: 6.7.1 (edcfbbe)
C            3.10690095491501       -0.46899817106871       -0.24345877071528
C            1.71813910228250        0.10459387646544       -0.49628312653547
C            0.94941527803943        0.31538211515498        0.80697450987189
C           -0.43685415670730        0.90995848304988        0.56874240007701
C           -1.42633279778847       -0.06293516558441       -0.02018646530911
O           -1.17801972211036       -1.23957881366287       -0.19729992459566
C           -2.77172796324117        0.52195482570697       -0.35415133356918
H            3.03370802089852       -1.43231535328739        0.25610927863437
H            3.63891072857651       -0.60840434625951       -1.18119800887116
H            3.68726901161535        0.20155986272439        0.38649916380607
H            1.15421784758259       -0.57808242921470       -1.13539443665245
H            1.81073799745697        1.05857607031471       -1.02116902569890
H            1.52040581598830        0.98078108379249        1.45712653366182
H            0.83975241309492       -0.64564417025030        1.31438838158192
H           -0.86602120248567        1.25803468521391        1.51174233438206
H           -0.37107184419387        1.77411969843810       -0.09552063341222
H           -3.01364568297665        0.29132937414348       -1.38921019484165
H           -3.52484201779935        0.03671608256411        0.26362933809135
H           -2.79985260009381        1.59348922120518       -0.19346661291883
19
 energy: -23.031418630730 gnorm: 0.000135128811 xtb: 6.7.1 (edcfbbe)
C            3.10776829502936       -0.46725549556114       -0.24337052113244
C            1.71702824306349        0.10141140117930       -0.49662330929457
C            0.94946252916264        0.31471345244604        0.80693279823615
C           -0.43680126944517        0.90952086960404        0.56919222254662
C           -1.42667900639754       -0.06262154353147       -0.02025616934111
O           -1.17876660502953       -1.23922753825337       -0.19835674053065
C           -2.77181469432036        0.52307918699331       -0.35397688551631
H            3.03797149051756       -1.42791849738073        0.26184487269534
H            3.63826855128575       -0.61072223675906       -1.18138020590135
H            3.68778983578033        0.20832291726097        0.38160911461996
H            1.15419214702706       -0.58510242827531       -1.13259165454742
H            1.80638023238967        1.05372306661384       -1.02513335324327
H            1.52120738806343        0.98111378221490        1.45541538596165
H            0.84002549549281       -0.64537025362805        1.31617966414599
H           -0.86572199660654        1.25694281049718        1.51256445579342
H           -0.37115278472438        1.77421624527125       -0.09441414863639
H           -3.01013835788246        0.29948141202916       -1.39148667067397
H           -3.52645407569276        0.03270109305517        0.25791801048733
H           -2.80147623465988        1.59352868566971       -0.18619345868240
19
 energy: -23.031419599738 gnorm: 0.000557179026 xtb: 6.7.1 (edcfbbe)
C            3.10999428873303       -0.46281330654826       -0.24328630777391
C            1.71404977541564        0.09294180003196       -0.49745021218432
C            0.94967540083767        0.31321478100108        0.80685427406302
C           -0.43667491696704        0.90839896658809        0.57043184155137
C           -1.42770864462404       -0.06194565968850       -0.01988956722437
O           -1.18106048270345       -1.23855745441209       -0.19997325433449
C           -2.77196459173756        0.52601546294479       -0.35351313483932
H            3.04967931105388       -1.41620544201361        0.27722199912898
H            3.63626121410451       -0.61715132493329       -1.18204701314428
H            3.68905184124521        0.22636495115139        0.36797714279261
H            1.15401456377290       -0.60397300050861       -1.12466699603605
H            1.79432770516075        1.04071756388103       -1.03574600887780
H            1.52353376336867        0.98232204382819        1.45073864762991
H            0.84082298229106       -0.64429637621550        1.32103649653194
H           -0.86479254094029        1.25455362239680        1.51466755135378
H           -0.37131297581122        1.77412238367487       -0.09187387403916
H           -2.99920745804138        0.32297307263773       -1.39816162352041
H           -3.53131500076349        0.02068432229639        0.24064557574927
H           -2.80628505134138        1.59317052333329       -0.16509212984019
19
 energy: -23.031420426913 gnorm: 0.000252182545 xtb: 6.7.1 (edcfbbe)
C            3.11004024777498       -0.46270185103242       -0.24345124648519
C            1.71394205125529        0.09262311524026       -0.49746943741679
C            0.94975850460423        0.31328124516290        0.80687822914443
C           -0.43664604829848        0.90845843915289        0.57046599128872
C           -1.42781445939099       -0.06200189454456       -0.01938886864688
O           -1.18133867670581       -1.23877910949190       -0.19887760268463
C           -2.77196593139820        0.52602338936046       -0.35351307310857
H            3.04989594478090       -1.41568574927124        0.27743656844541
H            3.63626167921068       -0.61751585702056       -1.18209437304511
H            3.68905632871809        0.22668019181595        0.36731451475005
H            1.15395202889138       -0.60447082655074       -1.12434608887311
H            1.79399874886714        1.04011254424305       -1.03608756372823
H            1.52368252190326        0.98256329386062        1.45048550066530
H            0.84101958512794       -0.64403577625361        1.32140619938917
H           -0.86469021986017        1.25484566741781        1.51464751720190
H           -0.37145231879083        1.77400872591448       -0.09206366639303
H           -2.99774007576033        0.32503606679370       -1.39863625337351
H           -3.53187756486485        0.01948163478359        0.23845854760229
H           -2.80699316301075        1.59261367986506       -0.16329148774564
19
 energy: -23.031424125899 gnorm: 0.000521356328 xtb: 6.7.1 (edcfbbe)
C            3.11038726053469       -0.46148488894443       -0.24411135098224
C            1.71269029907018        0.08956517878332       -0.49783974728978
C            0.95006437119415        0.31351841182885        0.80683647941753
C           -0.43648169719573        0.90863555061989        0.57082077339490
C           -1.42858243563842       -0.06239769586148       -0.01631507760817
O           -1.18346635419190       -1.23997775637746       -0.19262306410451
C           -2.77168054132155        0.52656527687092       -0.35333430131827
H            3.05306353146430       -1.41140107175442        0.28179520463366
H            3.63492610906737       -0.62045001058674       -1.18288272637177
H            3.68918698137783        0.23207011806814        0.36142236180877
H            1.15327080910071       -0.61089116889729       -1.12107203981810
H            1.78996988490561        1.03496605394170       -1.04003787030190
H            1.52481523185753        0.98432110191612        1.44804924576034
H            0.84183346326178       -0.64241361261390        1.32398218117806
H           -0.86347829938362        1.25642785589730        1.51497908762251
H           -0.37196527478009        1.77325001272644       -0.09300620013681
H           -2.98630767379314        0.34093268236585       -1.40335950020405
H           -3.53591122532405        0.00931866566085        0.22297404735321
H           -2.81124525715218        1.58998222580206       -0.14840409604680
19
 energy: -23.031430278201 gnorm: 0.000679731866 xtb: 6.7.1 (edcfbbe)
C            3.11127854729014       -0.45910267456248       -0.24480777263920
C            1.71046181907940        0.08411760449177       -0.49852662444102
C            0.95049741988601        0.31352728141279        0.80679686934874
C           -0.43624185961711        0.90859458328562        0.57160412565494
C           -1.42965392455689       -0.06263708505157       -0.01283771439357
O           -1.18622358675119       -1.24105613049925       -0.18610763732325
C           -2.77134373533768        0.52787719143694       -0.35305074093536
H            3.05958676866768       -1.40398966719353        0.29065818909892
H            3.63291591596562       -0.62536301058235       -1.18396166900110
H            3.68974882679647        0.24255413699805        0.35165657467757
H            1.15229769152056       -0.62270712730280       -1.11564889094091
H            1.78234765999743        1.02618475251873       -1.04721528133442
H            1.52682826351660        0.98655453697730        1.44428293023353
H            0.84294276181655       -0.64033267023935        1.32789604127262
H           -0.86181269275156        1.25746801479642        1.51603054666747
H           -0.37262886917531        1.77249141700098       -0.09325553849092
H           -2.97101170638055        0.36422122152698       -1.41030713482959
H           -3.54157640726624       -0.00491962423234        0.20156089463608
H           -2.81732370964643        1.58705417866381       -0.12689376027395
19
 energy: -23.031439496289 gnorm: 0.001208476622 xtb: 6.7.1 (edcfbbe)
C            3.11171810677376       -0.45746634838230       -0.24572466406581
C            1.70852572361430        0.07977263474630       -0.49925126705616
C            0.95098988688570        0.31400877979344        0.80663635679651
C           -0.43603373801735        0.90878079339038        0.57236368359103
C           -1.43082197939846       -0.06324539906418       -0.00827696791306
O           -1.18939730472494       -1.24282705643679       -0.17661569320302
C           -2.77076316988310        0.52869573848051       -0.35298085679333
H            3.06457803548379       -1.39812252507710        0.29765977260381
H            3.63076101120518       -0.62978913597684       -1.18527588626628
H            3.69000358723132        0.25091792165455        0.34301604726686
H            1.15107084233131       -0.63241057576173       -1.11088362323562
H            1.77601523185595        1.01894746210121       -1.05348020420721
H            1.52869202329395        0.98918640221669        1.44060498665234
H            0.84418371808885       -0.63793947273087        1.33138906275300
H           -0.85992111117650        1.25933720610971        1.51696127957013
H           -0.37354930800394        1.77151351402437       -0.09409906002747
H           -2.95409848132370        0.38748232166271       -1.41713121553726
H           -3.54720074487745       -0.01946744713031        0.17851659340288
H           -2.82366314630520        1.58316211582600       -0.10555493734478
19
 energy: -23.031444768613 gnorm: 0.000392279414 xtb: 6.7.1 (edcfbbe)
C            3.11087773023654       -0.45841838252863       -0.24609249655789
C            1.70828900070069        0.08071766483658       -0.49936282167480
C            0.95107569177811        0.31506964552500        0.80661763037124
C           -0.43614846528953        0.90910838691602        0.57266142164539
C           -1.43096299137837       -0.06394428421497       -0.00630200157062
O           -1.18972897369123       -1.24370486091571       -0.17241186493250
C           -2.77003977203241        0.52801539891948       -0.35331748677314
H            3.06306237008055       -1.40051061760246        0.29543139720316
H            3.62992841171274       -0.62891017571035       -1.18600661508693
H            3.68959244136406        0.24849193124062        0.34456007627664
H            1.15005503067951       -0.63071653830891       -1.11153096668337
H            1.77667872113555        1.02045406627933       -1.05293026523787
H            1.52895478369550        0.99054941819893        1.44016294109995
H            0.84457845944068       -0.63690352298490        1.33142872376213
H           -0.85919555974219        1.26032783872693        1.51735310760283
H           -0.37405194098278        1.77125544783578       -0.09461779180608
H           -2.95012851739290        0.38885830853477       -1.41711203622547
H           -3.54707499351824       -0.02072394590139        0.17420473623994
H           -2.82467224374281        1.58152115059961       -0.10486228066602
19
 energy: -23.031452272332 gnorm: 0.000993394265 xtb: 6.7.1 (edcfbbe)
C            3.10930621761576       -0.46028758287817       -0.24729125329683
C            1.70798874349495        0.08265125539939       -0.49942735345502
C            0.95138427206923        0.31710222748368        0.80684592157869
C           -0.43624717723705        0.91013879524287        0.57324896524303
C           -1.43109363065942       -0.06492109331866       -0.00252052594187
O           -1.19057228434464       -1.24558413457400       -0.16246360212298
C           -2.76903568650755        0.52653424933678       -0.35416215073440
H            3.05924933400062       -1.40497229958870        0.28992174288662
H            3.62900389390679       -0.62726226436044       -1.18747682079265
H            3.68880031503272        0.24275926552811        0.34759731507132
H            1.14804993147728       -0.62663265702712       -1.11280674841082
H            1.77873229307623        1.02311933420716       -1.05171404994036
H            1.52943212947004        0.99313076454308        1.43965476955453
H            0.84570385128077       -0.63477194094296        1.33205127978253
H           -0.85822810757827        1.26295302846996        1.51778993755394
H           -0.37533023629228        1.77090237169077       -0.09591113920004
H           -2.94166161524068        0.39200876954104       -1.41919742068893
H           -3.54815330293452       -0.02511640210964        0.16579398190441
H           -2.82623975757651        1.57878524280259       -0.10205944200460
19
 energy: -23.031505015135 gnorm: 0.002621833381 xtb: 6.7.1 (edcfbbe)
C            3.09875290908760       -0.47313665903927       -0.25504935070433
C            1.70641935369873        0.09582450129995       -0.50092992261865
C            0.95464341123958        0.33114959320634        0.80768361543801
C           -0.43618193011845        0.91701128441729        0.57703360711436
C           -1.43299338886372       -0.07223904238110        0.02724944515779
O           -1.19717535808873       -1.25921292676816       -0.09135112053393
C           -2.76235793604593        0.51668241881721       -0.35996387911483
H            3.03327482668196       -1.43461666658831        0.25296648222855
H            3.62322500759890       -0.61686980674260       -1.19665059963443
H            3.68306545653578        0.20404344371148        0.36727688158642
H            1.13465434387224       -0.59904271425932       -1.12131543036173
H            1.79238418745038        1.04082600057489       -1.04459083691063
H            1.53335572454834        1.01106630505361        1.43572717361076
H            0.85427707441062       -0.61971708586196        1.33598573258670
H           -0.85043845345173        1.28125761397371        1.52061405637674
H           -0.38439513899897        1.76807350711102       -0.10537853133686
H           -2.88135089656994        0.41806722820019       -1.43649666994680
H           -3.55899567992866       -0.05866775720599        0.10354955226122
H           -2.83907433000454        1.56003769192673       -0.07848679821180
19
 energy: -23.031021785655 gnorm: 0.024035934180 xtb: 6.7.1 (edcfbbe)
C            3.07232771634886       -0.50503990949206       -0.27525340843624
C            1.70248097515807        0.12801073819384       -0.50460248198077
C            0.96318435042464        0.36610852221221        0.81015687441135
C           -0.43568062792862        0.93460559425971        0.58668713917248
C           -1.43680773357213       -0.08911096267571        0.10101533758938
O           -1.21423836698516       -1.29185171503385        0.09007316955243
C           -2.74509575071914        0.49179173152441       -0.37443920081985
H            2.96784588715130       -1.50495173859367        0.16218835201388
H            3.60879318732556       -0.59453080287878       -1.21918159521405
H            3.66848692260211        0.10832520901682        0.41144513663002
H            1.10113798928800       -0.53094668945250       -1.14088137058375
H            1.82609601166031        1.08288433828093       -1.02768400945233
H            1.54325579641704        1.05564967332207        1.42648794738053
H            0.87601113639845       -0.58192305430459        1.34653649344469
H           -0.83176241352806        1.32783683359927        1.52727928587577
H           -0.40691102852396        1.76106425287730       -0.12870723591132
H           -2.72690271105019        0.48949499475118       -1.48057872374123
H           -3.58600483145269       -0.14825306359469       -0.05884116927040
H           -2.87512732596094        1.51137297743380       -0.01382713367404
19
 energy: -23.031557904652 gnorm: 0.003184332019 xtb: 6.7.1 (edcfbbe)
C            3.08681665886089       -0.48676797784732       -0.26395840448860
C            1.70496433981654        0.11033365317545       -0.50210027849233
C            0.95853928196694        0.34526979630119        0.80948788202294
C           -0.43572938339380        0.92396233333551        0.58153674224285
C           -1.43387142722142       -0.07853960072171        0.05752028752579
O           -1.20343617545519       -1.27050913740876       -0.01741911893049
C           -2.75377789779016        0.50592589946468       -0.36780901994507
H            3.00378761228264       -1.46223753586598        0.21438722503245
H            3.61689941767869       -0.60926284204394       -1.20528575560969
H            3.67598057920083        0.16237471810053        0.38353319423934
H            1.12055454329446       -0.56751087078961       -1.12973071955329
H            1.80746959583868        1.05940994024455       -1.03578532790392
H            1.53708472702916        1.02855020367558        1.43387307686985
H            0.86343804748481       -0.60463273135451        1.34047847939538
H           -0.84379597331713        1.29925969832775        1.52350694233474
H           -0.39394861089027        1.76532179062831       -0.11332089869183
H           -2.82181012110432        0.44266275588313       -1.45339445482572
H           -3.56499858882300       -0.09295934812206        0.04011344561673
H           -2.85307744240490        1.53988618446293       -0.05775988985257
19
 energy: -23.031571537687 gnorm: 0.002424451773 xtb: 6.7.1 (edcfbbe)
C            3.08622940732890       -0.48720012585947       -0.26438344604955
C            1.70483738655128        0.11074708436146       -0.50220799395447
C            0.95868411814035        0.34576406956457        0.80956318235635
C           -0.43558550331582        0.92464672820548        0.58169022846971
C           -1.43326211721372       -0.07811316478098        0.05788516429183
O           -1.20403407611123       -1.27054584414256       -0.01240352335006
C           -2.75314021223785        0.50526005738839       -0.36798489157332
H            3.00198431531308       -1.46198745913395        0.21376388050156
H            3.61587378693553       -0.61064421572415       -1.20572360775743
H            3.67595946096697        0.16132409952881        0.38216755982838
H            1.11970645548663       -0.56644285499559       -1.12949094539014
H            1.80777717115759        1.05969797232962       -1.03552611969057
H            1.53723287105123        1.02892825351401        1.43403435285136
H            0.86358865337784       -0.60422519071294        1.34038763190130
H           -0.84367680347989        1.30018569540985        1.52362677337634
H           -0.39369376779066        1.76582034083716       -0.11316577420044
H           -2.81721752693498        0.44588340348110       -1.45389722482480
H           -3.56464017073374       -0.09688704100823        0.03496480760161
H           -2.85553426543806        1.53832512118316       -0.05542664740108
19
 energy: -23.031618719947 gnorm: 0.003267290230 xtb: 6.7.1 (edcfbbe)
C            3.08201048873194       -0.49059986845016       -0.26816824020895
C            1.70368258163725        0.11393522598042       -0.50344585396148
C            0.96024714334603        0.35007546463468        0.81001917983304
C           -0.43480869153190        0.92888161085813        0.58376673418669
C           -1.43252087508473       -0.07764942997270        0.06971479156656
O           -1.20834423467729       -1.27136817773812        0.02341901643197
C           -2.74873734212644        0.50053444582693       -0.37098989872011
H            2.99012766370346       -1.46169132301335        0.20908274626129
H            3.60937741721055       -0.61983818867956       -1.20955106021213
H            3.67569795755713        0.15370126508440        0.37371257255196
H            1.11411353832039       -0.55918012209919       -1.12889720887591
H            1.80992545756770        1.06198618737833       -1.03505589749580
H            1.53939088440733        1.03305128604200        1.43389839830671
H            0.86569227141807       -0.59975026567814        1.34112991645929
H           -0.84093934097644        1.30683817776273        1.52585938281557
H           -0.39533247822051        1.76802752150304       -0.11282323991499
H           -2.78239846698608        0.47045218516790       -1.46060293153673
H           -3.56446521941597       -0.12299592859205       -0.00587682964201
H           -2.87162957182704        1.52612686343041       -0.03731817085839
19
 energy: -23.031639707440 gnorm: 0.005212707355 xtb: 6.7.1 (edcfbbe)
C            3.07876107837366       -0.49305471333240       -0.27130722320839
C            1.70245230761892        0.11694338687178       -0.50440138388739
C            0.96170860429624        0.35306827289442        0.81081737150688
C           -0.43412966281372        0.93126256657517        0.58566915216066
C           -1.43256931792166       -0.07854154747388        0.08017124445501
O           -1.21230886015162       -1.27408281251651        0.05280162940680
C           -2.74503213878921        0.49738160041269       -0.37483466698316
H            2.98243216279170       -1.46295253581565        0.20544455466226
H            3.60423916495829       -0.62536748477544       -1.21336872458912
H            3.67597456701533        0.14840505213998        0.36853643557148
H            1.10987540305785       -0.55312462119423       -1.12943635006056
H            1.81073722411625        1.06501563295009       -1.03447119254861
H            1.54142006046072        1.03589594934408        1.43415391334801
H            0.86749109928380       -0.59649814901434        1.34230675371770
H           -0.83862583163136        1.31196325322542        1.52758381080959
H           -0.39735759539389        1.76818294901336       -0.11339754848570
H           -2.75822412033587        0.48832372408118       -1.46672666134858
H           -3.56407299030852       -0.13904760124237       -0.03648027824332
H           -2.88168197157347        1.51676400730235       -0.02518742929702
19
 energy: -23.031672382609 gnorm: 0.006393935486 xtb: 6.7.1 (edcfbbe)
C            3.07539014695949       -0.49503404307077       -0.27536283819748
C            1.70060369150336        0.12013428659408       -0.50537508487630
C            0.96325450826065        0.35572944873255        0.81200200207094
C           -0.43352556085842        0.93316036513931        0.58854805919394
C           -1.43361760311635       -0.08028164246492        0.09399661344503
O           -1.21839880182746       -1.27765631031572        0.08848966600836
C           -2.74020563596563        0.49422139968098       -0.38093659369032
H            2.97568725521631       -1.46312739244542        0.20419522358821
H            3.59713298114394       -0.63290004194543       -1.21908484040080
H            3.67786254099594        0.14553702698481        0.36027720986197
H            1.10508318703327       -0.54711391786855       -1.13014977212715
H            1.81011859921644        1.06863154831277       -1.03380303230211
H            1.54398592343357        1.03804265170684        1.43475659537810
H            0.86918970082049       -0.59360234600283        1.34371440564619
H           -0.83564163978698        1.31722738276135        1.53039117387255
H           -0.40047916737678        1.76734067805406       -0.11377889701737
H           -2.73108615414541        0.50944559561744       -1.47401293936294
H           -3.56240514661607       -0.15452601018688       -0.07300657916894
H           -2.89185964183692        1.50530825016203       -0.01298696493530
19
 energy: -23.031726763092 gnorm: 0.005728501689 xtb: 6.7.1 (edcfbbe)
C            3.07245951897012       -0.49542931483255       -0.28007356665825
C            1.69766683178428        0.12217005698382       -0.50611840076567
C            0.96423388812677        0.35691222390537        0.81359468486372
C           -0.43327438688388        0.93398710521351        0.59263011935968
C           -1.43591139452515       -0.08249108466136        0.10941531797927
O           -1.22709105987299       -1.28110085018023        0.12644940301224
C           -2.73439551167481        0.49197307671515       -0.38917399111431
H            2.97335350398926       -1.45968569997802        0.20991499468134
H            3.58701541275207       -0.64384224271528       -1.22691674898909
H            3.68226227790690        0.14968007494780        0.34597743955810
H            1.10021777808562       -0.54404995332464       -1.13043063771721
H            1.80631108678876        1.07140776358470       -1.03378083852897
H            1.54679565629759        1.03812914799006        1.43570872436098
H            0.86987324302754       -0.59238727233607        1.34512339312392
H           -0.83192047757202        1.32126031889758        1.53486729006725
H           -0.40424397548846        1.76552666109097       -0.11298188047208
H           -2.70269917301539        0.53277625292111       -1.48084336294653
H           -3.55816823294925       -0.16696714077771       -0.11315391735446
H           -2.90139580269350        1.49266780600150       -0.00233461547339
19
 energy: -23.031789548492 gnorm: 0.004902755978 xtb: 6.7.1 (edcfbbe)
C            3.06956810132225       -0.49479293086502       -0.28526501459203
C            1.69332384420774        0.12158158834720       -0.50654741163510
C            0.96398552662495        0.35764778611537        0.81491970860493
C           -0.43383384578080        0.93491711440019        0.59793541994161
C           -1.43900168412110       -0.08408549000401        0.12454400681436
O           -1.23753500467323       -1.28270751858567        0.16356730509504
C           -2.72825762785065        0.49030737080140       -0.39685243253418
H            2.97568489962210       -1.45250463319693        0.22217452047854
H            3.57383141435748       -0.65802794079470       -1.23581540228933
H            3.68753444186126        0.16005050056106        0.32556311266220
H            1.09423645849817       -0.54596844250338       -1.12902757752667
H            1.79989542108553        1.07098202922444       -1.03565506888472
H            1.54951034288695        1.03821885415760        1.43501702719034
H            0.86985717178611       -0.59162016174955        1.34670500680843
H           -0.82695604412231        1.32463016186750        1.54151285545421
H           -0.40810435077644        1.76423175862481       -0.11042317221654
H           -2.66633910342956        0.56078486076908       -1.48569316406663
H           -3.55299143231136       -0.18198886754217       -0.15987526574736
H           -2.91331934613366        1.47888088981850        0.01108895342945
19
 energy: -23.031860675575 gnorm: 0.003738321712 xtb: 6.7.1 (edcfbbe)
C            3.06768333143874       -0.49051146868922       -0.29075124296852
C            1.68665662662004        0.11641548421451       -0.50670865897032
C            0.96242754128896        0.35526187352310        0.81668310907441
C           -0.43490270489146        0.93438641670538        0.60472863626630
C           -1.44306021351257       -0.08542262617347        0.13720778364547
O           -1.25104933356420       -1.28412112958759        0.19856721331776
C           -2.72171769371937        0.49098741557410       -0.40504691775402
H            2.98731772752829       -1.43804136751656        0.24273210218441
H            3.55831328261329       -0.67316031002480       -1.24513590299963
H            3.69290053849778        0.18190635076334        0.29731034109385
H            1.08785663213787       -0.55711059532887       -1.12476211087556
H            1.78673919270067        1.06469088619144       -1.04109617324725
H            1.55215433812311        1.03557138529502        1.43330299322714
H            0.86904884163254       -0.59376579273391        1.34955030643837
H           -0.82140364699031        1.32497880467762        1.55035452007922
H           -0.41050719549640        1.76275784347241       -0.10475295183658
H           -2.62693266194170        0.59058049554360       -1.48640192920155
H           -3.54509494790775       -0.19132450300722       -0.20860228381184
H           -2.92534047150415        1.46645776654688        0.02069457332487
19
 energy: -23.031696070663 gnorm: 0.015794283557 xtb: 6.7.1 (edcfbbe)
C            3.06003002661345       -0.48815428366979       -0.30344950170314
C            1.67446653751476        0.11106345440815       -0.50843950546579
C            0.96206720106878        0.35781474568354        0.81966529185213
C           -0.43627745619210        0.93743950319926        0.61830658987312
C           -1.44982200365288       -0.08867670172785        0.17155350852716
O           -1.27613290479425       -1.28862986806469        0.28926802710447
C           -2.70736531207882        0.48694472180383       -0.42048861281201
H            2.99352633169497       -1.42035463418717        0.26200005399095
H            3.53054778311381       -0.69865246769786       -1.26260357306444
H            3.69746240171441        0.20312279177651        0.25233314086101
H            1.07095132218682       -0.56847880520048       -1.11693429177767
H            1.76764170120018        1.05626958615519       -1.05081320339750
H            1.55915492554957        1.04004514636394        1.42738662968768
H            0.87249469926761       -0.58933766809337        1.35724669533574
H           -0.80935559475186        1.33308615913582        1.56715579109610
H           -0.41796485058834        1.76106763117491       -0.09672087240264
H           -2.52625791481279        0.66232408021612       -1.49424582586089
H           -3.53528009341825       -0.23105908565203       -0.32826414317593
H           -2.95879761658169        1.43470262382175        0.05491720831815
19
 energy: -23.031960138107 gnorm: 0.003787661435 xtb: 6.7.1 (edcfbbe)
C            3.06452723099626       -0.48457899833453       -0.29868834518450
C            1.67598316935130        0.10632312573568       -0.50778201982277
C            0.96150132017286        0.35425984062506        0.81904347044277
C           -0.43649048775678        0.93435690250482        0.61608468812432
C           -1.44854235443322       -0.08685294509991        0.15633531990555
O           -1.26806671546094       -1.28426216172908        0.24555092138383
C           -2.71233894107236        0.49082129429685       -0.41509141406526
H            3.00109045478546       -1.41914380645586        0.25837807846850
H            3.54174836530052       -0.68640899258784       -1.25429452708370
H            3.69270363235725        0.20561790700444        0.26378546822038
H            1.07651355993239       -0.57866833778155       -1.11344200693095
H            1.76396431538528        1.04954736979892       -1.05379988025868
H            1.55729431605112        1.03782530088973        1.42646488180865
H            0.87226922305636       -0.59202771735558        1.35800449962639
H           -0.81391510905039        1.32521330593888        1.56478570545141
H           -0.41452666795557        1.76198113121944       -0.09420089816099
H           -2.56151429383161        0.63520521385310       -1.48501637770893
H           -3.53568848365813       -0.20775931813176       -0.28359729613205
H           -2.94542335111642        1.44908781505497        0.03535313890254
19
 energy: -23.031989845187 gnorm: 0.001701972578 xtb: 6.7.1 (edcfbbe)
C            3.06375896282415       -0.48291395524257       -0.30064379123930
C            1.67299409413347        0.10337158399383       -0.50788974655681
C            0.96198098187973        0.35405643826315        0.82044493562314
C           -0.43650297640329        0.93374129527307        0.61866586980561
C           -1.44887268855515       -0.08758279216028        0.15959036792008
O           -1.27181526296915       -1.28627848614409        0.25803579633052
C           -2.70929346507379        0.49124068429803       -0.41848629780844
H            3.00337499688719       -1.41688377326844        0.25514233265766
H            3.54077598188028       -0.68285821344845       -1.25621414898752
H            3.68930966860753        0.20851634490907        0.26059966271559
H            1.07377512179284       -0.58546764050721       -1.10880322786663
H            1.75637279570398        1.04438171191163       -1.05781226797739
H            1.55863861031213        1.03966430958058        1.42462991207841
H            0.87453560868836       -0.59061815112730        1.36237449577933
H           -0.81368208023874        1.32461161761141        1.56743072583129
H           -0.41494719460323        1.76130331160804       -0.09153723863277
H           -2.54919817952959        0.64399246643132       -1.48473785518626
H           -3.53214424389553       -0.20836157513077       -0.29865791173085
H           -2.94797154838783        1.44662175259476        0.03574179423085
19
 energy: -23.032056048427 gnorm: 0.004759750462 xtb: 6.7.1 (edcfbbe)
C            3.06007027425847       -0.47466304997647       -0.30947106380208
C            1.65639589615166        0.08426327273791       -0.50892341973918
C            0.96426547545716        0.35525330754760        0.82635866423350
C           -0.43763732293844        0.93170685988515        0.63434999928401
C           -1.45169578129184       -0.08897077947740        0.17790140974316
O           -1.28583405764062       -1.28619500653036        0.30090744721798
C           -2.69495151624401        0.49205047491793       -0.43280291591201
H            3.01829060063701       -1.40164307502279        0.25211634559759
H            3.53171807977882       -0.67489446245043       -1.26661532638302
H            3.67586604732590        0.23152843452952        0.23659637800662
H            1.05829538497752       -0.62894099424863       -1.08111594647505
H            1.71437468380980        1.01161087862774       -1.08405839203493
H            1.56730896585056        1.05286547650246        1.41064608101642
H            0.88656029631349       -0.57978711350041        1.38617405089262
H           -0.81083819610331        1.32010959507856        1.58561797326125
H           -0.42058660474675        1.76031540982299       -0.07416746549339
H           -2.47905463822211        0.69872931368718       -1.48169251672790
H           -3.51496548657546       -0.22148131709084       -0.38376029175772
H           -2.96649291774448        1.42867970440611        0.04981239605862
19
 energy: -23.032089538998 gnorm: 0.003254954159 xtb: 6.7.1 (edcfbbe)
C            3.05897200616825       -0.47028757588871       -0.31352679908862
C            1.64919890397777        0.07594961742303       -0.50824447128648
C            0.96416651330587        0.35436464762482        0.82903167929947
C           -0.43816705077447        0.93078594457288        0.64061849479881
C           -1.45268845388759       -0.08962186259270        0.18458954435643
O           -1.29283538935896       -1.28728139545859        0.31866487833579
C           -2.68834572462546        0.49364326391143       -0.44046483960671
H            3.02875289093913       -1.39363263513798        0.25778242080866
H            3.52526265494632       -0.67492086083705       -1.27367295175724
H            3.67391433393029        0.24728933646362        0.22208389810894
H            1.05249118888531       -0.64720750402641       -1.06968975239567
H            1.69594269366025        0.99859545869194       -1.09234357058881
H            1.57031080338457        1.05511960039425        1.40625157180008
H            0.88929030463047       -0.57755717271334        1.39408599636467
H           -0.80930107058737        1.31682884789063        1.59382656883733
H           -0.42238074620043        1.76108282344353       -0.06578173199889
H           -2.45657770065803        0.71910228167636       -1.48181957435504
H           -3.50627384485670       -0.22322094961889       -0.41526068022101
H           -2.97064312982588        1.42150506362704        0.05174272557477
19
 energy: -23.032115942210 gnorm: 0.002337672815 xtb: 6.7.1 (edcfbbe)
C            3.05759101878688       -0.46528449567074       -0.31784882060767
C            1.64033206697627        0.06393655595035       -0.50651562561951
C            0.96369919027186        0.35396163973861        0.83211252067588
C           -0.43875573609106        0.93068210468660        0.64766644469846
C           -1.45259821445964       -0.08858024780990        0.18799807553174
O           -1.29778257768597       -1.28551611102473        0.32608665170469
C           -2.68072508942474        0.49640846254953       -0.44904683578498
H            3.04414872324027       -1.38489528935567        0.26474550138104
H            3.51853653752280       -0.67381066927570       -1.28119956042314
H            3.66996567765596        0.26654317068552        0.20666293120276
H            1.04633083757693       -0.67258240235530       -1.05369932795379
H            1.67277785104351        0.97986514984023       -1.10228204931588
H            1.57396565401471        1.05887899983987        1.39959670781355
H            0.89166727712454       -0.57333482837721        1.40469190069557
H           -0.80759180151135        1.31029007332750        1.60476486981766
H           -0.42390162536471        1.76567179672893       -0.05335584357598
H           -2.43861328100908        0.73861663529958       -1.48121988006840
H           -3.49278818513000       -0.22422492006777       -0.44383094959660
H           -2.97516914048383        1.41391130473616        0.05254669641109
19
 energy: -23.032126989250 gnorm: 0.002151676147 xtb: 6.7.1 (edcfbbe)
C            3.05466104859945       -0.46280334833699       -0.32235569578137
C            1.63321783997948        0.05640334222836       -0.50581158105336
C            0.96420706882813        0.35532696377867        0.83467125107415
C           -0.43884176881518        0.93156950923109        0.65405654280546
C           -1.45252916764643       -0.08798030297611        0.19410738340273
O           -1.30280396393528       -1.28505069237321        0.34281365320951
C           -2.67392332747553        0.49686320515617       -0.45645243053269
H            3.05151109236700       -1.38048587453929        0.26370065239872
H            3.51282244327495       -0.67167032137087       -1.28664056702083
H            3.66473661520908        0.27471920850769        0.19707012873868
H            1.03983580100691       -0.68850207212250       -1.04254675366285
H            1.65676590266926        0.96713345457279       -1.11006205610431
H            1.57791435686830        1.06413156886574        1.39367914790031
H            0.89494418095769       -0.56798110468032        1.41406746514920
H           -0.80547632994030        1.30736935533289        1.61358888036329
H           -0.42562022117686        1.76902262657783       -0.04411573960026
H           -2.41502472850247        0.75825823829219       -1.48204202863988
H           -3.48234721941477       -0.23004258955752       -0.47563595620121
H           -2.98296043980006        1.40425576285926        0.05578111054120
19
 energy: -23.032137928308 gnorm: 0.001224312075 xtb: 6.7.1 (edcfbbe)
C            3.05211989697413       -0.46360543089076       -0.32409048460159
C            1.63082170237059        0.05432498538550       -0.50505298943647
C            0.96518791479495        0.35787302424616        0.83582532771517
C           -0.43833562653558        0.93345801844220        0.65682382223457
C           -1.45061852230455       -0.08631431355179        0.19418832834088
O           -1.30130966586464       -1.28342396468701        0.34475553891923
C           -2.67103737659253        0.49633386003566       -0.45941690842715
H            3.05048725606866       -1.38304954693538        0.25679866055875
H            3.51136385012966       -0.66795194032386       -1.28802298025574
H            3.66032566557764        0.27094547304081        0.19912591735408
H            1.03699588478855       -0.69221142560934       -1.03768787925751
H            1.65260092304700        0.96236000490919       -1.11210525015749
H            1.58026410831164        1.06872823976230        1.39030667445959
H            0.89722244442897       -0.56301808901760        1.41905155302355
H           -0.80520476409327        1.30553350810114        1.61763087144541
H           -0.42602889687436        1.77322676505348       -0.03863497908089
H           -2.41084546081211        0.76171080896514       -1.48310474148432
H           -3.47603510268803       -0.23360724169341       -0.48316429459282
H           -2.98688504767336        1.39922419421342        0.05464722022923
19
 energy: -23.032142433341 gnorm: 0.001419314764 xtb: 6.7.1 (edcfbbe)
C            3.04926645044140       -0.46427096897827       -0.32599323690488
C            1.62675479749373        0.05063123887538       -0.50436987800663
C            0.96661670205230        0.36071762843767        0.83788515121802
C           -0.43787573275088        0.93562826130760        0.66186343529893
C           -1.44792545460690       -0.08367417263363        0.19374296845657
O           -1.29848014009116       -1.27970061538393        0.34561612678421
C           -2.66663470672932        0.49601524931910       -0.46419562617798
H            3.05056717704757       -1.38282024071114        0.25585053573908
H            3.50555539161476       -0.66905440911098       -1.29114514215226
H            3.65767728625801        0.27198043338897        0.19434199163608
H            1.03128952288019       -0.69986598246582       -1.02954934046262
H            1.64418879949170        0.95480981454363       -1.11739806981937
H            1.58366012107885        1.07445269669729        1.38630283087762
H            0.90106689925892       -0.55710795421117        1.42624041358904
H           -0.80525773159859        1.30216078335544        1.62442379262466
H           -0.42685518813753        1.77874000230625       -0.02942001554488
H           -2.40210043613720        0.77133185328825       -1.48370862126973
H           -3.46494476365092       -0.24086670895857       -0.49881787818140
H           -2.99547981086159        1.39143002037979        0.05620396928203
19
 energy: -23.032145653537 gnorm: 0.000941105763 xtb: 6.7.1 (edcfbbe)
C            3.04814056617696       -0.46521945202388       -0.32711690688163
C            1.62564060437065        0.05099630117829       -0.50390437434968
C            0.96703926627729        0.36210932232948        0.83883125212236
C           -0.43806842282984        0.93615387736121        0.66395422794499
C           -1.44730477008624       -0.08388374714357        0.19496028874313
O           -1.29772464777900       -1.27979957421692        0.34831140983479
C           -2.66504269955574        0.49529851930840       -0.46614959691749
H            3.04903704727645       -1.38264328525473        0.25676639831155
H            3.50229499406833       -0.67214891076201       -1.29294441613433
H            3.65831059621162        0.27172420248535        0.19036218252770
H            1.02873014283863       -0.69911461242658       -1.02786179403014
H            1.64287831425836        0.95486323464116       -1.11738912354411
H            1.58419765290998        1.07659667700564        1.38603927089972
H            0.90298130821385       -0.55536065026351        1.42776591344977
H           -0.80547626330446        1.30095789446290        1.62717535541024
H           -0.42775435781591        1.78019198770816       -0.02612503407486
H           -2.39872872920893        0.77455258887896       -1.48440457606505
H           -3.46181446667343       -0.24261129731173       -0.50470851298211
H           -2.99624695229523        1.38787385348926        0.05431144272164
19
 energy: -23.032149180910 gnorm: 0.000342908071 xtb: 6.7.1 (edcfbbe)
C            3.04729631956113       -0.46651200415880       -0.32706580919307
C            1.62556164863134        0.05235111231230       -0.50402742842301
C            0.96694402390294        0.36347735969793        0.83873039276749
C           -0.43838393376656        0.93661251243224        0.66388789776435
C           -1.44690016375502       -0.08448426506069        0.19537400557610
O           -1.29551612917129       -1.28090792561630        0.34641011993386
C           -2.66489929691655        0.49450028140538       -0.46546278927525
H            3.04666158140918       -1.38351582805461        0.25778973877943
H            3.50098450780843       -0.67536523676937       -1.29269580883596
H            3.65898420970678        0.26980437938882        0.18954926779579
H            1.02801529566091       -0.69675585709276       -1.02907050984379
H            1.64471415285196        0.95693335091043       -1.11671302896511
H            1.58380887908646        1.07838083109110        1.38596844309355
H            0.90330102330254       -0.55411670684013        1.42756330471640
H           -0.80558006420362        1.30152024018109        1.62720306844330
H           -0.42857803313130        1.78042733602756       -0.02650637328818
H           -2.39700535076991        0.77637973465494       -1.48212875122150
H           -3.46043306589775       -0.24430057887787       -0.50781547291680
H           -2.99788642125631        1.38610819381461        0.05688314007888
19
 energy: -23.032153049726 gnorm: 0.000731080641 xtb: 6.7.1 (edcfbbe)
C            3.04589742174109       -0.46889479633647       -0.32683728479243
C            1.62586863973217        0.05494000655917       -0.50394065820673
C            0.96720182523897        0.36577831328129        0.83883918255600
C           -0.43871635058767        0.93719071131475        0.66377646869385
C           -1.44534228107967       -0.08517841523064        0.19407686273995
O           -1.29155485204946       -1.28174055287361        0.34262868389943
C           -2.66486408465738        0.49294760601005       -0.46448240910302
H            3.04192074932691       -1.38476368509216        0.25998872818592
H            3.49806088770968       -0.68173326589263       -1.29231307304335
H            3.66080282957600        0.26610290610421        0.18785292056924
H            1.02646320046441       -0.69161027907112       -1.03068155150297
H            1.64848113946907        0.96048692840142       -1.11524912639802
H            1.58350010318580        1.08143074036487        1.38584477004643
H            0.90458781855090       -0.55186309804369        1.42773362289255
H           -0.80660581790181        1.30234061063914        1.62676485338029
H           -0.42981320280347        1.78049496249429       -0.02720570346848
H           -2.39556869374357        0.78103267007075       -1.47883030017776
H           -3.45818895738083       -0.24770870477300       -0.51225458869348
H           -3.00104119173779        1.38128427151924        0.06216200940905
19
 energy: -23.032156815145 gnorm: 0.000623854628 xtb: 6.7.1 (edcfbbe)
C            3.04429693669707       -0.47200629983107       -0.32650382950978
C            1.62661856854264        0.05800249900237       -0.50387820486807
C            0.96776797196477        0.36854462360091        0.83883299536803
C           -0.43890412349818        0.93794455183170        0.66340489583175
C           -1.44407768733843       -0.08578058708219        0.19349854911414
O           -1.28701739993933       -1.28227636296313        0.33845492752264
C           -2.66484632277563        0.49116522101720       -0.46369032576476
H            3.03618250509622       -1.38633142653504        0.26267058774246
H            3.49454540715174       -0.68960726282836       -1.29181110110130
H            3.66318283940247        0.26128027290115        0.18580543143703
H            1.02472632052346       -0.68503989178835       -1.03267811595727
H            1.65337677793725        0.96468390085064       -1.11328572585683
H            1.58315261815797        1.08510929460006        1.38561035774930
H            0.90640678253142       -0.54899262923867        1.42801202712854
H           -0.80760101005045        1.30313607744882        1.62597133147040
H           -0.43097473240324        1.78100122879629       -0.02795319888686
H           -2.39487007890334        0.78832775786752       -1.47543444181184
H           -3.45481138430787       -0.25259464996911       -0.51799103932390
H           -3.00606480573520        1.37397061176509        0.06883828670282
19
 energy: -23.032159816645 gnorm: 0.000320511561 xtb: 6.7.1 (edcfbbe)
C            3.04287101360680       -0.47535158478402       -0.32595322434047
C            1.62772871362829        0.06094702092950       -0.50376207157345
C            0.96841714467751        0.37136610454852        0.83877975957713
C           -0.43883292510018        0.93911273239097        0.66248789131671
C           -1.44176353918351       -0.08610994328956        0.19071296661873
O           -1.28249000436260       -1.28231962964312        0.33441287082660
C           -2.66522684247517        0.48948844150989       -0.46280917986642
H            3.03055847166766       -1.38835980754479        0.26506073719768
H            3.49155062955990       -0.69715319250103       -1.29102853159549
H            3.66560420429709        0.25592691567367        0.18449576881867
H            1.02340592622096       -0.67855401934407       -1.03463042072036
H            1.65870623680808        0.96869464655130       -1.11126900072457
H            1.58273482479250        1.08873446604075        1.38561474803405
H            0.90787001348871       -0.54608779610065        1.42817242261313
H           -0.80898315510108        1.30373498699310        1.62467460445536
H           -0.43124451427097        1.78236048997004       -0.02868096754636
H           -2.39698048714605        0.79662389677416       -1.47216395494139
H           -3.45106775492309       -0.25830090885198       -0.52289785317372
H           -3.01176877313151        1.36578411012314        0.07665684201066
19
 energy: -23.032161374328 gnorm: 0.000182214851 xtb: 6.7.1 (edcfbbe)
C            3.04225181527110       -0.47766494991039       -0.32530683894923
C            1.62882828320803        0.06266267198715       -0.50396489836460
C            0.96895812122805        0.37336988748108        0.83823653703709
C           -0.43865277895768        0.94025236929566        0.66149628874720
C           -1.44081334311099       -0.08565609370117        0.18951515034402
O           -1.27956565445828       -1.28166039091192        0.33175332595860
C           -2.66600627968258        0.48830756094476       -0.46222173156894
H            3.02678403633803       -1.39040132587848        0.26598996484670
H            3.49058650658853       -0.70125458829429       -1.29011920032822
H            3.66708857377650        0.25179272148668        0.18516614720343
H            1.02296865155154       -0.67470052969009       -1.03594985455552
H            1.66270902657642        0.97083790043043       -1.11059548276394
H            1.58293450342262        1.09104917447455        1.38500408598037
H            0.90854575758074       -0.54389729192002        1.42793329927068
H           -0.80946995224979        1.30399487043817        1.62374953641115
H           -0.43162099778539        1.78382942097979       -0.02923609025768
H           -2.39920688047875        0.80323726623721       -1.46950492365484
H           -3.44839825906736       -0.26284351140990       -0.52689051248480
H           -3.01683194669738        1.35928176740661        0.08281860411499
19
 energy: -23.032162421169 gnorm: 0.000169105220 xtb: 6.7.1 (edcfbbe)
C            3.04189076905076       -0.47959354428742       -0.32448221404691
C            1.62977043735909        0.06365006807453       -0.50441062210613
C            0.96926080243112        0.37501610392595        0.83733753101175
C           -0.43850136151089        0.94144005284461        0.66021229274209
C           -1.43991700979561       -0.08525333089649        0.18830779633756
O           -1.27708423776913       -1.28116388811431        0.32968257278919
C           -2.66682953921601        0.48746353449961       -0.46134158499404
H            3.02385246203488       -1.39289324427509        0.26585025376750
H            3.49103539189607       -0.70308025238094       -1.28892424352796
H            3.66753206035184        0.24803186034846        0.18757137661086
H            1.02312463846600       -0.67238857655186       -1.03727355876679
H            1.66592729609594        0.97197071442106       -1.11063818132529
H            1.58287434125266        1.09303015752723        1.38405504797717
H            0.90877298886075       -0.54201231126696        1.42740884175121
H           -0.80960898664434        1.30459272401819        1.62259287149388
H           -0.43188394099689        1.78528778140750       -0.03016066266333
H           -2.40150134712172        0.80960057457819       -1.46668648103744
H           -3.44599075223441       -0.26668798579743       -0.53003022285021
H           -3.02163482945677        1.35352649137099        0.08880259382337
19
 energy: -23.032163317917 gnorm: 0.000146551627 xtb: 6.7.1 (edcfbbe)
C            3.04173801030085       -0.48150066566733       -0.32340820019175
C            1.63083289536812        0.06438593221506       -0.50501653705267
C            0.96964389146643        0.37673092270397        0.83615086876590
C           -0.43830389458968        0.94256782932543        0.65848464244532
C           -1.43927069294823       -0.08483499421121        0.18717160538178
O           -1.27491380858946       -1.28062741957483        0.32776552463911
C           -2.66808386829967        0.48659586320704       -0.46002009855208
H            3.02086525911968       -1.39631821548464        0.26450961217454
H            3.49274177407986       -0.70322495205654       -1.28739866806514
H            3.66736777871846        0.24378249232207        0.19201210913880
H            1.02352263049969       -0.67061661565211       -1.03855569788652
H            1.66925508752002        0.97267102162561       -1.11115949842092
H            1.58305554226726        1.09516741153839        1.38254882442117
H            0.90903954676040       -0.53990732765979        1.42682042880741
H           -0.80947220182159        1.30582725562216        1.62082278176562
H           -0.43209217498057        1.78626476412773       -0.03203718138203
H           -2.40391183254887        0.81691811759101       -1.46291206485538
H           -3.44384038782003       -0.27060820354416       -0.53381952944510
H           -3.02708437144934        1.34726371301794        0.09591448529841
19
 energy: -23.032163850063 gnorm: 0.000098895846 xtb: 6.7.1 (edcfbbe)
C            3.04193631400828       -0.48231545985179       -0.32267649251736
C            1.63144542694283        0.06429761249717       -0.50543879105205
C            0.96966550208900        0.37737427229726        0.83526230303690
C           -0.43824400340587        0.94312637512627        0.65714509237507
C           -1.43918020861711       -0.08476015938191        0.18684198455547
O           -1.27417191366313       -1.28052593188182        0.32718568114254
C           -2.66890783125135        0.48631075621270       -0.45889501998474
H            3.01978954325401       -1.39886479362442        0.26250277957459
H            3.49493451265743       -0.70121057727373       -1.28638668905518
H            3.66653571303191        0.24139817254069        0.19620145140494
H            1.02414921490674       -0.67056509967330       -1.03918600384284
H            1.67073941778089        0.97237588393914       -1.11184029654723
H            1.58285251840050        1.09621289462687        1.38138419998071
H            0.90906297243989       -0.53891134405433        1.42648559501990
H           -0.80928606624184        1.30732887581533        1.61918377981696
H           -0.43209900453658        1.78618323250553       -0.03417089988559
H           -2.40511998332606        0.82134861748939       -1.46021858528156
H           -3.44296265384915       -0.27220461719546       -0.53582956596442
H           -3.03005028756704        1.34393821933220        0.10032288421035
19
 energy: -23.032164088716 gnorm: 0.000069581725 xtb: 6.7.1 (edcfbbe)
C            3.04225226489649       -0.48202608186842       -0.32247593450355
C            1.63149925951428        0.06386965041160       -0.50548982504101
C            0.96964678022389        0.37712717833284        0.83512968954221
C           -0.43819524443748        0.94286546896851        0.65661872379636
C           -1.43953425132202       -0.08494993456202        0.18698176256773
O           -1.27484886889461       -1.28072699195793        0.32758073368461
C           -2.66923915017378        0.48650821850627       -0.45846783819166
H            3.02040320866874       -1.39945634457951        0.26133584718070
H            3.49615509794558       -0.69914185354361       -1.28616847929196
H            3.66589710438711        0.24142743286819        0.19791664446190
H            1.02454115190636       -0.67142636861587       -1.03907197209005
H            1.67044671833728        0.97181435786769       -1.11214757629156
H            1.58281188991310        1.09604861820309        1.38121077058423
H            0.90893932328901       -0.53907642555076        1.42645829140237
H           -0.80907955649160        1.30815198331999        1.61828764178461
H           -0.43178199363779        1.78527653222870       -0.03549022401788
H           -2.40520230702138        0.82180853566274       -1.45960832798638
H           -3.44354206599267       -0.27167869434912       -0.53573476174902
H           -3.03008017805715        1.34412164810341        0.10100824114483
19
 energy: -23.032164186572 gnorm: 0.000050881775 xtb: 6.7.1 (edcfbbe)
C            3.04266455340411       -0.48176341719169       -0.32236574718691
C            1.63166723542517        0.06350932521354       -0.50543047529479
C            0.96946532149806        0.37672403772030        0.83502278423791
C           -0.43820689483444        0.94273516811788        0.65613180338881
C           -1.43983191087936       -0.08508963337591        0.18712282119259
O           -1.27535911889174       -1.28087549537084        0.32787694178734
C           -2.66954034997788        0.48670429835347       -0.45805252286621
H            3.02111179634843       -1.39979526617135        0.26051436531226
H            3.49716051132910       -0.69761265660017       -1.28606922844361
H            3.66560565338719        0.24156859586076        0.19904576918174
H            1.02498379681630       -0.67206413785069       -1.03894938737798
H            1.67030867872274        0.97140293245418       -1.11220588967308
H            1.58253768232497        1.09566589842911        1.38116572359815
H            0.90866022523653       -0.53943916378197        1.42641213785375
H           -0.80908935785746        1.30907301075704        1.61739031619238
H           -0.43147358102660        1.78448755754790       -0.03680256436193
H           -2.40537252704366        0.82224427453012       -1.45913083841929
H           -3.44406260352794       -0.27127740197143       -0.53549569464213
H           -3.03013992740018        1.34433900277555        0.10169309250746
