----------------------------------------------- 
  Element       SASA      Sigma Z        Total  
     Z         Ang**2 cal/Ang**2/mol   kcal/mol 
----------------------------------------------- 
      H        141.349      48.690       6.882
      C         34.002     129.740       4.411
      O         33.376       0.000       0.000

 Subtotal:     208.727                  11.294
 -----------------------------------------------

  Elements    COT*SASA   Sigma Z,Z'     Total   
    Z,Z'       Ang**2  cal/Ang**2/mol kcal/mol  
 ---------------------------------------------- 
  H   C         95.013     -60.770      -5.774
  H   O          0.000       0.000       0.000
  C   C         20.966     -72.950      -1.529
  O   C         16.801      68.690       1.154
  O   O          0.000       0.000       0.000

 Subtotal:                              -6.149
 ---------------------------------------------- 

 NONAQUEOUS SOLVENT CONTRIBUTION (kcal/mol):
 (proportional to SASA, atomic number independent)
 ---------------------------------------------- 
 Subtotal:                               0.000
 ---------------------------------------------- 

 CDS TOTAL (kcal/mol):                   5.144
...............................................................................
