14
 energy: -1077.557130260514 gnorm: 0.003877102688 xtb: 6.7.1 (edcfbbe)
C            0.42680276256397        0.85870102683213        0.63484508086239
C           -0.42678250280050        0.85870338661942       -0.63483594926666
C           -1.32856193230726       -0.34088055982561       -0.81760876559227
Cl          -2.57870997143836       -0.46212790646817        0.54412338301370
C            1.32859288290503       -0.34087795230425        0.81761019353682
Cl           2.57876005849898       -0.46210084433112       -0.54410631042273
H           -0.22667226386396        0.88519076777767        1.51627484767254
H            1.02919514751423        1.77210501402831        0.65924376394521
H            0.22669331128267        0.88519745361636       -1.51626611019128
H           -1.02918001504565        1.77210362901352       -0.65922923072536
H           -1.91139095554534       -0.26604856709533       -1.73587652891627
H           -0.79263058638217       -1.29321309957208       -0.80379956822400
H            1.91140861537043       -0.26605568945215        1.73588732764511
H            0.79266756729134       -1.29321334887114        0.80378296107841
14
 energy: -1077.557164349498 gnorm: 0.001859188280 xtb: 6.7.1 (edcfbbe)
C            0.42780883922296        0.85921567114906        0.63341534181134
C           -0.42778535887673        0.85921638073728       -0.63340646042205
C           -1.32954043008884       -0.33949761908651       -0.81771754842524
Cl          -2.57784702150673       -0.47093205276007        0.54242746224510
C            1.32956949179066       -0.33949550451157        0.81772092323425
Cl           2.57788946213117       -0.47089985780203       -0.54241362273344
H           -0.22287414339973        0.88402033639190        1.51759856627885
H            1.02816265884042        1.77415323147107        0.65927269832222
H            0.22289749838853        0.88402845780896       -1.51758994363764
H           -1.02814411597357        1.77415061691508       -0.65925836793045
H           -1.91215182825946       -0.26325519234472       -1.73623229607716
H           -0.79272235254498       -1.28997909154389       -0.80892659461139
H            1.91217070874781       -0.26326113138095        1.73624282394265
H            0.79275851662259       -1.28998085726602        0.80891106294456
14
 energy: -1077.557180941447 gnorm: 0.001630788837 xtb: 6.7.1 (edcfbbe)
C            0.42905467315728        0.85959092017858        0.63130834006179
C           -0.42903291166017        0.85959243979903       -0.63129706018127
C           -1.32964977486915       -0.33862894845050       -0.81916284871211
Cl          -2.57066423329378       -0.48458235448740        0.54199099859747
C            1.32968001013952       -0.33862465377606        0.81916394984403
Cl           2.57070573765376       -0.48455726135698       -0.54198204489073
H           -0.21786495950594        0.88284588754193        1.51917633649465
H            1.02652495490735        1.77673217437517        0.65832716540649
H            0.21788577202851        0.88285765681434       -1.51916504340704
H           -1.02650802560337        1.77673105271637       -0.65831065892865
H           -1.91407613823918       -0.25603709234389       -1.73635249044860
H           -0.78931474077080       -1.28619851959763       -0.82265196099877
H            1.91409956014243       -0.25603962111869        1.73635847862315
H            0.78935153505683       -1.28619809678385        0.82263844376075
14
 energy: -1077.557188840154 gnorm: 0.000752842049 xtb: 6.7.1 (edcfbbe)
C            0.42836320147897        0.86043127676565        0.63186672702766
C           -0.42833947224796        0.86043297538175       -0.63185706671111
C           -1.32871213080134       -0.33843848137285       -0.81988514390587
Cl          -2.56633906115707       -0.49007990866651        0.54351104711850
C            1.32874169250552       -0.33843632894466        0.81988833695779
Cl           2.56637454294807       -0.49004997570477       -0.54350539867784
H           -0.21977604520121        0.88512807561498        1.51863048214012
H            1.02726744198254        1.77654957149804        0.65787250901239
H            0.21979919123828        0.88514052732973       -1.51862089568874
H           -1.02725004641063        1.77654738209064       -0.65785617983827
H           -1.91523166638550       -0.25403370698581       -1.73558557978911
H           -0.78687626788305       -1.28583435254929       -0.82683767667930
H            1.91525680064258       -0.25403690908079        1.73559211782089
H            0.78691301248303       -1.28583649462704        0.82682723335744
14
 energy: -1077.557200175164 gnorm: 0.001211467623 xtb: 6.7.1 (edcfbbe)
C            0.42773403709897        0.86325490309932        0.63268597412286
C           -0.42771259742110        0.86325633500263       -0.63267388906345
C           -1.32430772276737       -0.33917269449924       -0.82386939407139
Cl          -2.55013792898547       -0.50463522840026        0.54811549241053
C            1.32433867295456       -0.33916931361375        0.82386933355436
Cl           2.55017130399625       -0.50461321121394       -0.54811665043145
H           -0.22240391842850        0.89248864598503        1.51736688877299
H            1.03098304113587        1.77647389142539        0.65579630430334
H            0.22242527907498        0.89250240292702       -1.51735476002116
H           -1.03096864989871        1.77647066679340       -0.65577533147218
H           -1.91830803330900       -0.24987621519133       -1.73430141358221
H           -0.77782585038289       -1.28480932237345       -0.84185823943513
H            1.91833846813837       -0.24987653614036        1.73430221688282
H            0.77786422578596       -1.28481048324200        0.84185040530588
14
 energy: -1077.557207367378 gnorm: 0.001326958209 xtb: 6.7.1 (edcfbbe)
C            0.42782461737853        0.86600393648902        0.63268877522179
C           -0.42780228543737        0.86600755214702       -0.63267846850501
C           -1.31998980465377       -0.33941684662879       -0.82588039804783
Cl          -2.53876835250350       -0.52018554330094        0.55058996637808
C            1.32002119969348       -0.33941557450766        0.82588261304394
Cl           2.53879395852513       -0.52015988087279       -0.55059654038611
H           -0.22177321998048        0.89960518777545        1.51758421448576
H            1.03436273060035        1.77708868657135        0.65316570201374
H            0.22179574908503        0.89962275469695       -1.51757345096520
H           -1.03434873881711        1.77708679272059       -0.65314585359043
H           -1.91875531077811       -0.24734010805245       -1.73286901557069
H           -0.76896373915799       -1.28203472690269       -0.85290998412054
H            1.91879016494160       -0.24734032016030        1.73286933735875
H            0.76900254405054       -1.28203796445842        0.85290684661309
14
 energy: -1077.557217528408 gnorm: 0.000658803550 xtb: 6.7.1 (edcfbbe)
C            0.42933110372074        0.87130723610452        0.63174625183297
C           -0.42930902961490        0.87130962394516       -0.63173384837523
C           -1.31126284236452       -0.34027316383246       -0.83013409647710
Cl          -2.51832675665388       -0.54669751133798        0.55400708651357
C            1.31129406734868       -0.34027145784854        0.83013310537408
Cl           2.51834890363592       -0.54667540430779       -0.55401910364072
H           -0.21825115403783        0.91428878100862        1.51776245706039
H            1.04258149409992        1.77803705159653        0.64662546802379
H            0.21827300128726        0.91430823621560       -1.51774955428654
H           -1.04256845674453        1.77803345780025       -0.64660216145120
H           -1.91774499315763       -0.24603046712986       -1.73159658333582
H           -0.75173404644263       -1.27691049464175       -0.86916410450166
H            1.91778316158539       -0.24602808337706        1.73159073767137
H            0.75177357314708       -1.27691376260681        0.86916249218518
14
 energy: -1077.557221795891 gnorm: 0.000412409689 xtb: 6.7.1 (edcfbbe)
C            0.43078453534766        0.87419412256835        0.63069103901235
C           -0.43076377726445        0.87419984320720       -0.63068071394067
C           -1.30573463405551       -0.34138808964214       -0.83141795674627
Cl          -2.50914150453825       -0.55872332507561        0.55461885659186
C            1.30576772349357       -0.34138677515586        0.83141865258423
Cl           2.50916304517847       -0.55870052523585       -0.55463099226357
H           -0.21396232636744        0.92349567493623        1.51863446435830
H            1.04835135713931        1.77810697446442        0.64115788318573
H            0.21398283847039        0.92351805138743       -1.51862326800419
H           -1.04833971496850        1.77810668230707       -0.64113726304037
H           -1.91488361836122       -0.24785687452920       -1.73107356707641
H           -0.74057125618403       -1.27411125168581       -0.87536115297376
H            1.91492257176989       -0.24785615461883        1.73107022100351
H            0.74061199704312       -1.27411435178596        0.87535918604184
14
 energy: -1077.557221795891 gnorm: 0.000412409689 xtb: 6.7.1 (edcfbbe)
C            0.43078453534766        0.87419412256835        0.63069103901235
C           -0.43076377726445        0.87419984320720       -0.63068071394067
C           -1.30573463405551       -0.34138808964214       -0.83141795674627
Cl          -2.50914150453825       -0.55872332507561        0.55461885659186
C            1.30576772349357       -0.34138677515586        0.83141865258423
Cl           2.50916304517847       -0.55870052523585       -0.55463099226357
H           -0.21396232636744        0.92349567493623        1.51863446435830
H            1.04835135713931        1.77810697446442        0.64115788318573
H            0.21398283847039        0.92351805138743       -1.51862326800419
H           -1.04833971496850        1.77810668230707       -0.64113726304037
H           -1.91488361836122       -0.24785687452920       -1.73107356707641
H           -0.74057125618403       -1.27411125168581       -0.87536115297376
H            1.91492257176989       -0.24785615461883        1.73107022100351
H            0.74061199704312       -1.27411435178596        0.87535918604184
