26
 energy: -539.809670139487 gnorm: 0.030508754830 xtb: 6.7.1 (edcfbbe)
C           -4.51807639300208       -0.85309204547803        0.62268897407593
C           -3.07699899746350       -0.37934520166810        0.76446149203875
C           -2.39208722226000       -0.23096492680235       -0.59988802116583
C           -0.97628089163262        0.24293061890765       -0.43785109849402
C           -0.67245961719798        1.59252137960569       -0.43073053609087
C            0.63235151458021        2.01940483709485       -0.23918311800599
C            1.65326982443261        1.10643971709029       -0.04891492862168
C            1.35733469290147       -0.26922223081930       -0.05078704872251
C            0.04913913002177       -0.67872152230076       -0.24356781190793
O            2.42547639917479       -1.10363545408905        0.14274650596325
C            2.19378893737213       -2.49711312700654        0.15001657976648
O            2.95254993540835        1.47868967635525        0.14109960666252
H           -4.55463254811828       -1.81932326840619        0.12468506515525
H           -4.98431329730868       -0.95157936412167        1.59981950830892
H           -5.09605218955820       -0.14324586846348        0.03542049391570
H           -2.51314083551364       -1.09103494448347        1.37122377450763
H           -3.05432042315345        0.58318726895843        1.27967993266706
H           -2.95358991790881        0.48449985491469       -1.20308306003312
H           -2.40623577376627       -1.19494014542951       -1.11177935359266
H           -1.45346389174407        2.32245925302914       -0.57825658845624
H            0.85852208868043        3.07561015396288       -0.23897547000590
H           -0.19259088778534       -1.72961532016644       -0.24867317081019
H            3.16997533890470       -2.94681815250581        0.31694188854045
H            1.79159689949390       -2.83637855405687       -0.80861837665832
H            1.51487731367128       -2.78121278413243        0.95885916522490
H            3.02475609724035        2.44512595288350        0.11933523805288
26
 energy: -539.810913787723 gnorm: 0.011272388052 xtb: 6.7.1 (edcfbbe)
C           -4.52980073385781       -0.85756407868603        0.62898784622423
C           -3.08650744561375       -0.38393781146210        0.76561706279986
C           -2.39214649088667       -0.23293585528273       -0.59461195636249
C           -0.97283184740503        0.24201009380562       -0.45280355058501
C           -0.67009194336065        1.59879630554318       -0.44114396654670
C            0.63905534409842        2.03055333827679       -0.23998970362418
C            1.66165951975058        1.11474289000462       -0.04813628363528
C            1.36794732519061       -0.26136520652435       -0.05060762216405
C            0.05873119796067       -0.68174564879635       -0.25056288047100
O            2.43965145375816       -1.09171229840604        0.14542129611565
C            2.19358942794141       -2.49567642055516        0.15028133650363
O            2.96927525701967        1.48001869195998        0.14529219814019
H           -4.57067752073040       -1.82845274407168        0.12706052371054
H           -5.00679899101496       -0.95934437920278        1.60695226708245
H           -5.11407469162718       -0.14695060187379        0.03742053953967
H           -2.51537068676773       -1.09268038707305        1.37607882638080
H           -3.05603844897403        0.58101154515018        1.28428282086208
H           -2.95799031166363        0.48054663952678       -1.20297896885497
H           -2.41213004935146       -1.19830077368179       -1.11163381354863
H           -1.45705165609308        2.33085801965103       -0.58762416473148
H            0.87211900936635        3.09077367482791       -0.23747248624443
H           -0.17866964008451       -1.73916146871317       -0.25320152983427
H            3.16377969364607       -2.96436599377345        0.31773195588926
H            1.78805349087603       -2.83529157772493       -0.80996420181670
H            1.50932147685139       -2.77990662011869        0.95827187988464
H            3.03639280574594        2.44470565409880        0.12400193374280
26
 energy: -539.811085587309 gnorm: 0.004001092592 xtb: 6.7.1 (edcfbbe)
C           -4.53231393517175       -0.85989893632199        0.62926128846464
C           -3.08920951609536       -0.38602862667330        0.76851713980812
C           -2.39378701602083       -0.23422981951455       -0.59261540317382
C           -0.97278360609433        0.24169571301859       -0.45205677953814
C           -0.66837046198382        1.60134592511801       -0.44438380951260
C            0.64303231514852        2.03571483713476       -0.24319089365851
C            1.66495670999582        1.11795317615184       -0.04914684817424
C            1.37308901130302       -0.25841386574419       -0.05229891335545
C            0.06282766513582       -0.68306446249602       -0.25233736966059
O            2.44727809115035       -1.08748873452746        0.14550860980711
C            2.19191684080706       -2.49659426596161        0.15011503597759
O            2.97825134704994        1.47948601132757        0.14806686524751
H           -4.57796294619623       -1.83297689395541        0.12678429361446
H           -5.01377905967045       -0.96325411856896        1.60724023335845
H           -5.12191703892390       -0.15026745439054        0.03735308128462
H           -2.51785221532173       -1.09435587496180        1.38240620098143
H           -3.05817298096532        0.57885797676476        1.29091038176328
H           -2.96104229980353        0.47803779466198       -1.20436155989054
H           -2.41563470806269       -1.19987156479059       -1.11298429461395
H           -1.45683707949893        2.33394555210989       -0.59402753621075
H            0.88080349102449        3.09698781410036       -0.23954931716252
H           -0.17146616594709       -1.74250265573931       -0.25508395786578
H            3.15940516101005       -2.97262956224000        0.31849688856877
H            1.78443400793884       -2.82934970620735       -0.81231387837420
H            1.50375635250713       -2.77264408831176        0.95837169922037
H            3.04077398238642        2.44417014372934        0.12798756280709
26
 energy: -539.811102291316 gnorm: 0.001718948941 xtb: 6.7.1 (edcfbbe)
C           -4.53345010343739       -0.86140539547019        0.62937628031436
C           -3.09087319464560       -0.38720780293247        0.76888287540367
C           -2.39318332545984       -0.23375729656498       -0.59113928606031
C           -0.97174810792450        0.24244003840768       -0.45093093700602
C           -0.66667292816528        1.60202195039006       -0.44499082891766
C            0.64485465394374        2.03671506337799       -0.24507219973812
C            1.66576203342858        1.11838062250010       -0.05007382988455
C            1.37443739700845       -0.25790483921967       -0.05272075479937
C            0.06395280948961       -0.68251609523657       -0.25175053705904
O            2.44920522659531       -1.08710677610000        0.14492920340950
C            2.19040859493600       -2.49763005868542        0.14977641698996
O            2.98064319587347        1.47973292305865        0.14862984314730
H           -4.57907534311314       -1.83432493881883        0.12671058937536
H           -5.01552782821499       -0.96541090884425        1.60700730152191
H           -5.12351064302097       -0.15203183229127        0.03772013032048
H           -2.52016587112659       -1.09579970941939        1.38307700563985
H           -3.06087519079000        0.57705839090843        1.29244980409583
H           -2.96069548478396        0.47824859420510       -1.20292032526130
H           -2.41477962585182       -1.19917657998393       -1.11197065923875
H           -1.45490268167826        2.33441492741984       -0.59600619672112
H            0.88393769378164        3.09755807726075       -0.24262409982117
H           -0.16993245626991       -1.74168112100655       -0.25496842706035
H            3.15699674491601       -2.97444224256200        0.31877705286487
H            1.78273097458501       -2.82712696778969       -0.81314279425853
H            1.50120744521983       -2.76922464978550        0.95801769586536
H            3.04065229387170        2.44480056555986        0.12962479728663
26
 energy: -539.811107609087 gnorm: 0.000925784030 xtb: 6.7.1 (edcfbbe)
C           -4.53321594977347       -0.86353438664966        0.62797480054370
C           -3.09144748500898       -0.38831672977680        0.77018193239407
C           -2.39260976856082       -0.23254749196861       -0.58917728183711
C           -0.97104227201620        0.24394667931086       -0.44822041584960
C           -0.66506329032966        1.60291870074524       -0.44504363058621
C            0.64654982324641        2.03728025337395       -0.24733264953811
C            1.66608516752243        1.11840354097195       -0.05109748212242
C            1.37490444189012       -0.25766863194115       -0.05265711135927
C            0.06405571210739       -0.68122237140825       -0.24960452443061
O            2.44984419157221       -1.08729501556634        0.14392157016333
C            2.18794357807738       -2.49901004725081        0.14937475615993
O            2.98234618420285        1.48039274944873        0.14762153150598
H           -4.57781137852571       -1.83591566769024        0.12497332971086
H           -5.01528594036464       -0.96856884742241        1.60515144207306
H           -5.12348078813915       -0.15437856177880        0.03696116456105
H           -2.52159300292186       -1.09764298336875        1.38388085965537
H           -3.06355922340698        0.57496988736436        1.29512817643939
H           -2.95979749051600        0.47982389588495       -1.20031000586343
H           -2.41275003613433       -1.19731979938391       -1.11074995694164
H           -1.45262071269740        2.33518650737495       -0.59734635983879
H            0.88682516292603        3.09743186707749       -0.24765702038129
H           -0.17031626461899       -1.73976491121028       -0.25269584677669
H            3.15370350300231       -2.97602479020455        0.31925412827001
H            1.78039607658189       -2.82597495287634       -0.81374021392724
H            1.49788830454275       -2.76642988700917        0.95738615779033
H            3.03944830388047        2.44588436625126        0.13048963715294
26
 energy: -539.811108984169 gnorm: 0.000366813819 xtb: 6.7.1 (edcfbbe)
C           -4.53282963911380       -0.86424006189445        0.62782476655840
C           -3.09108757242139       -0.38850165251959        0.77025890720975
C           -2.39252726034735       -0.23191448246424       -0.58900155136278
C           -0.97108672759474        0.24450600789547       -0.44814813372329
C           -0.66507852851339        1.60342563999128       -0.44508664156173
C            0.64670996552695        2.03732997953871       -0.24748100183307
C            1.66627531415595        1.11838169851637       -0.05128352099905
C            1.37470444436051       -0.25762041667909       -0.05229627362063
C            0.06372434627206       -0.68080597587964       -0.24909002553622
O            2.44918237394051       -1.08753480848686        0.14409714542051
C            2.18744158522591       -2.49888384017052        0.14962007368054
O            2.98228040474470        1.48042779247152        0.14649912450042
H           -4.57648909597487       -1.83637759066789        0.12421314364337
H           -5.01531104146187       -0.96990931956789        1.60476564770561
H           -5.12282307687335       -0.15491794773560        0.03670018095378
H           -2.52086354246687       -1.09792297728384        1.38349479146616
H           -3.06344982687217        0.57461528517675        1.29552802238300
H           -2.95984867349159        0.48085666347439       -1.19953559719343
H           -2.41265925383746       -1.19643924236613       -1.11101545979404
H           -1.45257010353661        2.33589664100970       -0.59725474576227
H            0.88689006599553        3.09755817416497       -0.24811587061891
H           -0.17126908338917       -1.73936797951742       -0.25144465375266
H            3.15317520559965       -2.97620853815399        0.31961308337026
H            1.77996712056405       -2.82655422780175       -0.81346829832750
H            1.49729499980423       -2.76698998787047        0.95749400253078
H            3.03964458479499        2.44581436536989        0.12977953913635
26
 energy: -539.811108984169 gnorm: 0.000366813819 xtb: 6.7.1 (edcfbbe)
C           -4.53282963911380       -0.86424006189445        0.62782476655840
C           -3.09108757242139       -0.38850165251959        0.77025890720975
C           -2.39252726034735       -0.23191448246424       -0.58900155136278
C           -0.97108672759474        0.24450600789547       -0.44814813372329
C           -0.66507852851339        1.60342563999128       -0.44508664156173
C            0.64670996552695        2.03732997953871       -0.24748100183307
C            1.66627531415595        1.11838169851637       -0.05128352099905
C            1.37470444436051       -0.25762041667909       -0.05229627362063
C            0.06372434627206       -0.68080597587964       -0.24909002553622
O            2.44918237394051       -1.08753480848686        0.14409714542051
C            2.18744158522591       -2.49888384017052        0.14962007368054
O            2.98228040474470        1.48042779247152        0.14649912450042
H           -4.57648909597487       -1.83637759066789        0.12421314364337
H           -5.01531104146187       -0.96990931956789        1.60476564770561
H           -5.12282307687335       -0.15491794773560        0.03670018095378
H           -2.52086354246687       -1.09792297728384        1.38349479146616
H           -3.06344982687217        0.57461528517675        1.29552802238300
H           -2.95984867349159        0.48085666347439       -1.19953559719343
H           -2.41265925383746       -1.19643924236613       -1.11101545979404
H           -1.45257010353661        2.33589664100970       -0.59725474576227
H            0.88689006599553        3.09755817416497       -0.24811587061891
H           -0.17126908338917       -1.73936797951742       -0.25144465375266
H            3.15317520559965       -2.97620853815399        0.31961308337026
H            1.77996712056405       -2.82655422780175       -0.81346829832750
H            1.49729499980423       -2.76698998787047        0.95749400253078
H            3.03964458479499        2.44581436536989        0.12977953913635
