16
 energy: -308.775839198663 gnorm: 0.027960542902 xtb: 6.7.1 (edcfbbe)
C           -2.55776296223341       -0.65906233539205        0.17621187417808
O           -1.78358870729036        0.49461727801918       -0.09476705474199
C           -0.47522552041059        0.24143325130699       -0.55807371714730
C            0.47442567091023       -0.25395710721254        0.54843545214303
O            1.78653798549166       -0.49281786551838        0.08798112633899
C            2.55576467193253        0.66906612679648       -0.16093143057131
H           -2.55291898533127       -1.33909261059339       -0.68134268000192
H           -3.56819837038116       -0.29944446463269        0.35505934975734
H           -2.19752410357378       -1.18912679352693        1.06173703697048
H           -0.48787395791619       -0.49135666901773       -1.37709346721023
H           -0.12880263245708        1.20266889403293       -0.94440001071849
H            0.13468290495968       -1.22060751614088        0.92727444841090
H            0.47803280861183        0.47385983970998        1.37203635590799
H            2.19563368887294        1.21280776443743       -1.03812877026002
H            3.56849197598129        0.31759475204073       -0.34286171805193
H            2.54500466992776        1.33416345799120        0.70820209201382
16
 energy: -308.777069480376 gnorm: 0.012739127042 xtb: 6.7.1 (edcfbbe)
C           -2.55126302267153       -0.65524963556889        0.17897768269854
O           -1.77790117054498        0.51208851201742       -0.08990792757891
C           -0.46412724073639        0.24628570102175       -0.56273181055780
C            0.46324579142791       -0.25862920260974        0.55324799360701
O            1.78069957788930       -0.51017081793909        0.08268192536165
C            2.54932015884577        0.66519123696802       -0.16389456326858
H           -2.54832812185371       -1.33749830912409       -0.68205575631623
H           -3.57288294554515       -0.31712060672676        0.36260957225115
H           -2.19491139270965       -1.19656426048902        1.06374445788921
H           -0.48606506727961       -0.48954504153626       -1.38194825128447
H           -0.09724323112860        1.19860194858013       -0.95686699355720
H            0.10304162333305       -1.21653021880402        0.94001917284600
H            0.47612045269086        0.47220991006623        1.37715143202754
H            2.19312099864549        1.22030489867559       -1.04011258086652
H            3.57299013419042        0.33498197592690       -0.35038744566674
H            2.54086289728376        1.33239015341519        0.70881174476749
16
 energy: -308.777276679683 gnorm: 0.005145701580 xtb: 6.7.1 (edcfbbe)
C           -2.54731430316033       -0.65369400143406        0.17913472790790
O           -1.77825658223567        0.52307789364904       -0.08638557430580
C           -0.46031559300320        0.24643850977031       -0.56210271320043
C            0.45927383134685       -0.25858205989151        0.55280210142749
O            1.78079065261598       -0.52102118369926        0.07874904396722
C            2.54540110962466        0.66351504302170       -0.16416962726594
H           -2.53910256208082       -1.33281771074248       -0.68589824239719
H           -3.57401025004735       -0.32620801556764        0.36488320704903
H           -2.18776091896061       -1.19616539787261        1.06332349427543
H           -0.49126205665121       -0.49059989524111       -1.38038304129259
H           -0.08441578739221        1.19340026362186       -0.96203590624722
H            0.09014322600981       -1.21121750574634        0.94557219135824
H            0.48139926476671        0.47358778031742        1.37575444316142
H            2.18595764077268        1.22017559212668       -1.03953512441257
H            3.57390584442244        0.34363082523089       -0.35302768657531
H            2.53224612434115        1.32722619918518        0.71265714684991
16
 energy: -308.777305259252 gnorm: 0.001588149330 xtb: 6.7.1 (edcfbbe)
C           -2.54525344455452       -0.65345906227310        0.17890683583751
O           -1.77785724959006        0.52635836070010       -0.08505353962967
C           -0.45826842077341        0.24641178621565       -0.56214492786014
C            0.45712011479673       -0.25843166866314        0.55290336588939
O            1.78020523495245       -0.52424624759889        0.07717789843435
C            2.54336996098199        0.66318608053141       -0.16396655522096
H           -2.53373274885621       -1.32969387984342       -0.68784771956530
H           -3.57237873615545       -0.32837534282854        0.36506740663987
H           -2.18312840191083       -1.19495040284051        1.06222511339883
H           -0.49463875261479       -0.49158443097469       -1.37875666804776
H           -0.08240083666457        1.19198707609580       -0.96471932494113
H            0.08806777947371       -1.20966565217173        0.94846975208176
H            0.48488047693372        0.47482244455423        1.37414034053119
H            2.18113572598009        1.21929036905660       -1.03811607321674
H            3.57213290612958        0.34547655601628       -0.35372495500622
H            2.52742614074184        1.32362040436721        0.71477737649975
16
 energy: -308.777308464206 gnorm: 0.000626143969 xtb: 6.7.1 (edcfbbe)
C           -2.54502189658800       -0.65359141739472        0.17856874339406
O           -1.77837183763326        0.52699514182101       -0.08466078913938
C           -0.45796307600823        0.24580722078736       -0.56187147911986
C            0.45671825165996       -0.25770323350286        0.55259039649220
O            1.78054239488739       -0.52488668968368        0.07652590109290
C            2.54317498941958        0.66321819412304       -0.16358725439707
H           -2.53180611332091       -1.32809631942171       -0.68872042896294
H           -3.57147348967654       -0.32860588840563        0.36471996154942
H           -2.18127762487819       -1.19432430702745        1.06103858128554
H           -0.49659652599038       -0.49297868915636       -1.37695957415037
H           -0.08336487692837        1.19113620706119       -0.96521817727151
H            0.08892120096433       -1.20862490535241        0.94907394691156
H            0.48696590687711        0.47644946723571        1.37222916593015
H            2.17892247954745        1.21922047788854       -1.03631089816321
H            3.57104897975329        0.34538987146185       -0.35417055550648
H            2.52626103661435        1.32134128147687        0.71609076540330
16
 energy: -308.777308464206 gnorm: 0.000626143969 xtb: 6.7.1 (edcfbbe)
C           -2.54502189658800       -0.65359141739472        0.17856874339406
O           -1.77837183763326        0.52699514182101       -0.08466078913938
C           -0.45796307600823        0.24580722078736       -0.56187147911986
C            0.45671825165996       -0.25770323350286        0.55259039649220
O            1.78054239488739       -0.52488668968368        0.07652590109290
C            2.54317498941958        0.66321819412304       -0.16358725439707
H           -2.53180611332091       -1.32809631942171       -0.68872042896294
H           -3.57147348967654       -0.32860588840563        0.36471996154942
H           -2.18127762487819       -1.19432430702745        1.06103858128554
H           -0.49659652599038       -0.49297868915636       -1.37695957415037
H           -0.08336487692837        1.19113620706119       -0.96521817727151
H            0.08892120096433       -1.20862490535241        0.94907394691156
H            0.48696590687711        0.47644946723571        1.37222916593015
H            2.17892247954745        1.21922047788854       -1.03631089816321
H            3.57104897975329        0.34538987146185       -0.35417055550648
H            2.52626103661435        1.32134128147687        0.71609076540330
