19
 energy: -23.029870207442 gnorm: 0.033269231795 xtb: 6.7.1 (edcfbbe)
C            1.80073293955064       -0.33922740732044       -1.15607139694161
C            2.10206317051779        0.33448760675762        0.18031344631538
C            1.00575374436956        0.16353096587786        1.23604976094586
C           -0.33768678724956        0.75936217636837        0.81333959206278
C           -1.21387203348733       -0.12278873622412       -0.04255609712018
O           -1.15517768011124       -1.34802925422925        0.01092518947701
C           -2.19888657067191        0.57883036130855       -0.92864930477730
H            0.91488788061815        0.09090614252043       -1.63774865505516
H            2.63763231585431       -0.21567601368505       -1.85119351718877
H            1.62376514210774       -1.41274085273998       -1.02792330470107
H            2.27093745234993        1.40688275754912        0.01567300364674
H            3.03878377008731       -0.06862808321566        0.58425455340359
H            1.32874247627965        0.65317055443235        2.16071165852350
H            0.87388236382696       -0.89930027575617        1.47086884709138
H           -0.95843274321224        0.96386709304455        1.69966335715397
H           -0.20706462470635        1.72894853231260        0.31805752880032
H           -2.90780819447729       -0.12430715608460       -1.36873850288310
H           -2.72695202917937        1.35563346074727       -0.36497497128899
H           -1.64624939793800        1.09233945954843       -1.72505138673862
19
 energy: -23.030944747441 gnorm: 0.011963808925 xtb: 6.7.1 (edcfbbe)
C            1.79489798693515       -0.33737840674806       -1.15034754746187
C            2.09592232477509        0.34205123442000        0.17783128764737
C            0.99660025991300        0.16227676710769        1.22554795817705
C           -0.34130007216585        0.76962984478306        0.80883148255177
C           -1.20186831960268       -0.12867401734721       -0.04409547163234
O           -1.14166459166176       -1.34507669225688        0.01097634919700
C           -2.18647327293045        0.58178057001248       -0.92423533018542
H            0.91237262914635        0.09235768517933       -1.62327762536801
H            2.63478542181365       -0.21977144593691       -1.83494818003571
H            1.61192482909385       -1.40241759255386       -1.00896587003892
H            2.26077739507066        1.41086412887152        0.00858386431629
H            3.02487663768467       -0.07121057220276        0.58105065982057
H            1.32688200263393        0.64270468290422        2.15001590503411
H            0.85402425279366       -0.90185372176038        1.43613173771332
H           -0.94676310742297        0.96087406865517        1.70402742180306
H           -0.19588000577069        1.73193700080695        0.31176403093976
H           -2.88969663287238       -0.12367802605869       -1.35779695167577
H           -2.71889745509376        1.34558800167763       -0.35876196531217
H           -1.64546908781073        1.08725782165859       -1.72538195476432
19
 energy: -23.031106117688 gnorm: 0.002260276315 xtb: 6.7.1 (edcfbbe)
C            1.78925601243263       -0.33680146766483       -1.14894283776535
C            2.09333099233299        0.34652788787680        0.17713250552841
C            0.99512021772618        0.16285146000428        1.22463371079066
C           -0.34199517403599        0.77675158601126        0.80926261971144
C           -1.19748330175438       -0.13009816730985       -0.04113605732041
O           -1.13043593826554       -1.34186876865823        0.01163329194785
C           -2.18031136719130        0.58230940351180       -0.92538360891846
H            0.90903751853332        0.09354727424883       -1.61951557683181
H            2.62892913866740       -0.22711966615716       -1.83116219900599
H            1.60118929300599       -1.39747650448470       -0.99768308782888
H            2.25262618247681        1.41380627375309        0.00627950016605
H            3.02053686935597       -0.06598117655557        0.58051170370930
H            1.32883347113230        0.62886594354907        2.15395984761184
H            0.84478055278744       -0.90297839057660        1.41402927659856
H           -0.93991304508924        0.96375951295764        1.70678676634107
H           -0.19207838577189        1.73306431171572        0.30816167082714
H           -2.88040994238348       -0.12535723745178       -1.35924856023562
H           -2.71442829891251        1.33827034813276       -0.35678718295220
H           -1.64153360051796        1.08518870830938       -1.72558198164784
19
 energy: -23.031131986898 gnorm: 0.001604801670 xtb: 6.7.1 (edcfbbe)
C            1.78684300902061       -0.33687062238933       -1.14785346590732
C            2.09297953061132        0.34957961175800        0.17715824874058
C            0.99524053020169        0.16120545229393        1.22478163393976
C           -0.34161748374813        0.77943391080103        0.81076306265043
C           -1.19452635433301       -0.12984630258283       -0.04104686028691
O           -1.12661663917240       -1.34118396917684        0.01361264032549
C           -2.17867111479332        0.58200688417600       -0.92640110199334
H            0.90813085433524        0.09557924830150       -1.61930302871663
H            2.62667109216726       -0.23246936936311       -1.83034051311104
H            1.59475283687005       -1.39634791396045       -0.99246821154414
H            2.24841851243196        1.41703936485889        0.00503249503573
H            3.02180347074989       -0.05984749503824        0.57927210575822
H            1.32875599568897        0.61883539164910        2.15775915257592
H            0.84198461655058       -0.90552001574213        1.40512782977720
H           -0.93844917844361        0.96855054152815        1.70757177363009
H           -0.19018109346904        1.73317710523259        0.30660046355393
H           -2.87803924022173       -0.12693778431991       -1.36061065579276
H           -2.71300304212215        1.33649768647586       -0.35658769044368
H           -1.63942510779543        1.08437960670968       -1.72611807746574
19
 energy: -23.031145808827 gnorm: 0.001615825558 xtb: 6.7.1 (edcfbbe)
C            1.78453192752501       -0.33686740083298       -1.14643720242702
C            2.09202440285985        0.35421033360123        0.17692454670063
C            0.99603537831952        0.15784839554485        1.22504566463790
C           -0.34032502443650        0.78149713618457        0.81353190138929
C           -1.19513514249885       -0.12902537122870       -0.03670655299922
O           -1.12492758693654       -1.34067337586550        0.01840534155228
C           -2.17678935999266        0.58113152256053       -0.92799722850714
H            0.90920361809186        0.09982511235127       -1.62160799648623
H            2.62574520608100       -0.24237336836116       -1.82911243051107
H            1.58436973804890       -1.39447293151295       -0.98533377565690
H            2.23939265287800        1.42266258182208        0.00272483562953
H            3.02529766780884       -0.04766805687991        0.57658810152850
H            1.32874542456936        0.60272063522198        2.16396676773384
H            0.83993565079634       -0.91029469840681        1.39263307590026
H           -0.93515527479851        0.97721899597976        1.70961932673413
H           -0.18686914198786        1.73209108504858        0.30418557642010
H           -2.87375316271116       -0.12929349805006       -1.36491111464823
H           -2.71337820070560        1.33499502560278       -0.35916510757129
H           -1.63389757838223        1.08372920843234       -1.72540392869358
19
 energy: -23.031150705475 gnorm: 0.000523591941 xtb: 6.7.1 (edcfbbe)
C            1.78590869302475       -0.33661628022491       -1.14659816018325
C            2.09149771240319        0.35421054083585        0.17680523357538
C            0.99582997603159        0.15701115262014        1.22463272778426
C           -0.34001078491178        0.78016996938913        0.81314414971588
C           -1.19576086240064       -0.12899437887950       -0.03689497482716
O           -1.12920583785224       -1.34088028722033        0.02080367236542
C           -2.17724038190578        0.58101491782902       -0.92704604005526
H            0.91205786690444        0.10061069962517       -1.62405902083785
H            2.62851846527159       -0.24328676012939       -1.82778436874268
H            1.58432544001114       -1.39391841423790       -0.98629615404301
H            2.23739561928665        1.42300821311158        0.00288878058258
H            3.02555718312428       -0.04592761096445        0.57671771787027
H            1.32836386960924        0.60244598800379        2.16339058016153
H            0.84098017230795       -0.91122609166528        1.39283017484170
H           -0.93512114046767        0.97790594643645        1.70917242831809
H           -0.18593169877977        1.73096893053827        0.30356676739601
H           -2.87439704049571       -0.12887279230298       -1.36370845725070
H           -2.71389518150549        1.33644424531747       -0.35996069008013
H           -1.63382087512696        1.08319334312976       -1.72465456586532
19
 energy: -23.031152308691 gnorm: 0.000430508161 xtb: 6.7.1 (edcfbbe)
C            1.78746798760853       -0.33646423203721       -1.14700692609588
C            2.09119771883707        0.35463632815658        0.17626818608283
C            0.99542950939683        0.15628028289418        1.22356311959806
C           -0.34013034961703        0.77946072477791        0.81281736397819
C           -1.19834182897969       -0.12918267245109       -0.03466995293405
O           -1.13335085120924       -1.34111266318436        0.02390022576831
C           -2.17739001912834        0.58101276097488       -0.92631008263084
H            0.91566705197091        0.10183717745991       -1.62699087944090
H            2.63204548056181       -0.24489575236802       -1.82587430506546
H            1.58379160124749       -1.39327151690709       -0.98675647958970
H            2.23583934261485        1.42363686728671        0.00261029031054
H            3.02551454201504       -0.04434775060898        0.57671526836619
H            1.32826144272001        0.60184267982606        2.16226541146866
H            0.84120407283492       -0.91216178532989        1.39180222065289
H           -0.93440477604944        0.97802966811172        1.70944865756326
H           -0.18581858807875        1.73029684943663        0.30308088644677
H           -2.87419054418632       -0.12847661794143       -1.36368089197384
H           -2.71487082796713        1.33711980047557       -0.36089154278584
H           -1.63286977006274        1.08302118263983       -1.72334076899345
19
 energy: -23.031152881089 gnorm: 0.000194875515 xtb: 6.7.1 (edcfbbe)
C            1.78816366229318       -0.33636516716440       -1.14735370283170
C            2.09113950578688        0.35506086144581        0.17606970478174
C            0.99534861832624        0.15604659698238        1.22334441791754
C           -0.34026238635864        0.77962602018421        0.81293250000219
C           -1.19868540491955       -0.12919772912389       -0.03423117670096
O           -1.13489863533576       -1.34109913816707        0.02593839470538
C           -2.17752829785212        0.58096979933507       -0.92624139558411
H            0.91765293057792        0.10294294548213       -1.62873076706436
H            2.63380107212634       -0.24665096922041       -1.82514833596300
H            1.58268081285085       -1.39274977993839       -0.98645250383429
H            2.23501661489055        1.42411728290209        0.00236248725344
H            3.02560925685515       -0.04325565994779        0.57675555882311
H            1.32821036684072        0.60045140673866        2.16263112038152
H            0.84089179429073       -0.91258912331900        1.39030181143231
H           -0.93410958917821        0.97843262402542        1.70971108002947
H           -0.18588088399201        1.73010766266467        0.30278321537228
H           -2.87437007868957       -0.12847546751467       -1.36383532525270
H           -2.71509717597974        1.33703161831560       -0.36086681044174
H           -1.63263098800419        1.08285754753148       -1.72302047230035
19
 energy: -23.031153042298 gnorm: 0.000073400272 xtb: 6.7.1 (edcfbbe)
C            1.78856222393393       -0.33634877527128       -1.14753899075104
C            2.09139350366661        0.35519508127639        0.17599419737557
C            0.99536606315158        0.15602536251928        1.22306316212778
C           -0.34042958153795        0.77976239211616        0.81298266251503
C           -1.19911666600429       -0.12921520863829       -0.03387781013333
O           -1.13583554115254       -1.34111620978058        0.02717426037536
C           -2.17774794354696        0.58092655817390       -0.92635133886061
H            0.91894918157468        0.10379111886388       -1.62980572868567
H            2.63485208289540       -0.24768894812310       -1.82462238884105
H            1.58192989627644       -1.39250853303605       -0.98659710526683
H            2.23530931822511        1.42424302182627        0.00229001149749
H            3.02575325282780       -0.04314491279644        0.57690756641441
H            1.32819077824193        0.60014986874562        2.16242825201470
H            0.84080523956810       -0.91256611748646        1.38987296731675
H           -0.93394112632833        0.97830771102425        1.70999634042277
H           -0.18636491721984        1.73020936039785        0.30279715405706
H           -2.87448460323786       -0.12851469379679       -1.36427288970587
H           -2.71552068037950        1.33667826349681       -0.36071457292838
H           -1.63261928642556        1.08307599170048       -1.72277594821837
19
 energy: -23.031152945465 gnorm: 0.000242226848 xtb: 6.7.1 (edcfbbe)
C            1.78901233606701       -0.33630661578447       -1.14778302554209
C            2.09163570565126        0.35531974577785        0.17588774162062
C            0.99538780775770        0.15603381722438        1.22276191797072
C           -0.34060610297335        0.77992125449711        0.81303534885574
C           -1.19961899743669       -0.12924386933950       -0.03343727868024
O           -1.13693305413231       -1.34113343915521        0.02865104474040
C           -2.17796230798385        0.58085332337736       -0.92647898043825
H            0.92049679771882        0.10489548196841       -1.63108044100306
H            2.63609817505766       -0.24897716354133       -1.82401735244985
H            1.58090295136117       -1.39216887576485       -0.98675518715729
H            2.23564294882908        1.42434971537551        0.00219194145374
H            3.02585344796166       -0.04309449183061        0.57705205930242
H            1.32817542335964        0.59985882737374        2.16221678121322
H            0.84069180495415       -0.91251592180121        1.38938511785115
H           -0.93370288177378        0.97816287841742        1.71034521134560
H           -0.18689881138726        1.73034013309938        0.30281764115202
H           -2.87446471085983       -0.12861108952565       -1.36487283785846
H           -2.71609877235419        1.33616540207307       -0.36055669082268
H           -1.63256056528814        1.08341221877049       -1.72241321082794
19
 energy: -23.031153087093 gnorm: 0.000053138765 xtb: 6.7.1 (edcfbbe)
C            1.78861872047725       -0.33629447202640       -1.14767230373415
C            2.09139865993440        0.35510912116666        0.17594595233807
C            0.99539795451809        0.15616337042861        1.22306550822564
C           -0.34045721101908        0.77983151774796        0.81298024615689
C           -1.19921761732856       -0.12924422693576       -0.03375324268573
O           -1.13604426411416       -1.34112110622712        0.02756763230172
C           -2.17773592089452        0.58085853662554       -0.92643653305944
H            0.91936525660592        0.10434317910172       -1.63011210973459
H            2.63514625608049       -0.24813462716853       -1.82453951371492
H            1.58134607815066       -1.39232130255822       -0.98667652138899
H            2.23562801528460        1.42410866598722        0.00226675494949
H            3.02562448537107       -0.04349055287339        0.57689730900184
H            1.32822169394321        0.60038989035762        2.16239149089150
H            0.84075955727874       -0.91241614808595        1.38991431418953
H           -0.93383415023117        0.97814905863194        1.71011882542682
H           -0.18655068518448        1.73033800827378        0.30287501419479
H           -2.87418292335246       -0.12866062569299       -1.36467427151569
H           -2.71585805674236        1.33625136651453       -0.36065082109334
H           -1.63257465424888        1.08340167794468       -1.72255793002368
19
 energy: -23.031152982553 gnorm: 0.000198326484 xtb: 6.7.1 (edcfbbe)
C            1.78817936618424       -0.33628394141972       -1.14754309391843
C            2.09116920260510        0.35488773860456        0.17601364779743
C            0.99541156970607        0.15629829683786        1.22337688331508
C           -0.34030232855930        0.77974255869610        0.81292514004578
C           -1.19878584700140       -0.12924136506235       -0.03409219111612
O           -1.13508491838273       -1.34110694851574        0.02641307842397
C           -2.17749571706286        0.58086178073781       -0.92639870113519
H            0.91814811432692        0.10376333482556       -1.62907962484115
H            2.63411081725535       -0.24724561142422       -1.82508316375399
H            1.58179276706607       -1.39248789517096       -0.98659793786000
H            2.23564481534950        1.42385584370007        0.00235561803361
H            3.02540110440670       -0.04391902328150        0.57673735611072
H            1.32827826019948        0.60095720783695        2.16255752257139
H            0.84083699344127       -0.91230752010757        1.39048581816073
H           -0.93398401617385        0.97813581106274        1.70987716264490
H           -0.18619022115198        1.73034228520141        0.30293994855772
H           -2.87387181123406       -0.12872247371361       -1.36448720718298
H           -2.71561790477943        1.33632038469055       -0.36074398530050
H           -1.63258905166634        1.08341086771398       -1.72270646982721
19
 energy: -23.031153119387 gnorm: 0.000023825815 xtb: 6.7.1 (edcfbbe)
C            1.78835065353810       -0.33626032760035       -1.14761784081827
C            2.09141650874737        0.35503537513628        0.17596894288532
C            0.99542360247114        0.15621589550102        1.22309716246783
C           -0.34041641529141        0.77985260787457        0.81298924252805
C           -1.19906599599408       -0.12923795019680       -0.03381274652080
O           -1.13579846617718       -1.34110910129542        0.02743270266388
C           -2.17760394292706        0.58080042829344       -0.92647766874937
H            0.91910448833251        0.10449726991120       -1.62996367517280
H            2.63481138109157       -0.24816292741977       -1.82456949673697
H            1.58096426085362       -1.39226918124787       -0.98667990653086
H            2.23579456275500        1.42403075391789        0.00232646433436
H            3.02561995383468       -0.04372795680841        0.57684104263064
H            1.32829650044974        0.60058511418779        2.16234734485865
H            0.84079352376497       -0.91234986983077        1.39010791966386
H           -0.93387710748870        0.97818201774945        1.71008199090384
H           -0.18647453515871        1.73038321393848        0.30290976294908
H           -2.87377595424185       -0.12882157245309       -1.36494941304305
H           -2.71603640269023        1.33594732771745       -0.36066259946999
H           -1.63247542134072        1.08367021383679       -1.72241942811765
19
 energy: -23.031153148447 gnorm: 0.000033671114 xtb: 6.7.1 (edcfbbe)
C            1.78827554643698       -0.33622126425293       -1.14767446629360
C            2.09142369944433        0.35502138502712        0.17593679317102
C            0.99545596103302        0.15625914651059        1.22311097489005
C           -0.34040267392587        0.77989650177676        0.81302179342514
C           -1.19909415119346       -0.12924104863878       -0.03370840622479
O           -1.13591343149528       -1.34111351059540        0.02773759277607
C           -2.17753868221184        0.58072955497641       -0.92654914254537
H            0.91932639770454        0.10493677352272       -1.63019137107002
H            2.63488887072624       -0.24856672161717       -1.82448990375444
H            1.58036570683379       -1.39212556960637       -0.98671772084269
H            2.23592437368592        1.42400434880803        0.00232451236345
H            3.02558484045843       -0.04386067399200        0.57677988639085
H            1.32834422356759        0.60062816039725        2.16234199913554
H            0.84080471791852       -0.91228089890579        1.39017751739551
H           -0.93380282846534        0.97820888659587        1.71015539390836
H           -0.18651087754753        1.73041519510952        0.30292207187144
H           -2.87340240488445       -0.12897363006857       -1.36540249118418
H           -2.71635619237062        1.33555068431693       -0.36065017741012
H           -1.63232190118620        1.08399401184772       -1.72217505527645
