19
 energy: -23.028722599006 gnorm: 0.030620901250 xtb: 6.7.1 (edcfbbe)
C            3.08039731424520        0.40647598364168       -0.64015895111574
C            1.75810497291632        0.72286525339284        0.05358564064017
C            0.96595362950784       -0.54495995559481        0.37041653413917
C           -0.39576888213622       -0.30728225743548        1.06603378583230
C           -1.54873750700033       -0.18165334192002        0.10295718427731
O           -2.47370572763175       -0.99267271247616        0.12192580169967
C           -1.53061499961043        0.94016258072697       -0.89303935587534
H            2.90928983694198       -0.09715102821994       -1.59823226787908
H            3.65451097966371        1.31722983432087       -0.83834268229572
H            3.70013160250815       -0.25347148121416       -0.02243569372916
H            1.16848813174236        1.39722623892383       -0.57704133760929
H            1.94867483369925        1.26121832536396        0.99098999322289
H            1.57078019499414       -1.17080418386856        1.03644357651198
H            0.81539670566539       -1.13110887321412       -0.54587474576826
H           -0.62793905843225       -1.13367451835521        1.74245324172631
H           -0.33914313389730        0.61518945195245        1.65962745333139
H           -2.49612789112548        1.02019542628962       -1.39605356987624
H           -1.26830576549674        1.88607878178999       -0.40942023463787
H           -0.75499158110501        0.73894123234683       -1.64290050574644
19
 energy: -23.029513033522 gnorm: 0.009899071846 xtb: 6.7.1 (edcfbbe)
C            3.07156587127839        0.40282885936260       -0.63440678026451
C            1.75307189700839        0.72394715802195        0.05697109976885
C            0.96789901781291       -0.54857135175008        0.36714508580876
C           -0.38823146983213       -0.29736699260540        1.05625700497944
C           -1.54268392419123       -0.18567720728590        0.09443660340621
O           -2.46286045959365       -0.98807649564910        0.12348986451176
C           -1.52310655924296        0.94032082917614       -0.89166098100297
H            2.89654119367609       -0.09866193816697       -1.58615171583932
H            3.63533022135177        1.31387659608952       -0.82896975296440
H            3.68496185511971       -0.25144725858711       -0.01524623997227
H            1.17028070241106        1.39022109364609       -0.58162711247095
H            1.95426034184195        1.25700662476756        0.99109686415257
H            1.57299551659849       -1.16945925457088        1.03279101264813
H            0.80892178548251       -1.12539730494698       -0.54887729658476
H           -0.61416009278320       -1.12495850966903        1.73087346612366
H           -0.33002697788796        0.62138183825599        1.64640750480938
H           -2.48832661485260        1.01758953976557       -1.38557236830013
H           -1.27082171613551        1.87926795572721       -0.40287508848819
H           -0.75921693261320        0.73598057486941       -1.64314730347320
19
 energy: -23.029587638596 gnorm: 0.002063800786 xtb: 6.7.1 (edcfbbe)
C            3.07259567541287        0.40238510105492       -0.63376223331493
C            1.75243785388518        0.72447663573089        0.05580713195925
C            0.96499726082925       -0.54686804786800        0.36454442343087
C           -0.38792535779326       -0.29508247819964        1.05642530889139
C           -1.54615395524107       -0.18579233211232        0.09689602494606
O           -2.45946506003646       -0.99072119030238        0.12313240091211
C           -1.51932410763757        0.93966200366850       -0.89067784354822
H            2.89577868069567       -0.10014983108889       -1.58198854527387
H            3.63380894903667        1.31269860406208       -0.82772957666896
H            3.68124261861345       -0.25000509340455       -0.01206355681301
H            1.17163051147148        1.38791971275747       -0.58386994276206
H            1.95394512545597        1.25327674556018        0.98991436468095
H            1.57163721068712       -1.16786776914736        1.02603536649204
H            0.80396231867927       -1.11746509589093       -0.55273603159305
H           -0.61176106895070       -1.12228721633033        1.73232481422546
H           -0.32844608937494        0.62300602476807        1.64279014218589
H           -2.48285125599104        1.01658838960794       -1.38631971130797
H           -1.27279072654999        1.87540500660738       -0.39863584475304
H           -0.75692492774307        0.73362558697756       -1.63915282484088
19
 energy: -23.029599852581 gnorm: 0.000897870624 xtb: 6.7.1 (edcfbbe)
C            3.07343333940228        0.40178858615326       -0.63296008093160
C            1.75193528161017        0.72542781317911        0.05537991243876
C            0.96366107998888       -0.54651936547590        0.36250659242147
C           -0.38747483082878       -0.29393133704058        1.05731841694321
C           -1.54562417326897       -0.18919376056850        0.09551735754868
O           -2.45869868322394       -0.99385998849216        0.12341700955738
C           -1.51889581839289        0.93924456480405       -0.89011502932821
H            2.89699496698316       -0.10209317650733       -1.58039491758529
H            3.63426497783636        1.31201507272816       -0.82741950923936
H            3.68090242316851       -0.24957098241546       -0.00925451941936
H            1.17254973470114        1.38901144195516       -0.58491329141642
H            1.95258814939195        1.25326113032645        0.98983081708697
H            1.57053031204546       -1.16943931023493        1.02162447504201
H            0.80079837706432       -1.11457358151745       -0.55584080041846
H           -0.61061695779784       -1.11931665175309        1.73590088953068
H           -0.32808948427769        0.62602210348472        1.64022545900976
H           -2.48242844497766        1.01755190973088       -1.38647121866188
H           -1.27286804183679        1.87335539459694       -0.39528694649733
H           -0.75656855213887        0.73362489349726       -1.63813074923296
19
 energy: -23.029608958628 gnorm: 0.001605819007 xtb: 6.7.1 (edcfbbe)
C            3.07557278538794        0.40069588017016       -0.63073066695185
C            1.75189773135547        0.72653151935508        0.05477726209405
C            0.96119317790282       -0.54584165977768        0.35805455672906
C           -0.38694927161045       -0.29137656366880        1.05861726519399
C           -1.54746354076666       -0.19173809849694        0.09703777715171
O           -2.45690693087289       -1.00063018797292        0.12324624256653
C           -1.52001683583805        0.93798532996734       -0.88893077764370
H            2.90058328481503       -0.10617907089349       -1.57712302427711
H            3.63638809742713        1.31078280800947       -0.82683853428192
H            3.68176599618310       -0.24870231387843       -0.00331588815659
H            1.17550205217193        1.39161715868998       -0.58669779515200
H            1.95080683456397        1.25307423159405        0.99024925623231
H            1.56880931655248       -1.17449588061366        1.01121809482116
H            0.79354414289327       -1.10831290052283       -0.56309027278259
H           -0.60758028565950       -1.11354723250249        1.74206923004638
H           -0.32709433284308        0.63184258704648        1.63623628711574
H           -2.48257827355103        1.01691576691703       -1.38841847517367
H           -1.27582786508231        1.87082440360820       -0.39066789195765
H           -0.75525242758033        0.73335897942002       -1.63475877872579
19
 energy: -23.029614908096 gnorm: 0.000791069650 xtb: 6.7.1 (edcfbbe)
C            3.07760334235543        0.40003775028630       -0.62872563094006
C            1.75323183933597        0.72587658164723        0.05448343836275
C            0.95984548675689       -0.54498743783367        0.35547657536810
C           -0.38692235070675       -0.28945218566961        1.05857592946228
C           -1.54762685548071       -0.19280780082210        0.09748057379289
O           -2.45482336124888       -1.00429823683980        0.12281063326734
C           -1.52288131120938        0.93712142498815       -0.88778868279652
H            2.90406217651321       -0.10859197038036       -1.57455256128563
H            3.63867036099457        1.30989874061386       -0.82602999979655
H            3.68366062101489       -0.24813612154713        0.00020947102605
H            1.17844187426378        1.39234618663743       -0.58739727914060
H            1.95086770702473        1.25170851439185        0.99081364462644
H            1.56722196030810       -1.17754674779357        1.00522633632023
H            0.78918715027236       -1.10414100723791       -0.56726765240601
H           -0.60585790195158       -1.10942327412555        1.74497274130235
H           -0.32634585265507        0.63578358399150        1.63315838548700
H           -2.48491378807144        1.01444057277154       -1.38799077241021
H           -1.28026976293704        1.87049559321548       -0.38940607251355
H           -0.75675767913025        0.73448059015692       -1.63311521087825
19
 energy: -23.029620261529 gnorm: 0.000443384306 xtb: 6.7.1 (edcfbbe)
C            3.08056648640854        0.39790598283284       -0.62487121574553
C            1.75550994438484        0.72513139778369        0.05466634279309
C            0.95870369439277       -0.54419888103400        0.35065619725117
C           -0.38577872346491       -0.28518992197826        1.05744171792637
C           -1.54749898278431       -0.19363326495811        0.09844234359826
O           -2.44979138348802       -1.01068404399781        0.12210899103995
C           -1.52861333163618        0.93615938255809       -0.88606881783024
H            2.90974768147864       -0.11313960838580       -1.56988990893088
H            3.64154391931862        1.30750967360200       -0.82340944751688
H            3.68634127725283       -0.24814774161696        0.00645396339423
H            1.18344879784199        1.39408201002308       -0.58754836071015
H            1.95135474355373        1.24911269259247        0.99261078632476
H            1.56458409881301       -1.18306138451337        0.99556701039976
H            0.78344246305260       -1.09784752602476       -0.57458610251112
H           -0.60196568230461       -1.10170854156108        1.74844485710543
H           -0.32338950640593        0.64290348822756        1.62720716233076
H           -2.49040321057711        1.00818373618345       -1.38659688115921
H           -1.29063840115438        1.87127180597503       -0.38855572600325
H           -0.76077022923330        0.73815550074252       -1.63113904490846
19
 energy: -23.029617487725 gnorm: 0.001464343301 xtb: 6.7.1 (edcfbbe)
C            3.08368524674930        0.39571396118443       -0.62091252307717
C            1.75789224345487        0.72435345439932        0.05484017463785
C            0.95752340064512       -0.54337841998196        0.34571282486127
C           -0.38461509226779       -0.28079924523985        1.05628663211502
C           -1.54734930497752       -0.19454546244968        0.09937285454927
O           -2.44458731446291       -1.01732626028435        0.12134780794842
C           -1.53457369081755        0.93518699075682       -0.88430317436911
H            2.91564864131934       -0.11782646432363       -1.56508978769759
H            3.64460155901841        1.30503723565290       -0.82071737554170
H            3.68911888480933       -0.24817919756410        0.01290065308888
H            1.18864685118658        1.39585584120539       -0.58771660881973
H            1.95189873157275        1.24642089130195        0.99444183867957
H            1.56185537484427       -1.18870915638093        0.98566189634785
H            0.77754462599611       -1.09136657804227       -0.58209469625567
H           -0.59799988332896       -1.09373276567531        1.75206950510722
H           -0.32035436675760        0.65026439531596        1.62103533657109
H           -2.49613974085745        1.00173093227381       -1.38515792678591
H           -1.30143853587389        1.87206872829501       -0.38761732546186
H           -0.76496397480361        0.74203587600707       -1.62912623904963
19
 energy: -23.029621788698 gnorm: 0.000387607582 xtb: 6.7.1 (edcfbbe)
C            3.08301653512384        0.39700758271515       -0.62340892558266
C            1.75723800346187        0.72454007650607        0.05454465074189
C            0.95833584847310       -0.54375594885587        0.34907685813162
C           -0.38547063725897       -0.28331053088801        1.05696981774273
C           -1.54717222249921       -0.19465512588298        0.09793791863885
O           -2.44713622573078       -1.01427913847401        0.12112550987525
C           -1.53226528136136        0.93616975429135       -0.88550548294857
H            2.91283707534274       -0.11506313582956       -1.56791766328925
H            3.64446659011759        1.30625472619284       -0.82225703640107
H            3.68768200947643       -0.24862310197739        0.00936434816763
H            1.18631993234219        1.39440000837168       -0.58770266643999
H            1.95252540696472        1.24756509772903        0.99304476308250
H            1.56335943731516       -1.18464596228799        0.99253400974773
H            0.78175046158053       -1.09538735806446       -0.57696618440536
H           -0.60099522340892       -1.09809489697512        1.75025020485403
H           -0.32206475146739        0.64624812970449        1.62399642918899
H           -2.49447575565699        1.00498244694520       -1.38584321995692
H           -1.29768757414555        1.87184787155548       -0.38746113244511
H           -0.76386997322019        0.74160426167466       -1.63084833185423
19
 energy: -23.029622528148 gnorm: 0.000119899462 xtb: 6.7.1 (edcfbbe)
C            3.08323207728173        0.39661057329355       -0.62366828910562
C            1.75741928625034        0.72468961323573        0.05452019984900
C            0.95886841668505       -0.54381882133994        0.34975591146835
C           -0.38539627851633       -0.28324802924384        1.05678406501565
C           -1.54705104458050       -0.19475278709008        0.09741308825683
O           -2.44644051392227       -1.01505005300723        0.12009943170663
C           -1.53296771351954        0.93666079591348       -0.88564357768440
H            2.91295058431459       -0.11500831958519       -1.56841042039049
H            3.64503213633354        1.30571820327072       -0.82208765293867
H            3.68761116640228       -0.24946496755906        0.00895470973436
H            1.18625943647179        1.39414414329690       -0.58791632174613
H            1.95298921640168        1.24806492294423        0.99275198849323
H            1.56382434505449       -1.18371561444959        0.99430001341000
H            0.78308716236400       -1.09642542314384       -0.57586756247314
H           -0.60135454036179       -1.09816617647815        1.74979781580208
H           -0.32234777246555        0.64625709362124        1.62390265402483
H           -2.49530168434433        1.00468748095225       -1.38608543980249
H           -1.29974502803762        1.87218577409812       -0.38670433114023
H           -0.76427559636276        0.74343634772126       -1.63096241563171
19
 energy: -23.029623375697 gnorm: 0.000195523406 xtb: 6.7.1 (edcfbbe)
C            3.08390803532589        0.39588715073951       -0.62360439741829
C            1.75786865635542        0.72452924089805        0.05415076663725
C            0.95942504055321       -0.54394520014954        0.35029635651674
C           -0.38519422549535       -0.28254601193258        1.05639499510850
C           -1.54660032812153       -0.19530240579505        0.09642182603507
O           -2.44427373828230       -1.01748866718961        0.11786621460118
C           -1.53460838810478        0.93742987793516       -0.88535508217952
H            2.91377258534020       -0.11538571582149       -1.56853066946725
H            3.64621448482910        1.30480616647879       -0.82137846627527
H            3.68749531753068       -0.25065419765335        0.00929071843739
H            1.18676004715571        1.39344576253950       -0.58883870575802
H            1.95347811365544        1.24852855459187        0.99196291469499
H            1.56404505557760       -1.18290141026234        0.99607664710372
H            0.78432450991833       -1.09764314016043       -0.57479147888373
H           -0.60151035542573       -1.09698432707566        1.74990056843776
H           -0.32230936145557        0.64744225376788        1.62264795662322
H           -2.49694084181141        1.00339489416099       -1.38621720453788
H           -1.30444882805563        1.87287096317086       -0.38492334334621
H           -0.76501212404048        0.74732096820799       -1.63043574948159
19
 energy: -23.029624349527 gnorm: 0.000278091931 xtb: 6.7.1 (edcfbbe)
C            3.08487575252463        0.39476891704764       -0.62328983247832
C            1.75840578936767        0.72418312112662        0.05340640505733
C            0.95987885167388       -0.54396476031231        0.35076645340503
C           -0.38499909338552       -0.28133081126185        1.05604181326311
C           -1.54584690449145       -0.19619958852646        0.09514020639217
O           -2.44057759285919       -1.02166103622038        0.11409305987958
C           -1.53694448480525        0.93842162974288       -0.88455583289080
H            2.91542736030434       -0.11638235119709       -1.56839250416348
H            3.64780498027956        1.30341832479623       -0.82045655756393
H            3.68755395478827       -0.25206283245847        0.01017505267941
H            1.18741599034962        1.39225590167682       -0.59057900145749
H            1.95352048329438        1.24925820220562        0.99070759958227
H            1.56416674393348       -1.18208615159815        0.99768198332931
H            0.78514471460729       -1.09886253308244       -0.57368724961663
H           -0.60148036610384       -1.09474123542900        1.75071234528504
H           -0.32217026585920        0.64961706705463        1.62062465785267
H           -2.49891872049430        1.00143040194266       -1.38656493304352
H           -1.31129994769170        1.87380285528545       -0.38195688320864
H           -0.76556358998387        0.75293963565813       -1.62893291545502
19
 energy: -23.029625531657 gnorm: 0.000267730607 xtb: 6.7.1 (edcfbbe)
C            3.08597583674338        0.39324324036574       -0.62276051805975
C            1.75892313840803        0.72372094010133        0.05217141280974
C            0.96022662788319       -0.54388719065942        0.35132394284208
C           -0.38483727480377       -0.27951247449050        1.05578878532794
C           -1.54460882999124       -0.19774285644700        0.09329153316028
O           -2.43487643126071       -1.02812270105725        0.10811334934013
C           -1.53979587675613        0.93973499858392       -0.88308361650368
H            2.91740488108236       -0.11823810899820       -1.56783557161893
H            3.64967293689689        1.30148960933899       -0.81959701430511
H            3.68745201573662       -0.25365997400813        0.01177452642996
H            1.18838908626599        1.39059304778915       -0.59351312840857
H            1.95329019726703        1.25058484893769        0.98862373590491
H            1.56417959983055       -1.18111364586125        0.99943741163519
H            0.78553867661689       -1.10026337971977       -0.57228791032216
H           -0.60129040882931       -1.09141401155338        1.75219157697854
H           -0.32223717705439        0.65286908860810        1.61792324547657
H           -2.50095370651158        0.99893738153879       -1.38708170133350
H           -1.32035922880385        1.87490495861612       -0.37730979238732
H           -0.76570040727115        0.76068098536562       -1.62623640011825
19
 energy: -23.029626576491 gnorm: 0.000175185303 xtb: 6.7.1 (edcfbbe)
C            3.08680385954503        0.39158255708429       -0.62236911342333
C            1.75930556749713        0.72340566999666        0.05089983921627
C            0.96044786294382       -0.54351887668863        0.35209621619575
C           -0.38485952770938       -0.27773625394167        1.05576900704953
C           -1.54311466571423       -0.19946888823564        0.09124507647780
O           -2.42840550067852       -1.03523234427087        0.10100975482928
C           -1.54237596819711        0.94112122269788       -0.88137682343136
H            2.91901885334881       -0.12074469999552       -1.56714254531434
H            3.65121051042029        1.29931969970630       -0.81951346705231
H            3.68733530750037       -0.25502098692103        0.01336483114122
H            1.18914327841007        1.38894241860984       -0.59653462051772
H            1.95279449596879        1.25225654383338        0.98643379767746
H            1.56420237783659       -1.17976074087600        1.00132850898667
H            0.78574717455392       -1.10145097183187       -0.57060029235047
H           -0.60115474311149       -1.08819483329725        1.75385485521018
H           -0.32268230888518        0.65604780158888        1.61549002994884
H           -2.50253543159591        0.99678655522583       -1.38760517094953
H           -1.32901516060906        1.87587347455137       -0.37223362259467
H           -0.76547232607514        0.76859740921460       -1.62318239425120
19
 energy: -23.029627365689 gnorm: 0.000126401957 xtb: 6.7.1 (edcfbbe)
C            3.08717793087168        0.39022661987193       -0.62220517416261
C            1.75951454116348        0.72317691038058        0.04994825364070
C            0.96062166185674       -0.54319693248276        0.35308233903693
C           -0.38501045398340       -0.27621965979277        1.05590985525426
C           -1.54161228075139       -0.20105578526876        0.08926491522637
O           -2.42227818208413       -1.04174122140672        0.09396961159385
C           -1.54424506297394        0.94240676865852       -0.87984316385319
H            2.91956490490230       -0.12337776570890       -1.56632945640068
H            3.65200361413619        1.29749005162812       -0.82043123008059
H            3.68722902220547       -0.25574090007947        0.01463484357817
H            1.18964299763596        1.38764639750571       -0.59889788334598
H            1.95265713542577        1.25378343792782        0.98457829304553
H            1.56426397786636       -1.17850429814293        1.00332743273931
H            0.78594824767009       -1.10255530207194       -0.56879192239669
H           -0.60124873207720       -1.08557981789042        1.75522147562790
H           -0.32341985345240        0.65869024678867        1.61373572810056
H           -2.50354240079559        0.99541055347214       -1.38787740774177
H           -1.33571903801575        1.87662104259689       -0.36771898579300
H           -0.76515437415147        0.77532441046484       -1.62064365722099
19
 energy: -23.029628092903 gnorm: 0.000134822375 xtb: 6.7.1 (edcfbbe)
C            3.08717097446980        0.38892124405007       -0.62240034971195
C            1.75966143978989        0.72302772260883        0.04936854187426
C            0.96087135309316       -0.54285446455494        0.35446313919376
C           -0.38526205789454       -0.27492864175207        1.05612888833013
C           -1.53994460470249       -0.20260533171244        0.08706540258037
O           -2.41599649273333       -1.04808032859453        0.08644135455329
C           -1.54571094774405        0.94378892031657       -0.87846138377502
H            2.91942341461097       -0.12632668331757       -1.56562473127349
H            3.65200935902513        1.29580303287302       -0.82230714111679
H            3.68733857347464       -0.25595824030241        0.01541758955856
H            1.18972810493098        1.38646525226721       -0.60049649002331
H            1.95271267221459        1.25516736588153        0.98315811467836
H            1.56435949579860       -1.17698423057162        1.00597659957165
H            0.78651321971566       -1.10382443977668       -0.56651899465476
H           -0.60163849478207       -1.08336758310215        1.75643036336925
H           -0.32435829243322        0.66095620320846        1.61229071274453
H           -2.50436507951361        0.99477096373696       -1.38781892647620
H           -1.34110115656057        1.87727780156420       -0.36350348489159
H           -0.76501782531075        0.78155619362812       -1.61867533768297
19
 energy: -23.029629019885 gnorm: 0.000237691482 xtb: 6.7.1 (edcfbbe)
C            3.08686649603385        0.38737867730266       -0.62303983954939
C            1.75978752123819        0.72269303691873        0.04885626156476
C            0.96144430647768       -0.54267457392668        0.35700481399445
C           -0.38571226288058       -0.27334619978567        1.05644873399583
C           -1.53749305517296       -0.20462773835409        0.08373722863946
O           -2.40723680440242       -1.05661172730781        0.07548872249698
C           -1.54742274225107        0.94591132527975       -0.87677937318923
H            2.91835816655599       -0.13034018377532       -1.56478541840343
H            3.65136363920350        1.29385316682625       -0.82582810153240
H            3.68773093184896       -0.25578543972920        0.01586058950645
H            1.18939479479327        1.38480337597180       -0.60199873307250
H            1.95333877392956        1.25681119535653        0.98141784338181
H            1.56464761147425       -1.17469477152645        1.01082846521500
H            0.78807558874945       -1.10634779035759       -0.56255854208861
H           -0.60274379058564       -1.08069672595275        1.75775452527925
H           -0.32592957150054        0.66370471358308        1.61063680414983
H           -2.50556278615507        0.99467897100271       -1.38728317973288
H           -1.34729760405765        1.87825471147195       -0.35802725712739
H           -0.76521555784998        0.78984073345264       -1.61679967667992
19
 energy: -23.029629976384 gnorm: 0.000204964796 xtb: 6.7.1 (edcfbbe)
C            3.08608891846202        0.38570090961627       -0.62429001246620
C            1.75984917915583        0.72223837146381        0.04868952423471
C            0.96236521073909       -0.54269834040364        0.36067987047640
C           -0.38631443023660       -0.27180462181769        1.05680079459054
C           -1.53433620749624       -0.20695958982516        0.07937554979225
O           -2.39664074334112       -1.06630688896168        0.06186472251193
C           -1.54903417289414        0.94864030953006       -0.87502360407070
H            2.91640667577876       -0.13523942081198       -1.56406606778283
H            3.64954969409891        1.29193334815906       -0.83095905399660
H            3.68844844677688       -0.25490827071031        0.01575533272082
H            1.18837620104596        1.38255645678290       -0.60302565676599
H            1.95430312697652        1.25864391773533        0.97974117273641
H            1.56512973861976       -1.17161652847736        1.01787492708033
H            0.79069710214729       -1.11010211105405       -0.55694801069402
H           -0.60457659864606       -1.07797661204541        1.75906742661251
H           -0.32795706231070        0.66653282402062        1.60877129749979
H           -2.50699158145202        0.99569778163337       -1.38600895231080
H           -1.35297353445943        1.87927817957615       -0.35180009076302
H           -0.76599630751592        0.79919504204024       -1.61556530255746
19
 energy: -23.029630503939 gnorm: 0.000316088835 xtb: 6.7.1 (edcfbbe)
C            3.08528212377913        0.38404842020100       -0.62566407615365
C            1.75980929842457        0.72148975897876        0.04848501367642
C            0.96349577932492       -0.54305172294022        0.36495547719118
C           -0.38696458776963       -0.27014753764512        1.05713415355056
C           -1.53087798181202       -0.20926791825420        0.07460700297450
O           -2.38491393957328       -1.07669261252878        0.04679945579081
C           -1.55078139598927        0.95175691121598       -0.87321731629155
H            2.91428722538259       -0.14040618602903       -1.56322567686836
H            3.64724886378279        1.29020195351439       -0.83670646495748
H            3.68963963418572       -0.25361591029377        0.01543882296933
H            1.18686097122249        1.37982256351027       -0.60395624138322
H            1.95539409952384        1.26030486476221        0.97787451570109
H            1.56567649830419       -1.16836974544273        1.02610270316303
H            0.79402275467627       -1.11472550153787       -0.55045433109750
H           -0.60690153847355       -1.07500473989141        1.76035298980249
H           -0.33008316887519        0.66955891581352        1.60673961302821
H           -2.50897199847183        0.99726081581097       -1.38401518749126
H           -1.35834940032545        1.88053277309423       -0.34538054371989
H           -0.76747958186748        0.80910965411237       -1.61493604303662
19
 energy: -23.029629986442 gnorm: 0.000874232584 xtb: 6.7.1 (edcfbbe)
C            3.08451112266721        0.38247840651329       -0.62697334791710
C            1.75977081982238        0.72078791355287        0.04829288441494
C            0.96456184158973       -0.54337427845813        0.36901135797157
C           -0.38758690919735       -0.26857119836970        1.05746150900874
C           -1.52761573486025       -0.21144754035547        0.07010712950066
O           -2.37381588753589       -1.08656033325940        0.03251858905121
C           -1.55241902051131        0.95470768687718       -0.87150682856952
H            2.91223559074374       -0.14530679548597       -1.56242844192309
H            3.64506714495279        1.28855012154085       -0.84218607382796
H            3.69077510733638       -0.25240441908567        0.01511197892141
H            1.18542051628502        1.37726511584250       -0.60480855866009
H            1.95645427019733        1.26186056036018        0.97611481428577
H            1.56619167135295       -1.16530002533465        1.03388541535473
H            0.79717083139584       -1.11907364292330       -0.54430894274523
H           -0.60910406304320       -1.07219464858005        1.76156965792356
H           -0.33211775852507        0.67242531848523        1.60484131301763
H           -2.51080798095418        0.99870362312243       -1.38217998288110
H           -1.36348411501962        1.88173560466252       -0.33929131987745
H           -0.76881379124773        0.81852328734578       -1.61429728620062
19
 energy: -23.029630662454 gnorm: 0.000251662221 xtb: 6.7.1 (edcfbbe)
C            3.08472220621051        0.38393410460177       -0.62633554666127
C            1.75964600262146        0.72120740823440        0.04876375981594
C            0.96395023839008       -0.54341916162499        0.36652015020384
C           -0.38719878097433       -0.27012714489567        1.05719302076377
C           -1.52985352602069       -0.20964233284855        0.07319821859360
O           -2.38201119565455       -1.07843105380691        0.04282712279779
C           -1.55076816400888        0.95263597086505       -0.87300530711918
H            2.91324198489431       -0.14166843727078       -1.56315032339135
H            3.64575066288457        1.29029686021449       -0.83887187756734
H            3.69015787375979       -0.25253165837255        0.01492037805784
H            1.18593328581395        1.37886526716458       -0.60365428815636
H            1.95573643381991        1.26064054582300        0.97767037845462
H            1.56594846932160       -1.16734584432867        1.02911633432501
H            0.79544502445380       -1.11658191614415       -0.54812367580874
H           -0.60795760398671       -1.07484654166661        1.76030851912492
H           -0.33073762004704        0.66971608492024        1.60653099210432
H           -2.50954999485094        0.99892197861903       -1.38263409881103
H           -1.35741834204822        1.88066020016171       -0.34438313891391
H           -0.76864329912986        0.81052042680513       -1.61595675096441
19
 energy: -23.029630789729 gnorm: 0.000089278479 xtb: 6.7.1 (edcfbbe)
C            3.08489960915353        0.38397613614980       -0.62615471365713
C            1.75960829475721        0.72115305610824        0.04854669309877
C            0.96394322224466       -0.54347371981807        0.36637876971047
C           -0.38713192346132       -0.27009839847560        1.05713623886689
C           -1.52995059898351       -0.20968932269229        0.07324065782593
O           -2.38222227155053       -1.07860154102726        0.04297791356599
C           -1.55088076096948        0.95269438754048       -0.87294468442494
H            2.91381086790699       -0.14157525356413       -1.56308068491084
H            3.64593983118126        1.29040475259637       -0.83838514749747
H            3.69012139748508       -0.25248842568095        0.01530131916091
H            1.18597156388841        1.37861136755643       -0.60412706564997
H            1.95538670095629        1.26078249006660        0.97741620677329
H            1.56594523721895       -1.16733451286267        1.02903425947305
H            0.79538197383508       -1.11674896286462       -0.54819679905574
H           -0.60787462075464       -1.07480537904126        1.76028694629633
H           -0.33050725764042        0.66975606966191        1.60646999281638
H           -2.50995656588907        0.99920839948300       -1.38204894883206
H           -1.35691536694371        1.88081625673419       -0.34453186197464
H           -0.76917567698600        0.81021735658035       -1.61638522473715
19
 energy: -23.029630925261 gnorm: 0.000166105754 xtb: 6.7.1 (edcfbbe)
C            3.08518363623790        0.38404191008382       -0.62580362089681
C            1.75948499970677        0.72109592737155        0.04815221499841
C            0.96394089916018       -0.54356707030459        0.36615353132470
C           -0.38704242647209       -0.27014097126464        1.05708558766837
C           -1.53002462286590       -0.20960333486617        0.07337455822132
O           -2.38232401514959       -1.07855467665674        0.04321899527283
C           -1.55110309649427        0.95273601136750       -0.87287470391598
H            2.91471040273598       -0.14143346568765       -1.56288553422062
H            3.64626400892480        1.29054915300301       -0.83759959943551
H            3.69007569309577       -0.25242501492133        0.01596629885590
H            1.18595994686686        1.37818799407312       -0.60499026167949
H            1.95473844933784        1.26108433427331        0.97693151224406
H            1.56602929048692       -1.16732776110109        1.02883420234890
H            0.79530404700354       -1.11695786748399       -0.54834266130876
H           -0.60774214837133       -1.07483074026494        1.76028295871041
H           -0.33027437852361        0.66972127663784        1.60639833025969
H           -2.51062234350327        0.99981560792640       -1.38111650020051
H           -1.35598305997093        1.88083274846716       -0.34477856976846
H           -0.77018162675679        0.80958069579797       -1.61707287163037
19
 energy: -23.029631191336 gnorm: 0.000152918661 xtb: 6.7.1 (edcfbbe)
C            3.08579471311360        0.38413787509797       -0.62496294283993
C            1.75918702204045        0.72108994613499        0.04724951670985
C            0.96395147883599       -0.54364145038087        0.36572786130800
C           -0.38689474742050       -0.27023797181757        1.05693105524175
C           -1.53008115120056       -0.20958640052028        0.07350487550295
O           -2.38237124675768       -1.07854084359726        0.04350208740199
C           -1.55156283867183        0.95281759758743       -0.87261171020493
H            2.91669033925826       -0.14125769120206       -1.56233122105217
H            3.64709407435646        1.29071519384632       -0.83588583771192
H            3.68985607831746       -0.25232638398049        0.01759207829619
H            1.18598720014643        1.37718004820824       -0.60718071586798
H            1.95318969796963        1.26210534468947        0.97570371686139
H            1.56628996328538       -1.16711393747865        1.02845637277729
H            0.79518373115390       -1.11732345027890       -0.54855098951456
H           -0.60748832219941       -1.07496956545912        1.76010549681777
H           -0.32996403270518        0.66958726208978        1.60629715199683
H           -2.51220257413127        1.00141649289310       -1.37857983278595
H           -1.35347504188453        1.88068341733611       -0.34524998243657
H           -0.77279068805780        0.80806927328233       -1.61878311365194
19
 energy: -23.029631362899 gnorm: 0.000103364249 xtb: 6.7.1 (edcfbbe)
C            3.08646696606369        0.38422779303949       -0.62390787335199
C            1.75871667045537        0.72121783436046        0.04604559621752
C            0.96396089699130       -0.54363165809515        0.36522399441588
C           -0.38677535792344       -0.27048190681593        1.05675314714668
C           -1.53033974915523       -0.20949238063246        0.07381877796150
O           -2.38241929841817       -1.07859190332487        0.04360574934248
C           -1.55195917503894        0.95296116410650       -0.87224117318412
H            2.91894560805771       -0.14147946107561       -1.56137681919386
H            3.64799873576450        1.29081068351067       -0.83419980037183
H            3.68958609800854       -0.25194895282848        0.01982993844166
H            1.18593086660070        1.37599978955985       -0.61006212437557
H            1.95119056192847        1.26361943739739        0.97400144991991
H            1.56667930288942       -1.16661636010060        1.02807147374810
H            0.79520063501680       -1.11772860084630       -0.54878864063800
H           -0.60708187476060       -1.07543576962536        1.75976267178815
H           -0.32977627154563        0.66917786529894        1.60638298471263
H           -2.51393297542746        1.00358376592973       -1.37548270558635
H           -1.35014931458585        1.88043208733840       -0.34570572522255
H           -0.77584866947239        0.80618132925388       -1.62079705492216
19
 energy: -23.029631425456 gnorm: 0.000077897058 xtb: 6.7.1 (edcfbbe)
C            3.08679010472922        0.38428463758708       -0.62329519886193
C            1.75836024494703        0.72134841470833        0.04528696721730
C            0.96398998788781       -0.54360371028374        0.36502540326092
C           -0.38673377869661       -0.27074087333514        1.05666009560960
C           -1.53019257290723       -0.20971533163108        0.07362334051455
O           -2.38243580008167       -1.07861581546654        0.04348766046111
C           -1.55209548755781        0.95312049453101       -0.87197649465073
H            2.92024329829322       -0.14205363082498       -1.56058118860641
H            3.64830071060469        1.29086534620035       -0.83364158066172
H            3.68947624095415       -0.25134123719453        0.02139373057478
H            1.18581730509251        1.37521836943760       -0.61193618075835
H            1.94986001894655        1.26473611474321        0.97286484604474
H            1.56696842771206       -1.16613036491959        1.02806679919727
H            0.79530588061803       -1.11808903125118       -0.54875619951383
H           -0.60692808959429       -1.07585787710573        1.75952698019956
H           -0.32982514811560        0.66882976017856        1.60645952735459
H           -2.51495047987151        1.00524336709595       -1.37338679279129
H           -1.34778324279742        1.88018984818618       -0.34575643723844
H           -0.77777396471435        0.80511627579478       -1.62213141050363
