----------------------------------------------- 
  Element       SASA      Sigma Z        Total  
     Z         Ang**2 cal/Ang**2/mol   kcal/mol 
----------------------------------------------- 
      H        138.607      48.690       6.749
      C         36.014     129.740       4.672
      O         32.869       0.000       0.000

 Subtotal:     207.489                  11.421
 -----------------------------------------------

  Elements    COT*SASA   Sigma Z,Z'     Total   
    Z,Z'       Ang**2  cal/Ang**2/mol kcal/mol  
 ---------------------------------------------- 
  H   C         93.173     -60.770      -5.662
  H   O          0.000       0.000       0.000
  C   C         26.729     -72.950      -1.950
  O   C         16.598      68.690       1.140
  O   O          0.000       0.000       0.000

 Subtotal:                              -6.472
 ---------------------------------------------- 

 NONAQUEOUS SOLVENT CONTRIBUTION (kcal/mol):
 (proportional to SASA, atomic number independent)
 ---------------------------------------------- 
 Subtotal:                               0.000
 ---------------------------------------------- 

 CDS TOTAL (kcal/mol):                   4.949
...............................................................................
