17
 energy: -21.968290269795 gnorm: 0.032492824080 xtb: 6.7.1 (edcfbbe)
C            2.95108198585102       -1.11099407666855        0.08413746370606
C            2.47727630600768        0.25413900695956       -0.40445362107750
C            1.31621470037194        0.84482307645093        0.42396948616397
C            0.07148308985498        0.04413129569273        0.32631991666554
C           -1.10521410440233        0.49756202155589       -0.14565258066824
C           -2.24857134907037       -0.38436196623323       -0.20593735326902
O           -3.36161550140523       -0.05411313131461       -0.61994660202275
H            3.23566383676226       -1.07096277961467        1.14156388300802
H            2.17827060454654       -1.87788515999020       -0.02753391961617
H            3.82532696061159       -1.44082196792174       -0.48574503052595
H            2.16929156212315        0.19328445381039       -1.45498192182919
H            3.30725893575686        0.96788533485913       -0.35823102024328
H            1.12096282187188        1.87545390454975        0.11146790111193
H            1.63091661976868        0.86607697655426        1.47773450080627
H            0.12192088235657       -0.99533675848001        0.65399181274781
H           -1.22930412166278        1.52312430602340       -0.48814298207301
H           -2.07496330045321       -1.41842566557772        0.15518504993848
17
 energy: -21.969135296134 gnorm: 0.010622349430 xtb: 6.7.1 (edcfbbe)
C            2.94715288992634       -1.10490328685629        0.08682815587102
C            2.47394431739098        0.25528821073785       -0.40475494494875
C            1.31793898870552        0.84005480796082        0.42775084401841
C            0.07671719426436        0.03814671566217        0.32400259908749
C           -1.09770532711499        0.48731384281983       -0.14353366777628
C           -2.25178472942524       -0.37630032729229       -0.20481809789368
O           -3.35381672797590       -0.04895654472042       -0.61870985639931
H            3.22981733713931       -1.05986899133117        1.13832269661921
H            2.17499976181969       -1.86316753228338       -0.03054320728388
H            3.81686387188182       -1.42629389831410       -0.48435802529962
H            2.16117978032619        0.18329736288343       -1.44968939333793
H            3.30676895079408        0.96089234892994       -0.35744037077762
H            1.12612879638093        1.86540328846997        0.10663147183573
H            1.63120823161113        0.85940969225689        1.47733284260818
H            0.13474428662881       -0.99299210929875        0.65398581874516
H           -1.22394625583265        1.50567199812861       -0.48558060812754
H           -2.08421143763117       -1.40941670709780        0.14831872588237
17
 energy: -21.969206747741 gnorm: 0.003821905467 xtb: 6.7.1 (edcfbbe)
C            2.94757475987139       -1.10394713175954        0.08790816568642
C            2.47180557894185        0.25591438909469       -0.40527751482042
C            1.31854110389392        0.84009471157922        0.42924796694902
C            0.07971537517517        0.03438196418858        0.32583837464797
C           -1.09291098064392        0.48102404128015       -0.14143458188541
C           -2.25245094022444       -0.37488708282930       -0.21746639426404
O           -3.35279323533440       -0.04221754649044       -0.61935209834583
H            3.22786434926382       -1.05494206610643        1.13717064290535
H            2.17665400498996       -1.85983469434225       -0.03083362931925
H            3.81663710521582       -1.42173775592752       -0.48239653523971
H            2.15373550370722        0.17879917116283       -1.44646668321316
H            3.30387377417777        0.96029987774762       -0.36167630158269
H            1.12533484383171        1.86348960022970        0.10647223116717
H            1.63196333036851        0.85720551085400        1.47625979523121
H            0.14551585847325       -0.99439452993206        0.65391581903711
H           -1.22059569384672        1.49835556909580       -0.48022612184552
H           -2.09446480897168       -1.40402515718972        0.15206184771472
17
 energy: -21.969229534271 gnorm: 0.003574609876 xtb: 6.7.1 (edcfbbe)
C            2.94875180068241       -1.10364963327979        0.08839954303337
C            2.47001282539850        0.25596314709695       -0.40644238527939
C            1.31880120050817        0.84026113052940        0.43061891953463
C            0.08098963039539        0.03187626055545        0.32827951469170
C           -1.09065182410192        0.47799751743345       -0.13943883736050
C           -2.25798267920421       -0.36928218142301       -0.20820590039475
O           -3.35247505368530       -0.03731365203609       -0.62351093774164
H            3.22767710992824       -1.05215316287411        1.13728875379948
H            2.17920944478782       -1.86011819632361       -0.03061853544113
H            3.81851471677734       -1.41933557412271       -0.48118195615604
H            2.14821337373975        0.17595640318468       -1.44576133439361
H            3.30118165118183        0.96092270196259       -0.36678256238813
H            1.12374368398487        1.86296186364591        0.10766213506188
H            1.63354268432585        0.85699734438153        1.47645255477564
H            0.15068044107196       -0.99586982439503        0.65744091274136
H           -1.21631161047398        1.49408821254632       -0.48297054120737
H           -2.09789746642748       -1.40572348622660        0.14251563954745
17
 energy: -21.969247941220 gnorm: 0.000554075771 xtb: 6.7.1 (edcfbbe)
C            2.94972941367886       -1.10324468499364        0.08834578987973
C            2.46984136056270        0.25564841319997       -0.40733884033007
C            1.31859481270030        0.83942389191623        0.43079118483376
C            0.08014741083470        0.03138170049670        0.32899925226667
C           -1.09137593769984        0.47861086985626       -0.13965253087388
C           -2.25708152226873       -0.37061981309801       -0.21182434560501
O           -3.35301010796609       -0.03564002187800       -0.62437781359081
H            3.22862002942068       -1.05171791864857        1.13810880153292
H            2.18094494601547       -1.86159411717482       -0.03053972543991
H            3.82052595369293       -1.41865406796582       -0.48099889437900
H            2.14785381569075        0.17534342873690       -1.44709358263491
H            3.30090453422195        0.96148037789400       -0.36890169379186
H            1.12302872637630        1.86255045380820        0.10847394985261
H            1.63407728263056        0.85703270381751        1.47714177497823
H            0.14873179268923       -0.99683535827108        0.65934554975305
H           -1.21627939762381        1.49628281674312       -0.48140117008864
H           -2.09925318406674       -1.40586980378362        0.14466727646007
17
 energy: -21.969253788527 gnorm: 0.000528371728 xtb: 6.7.1 (edcfbbe)
C            2.95216398571495       -1.10221037985980        0.08835528106394
C            2.46789255857893        0.25483979065181       -0.40875003983460
C            1.31824243848213        0.83808608634497        0.43201936301680
C            0.07960808936261        0.02935544952544        0.33177448790761
C           -1.09083998931461        0.47750312707700       -0.13860414872432
C           -2.25807779500783       -0.36945413896370       -0.21433961707522
O           -3.35258427182715       -0.03024821059730       -0.62774312633979
H            3.23008926927319       -1.04870582156930        1.13847098707716
H            2.18587467888460       -1.86340566691163       -0.03025240271891
H            3.82462216019528       -1.41543172705758       -0.47997124713978
H            2.14256294604780        0.17168135285891       -1.44735422782917
H            3.29786199111901        0.96236270608058       -0.37486590375832
H            1.12123961182748        1.86128070265772        0.11048920260626
H            1.63605787644120        0.85583065006769        1.47780875928166
H            0.14895437645539       -0.99861761422465        0.66329984176387
H           -1.21339105049116        1.49582926037148       -0.48054753151400
H           -2.10427694685258       -1.40511669579634        0.14395530503975
17
 energy: -21.969258372892 gnorm: 0.000481254555 xtb: 6.7.1 (edcfbbe)
C            2.95521928247199       -1.10056686514775        0.08853002283743
C            2.46503094624584        0.25358473074088       -0.41070762982920
C            1.31792489302205        0.83598908882491        0.43393919645318
C            0.07914276403830        0.02686349734588        0.33496356789207
C           -1.08989619719063        0.47610843831686       -0.13766984008372
C           -2.25961751742282       -0.36710462130955       -0.21558876480259
O           -3.35158284705048       -0.02374419255547       -0.63212708990669
H            3.23209489881917       -1.04433074163478        1.13877052052478
H            2.19257712039072       -1.86554002157378       -0.02952503856940
H            3.82962521838556       -1.41048763565173       -0.47857203190054
H            2.13492891128283        0.16635768183300       -1.44748243493258
H            3.29316034168690        0.96355687826232       -0.38302245124073
H            1.11957170638873        1.85932193005114        0.11370047827610
H            1.63869980750851        0.85304108785312        1.47879713488107
H            0.14859506668792       -1.00044031731690        0.66824664259172
H           -1.20928187215628        1.49460730904125       -0.48038991243418
H           -2.11019259421910       -1.40363737642407        0.14188261306624
17
 energy: -21.969260248772 gnorm: 0.000236344529 xtb: 6.7.1 (edcfbbe)
C            2.95754136233903       -1.09945705819121        0.08857615331762
C            2.46315570907936        0.25254266999899       -0.41171888160801
C            1.31763816335491        0.83443832970743        0.43542924409643
C            0.07852026207683        0.02599804257488        0.33668319322237
C           -1.08961979480881        0.47594418780852       -0.13765609290992
C           -2.26023693097751       -0.36564664260008       -0.21638925876292
O           -3.35102125268820       -0.02074819937015       -0.63473375038455
H            3.23460552639522       -1.04121655282528        1.13859636536881
H            2.19709579077041       -1.86673057045100       -0.02819115840891
H            3.83264950227526       -1.40749631190019       -0.47837594876552
H            2.12985244539194        0.16262405924030       -1.44717869853201
H            3.28990439276848        0.96420613621013       -0.38818985780228
H            1.11917990591628        1.85821637073908        0.11676133451265
H            1.64017827715615        0.84988368154932        1.47966663557086
H            0.14684547087503       -1.00119730643019        0.67022257748403
H           -1.20706573442738        1.49414660412045       -0.48142417710227
H           -2.11322316660776       -1.40192856952568        0.14166730352658
17
 energy: -21.969261274637 gnorm: 0.000184016145 xtb: 6.7.1 (edcfbbe)
C            2.95917742408866       -1.09866683097891        0.08879288407026
C            2.46199718071126        0.25188656304864       -0.41251811368773
C            1.31755148760044        0.83318081899569        0.43662798487195
C            0.07808189229987        0.02562148763324        0.33703771621519
C           -1.08946303568028        0.47615375038028       -0.13837432915767
C           -2.26063917222018       -0.36459274517085       -0.21688976846286
O           -3.35093777258298       -0.01942491376051       -0.63639828856844
H            3.23773646408274       -1.03878351365669        1.13831751657242
H            2.19985442888076       -1.86733403870174       -0.02593235784619
H            3.83395246489680       -1.40584247039183       -0.47906896889178
H            2.12642083843656        0.16009892955837       -1.44705468235773
H            3.28769009390813        0.96479776063582       -0.39176386212625
H            1.11953806117622        1.85751409222122        0.11956452109182
H            1.64088654332335        0.84675561278934        1.48059746459877
H            0.14486198015282       -1.00145678236280        0.67128951792392
H           -1.20604679579029        1.49430357864281       -0.48240807992690
H           -2.11466215439465       -1.40063242822676        0.14192582850417
17
 energy: -21.969262090432 gnorm: 0.000189343306 xtb: 6.7.1 (edcfbbe)
C            2.96066563008085       -1.09811769755468        0.08892179288258
C            2.46105433783285        0.25132571156434       -0.41292309834340
C            1.31741803126843        0.83227768728257        0.43770891780253
C            0.07740269966116        0.02580681890568        0.33753573263233
C           -1.08960017685140        0.47674719563055       -0.13884303012805
C           -2.26091511177965       -0.36378176051141       -0.21745571658012
O           -3.35095442619576       -0.01907526579663       -0.63793145499992
H            3.24186913949121       -1.03640820472815        1.13761155290609
H            2.20155883343889       -1.86741634279261       -0.02263056928133
H            3.83419482201355       -1.40545277235127       -0.48074642479160
H            2.12365807764472        0.15797607879990       -1.44668150577060
H            3.28600369999070        0.96509739692632       -0.39446607899150
H            1.12004872577736        1.85725183168470        0.12234909897397
H            1.64139835953685        0.84378109627597        1.48144706812087
H            0.14308264881094       -1.00154906326634        0.67121448795246
H           -1.20562726365407        1.49463284370541       -0.48375622538396
H           -2.11525809817739       -1.39951668311902        0.14239043582260
17
 energy: -21.969262827942 gnorm: 0.000157485833 xtb: 6.7.1 (edcfbbe)
C            2.96182960144119       -1.09764627764828        0.08913004960203
C            2.46022480616604        0.25087475354271       -0.41324986872450
C            1.31735600661684        0.83152739060648        0.43866360677279
C            0.07690219891932        0.02587480962853        0.33757446339770
C           -1.08966957957229        0.47726303734602       -0.13941972015489
C           -2.26104067218825       -0.36322400210676       -0.21833048550774
O           -3.35093951907866       -0.01889934752294       -0.63939884923215
H            3.24693620717596       -1.03401696445652        1.13665959525476
H            2.20237001904552       -1.86720896257064       -0.01818313691335
H            3.83326904447869       -1.40589393933747       -0.48325463129219
H            2.12129055610497        0.15624587540367       -1.44638003801561
H            3.28455057201960        0.96539181569280       -0.39672770891575
H            1.12053473190472        1.85705000200607        0.12476623061311
H            1.64170955095331        0.84130871760763        1.48229629831816
H            0.14163864737210       -1.00150799771965        0.67146370982493
H           -1.20551214448826        1.49519496915505       -0.48425244372527
H           -2.11545009798155       -1.39875500897137        0.14238791152093
17
 energy: -21.969263608210 gnorm: 0.000129605031 xtb: 6.7.1 (edcfbbe)
C            2.96291317163326       -1.09707144602691        0.08943452449529
C            2.45924049206113        0.25044309708740       -0.41363377649125
C            1.31730276008473        0.83078376729105        0.43980309834840
C            0.07632987527489        0.02589437806476        0.33821959152346
C           -1.08975319296553        0.47776807821353       -0.13948228313882
C           -2.26114269682759       -0.36272683708323       -0.21943408256641
O           -3.35070591322663       -0.01855919513840       -0.64153227608271
H            3.25375928355714       -1.03100443590237        1.13528294002759
H            2.20254233218501       -1.86661092784379       -0.01183786760354
H            3.83111241364088       -1.40710030269845       -0.48696492155538
H            2.11856511153037        0.15441072776861       -1.44609353582025
H            3.28303472027858        0.96565434645811       -0.39935286004703
H            1.12088589663489        1.85677856257705        0.12720242139655
H            1.64221038836553        0.83913784238074        1.48328355860203
H            0.14055596861622       -1.00169148079688        0.67168142171310
H           -1.20520588468570        1.49576077079027       -0.48439630707552
H           -2.11564479726795       -1.39828807448616        0.14156533709741
17
 energy: -21.969264148655 gnorm: 0.000134021084 xtb: 6.7.1 (edcfbbe)
C            2.96389182464448       -1.09664012695223        0.08958128742373
C            2.45827551063377        0.25002877928519       -0.41376207824437
C            1.31716403252772        0.83036566798220        0.44075561714527
C            0.07602271076591        0.02566118774837        0.33883612967850
C           -1.08967175269437        0.47787465381809       -0.13938473705437
C           -2.26118576608685       -0.36237281094328       -0.22064055998320
O           -3.35024914259224       -0.01782829933829       -0.64360324669023
H            3.26019087898986       -1.02826411003034        1.13373227108896
H            2.20251512420646       -1.86591667444067       -0.00585721280347
H            3.82887777493569       -1.40858865251390       -0.49063367670491
H            2.11603202584306        0.15281288045476       -1.44558973524885
H            3.28160129258685        0.96581131153714       -0.40147682251983
H            1.12074286224686        1.85659827643762        0.12892568777374
H            1.64268022773000        0.83792122781565        1.48403077352708
H            0.14003791706414       -1.00188339334130        0.67244280025010
H           -1.20471445636291        1.49604115571286       -0.48392973510902
H           -2.11621113554919       -1.39804220257652        0.14031822029382
17
 energy: -21.969264387724 gnorm: 0.000086640121 xtb: 6.7.1 (edcfbbe)
C            2.96439971201172       -1.09622047478202        0.08975523714606
C            2.45760730412840        0.24980838260009       -0.41406394682446
C            1.31711495155664        0.82993364078573        0.44145326727047
C            0.07585208951568        0.02532274768106        0.33976697563212
C           -1.08955907414793        0.47775715676895       -0.13896258791917
C           -2.26124235980329       -0.36211451728981       -0.22141346394364
O           -3.34977234290538       -0.01690579366398       -0.64527214148565
H            3.26423811694562       -1.02640917613405        1.13279267092260
H            2.20257980230315       -1.86549598364459       -0.00200201525561
H            3.82734596470152       -1.40922612486264       -0.49288798810542
H            2.11423850826968        0.15177465080177       -1.44546414368984
H            3.28060862007169        0.96600869365034       -0.40317445869181
H            1.12053319722403        1.85618769506828        0.12982297548301
H            1.64323120258169        0.83740423705437        1.48454134415940
H            0.13985626879749       -1.00226653454034        0.67318332158950
H           -1.20402735336631        1.49600139755649       -0.48351043900464
H           -2.11700467899515       -1.39798112639431        0.13918037554001
17
 energy: -21.969264454847 gnorm: 0.000040583149 xtb: 6.7.1 (edcfbbe)
C            2.96477316272858       -1.09606284422673        0.08973732071068
C            2.45723639059348        0.24963917913359       -0.41414660324786
C            1.31703460672129        0.82978949357031        0.44176238348528
C            0.07581121219424        0.02510353834349        0.34022378619634
C           -1.08946703408232        0.47761162822255       -0.13878142657331
C           -2.26130237698274       -0.36194649304838       -0.22171713621997
O           -3.34951008945623       -0.01629201528274       -0.64610879336455
H            3.26581705859496       -1.02560329321771        1.13237104089375
H            2.20288062322534       -1.86540919281531       -0.00064800480920
H            3.82704696400370       -1.40936702608727       -0.49374405618255
H            2.11330390714450        0.15119549102273       -1.44531991710229
H            3.28004704534949        0.96606639408671       -0.40396822792494
H            1.12027647567661        1.85603785031560        0.13019339840412
H            1.64351736767179        0.83726775655417        1.48472986835659
H            0.13972337512164       -1.00242624184125        0.67383770656689
H           -1.20359711321399        1.49589665666268       -0.48333530819825
H           -2.11759164640110       -1.39792201073710        0.13865895183219
