----------------------------------------------- 
  Element       SASA      Sigma Z        Total  
     Z         Ang**2 cal/Ang**2/mol   kcal/mol 
----------------------------------------------- 
      H        155.334      48.690       7.563
      C         40.605     129.740       5.268
      O         28.758       0.000       0.000

 Subtotal:     224.697                  12.831
 -----------------------------------------------

  Elements    COT*SASA   Sigma Z,Z'     Total   
    Z,Z'       Ang**2  cal/Ang**2/mol kcal/mol  
 ---------------------------------------------- 
  H   C        104.726     -60.770      -6.364
  H   O          0.000       0.000       0.000
  C   C         28.293     -72.950      -2.064
  O   C         16.614      68.690       1.141
  O   O          0.000       0.000       0.000

 Subtotal:                              -7.287
 ---------------------------------------------- 

 NONAQUEOUS SOLVENT CONTRIBUTION (kcal/mol):
 (proportional to SASA, atomic number independent)
 ---------------------------------------------- 
 Subtotal:                               0.000
 ---------------------------------------------- 

 CDS TOTAL (kcal/mol):                   5.544
...............................................................................
