----------------------------------------------- 
  Element       SASA      Sigma Z        Total  
     Z         Ang**2 cal/Ang**2/mol   kcal/mol 
----------------------------------------------- 
      H        140.447      48.690       6.838
      C         37.947     129.740       4.923
      O         32.655       0.000       0.000

 Subtotal:     211.049                  11.762
 -----------------------------------------------

  Elements    COT*SASA   Sigma Z,Z'     Total   
    Z,Z'       Ang**2  cal/Ang**2/mol kcal/mol  
 ---------------------------------------------- 
  H   C         94.678     -60.770      -5.754
  H   O          0.000       0.000       0.000
  C   C         27.790     -72.950      -2.027
  O   C         18.100      68.690       1.243
  O   O          0.000       0.000       0.000

 Subtotal:                              -6.538
 ---------------------------------------------- 

 NONAQUEOUS SOLVENT CONTRIBUTION (kcal/mol):
 (proportional to SASA, atomic number independent)
 ---------------------------------------------- 
 Subtotal:                               0.000
 ---------------------------------------------- 

 CDS TOTAL (kcal/mol):                   5.224
...............................................................................
