20
 energy: -386.243542333480 gnorm: 0.001791748245 xtb: 6.7.1 (edcfbbe)
C           -3.70762281002433       -0.65999849143698        0.25359978774484
C           -2.29454052985788       -0.44637699257149       -0.28193880893833
C           -1.58585391248434        0.71425910420338        0.41539953315865
C           -0.19714530323956        0.98991144167284       -0.11560358898961
O            0.63468552673555       -0.17276465492229        0.18954510368841
C            1.91423894527910       -0.11639782134029       -0.22039330810484
O            2.37524926959776        0.83070308670913       -0.83855985012713
C            2.69186675335566       -1.31971363289490        0.20492126221351
H           -3.69044908004465       -0.88148473469858        1.32650853234641
H           -4.32225385363193        0.23521237063712        0.10714909182827
H           -4.20322753500355       -1.49409441803700       -0.25258493913347
H           -1.71053096394649       -1.36494154103662       -0.15210183568095
H           -2.33189505998685       -0.24583571975128       -1.36041058634374
H           -2.16596922675075        1.63557347405309        0.27811717782188
H           -1.53276403084788        0.53175100623781        1.49618072301608
H           -0.20214103639173        1.13567419502698       -1.20082623582998
H            0.25222347490299        1.86694062653900        0.36004462196588
H            3.53083304842145       -1.47762848912933       -0.47278853726072
H            2.06011908431675       -2.20748708956878        0.25584926638247
H            3.08807605861075       -1.12588598331055        1.20852789262349
20
 energy: -386.243547500953 gnorm: 0.001096553146 xtb: 6.7.1 (edcfbbe)
C           -3.70715015449021       -0.65997990861320        0.25308441923147
C           -2.29410794689177       -0.44674407572903       -0.28169688625751
C           -1.58593854187042        0.71407688022524        0.41523925637985
C           -0.19826344309011        0.99153531291337       -0.11556984667975
O            0.63521010041718       -0.17081474169285        0.19218450463484
C            1.91460672212157       -0.11534355566530       -0.21755306694352
O            2.37541167741837        0.82899906228055       -0.84005417671473
C            2.69150143316799       -1.31984616584412        0.20564594299561
H           -3.69012501133559       -0.88158638391247        1.32606212537371
H           -4.32164462478006        0.23543808490146        0.10709578290418
H           -4.20364209939640       -1.49402221106552       -0.25289263776303
H           -1.71052547632563       -1.36569357653026       -0.15193420180404
H           -2.33061255634763       -0.24656248161498       -1.36038736412745
H           -2.16754949102661        1.63464814707956        0.27802926540554
H           -1.53261455522823        0.53269389028767        1.49636584402298
H           -0.20241678206081        1.13569859295552       -1.20124822155389
H            0.25109278522671        1.86917717560916        0.35905110858953
H            3.52904371285366       -1.47666630455801       -0.47463892936027
H            2.06005312647382       -2.20832272904363        0.25509915164586
H            3.09056990087860       -1.12926908088211        1.20875289339866
20
 energy: -386.243548435861 gnorm: 0.001078150980 xtb: 6.7.1 (edcfbbe)
C           -3.70636849129050       -0.65988776345128        0.25262044098984
C           -2.29322793302641       -0.44698820235900       -0.28127017211811
C           -1.58621605470669        0.71443833767535        0.41549835287783
C           -0.19926789270817        0.99312832587334       -0.11493634473681
O            0.63552797403003       -0.16937872084828        0.19467637589333
C            1.91338325075969       -0.11657426339672       -0.21870250141237
O            2.37512729901931        0.82754062148857       -0.84112891224605
C            2.69115414434004       -1.31998490292957        0.20609668173131
H           -3.68999674391148       -0.88169022610246        1.32562705960802
H           -4.32068501318317        0.23568453856490        0.10669009432349
H           -4.20320757407722       -1.49378263309325       -0.25349056478068
H           -1.70985669445418       -1.36607490629421       -0.15094903311875
H           -2.32862334483162       -0.24739410174237       -1.36019873842978
H           -2.16934188892918        1.63418431497370        0.27817281841616
H           -1.53285658909415        0.53386347799917        1.49683628863784
H           -0.20262139573738        1.13516285914222       -1.20099744479829
H            0.24993061132014        1.87154553640337        0.35834720630876
H            3.52849957511402       -1.47522894626572       -0.47506825936707
H            2.06057347066316       -2.20933917217248        0.25350230121817
H            3.09097202564052       -1.13180808212905        1.20930899599680
20
 energy: -386.243550082462 gnorm: 0.000459706296 xtb: 6.7.1 (edcfbbe)
C           -3.70631550583710       -0.66001271336013        0.25257278353708
C           -2.29298122281450       -0.44701464224017       -0.28111094022483
C           -1.58633245539122        0.71479848090846        0.41560683952390
C           -0.19902497267911        0.99295476257945       -0.11472096471611
O            0.63568933977185       -0.16917717636744        0.19568118144599
C            1.91329989391367       -0.11618054817828       -0.21785646094196
O            2.37443526128374        0.82743246565811       -0.84178091929713
C            2.69106174524375       -1.32019883857044        0.20542370855575
H           -3.69027836844032       -0.88176845880238        1.32555892218863
H           -4.32053437927260        0.23555044497938        0.10621479168115
H           -4.20261682952799       -1.49386478216264       -0.25382737384112
H           -1.70925867497498       -1.36571642293946       -0.15005425841611
H           -2.32818960485614       -0.24768206171868       -1.36003290628444
H           -2.16924758575000        1.63453517905982        0.27792155431234
H           -1.53331244713991        0.53406873306669        1.49684731932366
H           -0.20200850566642        1.13448195170063       -1.20069751616749
H            0.24963917239571        1.87161226654474        0.35854633530376
H            3.52845150736991       -1.47563409416389       -0.47538190913261
H            2.06013410216907       -2.20911208735625        0.25299044124645
H            3.09028825004984       -1.13165629067653        1.20873383042978
20
 energy: -386.243550082462 gnorm: 0.000459706296 xtb: 6.7.1 (edcfbbe)
C           -3.70631550583710       -0.66001271336013        0.25257278353708
C           -2.29298122281450       -0.44701464224017       -0.28111094022483
C           -1.58633245539122        0.71479848090846        0.41560683952390
C           -0.19902497267911        0.99295476257945       -0.11472096471611
O            0.63568933977185       -0.16917717636744        0.19568118144599
C            1.91329989391367       -0.11618054817828       -0.21785646094196
O            2.37443526128374        0.82743246565811       -0.84178091929713
C            2.69106174524375       -1.32019883857044        0.20542370855575
H           -3.69027836844032       -0.88176845880238        1.32555892218863
H           -4.32053437927260        0.23555044497938        0.10621479168115
H           -4.20261682952799       -1.49386478216264       -0.25382737384112
H           -1.70925867497498       -1.36571642293946       -0.15005425841611
H           -2.32818960485614       -0.24768206171868       -1.36003290628444
H           -2.16924758575000        1.63453517905982        0.27792155431234
H           -1.53331244713991        0.53406873306669        1.49684731932366
H           -0.20200850566642        1.13448195170063       -1.20069751616749
H            0.24963917239571        1.87161226654474        0.35854633530376
H            3.52845150736991       -1.47563409416389       -0.47538190913261
H            2.06013410216907       -2.20911208735625        0.25299044124645
H            3.09028825004984       -1.13165629067653        1.20873383042978
