17
 energy: -21.969638586046 gnorm: 0.031677657171 xtb: 6.7.1 (edcfbbe)
C            2.44441430386888       -1.31965207287971       -0.09993754700790
C            2.56347091287476        0.16293984943571        0.23803514351327
C            1.38755465320705        0.99100635398292       -0.31198658481045
C            0.09480141074477        0.60889992716920        0.30570531142880
C           -1.01732131002124        0.24308364706181       -0.35809917629385
C           -2.21591460514987       -0.09609956377104        0.37467972959018
O           -3.28127424638770       -0.43040644960907       -0.14704735989143
H            1.54675915515849       -1.75925058505395        0.34860657132532
H            2.38386261302608       -1.46966439370712       -1.18375797269988
H            3.31071945836934       -1.87708690055291        0.26974310873829
H            3.49061594582107        0.56828943552909       -0.18100330437052
H            2.61866057812450        0.29748778563644        1.32496534861161
H            1.33201188509991        0.89919617269354       -1.40220743025475
H            1.57101419230779        2.04877968627117       -0.07423368222244
H            0.05792120660249        0.62861002129199        1.39732733537675
H           -1.04875447750580        0.19645820971399       -1.44491353139082
H           -2.13176592071524       -0.03971271397884        1.47922584316881
17
 energy: -21.970495067030 gnorm: 0.010046560587 xtb: 6.7.1 (edcfbbe)
C            2.43783518463891       -1.31164889177798       -0.10157354179208
C            2.56314609731586        0.16598471697673        0.23927491977565
C            1.38813328339359        0.98604425084405       -0.31471481346621
C            0.10046748660223        0.60427100597556        0.30984537548537
C           -1.01141904034051        0.24218547476621       -0.34700906334620
C           -2.21725489276897       -0.09775227240094        0.36802861425481
O           -3.27317357244757       -0.42893924655275       -0.14990314154186
H            1.54077721587078       -1.74032181734702        0.34499758439469
H            2.38095002485526       -1.45574436748706       -1.18006801316879
H            3.30103889373620       -1.86210847940902        0.26969996999492
H            3.49034708097638        0.55914950072548       -0.18354550354871
H            2.61289851876263        0.29037841668450        1.32407198230041
H            1.33328058851696        0.88199199489243       -1.40021919239967
H            1.57348686152441        2.04004523398207       -0.08057628094451
H            0.07369098852403        0.62592221275284        1.39506169777959
H           -1.04736967595176        0.19743572603396       -1.42702437950598
H           -2.14005928778313       -0.04401504942586        1.46875558853956
17
 energy: -21.970607251706 gnorm: 0.002092478424 xtb: 6.7.1 (edcfbbe)
C            2.43393125647356       -1.30980933630461       -0.10234573979372
C            2.56336894535610        0.16834370042588        0.23955401848023
C            1.38938634230571        0.98618848678706       -0.31655817787249
C            0.10527600991133        0.60434271740872        0.31508861974066
C           -1.00648999043084        0.24374952459777       -0.33873696740346
C           -2.21844394637560       -0.10160621382898        0.36405410422811
O           -3.26965911188080       -0.43093690007789       -0.15569172556234
H            1.53432995264232       -1.73110469610078        0.34082492899358
H            2.37942800986844       -1.44990242907652       -1.17907707087054
H            3.29308764759977       -1.86129829112875        0.27086214405317
H            3.49052401526049        0.55756957620589       -0.18311041543052
H            2.60963778852236        0.29023150080174        1.32293133445492
H            1.33285159401579        0.87057010878440       -1.39925945053853
H            1.57285156475381        2.04026483914059       -0.08991401320589
H            0.08763105901845        0.62359805600071        1.39808159674587
H           -1.04390181217932        0.20042332574222       -1.41703425522680
H           -2.14703356943629       -0.04774556014422        1.46543287201874
17
 energy: -21.970624071421 gnorm: 0.001486550540 xtb: 6.7.1 (edcfbbe)
C            2.43193308647687       -1.30909724579958       -0.10274905879896
C            2.56421385473609        0.16964633745225        0.23991788547745
C            1.39005948151586        0.98603097596623       -0.31776542792639
C            0.10732940075395        0.60491604917601        0.31843679187318
C           -1.00467432595225        0.24558390602327       -0.33474897083631
C           -2.21986351588082       -0.10080353946469        0.36300173446963
O           -3.26799874625487       -0.43352074114546       -0.16018918276640
H            1.52955468724566       -1.72683043848796        0.33793689280229
H            2.37983161285433       -1.44790371382739       -1.17971072126871
H            3.28831068094578       -1.86292908495838        0.27287073115185
H            3.49195158820184        0.55745655704412       -0.18216910919579
H            2.60946775561002        0.29116083860932        1.32313912168436
H            1.33121564634186        0.86450154310304       -1.39954961255663
H            1.57285923658415        2.04119930882239       -0.09705045272661
H            0.09418072108175        0.62378143091591        1.40140013998796
H           -1.04168399933683        0.20355224692227       -1.41355127188562
H           -2.14991140949810       -0.05386602111814        1.46588231332572
17
 energy: -21.970617869328 gnorm: 0.003171311835 xtb: 6.7.1 (edcfbbe)
C            2.42906654743742       -1.30802937838924       -0.10315654107812
C            2.56577550763961        0.17171687399381        0.24004037739616
C            1.39092191682639        0.98541982839491       -0.31988745240500
C            0.11031549181942        0.60658870864438        0.32476241825412
C           -1.00242764022732        0.25013118096647       -0.32784228403768
C           -2.21874540422943       -0.11026221130769        0.36241081322007
O           -3.26480769627710       -0.43745261489870       -0.16895671427710
H            1.52039437982605       -1.71940651050640        0.33143447734463
H            2.38324690211541       -1.44560210183676       -1.18096685926488
H            3.27943455419233       -1.86718914574582        0.27867520377920
H            3.49482186759803        0.55755517676259       -0.18075099851471
H            2.60973508337325        0.29335489809619        1.32327876667616
H            1.32703944340788        0.85331832050148       -1.40025255318148
H            1.57282136294130        2.04315710205870       -0.11111380031655
H            0.10554496090794        0.62303471760468        1.40817627739025
H           -1.03918218566643        0.21568928431133       -1.40820103193507
H           -2.15717933625944       -0.05914571941673        1.46745170376102
17
 energy: -21.970633306745 gnorm: 0.001309357950 xtb: 6.7.1 (edcfbbe)
C            2.43005657990174       -1.30839819133152       -0.10282864442290
C            2.56514027408617        0.17100701162366        0.23963451389217
C            1.39051454520811        0.98555034678540       -0.31941405209364
C            0.10928871893813        0.60671790983226        0.32339584092735
C           -1.00365636124467        0.25034177193521       -0.32952079081337
C           -2.21921661552275       -0.10613169544644        0.36310169413836
O           -3.26485078237644       -0.43720199817476       -0.16711933665069
H            1.52200444067026       -1.72123917410417        0.33178114509251
H            2.38446844973187       -1.44705751636240       -1.18057174110084
H            3.28101207304205       -1.86682071584054        0.27906354707275
H            3.49395340502351        0.55762609929403       -0.18138436427821
H            2.60972695291194        0.29309737818290        1.32299027177515
H            1.32732372028509        0.85580208293254       -1.40014966181862
H            1.57311926794456        2.04292223535323       -0.10864313215167
H            0.10265352387669        0.62303062979290        1.40684303957835
H           -1.03987950274001        0.21409737923814       -1.40959601454749
H           -2.15488293431095       -0.06046514447723        1.46751948821179
17
 energy: -21.970636043507 gnorm: 0.000504726679 xtb: 6.7.1 (edcfbbe)
C            2.43120864762561       -1.30861060938513       -0.10243363132539
C            2.56445988077099        0.17025534964593        0.23917839269472
C            1.39000465269594        0.98523690376664       -0.31920069968621
C            0.10834054990374        0.60619522537964        0.32162609904303
C           -1.00523012230750        0.25074405383420       -0.33133176902632
C           -2.21924774677027       -0.10325259952111        0.36407840794829
O           -3.26510542285392       -0.43646800930943       -0.16451277116188
H            1.52330163439340       -1.72297364163693        0.33085140582399
H            2.38786049972439       -1.44904552866332       -1.17997180918932
H            3.28221640914463       -1.86563686607458        0.28127176849195
H            3.49280439612747        0.55780116813806       -0.18236099791158
H            2.60971153352040        0.29291117813270        1.32260332176101
H            1.32757948330723        0.85825186572866       -1.40032833679932
H            1.57341942207926        2.04198020277324       -0.10579650572838
H            0.09964993855211        0.62196494717925        1.40491479130397
H           -1.04169446163624        0.21454948659897       -1.41086824047211
H           -2.15250353885193       -0.06102471735359        1.46738237704454
17
 energy: -21.970637188377 gnorm: 0.000163608435 xtb: 6.7.1 (edcfbbe)
C            2.43120052989241       -1.30857401004955       -0.10235853898134
C            2.56461739872557        0.17051723368013        0.23901905668486
C            1.39000389498371        0.98514201731431       -0.31960682497926
C            0.10865142970270        0.60628510518966        0.32215694143534
C           -1.00526014950581        0.25170323478304       -0.33057185661236
C           -2.21932454022507       -0.10401188245122        0.36411096359538
O           -3.26503355321622       -0.43674293106338       -0.16510386462266
H            1.52193466325223       -1.72186696353640        0.32915726304788
H            2.38995153975984       -1.44908021748163       -1.17997550717131
H            3.28095936473101       -1.86616011762648        0.28335930157392
H            3.49308948935402        0.55780728874463       -0.18238570559195
H            2.60961400743989        0.29328247184377        1.32239266051482
H            1.32711457075458        0.85695287563719       -1.40055750209702
H            1.57320113430814        2.04214797404087       -0.10741858333800
H            0.10119584286344        0.62076875691324        1.40548716603104
H           -1.04202429595576        0.21670578777820       -1.41023449162179
H           -2.15311557143940       -0.06199821448320        1.46763132494346
17
 energy: -21.970638180580 gnorm: 0.000148859361 xtb: 6.7.1 (edcfbbe)
C            2.43173489687920       -1.30851360052962       -0.10212615264941
C            2.56483977605375        0.17083609846515        0.23879755740248
C            1.38982923991562        0.98458203815785       -0.32030594754470
C            0.10889571638844        0.60549148340555        0.32221836774063
C           -1.00592555335974        0.25310184191900       -0.33011731418393
C           -2.21953067695442       -0.10442967608978        0.36452196494012
O           -3.26551424911794       -0.43617974844407       -0.16482613380636
H            1.52016814973402       -1.72063104582853        0.32568257993340
H            2.39520687134227       -1.44983979450003       -1.17981952007792
H            3.27928895343900       -1.86645155906661        0.28791515813400
H            3.49326688647221        0.55819299362542       -0.18259402450853
H            2.60954771851591        0.29401853447538        1.32212224255937
H            1.32659761302338        0.85555418572424       -1.40113295457436
H            1.57257160392029        2.04184955361266       -0.10906652939918
H            0.10265658134163        0.61802049399528        1.40559101007057
H           -1.04376153909082        0.22082818259670       -1.40989637073847
H           -2.15309623307751       -0.06355157228539        1.46813786951328
17
 energy: -21.970638826920 gnorm: 0.000165365819 xtb: 6.7.1 (edcfbbe)
C            2.43289539428581       -1.30855273970438       -0.10172349694761
C            2.56493898825413        0.17106289416085        0.23844177802307
C            1.38947350277946        0.98393214727117       -0.32095128043543
C            0.10874945520357        0.60460596947024        0.32178517370443
C           -1.00709984214863        0.25473810879314       -0.33016804407599
C           -2.22000872452101       -0.10396594176359        0.36506084060878
O           -3.26654972629239       -0.43478852318552       -0.16379030643493
H            1.51898269218466       -1.71968137124689        0.32201091774859
H            2.40155074611409       -1.45083031678723       -1.17944216017297
H            3.27822171523225       -1.86659581709951        0.29300472821672
H            3.49326281089257        0.55870031782362       -0.18290843530493
H            2.60937835764275        0.29472036490085        1.32171041535944
H            1.32627754166552        0.85453920243222       -1.40173349203513
H            1.57158011153251        2.04141641430223       -0.11014305128775
H            0.10367083633982        0.61401981432109        1.40521938742698
H           -1.04609815091107        0.22466498449330       -1.40995215757546
H           -2.15244995282875       -0.06510709894837        1.46868098599320
17
 energy: -21.970639172969 gnorm: 0.000100420091 xtb: 6.7.1 (edcfbbe)
C            2.43396440589097       -1.30849168413717       -0.10149466902004
C            2.56507179007042        0.17124288602490        0.23846529493161
C            1.38921049420542        0.98313701025452       -0.32136860507110
C            0.10862633344445        0.60310504983282        0.32117335478756
C           -1.00796174785967        0.25516382410782       -0.33056500330529
C           -2.22048856607241       -0.10324811074234        0.36544552574000
O           -3.26785232506019       -0.43266823596738       -0.16261356028975
H            1.51897486856828       -1.71955185681915        0.31988010039023
H            2.40568166717572       -1.45139540394952       -1.17918767352849
H            3.27819999191833       -1.86622419680564        0.29585888353104
H            3.49319829414729        0.55943220503009       -0.18282048428558
H            2.60923457202559        0.29519919668395        1.32173090962416
H            1.32630589229760        0.85386054976421       -1.40219079667144
H            1.57053035789996        2.04077175187777       -0.11049675129526
H            0.10376996879073        0.61141835090177        1.40459770997946
H           -1.04807290683348        0.22705189857274       -1.41034068682326
H           -2.15161733518373       -0.06592482539616        1.46902825411714
17
 energy: -21.970639365617 gnorm: 0.000055164715 xtb: 6.7.1 (edcfbbe)
C            2.43488652096264       -1.30847278325766       -0.10134311073056
C            2.56507391488787        0.17132096142737        0.23856296625011
C            1.38899350332321        0.98258250494411       -0.32161320161228
C            0.10833411301197        0.60238945343893        0.32067146096200
C           -1.00863271513846        0.25547102840390       -0.33096615602598
C           -2.22092484249771       -0.10251103422783        0.36566709728712
O           -3.26896984301674       -0.43071873643128       -0.16176028388046
H            1.51964441848546       -1.71983795728296        0.31914310848581
H            2.40776760291607       -1.45153308700949       -1.17902693920850
H            3.27891105220286       -1.86583389327660        0.29692348718694
H            3.49315123407581        0.55996615391717       -0.18244097533522
H            2.60887368697873        0.29537116393786        1.32184617714265
H            1.32641175495608        0.85333728536179       -1.40246524206623
H            1.56977918106325        2.04032532657480       -0.11073170127420
H            0.10370431398713        0.60956443846093        1.40411854979066
H           -1.04925586951674        0.22793081857122       -1.41069879614106
H           -2.15097227125612       -0.06647323431907        1.46921536198022
17
 energy: -21.970639548201 gnorm: 0.000080124922 xtb: 6.7.1 (edcfbbe)
C            2.43590701085123       -1.30845409886562       -0.10120865065508
C            2.56503535788082        0.17140469910641        0.23875324099928
C            1.38877073344649        0.98198843271991       -0.32187869094140
C            0.10811528732937        0.60157150626967        0.32030045979538
C           -1.00920151812675        0.25561003901816       -0.33124520515243
C           -2.22142565302109       -0.10179788881292        0.36582140904183
O           -3.27021085023205       -0.42831690830934       -0.16115736163932
H            1.52076977016280       -1.72036056631370        0.31898598468891
H            2.40916322446289       -1.45142590495304       -1.17891032080642
H            3.28014655007096       -1.86536652591725        0.29724620691949
H            3.49310690838751        0.56058777906356       -0.18177759807882
H            2.60827577404870        0.29544768589987        1.32206371002103
H            1.32645181234509        0.85242192400238       -1.40271111118248
H            1.56897024075496        2.03991834768289       -0.11132675542680
H            0.10370253098242        0.60809653221582        1.40375190552431
H           -1.05030072089513        0.22880659266318       -1.41096745426920
H           -2.15050070302291       -0.06725323623680        1.46936203397271
17
 energy: -21.970639753047 gnorm: 0.000078797055 xtb: 6.7.1 (edcfbbe)
C            2.43713437569880       -1.30837727481781       -0.10109471193602
C            2.56504742981286        0.17154541475833        0.23908481412254
C            1.38848775529829        0.98115086773098       -0.32223323965645
C            0.10784920941816        0.60070256236432        0.31999362195831
C           -1.00988024925500        0.25585547086815       -0.33142536697030
C           -2.22209466039211       -0.10104465040446        0.36594583443235
O           -3.27175242748676       -0.42522303860407       -0.16073296359964
H            1.52248339398799       -1.72121153595364        0.31925480786768
H            2.41028598964204       -1.45122832753567       -1.17881796958735
H            3.28198079403165       -1.86457003532088        0.29707266208373
H            3.49310439726189        0.56142503149786       -0.18084538266205
H            2.60754260233673        0.29556141093481        1.32243369361698
H            1.32636961988883        0.85098486880323       -1.40300755287337
H            1.56810973622142        2.03930696617520       -0.11232418347777
H            0.10381733825806        0.60636506787844        1.40345621974513
H           -1.05143607489622        0.22989695196493       -1.41114355981558
H           -2.15027347440133       -0.06826134110651        1.46948507956282
17
 energy: -21.970639910630 gnorm: 0.000055672906 xtb: 6.7.1 (edcfbbe)
C            2.43852538857925       -1.30838990590657       -0.10091965286257
C            2.56506042094479        0.17165833022909        0.23926058514874
C            1.38813555092081        0.98034027069782       -0.32256979313199
C            0.10765675741629        0.59975744670655        0.31989550810938
C           -1.01056319667032        0.25623323718865       -0.33138827406657
C           -2.22285179314227       -0.10032975303833        0.36602707423063
O           -3.27321467890352       -0.42224564064143       -0.16065577546745
H            1.52430362776187       -1.72204760558214        0.31958534615904
H            2.41155711453640       -1.45112810924088       -1.17866233342924
H            3.28397482612561       -1.86387458416639        0.29701626871782
H            3.49303740423635        0.56223646833715       -0.18018208115923
H            2.60691894108666        0.29569321252405        1.32262288990804
H            1.32606033327592        0.84939096030666       -1.40324875003681
H            1.56717861104967        2.03876849948599       -0.11349257525577
H            0.10406759440695        0.60459730570854        1.40336113292050
H           -1.05258136514009        0.23149915924807       -1.41113266536386
H           -2.15048978105906       -0.06928088262362        1.46958489839034
17
 energy: -21.970640001951 gnorm: 0.000027702607 xtb: 6.7.1 (edcfbbe)
C            2.43953050375303       -1.30838667023158       -0.10078824898801
C            2.56518660692218        0.17176873857213        0.23932114335287
C            1.38785346417220        0.97965158983806       -0.32278693920156
C            0.10750221851888        0.59906129382965        0.31992409814143
C           -1.01113156031139        0.25669123527909       -0.33126453066371
C           -2.22349422623046       -0.09978261044973        0.36605164830203
O           -3.27421355587574       -0.42031398409026       -0.16078368847859
H            1.52559812080852       -1.72262700551400        0.31978342778232
H            2.41264500657327       -1.45123678448954       -1.17852744370412
H            3.28536706629597       -1.86326875729882        0.29717268504518
H            3.49300414500147        0.56284995192687       -0.18000460645383
H            2.60678186765882        0.29592677585056        1.32267768844432
H            1.32570267322354        0.84821481637704       -1.40340311681522
H            1.56653408812240        2.03824934181444       -0.11426658019928
H            0.10432419764013        0.60301999720669        1.40339678626965
H           -1.05345549548203        0.23292972945559       -1.41102918467489
H           -2.15095936536548       -0.06986924884298        1.46962866465238
