----------------------------------------------- 
  Element       SASA      Sigma Z        Total  
     Z         Ang**2 cal/Ang**2/mol   kcal/mol 
----------------------------------------------- 
      H         57.257      48.690       2.788
      C         18.149     129.740       2.355
      N          3.742       0.000       0.000
      O         86.979       0.000       0.000

 Subtotal:     166.128                   5.143
 -----------------------------------------------

  Elements    COT*SASA   Sigma Z,Z'     Total   
    Z,Z'       Ang**2  cal/Ang**2/mol kcal/mol  
 ---------------------------------------------- 
  H   C         38.494     -60.770      -2.339
  H   O          0.000       0.000       0.000
  C   C         14.397     -72.950      -1.050
  O   C         15.558      68.690       1.069
  O   O          0.000       0.000       0.000
  C   N          0.000       0.000       0.000
  N   C          0.000     -48.220      -0.000
  N  C(3)        0.000      84.100       0.000
  O   N         35.375     121.980       4.315

 Subtotal:                               1.994
 ---------------------------------------------- 

 NONAQUEOUS SOLVENT CONTRIBUTION (kcal/mol):
 (proportional to SASA, atomic number independent)
 ---------------------------------------------- 
 Subtotal:                               0.000
 ---------------------------------------------- 

 CDS TOTAL (kcal/mol):                   7.137
...............................................................................
