----------------------------------------------- 
  Element       SASA      Sigma Z        Total  
     Z         Ang**2 cal/Ang**2/mol   kcal/mol 
----------------------------------------------- 
      H         94.147      48.690       4.584
      C         69.660     129.740       9.038
      O         62.343       0.000       0.000
      Cl        32.301       9.820       0.317

 Subtotal:     258.450                  13.939
 -----------------------------------------------

  Elements    COT*SASA   Sigma Z,Z'     Total   
    Z,Z'       Ang**2  cal/Ang**2/mol kcal/mol  
 ---------------------------------------------- 
  H   C         57.451     -60.770      -3.491
  H   O          6.204       0.000       0.000
  C   C         61.687     -72.950      -4.500
  O   C         23.817      68.690       1.636
  O   O          0.000       0.000       0.000

 Subtotal:                              -6.355
 ---------------------------------------------- 

 NONAQUEOUS SOLVENT CONTRIBUTION (kcal/mol):
 (proportional to SASA, atomic number independent)
 ---------------------------------------------- 
 Subtotal:                               0.000
 ---------------------------------------------- 

 CDS TOTAL (kcal/mol):                   7.584
...............................................................................
