----------------------------------------------- 
  Element       SASA      Sigma Z        Total  
     Z         Ang**2 cal/Ang**2/mol   kcal/mol 
----------------------------------------------- 
      H        112.272      48.690       5.467
      C         30.066     129.740       3.901
      O         23.668       0.000       0.000

 Subtotal:     166.006                   9.367
 -----------------------------------------------

  Elements    COT*SASA   Sigma Z,Z'     Total   
    Z,Z'       Ang**2  cal/Ang**2/mol kcal/mol  
 ---------------------------------------------- 
  H   C         75.542     -60.770      -4.591
  H   O          0.000       0.000       0.000
  C   C          5.606     -72.950      -0.409
  O   C          0.084      68.690       0.006
  O   O          0.000       0.000       0.000

 Subtotal:                              -4.994
 ---------------------------------------------- 

 NONAQUEOUS SOLVENT CONTRIBUTION (kcal/mol):
 (proportional to SASA, atomic number independent)
 ---------------------------------------------- 
 Subtotal:                               0.000
 ---------------------------------------------- 

 CDS TOTAL (kcal/mol):                   4.373
...............................................................................
