----------------------------------------------- 
  Element       SASA      Sigma Z        Total  
     Z         Ang**2 cal/Ang**2/mol   kcal/mol 
----------------------------------------------- 
      H        113.423      48.690       5.523
      C         24.976     129.740       3.240
      O         39.607       0.000       0.000

 Subtotal:     178.006                   8.763
 -----------------------------------------------

  Elements    COT*SASA   Sigma Z,Z'     Total   
    Z,Z'       Ang**2  cal/Ang**2/mol kcal/mol  
 ---------------------------------------------- 
  H   C         67.321     -60.770      -4.091
  H   O          9.591       0.000       0.000
  C   C         22.330     -72.950      -1.629
  O   C         21.051      68.690       1.446
  O   O          0.000       0.000       0.000

 Subtotal:                              -4.274
 ---------------------------------------------- 

 NONAQUEOUS SOLVENT CONTRIBUTION (kcal/mol):
 (proportional to SASA, atomic number independent)
 ---------------------------------------------- 
 Subtotal:                               0.000
 ---------------------------------------------- 

 CDS TOTAL (kcal/mol):                   4.489
...............................................................................
