----------------------------------------------- 
  Element       SASA      Sigma Z        Total  
     Z         Ang**2 cal/Ang**2/mol   kcal/mol 
----------------------------------------------- 
      H        141.034      48.690       6.867
      C         34.815     129.740       4.517
      O         32.516       0.000       0.000

 Subtotal:     208.365                  11.384
 -----------------------------------------------

  Elements    COT*SASA   Sigma Z,Z'     Total   
    Z,Z'       Ang**2  cal/Ang**2/mol kcal/mol  
 ---------------------------------------------- 
  H   C         94.790     -60.770      -5.760
  H   O          0.000       0.000       0.000
  C   C         21.420     -72.950      -1.563
  O   C         16.134      68.690       1.108
  O   O          0.000       0.000       0.000

 Subtotal:                              -6.215
 ---------------------------------------------- 

 NONAQUEOUS SOLVENT CONTRIBUTION (kcal/mol):
 (proportional to SASA, atomic number independent)
 ---------------------------------------------- 
 Subtotal:                               0.000
 ---------------------------------------------- 

 CDS TOTAL (kcal/mol):                   5.169
...............................................................................
