18
 energy: -235.752345122158 gnorm: 0.023903624044 xtb: 6.7.1 (edcfbbe)
C            1.65802663313472        1.10019483738753       -0.32173077274257
C            1.67170262584078       -0.18465573378183        0.49786549442062
C            0.70127099141075       -1.24952015415370       -0.01688847070748
C           -0.76902503064078       -0.96955496442964        0.31444076863934
C           -1.37452973000909        0.13410448855943       -0.49160735721784
C           -2.10738780203384        1.11373320179352        0.00574506880255
H            2.39112754745957        1.80283526169888        0.06802363583014
H            0.67855408450069        1.56924379059537       -0.28794290412760
H            1.90409560184376        0.89025656289450       -1.36055887400290
H            2.68245204758867       -0.60007899106591        0.47786794811176
H            1.43199440153455        0.04608730902042        1.53819313578161
H            0.81692851986200       -1.35180166059902       -1.09813988988662
H            0.97107998353031       -2.20622923787764        0.43654164059344
H           -1.33841043739309       -1.88121596543362        0.10491308544649
H           -0.87214218068647       -0.75107034213282        1.37915608791114
H           -1.20163387913248        0.07350752093257       -1.55876803229073
H           -2.54502718912777        1.87496760823085       -0.61764853547370
H           -2.29799745351830        1.19724710433053        1.06345363737124
18
 energy: -235.753289633483 gnorm: 0.006432421029 xtb: 6.7.1 (edcfbbe)
C            1.67538408084720        1.10846093582937       -0.32104420560731
C            1.67812244633928       -0.18385778903885        0.49448987967382
C            0.70273808749023       -1.25322487166757       -0.00890049979905
C           -0.77460475491333       -0.97631744585076        0.30929853379392
C           -1.39707357151178        0.12460455506834       -0.49245736442062
C           -2.13188768196360        1.11379704268792        0.00755347145342
H            2.41609723875483        1.81518961264607        0.06266009116705
H            0.69945209948432        1.59532270122520       -0.29119691421988
H            1.91522903055541        0.90101443255229       -1.36811776853605
H            2.69050356752061       -0.60325923530310        0.48367208850178
H            1.44342980975313        0.04209678897087        1.54164410742413
H            0.82135538383362       -1.36791855682420       -1.09344899004405
H            0.96948305103923       -2.21513513367954        0.44180159818258
H           -1.33973221580589       -1.89516418182938        0.10263896979861
H           -0.88713422510820       -0.76377534423974        1.37843642552946
H           -1.21407032660059        0.07738506436045       -1.56566804814102
H           -2.56042126593404        1.88450942656131       -0.62488613659244
H           -2.30579297653843        1.20432340408313        1.07644112908537
18
 energy: -235.753435433113 gnorm: 0.002373028469 xtb: 6.7.1 (edcfbbe)
C            1.68780086147105        1.11053702901459       -0.32153616631539
C            1.68171549092313       -0.18239412565576        0.49496474028629
C            0.70255402575015       -1.24988363256979       -0.00787997148680
C           -0.77796253967326       -0.97750272121358        0.30758703199443
C           -1.39973723076982        0.12749638028812       -0.49064114721090
C           -2.13667048116661        1.11904115640333        0.01035031465721
H            2.43863841865767        1.81229692977177        0.05876271227592
H            0.71732327784035        1.61366517693122       -0.29084280970524
H            1.92258407473959        0.90499801638432       -1.37297996601125
H            2.69345670440057       -0.60718983330028        0.48693925417313
H            1.45245881777853        0.04322363239950        1.54574039615826
H            0.82451949734599       -1.37672965042915       -1.09335332796915
H            0.96657821212293       -2.21211341641349        0.44665866607026
H           -1.33859586381018       -1.90040065524126        0.09721517154471
H           -0.89906546070114       -0.77299265824050        1.37957400015329
H           -1.23258284523045        0.07762213974116       -1.56914425391002
H           -2.58240890611525        1.87734307711972       -0.62965561211159
H           -2.31952903553012        1.20103558972262        1.08115805552369
18
 energy: -235.753476594874 gnorm: 0.001932226004 xtb: 6.7.1 (edcfbbe)
C            1.69543796955954        1.11146369887758       -0.32204023136646
C            1.68279405638366       -0.18052523810511        0.49492025705463
C            0.70231538572482       -1.24705815593891       -0.00671420309605
C           -0.77957831182345       -0.97692266220247        0.30594442615028
C           -1.40685562596922        0.12590261673417       -0.49031488122926
C           -2.14772114084281        1.11419551658646        0.01105049803772
H            2.45358391594898        1.80691774587589        0.05608634393911
H            0.72921916790959        1.62299443648982       -0.28856124706951
H            1.92643492238180        0.90472025460045       -1.37417979897994
H            2.69323974770218       -0.60888511665582        0.48711960885380
H            1.45545135535633        0.04680890817474        1.54587481516811
H            0.82587007025732       -1.37874271329317       -1.09152196485204
H            0.96594155984107       -2.20782551909267        0.45163068356787
H           -1.33552538832052       -1.90180929906045        0.09095227995452
H           -0.90502963746094       -0.77742648642236        1.37855885230115
H           -1.24244592204853        0.07937820747721       -1.56943431359902
H           -2.58899782158025        1.87436254537388       -0.62907828331056
H           -2.32305787083129        1.20050433125190        1.08262493439881
18
 energy: -235.753500457158 gnorm: 0.001123612137 xtb: 6.7.1 (edcfbbe)
C            1.70733902619518        1.11257993049374       -0.32344021463633
C            1.68401012913292       -0.17737942144642        0.49451519498521
C            0.70177403578063       -1.24293152555707       -0.00386307717612
C           -0.78187201686867       -0.97551703380782        0.30272336851025
C           -1.41387564699725        0.12596113366757       -0.48953696333831
C           -2.15678617866383        1.11056233149595        0.01384219276611
H            2.47834464930598        1.79613515943316        0.04949550068247
H            0.74896792588839        1.63722157361208       -0.28339302005265
H            1.93018452466226        0.90144417105175       -1.37569572972874
H            2.69179785270179       -0.61154143887061        0.48743565045239
H            1.45760785893900        0.05404415270471        1.54412598603570
H            0.82803667122477       -1.37953080905646       -1.08681237056251
H            0.96397738276426       -2.20082013911104        0.46105156465554
H           -1.33181619364764       -1.90146104810025        0.07826151716494
H           -0.91280440477889       -0.78378557322320        1.37545838464898
H           -1.25531867182808        0.08311300788140       -1.56883635596788
H           -2.60589555867918        1.86421215143508       -0.62649353506150
H           -2.33259568395307        1.19574773850113        1.08408133524518
18
 energy: -235.753505990707 gnorm: 0.000515988607 xtb: 6.7.1 (edcfbbe)
C            1.70622056518139        1.11171095305614       -0.32444648569123
C            1.68357428393436       -0.17711097430739        0.49593597052715
C            0.70213238199643       -1.24276681854106       -0.00416455137073
C           -0.78131600561118       -0.97552668496033        0.30241677489256
C           -1.41089188346048        0.12748020454286       -0.48961562032521
C           -2.15629994255005        1.11004328708796        0.01450872516707
H            2.47839149846383        1.79462087251659        0.04610222614715
H            0.74886894960785        1.63746327962810       -0.28301753104919
H            1.92639767253095        0.89909604581666       -1.37692077057553
H            2.69130475416698       -0.61101077242912        0.49033262245460
H            1.45550523883434        0.05512460964082        1.54493552945889
H            0.82928991467912       -1.37873256009918       -1.08704376459223
H            0.96368882104867       -2.20058423528434        0.46076839138345
H           -1.33196575111924       -1.90054284286448        0.07664344665203
H           -0.91279650533047       -0.78410870473867        1.37496230475006
H           -1.25198399101498        0.08387578546551       -1.56875866544967
H           -2.60607921095560        1.86466355648835       -0.62468177810455
H           -2.33296496451661        1.19435951252450        1.08496322482997
18
 energy: -235.753510702630 gnorm: 0.000550390001 xtb: 6.7.1 (edcfbbe)
C            1.70535670120017        1.11085471320322       -0.32607104484015
C            1.68258850590990       -0.17650700468029        0.49738941231129
C            0.70271794771872       -1.24350042369550       -0.00361853844226
C           -0.78073857020301       -0.97579502133811        0.30148935058192
C           -1.40867485112739        0.12897909811570       -0.48985077005255
C           -2.15559976115937        1.10984302850737        0.01586660403359
H            2.48074283923616        1.79282227246118        0.03912348745703
H            0.74963031548057        1.63913242205859       -0.28185082462955
H            1.91989018532509        0.89471717885226       -1.37908896677476
H            2.69069122242326       -0.60933110358689        0.49504979184625
H            1.45170330095994        0.05777446653008        1.54537397388598
H            0.83137122426848       -1.37880280386011       -1.08648250910319
H            0.96404086512763       -2.20132676582620        0.46120989109321
H           -1.33228596751442       -1.89973394082644        0.07388703293507
H           -0.91317675333057       -0.78542707510047        1.37406048524900
H           -1.24560102117438        0.08768151599383       -1.56856256361110
H           -2.60538200053342        1.86667448353479       -0.62133226515739
H           -2.33619805993449        1.18999990317905        1.08632887270947
18
 energy: -235.753510702630 gnorm: 0.000550390001 xtb: 6.7.1 (edcfbbe)
C            1.70535670120017        1.11085471320322       -0.32607104484015
C            1.68258850590990       -0.17650700468029        0.49738941231129
C            0.70271794771872       -1.24350042369550       -0.00361853844226
C           -0.78073857020301       -0.97579502133811        0.30148935058192
C           -1.40867485112739        0.12897909811570       -0.48985077005255
C           -2.15559976115937        1.10984302850737        0.01586660403359
H            2.48074283923616        1.79282227246118        0.03912348745703
H            0.74963031548057        1.63913242205859       -0.28185082462955
H            1.91989018532509        0.89471717885226       -1.37908896677476
H            2.69069122242326       -0.60933110358689        0.49504979184625
H            1.45170330095994        0.05777446653008        1.54537397388598
H            0.83137122426848       -1.37880280386011       -1.08648250910319
H            0.96404086512763       -2.20132676582620        0.46120989109321
H           -1.33228596751442       -1.89973394082644        0.07388703293507
H           -0.91317675333057       -0.78542707510047        1.37406048524900
H           -1.24560102117438        0.08768151599383       -1.56856256361110
H           -2.60538200053342        1.86667448353479       -0.62133226515739
H           -2.33619805993449        1.18999990317905        1.08632887270947
