16
 energy: -308.781544834354 gnorm: 0.000614123943 xtb: 6.7.1 (edcfbbe)
C           -2.12058948353419       -0.99830163121245        0.29436087057169
O           -1.57162244381500       -0.01251228212848       -0.58350623842381
C           -0.81236572228602        0.98753965340223        0.10444634183543
C            0.52264394397349        0.50110928318947        0.62106859571496
O            1.31997450397964        0.07543948959344       -0.48520263341552
C            2.58500198990717       -0.42519668611046       -0.05269070066595
H           -2.75741917981358       -1.64502176584555       -0.31358106253334
H           -2.72825521855014       -0.52742970662240        1.07983445934526
H           -1.34186979464424       -1.61265043185359        0.76454334697023
H           -0.65263350912903        1.79170004707517       -0.62174417030120
H           -1.39087772589063        1.39156200630928        0.94971806148115
H            0.40358717051716       -0.32461011908772        1.33892726811006
H            1.01223118226345        1.33460975907834        1.15025318619146
H            2.46029618063347       -1.29246905005643        0.61161236976660
H            3.15733236770446        0.34956500751589        0.47766718441661
H            3.13656878818557       -0.73180392091177       -0.94483762916377
16
 energy: -308.781547138582 gnorm: 0.000252839971 xtb: 6.7.1 (edcfbbe)
C           -2.11941715985235       -0.99850091041551        0.29445476211858
O           -1.57263296499233       -0.01184971957412       -0.58367853618837
C           -0.81257769068148        0.98824951002800        0.10382507495673
C            0.52216640276173        0.50133106005938        0.62098896201135
O            1.32001951153028        0.07608195380535       -0.48539374637838
C            2.58444896310916       -0.42522820723096       -0.05211179880253
H           -2.75841378238200       -1.64416646228290       -0.31272371269319
H           -2.72452742213997       -0.52811531937701        1.08257751419814
H           -1.33944245186973       -1.61378510431809        0.76132145853935
H           -0.65284947169752        1.79179072337248       -0.62297211576332
H           -1.39097879979328        1.39210169899735        0.94905147124799
H            0.40241225632634       -0.32530280735796        1.33794827006471
H            1.01250433518205        1.33416868505975        1.15078573870523
H            2.45856722196530       -1.29198153525770        0.61246473147560
H            3.15683785059599        0.34939973017479        0.47822198866047
H            3.13588639925035       -0.73266345846739       -0.94389052892742
16
 energy: -308.781547138582 gnorm: 0.000252839971 xtb: 6.7.1 (edcfbbe)
C           -2.11941715985235       -0.99850091041551        0.29445476211858
O           -1.57263296499233       -0.01184971957412       -0.58367853618837
C           -0.81257769068148        0.98824951002800        0.10382507495673
C            0.52216640276173        0.50133106005938        0.62098896201135
O            1.32001951153028        0.07608195380535       -0.48539374637838
C            2.58444896310916       -0.42522820723096       -0.05211179880253
H           -2.75841378238200       -1.64416646228290       -0.31272371269319
H           -2.72452742213997       -0.52811531937701        1.08257751419814
H           -1.33944245186973       -1.61378510431809        0.76132145853935
H           -0.65284947169752        1.79179072337248       -0.62297211576332
H           -1.39097879979328        1.39210169899735        0.94905147124799
H            0.40241225632634       -0.32530280735796        1.33794827006471
H            1.01250433518205        1.33416868505975        1.15078573870523
H            2.45856722196530       -1.29198153525770        0.61246473147560
H            3.15683785059599        0.34939973017479        0.47822198866047
H            3.13588639925035       -0.73266345846739       -0.94389052892742
