23
 energy: -23.156210146139 gnorm: 0.023525206207 xtb: 6.7.1 (edcfbbe)
C            3.13317490391935       -0.86281270219445        0.31380868284159
C            1.84498099016340       -0.49095153172555       -0.41532271981406
C            1.05554627752255        0.59776291612049        0.31509176324132
C           -0.28405904280400        0.96492187566926       -0.34904808255363
C           -1.52374547421276        0.32037209299547        0.28797931122968
C           -2.79078723572568        0.80601074368139       -0.41757840861291
C           -1.46592830385126       -1.20744224930084        0.27927744085871
H            3.69872285568973       -1.62695662164874       -0.22952155034129
H            3.78173824672552        0.01282233107289        0.43331252771285
H            2.91671103611728       -1.25448717405172        1.31437213227723
H            1.22184115003933       -1.38419372702655       -0.54208513472807
H            2.08220318211456       -0.13572895233044       -1.42682185324449
H            0.87513474075088        0.28087697167928        1.35229294185350
H            1.69278818458262        1.48887168846572        0.38009327247440
H           -0.42389895166543        2.05250681534344       -0.32005799934995
H           -0.25186672983966        0.69009670848496       -1.41389309439547
H           -1.56523011745582        0.65172705223617        1.33627161332439
H           -2.86660798486016        1.89881768369461       -0.39431622678431
H           -2.78819275205489        0.49176859939992       -1.46874107892549
H           -3.69047377173778        0.39389512142446        0.05235604117347
H           -1.40277617729077       -1.58600172445658       -0.74860381608089
H           -2.36677992067415       -1.63054901125662        0.73786332709718
H           -0.60270526414352       -1.58801198302525        0.83425448318742
23
 energy: -23.157033302722 gnorm: 0.007518340550 xtb: 6.7.1 (edcfbbe)
C            3.12234763051135       -0.85403992598849        0.31413388073006
C            1.83826061642620       -0.48905764498107       -0.41842504730906
C            1.05387878241528        0.59609711766075        0.31958889948981
C           -0.27894779369321        0.95362222265602       -0.35404597122438
C           -1.51624260033727        0.31741915628657        0.29427516306777
C           -2.77833106759986        0.80234082480762       -0.41656640129862
C           -1.46867116607790       -1.20723175053135        0.27461790581570
H            3.67696198201890       -1.61443153058382       -0.23426674049708
H            3.76444214962647        0.01962746915505        0.42825863184507
H            2.90226688713833       -1.24451214642596        1.30798017647519
H            1.22247782388039       -1.38400446246022       -0.53469408528017
H            2.08423036733923       -0.13151370375213       -1.42344891124893
H            0.86949925486857        0.27786773182771        1.35071619952206
H            1.68352166484026        1.48948855081297        0.37339095793444
H           -0.41383741206310        2.03848026369033       -0.31925972195043
H           -0.24125946865675        0.67177052987560       -1.41175166216622
H           -1.56143817908653        0.64766938050139        1.34053510364004
H           -2.84855597714081        1.88929925567416       -0.38810676725973
H           -2.77444144599068        0.48901686127512       -1.46124763224321
H           -3.66957050363302        0.39192965014273        0.05688680688564
H           -1.40364168662319       -1.57693955439534       -0.74944598902933
H           -2.37011667311310       -1.61897257176653        0.72830887716701
H           -0.61304334374024       -1.58061080022980        0.83354989937556
23
 energy: -23.157112039861 gnorm: 0.001507594200 xtb: 6.7.1 (edcfbbe)
C            3.12227902638493       -0.85244750184042        0.31474886564199
C            1.83732633172704       -0.48854260008424       -0.41784007419329
C            1.05336928346124        0.59669474377291        0.31918431533240
C           -0.27921804548007        0.95150293617321       -0.35548230683941
C           -1.51472054300210        0.31510740767660        0.29410441121304
C           -2.77655411139899        0.80430294293742       -0.41471479995360
C           -1.46926489783433       -1.20962435155643        0.27348266058140
H            3.67399077969916       -1.61177649720415       -0.23407409985198
H            3.75957945458613        0.02201760169524        0.42631036731597
H            2.89934471569156       -1.24003169654328        1.30644849994200
H            1.22235034987330       -1.38205522451120       -0.53036882765541
H            2.08344034133278       -0.12926742705563       -1.42007631980332
H            0.86906457147545        0.27706063500483        1.34713230986813
H            1.68174944426569        1.48905422323587        0.36993903442912
H           -0.41556627097415        2.03500927710273       -0.32527701503916
H           -0.24095054157299        0.66024641048818       -1.40758012821285
H           -1.55726822013419        0.64508832013342        1.33901845221760
H           -2.84213736941834        1.88943049837455       -0.38451516702457
H           -2.76946332001308        0.49037129770575       -1.45627298462108
H           -3.66458063155299        0.39402637622467        0.06008002813845
H           -1.40174018743014       -1.57269477430201       -0.74974763425993
H           -2.37309753629582       -1.61673380576150        0.72157946218055
H           -0.61814278208074       -1.58342386841518        0.83490452303515
23
 energy: -23.157126408164 gnorm: 0.000995166717 xtb: 6.7.1 (edcfbbe)
C            3.12377819256203       -0.85078694229648        0.31580389061186
C            1.83758835740571       -0.48845589536061       -0.41808637312179
C            1.05360229568022        0.59731103089829        0.31905057543812
C           -0.27925440373383        0.94844737954909       -0.35812440882746
C           -1.51396533120630        0.31480376882184        0.29573946889670
C           -2.77690685364153        0.80620486035406       -0.41162105875773
C           -1.47088831212713       -1.21084706690869        0.27171623285561
H            3.67533546625558       -1.61052633538313       -0.23218047402539
H            3.75965417900091        0.02474196534462        0.42551711807415
H            2.90016097584885       -1.23661289484736        1.30787894712483
H            1.22278379707409       -1.38189230067947       -0.52877520549174
H            2.08292861395777       -0.13001148425613       -1.42040516840174
H            0.86921332332186        0.27841877125016        1.34684294909466
H            1.68072143136769        1.49022921687994        0.36873937103685
H           -0.41641111025952        2.03166127194096       -0.33400617962750
H           -0.24106291569063        0.65063117672301       -1.40801690515249
H           -1.55317296984199        0.64360122763627        1.34103612109176
H           -2.83911114002269        1.89130914112035       -0.37993126155927
H           -2.77018869072536        0.49298206658539       -1.45326225878166
H           -3.66491864189044        0.39713387428498        0.06397668914311
H           -1.39899707157921       -1.57116184933694       -0.75210365061016
H           -2.37786512811786       -1.61663976843955        0.71459175469736
H           -0.62323422232887       -1.58722629062926        0.83660339873316
23
 energy: -23.157139388774 gnorm: 0.001112559770 xtb: 6.7.1 (edcfbbe)
C            3.12690361244574       -0.84843417939915        0.31728325342215
C            1.83975727870791       -0.48838703488513       -0.41730652431887
C            1.05352383858119        0.59777373758631        0.31735925865105
C           -0.27977005357876        0.94430008322931       -0.36214931016706
C           -1.51368872466312        0.31391871022615        0.29617475969273
C           -2.77829284161600        0.80991847371392       -0.40609071662750
C           -1.47396784364154       -1.21234364442459        0.26942990571242
H            3.67906954562145       -1.60915055437022       -0.22905699857957
H            3.76196400078737        0.02819735711408        0.42486376519181
H            2.90312720212178       -1.23218419320552        1.31034578314708
H            1.22564657776586       -1.38266605497015       -0.52604111844202
H            2.08483194835294       -0.13173668475471       -1.42036488391223
H            0.86856563351428        0.27983831570660        1.34551601019157
H            1.67871273206107        1.49212198952416        0.36671762982264
H           -0.41703978045667        2.02778348892251       -0.34753890235676
H           -0.24158512427027        0.63758695045303       -1.40966620212602
H           -1.54808117368593        0.64095604123266        1.34213468821101
H           -2.83743996330650        1.89536390042291       -0.37239062552564
H           -2.77507181296544        0.49824793179393       -1.44848122355985
H           -3.66627215776996        0.40241642919745        0.07126320001643
H           -1.39437816906903       -1.57014608492124       -0.75503628822519
H           -2.38550094017909       -1.61776229522932        0.70398387865714
H           -0.63122394344792       -1.59229775971165        0.84003423356592
23
 energy: -23.157147282155 gnorm: 0.000664204023 xtb: 6.7.1 (edcfbbe)
C            3.12918421569971       -0.84539985826021        0.31918193916981
C            1.84215257865271       -0.48884283951905       -0.41658670091802
C            1.05321961867306        0.59693754198826        0.31530151393981
C           -0.27998520439935        0.93958307730347       -0.36638227753957
C           -1.51360766506653        0.31317662251736        0.29580468143349
C           -2.77940251316393        0.81314710882891       -0.40082258395225
C           -1.47684085796171       -1.21287973262942        0.26667027802323
H            3.68222126945111       -1.60669698553914       -0.22550998953884
H            3.76380285254345        0.03178440567690        0.42501754403738
H            2.90632038259248       -1.22746485792338        1.31311960365639
H            1.22936083591389       -1.38438331345566       -0.52383473798260
H            2.08721361681585       -0.13380315970694       -1.42036016562259
H            0.86777395542534        0.27987290220404        1.34377827603380
H            1.67657735088085        1.49265566552611        0.36450859011974
H           -0.41706060157948        2.02316417198766       -0.35867917759430
H           -0.24226478566033        0.62660217984631       -1.41218041011092
H           -1.54332456143928        0.63916255349022        1.34229453897871
H           -2.83614770639675        1.89866743419360       -0.36488415340693
H           -2.78160662520489        0.50357268706561       -1.44391361068870
H           -3.66652470091099        0.40706979879091        0.07941097857230
H           -1.39130141390814       -1.56979244442367       -0.75763077607922
H           -2.39163471480819       -1.61755918095072        0.69474425621869
H           -0.63833548483951       -1.59525885375978        0.84193595569184
23
 energy: -23.157150802854 gnorm: 0.000187821334 xtb: 6.7.1 (edcfbbe)
C            3.13051390857000       -0.84339163018571        0.32043346073014
C            1.84364203645986       -0.48980501195268       -0.41617988105696
C            1.05276072568468        0.59585661595116        0.31355513314631
C           -0.28005696671160        0.93754466961542       -0.36899713821300
C           -1.51344587079181        0.31244706027091        0.29487949070251
C           -2.77994766996611        0.81504256858430       -0.39779833443205
C           -1.47875385719465       -1.21340974784535        0.26522964697247
H            3.68502726104168       -1.60493254472638       -0.22256395675547
H            3.76408640817411        0.03473850745709        0.42518055546549
H            2.90791126825510       -1.22402136154434        1.31500379618782
H            1.23222992767153       -1.38648729058458       -0.52268703335298
H            2.08888309969345       -0.13595102345693       -1.42039446195414
H            0.86664429577100        0.27936777659136        1.34212248623213
H            1.67536245960534        1.49213212627596        0.36284091734900
H           -0.41654941525445        2.02121016326171       -0.36378057286724
H           -0.24250270834018        0.62213976925526       -1.41404562710631
H           -1.54049931104498        0.63805925365360        1.34158582199198
H           -2.83532524622043        1.90061373003210       -0.36056753553800
H           -2.78599258538677        0.50666321969722       -1.44118769717083
H           -3.66626820803724        0.40974769603315        0.08465081148395
H           -1.39196404989014       -1.56976181470135       -0.75907636311978
H           -2.39451897807337       -1.61754844829897        0.69149028051390
H           -0.64144668270563       -1.59693936013157        0.84128977323233
23
 energy: -23.157152858477 gnorm: 0.000296443439 xtb: 6.7.1 (edcfbbe)
C            3.13124640024287       -0.84201182356359        0.32136435001666
C            1.84443106039093       -0.49084955508717       -0.41609840208323
C            1.05274080347368        0.59490584351182        0.31243021381644
C           -0.28001492754716        0.93633815568029       -0.37027703790498
C           -1.51355042129608        0.31218829398427        0.29428107765877
C           -2.78049105889704        0.81605612490808       -0.39629086254155
C           -1.47968117871220       -1.21354224088705        0.26411331287925
H            3.68704866906035       -1.60364021076286       -0.22025538996455
H            3.76390702817953        0.03692845818306        0.42526437245692
H            2.90889917056614       -1.22158522788623        1.31643914780902
H            1.23387784217006       -1.38830888841958       -0.52179844069266
H            2.08950077994663       -0.13790717538567       -1.42075007493325
H            0.86631423093286        0.27879867906735        1.34110423008220
H            1.67542587174701        1.49119522839559        0.36164000835079
H           -0.41627573024707        2.02002522288451       -0.36527198623638
H           -0.24279912389619        0.62076486296329       -1.41530981163903
H           -1.53907516847984        0.63759198429014        1.34114289522207
H           -2.83506102818372        1.90167091535841       -0.35855457247414
H           -2.78876378748652        0.50819709360849       -1.43981967756547
H           -3.66641248562849        0.41133553231619        0.08744316355736
H           -1.39458961071558       -1.56996170267379       -0.76033129864998
H           -2.39505765028262       -1.61714359657003        0.69159801259512
H           -0.64182984402819       -1.59773105066413        0.83892034268192
23
 energy: -23.157154626724 gnorm: 0.000288664417 xtb: 6.7.1 (edcfbbe)
C            3.13183940256502       -0.84086003881261        0.32207098346224
C            1.84476393646977       -0.49188352916589       -0.41591989156175
C            1.05262718584051        0.59416443987565        0.31167261159674
C           -0.27998629379896        0.93579761820620       -0.37114291810222
C           -1.51339956161306        0.31191688574163        0.29396968665041
C           -2.78058857617633        0.81672866860335       -0.39535761338308
C           -1.48060520688632       -1.21379031931219        0.26319817359923
H            3.68863511145486       -1.60254032457737       -0.21839442983007
H            3.76347490849250        0.03889562249836        0.42500189249655
H            2.90970452542548       -1.21936316680698        1.31757121161438
H            1.23498856352733       -1.38997843193553       -0.52052967181907
H            2.08950536914901       -0.13996063356588       -1.42099465637612
H            0.86609123575432        0.27860807312193        1.34048142609871
H            1.67542180600020        1.49039050403157        0.36044411578846
H           -0.41599599434930        2.01954231598387       -0.36602430162235
H           -0.24299836180540        0.62019498788975       -1.41617780840165
H           -1.53796843253257        0.63694451611695        1.34096936070438
H           -2.83439482751287        1.90234548901580       -0.35732398564083
H           -2.79026656975403        0.50909102607627       -1.43890288649145
H           -3.66620930178618        0.41253417019451        0.08930833427993
H           -1.39862262610494       -1.56990579285092       -0.76160503161812
H           -2.39495090868451       -1.61705504622634        0.69322642768673
H           -0.64127554236517       -1.59850211085072        0.83544254331022
23
 energy: -23.157156360049 gnorm: 0.000189903722 xtb: 6.7.1 (edcfbbe)
C            3.13266194074306       -0.83971471240932        0.32270096409384
C            1.84501292278701       -0.49286695783989       -0.41546924462811
C            1.05275400159195        0.59379979471100        0.31113111540598
C           -0.27994503724570        0.93495349300680       -0.37177458966499
C           -1.51340180340630        0.31156156176739        0.29369265823624
C           -2.78083785720865        0.81758515631482       -0.39445296462437
C           -1.48155475053288       -1.21416455897719        0.26213841775991
H            3.69008236154164       -1.60159730510249       -0.21679589194422
H            3.76330150348520        0.04089842295307        0.42423193840725
H            2.91093965002048       -1.21695344382307        1.31876158045019
H            1.23590307584080       -1.39155609001038       -0.51851848929187
H            2.08911552739077       -0.14223730535488       -1.42110715764085
H            0.86612638687653        0.27902924778620        1.34013107748899
H            1.67558279732932        1.49002810788459        0.35919244111321
H           -0.41586605660232        2.01870443924590       -0.36701207943669
H           -0.24303370024272        0.61896677993592       -1.41666748080020
H           -1.53703718039390        0.63602984692708        1.34086023677735
H           -2.83366673498453        1.90323541671935       -0.35618948580743
H           -2.79140126316304        0.51008707884562       -1.43799970684329
H           -3.66635478778111        0.41394939680837        0.09083350316739
H           -1.40370101433529       -1.56971506927564       -0.76318861000778
H           -2.39457836320148       -1.61698071678476        0.69545395052812
H           -0.64031177719948       -1.59972766007708        0.83103138970260
23
 energy: -23.157157812018 gnorm: 0.000101762644 xtb: 6.7.1 (edcfbbe)
C            3.13371344095125       -0.83859004508646        0.32323160260979
C            1.84529318426321       -0.49362340004662       -0.41473914363317
C            1.05274436062128        0.59356669780031        0.31079326031665
C           -0.27999248635673        0.93406702389426       -0.37249745258782
C           -1.51332355233485        0.31121494056827        0.29369457187673
C           -2.78088048346086        0.81841724621375       -0.39354684109087
C           -1.48279564241997       -1.21457499079454        0.26100820257036
H            3.69136362891533       -1.60082067369294       -0.21551681654768
H            3.76375038115687        0.04263748336646        0.42314653993662
H            2.91280496802064       -1.21457827466382        1.31995134075127
H            1.23663943006359       -1.39279793910870       -0.51609034624756
H            2.08852781946833       -0.14431116197045       -1.42103582539653
H            0.86625862660401        0.27980880949080        1.34014738777097
H            1.67548268810872        1.48989024936540        0.35788028148459
H           -0.41600791143095        2.01781956753775       -0.36877559653308
H           -0.24308422912422        0.61705722104363       -1.41709520738246
H           -1.53603849596666        0.63506755752183        1.34108284025687
H           -2.83278737941317        1.90409285926131       -0.35475570659412
H           -2.79232417434845        0.51137556736713       -1.43725452605591
H           -3.66640881550123        0.41529429481978        0.09213538465429
H           -1.40870623049529       -1.56956557485083       -0.76483568943942
H           -2.39459713211036       -1.61705574928546        0.69729858223059
H           -0.63984215390108       -1.60107678549948        0.82675672949119
23
 energy: -23.157158882597 gnorm: 0.000127465248 xtb: 6.7.1 (edcfbbe)
C            3.13464329758825       -0.83753920290324        0.32357261967227
C            1.84554247817580       -0.49415454385521       -0.41407085582567
C            1.05286992385133        0.59355072350766        0.31062929613477
C           -0.27993120916285        0.93297792466298       -0.37312737010699
C           -1.51330929587943        0.31078773455511        0.29357208027382
C           -2.78096548172333        0.81929470412182       -0.39265944045091
C           -1.48397394697155       -1.21503284941871        0.26014736745598
H            3.69217339843010       -1.60019934121681       -0.21464973118525
H            3.76432801398310        0.04410656704719        0.42187946682072
H            2.91455953654084       -1.21234214736451        1.32090540798499
H            1.23736484738836       -1.39380057156212       -0.51396795342459
H            2.08807909052997       -0.14595631898013       -1.42089536036865
H            0.86637734493896        0.28065567926788        1.34023100553139
H            1.67526359810521        1.49014764161083        0.35692788075177
H           -0.41600555848452        2.01670988683103       -0.37072644077082
H           -0.24291596301918        0.61467767833957       -1.41730854533103
H           -1.53518631625494        0.63407770520132        1.34112029396579
H           -2.83212764438938        1.90497307097897       -0.35312146692110
H           -2.79292489703702        0.51292444363648       -1.43654025549522
H           -3.66652220758238        0.41638146906418        0.09311690000039
H           -1.41232939148493       -1.56940023008863       -0.76607468405652
H           -2.39515382871341       -1.61709191732964        0.69816205763013
H           -0.64006594751963       -1.60243318285461        0.82386130015602
23
 energy: -23.157159722804 gnorm: 0.000129813897 xtb: 6.7.1 (edcfbbe)
C            3.13560787429877       -0.83669905775875        0.32379644532628
C            1.84592716312104       -0.49453417704532       -0.41345501502303
C            1.05283790824223        0.59341934674269        0.31038832870240
C           -0.28001876295580        0.93200661158898       -0.37372912083071
C           -1.51339012683232        0.31048442615214        0.29356989172701
C           -2.78106203869110        0.82008941439209       -0.39185920828612
C           -1.48498743710868       -1.21535945678591        0.25944630961439
H            3.69302357199347       -1.59984533624307       -0.21388827085746
H            3.76505753794793        0.04528581478125        0.42062816863250
H            2.91624493806888       -1.21034747520853        1.32172725552153
H            1.23809543939139       -1.39453461108574       -0.51218335740171
H            2.08779730228542       -0.14719163008877       -1.42072652101104
H            0.86638073196576        0.28116083832978        1.34018681727488
H            1.67497041681989        1.49021042924712        0.35612420581694
H           -0.41618315782207        2.01571723956249       -0.37264283784093
H           -0.24290551799986        0.61247296457011       -1.41751695176102
H           -1.53446256199970        0.63340600657320        1.34124868652131
H           -2.83173114972861        1.90576082310162       -0.35135882231031
H           -2.79343930605039        0.51462213483415       -1.43601270320797
H           -3.66663710031961        0.41712440840840        0.09385053560325
H           -1.41453361521232       -1.56937706482529       -0.76697961366227
H           -2.39600105293749       -1.61702377750807        0.69815586793448
H           -0.64080121516745       -1.60353294848316        0.82221348195893
23
 energy: -23.157160459100 gnorm: 0.000116481231 xtb: 6.7.1 (edcfbbe)
C            3.13637495109688       -0.83577016574092        0.32398634281723
C            1.84621856997820       -0.49496156176661       -0.41306631273171
C            1.05284315929225        0.59317378507648        0.31018692941958
C           -0.27998688154095        0.93109315823838       -0.37435164912136
C           -1.51339633129341        0.31021057704171        0.29346673606324
C           -2.78114367111147        0.82080861373051       -0.39106803718527
C           -1.48595612075690       -1.21563792539663        0.25892816374779
H            3.69369523582997       -1.59941821614663       -0.21308808834765
H            3.76572102739507        0.04645893189045        0.41939628982495
H            2.91774800990464       -1.20830276103002        1.32250396191144
H            1.23878562767618       -1.39537089314045       -0.51080671551612
H            2.08755323807114       -0.14834587115894       -1.42073460440551
H            0.86634637089852        0.28137197131264        1.34013864421179
H            1.67472667354546        1.49016796920006        0.35555750504379
H           -0.41611386405590        2.01480624291103       -0.37441113379112
H           -0.24290352961989        0.61047959884569       -1.41781478966304
H           -1.53372413791987        0.63285367608848        1.34124590457333
H           -2.83153329668709        1.90645719264330       -0.34944124987570
H           -2.79394107766439        0.51643244567579       -1.43554725824438
H           -3.66672862515907        0.41762264150054        0.09446665488881
H           -1.41573647068328       -1.56937962285499       -0.76761351912702
H           -2.39714516142501       -1.61699702501365        0.69756837030543
H           -0.64191385446169       -1.60443783865481        0.82148142764284
23
 energy: -23.157161138272 gnorm: 0.000077028220 xtb: 6.7.1 (edcfbbe)
C            3.13715714792629       -0.83486507179995        0.32413548566068
C            1.84654981596177       -0.49551080068372       -0.41271437094067
C            1.05276758388608        0.59278349973100        0.30983089705721
C           -0.28003839043643        0.93020906259952       -0.37497477706303
C           -1.51347934249890        0.30998144364174        0.29339371606034
C           -2.78126404970599        0.82156824459908       -0.39027441048036
C           -1.48678940633180       -1.21585374806852        0.25842628801040
H            3.69453856333698       -1.59903930557712       -0.21213179764115
H            3.76618818744193        0.04775090815610        0.41802176895548
H            2.91914073581400       -1.20606183384517        1.32327748521297
H            1.23965048037684       -1.39639883571815       -0.50943238200901
H            2.08735583675593       -0.14967079634600       -1.42077235204036
H            0.86616292776079        0.28134551468683        1.33986464683649
H            1.67445589623592        1.48992698766285        0.35496153776162
H           -0.41604166446911        2.01392658984697       -0.37591000641447
H           -0.24298127375878        0.60873957387145       -1.41817198710524
H           -1.53304947933300        0.63239146430604        1.34126042616565
H           -2.83145195470397        1.90717886944842       -0.34743448722094
H           -2.79444207961848        0.51833946202508       -1.43507052589316
H           -3.66677166969284        0.41801708927378        0.09509183425101
H           -1.41642690843765       -1.56936755311246       -0.76818092400618
H           -2.39832247231691       -1.61684890977583        0.69664851893364
H           -0.64311864288327       -1.60522693167053        0.82113898835042
23
 energy: -23.157161692116 gnorm: 0.000054055207 xtb: 6.7.1 (edcfbbe)
C            3.13785941830862       -0.83393680533499        0.32431214465260
C            1.84679557861965       -0.49615664061690       -0.41243566411548
C            1.05272318695215        0.59231057214694        0.30947446704761
C           -0.28004720719351        0.92950855129525       -0.37551787678817
C           -1.51352306347628        0.30979187076476        0.29324226879558
C           -2.78141529144651        0.82222022607465       -0.38953543391746
C           -1.48754876014247       -1.21603289095231        0.25792891031739
H            3.69535740331762       -1.59861946985516       -0.21111227895881
H            3.76658300203541        0.04906516175243        0.41669556523089
H            2.92047978156914       -1.20383138079839        1.32408021330026
H            1.24035007051839       -1.39747980705318       -0.50806951825723
H            2.08700049823087       -0.15111221068005       -1.42091950180606
H            0.86605088448168        0.28122260761552        1.33960752502117
H            1.67439381790330        1.48948297047305        0.35433525562223
H           -0.41590835943624        2.01324569774528       -0.37709538122492
H           -0.24313441494967        0.60743001446946       -1.41852899919931
H           -1.53238391708423        0.63200402979798        1.34118453113224
H           -2.83138871328582        1.90779903263347       -0.34561091681667
H           -2.79502507703922        0.52003047107924       -1.43462391287079
H           -3.66685619574555        0.41839285068657        0.09574604029292
H           -1.41693235183917       -1.56935378265102       -0.76871949178258
H           -2.39939421469421       -1.61677093495244        0.69570722975528
H           -0.64424623429455       -1.60589521038874        0.82083839701063
23
 energy: -23.157162116716 gnorm: 0.000051805439 xtb: 6.7.1 (edcfbbe)
C            3.13844158678235       -0.83313309673842        0.32442437817234
C            1.84690424111489       -0.49682609216865       -0.41212259702230
C            1.05266375794157        0.59193730504030        0.30916334498111
C           -0.28006936228929        0.92892813675498       -0.37598271954773
C           -1.51354904128711        0.30961946058566        0.29316808259118
C           -2.78149871468750        0.82280191967389       -0.38890822580606
C           -1.48812951779691       -1.21619444580839        0.25744098576586
H            3.69608725675162       -1.59825188730061       -0.21022556096995
H            3.76680662430910        0.05027372211661        0.41540227289882
H            2.92166692793558       -1.20181131554721        1.32477230462379
H            1.24094887826721       -1.39860797870917       -0.50666998746851
H            2.08655516808072       -0.15262657161441       -1.42103015679855
H            0.86591516438649        0.28125900597812        1.33941003015158
H            1.67430828553613        1.48915479900004        0.35372123856319
H           -0.41577698265661        2.01268436713256       -0.37792409839244
H           -0.24322437679851        0.60647874923100       -1.41889284520934
H           -1.53184716112450        0.63158894414531        1.34120135103468
H           -2.83127128454250        1.90836007071268       -0.34418686407926
H           -2.79557019185706        0.52136286234980       -1.43420441545689
H           -3.66685587904891        0.41881215551186        0.09638663728405
H           -1.41739762755166       -1.56927822602730       -0.76928512983695
H           -2.40022733864382       -1.61671256443205        0.69488457893540
H           -0.64509057151189       -1.60650439663518        0.82044096802733
23
 energy: -23.157162451387 gnorm: 0.000051150125 xtb: 6.7.1 (edcfbbe)
C            3.13896488306544       -0.83245062427784        0.32453301316596
C            1.84696686999651       -0.49742910911190       -0.41179269034712
C            1.05267065288189        0.59165240836379        0.30892120041102
C           -0.28007078924322        0.92852579961716       -0.37626881167003
C           -1.51357315577834        0.30946521631993        0.29305183570589
C           -2.78161323290938        0.82323540973193       -0.38839623855145
C           -1.48864100082564       -1.21634431626620        0.25693966869230
H            3.69666175252262       -1.59795338039020       -0.20950436983281
H            3.76702619486198        0.05130349195424        0.41421179766473
H            2.92280303624242       -1.20006577291216        1.32540404949515
H            1.24133392665017       -1.39954072594518       -0.50520746625519
H            2.08599424546485       -0.15406942172607       -1.42113404913298
H            0.86592304693370        0.28144360852115        1.33930807407686
H            1.67440013730487        1.48883050636975        0.35305236347313
H           -0.41570802893356        2.01229328170354       -0.37848168108742
H           -0.24331296494086        0.60581354554653       -1.41909724133322
H           -1.53141637521691        0.63119441799403        1.34116403293686
H           -2.83107447317433        1.90878463361992       -0.34314745188859
H           -2.79606623851330        0.52229172484179       -1.43382281667772
H           -3.66692901150606        0.41926261695489        0.09699911513323
H           -1.41793783673535       -1.56918543876585       -0.76986841990270
H           -2.40086808432989       -1.61671745667985        0.69423644115775
H           -0.64574371250821       -1.60702549221197        0.81988321720766
23
 energy: -23.157162744745 gnorm: 0.000046213111 xtb: 6.7.1 (edcfbbe)
C            3.13942518036596       -0.83182724620502        0.32459494819443
C            1.84690636158806       -0.49803128573481       -0.41138530888635
C            1.05266947103906        0.59147960943738        0.30874603881493
C           -0.28008198972325        0.92818150492485       -0.37650763298879
C           -1.51357383874876        0.30928838783573        0.29299363319071
C           -2.78164313110645        0.82364477672275       -0.38796764887844
C           -1.48905527878041       -1.21651567052321        0.25643733583042
H            3.69712074522919       -1.59769814291291       -0.20891658270101
H            3.76722925711538        0.05223907018406        0.41302059754019
H            2.92391774857440       -1.19846025698878        1.32596553608802
H            1.24157092418080       -1.40046253604101       -0.50365252564338
H            2.08531400833935       -0.15553849043977       -1.42116642530374
H            0.86596959543683        0.28182680697222        1.33931184666452
H            1.67446748053140        1.48864238784242        0.35235278642206
H           -0.41567737531787        2.01195509820926       -0.37886660120013
H           -0.24334929513150        0.60531993012976       -1.41929392720721
H           -1.53105623464343        0.63072841609066        1.34120251719678
H           -2.83079579352245        1.90919657258813       -0.34240342325310
H           -2.79653404435098        0.52298702379807       -1.43347043411135
H           -3.66692027835129        0.41979852399033        0.09759556680335
H           -1.41855981863122       -1.56907096813819       -0.77048194722245
H           -2.40134878600279       -1.61677014009470        0.69370063381338
H           -0.64620506678065       -1.60759844839579        0.81917458927851
23
 energy: -23.157163019584 gnorm: 0.000041669623 xtb: 6.7.1 (edcfbbe)
C            3.13989319893818       -0.83125212931511        0.32464675077697
C            1.84684138811945       -0.49861879248864       -0.41092161569948
C            1.05271984481159        0.59138228819012        0.30859815745385
C           -0.28007277024492        0.92788885375672       -0.37665899790089
C           -1.51357362631191        0.30910413158647        0.29292359234313
C           -2.78169635903136        0.82398185197682       -0.38754708797882
C           -1.48950327085624       -1.21669214459262        0.25585728862909
H            3.69752169235129       -1.59751177221703       -0.20837532603804
H            3.76744342768832        0.05312607730950        0.41171283387225
H            2.92511631933164       -1.19684668081798        1.32655557786104
H            1.24177017663275       -1.40135015950830       -0.50189329775620
H            2.08454616416196       -0.15710405103919       -1.42119926801149
H            0.86609036344870        0.28241198119501        1.33938204961211
H            1.67461085378142        1.48851215699388        0.35155342030403
H           -0.41567905292003        2.01166255062260       -0.37913706866891
H           -0.24334248663845        0.60490263484072       -1.41940655771425
H           -1.53073406160348        0.63021517841210        1.34123616523014
H           -2.83042247202030        1.90954419190946       -0.34178567944761
H           -2.79701164433933        0.52350902536678       -1.43309472852142
H           -3.66697070438917        0.42038463633015        0.09823393608091
H           -1.41931077030403       -1.56893541182005       -0.77119472098685
H           -2.40181073329954       -1.61684210388459        0.69319844824880
H           -0.64663563599713       -1.60815738955539        0.81829970075298
23
 energy: -23.157163266188 gnorm: 0.000033670303 xtb: 6.7.1 (edcfbbe)
C            3.14037011718150       -0.83063302757138        0.32470186854346
C            1.84670777369487       -0.49924591519643       -0.41039861134741
C            1.05275888730176        0.59130713903840        0.30846095533039
C           -0.28008471526604        0.92760424191992       -0.37681456981417
C           -1.51356742431465        0.30888070398056        0.29285624495511
C           -2.78171014587090        0.82437145052925       -0.38714235825103
C           -1.48990640130516       -1.21691282637220        0.25526694408212
H            3.69785465452744       -1.59733573840289       -0.20782712849639
H            3.76773750182186        0.05401472761018        0.41036549467422
H            2.92636427189569       -1.19517200893595        1.32715536781309
H            1.24184503890687       -1.40224344423970       -0.50003716651675
H            2.08366834539953       -0.15872332468068       -1.42118080611049
H            0.86627133288885        0.28306668620551        1.33948994617309
H            1.67477417778392        1.48838847052333        0.35067127487563
H           -0.41573650825334        2.01137403925239       -0.37939287542074
H           -0.24336035469533        0.60452205988178       -1.41953049525302
H           -1.53040109217274        0.62963286184678        1.34128380197582
H           -2.83001728832420        1.90994824635885       -0.34124484525951
H           -2.79749639612886        0.52400595040483       -1.43271367398178
H           -3.66696527335747        0.42105954832584        0.09890126719451
H           -1.42009182583264       -1.56879786501330       -0.77193033550309
H           -2.40221616086886       -1.61696287568387        0.69269504074006
H           -0.64700867370269       -1.60883417652979        0.81734823203824
23
 energy: -23.157163267654 gnorm: 0.000029437830 xtb: 6.7.1 (edcfbbe)
C            3.14037315537518       -0.83063504938526        0.32470424567225
C            1.84670793944052       -0.49924578830873       -0.41040174849806
C            1.05275964144178        0.59130971288905        0.30846072740172
C           -0.28008355554453        0.92760124830239       -0.37681530098114
C           -1.51356244709707        0.30888457780444        0.29286005652950
C           -2.78171449827323        0.82436931680018       -0.38713968598751
C           -1.48991142469305       -1.21691380558683        0.25526131970511
H            3.69785872048751       -1.59733457184918       -0.20782399775202
H            3.76773517772761        0.05401808599346        0.41036201957336
H            2.92636751499675       -1.19516578169584        1.32715911083596
H            1.24185108931490       -1.40224604001542       -0.50003167089556
H            2.08366877200758       -0.15872934497725       -1.42118104462205
H            0.86627065374672        0.28307057969565        1.33948913604943
H            1.67477245758951        1.48838837075225        0.35066688507101
H           -0.41573622018741        2.01137161688762       -0.37939515417079
H           -0.24335973566631        0.60451831641137       -1.41953272255518
H           -1.53039935065377        0.62962991198323        1.34128418166174
H           -2.83001321602824        1.90994973276761       -0.34124069784412
H           -2.79749974544165        0.52400859924767       -1.43271210238325
H           -3.66696731497373        0.42106368787572        0.09890587805200
H           -1.42009711322595       -1.56879847030538       -0.77193520235761
H           -2.40222033726738       -1.61696414930643        0.69269559466368
H           -0.64701032176635       -1.60883583272890        0.81734374527285
