20
 energy: -27.117196276830 gnorm: 0.029976368467 xtb: 6.7.1 (edcfbbe)
C           -3.33845215649883       -0.26097177038848        0.95029520241198
C           -2.82587862149590       -0.15982803644599       -0.48484945036617
C           -1.42665986615129        0.44973225505951       -0.60004366590978
C           -0.35636431292581       -0.39947929222952        0.07578799852578
C            1.03311452969673        0.13898542963645       -0.10439629544461
O            1.32940440973414        1.16662762557739       -0.69048437533549
O            1.95105907839053       -0.66533011622520        0.47218327947979
C            3.33125698076493       -0.23519502662651        0.35811621846248
H           -3.31199761101074        0.71754245862626        1.44357349034044
H           -4.37268196109103       -0.61908643334616        0.97191901417239
H           -2.73971981657059       -0.95409299639715        1.54990818809712
H           -2.82505328720160       -1.15512618934730       -0.94824564574053
H           -3.51874935490315        0.45538438682123       -1.07101039345621
H           -1.42685178100029        1.45376037800452       -0.15820820842292
H           -1.16924482991232        0.56927940440983       -1.65847657825465
H           -0.36800307914501       -1.42703163850460       -0.31010123881188
H           -0.52850990810752       -0.48428180891209        1.15549124584074
H            3.46400476231954        0.74100152415855        0.83081753642392
H            3.62685332911450       -0.18719073656520       -0.69279246189865
H            3.91393274414183       -0.99238567454194        0.88164644750899
20
 energy: -27.118144645174 gnorm: 0.011033051768 xtb: 6.7.1 (edcfbbe)
C           -3.33352697798392       -0.25776834105090        0.94794121380042
C           -2.82191607317855       -0.16321920435667       -0.48356675097382
C           -1.42387695534033        0.44708957977596       -0.59024883084472
C           -0.35393579504571       -0.40654869812645        0.08088647056719
C            1.03187215176057        0.13993589317919       -0.10855915744188
O            1.32073969163013        1.16313790705786       -0.69089992865359
O            1.95039160588270       -0.65237517871758        0.46258320538081
C            3.32379626207993       -0.23683419302104        0.35806358854347
H           -3.30460907847799        0.71859745025323        1.43152307229803
H           -4.36354339441770       -0.61130356439677        0.95737304739164
H           -2.73764276814810       -0.95179714311841        1.53822330727460
H           -2.81869462334073       -1.15886488738074       -0.93668890801437
H           -3.51073201139661        0.45629621549063       -1.06399755215017
H           -1.42053064432812        1.44589195873731       -0.14561726472039
H           -1.16479119915253        0.56705435558996       -1.64528838967293
H           -0.36588025973025       -1.42750001083270       -0.31268889929587
H           -0.52629715927412       -0.48205754993503        1.15776743398834
H            3.44976360958848        0.74072575180697        0.82318390518153
H            3.61296714709478       -0.18179562345878       -0.69130185397083
H            3.89790571992619       -0.99635097473246        0.88244259893525
20
 energy: -27.118289757544 gnorm: 0.003814772659 xtb: 6.7.1 (edcfbbe)
C           -3.33320161746306       -0.25589517417022        0.94742346628396
C           -2.81879709553615       -0.16462014632573       -0.48403143164539
C           -1.42070650179222        0.44474966151688       -0.58612119554623
C           -0.35327675075763       -0.41347212267968        0.08580341531051
C            1.03024355458147        0.14122186539192       -0.10821466104545
O            1.31368271695030        1.16269183738732       -0.69347015542618
O            1.94817670869330       -0.64527429277688        0.45749315843845
C            3.31660083290526       -0.23690239941145        0.35618345902292
H           -3.30075432968844        0.71988432013990        1.42559872748256
H           -4.36229302516672       -0.60531811774796        0.95251685211595
H           -2.73978048500319       -0.95011545148360        1.53507304039792
H           -2.81158739113562       -1.16000817979694       -0.93210600892800
H           -3.50304535519803        0.45545394741625       -1.06605907369266
H           -1.41679174690083        1.43882918428441       -0.13528850695025
H           -1.15746757655527        0.56875699627225       -1.63866861295793
H           -0.36434519456347       -1.43017463515205       -0.31266769352454
H           -0.52500042448210       -0.48385858133681        1.16105435359033
H            3.44541175824332        0.74146163060186        0.81828000621856
H            3.60819384360077       -0.17782119236517       -0.69203670920561
H            3.88619732741643       -0.99727540700070        0.88036787768381
20
 energy: -27.118306318760 gnorm: 0.001645767411 xtb: 6.7.1 (edcfbbe)
C           -3.33504043723779       -0.25455168408372        0.94671112646468
C           -2.81865948177576       -0.16560826551226       -0.48504795518330
C           -1.42047755903303        0.44410208532213       -0.58327102333179
C           -0.35294692947428       -0.41584350954113        0.08743581105623
C            1.03061061117508        0.13987574706831       -0.10950811157839
O            1.31079552146482        1.16298644556192       -0.69497639718108
O            1.94861947742220       -0.64403225709515        0.45597713214138
C            3.31568097754154       -0.23638588796950        0.35533545883321
H           -3.30041502682078        0.72182007853645        1.42368895980141
H           -4.36494194292579       -0.60168428501919        0.95088681880076
H           -2.74320342777793       -0.94966675803042        1.53500304298404
H           -2.80991532891004       -1.16160933243135       -0.93140290138194
H           -3.50174559853402        0.45348577943986       -1.06920201132917
H           -1.41651208111655        1.43667580278440       -0.12917599915158
H           -1.15487242589175        0.57093175780874       -1.63480885139207
H           -0.36414852914282       -1.43140895086887       -0.31271169370187
H           -0.52327030931454       -0.48622443133973        1.16250534323612
H            3.44677026888660        0.74261551661912        0.81687972679179
H            3.60976551765583       -0.17670506538064       -0.69277459365708
H            3.88536595195714       -0.99645904310538        0.87958642540136
20
 energy: -27.118314940347 gnorm: 0.001820694531 xtb: 6.7.1 (edcfbbe)
C           -3.34024213545355       -0.25215741358511        0.94475582483411
C           -2.81803970199008       -0.16765060423705       -0.48612515935912
C           -1.42015796665788        0.44312874380676       -0.57874957712167
C           -0.35215704563555       -0.41885687378902        0.08979087408859
C            1.03167178681769        0.13878389384114       -0.10840953874909
O            1.30664141986238        1.16220124200876       -0.69803769299899
O            1.95083905650919       -0.64259489357151        0.45492004326674
C            3.31665406837118       -0.23538242458873        0.35303186042805
H           -3.30206961438693        0.72545862930043        1.41996455768501
H           -4.37210114757276       -0.59464194983333        0.94742776608182
H           -2.75239740976675       -0.94873719264778        1.53613754804550
H           -2.80661713344792       -1.16523724271646       -0.92929306559662
H           -3.49947356540786        0.44859201058554       -1.07537173225575
H           -1.41787709565409        1.43319316303914       -0.11865589784342
H           -1.15101430389192        0.57633103890674       -1.62872882969234
H           -0.36351880491318       -1.43350764093212       -0.31234887625184
H           -0.52044453038476       -0.49081101653606        1.16488685025918
H            3.45075080483582        0.74434941220902        0.81424686234862
H            3.61293860803096       -0.17541349297161       -0.69534552679676
H            3.88807395888413       -0.99473364552519        0.87703401725070
20
 energy: -27.118319271799 gnorm: 0.000982504678 xtb: 6.7.1 (edcfbbe)
C           -3.34211677115796       -0.25141865315610        0.94396878396776
C           -2.81740806543994       -0.16830001352503       -0.48564769166020
C           -1.41996568104632        0.44338868186202       -0.57700007085171
C           -0.35171951681188       -0.41896936995415        0.09012080055086
C            1.03236434790795        0.13745904958808       -0.10944517121031
O            1.30684945788780        1.16101443885542       -0.69851000341936
O            1.95200113646805       -0.64294710876169        0.45525020220156
C            3.31807845858250       -0.23469003122173        0.35235436845251
H           -3.30424437924784        0.72635226261705        1.41886889630598
H           -4.37430258198372       -0.59286650371392        0.94505676133595
H           -2.75628013603222       -0.94805912363800        1.53730304109531
H           -2.80487602440855       -1.16644844616624       -0.92779784509504
H           -3.49834220313151        0.44669250438007       -1.07697770775367
H           -1.41875461303720        1.43293971567621       -0.11572893118622
H           -1.15104133612737        0.57844207206223       -1.62680059774596
H           -0.36392233849019       -1.43357693644960       -0.31270613056855
H           -0.51937865973685       -0.49263040113598        1.16546890046659
H            3.45123755658751        0.74515585404720        0.81306541123059
H            3.61295984725229       -0.17572134646693       -0.69624135643358
H            3.89032075011360       -0.99350290213534        0.87652864794021
20
 energy: -27.118323192580 gnorm: 0.000699934883 xtb: 6.7.1 (edcfbbe)
C           -3.34588008687338       -0.24973527095551        0.94226456203806
C           -2.81600150693669       -0.16987814244761       -0.48501708104092
C           -1.41918230031669        0.44359311154547       -0.57322547986430
C           -0.35071591321393       -0.41968877275659        0.09145869768668
C            1.03314166900811        0.13678617743841       -0.10836235365747
O            1.30750851557404        1.15808890661447       -0.70049520770765
O            1.95375512775349       -0.64290331477094        0.45671191982153
C            3.32015490687559       -0.23355706042226        0.35030695535111
H           -3.30888919737733        0.72858047170500        1.41583037781528
H           -4.37843555516609       -0.58964956271488        0.93968711449675
H           -2.76363728789594       -0.94603085661232        1.53933276144068
H           -2.80052766556497       -1.16919085250877       -0.92451560360155
H           -3.49564217707601        0.44256707838922       -1.08059468305114
H           -1.41987009992490        1.43171648111544       -0.10897034421841
H           -1.14997806559441        0.58255414840625       -1.62240890400817
H           -0.36384702847405       -1.43392236528147       -0.31301042023674
H           -0.51779481289358       -0.49594226139458        1.16689888639082
H            3.45211827620661        0.74659459420132        0.80963789523374
H            3.61156596183357       -0.17621783262026       -0.69888872017382
H            3.89361648820470       -0.99145093416681        0.87448993490822
20
 energy: -27.118324817727 gnorm: 0.000477378422 xtb: 6.7.1 (edcfbbe)
C           -3.34903118234262       -0.24851586451250        0.94116095666076
C           -2.81511061042497       -0.17082374144476       -0.48487216208583
C           -1.41852529277058        0.44371941318512       -0.57020727783327
C           -0.34999097673578       -0.42087766174387        0.09287192895094
C            1.03363874878238        0.13551920030051       -0.10877965844006
O            1.30751313096726        1.15616082183574       -0.70243897834546
O            1.95472052957086       -0.64246195163265        0.45769106299073
C            3.32086545127983       -0.23278209414622        0.34900494055274
H           -3.31275182546895        0.73056854258681        1.41315684481802
H           -4.38172490635355       -0.58798416801743        0.93635893811448
H           -2.76843863818660       -0.94403175216903        1.54070796046649
H           -2.79719846180656       -1.17089857348602       -0.92234816747300
H           -3.49357624081445        0.43979787111550       -1.08355674229290
H           -1.42016288994310        1.43043760202823       -0.10303488607477
H           -1.14823347984170        0.58580388264918       -1.61871527630950
H           -0.36352908585378       -1.43426035557633       -0.31348410360677
H           -0.51604437870589       -0.49879295842879        1.16826787798279
H            3.45311320936542        0.74813855437277        0.80667165551491
H            3.61078038091703       -0.17663047965857       -0.70070561691455
H            3.89514576651387       -0.98977254449412        0.87338101094695
20
 energy: -27.118325762051 gnorm: 0.000187411221 xtb: 6.7.1 (edcfbbe)
C           -3.35118408081333       -0.24765379723012        0.94029971484194
C           -2.81471967442488       -0.17141285999077       -0.48504687504963
C           -1.41828577015285        0.44386222951717       -0.56792908288868
C           -0.34946203966405       -0.42157998560199        0.09398539939128
C            1.03393237039102        0.13496115089418       -0.10838161540914
O            1.30791335353791        1.15432756025186       -0.70441693835402
O            1.95539958478921       -0.64182540386232        0.45922584367033
C            3.32133097447664       -0.23242928524592        0.34810942328977
H           -3.31696600151019        0.73222188983430        1.41089494768783
H           -4.38344966280453       -0.58840187287822        0.93402137642412
H           -2.77074815923194       -0.94156291864950        1.54189271489957
H           -2.79520003593026       -1.17196304802055       -0.92125810444351
H           -3.49236506045364        0.43808154202131       -1.08568295902539
H           -1.42051731438426        1.42962437581192       -0.09879957756734
H           -1.14709809127276        0.58800913982518       -1.61588772696274
H           -0.36306667245863       -1.43433681162851       -0.31376246552992
H           -0.51480492412088       -0.50069962282125        1.16927435203882
H            3.45447942434893        0.74924924783553        0.80416398186556
H            3.60987885382123       -0.17748989042282       -0.70217179981192
H            3.89639217400541       -0.98866789687593        0.87259969855575
20
 energy: -27.118326505424 gnorm: 0.000271793086 xtb: 6.7.1 (edcfbbe)
C           -3.35298196580387       -0.24725132127142        0.93962896651224
C           -2.81422317520237       -0.17160870588876       -0.48495845125106
C           -1.41796281805369        0.44422401183344       -0.56628206061230
C           -0.34907094161111       -0.42191309009669        0.09489488829349
C            1.03415329742921        0.13456338049043       -0.10820927687025
O            1.30848191562078        1.15226972729095       -0.70700726500853
O            1.95580856084816       -0.64085978053726        0.46114656486392
C            3.32156345849187       -0.23228783272902        0.34754348568233
H           -3.32223200298080        0.73352409244694        1.40859074692296
H           -4.38427135282861       -0.59099699464383        0.93227828907267
H           -2.77131892611517       -0.93844580979193        1.54313081366022
H           -2.79360408432697       -1.17241237830898       -0.92042487203783
H           -3.49127377710919        0.43716684104065       -1.08689500639576
H           -1.42078265233480        1.42918309351173       -0.09554581346503
H           -1.14602179295540        0.59001822816419       -1.61382017526000
H           -0.36290888508962       -1.43420451849871       -0.31393316419306
H           -0.51381560124308       -0.50197385490735        1.17013122373980
H            3.45596900279535        0.75013279343594        0.80178680378569
H            3.60878997267750       -0.17894558613048       -0.70326522918809
H            3.89716101593994       -0.98786855264626        0.87233983937130
20
 energy: -27.118327291013 gnorm: 0.000419844573 xtb: 6.7.1 (edcfbbe)
C           -3.35457960384319       -0.24697940437656        0.93887400540682
C           -2.81386414529141       -0.17166214639549       -0.48499897959159
C           -1.41783324970184        0.44494222347847       -0.56418842985882
C           -0.34868353741475       -0.42182714702392        0.09589165376519
C            1.03454480044953        0.13401544138688       -0.10854212995177
O            1.30929903059179        1.14933109639898       -0.71123261451627
O            1.95617177676095       -0.63945806695925        0.46373466992289
C            3.32189167972149       -0.23230546161923        0.34717360262888
H           -3.32975587311719        0.73492687249334        1.40588265506706
H           -4.38409253137919       -0.59604287582720        0.93027513751928
H           -2.77048600400977       -0.93394904193608        1.54489752270698
H           -2.79193747393371       -1.17263861113780       -0.92005191225163
H           -3.49043108860388        0.43646254679358       -1.08816992763488
H           -1.42132873115513        1.42916383307870       -0.09192451189605
H           -1.14526365055356        0.59243687406638       -1.61130654890102
H           -0.36317894577806       -1.43377784855524       -0.31381713905945
H           -0.51252507492951       -0.50276229388788        1.17115541792495
H            3.45806048990724        0.75100874023350        0.79904934825221
H            3.60762979293135       -0.18139087364238       -0.70421706289465
H            3.89782158749696       -0.98718011380526        0.87264555098453
20
 energy: -27.118327915337 gnorm: 0.000333683797 xtb: 6.7.1 (edcfbbe)
C           -3.35569944476937       -0.24722772736204        0.93839482050266
C           -2.81348649318532       -0.17145932981253       -0.48479449476576
C           -1.41773183683848        0.44590363155896       -0.56287551341205
C           -0.34850083416350       -0.42126270157895        0.09646124986391
C            1.03496336802984        0.13348755865427       -0.10953813137977
O            1.31004144930349        1.14643269660173       -0.71600867531729
O            1.95621855945105       -0.63819224044716        0.46576769088301
C            3.32220673907969       -0.23248791327351        0.34725542868945
H           -3.33643222033299        0.73554090398731        1.40383783209138
H           -4.38342348350961       -0.60158938585581        0.92920451583916
H           -2.76881441527169       -0.93016184658142        1.54627782728386
H           -2.79066015907860       -1.17238773817940       -0.91996341873601
H           -3.48993880195994        0.43626530617132       -1.08852612640792
H           -1.42190145589160        1.42960908766329       -0.08952875949955
H           -1.14484598411223        0.59471821317181       -1.60974546263243
H           -0.36396157582948       -1.43321718046064       -0.31335215629510
H           -0.51129983086645       -0.50240857331292        1.17187923523372
H            3.45971869023510        0.75147734042712        0.79726273747175
H            3.60703922897656       -0.18379134387268       -0.70447611880340
H            3.89796774888167       -0.98693501473517        0.87359782701304
20
 energy: -27.118328316002 gnorm: 0.000107295887 xtb: 6.7.1 (edcfbbe)
C           -3.35581621025704       -0.24768285075861        0.93827182136941
C           -2.81340482913621       -0.17118192690535       -0.48469979882189
C           -1.41783016457479        0.44663861568306       -0.56228881641610
C           -0.34851258432811       -0.42059135483025        0.09662866185623
C            1.03529231728789        0.13307332472090       -0.11081068704441
O            1.31049071578353        1.14436189954650       -0.71986962190294
O            1.95603981642037       -0.63740849304679        0.46662593480784
C            3.32238837146810       -0.23266420821895        0.34763778277262
H           -3.33967938791556        0.73534831866913        1.40316253199498
H           -4.38246697913980       -0.60504187870737        0.92883683824783
H           -2.76727080641626       -0.92852727169657        1.54685276832997
H           -2.79009906628432       -1.17196009771372       -0.92025225227246
H           -3.48999246317476        0.43649905474303       -1.08840054847096
H           -1.42241424242624        1.43012819724576       -0.08848643558255
H           -1.14496384949786        0.59607635921370       -1.60908008597745
H           -0.36496582737201       -1.43279015175789       -0.31268102215855
H           -0.51044726005035       -0.50125447693561        1.17225086963889
H            3.46040077464973        0.75150444580211        0.79687610146507
H            3.60710605016757       -0.18514301307741       -0.70410885578054
H            3.89760487294425       -0.98707074921210        0.87466512156768
20
 energy: -27.118328554549 gnorm: 0.000104567817 xtb: 6.7.1 (edcfbbe)
C           -3.35585933331009       -0.24816160407070        0.93824080300336
C           -2.81331914831072       -0.17100918888710       -0.48460989747451
C           -1.41793539119650        0.44733689098820       -0.56192080463204
C           -0.34855569705566       -0.41996843659834        0.09667503197520
C            1.03553043238863        0.13267725111737       -0.11205774365057
O            1.31099661559109        1.14246964916787       -0.72345512217678
O            1.95579886211255       -0.63685260014948        0.46724907630157
C            3.32248959049958       -0.23276744554271        0.34807792972653
H           -3.34127267086424        0.73490975729473        1.40309577372768
H           -4.38196488604058       -0.60708882646809        0.92868123172991
H           -2.76637319964346       -0.92807338228417        1.54693708649490
H           -2.78968390982225       -1.17161838926066       -0.92056808215724
H           -3.49011258195564        0.43664721833798       -1.08810463392419
H           -1.42285768631709        1.43066567832085       -0.08776930509217
H           -1.14508846568506        0.59725423779366       -1.60865159095816
H           -0.36586758500796       -1.43243352687963       -0.31201616259642
H           -0.50969581301658       -0.49998658616801        1.17248053241805
H            3.46077212753309        0.75154327061759        0.79683390965276
H            3.60724958976214       -0.18605159526788       -0.70364769590214
H            3.89720839848688       -0.98717862929792        0.87565997115693
20
 energy: -27.118328801601 gnorm: 0.000178074808 xtb: 6.7.1 (edcfbbe)
C           -3.35579912894819       -0.24875016689958        0.93823634695252
C           -2.81332149549501       -0.17074475394257       -0.48459160837680
C           -1.41808414303318        0.44798298701778       -0.56158628030797
C           -0.34859705425426       -0.41934137744277        0.09676983694745
C            1.03574295169607        0.13222851181274       -0.11338406881076
O            1.31161323917517        1.14028606095162       -0.72744130262967
O            1.95553709450206       -0.63618693654059        0.46802764937328
C            3.32250918180436       -0.23280757604037        0.34859802989988
H           -3.34190134543806        0.73418619038719        1.40336037940436
H           -4.38165610751702       -0.60834420182746        0.92854226422277
H           -2.76587528001671       -0.92842473530801        1.54676667170667
H           -2.78928764500107       -1.17117459310016       -0.92092562513613
H           -3.49031078967165        0.43690472515849       -1.08788279627527
H           -1.42336145416217        1.43110046691961       -0.08701671660374
H           -1.14520709093732        0.59842559620688       -1.60823531191801
H           -0.36681817224748       -1.43206062707123       -0.31127543609901
H           -0.50888834014080       -0.49860175328062        1.17275535359132
H            3.46110306128836        0.75167778220578        0.79682865892712
H            3.60729218236863       -0.18685696352472       -0.70312910577195
H            3.89676958417642       -0.98718489291846        0.87671336852661
20
 energy: -27.118329223628 gnorm: 0.000211686507 xtb: 6.7.1 (edcfbbe)
C           -3.35564078839172       -0.24966671615196        0.93822066048795
C           -2.81326979481611       -0.17041230885105       -0.48460360942754
C           -1.41829064057456        0.44899667186566       -0.56106255646638
C           -0.34870428003107       -0.41845387240717        0.09697589025152
C            1.03596206729472        0.13149015016981       -0.11539245155327
O            1.31259519404836        1.13661315163408       -0.73392124749762
O            1.95508039672530       -0.63495269791173        0.46963722647655
C            3.32239215323158       -0.23274537869794        0.34945560201375
H           -3.34174692810934        0.73283702523292        1.40425234181312
H           -4.38147228087865       -0.60930244248933        0.92828258977772
H           -2.76559944205872       -0.92987285641519        1.54601801922404
H           -2.78881013785423       -1.17050527685787       -0.92167511908545
H           -3.49053396336774        0.43739354115691       -1.08739680661224
H           -1.42405604699610        1.43181837375784       -0.08588883010078
H           -1.14527410056329        0.60014223783127       -1.60756613295904
H           -0.36828544984890       -1.43155086719542       -0.31010451975956
H           -0.50773879688444       -0.49653511063008        1.17321476276383
H            3.46169975632742        0.75209067601773        0.79668399243556
H            3.60705579697690       -0.18808750900396       -0.70234741741335
H            3.89609653391874       -0.98698304829097        0.87834791325385
20
 energy: -27.118330106860 gnorm: 0.000298014212 xtb: 6.7.1 (edcfbbe)
C           -3.35512292253525       -0.25202969205940        0.93821126037859
C           -2.81332510220297       -0.16924987735281       -0.48469044748221
C           -1.41871764905856        0.45114550722199       -0.56005210675887
C           -0.34898379658375       -0.41647062926773        0.09757681591657
C            1.03638778790634        0.12975001154157       -0.11976473357373
O            1.31488731630503        1.12763986150973       -0.74924367928424
O            1.95400592185260       -0.63162542566895        0.47432873557576
C            3.32200668629466       -0.23241591913252        0.35156533335834
H           -3.34029119038055        0.72923285473693        1.40683916709711
H           -4.38122154025710       -0.61089956499464        0.92780472154974
H           -2.76520051502147       -0.93427503626779        1.54385434535791
H           -2.78818728740744       -1.16842013861631       -0.92377699543803
H           -3.49118556221728        0.43925550347019       -1.08608959175904
H           -1.42544702519756        1.43340504223301       -0.08377585203661
H           -1.14527034006779        0.60359570806846       -1.60624183140550
H           -0.37158143848037       -1.43040979820133       -0.30733269555974
H           -0.50533524907396       -0.49192122397916        1.17434754718532
H            3.46350757001131        0.75341436841151        0.79596847630746
H            3.60585933997073       -0.19121329382798       -0.70060931292091
H            3.89467424429152       -0.98619451506119        0.88221115111473
20
 energy: -27.118330884778 gnorm: 0.001006782142 xtb: 6.7.1 (edcfbbe)
C           -3.35372865547993       -0.25688929501296        0.93820462155122
C           -2.81342466879466       -0.16671554596524       -0.48496021782159
C           -1.41946483493207        0.45540978792088       -0.55819962974036
C           -0.34971056216989       -0.41264925360662        0.09896108519332
C            1.03702266852230        0.12618382830358       -0.12811520852665
O            1.31925582528621        1.10887798355608       -0.78012548577023
O            1.95165319265803       -0.62410863741373        0.48495926067949
C            3.32094942661406       -0.23156481773206        0.35591822895640
H           -3.33681888952015        0.72160362521752        1.41257965240343
H           -4.38037574155650       -0.61413794280578        0.92696839165553
H           -2.76397656706969       -0.94360141401088        1.53895605103683
H           -2.78761221223460       -1.16375509484203       -0.92880696236473
H           -3.49232970393364        0.44398361023689       -1.08287964184827
H           -1.42777630302153        1.43676812982600       -0.08011859249889
H           -1.14508913674103        0.60986510495289       -1.60383684297731
H           -0.37809564826860       -1.42816655138376       -0.30183099293991
H           -0.50096804198558       -0.48302927256997        1.17670315517729
H            3.46767887237473        0.75653364624867        0.79374906504031
H            3.60252087054790       -0.19813687796930       -0.69721717684623
H            3.89174935785276       -0.98415727018662        0.89022154726302
20
 energy: -27.118331680308 gnorm: 0.000222916421 xtb: 6.7.1 (edcfbbe)
C           -3.35297257722123       -0.25705291433028        0.93845480519487
C           -2.81367721798526       -0.16638800290352       -0.48506555949022
C           -1.41944609578589        0.45500739256110       -0.55903724179777
C           -0.34990077878565       -0.41287155562740        0.09875389610386
C            1.03671226509148        0.12634971415009       -0.12736646346370
O            1.31885349542604        1.10930682272251       -0.77814702590549
O            1.95146443113483       -0.62385234715067        0.48510965252784
C            3.32060941155777       -0.23138846775149        0.35605065800312
H           -3.33395049213161        0.72095445451566        1.41373112998887
H           -4.38023369376653       -0.61255228756651        0.92775324468833
H           -2.76387072814695       -0.94535009989004        1.53802190195888
H           -2.78875755683088       -1.16320032077882       -0.92943495398010
H           -3.49267454951584        0.44499015094352       -1.08217646143882
H           -1.42722507488142        1.43679480395014       -0.08185421680211
H           -1.14512099068571        0.60836997222810       -1.60484073505226
H           -0.37774325484474       -1.42831720449104       -0.30210499038559
H           -0.50182962737346       -0.48330870345849        1.17633967055918
H            3.46756469755441        0.75671547509553        0.79376663910668
H            3.60210538012487       -0.19797659272438       -0.69709834446170
H            3.89155220521391       -0.98391654673044        0.89027470226878
20
 energy: -27.118332676941 gnorm: 0.000186159623 xtb: 6.7.1 (edcfbbe)
C           -3.35250328387935       -0.25894444049164        0.93823683422783
C           -2.81376241802102       -0.16482091689850       -0.48520225786772
C           -1.41939104835279        0.45631886520573       -0.55814273982090
C           -0.35023106452764       -0.41196542113350        0.09973869789447
C            1.03679734549072        0.12477905996745       -0.12953849665379
O            1.32015908754153        1.10087881181716       -0.78999341501274
O            1.95065555449300       -0.61972694005786        0.49126300590831
C            3.32021444001962       -0.23053902924361        0.35757859294975
H           -3.33304517989744        0.71786719035536        1.41595250651964
H           -4.37988602367515       -0.61416973618432        0.92706854013867
H           -2.76330953214324       -0.94888259399618        1.53583074984247
H           -2.78932717422995       -1.16055666832642       -0.93205218268960
H           -3.49281509755554        0.44820174060780       -1.08062210839428
H           -1.42736081342080        1.43795796020864       -0.08060461065830
H           -1.14448418278766        0.61002581867790       -1.60377228895879
H           -0.37992417910790       -1.42773246111089       -0.30033347844550
H           -0.50090022989321       -0.48143995322006        1.17751971764337
H            3.47024906735298        0.75899572987118        0.79102674609899
H            3.59935718401415       -0.20192300092701       -0.69637923547971
H            3.89096679672781       -0.98201027235766        0.89355573038049
20
 energy: -27.118333648909 gnorm: 0.000385096851 xtb: 6.7.1 (edcfbbe)
C           -3.35287787364214       -0.26092289676162        0.93767021678464
C           -2.81365704828889       -0.16283780912081       -0.48522280458693
C           -1.41906634376118        0.45793292930884       -0.55609018582285
C           -0.35045825898334       -0.41136392567473        0.10129407860577
C            1.03712272310655        0.12241182779676       -0.13209610418491
O            1.32162132768227        1.08932088260719       -0.80581335021573
O            1.95001693600590       -0.61395984799093        0.49994338245478
C            3.32009558021694       -0.22916622170093        0.35921104724093
H           -3.33513213488862        0.71475253491383        1.41772415141226
H           -4.37972617220153       -0.61762077444787        0.92525165394848
H           -2.76300368046875       -0.95138485313968        1.53393404280541
H           -2.78967935106881       -1.15721442700814       -0.93524699218190
H           -3.49218662602863        0.45239054292482       -1.07902404309984
H           -1.42720439842821        1.43908939303324       -0.07748565260572
H           -1.14321211880802        0.61272110831089       -1.60134302002031
H           -0.38243677151878       -1.42719763502868       -0.29880167112686
H           -0.49942454497977       -0.48066951747369        1.17931051470812
H            3.47430965778187        0.76251364319244        0.78613833964602
H            3.59543474940670       -0.20763685283228       -0.69592246828840
H            3.89092359701457       -0.97884435814506        0.89769917214971
20
 energy: -27.118333825408 gnorm: 0.000141701205 xtb: 6.7.1 (edcfbbe)
C           -3.35305300448324       -0.26087818893750        0.93773875177479
C           -2.81375102983132       -0.16257106170023       -0.48510519768494
C           -1.41898137762550        0.45783212209685       -0.55593948695293
C           -0.35036032003914       -0.41175088331494        0.10104330370711
C            1.03722016121158        0.12194178925159       -0.13248035643495
O            1.32157564697026        1.08869934775340       -0.80606538417100
O            1.95014138078867       -0.61401232223541        0.49966922862335
C            3.32019062057261       -0.22886725182887        0.35931650634649
H           -3.33511600381122        0.71473319526509        1.41793010387671
H           -4.37998377924633       -0.61733661129316        0.92510708781673
H           -2.76334926758323       -0.95158227216135        1.53392876181252
H           -2.79002139672526       -1.15687112498277       -0.93528086516352
H           -3.49215916378378        0.45292463148439       -1.07876505841189
H           -1.42685591861581        1.43887309934943       -0.07712505512876
H           -1.14326127508669        0.61277954378781       -1.60119158077978
H           -0.38245597959720       -1.42749295175714       -0.29924707001002
H           -0.49908964986903       -0.48125121075598        1.17906756279927
H            3.47393589626626        0.76288152494206        0.78612121036204
H            3.59579669692809       -0.20744500136885       -0.69568584102743
H            3.89103701170840       -0.97829263083086        0.89809368626886
20
 energy: -27.118333939982 gnorm: 0.000157532420 xtb: 6.7.1 (edcfbbe)
C           -3.35317346030904       -0.26077791247203        0.93781778727329
C           -2.81379744840476       -0.16232753924646       -0.48500136943508
C           -1.41884847767071        0.45769460228248       -0.55577584889523
C           -0.35030001961091       -0.41230542917141        0.10077692975590
C            1.03724975761610        0.12158721851896       -0.13274688398135
O            1.32148736235497        1.08814641469700       -0.80664828847399
O            1.95022949285131       -0.61407190786520        0.49952653684628
C            3.32023381334969       -0.22853347899250        0.35944032928496
H           -3.33498269991559        0.71470473831099        1.41826515307372
H           -4.38020686667549       -0.61692598726898        0.92502632609938
H           -2.76371219622372       -0.95180355467529        1.53387370854393
H           -2.79041935936551       -1.15651632477542       -0.93544428748605
H           -3.49199699676944        0.45357371439543       -1.07847612656071
H           -1.42639980197168        1.43857172721657       -0.07662866207124
H           -1.14325468549321        0.61291087126096       -1.60101635663795
H           -0.38253995767073       -1.42791474327980       -0.29984864008089
H           -0.49887006501492       -0.48213915613832        1.17880342588308
H            3.47346728733983        0.76337611763996        0.78602181103482
H            3.59615431857914       -0.20732131680528       -0.69546692361372
H            3.89113925115281       -0.97761431086808        0.89863168706352
20
 energy: -27.118334140259 gnorm: 0.000098408271 xtb: 6.7.1 (edcfbbe)
C           -3.35335619787683       -0.26055264510047        0.93801692835531
C           -2.81394707671022       -0.16182818279611       -0.48477703855417
C           -1.41867258725228        0.45747628566366       -0.55540731807668
C           -0.35019320102485       -0.41341572836260        0.10008952775557
C            1.03735189467682        0.12068863140432       -0.13349482536007
O            1.32134223708229        1.08710797900176       -0.80781956511088
O            1.95042348855115       -0.61425702206596        0.49935228274168
C            3.32031610221905       -0.22785952688192        0.35982516353465
H           -3.33467853707206        0.71472738368864        1.41885495617392
H           -4.38058261540906       -0.61613851907283        0.92503756724935
H           -2.76427969062879       -0.95211519097898        1.53382610822140
H           -2.79119157915585       -1.15582778395466       -0.93566208719012
H           -3.49179438817645        0.45476725634352       -1.07793787963124
H           -1.42558309503609        1.43799354685511       -0.07550647692531
H           -1.14331821741255        0.61335000303333       -1.60061586846059
H           -0.38270696636833       -1.42859781352842       -0.30157322706062
H           -0.49842114609036       -0.48429900448117        1.17809836816919
H            3.47250176219740        0.76447183629865        0.78580418830859
H            3.59688788611275       -0.20721593631448       -0.69492063462730
H            3.89136117552238       -0.97616182598779        0.89994013810997
20
 energy: -27.118334415877 gnorm: 0.000166392086 xtb: 6.7.1 (edcfbbe)
C           -3.35352162032575       -0.26016775284362        0.93843482576841
C           -2.81423069872041       -0.16088813335581       -0.48435975874383
C           -1.41841816348011        0.45718270460284       -0.55483190516826
C           -0.35002750384727       -0.41542012151230        0.09856885820426
C            1.03746582639277        0.11918324887152       -0.13458274415920
O            1.32113113780278        1.08494106476725       -0.81010744205764
O            1.95068661402762       -0.61439613132240        0.49954664120484
C            3.32034141043273       -0.22667033510952        0.36067250874823
H           -3.33385071039161        0.71473981159151        1.41999138916600
H           -4.38110315087104       -0.61474640050887        0.92535254348033
H           -2.76501113585370       -0.95272018586626        1.53364391258866
H           -2.79257565217194       -1.15453638484896       -0.93605713460734
H           -3.49156559864266        0.45688436091330       -1.07688842847729
H           -1.42421783478153        1.43696416824922       -0.07338732288261
H           -1.14350465861787        0.61449203548048       -1.59994928974574
H           -0.38288352728167       -1.42971538258547       -0.30532072680033
H           -0.49775913581314       -0.48858300274207        1.17647693152496
H            3.47080697876586        0.76665899952418        0.78497131814776
H            3.59799025296091       -0.20761307170098       -0.69383013195808
H            3.89170641856414       -0.97327574884045        0.90278626338954
20
 energy: -27.118334696656 gnorm: 0.000188277539 xtb: 6.7.1 (edcfbbe)
C           -3.35340670284740       -0.25979822789215        0.93902939378967
C           -2.81450580254918       -0.15980870666848       -0.48386657255981
C           -1.41817402899373        0.45706508210629       -0.55423752405259
C           -0.34989079690864       -0.41763411840348        0.09655664419606
C            1.03754100983131        0.11740679562844       -0.13615554931536
O            1.32107102851184        1.08234286980536       -0.81295940394658
O            1.95075715482566       -0.61428007941391        0.50012710473637
C            3.32014488105594       -0.22532726133763        0.36188690446012
H           -3.33259045810153        0.71464385322599        1.42149107867227
H           -4.38135986839874       -0.61329555543817        0.92597410401145
H           -2.76541650516462       -0.95349166103656        1.53341971093789
H           -2.79404182620895       -1.15303788075881       -0.93655062786002
H           -3.49141549147024        0.45924171069269       -1.07555309749247
H           -1.42270542873804        1.43592566039141       -0.07087932415647
H           -1.14393267843328        0.61615919807118       -1.59926289162785
H           -0.38318162269636       -1.43077577223082       -0.31024155893866
H           -0.49714713051045       -0.49383308960356        1.17431480500343
H            3.46886878617241        0.76937905667773        0.78359130440019
H            3.59908283938545       -0.20884605567880       -0.69232574049670
H            3.89176188938667       -0.96972207537314        0.90677154786175
20
 energy: -27.118335096112 gnorm: 0.000166151180 xtb: 6.7.1 (edcfbbe)
C           -3.35292306078287       -0.25956782309252        0.93995905361942
C           -2.81496701787008       -0.15833441883383       -0.48320102844154
C           -1.41804727411195        0.45715330197068       -0.55370328006208
C           -0.34974124830612       -0.42016185503703        0.09354236712157
C            1.03761057040389        0.11548468228094       -0.13812403601819
O            1.32138103599892        1.07880443244447       -0.81714433369735
O            1.95058247217900       -0.61364592199958        0.50151453386969
C            3.31971761721090       -0.22377792863987        0.36376697673617
H           -3.33057144935338        0.71425391111165        1.42360253267061
H           -4.38130963735415       -0.61181576934654        0.92725815850164
H           -2.76528767573821       -0.95467129452393        1.53306148003384
H           -2.79585430920788       -1.15100710844339       -0.93714137556605
H           -3.49166226003943        0.46216521650887       -1.07362558958704
H           -1.42104007441055        1.43476154896022       -0.06778758838897
H           -1.14478415899117        0.61868203574506       -1.59860937192685
H           -0.38345886042785       -1.43169408923960       -0.31730450235955
H           -0.49652498722026       -0.50061913043005        1.17103103268969
H            3.46661843885208        0.77299538991000        0.78126141217836
H            3.60034814932480       -0.21162756836274       -0.69007594446776
H            3.89137297799243       -0.96506386821919        0.91284981071709
20
 energy: -27.118335701818 gnorm: 0.000169506114 xtb: 6.7.1 (edcfbbe)
C           -3.35157359251292       -0.25952450709770        0.94178442038328
C           -2.81569959726607       -0.15595857824414       -0.48200074826053
C           -1.41809012370871        0.45786424260920       -0.55310781307333
C           -0.34961789129217       -0.42379896536774        0.08799255482181
C            1.03766007936725        0.11255295141804       -0.14192652580986
O            1.32234666622958        1.07268544504534       -0.82503920869732
O            1.94978398245731       -0.61194341382613        0.50440200604038
C            3.31872648313735       -0.22147712828264        0.36743131760908
H           -3.32681016889034        0.71316487707877        1.42761461524105
H           -4.38054853724017       -0.61006284739941        0.93002310935184
H           -2.76409012154440       -0.95691374292623        1.53235096585209
H           -2.79868497430672       -1.14761725745288       -0.93825566968814
H           -3.49246245323340        0.46682102207247       -1.06992990955912
H           -1.41866575908612        1.43338191461922       -0.06294045721193
H           -1.14678610218565        0.62347798043047       -1.59788434249532
H           -0.38397948904033       -1.43250617515938       -0.32990900702157
H           -0.49553992917603       -0.51168174427165        1.16498736279426
H            3.46317653462065        0.77909549363836        0.77675182355847
H            3.60247909187893       -0.21796448249911       -0.68569850083602
H            3.88983514994009       -0.95728134162124        0.92448431462358
20
 energy: -27.118336096517 gnorm: 0.000176564747 xtb: 6.7.1 (edcfbbe)
C           -3.35040338303120       -0.25990815274537        0.94306607730205
C           -2.81629393726342       -0.15445517318599       -0.48124523247769
C           -1.41836226009500        0.45857366923228       -0.55300065341668
C           -0.34956451509042       -0.42533838211130        0.08439038704947
C            1.03774454893637        0.11122717793622       -0.14450099344202
O            1.32337440802085        1.06896259699919       -0.83054558105923
O            1.94897322931100       -0.61042900386882        0.50635870034879
C            3.31804653583522       -0.22040113863046        0.36996967735458
H           -3.32442184874673        0.71208030355558        1.43020484334163
H           -4.37960661788288       -0.60978966316796        0.93211360179902
H           -2.76260271405876       -0.95846596756904        1.53194087401447
H           -2.80029594484651       -1.14546423943048       -0.93890342618628
H           -3.49347531162230        0.46948174100860       -1.06747395427918
H           -1.41765763693491        1.43286770173303       -0.06044732426241
H           -1.14837836072794        0.62652900260116       -1.59772779096747
H           -0.38434982236926       -1.43231403198836       -0.33767051471748
H           -0.49492473807383       -0.51760595481697        1.16102973366636
H            3.46152647957867        0.78252042118409        0.77379060871560
H            3.60394732179970       -0.22289493390976       -0.68256388386179
H            3.88818381540948       -0.95286223006205        0.93234515870095
20
 energy: -27.118336352933 gnorm: 0.000102895912 xtb: 6.7.1 (edcfbbe)
C           -3.34975032324815       -0.26027505289532        0.94376008538725
C           -2.81652109065479       -0.15383318566517       -0.48080235636098
C           -1.41858414750049        0.45918033605474       -0.55305360378541
C           -0.34957699566708       -0.42572748892571        0.08258405143940
C            1.03779645004108        0.11078031308927       -0.14602929567109
O            1.32398629604631        1.06709647769373       -0.83373177189532
O            1.94838254804381       -0.60943174888838        0.50723382273578
C            3.31771373635984       -0.22006959893634        0.37133466551757
H           -3.32347651403162        0.71136694694418        1.43158013161238
H           -4.37894511372343       -0.61021198566034        0.93325046403924
H           -2.76152200621383       -0.95922820592706        1.53171581274371
H           -2.80098246500349       -1.14447395026572       -0.93928570161392
H           -3.49405605614982        0.47065087555450       -1.06600731745353
H           -1.41740868883380        1.43296586617965       -0.05950150974878
H           -1.14935493473012        0.62812390573838       -1.59781002699665
H           -0.38455281842518       -1.43192630519876       -0.34129813085057
H           -0.49445220573178       -0.51987319672787        1.15907819629391
H            3.46093636748122        0.78395759788257        0.77236079875646
H            3.60488434218160       -0.22575825471737       -0.68078678192001
H            3.88694286790784       -0.95099960256538        0.93653877539329
20
 energy: -27.118336549509 gnorm: 0.000063814372 xtb: 6.7.1 (edcfbbe)
C           -3.34923486110716       -0.26067909990914        0.94425365223658
C           -2.81677503735836       -0.15326360220014       -0.48054215902122
C           -1.41877641714234        0.45962301727748       -0.55307581174115
C           -0.34957485481612       -0.42586275862542        0.08140679061922
C            1.03789751529623        0.11049076410182       -0.14727735999442
O            1.32449028208468        1.06559120484293       -0.83647284782488
O            1.94794362237571       -0.60863861354078        0.50778275792330
C            3.31753400123607       -0.21987943684798        0.37232154211952
H           -3.32302597340332        0.71068900859805        1.43261901036462
H           -4.37833969999009       -0.61087289584907        0.93397914086775
H           -2.76059818920005       -0.95981489846553        1.53159658237362
H           -2.80150305487749       -1.14359925972205       -0.93968194902040
H           -3.49457096352644        0.47165498229700       -1.06499607167090
H           -1.41726299592260        1.43305352959702       -0.05883450902923
H           -1.15010781627051        0.62924469742131       -1.59786309260520
H           -0.38486842315610       -1.43163447002091       -0.34348623297651
H           -0.49402067613986       -0.52102371796232        1.15785602929972
H            3.46057871635076        0.78496676206566        0.77133159639489
H            3.60571575488579       -0.22797145480194       -0.67949052194330
H            3.88595831882935       -0.94976001549238        0.93970376125072
20
 energy: -27.118336714777 gnorm: 0.000041042183 xtb: 6.7.1 (edcfbbe)
C           -3.34887143197174       -0.26108386452933        0.94458658887776
C           -2.81690806095404       -0.15275700179671       -0.48032388524979
C           -1.41887471502022        0.46006008223847       -0.55306478216317
C           -0.34962006528321       -0.42594266423449        0.08059067547365
C            1.03796540049982        0.11011270025698       -0.14835529475523
O            1.32487443334066        1.06409888069839       -0.83899407526439
O            1.94759038804481       -0.60802646343597        0.50830621958563
C            3.31736146886889       -0.21970976135270        0.37309133486355
H           -3.32273787798940        0.71001566182334        1.43349084073852
H           -4.37788385573609       -0.61156708123245        0.93449384474850
H           -2.75981831122217       -0.96038175826227        1.53131546903163
H           -2.80193060717840       -1.14279416993046       -0.94012243954680
H           -3.49489002392443        0.47261313568813       -1.06407513863708
H           -1.41708461264931        1.43321580675455       -0.05827831093279
H           -1.15054772460767        0.63020170441232       -1.59785533579692
H           -0.38530634867602       -1.43147572691536       -0.34485756745060
H           -0.49366643569730       -0.52164611560663        1.15703867118644
H            3.46025265456319        0.78586723816952        0.77032877750175
H            3.60633798776572       -0.22986016567838       -0.67848584656818
H            3.88521698597505       -0.94862669430334        0.94230056198023
20
 energy: -27.118336887601 gnorm: 0.000057559213 xtb: 6.7.1 (edcfbbe)
C           -3.34850734088836       -0.26150795450098        0.94480941757038
C           -2.81703919155471       -0.15220969583051       -0.48021414278718
C           -1.41894594976758        0.46046884472599       -0.55294614523067
C           -0.34969284403153       -0.42600967370287        0.08005417543316
C            1.03801859753931        0.10958904505011       -0.14933909854020
O            1.32520846085794        1.06235453552068       -0.84157343809271
O            1.94730495862480       -0.60747494438729        0.50893222181832
C            3.31718810611717       -0.21950967366310        0.37374165098689
H           -3.32247994310240        0.70928461758497        1.43433281734786
H           -4.37742753844597       -0.61225682644543        0.93481311886128
H           -2.75909853231709       -0.96102942027790        1.53091263888409
H           -2.80236244079578       -1.14190492744893       -0.94076764716352
H           -3.49512765251776        0.47370148430124       -1.06326089330978
H           -1.41692271747305        1.43338450340760       -0.05768050688406
H           -1.15083064470974        0.63107539613931       -1.59771410914912
H           -0.38588712520284       -1.43140295791504       -0.34570042478244
H           -0.49329220843171       -0.52198406226467        1.15653397459084
H            3.45990768205255        0.78682170268367        0.76913442306483
H            3.60679658478358       -0.23171061957641       -0.67763848295014
H            3.88464898741132       -0.94736563063684        0.94470075795489
20
 energy: -27.118337133831 gnorm: 0.000082382802 xtb: 6.7.1 (edcfbbe)
C           -3.34811217995622       -0.26217374702081        0.94496794232161
C           -2.81713238328685       -0.15149292697736       -0.48012988536988
C           -1.41896935828477        0.46103355926660       -0.55277858551570
C           -0.34982680607002       -0.42592769655166        0.07972803710675
C            1.03806584040945        0.10890006307810       -0.15045880678537
O            1.32566246492768        1.05994886000284       -0.84491055866085
O            1.94695670823093       -0.60674773035757        0.50987906260989
C            3.31695328665731       -0.21929321061543        0.37441310269595
H           -3.32222751582280        0.70821949145307        1.43528131074942
H           -4.37691786391351       -0.61326837395923        0.93505780294597
H           -2.75824451399620       -0.96197192730199        1.53027301202808
H           -2.80277936317855       -1.14073204596962       -0.94166659286195
H           -3.49533850514605        0.47509235985831       -1.06231326211924
H           -1.41677925232377        1.43369878714923       -0.05702401156117
H           -1.15090861976438        0.63209876372181       -1.59748864917255
H           -0.38679483293203       -1.43128295894198       -0.34607243042707
H           -0.49287396634677       -0.52186649377128        1.15628021425774
H            3.45957139650817        0.78800965335759        0.76737477542045
H            3.60712685935714       -0.23415026546977       -0.67678007170340
H            3.88402785307938       -0.94578041818725        0.94749790166407
20
 energy: -27.118337510710 gnorm: 0.000098257065 xtb: 6.7.1 (edcfbbe)
C           -3.34761460142903       -0.26323438622443        0.94499199412053
C           -2.81723524493103       -0.15058640624088       -0.48016865240501
C           -1.41903776559178        0.46190044208056       -0.55240301934507
C           -0.35003586714230       -0.42543689727915        0.07981472537286
C            1.03813719226081        0.10803556030035       -0.15185086032776
O            1.32636711471882        1.05638985521467       -0.84973195325063
O            1.94648424933756       -0.60556387759980        0.51142728782335
C            3.31667504021177       -0.21912599529167        0.37513038447358
H           -3.32211350916644        0.70657948901885        1.43647541506773
H           -4.37620915967307       -0.61493543615175        0.93503071935811
H           -2.75711024665809       -0.96339888151657        1.52920768304567
H           -2.80315014752701       -1.13916813251075       -0.94312962550611
H           -3.49561304043038        0.47689507110808       -1.06118371236768
H           -1.41685361945964        1.43436458853498       -0.05625806013067
H           -1.15083818942398        0.63334354776750       -1.59700858088493
H           -0.38817507242654       -1.43098004413444       -0.34546625755981
H           -0.49225791112699       -0.52069189628284        1.15651896435287
H            3.45950641838385        0.78950194575384        0.76458442417267
H            3.60729627351443       -0.23780216501064       -0.67587058583101
H            3.88323733470717       -0.94377263877231        0.95102001744404
20
 energy: -27.118338148252 gnorm: 0.000160296738 xtb: 6.7.1 (edcfbbe)
C           -3.34679387773242       -0.26546715484411        0.94490236046959
C           -2.81731329157597       -0.14894617513951       -0.48029492255149
C           -1.41915030538640        0.46368724304993       -0.55174119786454
C           -0.35047115895616       -0.42408635758231        0.08045883239259
C            1.03824323412058        0.10661778159283       -0.15429256604507
O            1.32772784558735        1.04959025613662       -0.85896885577680
O            1.94555314909573       -0.60299026315547        0.51470559200216
C            3.31619964389155       -0.21897598107160        0.37629411756843
H           -3.32200082145619        0.70322183617492        1.43862851569028
H           -4.37502783390365       -0.61821233743372        0.93473309258023
H           -2.75521312285363       -0.96638613637522        1.52712172561093
H           -2.80347362607317       -1.13630079371613       -0.94587932992440
H           -3.49601928246774        0.48004562312892       -1.05929336019056
H           -1.41728089613513        1.43584912061877       -0.05500504774077
H           -1.15055635162483        0.63570953389418       -1.59616713811921
H           -0.39077753130522       -1.43016820627679       -0.34342442667816
H           -0.49110689982415       -0.51761112576673        1.15751000430735
H            3.45990143994477        0.79223274594932        0.75877603162052
H            3.60728300333705       -0.24529997588086       -0.67445514697255
H            3.88173593146580       -0.94019589053943        0.95752202724423
20
 energy: -27.118338801766 gnorm: 0.000447417435 xtb: 6.7.1 (edcfbbe)
C           -3.34564824721758       -0.26904971473344        0.94465044297580
C           -2.81746320730893       -0.14644439244097       -0.48051430520033
C           -1.41939409432748        0.46659182621377       -0.55043927816855
C           -0.35109898933043       -0.42178131383434        0.08157872331663
C            1.03847961846973        0.10448822624242       -0.15813239576631
O            1.33000008245158        1.03852585061409       -0.87399853928248
O            1.94410135334199       -0.59849431885991        0.52024766335072
C            3.31554273006263       -0.21872835947004        0.37809447303728
H           -3.32159544593326        0.69773809111204        1.44214834736087
H           -4.37344501234696       -0.62305385366257        0.93396643973219
H           -2.75266646616281       -0.97152945645701        1.52355592787672
H           -2.80390097727551       -1.13187644301604       -0.95021250179480
H           -3.49674395072389        0.48486394238841       -1.05633378194235
H           -1.41804934399589        1.43828869648981       -0.05276898105692
H           -1.15004958045341        0.63952276575105       -1.59452255533111
H           -0.39485155073786       -1.42871871558178       -0.34010059443701
H           -0.48930002708333       -0.51257595344844        1.15914759736529
H            3.46098234452436        0.79668356463007        0.74889463661852
H            3.60718698894131       -0.25786967739505       -0.67221016549732
H            3.87937302325388       -0.93426702177846        0.96807915446591
20
 energy: -27.118338416974 gnorm: 0.001146515578 xtb: 6.7.1 (edcfbbe)
C           -3.34446749680238       -0.27277694057889        0.94438370994683
C           -2.81761620638926       -0.14384023165296       -0.48074132860877
C           -1.41964423078647        0.46961310334733       -0.54907479307790
C           -0.35174927311164       -0.41938766625687        0.08275274938967
C            1.03872553831121        0.10226639106580       -0.16212405659633
O            1.33235957522470        1.02698817302549       -0.88964241871323
O            1.94259413277121       -0.59380051266586        0.52602542176335
C            3.31486249507249       -0.21846368592071        0.37996229254647
H           -3.32116845915841        0.69202842942130        1.44581167268643
H           -4.37181751919423       -0.62806649052309        0.93315223326760
H           -2.75005000551967       -0.97689693802307        1.51984298526663
H           -2.80433729391861       -1.12726996296075       -0.95472076114875
H           -3.49748740840492        0.48987815110626       -1.05326037030224
H           -1.41885144270298        1.44082237054524       -0.05042594376639
H           -1.14951729109802        0.64349841593632       -1.59280026324216
H           -0.39908526023215       -1.42721096267117       -0.33664243914733
H           -0.48740991582894       -0.50735117555830        1.16085968380964
H            3.46211881987798        0.80132392539803        0.73857797414674
H            3.60708025034572       -0.27096790982208       -0.66987375488373
H            3.87692023969253       -0.92807274044841        0.97906771428621
20
 energy: -27.118339173342 gnorm: 0.000321237990 xtb: 6.7.1 (edcfbbe)
C           -3.34527119359324       -0.27061954492192        0.94448619392925
C           -2.81747634013603       -0.14536612537417       -0.48058870693284
C           -1.41947075637850        0.46786643042495       -0.54980394936792
C           -0.35135911487351       -0.42078875653860        0.08218601065203
C            1.03857078633762        0.10351814394713       -0.15976169615663
O            1.33087786174345        1.03346908593460       -0.88051376658918
O            1.94350628750657       -0.59631233381673        0.52272841745892
C            3.31531190741267       -0.21855752220447        0.37880177343265
H           -3.32116925615619        0.69523034590457        1.44376551116840
H           -4.37303706802729       -0.62469002894593        0.93343648091620
H           -2.75207214462116       -0.97410401557989        1.52192707360474
H           -2.80391982504222       -1.12995611272491       -0.95202875940877
H           -3.49692216699009        0.48687483200579       -1.05517732325779
H           -1.41844560477088        1.43931582155553       -0.05164275191877
H           -1.14982287574801        0.64131050143296       -1.59374112199619
H           -0.39657122150785       -1.42805201773207       -0.33860517938176
H           -0.48842782114914       -0.51048467372077        1.15997895366496
H            3.46164539594676        0.79865029985862        0.74411383555386
H            3.60710597088315       -0.26364208670776       -0.67115521915900
H            3.87840642731204       -0.93134850003332        0.97272453141061
20
 energy: -27.118339478016 gnorm: 0.000136428940 xtb: 6.7.1 (edcfbbe)
C           -3.34521656480138       -0.27142757691052        0.94434942464720
C           -2.81744637061877       -0.14481124054651       -0.48060556938971
C           -1.41945994132088        0.46852600702552       -0.54929244630929
C           -0.35144576786966       -0.42036989353504        0.08254296784314
C            1.03864250876484        0.10294661112313       -0.16061399736000
O            1.33132619556783        1.03051403630850       -0.88413173485071
O            1.94324482507370       -0.59495764428936        0.52416282977519
C            3.31523366870377       -0.21834616100512        0.37911518777280
H           -3.32066599895984        0.69384364948611        1.44471060626232
H           -4.37314084727547       -0.62503133015070        0.93295119715959
H           -2.75228604038232       -0.97582363795798        1.52094869890696
H           -2.80387875636107       -1.12895513937131       -0.95296730954887
H           -3.49690942357766        0.48794127951853       -1.05460077846564
H           -1.41861031299771        1.43977393642055       -0.05073976753546
H           -1.14961209172885        0.64237779201689       -1.59310862639484
H           -0.39741474627601       -1.42774425352190       -0.33790540925149
H           -0.48791999147528       -0.50961189680919        1.16042528852319
H            3.46203021248153        0.79989874862290        0.74114351693606
H            3.60705455867258       -0.26697613573763       -0.67060572352069
H            3.87793413252881       -0.92945340792325        0.97535195242301
20
 energy: -27.118340030186 gnorm: 0.000236756592 xtb: 6.7.1 (edcfbbe)
C           -3.34563157090747       -0.27158291556368        0.94436891687588
C           -2.81742581539589       -0.14427207801644       -0.48035769469803
C           -1.41928151296508        0.46880903229793       -0.54824583279949
C           -0.35125678441754       -0.42125275450887        0.08199855015071
C            1.03875312609603        0.10209098023144       -0.16131842370379
O            1.33157958290513        1.02738402921053       -0.88741259394937
O            1.94324608650748       -0.59339827590990        0.52586582175094
C            3.31525953456034       -0.21742381397535        0.37957272035665
H           -3.31904276591554        0.69301245280564        1.44594565751823
H           -4.37434270960797       -0.62288929984698        0.93235039807864
H           -2.75430992174064       -0.97802209619637        1.52014228523086
H           -2.80399887463174       -1.12810326522786       -0.95338000163824
H           -3.49657325042625        0.48904666681025       -1.05409657224504
H           -1.41821091413677        1.43931982580178       -0.04825151345961
H           -1.14951669170904        0.64412869887021       -1.59183127206613
H           -0.39747037979283       -1.42786414656292       -0.34030029237299
H           -0.48731934280523       -0.51238051814274        1.15972565675558
H            3.46193977199868        0.80238312893874        0.73718976542600
H            3.60726241778781       -0.27067817474812       -0.66985748164009
H            3.87779926274468       -0.92599373350370        0.97902221405206
20
 energy: -27.118340515385 gnorm: 0.000181194736 xtb: 6.7.1 (edcfbbe)
C           -3.34608966300503       -0.27207464130956        0.94440549937319
C           -2.81745490446282       -0.14329335095965       -0.48005344126971
C           -1.41908381944790        0.46936595548153       -0.54685538676545
C           -0.35110390401788       -0.42219350656436        0.08137498382709
C            1.03895104749863        0.10068761469828       -0.16276734655330
O            1.33220484736703        1.02260975196467       -0.89301313783806
O            1.94311421220810       -0.59127283499679        0.52843887934955
C            3.31521755310756       -0.21625943581282        0.38038673793112
H           -3.31734340743420        0.69155282477034        1.44772370890180
H           -4.37561843607408       -0.62095335163526        0.93164877914302
H           -2.75645932143471       -0.98090250525369        1.51898348451926
H           -2.80421732365344       -1.12657423069153       -0.95421045636382
H           -3.49619686666591        0.49092186827326       -1.05328571611963
H           -1.41770504029036        1.43885209155075       -0.04488794014039
H           -1.14933132647218        0.64666609801512       -1.59010992617416
H           -0.39806863169755       -1.42791157046397       -0.34306853495901
H           -0.48638947806470       -0.51547232475983        1.15897888233489
H            3.46191397555402        0.80572232691424        0.73170233643581
H            3.60759593384382       -0.27598876428673       -0.66858685349604
H            3.87752380128973       -0.92116827217036        0.98432575548660
20
 energy: -27.118340753384 gnorm: 0.000061109414 xtb: 6.7.1 (edcfbbe)
C           -3.34625169485545       -0.27254986376870        0.94439114817411
C           -2.81748189469507       -0.14257542840508       -0.47991232865924
C           -1.41899538388306        0.46988447730854       -0.54597108798843
C           -0.35107535094523       -0.42259226876851        0.08107241976875
C            1.03910303929266        0.09966514920452       -0.16388257647500
O            1.33270657121287        1.01926489197016       -0.89707125064070
O            1.94297776257319       -0.58998757402798        0.53009617374361
C            3.31515937289922       -0.21562269379780        0.38095494534894
H           -3.31676566346094        0.69049061479870        1.44877091356859
H           -4.37605412627508       -0.62059061531018        0.93123887120130
H           -2.75716678419047       -0.98245900017704        1.51817805654845
H           -2.80440377364831       -1.12544229566203       -0.95493951170628
H           -3.49604076101246        0.49229714366485       -1.05264713622633
H           -1.41746274724936        1.43876714299766       -0.04283631568655
H           -1.14916031563511        0.64836052758517       -1.58900421183316
H           -0.39882770008720       -1.42790336132376       -0.34431120111509
H           -0.48567386967115       -0.51677009099097        1.15866450125263
H            3.46181238139932        0.80777884240588        0.72822979232476
H            3.60779746722381       -0.27953594521932       -0.66774483586986
H            3.87726271915598       -0.91816590972051        0.98785394189226
20
 energy: -27.118340757091 gnorm: 0.000032718323 xtb: 6.7.1 (edcfbbe)
C           -3.34625272014979       -0.27254818928957        0.94438978905739
C           -2.81747845025526       -0.14257716695208       -0.47991128257224
C           -1.41899364883094        0.46988381635969       -0.54597173989008
C           -0.35107943240134       -0.42259513020814        0.08106703235801
C            1.03911943046294        0.09965711384762       -0.16388443340220
O            1.33270138487135        1.01925612297344       -0.89706683854864
O            1.94296675555951       -0.58998235361236        0.53008662873596
C            3.31517292734679       -0.21561944092764        0.38095529676931
H           -3.31677059081866        0.69049051239802        1.44877250791371
H           -4.37605409059002       -0.62059570186973        0.93123795661524
H           -2.75716452987193       -0.98245637313267        1.51817563342796
H           -2.80440753897081       -1.12543897016355       -0.95494311599626
H           -3.49603706242172        0.49230150552191       -1.05264468454704
H           -1.41746222811282        1.43876375281074       -0.04283377244052
H           -1.14915797665822        0.64836351045994       -1.58900151947384
H           -0.39883249501754       -1.42790288367214       -0.34430480327317
H           -0.48567111115876       -0.51676738976508        1.15866881878648
H            3.46180907725889        0.80776457614840        0.72822026851060
H            3.60779625569094       -0.27953576662006       -0.66772676976141
H            3.87725529221553       -0.91814780154313        0.98784533535350
