----------------------------------------------- 
  Element       SASA      Sigma Z        Total  
     Z         Ang**2 cal/Ang**2/mol   kcal/mol 
----------------------------------------------- 
      H        136.962      48.690       6.669
      C         33.758     129.740       4.380
      O         23.651       0.000       0.000

 Subtotal:     194.371                  11.048
 -----------------------------------------------

  Elements    COT*SASA   Sigma Z,Z'     Total   
    Z,Z'       Ang**2  cal/Ang**2/mol kcal/mol  
 ---------------------------------------------- 
  H   C         92.326     -60.770      -5.611
  H   O          0.000       0.000       0.000
  C   C         30.512     -72.950      -2.226
  O   C         14.809      68.690       1.017

 Subtotal:                              -6.819
 ---------------------------------------------- 

 NONAQUEOUS SOLVENT CONTRIBUTION (kcal/mol):
 (proportional to SASA, atomic number independent)
 ---------------------------------------------- 
 Subtotal:                               0.000
 ---------------------------------------------- 

 CDS TOTAL (kcal/mol):                   4.229
...............................................................................
