----------------------------------------------- 
  Element       SASA      Sigma Z        Total  
     Z         Ang**2 cal/Ang**2/mol   kcal/mol 
----------------------------------------------- 
      H        159.681      48.690       7.775
      C        116.412     129.740      15.103
      N          3.223       0.000       0.000
      O         34.655       0.000       0.000

 Subtotal:     313.970                  22.878
 -----------------------------------------------

  Elements    COT*SASA   Sigma Z,Z'     Total   
    Z,Z'       Ang**2  cal/Ang**2/mol kcal/mol  
 ---------------------------------------------- 
  H   C         94.861     -60.770      -5.765
  H   O          9.344       0.000       0.000
  C   C        148.934     -72.950     -10.865
  O   C         17.650      68.690       1.212
  O   O          0.000       0.000       0.000
  C   N          3.700       0.000       0.000
  N   C          9.953     -48.220      -0.480
  N  C(3)        0.000      84.100       0.000
  O   N          0.000     121.980       0.000

 Subtotal:                             -15.897
 ---------------------------------------------- 

 NONAQUEOUS SOLVENT CONTRIBUTION (kcal/mol):
 (proportional to SASA, atomic number independent)
 ---------------------------------------------- 
 Subtotal:                               0.000
 ---------------------------------------------- 

 CDS TOTAL (kcal/mol):                   6.981
...............................................................................
