----------------------------------------------- 
  Element       SASA      Sigma Z        Total  
     Z         Ang**2 cal/Ang**2/mol   kcal/mol 
----------------------------------------------- 
      H        154.276      48.690       7.512
      C         39.387     129.740       5.110
      O         30.708       0.000       0.000

 Subtotal:     224.371                  12.622
 -----------------------------------------------

  Elements    COT*SASA   Sigma Z,Z'     Total   
    Z,Z'       Ang**2  cal/Ang**2/mol kcal/mol  
 ---------------------------------------------- 
  H   C        104.010     -60.770      -6.321
  H   O          0.000       0.000       0.000
  C   C         27.224     -72.950      -1.986
  O   C         17.333      68.690       1.191
  O   O          0.000       0.000       0.000

 Subtotal:                              -7.116
 ---------------------------------------------- 

 NONAQUEOUS SOLVENT CONTRIBUTION (kcal/mol):
 (proportional to SASA, atomic number independent)
 ---------------------------------------------- 
 Subtotal:                               0.000
 ---------------------------------------------- 

 CDS TOTAL (kcal/mol):                   5.506
...............................................................................
