----------------------------------------------- 
  Element       SASA      Sigma Z        Total  
     Z         Ang**2 cal/Ang**2/mol   kcal/mol 
----------------------------------------------- 
      H        137.978      48.690       6.718
      C         38.178     129.740       4.953
      O         31.166       0.000       0.000

 Subtotal:     207.322                  11.671
 -----------------------------------------------

  Elements    COT*SASA   Sigma Z,Z'     Total   
    Z,Z'       Ang**2  cal/Ang**2/mol kcal/mol  
 ---------------------------------------------- 
  H   C         93.014     -60.770      -5.652
  H   O          0.000       0.000       0.000
  C   C         28.433     -72.950      -2.074
  O   C         17.557      68.690       1.206
  O   O          0.000       0.000       0.000

 Subtotal:                              -6.521
 ---------------------------------------------- 

 NONAQUEOUS SOLVENT CONTRIBUTION (kcal/mol):
 (proportional to SASA, atomic number independent)
 ---------------------------------------------- 
 Subtotal:                               0.000
 ---------------------------------------------- 

 CDS TOTAL (kcal/mol):                   5.151
...............................................................................
