----------------------------------------------- 
  Element       SASA      Sigma Z        Total  
     Z         Ang**2 cal/Ang**2/mol   kcal/mol 
----------------------------------------------- 
      H        139.247      48.690       6.780
      C         36.657     129.740       4.756
      O         32.979       0.000       0.000

 Subtotal:     208.882                  11.536
 -----------------------------------------------

  Elements    COT*SASA   Sigma Z,Z'     Total   
    Z,Z'       Ang**2  cal/Ang**2/mol kcal/mol  
 ---------------------------------------------- 
  H   C         93.868     -60.770      -5.704
  H   O          0.000       0.000       0.000
  C   C         27.226     -72.950      -1.986
  O   C         18.167      68.690       1.248
  O   O          0.000       0.000       0.000

 Subtotal:                              -6.443
 ---------------------------------------------- 

 NONAQUEOUS SOLVENT CONTRIBUTION (kcal/mol):
 (proportional to SASA, atomic number independent)
 ---------------------------------------------- 
 Subtotal:                               0.000
 ---------------------------------------------- 

 CDS TOTAL (kcal/mol):                   5.093
...............................................................................
