2025-04-11 14:08:43,232 -   censo.qm_processor   -   INFO   - worker1643138:Running xtb_gsolv calculation in /scratch/pawsey0265/mwang1/.automated/6026/0_PRESCREENING/CONF1/xtb_gsolv.
2025-04-11 14:08:43,232 -   censo.qm_processor   -   INFO   - worker1643139:Running xtb_gsolv calculation in /scratch/pawsey0265/mwang1/.automated/6026/0_PRESCREENING/CONF2/xtb_gsolv.
2025-04-11 14:08:43,232 -   censo.qm_processor   -   INFO   - worker1643141:Running xtb_gsolv calculation in /scratch/pawsey0265/mwang1/.automated/6026/0_PRESCREENING/CONF4/xtb_gsolv.
2025-04-11 14:08:43,233 -   censo.qm_processor   -   INFO   - worker1643143:Running xtb_gsolv calculation in /scratch/pawsey0265/mwang1/.automated/6026/0_PRESCREENING/CONF3/xtb_gsolv.
2025-04-11 14:08:43,234 -   censo.qm_processor   -   INFO   - worker1643145:Running xtb_gsolv calculation in /scratch/pawsey0265/mwang1/.automated/6026/0_PRESCREENING/CONF5/xtb_gsolv.
2025-04-11 14:08:43,235 -   censo.qm_processor   -   INFO   - worker1643149:Running xtb_gsolv calculation in /scratch/pawsey0265/mwang1/.automated/6026/0_PRESCREENING/CONF6/xtb_gsolv.
2025-04-11 14:08:43,235 -   censo.qm_processor   -   INFO   - worker1643152:Running xtb_gsolv calculation in /scratch/pawsey0265/mwang1/.automated/6026/0_PRESCREENING/CONF7/xtb_gsolv.
2025-04-11 14:08:43,235 -   censo.qm_processor   -   INFO   - worker1643159:Running xtb_gsolv calculation in /scratch/pawsey0265/mwang1/.automated/6026/0_PRESCREENING/CONF9/xtb_gsolv.
2025-04-11 14:08:43,236 -   censo.qm_processor   -   INFO   - worker1643161:Running xtb_gsolv calculation in /scratch/pawsey0265/mwang1/.automated/6026/0_PRESCREENING/CONF10/xtb_gsolv.
2025-04-11 14:08:43,236 -   censo.qm_processor   -   INFO   - worker1643156:Running xtb_gsolv calculation in /scratch/pawsey0265/mwang1/.automated/6026/0_PRESCREENING/CONF8/xtb_gsolv.
2025-04-11 14:08:43,236 -   censo.qm_processor   -   INFO   - worker1643167:Running xtb_gsolv calculation in /scratch/pawsey0265/mwang1/.automated/6026/0_PRESCREENING/CONF12/xtb_gsolv.
2025-04-11 14:08:43,236 -   censo.qm_processor   -   INFO   - worker1643170:Running xtb_gsolv calculation in /scratch/pawsey0265/mwang1/.automated/6026/0_PRESCREENING/CONF13/xtb_gsolv.
2025-04-11 14:08:43,236 -   censo.qm_processor   -   INFO   - worker1643164:Running xtb_gsolv calculation in /scratch/pawsey0265/mwang1/.automated/6026/0_PRESCREENING/CONF11/xtb_gsolv.
2025-04-11 14:08:43,424 -     censo.parallel     -   INFO   - All jobs executed successfully.
2025-04-11 14:08:43,445 -   censo.qm_processor   -   INFO   - worker1643242:Running sp calculation in /scratch/pawsey0265/mwang1/.automated/6026/0_PRESCREENING/CONF1/sp.
2025-04-11 14:08:43,445 -   censo.qm_processor   -   INFO   - worker1643243:Running sp calculation in /scratch/pawsey0265/mwang1/.automated/6026/0_PRESCREENING/CONF2/sp.
2025-04-11 14:08:43,445 -   censo.qm_processor   -   INFO   - worker1643244:Running sp calculation in /scratch/pawsey0265/mwang1/.automated/6026/0_PRESCREENING/CONF3/sp.
2025-04-11 14:08:43,446 -   censo.qm_processor   -   INFO   - worker1643247:Running sp calculation in /scratch/pawsey0265/mwang1/.automated/6026/0_PRESCREENING/CONF4/sp.
2025-04-11 14:08:43,446 -   censo.qm_processor   -   INFO   - worker1643250:Running sp calculation in /scratch/pawsey0265/mwang1/.automated/6026/0_PRESCREENING/CONF5/sp.
2025-04-11 14:08:43,446 -   censo.qm_processor   -   INFO   - worker1643253:Running sp calculation in /scratch/pawsey0265/mwang1/.automated/6026/0_PRESCREENING/CONF6/sp.
2025-04-11 14:08:43,447 -   censo.qm_processor   -   INFO   - worker1643257:Running sp calculation in /scratch/pawsey0265/mwang1/.automated/6026/0_PRESCREENING/CONF7/sp.
2025-04-11 14:08:43,447 -   censo.qm_processor   -   INFO   - worker1643260:Running sp calculation in /scratch/pawsey0265/mwang1/.automated/6026/0_PRESCREENING/CONF8/sp.
2025-04-11 14:08:43,448 -   censo.qm_processor   -   INFO   - worker1643263:Running sp calculation in /scratch/pawsey0265/mwang1/.automated/6026/0_PRESCREENING/CONF9/sp.
2025-04-11 14:08:43,448 -   censo.qm_processor   -   INFO   - worker1643266:Running sp calculation in /scratch/pawsey0265/mwang1/.automated/6026/0_PRESCREENING/CONF10/sp.
2025-04-11 14:08:43,449 -   censo.qm_processor   -   INFO   - worker1643268:Running sp calculation in /scratch/pawsey0265/mwang1/.automated/6026/0_PRESCREENING/CONF11/sp.
2025-04-11 14:08:43,449 -   censo.qm_processor   -   INFO   - worker1643271:Running sp calculation in /scratch/pawsey0265/mwang1/.automated/6026/0_PRESCREENING/CONF12/sp.
2025-04-11 14:08:43,450 -   censo.qm_processor   -   INFO   - worker1643275:Running sp calculation in /scratch/pawsey0265/mwang1/.automated/6026/0_PRESCREENING/CONF13/sp.
2025-04-11 14:08:58,662 -     censo.parallel     -   INFO   - All jobs executed successfully.
2025-04-11 14:08:58,694 -   censo.qm_processor   -   INFO   - worker1643485:Running gsolv calculation in /scratch/pawsey0265/mwang1/.automated/6026/1_SCREENING/CONF8/gsolv.
2025-04-11 14:08:58,695 -   censo.qm_processor   -   INFO   - worker1643486:Running gsolv calculation in /scratch/pawsey0265/mwang1/.automated/6026/1_SCREENING/CONF1/gsolv.
2025-04-11 14:08:58,695 -   censo.qm_processor   -   INFO   - worker1643487:Running gsolv calculation in /scratch/pawsey0265/mwang1/.automated/6026/1_SCREENING/CONF7/gsolv.
2025-04-11 14:08:58,696 -   censo.qm_processor   -   INFO   - worker1643490:Running gsolv calculation in /scratch/pawsey0265/mwang1/.automated/6026/1_SCREENING/CONF10/gsolv.
2025-04-11 14:08:58,696 -   censo.qm_processor   -   INFO   - worker1643493:Running gsolv calculation in /scratch/pawsey0265/mwang1/.automated/6026/1_SCREENING/CONF9/gsolv.
2025-04-11 14:08:58,697 -   censo.qm_processor   -   INFO   - worker1643496:Running gsolv calculation in /scratch/pawsey0265/mwang1/.automated/6026/1_SCREENING/CONF5/gsolv.
2025-04-11 14:08:58,697 -   censo.qm_processor   -   INFO   - worker1643500:Running gsolv calculation in /scratch/pawsey0265/mwang1/.automated/6026/1_SCREENING/CONF6/gsolv.
2025-04-11 14:08:58,698 -   censo.qm_processor   -   INFO   - worker1643503:Running gsolv calculation in /scratch/pawsey0265/mwang1/.automated/6026/1_SCREENING/CONF2/gsolv.
2025-04-11 14:08:58,698 -   censo.qm_processor   -   INFO   - worker1643506:Running gsolv calculation in /scratch/pawsey0265/mwang1/.automated/6026/1_SCREENING/CONF13/gsolv.
2025-04-11 14:08:58,698 -   censo.qm_processor   -   INFO   - worker1643509:Running gsolv calculation in /scratch/pawsey0265/mwang1/.automated/6026/1_SCREENING/CONF3/gsolv.
2025-04-11 14:08:58,698 -   censo.qm_processor   -   INFO   - worker1643511:Running gsolv calculation in /scratch/pawsey0265/mwang1/.automated/6026/1_SCREENING/CONF4/gsolv.
2025-04-11 14:09:41,894 -     censo.parallel     -   INFO   - All jobs executed successfully.
2025-04-11 14:09:41,943 -   censo.qm_processor   -   INFO   - worker1643820:Running xtb_opt calculation in /scratch/pawsey0265/mwang1/.automated/6026/2_OPTIMIZATION/CONF8/xtb_opt.
2025-04-11 14:09:41,944 -   censo.qm_processor   -   INFO   - worker1643821:Running xtb_opt calculation in /scratch/pawsey0265/mwang1/.automated/6026/2_OPTIMIZATION/CONF10/xtb_opt.
2025-04-11 14:09:41,944 -   censo.qm_processor   -   INFO   - worker1643822:Running xtb_opt calculation in /scratch/pawsey0265/mwang1/.automated/6026/2_OPTIMIZATION/CONF9/xtb_opt.
2025-04-11 14:09:41,945 -   censo.qm_processor   -   INFO   - worker1643828:Running xtb_opt calculation in /scratch/pawsey0265/mwang1/.automated/6026/2_OPTIMIZATION/CONF5/xtb_opt.
2025-04-11 14:09:41,945 -   censo.qm_processor   -   INFO   - worker1643825:Running xtb_opt calculation in /scratch/pawsey0265/mwang1/.automated/6026/2_OPTIMIZATION/CONF7/xtb_opt.
2025-04-11 14:09:41,945 -   censo.qm_processor   -   INFO   - worker1643835:Running xtb_opt calculation in /scratch/pawsey0265/mwang1/.automated/6026/2_OPTIMIZATION/CONF6/xtb_opt.
2025-04-11 14:09:41,945 -   censo.qm_processor   -   INFO   - worker1643832:Running xtb_opt calculation in /scratch/pawsey0265/mwang1/.automated/6026/2_OPTIMIZATION/CONF1/xtb_opt.
2025-04-11 14:09:41,946 -   censo.qm_processor   -   INFO   - worker1643837:Running xtb_opt calculation in /scratch/pawsey0265/mwang1/.automated/6026/2_OPTIMIZATION/CONF2/xtb_opt.
2025-04-11 14:09:41,946 -   censo.qm_processor   -   INFO   - worker1643840:Running xtb_opt calculation in /scratch/pawsey0265/mwang1/.automated/6026/2_OPTIMIZATION/CONF13/xtb_opt.
2025-04-11 14:09:41,947 -   censo.qm_processor   -   INFO   - worker1643844:Running xtb_opt calculation in /scratch/pawsey0265/mwang1/.automated/6026/2_OPTIMIZATION/CONF3/xtb_opt.
2025-04-11 14:09:41,947 -   censo.qm_processor   -   INFO   - worker1643847:Running xtb_opt calculation in /scratch/pawsey0265/mwang1/.automated/6026/2_OPTIMIZATION/CONF4/xtb_opt.
2025-04-11 14:14:30,573 -     censo.parallel     -   INFO   - All jobs executed successfully.
2025-04-11 14:14:30,595 -   censo.qm_processor   -   INFO   - worker1646471:Running xtb_rrho calculation in /scratch/pawsey0265/mwang1/.automated/6026/2_OPTIMIZATION/CONF8/xtb_rrho.
2025-04-11 14:14:30,596 -   censo.qm_processor   -   INFO   - worker1646472:Running xtb_rrho calculation in /scratch/pawsey0265/mwang1/.automated/6026/2_OPTIMIZATION/CONF10/xtb_rrho.
2025-04-11 14:14:30,596 -   censo.qm_processor   -   INFO   - worker1646473:Running xtb_rrho calculation in /scratch/pawsey0265/mwang1/.automated/6026/2_OPTIMIZATION/CONF9/xtb_rrho.
2025-04-11 14:14:30,596 -   censo.qm_processor   -   INFO   - worker1646475:Running xtb_rrho calculation in /scratch/pawsey0265/mwang1/.automated/6026/2_OPTIMIZATION/CONF7/xtb_rrho.
2025-04-11 14:14:30,597 -   censo.qm_processor   -   INFO   - worker1646479:Running xtb_rrho calculation in /scratch/pawsey0265/mwang1/.automated/6026/2_OPTIMIZATION/CONF5/xtb_rrho.
2025-04-11 14:14:30,597 -   censo.qm_processor   -   INFO   - worker1646482:Running xtb_rrho calculation in /scratch/pawsey0265/mwang1/.automated/6026/2_OPTIMIZATION/CONF1/xtb_rrho.
2025-04-11 14:14:30,597 -   censo.qm_processor   -   INFO   - worker1646486:Running xtb_rrho calculation in /scratch/pawsey0265/mwang1/.automated/6026/2_OPTIMIZATION/CONF6/xtb_rrho.
2025-04-11 14:14:30,598 -   censo.qm_processor   -   INFO   - worker1646489:Running xtb_rrho calculation in /scratch/pawsey0265/mwang1/.automated/6026/2_OPTIMIZATION/CONF2/xtb_rrho.
2025-04-11 14:14:30,598 -   censo.qm_processor   -   INFO   - worker1646492:Running xtb_rrho calculation in /scratch/pawsey0265/mwang1/.automated/6026/2_OPTIMIZATION/CONF13/xtb_rrho.
2025-04-11 14:14:30,599 -   censo.qm_processor   -   INFO   - worker1646494:Running xtb_rrho calculation in /scratch/pawsey0265/mwang1/.automated/6026/2_OPTIMIZATION/CONF3/xtb_rrho.
2025-04-11 14:14:30,599 -   censo.qm_processor   -   INFO   - worker1646498:Running xtb_rrho calculation in /scratch/pawsey0265/mwang1/.automated/6026/2_OPTIMIZATION/CONF4/xtb_rrho.
2025-04-11 14:14:32,780 -     censo.parallel     -   INFO   - All jobs executed successfully.
2025-04-11 14:14:32,780 -censo.ensembleopt.optimization-   INFO   - Threshold: 2.45 kcal/mol
2025-04-11 14:14:32,801 -   censo.qm_processor   -   INFO   - worker1646562:Running xtb_opt calculation in /scratch/pawsey0265/mwang1/.automated/6026/2_OPTIMIZATION/CONF8/xtb_opt.
2025-04-11 14:14:32,801 -   censo.qm_processor   -   INFO   - worker1646563:Running xtb_opt calculation in /scratch/pawsey0265/mwang1/.automated/6026/2_OPTIMIZATION/CONF10/xtb_opt.
2025-04-11 14:14:32,802 -   censo.qm_processor   -   INFO   - worker1646565:Running xtb_opt calculation in /scratch/pawsey0265/mwang1/.automated/6026/2_OPTIMIZATION/CONF9/xtb_opt.
2025-04-11 14:14:32,802 -   censo.qm_processor   -   INFO   - worker1646567:Running xtb_opt calculation in /scratch/pawsey0265/mwang1/.automated/6026/2_OPTIMIZATION/CONF5/xtb_opt.
2025-04-11 14:14:32,802 -   censo.qm_processor   -   INFO   - worker1646570:Running xtb_opt calculation in /scratch/pawsey0265/mwang1/.automated/6026/2_OPTIMIZATION/CONF1/xtb_opt.
2025-04-11 14:14:32,803 -   censo.qm_processor   -   INFO   - worker1646573:Running xtb_opt calculation in /scratch/pawsey0265/mwang1/.automated/6026/2_OPTIMIZATION/CONF2/xtb_opt.
2025-04-11 14:14:32,803 -   censo.qm_processor   -   INFO   - worker1646576:Running xtb_opt calculation in /scratch/pawsey0265/mwang1/.automated/6026/2_OPTIMIZATION/CONF4/xtb_opt.
2025-04-11 14:17:59,038 -     censo.parallel     -   INFO   - All jobs executed successfully.
2025-04-11 14:17:59,040 -censo.ensembleopt.optimization-   INFO   - Threshold: 1.64 kcal/mol
2025-04-11 14:17:59,061 -   censo.qm_processor   -   INFO   - worker1648058:Running xtb_opt calculation in /scratch/pawsey0265/mwang1/.automated/6026/2_OPTIMIZATION/CONF2/xtb_opt.
2025-04-11 14:27:21,833 -     censo.parallel     -   INFO   - All jobs executed successfully.
2025-04-11 14:27:21,835 -censo.ensembleopt.optimization-   INFO   - Threshold: 1.50 kcal/mol
2025-04-11 14:27:21,858 -   censo.qm_processor   -   INFO   - worker1650116:Running xtb_rrho calculation in /scratch/pawsey0265/mwang1/.automated/6026/2_OPTIMIZATION/CONF8/xtb_rrho.
2025-04-11 14:27:21,858 -   censo.qm_processor   -   INFO   - worker1650117:Running xtb_rrho calculation in /scratch/pawsey0265/mwang1/.automated/6026/2_OPTIMIZATION/CONF10/xtb_rrho.
2025-04-11 14:27:21,859 -   censo.qm_processor   -   INFO   - worker1650119:Running xtb_rrho calculation in /scratch/pawsey0265/mwang1/.automated/6026/2_OPTIMIZATION/CONF9/xtb_rrho.
2025-04-11 14:27:22,606 -     censo.parallel     -   INFO   - All jobs executed successfully.
