
         ______________________________________________________________
        |                                                              |
        |                                                              |
        |                   CENSO - Commandline ENSO                   |
        |                           v 2.1.2                            |
        |    energetic sorting of CREST Conformer Rotamer Ensembles    |
        |                    University of Bonn, MCTC                  |
        |                           Oct 2024                           |
        |                 based on ENSO version 2.0.1                  |
        |             L. M. Seidler, F. Bohle and S. Grimme            |
        |                                                              |
        |______________________________________________________________|

        Please cite:
        (TBA)
        S. Grimme, F. Bohle, A. Hansen, P. Pracht, S. Spicher, and M. Stahn
        J. Phys. Chem. A 2021, 125, 19, 4039-4054.
        DOI: https://doi.org/10.1021/acs.jpca.1c00971

        This program is distributed in the hope that it will be useful,
        but WITHOUT ANY WARRANTY; without even the implied warranty of
        MERCHANTABILITY or FITNESS FOR A PARTICULAR PURPOSE.

Reading configuration file from /home/mwang1/.censo2rc.
CALL: /software/projects/pawsey0265/mwang1/censo_screwed/bin/censo -i crest_conformers.xyz --maxcores 13 -O 1
Read 13 conformers.
Number of atoms:              16
Charge:                       0
Unpaired electrons:           0


----------------------------------------------------------------------------------------------------
                                          GENERAL SETTINGS                                          
----------------------------------------------------------------------------------------------------
    
imagthr:                      -100.0
sthr:                         0.0
scale:                        1.0
temperature:                  298.15
solvent:                      h2o
sm_rrho:                      alpb
multitemp:                    False
evaluate_rrho:                False
consider_sym:                 False
bhess:                        False
rmsdbias:                     False
balance:                      False
gas-phase:                    False
copy_mo:                      True
retry_failed:                 True
trange:                       [273.15, 373.15, 5]



----------------------------------------------------------------------------------------------------
                                            PRESCREENING                                            
----------------------------------------------------------------------------------------------------
    
threshold:                    4.0
func:                         pbe-d4
basis:                        def2-sv(p)
prog:                         orca
gfnv:                         gfn2
run:                          True
template:                     False


Running xtb_gsolv calculation for CONF1.
Running xtb_gsolv calculation for CONF2.
Running xtb_gsolv calculation for CONF4.
Running xtb_gsolv calculation for CONF3.
Running xtb_gsolv calculation for CONF5.
Running xtb_gsolv calculation for CONF6.
Running xtb_gsolv calculation for CONF7.
Running xtb_gsolv calculation for CONF9.
Running xtb_gsolv calculation for CONF10.
Running xtb_gsolv calculation for CONF8.
Running xtb_gsolv calculation for CONF12.
Running xtb_gsolv calculation for CONF13.
Running xtb_gsolv calculation for CONF11.
Running sp calculation for CONF1.
Running sp calculation for CONF2.
Running sp calculation for CONF3.
Running sp calculation for CONF4.
Running sp calculation for CONF5.
Running sp calculation for CONF6.
Running sp calculation for CONF7.
Running sp calculation for CONF8.
Running sp calculation for CONF9.
Running sp calculation for CONF10.
Running sp calculation for CONF11.
Running sp calculation for CONF12.
Running sp calculation for CONF13.


No longer considering CONF11.
No longer considering CONF12.

-------------------------------- PRESCREENING SINGLE-POINT RESULTS ---------------------------------

CONF#         E (xTB)          ΔE (xTB)          E (DFT)          ΔE (DFT)        ΔGsolv (xTB)          Gtot             ΔGtot          Boltzmann weight   
                [Eh]          [kcal/mol]          [Eh]           [kcal/mol]        [kcal/mol]           [Eh]           [kcal/mol]        % at 298.15 K     
CONF1        -21.772232          0.00          -308.143995          0.20           -1.650008         -308.146624          0.21               23.79         
CONF2        -21.771812          0.26          -308.141558          1.73           -1.676076         -308.144229          1.71                1.88         
CONF3        -21.771773          0.29          -308.140044          2.68           -1.318848         -308.142146          3.02                0.21         
CONF4        -21.771362          0.55          -308.139151          3.24           -1.459094         -308.141476          3.44                0.10         
CONF5        -21.770565          1.05          -308.141295          1.89           -1.943315         -308.144392          1.61                2.24         
CONF6        -21.771318          0.57          -308.142090          1.39           -1.365719         -308.144266          1.69                1.96         
CONF7        -21.771157          0.67          -308.144312          0.00           -1.355895         -308.146473          0.30               20.28         
CONF8        -21.769285          1.85          -308.143798          0.32           -1.983564         -308.146959          0.00               33.91         
CONF9        -21.768723          2.20          -308.142159          1.35           -2.094699         -308.145497          0.92                7.21         
CONF10       -21.768723          2.20          -308.142247          1.30           -2.094180         -308.145585          0.86                7.91         
CONF13       -21.768595          2.28          -308.140244          2.55           -1.698512         -308.142951          2.52                0.49         

Boltzmann averaged free energy/enthalpy of ensemble on input geometries (not DFT optimized):
temperature /K:   avE(T) /a.u.   avG(T) /a.u.
    298.15        -308.0766476    -308.0794701     <<==part0==
----------------------------------------------------------------------------------------------------

Number of conformers:         11
Highest ranked conformer:     CONF8


Ran prescreening in 15.49 seconds!

----------------------------------------------------------------------------------------------------
                                             SCREENING                                              
----------------------------------------------------------------------------------------------------
    
threshold:                    3.5
func:                         r2scan-3c
basis:                        def2-tzvp
prog:                         orca
sm:                           smd
gfnv:                         gfn2
run:                          True
implicit:                     False
template:                     False


Running gsolv calculation for CONF8.
Running gsolv calculation for CONF1.
Running gsolv calculation for CONF7.
Running gsolv calculation for CONF10.
Running gsolv calculation for CONF9.
Running gsolv calculation for CONF5.
Running gsolv calculation for CONF6.
Running gsolv calculation for CONF2.
Running gsolv calculation for CONF13.
Running gsolv calculation for CONF3.
Running gsolv calculation for CONF4.

----------------------------- SCREENING SINGLE-POINT (+ mRRHO) RESULTS -----------------------------

CONF#         G (xTB)          ΔG (xTB)          E (DFT)          ΔGsolv         GmRRHO          Gtot             ΔGtot          Boltzmann weight   
                [Eh]          [kcal/mol]          [Eh]             [Eh]           [Eh]           [Eh]           [kcal/mol]        % at 298.15 K     
CONF1        -21.774861          ---           -308.773701       -0.004455        ---         -308.778156          1.50                3.20         
CONF2        -21.774483          ---           -308.771554       -0.005226        ---         -308.776781          2.37                0.75         
CONF3        -21.773875          ---           -308.769947       -0.005892        ---         -308.775839          2.96                0.28         
CONF4        -21.773688          ---           -308.769617       -0.006187        ---         -308.775804          2.98                0.27         
CONF5        -21.773662          ---           -308.771918       -0.006754        ---         -308.778673          1.18                5.54         
CONF6        -21.773494          ---           -308.772199       -0.005400        ---         -308.777599          1.85                1.78         
CONF7        -21.773318          ---           -308.774283       -0.004788        ---         -308.779070          0.93                8.44         
CONF8        -21.772446          ---           -308.773965       -0.006588        ---         -308.780553          0.00               40.59         
CONF9        -21.772061          ---           -308.772239       -0.007605        ---         -308.779844          0.44               19.16         
CONF10       -21.772060          ---           -308.772254       -0.007614        ---         -308.779868          0.43               19.64         
CONF13       -21.771302          ---           -308.770755       -0.005342        ---         -308.776097          2.80                0.36         

Boltzmann averaged free energy/enthalpy of ensemble on input geometries (not DFT optimized):
temperature /K:   avE(T) /a.u.   avG(T) /a.u.
    298.15        -308.7731196    -308.7798541     <<==part1==
----------------------------------------------------------------------------------------------------


----------------------------------- SCREENING RANKING COMPARISON -----------------------------------

CONF#        ΔGtot prescreening       ΔGtot screening   
                 [kcal/mol]             [kcal/mol]      
CONF1               0.21                   1.50         
CONF2               1.71                   2.37         
CONF3               3.02                   2.96         
CONF4               3.44                   2.98         
CONF5               1.61                   1.18         
CONF6               1.69                   1.85         
CONF7               0.30                   0.93         
CONF8               0.00                   0.00         
CONF9               0.92                   0.44         
CONF10              0.86                   0.43         
CONF13              2.52                   2.80         
----------------------------------------------------------------------------------------------------



Number of conformers:         11
Highest ranked conformer:     CONF8


Ran screening in 43.23 seconds!

----------------------------------------------------------------------------------------------------
                                            OPTIMIZATION                                            
----------------------------------------------------------------------------------------------------
    
optcycles:                    8
maxcyc:                       200
threshold:                    1.5
hlow:                         0.01
gradthr:                      0.01
func:                         r2scan-3c
basis:                        def2-tzvp
prog:                         orca
sm:                           smd
gfnv:                         gfn2
optlevel:                     normal
run:                          True
macrocycles:                  True
crestcheck:                   True
template:                     False
constrain:                    False
xtb_opt:                      True


Optimization using macrocycles, 8 microcycles per step.
Running xtb_opt calculation for CONF8.
Running xtb_opt calculation for CONF10.
Running xtb_opt calculation for CONF9.
Running xtb_opt calculation for CONF5.
Running xtb_opt calculation for CONF7.
Running xtb_opt calculation for CONF6.
Running xtb_opt calculation for CONF1.
Running xtb_opt calculation for CONF2.
Running xtb_opt calculation for CONF13.
Running xtb_opt calculation for CONF3.
Running xtb_opt calculation for CONF4.
Running xtb_rrho calculation for CONF8.
Running xtb_rrho calculation for CONF10.
Running xtb_rrho calculation for CONF9.
Running xtb_rrho calculation for CONF7.
Running xtb_rrho calculation for CONF5.
Running xtb_rrho calculation for CONF1.
Running xtb_rrho calculation for CONF6.
Running xtb_rrho calculation for CONF2.
Running xtb_rrho calculation for CONF13.
Running xtb_rrho calculation for CONF3.
Running xtb_rrho calculation for CONF4.
CONF7 converged after 4 steps.
CONF6 converged after 8 steps.
CONF13 converged after 7 steps.
CONF3 converged after 4 steps.

----------------------------------- OPTIMIZATION CYCLE 8 UPDATE ------------------------------------

CONF#           Gtot             ΔGtot          grad_norm       converged   
                [Eh]           [kcal/mol]        [Eh/a0]                    
CONF1        -308.676068          1.64          0.001482          False     
CONF2        -308.674252          2.78          0.001970          False     
CONF3        -308.673818          3.05          0.000623          True      
CONF4        -308.672642          3.79          0.001851          False     
CONF5        -308.675559          1.96          0.001868          False     
CONF6        -308.675338          2.10          0.000563          True      
CONF7        -308.676185          1.57          0.000409          True      
CONF8        -308.678686          0.00          0.002842          False     
CONF9        -308.678417          0.17          0.000613          False     
CONF10       -308.678437          0.16          0.000613          False     
CONF13       -308.672669          3.78          0.000428          True      
----------------------------------------------------------------------------------------------------
Running xtb_opt calculation for CONF8.
Running xtb_opt calculation for CONF10.
Running xtb_opt calculation for CONF9.
Running xtb_opt calculation for CONF5.
Running xtb_opt calculation for CONF1.
Running xtb_opt calculation for CONF2.
Running xtb_opt calculation for CONF4.
CONF8 converged after 19 steps.
CONF10 converged after 17 steps.
CONF9 converged after 17 steps.
CONF5 converged after 18 steps.
CONF1 converged after 18 steps.
CONF4 converged after 18 steps.
No longer considering CONF5 (gradient too small and ΔG = 1.97).
No longer considering CONF1 (gradient too small and ΔG = 1.65).
No longer considering CONF6 (gradient too small and ΔG = 2.12).
No longer considering CONF2 (gradient too small and ΔG = 2.74).
No longer considering CONF13 (gradient too small and ΔG = 3.79).
No longer considering CONF3 (gradient too small and ΔG = 3.07).
No longer considering CONF4 (gradient too small and ΔG = 3.80).

----------------------------------- OPTIMIZATION CYCLE 16 UPDATE -----------------------------------

CONF#           Gtot             ΔGtot          grad_norm       converged   
                [Eh]           [kcal/mol]        [Eh/a0]                    
CONF7        -308.676185          1.58          0.000409          True      
CONF8        -308.678709          0.00          0.000967          True      
CONF9        -308.678419          0.18          0.000283          True      
CONF10       -308.678439          0.17          0.000262          True      
----------------------------------------------------------------------------------------------------
Running xtb_opt calculation for CONF2.
CONF2 converged after 33 steps.
No longer considering CONF7 (gradient too small and ΔG = 1.58).

----------------------------------- OPTIMIZATION CYCLE 24 UPDATE -----------------------------------

CONF#           Gtot             ΔGtot          grad_norm       converged   
                [Eh]           [kcal/mol]        [Eh/a0]                    
CONF8        -308.678709          0.00          0.000967          True      
CONF9        -308.678419          0.18          0.000283          True      
CONF10       -308.678439          0.17          0.000262          True      
----------------------------------------------------------------------------------------------------
Running xtb_rrho calculation for CONF8.
Running xtb_rrho calculation for CONF10.
Running xtb_rrho calculation for CONF9.

--------------------------------------- OPTIMIZATION RESULTS ---------------------------------------

CONF#        E (DFT) (+ ΔGsolv)       ΔE (DFT) (+ δΔGsolv)       GmRRHO          Gtot             ΔGtot          Boltzmann weight   
                    [Eh]                   [kcal/mol]             [Eh]           [Eh]           [kcal/mol]        % at 298.15 K     
CONF8           -308.782697                   0.00                ---         -308.678748          0.00               41.15         
CONF9           -308.781547                   0.72                ---         -308.678424          0.20               29.19         
CONF10          -308.781546                   0.72                ---         -308.678438          0.19               29.66         

Boltzmann averaged free energy/enthalpy of ensemble on optimized geometries:
temperature /K:   avE(T) /a.u.   avG(T) /a.u.
    298.15        -308.7820200    -308.6785613     <<==part2==
----------------------------------------------------------------------------------------------------


--------------------------------------- OPTIMIZATION RESULTS ---------------------------------------

CONF#        E (DFT) (+ ΔGsolv)       ΔE (DFT) (+ δΔGsolv)       GmRRHO          Gtot             ΔGtot          Boltzmann weight   
                    [Eh]                   [kcal/mol]             [Eh]           [Eh]           [kcal/mol]        % at 298.15 K     
CONF8           -308.782697                   0.00                ---         -308.678748          0.00               41.15         
CONF9           -308.781547                   0.72                ---         -308.678424          0.20               29.19         
CONF10          -308.781546                   0.72                ---         -308.678438          0.19               29.66         

Boltzmann averaged free energy/enthalpy of ensemble on optimized geometries:
temperature /K:   avE(T) /a.u.   avG(T) /a.u.
    298.15        -308.7820200    -308.6785613     <<==part2==
----------------------------------------------------------------------------------------------------


--------------------------------- OPTIMIZATION RANKING COMPARISON ----------------------------------

CONF#        ΔGtot prescreening       ΔGtot screening       ΔGtot optimization   
                 [kcal/mol]             [kcal/mol]              [kcal/mol]       
CONF8               0.00                   0.00                    0.00          
CONF9               0.92                   0.44                    0.20          
CONF10              0.86                   0.43                    0.19          
----------------------------------------------------------------------------------------------------



Number of conformers:         3
Highest ranked conformer:     CONF8


Ran optimization in 1060.70 seconds!

Ran CENSO in 00:18:39

CENSO all done!
