----------------------------------------------- 
  Element       SASA      Sigma Z        Total  
     Z         Ang**2 cal/Ang**2/mol   kcal/mol 
----------------------------------------------- 
      H         95.580      48.690       4.654
      C         69.705     129.740       9.043
      O         61.099       0.000       0.000
      Cl        31.797       9.820       0.312

 Subtotal:     258.180                  14.009
 -----------------------------------------------

  Elements    COT*SASA   Sigma Z,Z'     Total   
    Z,Z'       Ang**2  cal/Ang**2/mol kcal/mol  
 ---------------------------------------------- 
  H   C         58.422     -60.770      -3.550
  H   O          6.158       0.000       0.000
  C   C         61.783     -72.950      -4.507
  O   C         23.046      68.690       1.583
  O   O          0.000       0.000       0.000

 Subtotal:                              -6.474
 ---------------------------------------------- 

 NONAQUEOUS SOLVENT CONTRIBUTION (kcal/mol):
 (proportional to SASA, atomic number independent)
 ---------------------------------------------- 
 Subtotal:                               0.000
 ---------------------------------------------- 

 CDS TOTAL (kcal/mol):                   7.535
...............................................................................
