26
 energy: -39.329707937391 gnorm: 0.051665036217 xtb: 6.7.1 (edcfbbe)
C            1.55917867155500       -0.46870563071037       -1.72492579898865
C            1.80530257616437       -0.52272355685813       -0.21367855739865
C            3.15222309380443       -1.19128119013355        0.06747360288637
C            0.74187884457056       -1.29288116195975        0.53464095089122
N           -0.53124570087574       -1.18815902893490        0.55522860625925
O           -0.99131088643721       -0.13147237387334       -0.29709749998446
C           -2.35315944320863        0.10484034775229       -0.24509161923173
O           -2.75312102511461        1.00852156567030       -0.97623589437258
N           -3.08473477655509       -0.64882977393726        0.57695334209078
C           -4.52396146232828       -0.47058547383019        0.71813916302938
S            1.74780986065944        1.18828097790231        0.56586333612167
C            3.29629068411514        1.93712393649117       -0.05858221753295
H            1.47526181551205       -1.48929253618490       -2.11584324554536
H            0.65523374489349        0.08196379040817       -1.98175327574469
H            2.41419268986870        0.00692505402986       -2.21448992907782
H            3.96366348252308       -0.64482140392984       -0.41618061655835
H            3.14359154388440       -2.20539335090104       -0.34537797076574
H            3.35525464971688       -1.25052756353780        1.13987415250292
H            1.08841518335073       -2.08851030300679        1.19582249838692
H           -2.62059960534786       -1.36299895734241        1.11870684697836
H           -4.77702078706124       -0.23981373704798        1.75670303991544
H           -5.05390491090124       -1.37864146712095        0.41725092241550
H           -4.84932016121719        0.35391938740238        0.08476920765844
H            3.33757539551873        1.90635562655043       -1.15235057416865
H            4.18479337851353        1.46588028936887        0.37120277175438
H            3.26291096289064        2.98379196246315        0.26024201704889
26
 energy: -39.332690225748 gnorm: 0.017908794307 xtb: 6.7.1 (edcfbbe)
C            1.55948042196825       -0.46950939668866       -1.71624440317871
C            1.81547988569734       -0.54709733482170       -0.21276613578205
C            3.16312756088941       -1.20201304017005        0.06768418132412
C            0.74159367554195       -1.29320912013933        0.52577789710751
N           -0.51762643709481       -1.15667639513110        0.53740290249263
O           -1.00768459964831       -0.11607672759734       -0.30202545238759
C           -2.36147094095583        0.11770292179336       -0.24733694345235
O           -2.77288397040430        1.00741921356119       -0.97411390353210
N           -3.08057029007372       -0.63866502587568        0.57180277208430
C           -4.51275117159532       -0.47429898654508        0.71917009361136
S            1.75622857317215        1.16935656568126        0.54237703555975
C            3.29171653640778        1.93929967133548       -0.06301128495209
H            1.46155196062031       -1.47990844891473       -2.11432019574862
H            0.65412484127475        0.08696473377742       -1.94657719294711
H            2.40354877461961        0.01068879619282       -2.20952854868834
H            3.96679311366095       -0.65680680593077       -0.42082570455494
H            3.15273882943895       -2.21638534768338       -0.32988672414550
H            3.36037553506893       -1.23976052467302        1.13731246180342
H            1.07131697710134       -2.08303549172103        1.19295975021919
H           -2.60793506079950       -1.35014755731441        1.11235988428073
H           -4.75667049183412       -0.24464475438351        1.75670955350808
H           -5.02962488842903       -1.38559261035267        0.41674655268952
H           -4.82985600071572        0.34918993494263        0.08244259015984
H            3.32542966587544        1.89912264183352       -1.14914343861714
H            4.16064065209675        1.46101214816232        0.38165900691726
H            3.23812466661083        2.97603636939222        0.26263850479873
26
 energy: -39.333298168840 gnorm: 0.005781278524 xtb: 6.7.1 (edcfbbe)
C            1.55970989517158       -0.47185290694882       -1.71234563337509
C            1.82421450152028       -0.55337876394834       -0.21155435270744
C            3.16847863987656       -1.21061340316504        0.07086104209965
C            0.73968232104527       -1.28441690123341        0.51883230167730
N           -0.51238646367291       -1.12590642925183        0.51703098225308
O           -1.01216706724106       -0.09316001508704       -0.31013185996368
C           -2.36164562863933        0.13095526299320       -0.25646597818786
O           -2.78598130569499        1.01566147209177       -0.97645397959899
N           -3.06837326034898       -0.63075490103106        0.56543625979010
C           -4.49793088556095       -0.48096284321160        0.72273972519427
S            1.74961266250543        1.16017482960761        0.54935113540475
C            3.27873788734747        1.92990106654421       -0.06409074800579
H            1.45098787274088       -1.47540899531522       -2.11937054132089
H            0.65196874103199        0.08971717506950       -1.91985103192453
H            2.39457951848442        0.01340964723237       -2.21103544029840
H            3.96951829574628       -0.67352212619846       -0.42731743652884
H            3.15623243134694       -2.22941204837614       -0.30955799058849
H            3.36695613520068       -1.23009661215875        1.13928768470865
H            1.05202392162531       -2.07903389385557        1.18449070096835
H           -2.58421295114622       -1.33701808743330        1.10442207190778
H           -4.73727233291151       -0.25193353209200        1.75959752309871
H           -5.00650631906130       -1.39547916615166        0.42198660056164
H           -4.81854639314032        0.33984435865224        0.08474369033472
H            3.31102183717903        1.88752851603231       -1.14671728158433
H            4.14331457631493        1.45654780485694        0.38610300254967
H            3.21318118877462        2.96217592110791        0.26127281210554
26
 energy: -39.333442050855 gnorm: 0.003378987941 xtb: 6.7.1 (edcfbbe)
C            1.56009507552073       -0.47111056694095       -1.71283556323109
C            1.82397206263178       -0.56062522792874       -0.21214288414163
C            3.16782559577867       -1.21601186513603        0.07513191467639
C            0.73191925675173       -1.28715318969678        0.51179735409962
N           -0.51817940114243       -1.11187842254872        0.50522276059760
O           -1.01069041054835       -0.07811349637308       -0.31740680901028
C           -2.35878180541048        0.14331029760075       -0.26062878583837
O           -2.79247045139299        1.02409546265893       -0.98077445872025
N           -3.05829116930894       -0.62447716694576        0.56317513100664
C           -4.48827117730562       -0.48714562562214        0.72593380472672
S            1.75080669247640        1.15097624090785        0.55303528177123
C            3.27351947554800        1.93047968014485       -0.06242325508165
H            1.44731444629602       -1.47226606663027       -2.12372796319940
H            0.65229167475609        0.09300294323187       -1.91332628351070
H            2.39313184812237        0.01561673195488       -2.21257249814964
H            3.96886778434915       -0.68709207791406       -0.43273607175236
H            3.15272725948893       -2.23986915425425       -0.29167462275515
H            3.36984287617660       -1.22261481673398        1.14347193856879
H            1.03237510218981       -2.08250379171108        1.18168484076865
H           -2.56481594653626       -1.32601965053750        1.10040533391008
H           -4.72557458617425       -0.25950546026151        1.76337497064513
H           -4.99047970491071       -1.40589976346821        0.42752384817622
H           -4.81812839763870        0.33092197614625        0.08857456345141
H            3.30316090716677        1.88283133970174       -1.14478596555127
H            4.13952308467348        1.46029925935394        0.38781710511830
H            3.20350772693625        2.96371783973182        0.25914957199488
26
 energy: -39.333526190748 gnorm: 0.003259588840 xtb: 6.7.1 (edcfbbe)
C            1.56274799543771       -0.46885329518867       -1.71387019411528
C            1.82266993880705       -0.56307205172101       -0.21237756642260
C            3.16339885669188       -1.22249541985496        0.08022813184334
C            0.72411244126146       -1.28731003016012        0.50516484400758
N           -0.52463361306514       -1.09938957907860        0.49298188168372
O           -1.00728868864719       -0.05991082613424       -0.32386369664948
C           -2.35649565088495        0.15558471037835       -0.26674366128654
O           -2.79934354893423        1.03576149468165       -0.98343541721644
N           -3.04819584739656       -0.61776936093893        0.56010953997242
C           -4.47850441920360       -0.49435577838264        0.73038957383663
S            1.74999099048984        1.14554101780978        0.56133123597108
C            3.26758698070218        1.92969164627428       -0.06086543599850
H            1.44768237363334       -1.46880198442626       -2.12742976010376
H            0.65674828825058        0.09777580334410       -1.91380606804407
H            2.39709759157486        0.01721510390551       -2.21216887102329
H            3.96593106356946       -0.70576823751460       -0.43927295207630
H            3.14280642489346       -2.25323005112356       -0.26898276085020
H            3.36955717610324       -1.21303155669056        1.14833059053258
H            1.01284588752425       -2.08996437466817        1.17140520569773
H           -2.54332307020558       -1.31330296190759        1.09484032363323
H           -4.71238076669938       -0.26848850898219        1.76928724285097
H           -4.97224278289064       -1.41939040169312        0.43603293437594
H           -4.82197140226012        0.31944907551368        0.09408314714439
H            3.29432485491392        1.87712558186257       -1.14372225726113
H            4.13807237759076        1.46512998153263        0.38809368702617
H            3.19400436723749        2.96482543189248        0.25552356104169
26
 energy: -39.333562506304 gnorm: 0.002803047073 xtb: 6.7.1 (edcfbbe)
C            1.56678675360076       -0.46628039726252       -1.71480146356642
C            1.82104528909695       -0.56289539193645       -0.21251172167199
C            3.15906111307781       -1.22612547294606        0.08426708016531
C            0.71925483418304       -1.28863344381604        0.49876959219823
N           -0.52874621434889       -1.09645762485882        0.48482337812864
O           -1.00572064858863       -0.04945201908420       -0.32625922365588
C           -2.35645569887272        0.16465360808195       -0.26763580236474
O           -2.80341273621806        1.04402471548282       -0.98291030909284
N           -3.04409616905927       -0.61250355741022        0.55925083719756
C           -4.47442124880139       -0.49926017265806        0.73355575159643
S            1.74984339130426        1.14390977638098        0.56611643489320
C            3.26463376345775        1.92944527106553       -0.06097133223023
H            1.45206612744840       -1.46609900619027       -2.12938778508398
H            0.66296744103610        0.10222095121270       -1.91885273616783
H            2.40468505489956        0.01805794648638       -2.20927382077501
H            3.96346717071358       -0.71918677035757       -0.44223964149307
H            3.13284600868672       -2.26076381779786       -0.25323510364664
H            3.36733681758113       -1.20648082004444        1.15179165915117
H            1.00289356906388       -2.09647543985800        1.16066332990065
H           -2.53185834025094       -1.30448349480002        1.09154997870411
H           -4.70605769163294       -0.27482617649516        1.77349131272959
H           -4.96156311008795       -1.42891236961801        0.44201028471120
H           -4.82738036026220        0.31122679864379        0.09829321118188
H            3.28930035409688        1.87463053611000       -1.14407993673896
H            4.13823394871537        1.46795598300802        0.38620407297788
H            3.19048839965489        2.96567581739134        0.25263521152160
26
 energy: -39.333584500192 gnorm: 0.001435733857 xtb: 6.7.1 (edcfbbe)
C            1.57231988928026       -0.46353351946872       -1.71547860126760
C            1.82023447237882       -0.56192879314843       -0.21242992983048
C            3.15577254685873       -1.22861526380552        0.08844833547372
C            0.71595217166850       -1.28962227373936        0.49250734708367
N           -0.53159830340968       -1.09651673232966        0.47856418303344
O           -1.00594202995962       -0.04196030840245       -0.32651147931616
C           -2.35851447863448        0.17123435122258       -0.26760735149650
O           -2.80637264641800        1.05222506887535       -0.97961343663938
N           -3.04328421654055       -0.60822485553565        0.55886928029325
C           -4.47322560348071       -0.50299711436494        0.73684237990706
S            1.74970127067424        1.14390372818145        0.56796949159430
C            3.26287876878838        1.92919434799002       -0.06248346771291
H            1.45860357221693       -1.46325252803000       -2.13099373360330
H            0.67046779484341        0.10663321896376       -1.92443178188292
H            2.41416999818907        0.01901544216843       -2.20547152679614
H            3.96197557695976       -0.73028502318578       -0.44293023913483
H            3.12387120685093       -2.26577064374074       -0.23968408216925
H            3.36485852707130       -1.20065086519086        1.15532274192753
H            0.99716795661683       -2.10414408650923        1.14714448810942
H           -2.52553358562959       -1.29841453609626        1.08811973806132
H           -4.70320709679099       -0.27945513098553        1.77744519286440
H           -4.95475170399769       -1.43628248511172        0.44775871374057
H           -4.83358151386026        0.30432039640988        0.10220130541214
H            3.28558469501311        1.87404300595542       -1.14558481033039
H            4.13801394881247        1.46836601835889        0.38271891542508
H            3.18963660099289        2.96568401024890        0.25057158582382
26
 energy: -39.333593023263 gnorm: 0.000922342245 xtb: 6.7.1 (edcfbbe)
C            1.57816437400174       -0.46194199397923       -1.71640884121839
C            1.82076223572768       -0.56102394257150       -0.21273336733245
C            3.15469791683176       -1.22953148685449        0.09233920644573
C            0.71439533827579       -1.29074931359318        0.48598684440574
N           -0.53299910253536       -1.09814088058684        0.47358880309216
O           -1.00812000060970       -0.03821524760153       -0.32584815036417
C           -2.36150771928078        0.17668150331973       -0.26460627702003
O           -2.80820860089832        1.05907487305414       -0.97476848887865
N           -3.04481440334473       -0.60505567550209        0.56002173073281
C           -4.47459005234475       -0.50538389390600        0.73947803877311
S            1.74901244666653        1.14459743161933        0.56660952551303
C            3.26222250613934        1.92850246931023       -0.06480263065621
H            1.46562928037413       -1.46118314619922       -2.13330316913777
H            0.67723724576980        0.10905567907620       -1.92818208488225
H            2.42234558507659        0.02034129059656       -2.20267631805978
H            3.96216403350795       -0.73640962930743       -0.44094103925613
H            3.11953475600811       -2.26786264072949       -0.22998414214068
H            3.36280772207106       -1.19597068056540        1.15894658993232
H            0.99535291436015       -2.11013112676399        1.13482481969713
H           -2.52449831780767       -1.29623232499850        1.08557567732726
H           -4.70427767139356       -0.28211417191468        1.78013873547760
H           -4.95251931507599       -1.44068589282249        0.45171562604118
H           -4.83892357868279        0.29993314600899        0.10504715544757
H            3.28322824705891        1.87598091644141       -1.14779589330100
H            4.13699361113976        1.46529283009298        0.37815090522512
H            3.19110836745845        2.96413733710630        0.25089000270660
26
 energy: -39.333596484572 gnorm: 0.000609959558 xtb: 6.7.1 (edcfbbe)
C            1.57982408614347       -0.46222711031044       -1.71718336368342
C            1.82128629898222       -0.56140455973876       -0.21323132365731
C            3.15531011448767       -1.22903703995933        0.09383502909512
C            0.71405417728241       -1.29104560281337        0.48412289333247
N           -0.53334603237963       -1.09822567625188        0.47189001180638
O           -1.00926342554173       -0.03738584958261       -0.32527245004486
C           -2.36260974135207        0.17698939953923       -0.26384741204522
O           -2.80829788104730        1.06208296573815       -0.97129584271287
N           -3.04561466167569       -0.60535805782674        0.56037900811749
C           -4.47541685190481       -0.50541999613626        0.74034924793611
S            1.74864396907186        1.14445838205694        0.56461294925875
C            3.26245490264904        1.92836054846140       -0.06563826849540
H            1.46801082140255       -1.46114001363803       -2.13467309319622
H            0.67834307569400        0.10811624309015       -1.92835737083193
H            2.42342069010738        0.02124465831944       -2.20304217767601
H            3.96311512506675       -0.73597856550243       -0.43903152483091
H            3.12093895928065       -2.26764304860616       -0.22764211888276
H            3.36217416742122       -1.19442256578259        1.16072683860442
H            0.99471942159123       -2.11185035113517        1.13149549943176
H           -2.52595260437514       -1.29870016948186        1.08385384620551
H           -4.70524961027919       -0.28178287300232        1.78089585939817
H           -4.95345387044158       -1.44065094014526        0.45281071187940
H           -4.83970911645802        0.29979915026453        0.10561206641251
H            3.28242890037465        1.87865696790059       -1.14874877385129
H            4.13647043804693        1.46238641542270        0.37559245607964
H            3.19291646634717        2.96314311784993        0.25305056092031
26
 energy: -39.333599271202 gnorm: 0.000470141416 xtb: 6.7.1 (edcfbbe)
C            1.58177272957018       -0.46309659808091       -1.71846908543349
C            1.82184732211289       -0.56155909989114       -0.21405059194457
C            3.15574967236497       -1.22829137035313        0.09589183411687
C            0.71359171853504       -1.29201830186482        0.48100358470241
N           -0.53375006694198       -1.09850394246854        0.46896087523303
O           -1.01027657920949       -0.03648728870380       -0.32514528588756
C           -2.36308937952830        0.17920581471852       -0.26058818697746
O           -2.80830395895682        1.06638255423191       -0.96596448194013
N           -3.04606595046910       -0.60540829654791        0.56158163770746
C           -4.47618765715502       -0.50541652960917        0.74113738888142
S            1.74748411176800        1.14462110261135        0.56239976043447
C            3.26235006879764        1.92818178649625       -0.06660606663660
H            1.47220956057386       -1.46192182263511       -2.13645989109855
H            0.67907386887048        0.10540578832178       -1.92934430081947
H            2.42432371143600        0.02269927026462       -2.20363835981734
H            3.96424487916410       -0.73504909662113       -0.43600783142634
H            3.12319755771511       -2.26740482377182       -0.22447806289514
H            3.36054285686324       -1.19231760067153        1.16323927767409
H            0.99344338194955       -2.11469928788322        1.12648850372612
H           -2.52784186444588       -1.30262642152266        1.08140435425290
H           -4.70629976795371       -0.28130463929796        1.78154433230087
H           -4.95446467383559       -1.44062183735611        0.45380547516060
H           -4.84024908209401        0.29993732182444        0.10619554848091
H            3.28037732732830        1.88395159720928       -1.15009340653114
H            4.13584071643174        1.45782603308957        0.37090950067336
H            3.19567731560287        2.96148111724112        0.25754673663312
26
 energy: -39.333600863031 gnorm: 0.000396344097 xtb: 6.7.1 (edcfbbe)
C            1.58301159449085       -0.46380012626372       -1.71919242126742
C            1.82167205593871       -0.56175336168150       -0.21445815106104
C            3.15533618903365       -1.22805990510341        0.09713544877574
C            0.71295851773160       -1.29324346139777        0.47899197638901
N           -0.53428421957283       -1.09928770769930        0.46670715111422
O           -1.01000955873613       -0.03476448353819       -0.32442459359449
C           -2.36292329359233        0.18078070649616       -0.25902889579415
O           -2.80816695610789        1.07059924697646       -0.96111683575932
N           -3.04587112597893       -0.60548191514297        0.56158589775280
C           -4.47593505298722       -0.50523347535690        0.74172881550171
S            1.74661366564793        1.14463135050746        0.56151475472221
C            3.26157390563434        1.92858699818489       -0.06699736624061
H            1.47606886100560       -1.46301210568126       -2.13705480412215
H            0.67943831872349        0.10289233451907       -1.93128231577730
H            2.42526422383286        0.02358603137620       -2.20341750582329
H            3.96438016366690       -0.73538945055476       -0.43455986963639
H            3.12323082771613       -2.26750283391361       -0.22218063755889
H            3.35915938035833       -1.19101595285882        1.16460306069975
H            0.99193305638593       -2.11765339266379        1.12255437665708
H           -2.52822568021853       -1.30511473190631        1.07865362204730
H           -4.70566740207929       -0.28092129101606        1.78223642668548
H           -4.95419052145332       -1.44057723135142        0.45482604773937
H           -4.84028068104621        0.29995631939627        0.10680426622550
H            3.27795623898633        1.88825702507611       -1.15073552718254
H            4.13530077469198        1.45564340276378        0.36736283425784
H            3.19685453642211        2.96084343956328        0.26100750381944
26
 energy: -39.333602281266 gnorm: 0.000264402383 xtb: 6.7.1 (edcfbbe)
C            1.58400151746263       -0.46507030548424       -1.71967047044578
C            1.82150397230242       -0.56227912412843       -0.21475708131281
C            3.15504352800656       -1.22810832529060        0.09786249553510
C            0.71252629443965       -1.29461086628782        0.47745337512394
N           -0.53456089551602       -1.09969431952396        0.46524437766004
O           -1.00920882575986       -0.03309187831147       -0.32371581700653
C           -2.36200092443357        0.18307547547714       -0.25715256822520
O           -2.80772493696242        1.07510847700143       -0.95605694512614
N           -3.04518973944101       -0.60539991814498        0.56116182014791
C           -4.47508934551947       -0.50461146014932        0.74205124416289
S            1.74520730731134        1.14429263374777        0.56100166729552
C            3.25974758700348        1.92919794901574       -0.06705901887126
H            1.48060282688893       -1.46485035687765       -2.13730758373921
H            0.67909059518320        0.09899141081180       -1.93313687935120
H            2.42547656271426        0.02458633864239       -2.20302147825752
H            3.96434050008173       -0.73574041235795       -0.43371713511641
H            3.12315508214000       -2.26772986618598       -0.22084171892229
H            3.35822522992464       -1.19033288273523        1.16541433308952
H            0.99059328265710       -2.12133761036490        1.11827823694142
H           -2.52806702412727       -1.30737838251689        1.07549975770767
H           -4.70418372380187       -0.28005974742912        1.78267488108072
H           -4.95361418213924       -1.43993150339490        0.45563190285586
H           -4.83948225646388        0.30055007155273        0.10723941557063
H            3.27428508267277        1.89339750193303       -1.15099073013121
H            4.13393886926095        1.45386334866813        0.36377894383526
H            3.19658143460899        2.96012918106319        0.26539823406893
26
 energy: -39.333603110004 gnorm: 0.000235487624 xtb: 6.7.1 (edcfbbe)
C            1.58477554670123       -0.46634975123413       -1.72012393958983
C            1.82144883448418       -0.56312341301864       -0.21511379105497
C            3.15511205136175       -1.22843939911085        0.09806160483668
C            0.71240817046875       -1.29638360433262        0.47596420907786
N           -0.53453663993638       -1.10077104642899        0.46416325396028
O           -1.00826463075541       -0.03180815086635       -0.32249510406330
C           -2.36087430512431        0.18520129972548       -0.25542236286767
O           -2.80658250529696        1.07910054731490       -0.95189184956223
N           -3.04467222205118       -0.60534355185111        0.56047794463281
C           -4.47436998354312       -0.50374219123826        0.74210723561150
S            1.74368960992193        1.14339808878756        0.56085419606962
C            3.25748056447090        1.92976557128626       -0.06685816287647
H            1.48450859319456       -1.46646136340828       -2.13785813955235
H            0.67850405565755        0.09526181001938       -1.93435530042836
H            2.42532216691985        0.02564783497700       -2.20272630278859
H            3.96432532122589       -0.73590775135188       -0.43339404430683
H            3.12360945019809       -2.26806929320936       -0.22059020601709
H            3.35805437712455       -1.19056065598475        1.16563620371981
H            0.99021493277848       -2.12364175513898        1.11600191142296
H           -2.52788601178186       -1.30877448339841        1.07313591712679
H           -4.70282835649080       -0.27897353406296        1.78283763306514
H           -4.95344874803869       -1.43885269930688        0.45601983546163
H           -4.83862568035932        0.30160032616023        0.10747601260591
H            3.27062292846272        1.89749846652661       -1.15092435507298
H            4.13224884026092        1.45305419423825        0.36128090849099
H            3.19496145864071        2.95963993363670        0.26899995066852
26
 energy: -39.333603743602 gnorm: 0.000200179087 xtb: 6.7.1 (edcfbbe)
C            1.58522267985879       -0.46715522009484       -1.72031616535463
C            1.82150096048638       -0.56400394571384       -0.21524240371951
C            3.15541298484614       -1.22886020086741        0.09799408435401
C            0.71249072693492       -1.29760122135452        0.47546191270688
N           -0.53436022843327       -1.10142264428281        0.46429281448137
O           -1.00750762683118       -0.03153059952962       -0.32163044528487
C           -2.35989317094072        0.18646630249477       -0.25436616454017
O           -2.80499195854928        1.08176671921914       -0.94938440268009
N           -3.04440358666330       -0.60534236916548        0.55976655440705
C           -4.47390688994368       -0.50280939527534        0.74207320197292
S            1.74271087331529        1.14227807121560        0.56111455973809
C            3.25551164460432        1.93029617616686       -0.06668248779034
H            1.48717956953066       -1.46732869059990       -2.13841185489099
H            0.67790036503847        0.09269918161427       -1.93474166348560
H            2.42495249737722        0.02668924868352       -2.20243955378036
H            3.96443499546082       -0.73600849481617       -0.43344137787613
H            3.12427054150166       -2.26848472099020       -0.22074444575923
H            3.35831843591571       -1.19102307011762        1.16557210401412
H            0.99021469435823       -2.12627853628142        1.11388263568433
H           -2.52780355979563       -1.30937571721837        1.07177108759714
H           -4.70183738286437       -0.27779155586147        1.78287658994669
H           -4.95362881121434       -1.43766321463179        0.45625829936035
H           -4.83796153828070        0.30272891690021        0.10755459045306
H            3.26761507898597        1.90004819980468       -1.15082419675660
H            4.13086828848510        1.45315108282587        0.35972974264907
H            3.19288823531079        2.95952112660585        0.27114024312328
26
 energy: -39.333604325561 gnorm: 0.000172236538 xtb: 6.7.1 (edcfbbe)
C            1.58547049044903       -0.46771408707402       -1.72033890746250
C            1.82173101286985       -0.56508178629992       -0.21528521206257
C            3.15597947755889       -1.22939479696640        0.09767543699520
C            0.71283835008591       -1.29927721495585        0.47494025824128
N           -0.53397293978618       -1.10260710950335        0.46440037145830
O           -1.00667753787822       -0.03174170207181       -0.32054756743936
C           -2.35881256316802        0.18723208605461       -0.25341679599145
O           -2.80276562048490        1.08397995410031       -0.94730742642008
N           -3.04428232684330       -0.60554858774100        0.55896507294516
C           -4.47358094506153       -0.50158647007835        0.74188458291925
S            1.74188104612953        1.14075360446516        0.56186035155299
C            3.25337408789981        1.93071420594666       -0.06654841530180
H            1.48917556099240       -1.46775828824536       -2.13908265662034
H            0.67723579749656        0.09077158465904       -1.93440889055394
H            2.42434262854357        0.02793370785277       -2.20203113110480
H            3.96466354409719       -0.73579941682289       -0.43359627072775
H            3.12541193707832       -2.26891263639424       -0.22151873062012
H            3.35886237036756       -1.19183080823506        1.16528652661057
H            0.99067015268624       -2.12853850431995        1.11259484848629
H           -2.52797008189016       -1.30977547279983        1.07101783748100
H           -4.70103884829834       -0.27637226232109        1.78275076081380
H           -4.95429377919623       -1.43593563408392        0.45614649814193
H           -4.83704874870530        0.30436828279871        0.10753933064117
H            3.26450042308551        1.90160739012936       -1.15071603956807
H            4.12952712011886        1.45398102660040        0.35861522614919
H            3.18997721034697        2.95949836403600        0.27238420000648
26
 energy: -39.333604717565 gnorm: 0.000124092569 xtb: 6.7.1 (edcfbbe)
C            1.58574870574502       -0.46790476697233       -1.72029703139259
C            1.82192629547391       -0.56602365016360       -0.21524680731474
C            3.15650271129957       -1.22980267439915        0.09753967488909
C            0.71314331318077       -1.30095235756395        0.47439468845308
N           -0.53364454797596       -1.10412416966224        0.46408668090176
O           -1.00594723433421       -0.03221151957799       -0.31963876853128
C           -2.35790263140762        0.18764507901077       -0.25253277927290
O           -2.80067454913385        1.08564029370822       -0.94561823904817
N           -3.04422916439954       -0.60578218176834        0.55844743992232
C           -4.47337868173895       -0.50034564168170        0.74178304322736
S            1.74135392826683        1.13929134926489        0.56284921336320
C            3.25148630089275        1.93108011795221       -0.06656494199003
H            1.49053774759568       -1.46772781956607       -2.13974320895408
H            0.67691280449958        0.08974344961975       -1.93393411362834
H            2.42406626695169        0.02900782164972       -2.20162067692864
H            3.96495451806501       -0.73550017072621       -0.43344406074166
H            3.12660707712094       -2.26917736639532       -0.22212667560364
H            3.35935279166761       -1.19263945513607        1.16515389653842
H            0.99100810736525       -2.13096035856081        1.11109263400476
H           -2.52833700289904       -1.31025852772029        1.07062691036744
H           -4.70044296937569       -0.27501509573249        1.78271556988836
H           -4.95509529602883       -1.43416342781662        0.45600645558964
H           -4.83615985900992        0.30608757095754        0.10761534771508
H            3.26166192382928        1.90235438010967       -1.15075287572530
H            4.12846364810561        1.45502920862342        0.35766810216617
H            3.18728361473813        2.95967534127703        0.27280378067453
26
 energy: -39.333604968264 gnorm: 0.000096139687 xtb: 6.7.1 (edcfbbe)
C            1.58602936011704       -0.46785239177251       -1.72011525473900
C            1.82214894842187       -0.56669432395884       -0.21509686044832
C            3.15689978789412       -1.23019855406173        0.09749730516845
C            0.71337254845265       -1.30245495695879        0.47371843193396
N           -0.53341861562147       -1.10537598201637        0.46358667759866
O           -1.00536067546168       -0.03263527760484       -0.31914695935804
C           -2.35721823331335        0.18782738626554       -0.25195164239832
O           -2.79922194414488        1.08674254108862       -0.94436219696421
N           -3.04409471733331       -0.60592980033813        0.55819439033856
C           -4.47314735687083       -0.49929363964901        0.74181779516716
S            1.74097928788311        1.13817406175208        0.56390004682961
C            3.24992888255829        1.93133830001487       -0.06666561756194
H            1.49124094639189       -1.46747660593785       -2.14012138139813
H            0.67699967321222        0.08957795101392       -1.93348588838325
H            2.42418196632570        0.02964155580425       -2.20110316119862
H            3.96521550453392       -0.73530373562244       -0.43317904638967
H            3.12747386402324       -2.26948232414865       -0.22257086169584
H            3.35957712540194       -1.19330233114230        1.16517349369256
H            0.99116487064564       -2.13312632813310        1.10955428112269
H           -2.52865568736486       -1.31079648019105        1.07030260294865
H           -4.69991662525541       -0.27398741294216        1.78282300324230
H           -4.95569506904651       -1.43263206513845        0.45588423921321
H           -4.83530284662780        0.30760266080814        0.10787409549247
H            3.25929752211480        1.90259940082116       -1.15085562513521
H            4.12768408504347        1.45611690344171        0.35689823394184
H            3.18503521651417        2.95988687733598        0.27269315755029
26
 energy: -39.333605204845 gnorm: 0.000104079409 xtb: 6.7.1 (edcfbbe)
C            1.58646218082769       -0.46771140462594       -1.72000255982888
C            1.82229269288625       -0.56730286732773       -0.21497794288549
C            3.15717599595029       -1.23052839396338        0.09762550643808
C            0.71349071765957       -1.30380881169428        0.47302351908065
N           -0.53329280822099       -1.10671016452018        0.46275741675316
O           -1.00484262152185       -0.03296116043979       -0.31877259738577
C           -2.35662147766420        0.18803578773935       -0.25136360110241
O           -2.79815560388786        1.08761747408519       -0.94321019028600
N           -3.04389059748992       -0.60595126451970        0.55819404749015
C           -4.47287807407820       -0.49831613934048        0.74196679367583
S            1.74072789414309        1.13710845424045        0.56494000232014
C            3.24847683690615        1.93159783699407       -0.06682687840872
H            1.49154498873085       -1.46713361698888       -2.14045568101593
H            0.67755595620043        0.08996678259857       -1.93322782132785
H            2.42476059634975        0.02983454600055       -2.20067997067737
H            3.96546687367826       -0.73509694769957       -0.43259055314208
H            3.12820080356724       -2.26964713379157       -0.22295882742401
H            3.35960590760181       -1.19408967143296        1.16535350058867
H            0.99113583731550       -2.13529476116490        1.10782480049558
H           -2.52896673875300       -1.31142799398896        1.06997100924060
H           -4.69940291286654       -0.27321163095960        1.78306846392300
H           -4.95615236885551       -1.43118190359704        0.45572040284390
H           -4.83443706828386        0.30910619961606        0.10835316020922
H            3.25704316143274        1.90269532684852       -1.15101587077986
H            4.12698469926621        1.45722365091817        0.35614630128743
H            3.18291294760008        2.96015323574408        0.27240082848780
26
 energy: -39.333605482478 gnorm: 0.000117611893 xtb: 6.7.1 (edcfbbe)
C            1.58713407107369       -0.46751666459346       -1.71986215133167
C            1.82251460891601       -0.56797841239879       -0.21482072911304
C            3.15744906598885       -1.23105508441840        0.09788857207543
C            0.71355048867848       -1.30547764936618        0.47189120476486
N           -0.53320620306814       -1.10817336706721        0.46157755674330
O           -1.00426686459316       -0.03328576266139       -0.31860116520333
C           -2.35593775791795        0.18833732421608       -0.25078290786873
O           -2.79716102949145        1.08871343039165       -0.94179531648852
N           -3.04352065124116       -0.60578958292231        0.55837087317973
C           -4.47243844547429       -0.49714548968385        0.74233725999386
S            1.74036046445605        1.13589865459192        0.56620507373049
C            3.24662146436384        1.93198434823947       -0.06705990824805
H            1.49155774455816       -1.46668121015583       -2.14078599164982
H            0.67868019169926        0.09092524821339       -1.93306098637610
H            2.42595974575280        0.02954836603964       -2.20012135983059
H            3.96583171794942       -0.73492040929415       -0.43152197939144
H            3.12903702685097       -2.26994895620170       -0.22345683719542
H            3.35934727024982       -1.19529846874455        1.16573089075351
H            0.99094380181445       -2.13796254271789        1.10544477814863
H           -2.52924445565271       -1.31230702266985        1.06934555476320
H           -4.69868084352954       -0.27254593502851        1.78361200533729
H           -4.95649099511434       -1.42943093229749        0.45551452866007
H           -4.83337798888764        0.31099462378283        0.10928193353844
H            3.25417182699145        1.90294108442237       -1.15125022020400
H            4.12607144622157        1.45860766740965        0.35511067361811
H            3.18029211789955        2.96053217164470        0.27207190616364
26
 energy: -39.333605739777 gnorm: 0.000097129820 xtb: 6.7.1 (edcfbbe)
C            1.58803698359156       -0.46745953144728       -1.71985884532075
C            1.82273071317233       -0.56878624839479       -0.21475479710925
C            3.15768717528781       -1.23166376816297        0.09824246592690
C            0.71354775111023       -1.30719555244651        0.47063579741050
N           -0.53317843846001       -1.10973916702542        0.46014052428306
O           -1.00367675807011       -0.03348744401992       -0.31851896229009
C           -2.35518421186535        0.18886705864385       -0.25015872493582
O           -2.79618533904608        1.09010850546900       -0.94016916924018
N           -3.04305479814620       -0.60541117837349        0.55863566250282
C           -4.47188644463609       -0.49592650112949        0.74287224205974
S            1.73983950848945        1.13451949234524        0.56740542603729
C            3.24449452875198        1.93245964970962       -0.06728401669214
H            1.49145663355033       -1.46637285234768       -2.14116836508027
H            0.68026753598880        0.09206754623252       -1.93317182846950
H            2.42762492991785        0.02876883956768       -2.19966498803413
H            3.96626688146760       -0.73466018205613       -0.43006641817100
H            3.12990462579210       -2.27024970314872       -0.22416288631850
H            3.35876903203951       -1.19684194355573        1.16628046823879
H            0.99063190761087       -2.14078413292185        1.10285051203990
H           -2.52939605269664       -1.31319778846248        1.06844712354203
H           -4.69779680405676       -0.27214223206934        1.78439561800041
H           -4.95668383578276       -1.42757271179345        0.45523582737659
H           -4.83229648196190        0.31308665946150        0.11064169795975
H            3.25092004390944        1.90369871810824       -1.15148360129914
H            4.12497016457889        1.46001563582366        0.35381343202800
H            3.17738856795713        2.96086426072409        0.27212906412486
26
 energy: -39.333605945748 gnorm: 0.000079283942 xtb: 6.7.1 (edcfbbe)
C            1.58896095398697       -0.46757500238839       -1.71994299330400
C            1.82293251764278       -0.56960466138411       -0.21476165671731
C            3.15787285464219       -1.23232767172375        0.09863160407083
C            0.71349091106603       -1.30883182623076        0.46932248118726
N           -0.53317860665962       -1.11109905431074        0.45876547359578
O           -1.00314576418297       -0.03370179814678       -0.31864318130771
C           -2.35443205443123        0.18952122299055       -0.24961113045331
O           -2.79518597033563        1.09169813352014       -0.93855376247297
N           -3.04255568295855       -0.60488166460022        0.55888192800971
C           -4.47128222751889       -0.49476421003107        0.74349328324274
S            1.73927670586239        1.13317122678309        0.56843015748112
C            3.24234606685545        1.93305021129876       -0.06747712971189
H            1.49128626182320       -1.46625853229457       -2.14154533369378
H            0.68193023151374        0.09309361385284       -1.93344295907712
H            2.42938872605343        0.02767440931951       -2.19929126039757
H            3.96672803074910       -0.73432246312155       -0.42828460830357
H            3.13086561677498       -2.27050913961901       -0.22508399766079
H            3.35799729525536       -1.19873438330141        1.16686643736856
H            0.99026289379419       -2.14340421220231        1.10036404735786
H           -2.52936572563087       -1.31394246206281        1.06738126761250
H           -4.69683027866246       -0.27206992632914        1.78532996326625
H           -4.95671118039856       -1.42577611944592        0.45486990593969
H           -4.83133622661631        0.31520385182515        0.11228097779920
H            3.24749885314913        1.90501690640001       -1.15170490155991
H            4.12378247796471        1.46117903346654        0.35226167695807
H            3.17460113875540        2.96115994646613        0.27272696934018
26
 energy: -39.333605951995 gnorm: 0.000048269607 xtb: 6.7.1 (edcfbbe)
C            1.58896565780563       -0.46757835464136       -1.71994716672601
C            1.82293459916451       -0.56960915889046       -0.21475541793595
C            3.15786907672176       -1.23232327903105        0.09862640367770
C            0.71348955928251       -1.30881520543874        0.46932071428895
N           -0.53317271949340       -1.11110331857613        0.45877331780501
O           -1.00316422085233       -0.03369960930406       -0.31865571026300
C           -2.35442269960219        0.18952205091087       -0.24960368179355
O           -2.79517702611874        1.09170230439266       -0.93855672318984
N           -3.04258627923966       -0.60487785432600        0.55888667946208
C           -4.47127075454788       -0.49477218558459        0.74349524204970
S            1.73927091946353        1.13316915314322        0.56842745262025
C            3.24235007930502        1.93305114969466       -0.06747830981199
H            1.49128550857520       -1.46625820507305       -2.14154525641657
H            0.68193127031002        0.09309323199235       -1.93344250597819
H            2.42938808079673        0.02767191302502       -2.19929195617733
H            3.96673444394494       -0.73431558968042       -0.42828599929894
H            3.13086486899435       -2.27052215846983       -0.22509344948893
H            3.35799454891969       -1.19873709436888        1.16688073752442
H            0.99026669417525       -2.14341212560591        1.10036918018861
H           -2.52935144416775       -1.31393135404938        1.06737331832497
H           -4.69682894737043       -0.27207547360141        1.78532879588539
H           -4.95671043863493       -1.42577471609127        0.45486562796336
H           -4.83133719041627        0.31520466136987        0.11228663861260
H            3.24749582127847        1.90502475554711       -1.15170158079547
H            4.12377737937362        1.46118011985049        0.35225586856521
H            3.17460103082631        2.96115177153647        0.27273103947736
