20
 energy: -27.121421022888 gnorm: 0.033123969424 xtb: 6.7.1 (edcfbbe)
C           -1.83120078058217       -1.16428845594042       -0.61530231577411
C           -2.44297695058465        0.16077428286640       -0.16113882469021
C           -1.66777061944160        0.89266540907505        0.93852422325300
C           -0.24331542891754        1.26708277004450        0.57931005585263
O            0.61619882164487        0.09215362519560        0.73600002567758
C            1.55828459211901       -0.14694212967603       -0.18969075406212
O            1.76636472817908        0.57117668224427       -1.15669027061247
C            2.29102881680685       -1.42403877778325        0.08050166406283
H           -1.65721143499334       -1.83347604219751        0.23445887986778
H           -2.50047232048350       -1.67522178166318       -1.31488690455818
H           -0.87637116408091       -1.01630786097332       -1.12937009174272
H           -2.54365043743360        0.82843353368219       -1.02593078335091
H           -3.45866881828597       -0.02319397986143        0.20873477199887
H           -2.18508474127125        1.83132774199245        1.16589651195935
H           -1.66363915986693        0.30633163926476        1.86433551415684
H           -0.16845248287878        1.63633504087302       -0.44609409428528
H            0.15392874932697        2.02385707449281        1.26197209937459
H            1.83812924659683       -2.20614099985867       -0.54012699490549
H            2.21669217427510       -1.72288008131229        1.12633307983056
H            3.33485313643162       -1.31728282815082       -0.21936999291508
20
 energy: -27.122696399613 gnorm: 0.013207833474 xtb: 6.7.1 (edcfbbe)
C           -1.83008124203073       -1.15566088817236       -0.60800172321157
C           -2.44542927924308        0.16601117112524       -0.16521501628325
C           -1.67002102568580        0.88830907244744        0.93816158830530
C           -0.23840972957327        1.25075676813102        0.57561514466395
O            0.61885399791721        0.09061139835489        0.72653228940601
C            1.55007468012047       -0.14847291513862       -0.19407699280719
O            1.75454331454539        0.57266632751666       -1.15091515426666
C            2.28932561609318       -1.42104210757317        0.07932757129493
H           -1.65716860982382       -1.81048530598553        0.24552986746616
H           -2.49898140098525       -1.66410225648370       -1.30168361501745
H           -0.88073352101794       -0.99874469544096       -1.11900483514831
H           -2.53356682317054        0.82747498365639       -1.03230842142243
H           -3.45602957782687       -0.02417862636854        0.20610763140456
H           -2.19270228083885        1.82053488992060        1.16860090124151
H           -1.65435437810670        0.28223409413720        1.84740044604270
H           -0.15419232769653        1.61357911155157       -0.45200795974509
H            0.15594148487274        2.00820099999632        1.25837221949098
H            1.84440457308695       -2.20570588018146       -0.53429187786903
H            2.20539691157477       -1.70091534750691        1.12507597132972
H            3.32979554434874       -1.31070593167197       -0.21575223573738
20
 energy: -27.122961249150 gnorm: 0.003980118947 xtb: 6.7.1 (edcfbbe)
C           -1.83037948494811       -1.15225347552135       -0.60590181334437
C           -2.44742379527158        0.17062266624786       -0.16911061164756
C           -1.66829880561641        0.88154364785675        0.93918700483715
C           -0.23373054196903        1.24154369038947        0.57198835402039
O            0.61915678093327        0.09146069979419        0.71944415179282
C            1.54447951932539       -0.14728541076163       -0.19770506480944
O            1.74308523367982        0.57204182072814       -1.15580857009644
C            2.28680726774312       -1.41894389968878        0.08129813561805
H           -1.65606582085370       -1.79607841068952        0.25219779568296
H           -2.49741902908840       -1.66436717068674       -1.29468862543397
H           -0.88381805759159       -0.99216009435472       -1.11605620016738
H           -2.52569723158053        0.83217799080361       -1.03457008297816
H           -3.45725784136866       -0.01656945058704        0.20038588317811
H           -2.18748495483563        1.80962741157534        1.18268471656486
H           -1.64244886765566        0.25745350880991        1.83411671665153
H           -0.15138851731172        1.60496907411814       -0.45661705188993
H            0.15472243656830        2.00307224521627        1.25388079385506
H            1.84699637507528       -2.20825499880830       -0.52530197903229
H            2.19711357439165       -1.68256558838472        1.12911306887263
H            3.32571768693428       -1.30566939374275       -0.21107082253652
20
 energy: -27.123017288093 gnorm: 0.002017098259 xtb: 6.7.1 (edcfbbe)
C           -1.83208032713453       -1.15134231143578       -0.60660240384249
C           -2.44737184187533        0.17363741904050       -0.17084425158103
C           -1.66647469926298        0.87676165331449        0.94159170309034
C           -0.23236370535564        1.24017753222521        0.57027369537105
O            0.61980806847562        0.09407794932817        0.71602888846020
C            1.54155737788567       -0.14821960832707       -0.20236826343902
O            1.73837461549287        0.56749836717669       -1.16459923199485
C            2.28700387173509       -1.41769096557896        0.08404351861583
H           -1.65591628706808       -1.79134722809660        0.25393210681837
H           -2.49976080121420       -1.66636657120735       -1.29241326117654
H           -0.88653029152956       -0.99167773839198       -1.11871954356732
H           -2.52012542260123        0.83738967249438       -1.03474580628391
H           -3.45884519336341       -0.00991149594443        0.19533387904763
H           -2.18426051573701        1.80163435239151        1.19718951485576
H           -1.63481782844017        0.24234984924106        1.82875498718823
H           -0.15628973617311        1.60551032095637       -0.45867619122849
H            0.15362719858728        2.00544515541348        1.24994789866834
H            1.84976079456632       -2.21181599763971       -0.51763816225482
H            2.19525068717337       -1.67248762847439        1.13390953134203
H            3.32611996239912       -1.30325786417146       -0.20693280895177
20
 energy: -27.123058709517 gnorm: 0.002683903094 xtb: 6.7.1 (edcfbbe)
C           -1.83564469965474       -1.15035574190826       -0.60880123526581
C           -2.44652943645786        0.17732577671465       -0.17231115587087
C           -1.66367141341636        0.86981745281358        0.94541769933333
C           -0.23178240027260        1.24091758743575        0.56815824266435
O            0.62339891781555        0.10036020570208        0.71431347733384
C            1.54068806299039       -0.14843602656784       -0.20713995418787
O            1.73067718333008        0.55716971044365       -1.17938779325752
C            2.28844180749700       -1.41536113468309        0.08875974047668
H           -1.65655671887024       -1.78810541943015        0.25332363327756
H           -2.50637392111955       -1.66758835629484       -1.29042671633672
H           -0.89153941727999       -0.99332330497530       -1.12538946984193
H           -2.51159867150255        0.84507035976862       -1.03391709707871
H           -3.46120484859859       -0.00060187619328        0.18833309211499
H           -2.18195886556030        1.78929027385485        1.21825005148568
H           -1.62418660642351        0.22285271096522        1.82312795013296
H           -0.16449229906898        1.60682764045821       -0.46172158782228
H            0.15181643844952        2.01175430684822        1.24358788471835
H            1.85256827628268       -2.21630309924757       -0.50519620381654
H            2.19701386994722       -1.65973524939558        1.14139145534574
H            3.32760066847292       -1.30121095399477       -0.20290621426767
20
 energy: -27.123078454836 gnorm: 0.002523703749 xtb: 6.7.1 (edcfbbe)
C           -1.83902701179944       -1.14964069122634       -0.61110951462576
C           -2.44541025086275        0.17951941850252       -0.17253805169139
C           -1.66140607272723        0.86535955387633        0.94807176596010
C           -0.23191383672416        1.24279534975482        0.56715834808859
O            0.62694447809085        0.10521634861250        0.71513816227017
C            1.53870382470939       -0.15030557293925       -0.21098643328859
O            1.72290073801229        0.54763783898748       -1.18997642761822
C            2.29061314423543       -1.41294383871873        0.09273806968000
H           -1.65812486883915       -1.78804355644788        0.25048523110576
H           -2.51309692726277       -1.66623880213622       -1.29027406299290
H           -0.89598421274060       -0.99525095418779       -1.13116078580393
H           -2.50563869837268        0.85013181941820       -1.03252817843089
H           -3.46221691520366        0.00536253201269        0.18455617520443
H           -2.18145755523680        1.78060605400572        1.23180028063642
H           -1.61651386945999        0.21131871441537        1.82022489206608
H           -0.16921210636097        1.60611744518822       -0.46398471763667
H            0.15074256038077        2.01734275015316        1.23905962446071
H            1.85605227643401       -2.21896869181143       -0.49566325416674
H            2.20124743973683       -1.65122643753284        1.14708184021076
H            3.32946379055072       -1.29842441761235       -0.20062716429035
20
 energy: -27.123096462403 gnorm: 0.001749200584 xtb: 6.7.1 (edcfbbe)
C           -1.84297291386928       -1.14875925736145       -0.61412754109265
C           -2.44423791527969        0.18140923382333       -0.17237579383774
C           -1.65899417343427        0.86117911545590        0.95042334409056
C           -0.23231179558195        1.24495814855150        0.56642251013112
O            0.63254845632212        0.11091301041301        0.71867550081596
C            1.53742838030866       -0.15202583783911       -0.21314275448874
O            1.71082139740216        0.53530387204340       -1.20132337358215
C            2.29355692931557       -1.40997289492851        0.09709410236826
H           -1.66103408368693       -1.78937934546723        0.24578278256983
H           -2.52081640587215       -1.66270023550002       -1.29170951054497
H           -0.90086857578140       -0.99708957000770       -1.13711229853883
H           -2.50037904390080        0.85475218990111       -1.03068154281597
H           -3.46259149227234        0.01056245295274        0.18218086056513
H           -2.18158416587040        1.77199527105564        1.24363502401129
H           -1.60854867272121        0.20120619877448        1.81767025397805
H           -0.17191740492379        1.60316607871359       -0.46643376174199
H            0.14901564785678        2.02321873308435        1.23453017294339
H            1.85958778325678       -2.22118375298137       -0.48485655711972
H            2.20865471102903       -1.64223121996208        1.15314963609180
H            3.33130926426321       -1.29495732840740       -0.20033525466502
20
 energy: -27.123112820997 gnorm: 0.001565300808 xtb: 6.7.1 (edcfbbe)
C           -1.84794731532874       -1.14708134985352       -0.61851858351114
C           -2.44366660888393        0.18344016950159       -0.17168057721634
C           -1.65598361655492        0.85705434512289        0.95264450201240
C           -0.23237002556791        1.24719427653621        0.56619810457163
O            0.64016712121948        0.11710173178881        0.72471629459931
C            1.53289048110457       -0.15684703658345       -0.21630883698159
O            1.68995665205006        0.51670377298223       -1.21599562378750
C            2.29873982157901       -1.40591664614454        0.10268713650554
H           -1.66701662522371       -1.79199588134117        0.23833599730570
H           -2.52920972494345       -1.65556591857399       -1.29660721669192
H           -0.90613652681638       -0.99758681161361       -1.14255714632230
H           -2.49704636696195        0.85967057961479       -1.02780912816605
H           -3.46253427714698        0.01508423975460        0.18223283081579
H           -2.18115627233996        1.76335664868523        1.25455260119162
H           -1.59963030751001        0.19126851747065        1.81494578428351
H           -0.17195896348333        1.59730993710935       -0.46899547570485
H            0.14684464457659        2.02933819218777        1.23018798410892
H            1.86725203410203       -2.22476790241994       -0.47044773133653
H            2.22115772742817       -1.62975259862650        1.16109558940982
H            3.33431407526144       -1.28764340328322       -0.20121070594833
20
 energy: -27.123125944450 gnorm: 0.001322730048 xtb: 6.7.1 (edcfbbe)
C           -1.85003782566979       -1.14539897486832       -0.62144382827751
C           -2.44454570770516        0.18447563408338       -0.17107566168041
C           -1.65467214146188        0.85540529818682        0.95360611809433
C           -0.23171919816778        1.24702518715647        0.56634326143595
O            0.64496452522868        0.12009026020826        0.72814667334766
C            1.52953284133729       -0.16057407236190       -0.21790076442724
O            1.67308537279098        0.50219319276734       -1.22693634346911
C            2.30263150278017       -1.40388928225617        0.10578771776183
H           -1.67206494529186       -1.79336946367736        0.23355687150650
H           -2.53080201088618       -1.65006762988502       -1.30259958255760
H           -0.90717126932692       -0.99516664370756       -1.14299059062520
H           -2.49888636193370        0.86227088509693       -1.02567799911019
H           -3.46252241541926        0.01567275686772        0.18467992476303
H           -2.17974948565347        1.76062606380357        1.25841790972146
H           -1.59647706059403        0.18708802164093        1.81380274762312
H           -0.17073008904879        1.59413166123645       -0.46968867405752
H            0.14544089078670        2.03089791066936        1.22902564360892
H            1.87374345248311       -2.22870253601132       -0.46054863571907
H            2.23043285251046       -1.62055310121501        1.16602404819684
H            3.33621299980151       -1.28179030542039       -0.20306303699810
20
 energy: -27.123147829420 gnorm: 0.001464893049 xtb: 6.7.1 (edcfbbe)
C           -1.85238612742813       -1.14113435898680       -0.62736191423452
C           -2.44705416598042        0.18599847059456       -0.16863293732956
C           -1.65250963232597        0.85338226615292        0.95556124912154
C           -0.22996325132687        1.24651926048624        0.56718904761040
O            0.65260691084154        0.12467871652408        0.73297024143338
C            1.51818322183669       -0.17224817644920       -0.22480102582898
O            1.63764522604795        0.46944188534140       -1.25076130744447
C            2.31093668002559       -1.40043258869018        0.11181214196338
H           -1.68249053407839       -1.79720565191485        0.22304843254314
H           -2.52950841323243       -1.63745151135709       -1.31815740145566
H           -0.90581244136450       -0.98763343891878       -1.14088882805841
H           -2.50671671323688        0.86709860961091       -1.01999261085411
H           -3.46253968451440        0.01381610096416        0.19231019143813
H           -2.17608696460609        1.75827177076587        1.26332935803647
H           -1.59320070943221        0.18255220185963        1.81358403797721
H           -0.16933731966762        1.59023630052934       -0.46990261084328
H            0.14399140777528        2.03274723152004        1.22849816599678
H            1.89127562980393       -2.23924923916100       -0.44060323983535
H            2.24896739944091       -1.60186318128610        1.17570049173697
H            3.34066540798211       -1.26715980527092       -0.20543568283528
20
 energy: -27.123155866889 gnorm: 0.002590714824 xtb: 6.7.1 (edcfbbe)
C           -1.85329664340637       -1.13724978456376       -0.63232781654719
C           -2.44810094568917        0.18718863757204       -0.16600995942147
C           -1.65074042484988        0.85096852512061        0.95828672527962
C           -0.22894822642550        1.24641326865952        0.56709327289599
O            0.65907357068281        0.13005877146797        0.73553427359933
C            1.51064446270169       -0.18075468105664       -0.23039450720583
O            1.60898180735007        0.43955217327047       -1.27279237879613
C            2.31632874199306       -1.39763510102376        0.11709406649318
H           -1.68887165711874       -1.80064193233985        0.21367505350444
H           -2.52747158599618       -1.62717508951987       -1.33085224351415
H           -0.90387131672619       -0.98129959884571       -1.14009137338713
H           -2.51190480286590        0.87191647978091       -1.01438282751508
H           -3.46234617007794        0.01201085598707        0.19747955778093
H           -2.17372508170434        1.75509583315442        1.27041608279100
H           -1.58936794061155        0.17760549553682        1.81445734315738
H           -0.17203014650248        1.58920357749815       -0.47067894512558
H            0.14289431042863        2.03533606137748        1.22674736711408
H            1.90431425682460       -2.24808166585321       -0.42300217271040
H            2.26202762050939       -1.58573688050498        1.18386415040255
H            3.34307609804407       -1.25641008340341       -0.20664986965765
20
 energy: -27.123158791997 gnorm: 0.000754974462 xtb: 6.7.1 (edcfbbe)
C           -1.85212608105552       -1.13637975358004       -0.63276987266089
C           -2.44851095249893        0.18663500071488       -0.16476040158573
C           -1.65089726947850        0.85157021362371        0.95846215350291
C           -0.22882003846411        1.24607471733838        0.56670256167910
O            0.65847731775909        0.12981768589044        0.73410175992407
C            1.50912717947002       -0.18267342305773       -0.23136184543535
O            1.60671774433601        0.43532051252872       -1.27352953700455
C            2.31633902517649       -1.39776968837536        0.11713496671216
H           -1.68839458143633       -1.80142690817532        0.21205245571127
H           -2.52485808944948       -1.62544672165075       -1.33329246204430
H           -0.90213413970078       -0.97897843582904       -1.13906656807036
H           -2.51499396073286        0.87170000927193       -1.01274052262077
H           -3.46204992367339        0.00942437469200        0.19996761532042
H           -2.17324927563880        1.75663356205553        1.26903057733273
H           -1.59011242974746        0.17993461161879        1.81603975079216
H           -0.17299138249387        1.59019234394948       -0.47075412022069
H            0.14356302964674        2.03456690711271        1.22677520281649
H            1.90704649411895       -2.24930640729823       -0.42233725070940
H            2.26156703131791       -1.58477133768319        1.18370471404711
H            3.34296622910492       -1.25475240083267       -0.20589337834851
20
 energy: -27.123160844352 gnorm: 0.000576846340 xtb: 6.7.1 (edcfbbe)
C           -1.85193284998053       -1.13558287402754       -0.63397742843272
C           -2.44784929541641        0.18692050143827       -0.16429890799241
C           -1.64997785253459        0.85032689986863        0.95948394919503
C           -0.22876065603911        1.24691496969370        0.56672008986268
O            0.65977107869851        0.13176345960199        0.73497906044125
C            1.50684209001705       -0.18417949931538       -0.23326242274054
O            1.60006392532523        0.42970196785620       -1.27865988069107
C            2.31651858572186       -1.39683688551114        0.11878979719526
H           -1.68678323869276       -1.80126054025232        0.21002952708107
H           -2.52567319338376       -1.62415088365770       -1.33374232935877
H           -0.90274171708027       -0.97786236423097       -1.14161445225446
H           -2.51379965191598        0.87300556044657       -1.01151151804150
H           -3.46158987767928        0.00965958684364        0.19978010866006
H           -2.17319565186764        1.75401987078316        1.27257675517089
H           -1.58725043458318        0.17709966282837        1.81576371521930
H           -0.17406882769471        1.58931333042342       -0.47136913837861
H            0.14339277579898        2.03675319792862        1.22534953209645
H            1.90814860295212       -2.25041679553443       -0.41847788726096
H            2.26265707127922       -1.58147731854634        1.18601567307513
H            3.34289504363535       -1.25334698432251       -0.20510844370818
20
 energy: -27.123162109813 gnorm: 0.000352029862 xtb: 6.7.1 (edcfbbe)
C           -1.85076512526054       -1.13487793319774       -0.63492152044743
C           -2.44728435244108        0.18672847338307       -0.16357806095395
C           -1.64949547614126        0.84994645687011        0.96020855012393
C           -0.22886193792658        1.24758325168879        0.56653105388832
O            0.66056684739706        0.13325915253892        0.73539257699505
C            1.50552857851824       -0.18514290651164       -0.23417210462921
O            1.59569872270508        0.42556133401381       -1.28147458811905
C            2.31591026708822       -1.39656566967204        0.11965550197191
H           -1.68306324930504       -1.80082901185323        0.20839282950971
H           -2.52538293702503       -1.62389159631903       -1.33352775595208
H           -0.90276561671477       -0.97594514420957       -1.14448605641604
H           -2.51405763661991        0.87357934579407       -1.01013818611556
H           -3.46080175807435        0.00846012034012        0.20065562373277
H           -2.17338081737294        1.75286561126925        1.27433839010514
H           -1.58556367759606        0.17635498456960        1.81608814983943
H           -0.17511414274048        1.58906058353213       -0.47190391138541
H            0.14316854828015        2.03829089551046        1.22418546759188
H            1.90821516398630       -2.25091990238629       -0.41680268740221
H            2.26173168740506       -1.58005130085438        1.18703172655327
H            3.34238283839803       -1.25310188219215       -0.20400919975260
20
 energy: -27.123163647743 gnorm: 0.000433324860 xtb: 6.7.1 (edcfbbe)
C           -1.84831688703657       -1.13363369850689       -0.63624252125018
C           -2.44684282556355        0.18625516780006       -0.16256373645049
C           -1.64891364859807        0.84978164266975        0.96094826590097
C           -0.22894932919307        1.24871601531729        0.56633149000026
O            0.66182670165010        0.13556136273125        0.73629758877812
C            1.50360130389238       -0.18645457562383       -0.23501330874854
O            1.58944083011324        0.41995335776195       -1.28494061899508
C            2.31455138770741       -1.39670953268659        0.12059417136253
H           -1.67553940020319       -1.79928924816411        0.20632896141465
H           -2.52424829847324       -1.62444620298716       -1.33234285602297
H           -0.90269371440753       -0.97203336217191       -1.14948087589637
H           -2.51590811367042        0.87391903343173       -1.00828117959172
H           -3.45957146178202        0.00558917810319        0.20270257531944
H           -2.17360999236264        1.75192479019877        1.27581984221340
H           -1.58364640154386        0.17593246815375        1.81651274765774
H           -0.17585796979945        1.58889092374050       -0.47251858071562
H            0.14260586091721        2.04041491009083        1.22295355153988
H            1.90790784136702       -2.25181966890426       -0.41554196424592
H            2.25953365032496       -1.57906730979667        1.18808257385290
H            3.34129639322141       -1.25312038884335       -0.20218032698510
20
 energy: -27.123164844218 gnorm: 0.000507945461 xtb: 6.7.1 (edcfbbe)
C           -1.84535442265708       -1.13223034772414       -0.63767410002973
C           -2.44651411055917        0.18559700868836       -0.16142432209193
C           -1.64850900296385        0.85009219509222        0.96151995585220
C           -0.22896720103165        1.24990492820406        0.56620295668371
O            0.66306496580235        0.13786271204298        0.73732346235924
C            1.50097200775001       -0.18827388869633       -0.23590354087742
O            1.58275009236020        0.41386963332154       -1.28850681839275
C            2.31300285206890       -1.39727330625650        0.12145236058787
H           -1.66694133483070       -1.79733456534143        0.20416277515312
H           -2.52223573309194       -1.62539436525933       -1.33118992077442
H           -0.90235194317994       -0.96721413963663       -1.15462322674834
H           -2.51895833176566        0.87398162919992       -1.00623913821863
H           -3.45803327351909        0.00185999905476        0.20560082653948
H           -2.17380597053443        1.75180436035337        1.27661134569427
H           -1.58224305731603        0.17629163649590        1.81702179547763
H           -0.17623675870355        1.58899610716208       -0.47299241455277
H            0.14187420799364        2.04243708807892        1.22213649646868
H            1.90815785677181       -2.25311335141355       -0.41484074133984
H            2.25701984657472       -1.57882101439137        1.18898719949020
H            3.33997523739160       -1.25267745666055       -0.20015915214266
20
 energy: -27.123165502433 gnorm: 0.000324568488 xtb: 6.7.1 (edcfbbe)
C           -1.84265913385111       -1.13097571264081       -0.63855258739177
C           -2.44656942287863        0.18496376807213       -0.16051505257655
C           -1.64826640028579        0.85040961652290        0.96175057913180
C           -0.22889173904969        1.25086694410602        0.56618960358575
O            0.66381948753543        0.13948286126639        0.73806029008909
C            1.49870768305120       -0.18979632733647       -0.23643894693004
O            1.57788716963080        0.40925005050558       -1.29109146545860
C            2.31159410961274       -1.39800671741634        0.12190919914744
H           -1.65998275110286       -1.79568276833058        0.20268311647962
H           -2.52000736788777       -1.62602186244525       -1.33024472693679
H           -0.90165397420520       -0.96309808378155       -1.15819692470583
H           -2.52206114711447        0.87372445286039       -1.00475463889085
H           -3.45702803322063       -0.00155109182989        0.20806977759646
H           -2.17390071392510        1.75207529195819        1.27632098123606
H           -1.58158965463592        0.17720143106240        1.81767165537129
H           -0.17627771982007        1.58939552005684       -0.47318221920972
H            0.14144255401292        2.04383820686880        1.22185459677461
H            1.90863811232687       -2.25433580620146       -0.41500000730856
H            2.25471174710483       -1.57937870772424        1.18942573035722
H            3.33875312126258       -1.25199620325877       -0.19849316122270
20
 energy: -27.123165720330 gnorm: 0.000167003544 xtb: 6.7.1 (edcfbbe)
C           -1.84107057866820       -1.13053432753587       -0.63891611877423
C           -2.44632648203816        0.18451055736520       -0.16002444186143
C           -1.64837429098451        0.85107101051142        0.96185731092188
C           -0.22898164643216        1.25140060734322        0.56615724898115
O            0.66386749773637        0.14011090336088        0.73831213800944
C            1.49754417554269       -0.19041016047384       -0.23658001497015
O            1.57638957758311        0.40783865841697       -1.29179642995497
C            2.31051870329198       -1.39866566123607        0.12189526648026
H           -1.65600081143054       -1.79471385374363        0.20219078814347
H           -2.51845387449872       -1.62696795193624       -1.32959653926905
H           -0.90112950837697       -0.96101795416363       -1.15988124896074
H           -2.52364310636673        0.87328673078005       -1.00405688427903
H           -3.45615137151994       -0.00356085794463        0.20942557747774
H           -2.17416996516755        1.75290001619924        1.27590140422780
H           -1.58157355795122        0.17826212663765        1.81815791044884
H           -0.17626968457793        1.58984092701624       -0.47323708017462
H            0.14118379935200        2.04439597934488        1.22185024021172
H            1.90868103819925       -2.25481607999775       -0.41613851561682
H            2.25269640064716       -1.58075831763977        1.18926509178580
H            3.33792961222018       -1.25180748999004       -0.19731990368914
20
 energy: -27.123165796652 gnorm: 0.000064078855 xtb: 6.7.1 (edcfbbe)
C           -1.84047456218841       -1.13039561723177       -0.63884796971988
C           -2.44632689830679        0.18435382724721       -0.15988032757948
C           -1.64836520916058        0.85117883433920        0.96183166433247
C           -0.22897600677887        1.25159255494104        0.56617292948723
O            0.66380690791385        0.14026280401422        0.73834090469959
C            1.49721636968882       -0.19052245428280       -0.23663310337973
O            1.57615256834472        0.40760974194305       -1.29198299257087
C            2.31008132364555       -1.39889973551837        0.12182102088641
H           -1.65485260984063       -1.79451714476922        0.20218939523121
H           -2.51784249257446       -1.62711700309384       -1.32932167728481
H           -0.90078520476944       -0.96049495652109       -1.16015350019807
H           -2.52402663766701        0.87313777686660       -1.00388409050043
H           -3.45602884364712       -0.00411788174280        0.20973144106568
H           -2.17424717195721        1.75302987109588        1.27561353200227
H           -1.58158804135098        0.17868851809460        1.81835652805499
H           -0.17632168048531        1.58999613503041       -0.47324173584196
H            0.14119666941745        2.04462873952516        1.22184809961191
H            1.90878968541282       -2.25481273180291       -0.41694848635570
H            2.25157107804776       -1.58153980374123        1.18905633272574
H            3.33768668281595       -1.25169661207907       -0.19660216552863
