20
 energy: -386.235302113062 gnorm: 0.031913687560 xtb: 6.7.1 (edcfbbe)
C           -3.57521824988427       -1.04984959966522        0.41422737678356
C           -2.67414365238498        0.12673341275616        0.05842890942589
C           -1.19751293163065       -0.26100443521566        0.11245035864983
C           -0.29929239953262        0.91805696970682       -0.24857707431015
C            1.17527507732080        0.61467781627238       -0.21541398319546
O            2.03912943300359        1.42777847613269       -0.48179017161349
O            1.44708693324124       -0.63415904988101        0.13629986486040
C            2.82249558955072       -1.01841042835128        0.19807742508777
H           -3.41955438921529       -1.87213244082959       -0.28009501272412
H           -3.35859229988828       -1.40504099412261        1.41888848602875
H           -4.62089521344764       -0.75638584903517        0.37104768526442
H           -2.91901886339349        0.48039390271288       -0.94510649501880
H           -2.85831401466659        0.94791992382005        0.75403273513413
H           -1.01128076274813       -1.08393318468032       -0.57936211795673
H           -0.94942273792071       -0.61234216637135        1.11516363259416
H           -0.46788845640733        1.75461406817752        0.43412824679237
H           -0.52732007633367        1.28411009656902       -1.25267556805509
H            3.35676974458747       -0.38240648576945        0.90482533770095
H            3.28262155075462       -0.91757893170660       -0.78553890834809
H            2.82181806095042       -2.05326289980985        0.52522609873274
20
 energy: -386.236326198318 gnorm: 0.011152551835 xtb: 6.7.1 (edcfbbe)
C           -3.59113770058008       -1.04883216264406        0.41444623607608
C           -2.68642029533044        0.12776730132175        0.05847420453480
C           -1.21062966463237       -0.25617240524739        0.11185480766557
C           -0.29314877340586        0.90912628620215       -0.24609497599488
C            1.18281909538859        0.61848187327065       -0.21675406021507
O            2.04840385534015        1.43842823646030       -0.48711640457174
O            1.45687270883138       -0.63837546401528        0.13751187670856
C            2.84491064541256       -1.01334424976997        0.19595047115671
H           -3.43588048950892       -1.87921332524947       -0.28039043477627
H           -3.37465891510792       -1.41067395078807        1.42369981115037
H           -4.64572104864202       -0.76556957076541        0.37433448894609
H           -2.92791166555537        0.49069085132711       -0.94702662658714
H           -2.86756682269258        0.95794837873169        0.75063483996705
H           -1.02809585620641       -1.08683404882272       -0.57769599773204
H           -0.96681174968384       -0.61491906332938        1.11703182618693
H           -0.45607457478169        1.75286169914334        0.43450119149129
H           -0.51576013856383        1.28205896501526       -1.25244369441897
H            3.37890370889981       -0.38394915261757        0.91181388405785
H            3.30491792644285       -0.92027210445109       -0.79085318713366
H            2.84973521886692       -2.05143184682707        0.52235966550435
20
 energy: -386.236548560008 gnorm: 0.004429087671 xtb: 6.7.1 (edcfbbe)
C           -3.60018508792228       -1.04228738913554        0.41294698081894
C           -2.69157068103002        0.13200651253284        0.05741207917836
C           -1.21771806310019       -0.26108854807926        0.11373337029972
C           -0.29388672370789        0.89941420347451       -0.24325050991588
C            1.18211220136354        0.61316923269890       -0.21654906297421
O            2.04404808740532        1.43800117423752       -0.48883395751981
O            1.46523881779600       -0.64814821632472        0.14018860429596
C            2.86594883224153       -1.00811001099917        0.19409714152209
H           -3.44869303394091       -1.87784002009899       -0.28106982512563
H           -3.38743730598280       -1.40883927484279        1.42441253184891
H           -4.65815849074470       -0.76194734177983        0.37369159951584
H           -2.93386313422087        0.49952551178813       -0.94863349146165
H           -2.87375682229087        0.96672374496341        0.74734128153983
H           -1.03964053755798       -1.09662552845157       -0.57427824859295
H           -0.97864481753662       -0.62442308172157        1.12056903049542
H           -0.45178953097576        1.74870913390850        0.43477684738024
H           -0.51220716813467        1.27889991840519       -1.25018060865264
H            3.39377729757295       -0.37787345555337        0.91441462873988
H            3.32111392617534       -0.91305159712988       -0.79527434942566
H            2.88206054857632       -2.04844102428180        0.51872544034883
20
 energy: -386.236606813610 gnorm: 0.002611364346 xtb: 6.7.1 (edcfbbe)
C           -3.60871406645382       -1.03702848799910        0.41184081591291
C           -2.69414132650536        0.13228607107413        0.05731211759329
C           -1.22114788406718       -0.26542037937222        0.11518271893355
C           -0.29352132782881        0.89142136741271       -0.24107908301959
C            1.18253624017524        0.60727247572295       -0.21480639059110
O            2.04105560044825        1.43363900599355       -0.48919592989533
O            1.47206057984531       -0.65531617693210        0.14257754504871
C            2.87953870526873       -1.00366173181002        0.19253058298841
H           -3.45998276144621       -1.87361581514818       -0.28163125829494
H           -3.39887438732745       -1.40450727389611        1.42365049724033
H           -4.66565196213197       -0.75293122318381        0.37141081865158
H           -2.93447884113613        0.50097095445083       -0.94896429185904
H           -2.87458338293683        0.96842562979276        0.74625695975000
H           -1.04603841636274       -1.10227398671397       -0.57209567511186
H           -0.98526840708803       -0.62966425634295        1.12252809188513
H           -0.45046690703119        1.74185908913680        0.43597477696549
H           -0.51128916601153        1.27256707015274       -1.24767068226468
H            3.40122389281324       -0.36958957912286        0.91344442568792
H            3.32977661098929       -0.90195740819445       -0.79805615203860
H            2.90471766444941       -2.04470340678892        0.51503103298456
20
 energy: -386.236651649276 gnorm: 0.002504357067 xtb: 6.7.1 (edcfbbe)
C           -3.61957577206882       -1.02932600304772        0.41021631319091
C           -2.69535054187053        0.13224798435331        0.05724984476017
C           -1.22409906272550       -0.27447899623787        0.11796464299984
C           -0.29400285775400        0.87966790733285       -0.23784269765332
C            1.18236151128455        0.59832670971308       -0.21379698674202
O            2.03622912509314        1.42738566944637       -0.48939807683036
O            1.48030032040805       -0.66384025554086        0.14509991674803
C            2.89471688385542       -0.99638778089073        0.19043064747235
H           -3.47642865745554       -1.86677364560748       -0.28242610317626
H           -3.41562047747473       -1.39742447470977        1.42234818374443
H           -4.67313734106840       -0.73526121371540        0.36670487122047
H           -2.93111754670688        0.50159997122348       -0.94953338520491
H           -2.87142174032525        0.96966738713405        0.74527385488370
H           -1.05261690093643       -1.11189687206806       -0.56894935131284
H           -0.99189412913643       -0.63877082575192        1.12577085646920
H           -0.45030072342173        1.72981270048109        0.43926647043433
H           -0.51210403637430        1.26158078963758       -1.24373812961689
H            3.40863873937631       -0.35647362969574        0.91110678970828
H            3.33935775215031       -0.88411909520406       -0.80107366416450
H            2.93281868687283       -2.03776727692867        0.50956904389296
20
 energy: -386.236671788052 gnorm: 0.002548519116 xtb: 6.7.1 (edcfbbe)
C           -3.62767008904151       -1.02377852981682        0.40908880533701
C           -2.69454902473910        0.13098210296486        0.05738484552827
C           -1.22476569768082       -0.28236417192256        0.12029193126020
C           -0.29429006713012        0.87132105325573       -0.23557465015865
C            1.18273926775886        0.59345025580208       -0.21191790548258
O            2.03322975788970        1.42446375958293       -0.49050235524392
O            1.48594940177212       -0.66745646345907        0.14679419838215
C            2.90283361990609       -0.99057908939974        0.18865288912898
H           -3.48947803204971       -1.86199312380483       -0.28291351187412
H           -3.42904868187790       -1.39215690913693        1.42169800418858
H           -4.67823815087079       -0.72040998066562        0.36260086958981
H           -2.92577498638171        0.50069372990619       -0.94999790697338
H           -2.86627320065240        0.96947637988917        0.74472502102280
H           -1.05518940055154       -1.11994070019378       -0.56648565054621
H           -0.99468763653010       -0.64612713409054        1.12850343817242
H           -0.45131109654255        1.72062911567613        0.44197200033472
H           -0.51351294878323        1.25247966116958       -1.24121825209777
H            3.41282250748616       -0.34789216977524        0.90946584421921
H            3.34464567270360       -0.87093843860623       -0.80309427909718
H            2.94932384023000       -2.03209239628289        0.50477130505674
20
 energy: -386.236683835190 gnorm: 0.001675780173 xtb: 6.7.1 (edcfbbe)
C           -3.63465174062180       -1.01908493191463        0.40820144010088
C           -2.69284314042510        0.12911049181142        0.05773152806358
C           -1.22452476095996       -0.28987641357822        0.12249512176429
C           -0.29448854104000        0.86438004450813       -0.23362328056703
C            1.18313847893636        0.58995330393487       -0.21275460452043
O            2.03063020333695        1.42422316903380       -0.49175348660384
O            1.49098951910923       -0.66851980467725        0.14708598593895
C            2.90817874977289       -0.98523934431060        0.18738942700205
H           -3.50159177190630       -1.85846498143134       -0.28314481727701
H           -3.44166769776216       -1.38788819224312        1.42158543113407
H           -4.68248712350002       -0.70672297273515        0.35870447278087
H           -2.91973322904906        0.49939805691496       -0.95028099046840
H           -2.86034758976832        0.96888850271408        0.74431719647830
H           -1.05597367449107       -1.12748164776979       -0.56438047018225
H           -0.99546726204733       -0.65332956076265        1.13097302350884
H           -0.45254444983456        1.71253342040861        0.44494596478893
H           -0.51560197085625        1.24513486009895       -1.23883614452600
H            3.41610228826391       -0.34162454237661        0.90891804896544
H            3.34906396885035       -0.86068287294010       -0.80415781061210
H            2.96057621997086       -2.02694141330147        0.50082993787901
20
 energy: -386.236686620568 gnorm: 0.000790824909 xtb: 6.7.1 (edcfbbe)
C           -3.63815662069376       -1.01670104420797        0.40784059819805
C           -2.69118770522262        0.12735106896068        0.05788125745720
C           -1.22381694393942       -0.29429796945403        0.12374725658521
C           -0.29458633631350        0.86104628817075       -0.23274051606044
C            1.18344177297928        0.59018140334696       -0.21118307699717
O            2.02892188910310        1.42630553857514       -0.49356495894363
O            1.49397712347869       -0.66666251800939        0.14750224982805
C            2.90971597604281       -0.98243238537847        0.18637637257104
H           -3.50857282803933       -1.85742048521895       -0.28281379375314
H           -3.44927735195756       -1.38580281251442        1.42208147567971
H           -4.68447373710030       -0.69910605250033        0.35628070855401
H           -2.91568766684757        0.49810433575061       -0.95060353364368
H           -2.85648840324409        0.96835326577801        0.74367561661071
H           -1.05478252346535       -1.13220104087665       -0.56293517423124
H           -0.99468667846426       -0.65745916815170        1.13249931879972
H           -0.45404705223585        1.70900555576409        0.44589009307688
H           -0.51706125439159        1.24127284831620       -1.23796867880377
H            3.41848100146076       -0.34085214921114        0.90945485764230
H            3.35136824766369       -0.85617387217020       -0.80478496335577
H            2.96367618256826       -2.02474653298861        0.49761155503130
20
 energy: -386.236686620568 gnorm: 0.000790824909 xtb: 6.7.1 (edcfbbe)
C           -3.63815662069376       -1.01670104420797        0.40784059819805
C           -2.69118770522262        0.12735106896068        0.05788125745720
C           -1.22381694393942       -0.29429796945403        0.12374725658521
C           -0.29458633631350        0.86104628817075       -0.23274051606044
C            1.18344177297928        0.59018140334696       -0.21118307699717
O            2.02892188910310        1.42630553857514       -0.49356495894363
O            1.49397712347869       -0.66666251800939        0.14750224982805
C            2.90971597604281       -0.98243238537847        0.18637637257104
H           -3.50857282803933       -1.85742048521895       -0.28281379375314
H           -3.44927735195756       -1.38580281251442        1.42208147567971
H           -4.68447373710030       -0.69910605250033        0.35628070855401
H           -2.91568766684757        0.49810433575061       -0.95060353364368
H           -2.85648840324409        0.96835326577801        0.74367561661071
H           -1.05478252346535       -1.13220104087665       -0.56293517423124
H           -0.99468667846426       -0.65745916815170        1.13249931879972
H           -0.45404705223585        1.70900555576409        0.44589009307688
H           -0.51706125439159        1.24127284831620       -1.23796867880377
H            3.41848100146076       -0.34085214921114        0.90945485764230
H            3.35136824766369       -0.85617387217020       -0.80478496335577
H            2.96367618256826       -2.02474653298861        0.49761155503130
