19
 energy: -21.036822638371 gnorm: 0.029076741435 xtb: 6.7.1 (edcfbbe)
C           -2.31720878673519       -0.95424200963618       -0.41621104741690
C           -2.37689064611542        0.38336879860965        0.31728107129969
C           -1.16869958036406        1.29690654176929        0.08579074765937
C            0.17806692543213        0.70840708359298        0.53833738633609
C            0.95830873004499        0.03589876601369       -0.60905046462451
C            2.20826403430897       -0.55210983434665       -0.15821723116146
C            3.23907865380485       -1.02624176488377        0.25567888893137
H           -3.23711809875981       -1.52637538668023       -0.25555604047063
H           -1.48455183356768       -1.57248321548445       -0.06469641044265
H           -2.19827580465453       -0.80885131422393       -1.49617941393041
H           -3.28194296740398        0.92155451604220        0.00898874464130
H           -2.47857604755487        0.20009487185338        1.39509448869951
H           -1.34517826440856        2.23401961859980        0.62575876765257
H           -1.10939141415096        1.56280434720538       -0.97866095835780
H            0.01842305212314       -0.02057214542259        1.34232231484311
H            0.81366753670426        1.49797405419737        0.95270795080768
H            1.17200956513487        0.78222170586655       -1.38435142925859
H            0.34856143365402       -0.74013620491863       -1.08439297201733
H            4.15170318598337       -1.44937898115637        0.61102883754751
19
 energy: -21.037806479799 gnorm: 0.010993375526 xtb: 6.7.1 (edcfbbe)
C           -2.31407946690801       -0.95125484443674       -0.41661196316967
C           -2.36878171988562        0.37924839355586        0.32177928031921
C           -1.16153037360440        1.28825447198211        0.08004202930864
C            0.18093249701212        0.70078115748511        0.53567010196404
C            0.95684983512845        0.03787316129801       -0.61308768432113
C            2.20223110339119       -0.54333544459959       -0.15398516873081
C            3.21833134112867       -1.01830931384516        0.25841838163768
H           -3.23605249838663       -1.50920560612003       -0.25431791914829
H           -1.48850344805401       -1.56552742342674       -0.05981751531629
H           -2.19742873554206       -0.79599834911934       -1.48959683565351
H           -3.26851991966258        0.91788818224055        0.00844013380968
H           -2.46409640178766        0.18966447557820        1.39571900070204
H           -1.34069681576410        2.21964841043119        0.62445254216787
H           -1.10624334570493        1.54602804347068       -0.98232026887573
H            0.01644280950812       -0.02668249325739        1.33527694392184
H            0.80751791705009        1.49568216987243        0.94869039701977
H            1.17970700060484        0.78727354321311       -1.38032850838114
H            0.35324863205704       -0.74577613151133       -1.07825159217968
H            4.12092126289505       -1.43339295581340        0.60550187566339
19
 energy: -21.037881766651 gnorm: 0.001797305267 xtb: 6.7.1 (edcfbbe)
C           -2.31412047784151       -0.95140318688174       -0.41681310574341
C           -2.36684540309889        0.37771806362917        0.32515516439632
C           -1.16105376803675        1.28714705517607        0.07881656651498
C            0.18113378427223        0.69882086718581        0.53219495048422
C            0.95520599922860        0.03913161894900       -0.61648153776553
C            2.19837008839269       -0.53988080784414       -0.15150495408858
C            3.22057946671869       -1.00711540464683        0.26033788549642
H           -3.23716754909314       -1.50442304713366       -0.25610597520500
H           -1.49156710105418       -1.56567892153921       -0.05973427986333
H           -2.19679630654301       -0.79017856007454       -1.48652106286771
H           -3.26571582729550        0.91730129477983        0.01524945210380
H           -2.45462605883404        0.18542070504576        1.39757570972363
H           -1.33946651409592        2.21827833333723        0.62193919833842
H           -1.10873303058183        1.53756195302065       -0.98335155156221
H            0.01609517089274       -0.03022992223683        1.32820532526993
H            0.80629571063613        1.49315285908005        0.94652372824551
H            1.18212975714964        0.78923768438819       -1.37996823248471
H            0.35546335616745       -0.74674634043602       -1.07964908746158
H            4.11106837649208       -1.43525479680128        0.60980503720675
19
 energy: -21.037804548059 gnorm: 0.008052761836 xtb: 6.7.1 (edcfbbe)
C           -2.31637834165802       -0.94989525179670       -0.41813857247408
C           -2.36557094929882        0.37729541880809        0.33090206171804
C           -1.16124015326189        1.28720214565840        0.07612909619460
C            0.18145280428531        0.69773270093667        0.52726824595358
C            0.95684301251258        0.04215206586805       -0.62074733336213
C            2.19638050157266       -0.53680361636519       -0.14659247612910
C            3.20190916350559       -1.03462298879239        0.27604555056388
H           -3.24163012035433       -1.49802668707858       -0.26114748405707
H           -1.49737543372424       -1.56699625216402       -0.06212386568413
H           -2.19678492505966       -0.78092359751151       -1.48487302366712
H           -3.26558978345038        0.91786616095486        0.02970431219479
H           -2.44184996628287        0.18072685475768        1.40216326723004
H           -1.33718486731327        2.21987976393948        0.61554963418370
H           -1.11315490127770        1.52857901021755       -0.98674082771404
H            0.01550369442723       -0.03476045082980        1.31865390843257
H            0.80584492574810        1.48982224820729        0.94569439659742
H            1.18858195236313        0.79223059371685       -1.38105194101679
H            0.36152814475159       -0.74501746669667       -1.08456067648925
H            4.11896491599066       -1.41358120483253        0.60953895826304
19
 energy: -21.037900738799 gnorm: 0.003270448846 xtb: 6.7.1 (edcfbbe)
C           -2.31731101448679       -0.94992475157174       -0.41793175882457
C           -2.36625259238333        0.37707310646636        0.33184386486947
C           -1.16197218244991        1.28695994052452        0.07570023321021
C            0.18104181999625        0.69778091222714        0.52744019742150
C            0.95757120071507        0.04135679435790       -0.62032641193387
C            2.19802189306461       -0.53728307278803       -0.14705835710502
C            3.21170014582844       -1.01893387940704        0.27095918112753
H           -3.24269953777418       -1.49905513918312       -0.26139547834785
H           -1.49780777510137       -1.56796206609473       -0.06259458866751
H           -2.19739227692349       -0.78123260967528       -1.48536908468858
H           -3.26749005637800        0.91720357306139        0.03237867127446
H           -2.44181986656264        0.18027932229650        1.40354753190462
H           -1.33744759880213        2.22060057507850        0.61407102117549
H           -1.11418017175930        1.52861744541304       -0.98769966121361
H            0.01537039789013       -0.03469257848276        1.31952470032791
H            0.80573084949671        1.48987961663036        0.94603578552187
H            1.18839668320942        0.79121115161899       -1.38152696316018
H            0.36188706034130       -0.74532088628330       -1.08539711253689
H            4.11490269555480       -1.42369800719120        0.61347146038295
19
 energy: -21.037922876455 gnorm: 0.000714807468 xtb: 6.7.1 (edcfbbe)
C           -2.31975137496799       -0.94932067581948       -0.41785000363107
C           -2.36628879654156        0.37628781126402        0.33412016804381
C           -1.16260467866243        1.28575277885256        0.07428696251387
C            0.18081466164719        0.69776611197418        0.52684411728477
C            0.95941051888697        0.04194497980553       -0.62077012182240
C            2.20100883891104       -0.53499073912861       -0.14754538423709
C            3.21802145399149       -1.00970931215411        0.26915151322605
H           -3.24578078233325       -1.49854905091881       -0.26240525458077
H           -1.50025875315915       -1.56943555573892       -0.06429909804046
H           -2.19966647229352       -0.77930485592094       -1.48563000910853
H           -3.26952747820823        0.91624883594930        0.03930941647660
H           -2.43815355386492        0.17796877840642        1.40619517681803
H           -1.33721424536093        2.22133667256251        0.61006273943545
H           -1.11610818579974        1.52555865791401       -0.99014776372378
H            0.01528293190476       -0.03529011887040        1.31900038038281
H            0.80472138601188        1.49027618939530        0.94637793950585
H            1.18937153490059        0.79216407676888       -1.38238555449209
H            0.36414941334864       -0.74499735909937       -1.08712163968930
H            4.11282325506469       -1.43084777824458        0.61847964637620
19
 energy: -21.037929799820 gnorm: 0.000817771823 xtb: 6.7.1 (edcfbbe)
C           -2.32305578897010       -0.94811621151432       -0.41834635727171
C           -2.36557900973247        0.37546579836318        0.33721074458195
C           -1.16278471629508        1.28435016124296        0.07230939099252
C            0.18096804938639        0.69744683041015        0.52547890716453
C            0.96160477233546        0.04263293331245       -0.62147846565434
C            2.20129973818154       -0.53666447126900       -0.14594367303679
C            3.22007183385845       -1.00689159253021        0.27065068758291
H           -3.25005389525733       -1.49607735137238       -0.26386320818219
H           -1.50430552469264       -1.57111725320957       -0.06772538395399
H           -2.20354386194581       -0.77530651903935       -1.48584387114130
H           -3.27057581519273        0.91622726311585        0.04897761202227
H           -2.43142072938564        0.17480395469236        1.40933988494256
H           -1.33638802264352        2.22231037973019        0.60439364642905
H           -1.11807387588656        1.51992921207390       -0.99327717369010
H            0.01512281502249       -0.03677587129533        1.31658479944161
H            0.80387363495036        1.48983978577120        0.94675905707245
H            1.19323740759962        0.79349395861642       -1.38216036612664
H            0.36657831752589       -0.74359278813467       -1.08962533262844
H            4.11327434461721       -1.42909877196633        0.62223233219359
19
 energy: -21.037937480721 gnorm: 0.000765487946 xtb: 6.7.1 (edcfbbe)
C           -2.33051322124680       -0.94595163070417       -0.41958801242363
C           -2.36398461990185        0.37327579990042        0.34354042582946
C           -1.16289787043155        1.28072703276679        0.06822287947856
C            0.18163930269233        0.69676841967017        0.52308918777994
C            0.96621991585011        0.04482392201466       -0.62295642612261
C            2.20622390152476       -0.53169384258510       -0.14491199582134
C            3.22155540715819       -1.00612543603777        0.27534049964927
H           -3.25920330342981       -1.49117832326730       -0.26549576497986
H           -1.51280681686520       -1.57472002342994       -0.07628520754977
H           -2.21392264377698       -0.76724488805603       -1.48657803268736
H           -3.27210327807990        0.91625037809697        0.06887020233657
H           -2.41745510569403        0.16770807812516        1.41561335568770
H           -1.33475259921054        2.22364577656072        0.59229095899217
H           -1.12147113026902        1.50714853383720       -0.99967228171717
H            0.01621782717112       -0.03942769257329        1.31252444114985
H            0.80182648464648        1.48981871819839        0.94706120299710
H            1.19883390562931        0.79724884420385       -1.38184439784131
H            0.37309074621311       -0.74155807778484       -1.09395144832338
H            4.11375277149580       -1.42665614193835        0.63040364430377
19
 energy: -21.037939442266 gnorm: 0.000375184178 xtb: 6.7.1 (edcfbbe)
C           -2.33298666559616       -0.94552965784866       -0.42024916723131
C           -2.36339464957017        0.37282431781492        0.34433124488921
C           -1.16235146334126        1.27981338757891        0.06749404158821
C            0.18232673581421        0.69666109075945        0.52300911884249
C            0.96720902940710        0.04538354747054       -0.62305107442075
C            2.20574663313252       -0.53341746289132       -0.14424326495445
C            3.22152489296456       -1.00697225255382        0.27664389164431
H           -3.26143415774197       -1.49037015826056       -0.26368893515195
H           -1.51451878189421       -1.57497717467840       -0.08037938535584
H           -2.21974030154389       -0.76565476215954       -1.48733030893106
H           -3.27145665150193        0.91680500631459        0.07227811865273
H           -2.41476859599330        0.16604584966516        1.41605851736589
H           -1.33423028082208        2.22355836480758        0.58981097224841
H           -1.12095718518904        1.50414490955273       -1.00067059974935
H            0.01696092996432       -0.03970743277955        1.31222229038457
H            0.80200567203171        1.48986291298764        0.94729753455318
H            1.20075645343991        0.79800057601644       -1.38146614851622
H            0.37364445621764       -0.74024971469442       -1.09445338720342
H            4.11591360369758       -1.42336190010416        0.63205977208333
19
 energy: -21.037940611077 gnorm: 0.000198719396 xtb: 6.7.1 (edcfbbe)
C           -2.33431075884467       -0.94547031377841       -0.42073170701939
C           -2.36326398559850        0.37259093949246        0.34452179355691
C           -1.16205958126666        1.27935745425973        0.06730950288166
C            0.18279254288910        0.69661598577507        0.52299865697126
C            0.96774621645749        0.04541716359096       -0.62296836376118
C            2.20665743537983       -0.53271588661586       -0.14437581507629
C            3.22211646600489       -1.00639935325322        0.27700629549559
H           -3.26197879601471       -1.49073831173130       -0.26121946889102
H           -1.51448884194048       -1.57456937006704       -0.08371667310172
H           -2.22466974453956       -0.76518811679571       -1.48808028207464
H           -3.27108188962188        0.91721258679818        0.07331676160186
H           -2.41385638210903        0.16522403624102        1.41608195198126
H           -1.33411282360022        2.22321807654390        0.58919565902393
H           -1.12058023072395        1.50303793813178       -1.00088814071392
H            0.01778482109404       -0.03966654496487        1.31231589654798
H            0.80215117036139        1.49013016996681        0.94715211343866
H            1.20097053849209        0.79818969783153       -1.38124846779468
H            0.37429906689193       -0.74027694867773       -1.09433850347839
H            4.11613445016445       -1.42310975574976        0.63334202115008
19
 energy: -21.037941756285 gnorm: 0.000179747011 xtb: 6.7.1 (edcfbbe)
C           -2.33665744702362       -0.94514634546021       -0.42167589381597
C           -2.36300595235603        0.37228958401523        0.34492901342453
C           -1.16148294461236        1.27862612832593        0.06682300417972
C            0.18344650602166        0.69625397025363        0.52293297579112
C            0.96868912163132        0.04526778249482       -0.62298167713747
C            2.20799278182002       -0.53201169668307       -0.14423338515730
C            3.22322769191664       -1.00532058818640        0.27810442374120
H           -3.26222255191653       -1.49219791973331       -0.25580873730293
H           -1.51330179575276       -1.57290636688077       -0.09082485603371
H           -2.23497388627969       -0.76387701836086       -1.48968285216671
H           -3.27074412197624        0.91791820128312        0.07541896156428
H           -2.41212748488469        0.16380987191313        1.41635278515031
H           -1.33346392778217        2.22265457510272        0.58837560937643
H           -1.12009237403539        1.50167126228913       -1.00150084227636
H            0.01871373551645       -0.03980897790032        1.31254444816762
H            0.80242000596161        1.49022753856811        0.94684808877554
H            1.20173534346340        0.79806803521064       -1.38126870418870
H            0.37552845923750       -0.74061391098411       -1.09445113835512
H            4.11656851452644       -1.42204467826993        0.63577200700149
19
 energy: -21.037941974266 gnorm: 0.000106783673 xtb: 6.7.1 (edcfbbe)
C           -2.33735009694372       -0.94476933178698       -0.42193015682840
C           -2.36298642289407        0.37229153436091        0.34525103964600
C           -1.16150949682365        1.27845663188271        0.06668982342475
C            0.18347760768222        0.69601606350657        0.52250543659798
C            0.96905103810668        0.04494653774158       -0.62311862825431
C            2.20829796752341       -0.53204430571633       -0.14385647447436
C            3.22356970379164       -1.00487555186659        0.27882174816858
H           -3.26197451568830       -1.49280424725165       -0.25418583794462
H           -1.51265450397872       -1.57194752045833       -0.09337718166238
H           -2.23830289258764       -0.76291678740231       -1.49004198785395
H           -3.27095969997995        0.91813520598612        0.07681191191279
H           -2.41124551900605        0.16343070485895        1.41665933380402
H           -1.33322709287377        2.22272493687234        0.58797591980901
H           -1.12040323293941        1.50124894675864       -1.00171019929775
H            0.01865014096924       -0.04020895806084        1.31193128259991
H            0.80250676668257        1.48982263649677        0.94664882844648
H            1.20222596193625        0.79777635362835       -1.38133385982806
H            0.37617238077280       -0.74105189769903       -1.09478837208715
H            4.11691157972604       -1.42137150485335        0.63672060455945
19
 energy: -21.037941942551 gnorm: 0.000247133589 xtb: 6.7.1 (edcfbbe)
C           -2.33792762386502       -0.94446878508587       -0.42214187039909
C           -2.36298046989482        0.37229276967626        0.34550100088859
C           -1.16154216984706        1.27832597606062        0.06660752225030
C            0.18351472715920        0.69584541867068        0.52213737104851
C            0.96935946847159        0.04466759828057       -0.62321828014662
C            2.20856606547428       -0.53208235869799       -0.14354811328709
C            3.22386735863269       -1.00451339924092        0.27939925155481
H           -3.26177239355995       -1.49331630187496       -0.25284894954456
H           -1.51212633901784       -1.57116778333331       -0.09549078832913
H           -2.24105574054688       -0.76214820904670       -1.49033811908186
H           -3.27115127066471        0.91831551741379        0.07794592855265
H           -2.41052662289706        0.16312255843293        1.41689778318374
H           -1.33306131290153        2.22279591065632        0.58766633199403
H           -1.12066618331851        1.50090989091819       -1.00185218287684
H            0.01862318727530       -0.04051316852585        1.31140814763766
H            0.80259644918706        1.48951204313198        0.94646287844881
H            1.20263533448996        0.79753611961114       -1.38136016970433
H            0.37670145451631       -0.74141766911955       -1.09505597393824
H            4.11719575478255       -1.42083668092981        0.63750146248663
19
 energy: -21.037942047096 gnorm: 0.000052621703 xtb: 6.7.1 (edcfbbe)
C           -2.33768336152862       -0.94438175149390       -0.42205819657473
C           -2.36292104945784        0.37231561787604        0.34564616227352
C           -1.16152312763992        1.27830658908110        0.06640461554672
C            0.18334116482534        0.69562852764446        0.52223086023934
C            0.96920834299181        0.04475991242105       -0.62334960731451
C            2.20835201172307       -0.53198298604443       -0.14352859588012
C            3.22371557255183       -1.00439083860042        0.27943587576819
H           -3.26168481933826       -1.49312001853745       -0.25321870375493
H           -1.51210224679340       -1.57113568770593       -0.09495115592525
H           -2.24026722716888       -0.76198865970145       -1.49021946407100
H           -3.27107661986091        0.91824082683357        0.07798808407517
H           -2.41054552804995        0.16316670960895        1.41704798858801
H           -1.33286524810977        2.22272667318579        0.58756278179010
H           -1.12070968426263        1.50096406481600       -1.00206986350612
H            0.01831989040279       -0.04074787446553        1.31150343970066
H            0.80240779956013        1.48927152733092        0.94661227645359
H            1.20252884153777        0.79749607197176       -1.38162630783637
H            0.37668260525337       -0.74143851825836       -1.09513348919264
H            4.11707235683962       -1.42083073896465        0.63739653035835
19
 energy: -21.037942058711 gnorm: 0.000033602034 xtb: 6.7.1 (edcfbbe)
C           -2.33760582437983       -0.94437148529852       -0.42199926629070
C           -2.36295634084652        0.37237179327702        0.34563034516310
C           -1.16154665985952        1.27835434737700        0.06643740935629
C            0.18330681588001        0.69558492387969        0.52219499912138
C            0.96918403114029        0.04474865009955       -0.62339965946957
C            2.20831710775380       -0.53198567716204       -0.14353545577346
C            3.22366558708961       -1.00438580226025        0.27947675018838
H           -3.26168539966603       -1.49307692775078       -0.25342632010186
H           -1.51212061730829       -1.57113463537768       -0.09464324617207
H           -2.23987079498312       -0.76199400423712       -1.49013947135688
H           -3.27112969885862        0.91824076351476        0.07794502057738
H           -2.41057709171647        0.16325779922882        1.41703323327446
H           -1.33281398328911        2.22279912869126        0.58756949513839
H           -1.12074969732511        1.50098058908873       -1.00203882609349
H            0.01820529034182       -0.04088541594856        1.31136202584223
H            0.80241108922742        1.48912452217449        0.94671431609169
H            1.20245427821668        0.79749949662427       -1.38167782849867
H            0.37669377554654       -0.74148665668042       -1.09516343576411
H            4.11706780651202       -1.42078196224270        0.63733314550548
