20
 energy: -34.245660265835 gnorm: 0.042769510077 xtb: 6.7.1 (edcfbbe)
C            3.99757753859786        0.38803867576564       -0.49675627653059
C            2.72723285911198       -0.32047208779297       -0.16096480286633
O            2.62715723805368       -1.51632537461523        0.05374048531916
O            1.67693416357893        0.52581780699771       -0.08336174557801
C            0.41387403948873       -0.07030274120160        0.30722712341376
C           -0.57822199857198        1.07535802837341        0.33969130995338
O           -1.84586679486376        0.57813095297564        0.83706272075828
C           -2.68222691184674        0.01292107796246       -0.06665298499453
O           -2.41307881400437       -0.09366674433314       -1.24965261017837
C           -3.96242912548983       -0.43455618229385        0.55849437208332
H            4.52094952898296        0.60131528881040        0.44294595986113
H            3.81445464372558        1.33099535020372       -1.01320685813780
H            4.63152369799283       -0.26674751480026       -1.09659238539858
H            0.12519649715899       -0.83141943331715       -0.42311196929750
H            0.51478332063092       -0.52782217392410        1.29588372423329
H           -0.70952690398747        1.52295689629521       -0.64836047758819
H           -0.26866465504776        1.83816473131875        1.05618473085583
H           -4.17892297816567       -1.45454784629465        0.23150282497689
H           -4.76554159248623        0.21033830826066        0.18624304240816
H           -3.93145598385456       -0.38265896385443        1.64650822906883
20
 energy: -34.247351386282 gnorm: 0.016987025896 xtb: 6.7.1 (edcfbbe)
C            3.99850414681360        0.38519525892886       -0.49539953719592
C            2.73101671473069       -0.32465409693422       -0.15463415130230
O            2.62712030089052       -1.51469253700102        0.05221729697128
O            1.68753867941142        0.51496056069699       -0.07460949363697
C            0.42340827854532       -0.05882236113410        0.30371304574111
C           -0.59223763987499        1.07237815801942        0.34851415430101
O           -1.85844604276829        0.58519121067794        0.82654608897942
C           -2.68379257211380        0.01621808505457       -0.06891219484454
O           -2.40640069446560       -0.09446534026572       -1.24312269988814
C           -3.96285389708774       -0.43244179577024        0.55557340963528
H            4.52378498905040        0.60033902196366        0.43605851340564
H            3.79327089972153        1.32083017279558       -1.00706392601177
H            4.62906821283008       -0.26354249716975       -1.09793060247930
H            0.13984872352465       -0.81954796697775       -0.42921824292981
H            0.52432654328996       -0.53038781007805        1.28524878456259
H           -0.72054126554099        1.50735740137517       -0.64535620103491
H           -0.28500022067625        1.83668571874943        1.06294910491064
H           -4.17778119337993       -1.45054154313806        0.23673771152865
H           -4.76644366995608        0.20540706733960        0.18760998171202
H           -3.91064252394038       -0.36994865259613        1.63790336993818
20
 energy: -34.247688344854 gnorm: 0.005139675501 xtb: 6.7.1 (edcfbbe)
C            3.99265099629157        0.38645389137569       -0.49334315300016
C            2.72644987974576       -0.32790595818409       -0.14953121881265
O            2.62103605298120       -1.51736605220103        0.05376963522040
O            1.68890668790745        0.50932294956101       -0.06399448461031
C            0.42821146766342       -0.05582187323806        0.30293994277741
C           -0.59759144742460        1.07225120406973        0.35149195473670
O           -1.85679409184519        0.58326278974123        0.81618781494975
C           -2.67627245354696        0.01304078418423       -0.07388961243274
O           -2.39491068632968       -0.10134190986891       -1.24596311468927
C           -3.95778058523641       -0.42850021934237        0.55477655788054
H            4.52174724075094        0.60367415213523        0.43220657234192
H            3.77142075036401        1.31759688103827       -1.00266066273224
H            4.62062377455592       -0.25835207298910       -1.09961070857142
H            0.14413462599361       -0.81261289389526       -0.43584371352148
H            0.52287484719309       -0.54056222460747        1.28022422608079
H           -0.72071548534807        1.50337044444741       -0.64591127582162
H           -0.29312856930865        1.83504694059830        1.06771557778414
H           -4.17584268217012       -1.44605789339043        0.24365527120675
H           -4.76112269816785        0.20740412579018        0.19033910296700
H           -3.89014985506534       -0.35738501068839        1.63426570060865
20
 energy: -34.247736681379 gnorm: 0.001666780692 xtb: 6.7.1 (edcfbbe)
C            3.98879035104583        0.38805706257306       -0.49262876233114
C            2.72414577278488       -0.32947315560248       -0.14503467003880
O            2.61914552637561       -1.52063582509216        0.05353489623746
O            1.68797188179903        0.50732449858571       -0.05641397320130
C            0.42825012279192       -0.05716828632950        0.30298192285964
C           -0.59762892534397        1.07259542052828        0.35186869205520
O           -1.85507110236896        0.58369886872126        0.81165776477185
C           -2.67264554122336        0.01233890104037       -0.07753479121238
O           -2.38831982019547       -0.10960845859950       -1.24917345287342
C           -3.95440164209523       -0.42661336137664        0.55467935891080
H            4.52129768179277        0.60630044549013        0.43055482765398
H            3.76015709157246        1.31849219850352       -1.00009719280481
H            4.61532159465099       -0.25423949441275       -1.10320926850958
H            0.14204248783113       -0.81039721397550       -0.43972736510021
H            0.51497398164306       -0.54774438687726        1.27881144805488
H           -0.71443125716126        1.50542741678477       -0.64613082180508
H           -0.29285772667195        1.83373972237898        1.06954804918251
H           -4.17371511556585       -1.44572630744924        0.24945152409466
H           -4.75788710869805        0.20885247726914        0.19018050421209
H           -3.88139048395947       -0.34970246762401        1.63350572220580
20
 energy: -34.247751956795 gnorm: 0.002191732224 xtb: 6.7.1 (edcfbbe)
C            3.98443604342256        0.39027073284228       -0.49190045651661
C            2.72184949891550       -0.33219594126868       -0.14398417837229
O            2.61949670040797       -1.52479210440191        0.05158249180803
O            1.68609549097258        0.50437882060527       -0.04810770913623
C            0.42632387469633       -0.06014759507102        0.30369163211662
C           -0.59620899422568        1.07371912968902        0.35184509492137
O           -1.85389703998282        0.58673555204975        0.80792398790889
C           -2.66734152289109        0.00750478962768       -0.08016464328341
O           -2.38083504779024       -0.12204340641820       -1.25124104849163
C           -3.95097944483874       -0.42438391553259        0.55447834590282
H            4.51955650957642        0.60947739607745        0.42991744420279
H            3.74952429278771        1.32095968865209       -0.99665890393375
H            4.61092019496907       -0.24814256976855       -1.10712126380293
H            0.13828017131361       -0.80878500791116       -0.44367367291146
H            0.50343576366367       -0.55611715784012        1.27789999531393
H           -0.70540124543063        1.51012679239735       -0.64581734376775
H           -0.28963113809348        1.83289781605501        1.07107516877068
H           -4.17304613806294       -1.44541044121673        0.25665189739324
H           -4.75325641532771        0.21185399614314        0.18760201746048
H           -3.87557378507801       -0.34038852017389        1.63282555677935
20
 energy: -34.247758027027 gnorm: 0.001458048975 xtb: 6.7.1 (edcfbbe)
C            3.98396686972802        0.39067594679291       -0.49190301615879
C            2.72227607092631       -0.33270744448207       -0.14336112359829
O            2.62031797209876       -1.52563368541713        0.04945177278452
O            1.68592604579980        0.50345186334154       -0.04673207850175
C            0.42538595214579       -0.06105498700652        0.30359219588985
C           -0.59569052921766        1.07392994005337        0.35173226740574
O           -1.85480277885126        0.58947043105870        0.80780956257043
C           -2.66731086906294        0.00774880037775       -0.08002418507548
O           -2.37891033612170       -0.12609369558627       -1.24998097124986
C           -3.95083666194141       -0.42406648195708        0.55444512479581
H            4.51952394882145        0.60912832631902        0.42985482496663
H            3.74871759748276        1.32202703690104       -0.99535704689915
H            4.61049239862726       -0.24659116004666       -1.10825702991171
H            0.13799459575068       -0.80900928487104       -0.44450997785246
H            0.50148516789815       -0.55719866385968        1.27755125724376
H           -0.70425745113933        1.51129303535692       -0.64543810876556
H           -0.28810220848295        1.83246288901042        1.07133049612594
H           -4.17264952442012       -1.44563074096056        0.25834170450417
H           -4.75283006158038        0.21142543036082        0.18553898710978
H           -3.87694842945711       -0.33810950084928        1.63273975697857
20
 energy: -34.247766824942 gnorm: 0.001370710367 xtb: 6.7.1 (edcfbbe)
C            3.98238740640153        0.39217796765467       -0.49128790451302
C            2.72276777540497       -0.33470795236620       -0.14515671857985
O            2.62196802751241       -1.52813850423410        0.04075643104425
O            1.68546564669593        0.50058248512642       -0.04317154982029
C            0.42247919727900       -0.06343777413450        0.30296773834678
C           -0.59426962785184        1.07490337630297        0.35175448577822
O           -1.85770585021946        0.59850983841067        0.80795511050224
C           -2.66516998895307        0.00472401228583       -0.07787239956904
O           -2.37015229555295       -0.14232287479190       -1.24383665134242
C           -3.95081609086464       -0.42219002273095        0.55429383663298
H            4.51784453122498        0.60756922117551        0.43113097132047
H            3.74636261454335        1.32567109272625       -0.99023783244347
H            4.60994776370598       -0.24097531587597       -1.11047562449498
H            0.13740450061054       -0.80888046308283       -0.44787605367063
H            0.49618232502282       -0.56091387900125        1.27581306203869
H           -0.70165897293142        1.51448686087313       -0.64415315005958
H           -0.28309915511380        1.83107756596257        1.07257234532210
H           -4.17283154955653       -1.44508774616173        0.26386539082701
H           -4.75053278634338        0.21161584933806        0.17746883854696
H           -3.88282570201033       -0.32914568294046        1.63231408649575
20
 energy: -34.247771709730 gnorm: 0.000759995138 xtb: 6.7.1 (edcfbbe)
C            3.98165460869835        0.39276700703983       -0.49048184678300
C            2.72181937496009       -0.33495017033600       -0.14627804484570
O            2.62025566361779       -1.52900721884651        0.03597221696948
O            1.68529484686977        0.50058875920746       -0.04168858217825
C            0.42202439796776       -0.06355896928635        0.30235392880144
C           -0.59418256982202        1.07542210048885        0.35207625693916
O           -1.85776107761765        0.60010414472033        0.80780427466892
C           -2.66299516658508        0.00193503914805       -0.07670427501372
O           -2.36458679420536       -0.15121650299046       -1.24116395498463
C           -3.95075848506290       -0.42082345235165        0.55424798796794
H            4.51701491557913        0.60627370298659        0.43238614947028
H            3.74485463833631        1.32711391849502       -0.98738415237032
H            4.60931970955901       -0.23887051024846       -1.11112995131314
H            0.13703739390049       -0.80762589373504       -0.45000148973613
H            0.49459885609914       -0.56295476553465        1.27454384143276
H           -0.70093734830219        1.51534172228878       -0.64385727957959
H           -0.28223184998976        1.83064271292806        1.07340965528598
H           -4.17349031751040       -1.44435919937626        0.26658044272296
H           -4.74891931671274        0.21287013461113        0.17409369091569
H           -3.88426371077561       -0.32417450467254        1.63204554399203
20
 energy: -34.247776504756 gnorm: 0.000310561504 xtb: 6.7.1 (edcfbbe)
C            3.98177051971853        0.39306826241461       -0.48917833308412
C            2.72028681610846       -0.33444491069229       -0.14954337252225
O            2.61706223493398       -1.52909005519075        0.02910109360342
O            1.68522986175783        0.50199435488595       -0.04149514852994
C            0.42193218587754       -0.06287548100375        0.30111272481021
C           -0.59443325116288        1.07596200284361        0.35259044556179
O           -1.85767553427802        0.60064495196868        0.80847052510182
C           -2.66046703705508       -0.00238901583372       -0.07429246745197
O           -2.35820744533150       -0.16264472362085       -1.23698018230096
C           -3.95136455449135       -0.41935809663442        0.55436179417036
H            4.51567988241301        0.60383544495222        0.43521536177783
H            3.74610674267040        1.32868550106123       -0.98411581662407
H            4.60993519800157       -0.23753038637461       -1.11039119707543
H            0.13687715805068       -0.80553672005897       -0.45267188293617
H            0.49438876660595       -0.56439266743824        1.27242442116331
H           -0.70134130567337        1.51620034723104       -0.64329657775561
H           -0.28210802676305        1.83049555063574        1.07423656541282
H           -4.17589714671738       -1.44321554805730        0.26913523717427
H           -4.74672094978269        0.21539864222573        0.17017446321069
H           -3.88730634587851       -0.31928939877772        1.63196675865614
20
 energy: -34.247779246555 gnorm: 0.000614291718 xtb: 6.7.1 (edcfbbe)
C            3.98189292769309        0.39331535033606       -0.48804512286679
C            2.71940012447256       -0.33390088023812       -0.15100052515198
O            2.61464679343599       -1.52940601016204        0.02199531141216
O            1.68521199235855        0.50305617568088       -0.04052361864557
C            0.42159163954534       -0.06230959589243        0.29991752519538
C           -0.59468240360682        1.07660622760296        0.35283831599367
O           -1.85796299028211        0.60177613950095        0.80874357410914
C           -2.65829966673175       -0.00645153110307       -0.07244620025851
O           -2.35276021858787       -0.17379195507631       -1.23345948966326
C           -3.95173289853484       -0.41821133417996        0.55459159560150
H            4.51483697642234        0.60130262762431        0.43754678711134
H            3.74741664392300        1.33041670915626       -0.98086961038208
H            4.61020739850043       -0.23627506358690       -1.11018827658009
H            0.13686299284609       -0.80350896694218       -0.45547502961292
H            0.49337716096240       -0.56580017386517        1.27035310217882
H           -0.70158417371500        1.51758091537762       -0.64278563368427
H           -0.28194265403056        1.83049297422792        1.07496244090546
H           -4.17852400223937       -1.44223904485153        0.27175420334879
H           -4.74435501641992        0.21784901459215        0.16684237546618
H           -3.88985285700744       -0.31498352366520        1.63207268788518
20
 energy: -34.247781240166 gnorm: 0.000571359497 xtb: 6.7.1 (edcfbbe)
C            3.98208614642766        0.39344024607850       -0.48681880953995
C            2.71853167224185       -0.33372260890952       -0.15368903190863
O            2.61276824683314       -1.52968251091216        0.01511528520652
O            1.68519370374801        0.50381721491412       -0.03967995484183
C            0.42118528314670       -0.06175604912699        0.29896409342176
C           -0.59486517332099        1.07729087591850        0.35294189533400
O           -1.85853263465677        0.60337898863298        0.80878144790933
C           -2.65693298645823       -0.00918465786497       -0.07109011100509
O           -2.34836159460990       -0.18370045906532       -1.23029522064163
C           -3.95189538484608       -0.41753975805951        0.55492560715493
H            4.51361257482777        0.59889003097404        0.44015674517177
H            3.74931188439925        1.33195077571742       -0.97778882203961
H            4.61087934752118       -0.23521519310249       -1.10937783122160
H            0.13686275973451       -0.80160050099761       -0.45789318988747
H            0.49217860751887       -0.56685988459146        1.26860695383253
H           -0.70175857279529        1.51911926353024       -0.64230952048029
H           -0.28171854528032        1.83060566896690        1.07553563732319
H           -4.18073762307176       -1.44163932870752        0.27412677626064
H           -4.74227111060186        0.21960663886785        0.16433924790496
H           -3.89178883175364       -0.31168069772679        1.63227321440863
20
 energy: -34.247782835247 gnorm: 0.000230543631 xtb: 6.7.1 (edcfbbe)
C            3.98237268562609        0.39343052891264       -0.48536393460066
C            2.71780080692643       -0.33351674188834       -0.15605764355275
O            2.61058859636426       -1.53017195782938        0.00648344130239
O            1.68534231023388        0.50474355430135       -0.03806523242313
C            0.42060849936621       -0.06094685102820        0.29807447740932
C           -0.59507707466930        1.07830309697022        0.35258187601035
O           -1.85919069273652        0.60519910096645        0.80855859580981
C           -2.65525557872632       -0.01298990950931       -0.06964519518312
O           -2.34440062555278       -0.19353051318221       -1.22701611552950
C           -3.95195869218317       -0.41707921009328        0.55540169027207
H            4.51268370526517        0.59552455831326        0.44306659118985
H            3.75170009383518        1.33381747831204       -0.97376840164486
H            4.61141450863200       -0.23401817937164       -1.10887464055221
H            0.13709510947520       -0.79966829144748       -0.46009334015731
H            0.49031677656542       -0.56723058447310        1.26705794912600
H           -0.70187887591882        1.52075540868350       -0.64234360443907
H           -0.28168536503147        1.83130166830335        1.07546402661066
H           -4.18333735463637       -1.44099929422077        0.27635253232873
H           -4.73996903419184        0.22161515023618        0.16244107914115
H           -3.89342202963914       -0.30902095741912        1.63257026124443
20
 energy: -34.247783814191 gnorm: 0.000185179795 xtb: 6.7.1 (edcfbbe)
C            3.98241397982228        0.39335845672743       -0.48414314150173
C            2.71711814097814       -0.33361174580652       -0.15787360543992
O            2.60858988960143       -1.53089277942868       -0.00099724694354
O            1.68553811309387        0.50529315328813       -0.03592843682019
C            0.42015120620042       -0.06035822165966        0.29787449219384
C           -0.59521231485431        1.07919108733158        0.35199929380158
O           -1.85980473338367        0.60712266908543        0.80796220966085
C           -2.65433731890192       -0.01484688593562       -0.06908193721440
O           -2.34142589636239       -0.20050022735154       -1.22515599248941
C           -3.95173027117052       -0.41684587659281        0.55585675729037
H            4.51206100480388        0.59247424484604        0.44531813069253
H            3.75293856437816        1.33539689889901       -0.96997795250333
H            4.61154738012592       -0.23274220044087       -1.10894575862397
H            0.13756336392852       -0.79837685322973       -0.46129025370239
H            0.48828944856046       -0.56737220040749        1.26655748716847
H           -0.70160865662298        1.52176076418072       -0.64289343159668
H           -0.28167733669678        1.83214561436732        1.07488631141299
H           -4.18431469342649       -1.44077858971948        0.27797018131520
H           -4.73868016876356        0.22249608407280        0.16177756014030
H           -3.89367193230634       -0.30739533768988        1.63290974552159
20
 energy: -34.247785116208 gnorm: 0.000256488334 xtb: 6.7.1 (edcfbbe)
C            3.98247607790678        0.39304500105100       -0.48235294881466
C            2.71598724121837       -0.33382588588966       -0.16067747999097
O            2.60523242883074       -1.53195726217879       -0.01221742393116
O            1.68600937901032        0.50620684286219       -0.03237684183355
C            0.41974091926892       -0.05925985459294        0.29827132239306
C           -0.59543439780632        1.08054525979909        0.35074463217654
O           -1.86038559057560        0.60948261512057        0.80683058232420
C           -2.65327185708752       -0.01691864695116       -0.06857622170222
O           -2.33843673911560       -0.20779205376425       -1.22321337372325
C           -3.95118171476773       -0.41694311404634        0.55652105276270
H            4.51134217736032        0.58734405948384        0.44857531401824
H            3.75470491591795        1.33765696880946       -0.96401640895062
H            4.61148089259324       -0.23094832878456       -1.10939078438205
H            0.13874950357006       -0.79696339335581       -0.46176615032948
H            0.48556098734026       -0.56654617691829        1.26696319429670
H           -0.70139748178519        1.52229420855586       -0.64453914385592
H           -0.28199929286415        1.83407866543579        1.07309594460249
H           -4.18512288775810       -1.44080216165809        0.27953709488378
H           -4.73722723061567        0.22319300475091        0.16194903385938
H           -3.89307956163698       -0.30637169319265        1.63346301855895
20
 energy: -34.247787198298 gnorm: 0.000423648025 xtb: 6.7.1 (edcfbbe)
C            3.98264522577633        0.39223262656503       -0.47908792078628
C            2.71376883203231       -0.33426394931498       -0.16612672145872
O            2.59846873374960       -1.53397963306687       -0.03408764617470
O            1.68721651932614        0.50809678098930       -0.02484282758937
C            0.41923795807715       -0.05692577095003        0.29992216560284
C           -0.59594625452115        1.08309116078596        0.34802468459746
O           -1.86128389162376        0.61359909751715        0.80470203629523
C           -2.65150733738765       -0.02017337970481       -0.06788419950430
O           -2.33395068094204       -0.21881156772163       -1.22048548341308
C           -3.95000397808517       -0.41748080165208        0.55777605858375
H            4.51037987309176        0.57674140598321        0.45453502503819
H            3.75804788771278        1.34196868880717       -0.95220570015617
H            4.61102979881200       -0.22751364621016       -1.11094443902538
H            0.14157858381480       -0.79493481014520       -0.46103814715330
H            0.48045543934109       -0.56372613474809        1.26919179447961
H           -0.70114291295034        1.52206403744190       -0.64855281669051
H           -0.28296915080073        1.83857668648580        1.06853340779194
H           -4.18581393198981       -1.44112243549721        0.28167407758405
H           -4.73500132224302        0.22392128296851        0.16313428623971
H           -3.89146162218619       -0.30584158399682        1.63458677810117
20
 energy: -34.247788882442 gnorm: 0.000358065518 xtb: 6.7.1 (edcfbbe)
C            3.98275299945966        0.39128989897244       -0.47657091374766
C            2.71180113750964       -0.33454395192774       -0.17056433307927
O            2.59244491430016       -1.53531227303936       -0.05279576291669
O            1.68845020634574        0.50965817303073       -0.01763790167060
C            0.41905290037298       -0.05481361994893        0.30225303711316
C           -0.59640662821350        1.08522695400891        0.34538817807663
O           -1.86172411423602        0.61665658200971        0.80284247123092
C           -2.65029180678755       -0.02205639939760       -0.06753206090378
O           -2.33138779849589       -0.22521475383423       -1.21893980494422
C           -3.94879793526799       -0.41837439291873        0.55873652868765
H            4.50992879310084        0.56705188365195        0.45905477941684
H            3.76074133638454        1.34543910781824       -0.94194091136722
H            4.61023107583190       -0.22469087437919       -1.11295309069982
H            0.14457442656748       -0.79383281812964       -0.45890168458756
H            0.47614823483621       -0.56034839947406        1.27250187713246
H           -0.70113714817351        1.52086025794361       -0.65271634302627
H           -0.28405980697918        1.84310565979030        1.06364426212361
H           -4.18556518041473       -1.44181791473234        0.28270608171649
H           -4.73348099700170        0.22382147071917        0.16474340093851
H           -3.88952684013498       -0.30658653562711        1.63550660286898
20
 energy: -34.247790238215 gnorm: 0.000211293125 xtb: 6.7.1 (edcfbbe)
C            3.98280531479094        0.39067398169337       -0.47571771284703
C            2.71090709381642       -0.33468706485833       -0.17258974332912
O            2.58951377763414       -1.53577120438940       -0.06201186243626
O            1.68937638822809        0.51029201974998       -0.01317716261496
C            0.41928339570369       -0.05369631277527        0.30463194159497
C           -0.59662472636040        1.08609559348350        0.34386751747371
O           -1.86178202066793        0.61778194608529        0.80195026002681
C           -2.65017475693133       -0.02186323928307       -0.06776519299864
O           -2.33168238844352       -0.22485944754625       -1.21931808014645
C           -3.94810711306881       -0.41920748172950        0.55905201681942
H            4.51030620767184        0.56177898658808        0.46050434000496
H            3.76192959081822        1.34702189455745       -0.93689076547368
H            4.60930589610511       -0.22338207510130       -1.11482896912745
H            0.14667883905248       -0.79418580801338       -0.45577110273183
H            0.47416981815445       -0.55741179419775        1.27595569315523
H           -0.70118617921284        1.51882253538573       -0.65552446650751
H           -0.28488951650244        1.84608324672136        1.06014234983327
H           -4.18444053191530       -1.44255243500152        0.28229147405952
H           -4.73341263239979        0.22288637998203        0.16613520066815
H           -3.88822868746890       -0.30830166681489        1.63588867693906
20
 energy: -34.247791284556 gnorm: 0.000123726587 xtb: 6.7.1 (edcfbbe)
C            3.98287831672321        0.39033792383781       -0.47563383790207
C            2.71056838894161       -0.33479975918354       -0.17350681051209
O            2.58814407010298       -1.53619295936528       -0.06712885575597
O            1.69012014109172        0.51060980912144       -0.00995502757879
C            0.41970045497035       -0.05312121327061        0.30705708357851
C           -0.59669161781340        1.08633947124747        0.34293130557654
O           -1.86168128953553        0.61797029867156        0.80150841816359
C           -2.65057092768105       -0.02094447602997       -0.06826279994231
O           -2.33314523814740       -0.22224678495406       -1.22044816703829
C           -3.94778951938583       -0.41986981236063        0.55902494382868
H            4.51110702999156        0.55879987354454        0.46063782084203
H            3.76250873348763        1.34794529258019       -0.93439756502423
H            4.60842353240366       -0.22272551599030       -1.11661373383879
H            0.14840256354001       -0.79515232775076       -0.45232258484931
H            0.47337938770606       -0.55495413521520        1.27941448714684
H           -0.70122327564607        1.51662055430341       -0.65751726200626
H           -0.28566191574009        1.84819042134480        1.05751966649599
H           -4.18334382161746       -1.44321994851778        0.28153079962575
H           -4.73391019992377        0.22180443062238        0.16704370924172
H           -3.88746704446408       -0.30987308809936        1.63594282231061
20
 energy: -34.247792073320 gnorm: 0.000090541098 xtb: 6.7.1 (edcfbbe)
C            3.98294203785685        0.39012124931332       -0.47582303088222
C            2.71035151828542       -0.33487882179189       -0.17442647731399
O            2.58714308034622       -1.53654035515172       -0.07178586045842
O            1.69083519427290        0.51086701054863       -0.00688147694853
C            0.42020444412162       -0.05271967835856        0.30956743353881
C           -0.59675740074757        1.08632087344635        0.34230200133998
O           -1.86165500953768        0.61786962110161        0.80113128648137
C           -2.65094574908203       -0.02031028381291       -0.06883774580663
O           -2.33432146202819       -0.22029095673348       -1.22154205982404
C           -3.94769152958762       -0.42022390099146        0.55884061836768
H            4.51180240624697        0.55636636408571        0.46050770494082
H            3.76291837298743        1.34886729039704       -0.93245238957536
H            4.60770263661293       -0.22201316820450       -1.11847165424511
H            0.15015231350892       -0.79631650475587       -0.44873580517588
H            0.47281293970767       -0.55263616544778        1.28295875333321
H           -0.70107289735467        1.51438380160449       -0.65911787263497
H           -0.28655209866976        1.84989140398265        1.05542098693420
H           -4.18266733265450       -1.44361947997156        0.28100629788866
H           -4.73437936580626        0.22107516887037        0.16737113726954
H           -3.88707432947452       -0.31069541359432        1.63579256513305
20
 energy: -34.247792720656 gnorm: 0.000093828023 xtb: 6.7.1 (edcfbbe)
C            3.98293203641702        0.39007894159336       -0.47620998384804
C            2.71022761744234       -0.33493283577241       -0.17529129310209
O            2.58641106077324       -1.53683075296018       -0.07602810862743
O            1.69147247050204        0.51099174210572       -0.00407316681864
C            0.42079441063503       -0.05254772845079        0.31220701538686
C           -0.59676787605966        1.08605076936548        0.34188780642061
O           -1.86163678092936        0.61753552051222        0.80074107013447
C           -2.65133668077968       -0.01981054321583       -0.06946709856987
O           -2.33528217916427       -0.21874879252105       -1.22250258437175
C           -3.94777657868064       -0.42032503062587        0.55846918433225
H            4.51240732246445        0.55450262006483        0.46009891680153
H            3.76310106004636        1.34974594506865       -0.93099480230062
H            4.60702761787519       -0.22117875362928       -1.12032281549722
H            0.15182981155020       -0.79777088229503       -0.44489215799768
H            0.47269152555911       -0.55048024120347        1.28664236936371
H           -0.70074821690733        1.51212690740529       -0.66041393936656
H           -0.28744985229106        1.85116839487675        1.05373466707537
H           -4.18236691940995       -1.44381714183684        0.28065234160726
H           -4.73484153476189        0.22061128493072        0.16717200288299
H           -3.88694054527701       -0.31085136887616        1.63541498885702
20
 energy: -34.247793390160 gnorm: 0.000100255376 xtb: 6.7.1 (edcfbbe)
C            3.98284501973364        0.39019247382815       -0.47688778432225
C            2.71015227544601       -0.33502079456595       -0.17643814366128
O            2.58576594397408       -1.53715324418398       -0.08095153546413
O            1.69219463993808        0.51099708638258       -0.00089497987781
C            0.42154678497297       -0.05253110310634        0.31554285590512
C           -0.59671571162544        1.08553110792147        0.34167992887439
O           -1.86169694902725        0.61711273046376        0.80034059775526
C           -2.65170272254133       -0.01948010316805       -0.07019998955511
O           -2.33594768926708       -0.21766081604171       -1.22345687390429
C           -3.94805924764512       -0.42015355103279        0.55783082882491
H            4.51300464937515        0.55267888089603        0.45937932943057
H            3.76298847432149        1.35085405432867       -0.92959553809752
H            4.60628724951470       -0.21998369167798       -1.12266120033875
H            0.15371465842121       -0.79979089521614       -0.43995740522838
H            0.47283162366721       -0.54797927004649        1.29126845472392
H           -0.70004374501500        1.50929015785021       -0.66167530715719
H           -0.28851444372391        1.85242987149016        1.05210442193368
H           -4.18231585876090       -1.44381676301469        0.28036491332972
H           -4.73534349745014        0.22036209404908        0.16629429330313
H           -3.88724368530425       -0.31036017061987        1.63473754588816
20
 energy: -34.247793394283 gnorm: 0.000099577922 xtb: 6.7.1 (edcfbbe)
C            3.98284161926743        0.39020072719136       -0.47689338385595
C            2.71015818270299       -0.33503126474801       -0.17644252531320
O            2.58576065135558       -1.53714339424418       -0.08095771781367
O            1.69220363700254        0.51099521625339       -0.00089646601698
C            0.42153900023495       -0.05253293142512        0.31554916655516
C           -0.59672227187788        1.08552896450996        0.34168190439561
O           -1.86168448256437        0.61711156463155        0.80032380708346
C           -2.65171205295396       -0.01948337706484       -0.07023891659677
O           -2.33594982259921       -0.21765752593882       -1.22340541685766
C           -3.94805779812422       -0.42015180008163        0.55782613347550
H            4.51300522326585        0.55267894520292        0.45937603351999
H            3.76298593760712        1.35084980652914       -0.92959050825493
H            4.60628411467926       -0.21997672735887       -1.12266396587542
H            0.15371279261192       -0.79979812485361       -0.43994685194061
H            0.47284093691284       -0.54797764983230        1.29128393327163
H           -0.70003713408032        1.50928585573784       -0.66167203503932
H           -0.28851872873306        1.85242569032435        1.05210468345843
H           -4.18231817005075       -1.44381088385255        0.28036656069138
H           -4.73534009748093        0.22035978149222        0.16628960378425
H           -3.88724376817167       -0.31035481793669        1.63473037369126
