20
 energy: -27.121747680050 gnorm: 0.035418947868 xtb: 6.7.1 (edcfbbe)
C           -3.66847240955509       -0.71084055373815       -0.00473613160405
C           -2.22277113460257       -0.42247332999146       -0.39825600702487
C           -1.60260637217355        0.67960961807175        0.45975716121992
C           -0.18638507589524        1.03365271914636        0.06871986687520
O            0.65113123247940       -0.13845818985232        0.32692626818257
C            1.95325938116685       -0.02616037170238        0.01453025652083
O            2.44454137792698        0.99286536195336       -0.44626141882613
C            2.70384359772823       -1.29390257347194        0.26753486390499
H           -4.09879031996256       -1.50483287690622       -0.62321031778467
H           -3.73357491303423       -1.02901697427356        1.04177261259857
H           -4.29307404225630        0.18184955488018       -0.12155579700703
H           -1.62832567740172       -1.33902130639244       -0.30633720565270
H           -2.17688261711835       -0.12180522645338       -1.45301199485461
H           -2.19678430975087        1.59758865815364        0.36494521663239
H           -1.62783384462743        0.39563296291397        1.51961897890708
H           -0.11074661939307        1.28327328884265       -0.99500454412999
H            0.20244648397160        1.86850074050863        0.65960926453485
H            2.24991054636543       -1.87929933534154        1.06811222964631
H            3.74518812244940       -1.06548919855991        0.49709379024960
H            2.67763808347429       -1.89100600737935       -0.65145659182355
20
 energy: -27.122931709083 gnorm: 0.013525709741 xtb: 6.7.1 (edcfbbe)
C           -3.66192336660200       -0.70683025844692       -0.00309995804934
C           -2.22005879615797       -0.41982911747221       -0.39863089472961
C           -1.61286113816914        0.68337210624747        0.46447705129853
C           -0.18700368793528        1.01831470310501        0.06939162416921
O            0.65496384335890       -0.13587280154352        0.31940195411173
C            1.94731050740859       -0.02625149469938        0.00854135756608
O            2.43343092458739        0.99054183926255       -0.44493078315208
C            2.69965021228645       -1.29257798528570        0.26544833547469
H           -4.07955232787599       -1.49784901792458       -0.62379749911996
H           -3.72006849020052       -1.02381530264165        1.03772263230314
H           -4.27956286505913        0.18292628279595       -0.12286551617017
H           -1.62245854743584       -1.32931397090506       -0.29596910762025
H           -2.18204972838610       -0.11687060360368       -1.44932353814654
H           -2.20903209215070        1.59558364171533        0.36817919686952
H           -1.62913557210615        0.38150990113019        1.51504594382294
H           -0.10560024707558        1.26950647697360       -0.99233350797486
H            0.20825970933240        1.85283656740666        0.65495229774929
H            2.23448708477100       -1.86197999518344        1.06496754049550
H            3.73601283308589       -1.06257810786133        0.49835542860881
H            2.67690323411500       -1.89015590266144       -0.64674205694194
20
 energy: -27.123137874012 gnorm: 0.004228756915 xtb: 6.7.1 (edcfbbe)
C           -3.65897339041749       -0.70896916143137       -0.00328145682922
C           -2.21718400759673       -0.41902572063796       -0.39887764690043
C           -1.61069070417562        0.68238659162433        0.46784644835951
C           -0.18190057186612        1.01410459625284        0.06932567542460
O            0.65400287920360       -0.13222801579931        0.31498872872407
C            1.94033115692318       -0.02393056203681        0.00571153098220
O            2.42510421347464        0.99201679676406       -0.44828678526624
C            2.69136919193658       -1.29287175370372        0.26519491054549
H           -4.07282130035949       -1.49761447688956       -0.62525903864012
H           -3.71306890795615       -1.02539447876386        1.03492924436677
H           -4.27193266084788        0.18062817915957       -0.12268126425549
H           -1.61691846527987       -1.32393415823501       -0.29335976906280
H           -2.18207770054032       -0.11348567481699       -1.44671088673693
H           -2.20393497870493        1.59280747996917        0.37356802002352
H           -1.62130414864953        0.37090721313011        1.51311823949958
H           -0.10589589281487        1.26806707738476       -0.99249522810801
H            0.21370542371867        1.85217370713452        0.65126532220843
H            2.21831781678672       -1.85096255164674        1.06565272674034
H            3.72513312921714       -1.06173168014465        0.50076257620754
H            2.67045040773969       -1.89227644690553       -0.64262084671810
20
 energy: -27.123167332721 gnorm: 0.001517742533 xtb: 6.7.1 (edcfbbe)
C           -3.65639803812573       -0.71077671854815       -0.00317210166136
C           -2.21432532246887       -0.41856367671342       -0.39950357797571
C           -1.60894115926294        0.68204659356384        0.47024269183076
C           -0.18057786933611        1.01492618056633        0.06845623888271
O            0.65250470241246       -0.12945336939240        0.31189159894390
C            1.93769204181555       -0.02334679813228        0.00200654241167
O            2.42485243639920        0.99217237382819       -0.45275752366508
C            2.68676937035903       -1.29382859106457        0.26619518028968
H           -4.06932769609181       -1.49869803502565       -0.62673177351058
H           -3.70938833388415       -1.02916671929615        1.03456258459397
H           -4.26986077976476        0.17881042293396       -0.12096744500138
H           -1.61289359143204       -1.32278379756724       -0.29628288215488
H           -2.18029710894271       -0.11036732155301       -1.44640611853963
H           -2.20200100592614        1.59236830017413        0.38010084423482
H           -1.61586288799491        0.36648326157701        1.51405250256074
H           -0.11007593185708        1.27158502451141       -0.99374674832038
H            0.21391433334047        1.85552751856063        0.64862730756564
H            2.20904322529055       -1.84695416080307        1.06741113019799
H            3.72010419558558       -1.06358225459766        0.50455972015980
H            2.66678090967561       -1.89573127261405       -0.63974767027801
20
 energy: -27.123181302589 gnorm: 0.002043077134 xtb: 6.7.1 (edcfbbe)
C           -3.65262313083704       -0.71476111370881       -0.00330450859353
C           -2.21125175623065       -0.41646382592580       -0.40017321523901
C           -1.60621668204487        0.68190891957599        0.47331459861268
C           -0.17976998215260        1.01921606815621        0.06641701397548
O            0.65133837280331       -0.12329078923635        0.30808025804395
C            1.93686370462486       -0.02185257105857       -0.00137155091929
O            2.42853612416994        0.98989130855691       -0.46210353712703
C            2.68031974779266       -1.29552670477474        0.26848446426309
H           -4.06465864806597       -1.50172599942756       -0.62959388950811
H           -3.70354073013495       -1.03757422198073        1.03376217244838
H           -4.26895867781050        0.17409536413770       -0.11676240195078
H           -1.60748371854087       -1.32003085210356       -0.30262295900975
H           -2.17906689844945       -0.10334930947187       -1.44591258577663
H           -2.20197758780505        1.59124787955086        0.39113178899165
H           -1.60743127909987        0.36084453126379        1.51567592789628
H           -0.11651920824253        1.27846909809118       -0.99640388086566
H            0.21360484518434        1.86276614529109        0.64425571679523
H            2.19657119287265       -1.84238601589705        1.07085484911348
H            3.71398898571911       -1.06920285566806        0.51003286619087
H            2.65998681603867       -1.90160809496280       -0.63497062677660
20
 energy: -27.123186123094 gnorm: 0.001333526101 xtb: 6.7.1 (edcfbbe)
C           -3.65150386107120       -0.71572950689584       -0.00315376357498
C           -2.21098474574160       -0.41534991631564       -0.40047097200083
C           -1.60606723691650        0.68224438682751        0.47377749765410
C           -0.18027795521365        1.02087074123542        0.06602030911907
O            0.65143670616908       -0.12184579338459        0.30753541958191
C            1.93709235552606       -0.02219900661527       -0.00326007316149
O            2.42991129339087        0.98855195257297       -0.46433791107645
C            2.67908623444400       -1.29586438216835        0.26931394815731
H           -4.06300089637775       -1.50237667180578       -0.63022164962166
H           -3.70162208896934       -1.04015989630373        1.03348034159925
H           -4.26933776074669        0.17232032746226       -0.11495058195462
H           -1.60634728754847       -1.31865264277243       -0.30478489885728
H           -2.17974537897604       -0.10084381230457       -1.44592204267352
H           -2.20312569517496        1.59108893917804        0.39359617956183
H           -1.60591219796029        0.36010282111693        1.51589629304659
H           -0.11745351664184        1.27948983949422       -0.99687808174239
H            0.21338474787197        1.86438656603303        0.64353693816046
H            2.19426397640112       -1.84195598508638        1.07156246062847
H            3.71280457033526       -1.07062476742494        0.51168072504387
H            2.65911022699115       -1.90278623243501       -0.63362963732492
20
 energy: -27.123191987971 gnorm: 0.001098950145 xtb: 6.7.1 (edcfbbe)
C           -3.64807988112107       -0.71866346614229       -0.00251032014518
C           -2.21029146663314       -0.41199827752511       -0.40169965718756
C           -1.60596055708683        0.68360151227517        0.47456493638570
C           -0.18174334349080        1.02520757153824        0.06483442873184
O            0.65208776988335       -0.11768973550991        0.30852479279390
C            1.93809819523881       -0.02214083252626       -0.00471409575156
O            2.43238930516481        0.98442941978007       -0.47132871373832
C            2.67527597751190       -1.29690795259911        0.27133529087708
H           -4.05774823006432       -1.50432463631448       -0.63178564848073
H           -3.69518211459994       -1.04763020092544        1.03272058184958
H           -4.27009964014106        0.16692561016816       -0.10937965282328
H           -1.60271947900954       -1.31406092935105       -0.31116565264186
H           -2.18239782460373       -0.09344556700861       -1.44614905857821
H           -2.20619572810442        1.59108536659051        0.39939497651338
H           -1.60217503243348        0.35836724356190        1.51579449304851
H           -0.11854644199413        1.28073540149014       -0.99834053633599
H            0.21238669782432        1.86865216214416        0.64136669420041
H            2.18823066838579       -1.84097010070131        1.07335919997383
H            3.70943292446450       -1.07514811472403        0.51456069587709
H            2.65494969060017       -1.90535751381292       -0.63059225400392
20
 energy: -27.123194951867 gnorm: 0.000693330867 xtb: 6.7.1 (edcfbbe)
C           -3.64674758457665       -0.72026271063965       -0.00210973188508
C           -2.20980815825658       -0.41054530351729       -0.40265304124079
C           -1.60565239620918        0.68435273425044        0.47486315006058
C           -0.18145334692936        1.02627163245652        0.06502408468107
O            0.65182077696686       -0.11659061987949        0.30945322861016
C            1.93703295411418       -0.02257894044862       -0.00630862377911
O            2.43152180796076        0.98325880250385       -0.47454288349423
C            2.67353711222404       -1.29745654753545        0.27204132191627
H           -4.05601434738702       -1.50534055759371       -0.63231922124591
H           -3.69166270409597       -1.05109225954634        1.03256359006297
H           -4.26988232224120        0.16475193675022       -0.10653173437883
H           -1.60073673966687       -1.31170319389863       -0.31433342302366
H           -2.18378736095427       -0.09005658327925       -1.44646278415152
H           -2.20583495369358        1.59174685265779        0.40104692727278
H           -1.60105607180769        0.35736535314413        1.51542550323621
H           -0.11835021887083        1.28097600796061       -0.99836362593411
H            0.21250622026880        1.87024467812890        0.64092471566634
H            2.18491777294643       -1.83992555256283        1.07423049014330
H            3.70757647382367       -1.07607915190674        0.51617151377600
H            2.65378457617564       -1.90666961663662       -0.62932895572774
20
 energy: -27.123199027651 gnorm: 0.000417572945 xtb: 6.7.1 (edcfbbe)
C           -3.64477150295963       -0.72259772924507       -0.00111295324299
C           -2.20929404593632       -0.40823507666306       -0.40481696831379
C           -1.60570947830428        0.68590830737403        0.47455376816331
C           -0.18093404969727        1.02721149239516        0.06596268036556
O            0.65142482586825       -0.11543208959863        0.31302046474738
C            1.93535555227291       -0.02326861262017       -0.00671663745913
O            2.42901924232083        0.98093661491233       -0.48014708644568
C            2.67169889116965       -1.29839494438866        0.27284931588633
H           -4.05383702378498       -1.50672755958338       -0.63262096018707
H           -3.68570682954680       -1.05660357157296        1.03270139647739
H           -4.26993771695033        0.16147853934853       -0.10119355784354
H           -1.59770168248322       -1.30790962913846       -0.32016456940792
H           -2.18681980432598       -0.08481412882816       -1.44768921491818
H           -2.20494101448350        1.59366823305816        0.40133654444227
H           -1.60162500850683        0.35724746002810        1.51442200869442
H           -0.11657890956311        1.28068673973818       -0.99771057684439
H            0.21217763402909        1.87206636853389        0.64120093006200
H            2.18187907856663       -1.83923195297392        1.07538924619689
H            3.70562151335802       -1.07700784221943        0.51755385109927
H            2.65239181874804       -1.90831365814864       -0.62802718090742
20
 energy: -27.123203206233 gnorm: 0.000762247826 xtb: 6.7.1 (edcfbbe)
C           -3.64219621357816       -0.72583021778858        0.00021869015879
C           -2.20913982762123       -0.40486496653574       -0.40753021221200
C           -1.60605614972925        0.68814537999816        0.47376715671290
C           -0.18044357452003        1.02886005953377        0.06762275626765
O            0.65118119742051       -0.11359544881675        0.31790508362512
C            1.93361089089385       -0.02474514346215       -0.00805313650170
O            2.42652897299768        0.97673361486782       -0.48841981116341
C            2.66974483184282       -1.29964906295287        0.27407522784754
H           -4.05115599691522       -1.50863252505921       -0.63306241455915
H           -3.67784513994675       -1.06433429322920        1.03279933577259
H           -4.27048068840254        0.15675961766267       -0.09365583943636
H           -1.59415806281057       -1.30269344270186       -0.32809475699644
H           -2.19150107039361       -0.07760557589876       -1.44926298787948
H           -2.20454762218766        1.59632800644382        0.40080991699911
H           -1.60349638563429        0.35805510566567        1.51314514521023
H           -0.11376728437111        1.28088143277530       -0.99629194378122
H            0.21155773931341        1.87448491288845        0.64249445645995
H            2.17881124762296       -1.83917988415622        1.07682187870894
H            3.70340265471221       -1.07796365964885        0.51970850649037
H            2.65166197109813       -1.91048694917765       -0.62620655115871
20
 energy: -27.123207840251 gnorm: 0.000716529722 xtb: 6.7.1 (edcfbbe)
C           -3.63881995610658       -0.72942405472652        0.00185741494424
C           -2.20889706615514       -0.40094191304518       -0.41071553405473
C           -1.60676514460212        0.69074689520309        0.47281482115090
C           -0.18015928351886        1.03091568939018        0.06975107985642
O            0.65093508215897       -0.11118368891523        0.32329706627829
C            1.93176045813367       -0.02678957733489       -0.01019478660649
O            2.42389675522395        0.97067065480830       -0.49968856195963
C            2.66746715389347       -1.30111108706302        0.27568099108117
H           -4.04762301341564       -1.51043528805589       -0.63371485350519
H           -3.66851049173728       -1.07366079978554        1.03274974266963
H           -4.27109535514292        0.15112179732180       -0.08437735119450
H           -1.59002984894463       -1.29669608444244       -0.33755789021724
H           -2.19691952422316       -0.06927393616254       -1.45116241078066
H           -2.20458563790093        1.59943486162310        0.39986835817930
H           -1.60624764871321        0.35958148703217        1.51192905137732
H           -0.11061323481597        1.28210671829050       -0.99421574249558
H            0.21025648461276        1.87704682314365        0.64496172774580
H            2.17539902904161       -1.83945255365543        1.07854317297977
H            3.70064616534421       -1.07868669846662        0.52270549993619
H            2.65161656665898       -1.91330228475165       -0.62374129482028
20
 energy: -27.123212018253 gnorm: 0.000442084637 xtb: 6.7.1 (edcfbbe)
C           -3.63502675398184       -0.73373328131019        0.00338447820973
C           -2.20868824180269       -0.39649056354545       -0.41383310019810
C           -1.60740303689732        0.69364323478638        0.47188875335795
C           -0.17980598451778        1.03383303891530        0.07228752030015
O            0.65076704903728       -0.10802543824695        0.32868232610130
C            1.92980741852730       -0.02930376386377       -0.01364382276969
O            2.42108179125408        0.96277419110835       -0.51467046091653
C            2.66469169771118       -1.30270734021476        0.27770981032331
H           -4.04383174396223       -1.51240788905889       -0.63511878808849
H           -3.65808419851622       -1.08475719330621        1.03218921517406
H           -4.27151723813054        0.14462832754040       -0.07387456061925
H           -1.58553437801351       -1.28989429329167       -0.34766038375884
H           -2.20271277295520       -0.05991471884391       -1.45279685532059
H           -2.20501127619281        1.60261890910364        0.39922012695782
H           -1.60898470726521        0.36122329667394        1.51069245434000
H           -0.10729538021845        1.28488386340040       -0.99149739605200
H            0.20895804478681        1.88002422277650        0.64853803684553
H            2.17092816856389       -1.83935775994744        1.08064815744928
H            3.69715560342325       -1.07925444933109        0.52693749657058
H            2.65221742894118       -1.91711543293680       -0.62029250734150
20
 energy: -27.123214443994 gnorm: 0.000283305761 xtb: 6.7.1 (edcfbbe)
C           -3.63145963724012       -0.73689938976092        0.00452994753041
C           -2.20791261548247       -0.39304540530970       -0.41636620349088
C           -1.60794308041049        0.69578205710498        0.47178696386066
C           -0.17981609042949        1.03635599584246        0.07429975393917
O            0.65052203987284       -0.10526904433028        0.33249605692556
C            1.92784989864646       -0.03157839211144       -0.01768824560876
O            2.41819511727860        0.95560760780034       -0.52895430040027
C            2.66203630273498       -1.30391538610907        0.27955875965411
H           -4.04012624285092       -1.51323860831511       -0.63685731176273
H           -3.64962477595627       -1.09404939923116        1.03132079010413
H           -4.27133361980344        0.13961938842115       -0.06522611054249
H           -1.58146731897978       -1.28458823304934       -0.35564300531777
H           -2.20650074422757       -0.05253739606543       -1.45411396471403
H           -2.20558942232288        1.60488309710939        0.39987227785882
H           -1.61050664834754        0.36201102112520        1.51023905445035
H           -0.10532307316615        1.28777689638456       -0.98924854689727
H            0.20761956434072        1.88240393057029        0.65165037416181
H            2.16620625240501       -1.83852076562103        1.08258047881631
H            3.69367086655408       -1.07932258106551        0.53134616730589
H            2.65321471717561       -1.92080843298157       -0.61679243530829
20
 energy: -27.123215995361 gnorm: 0.000332477902 xtb: 6.7.1 (edcfbbe)
C           -3.62820926977895       -0.74032987807080        0.00516993995882
C           -2.20723822429138       -0.38958641894617       -0.41834058611625
C           -1.60809078041129        0.69781944257804        0.47195101883696
C           -0.17957602673525        1.03928682898309        0.07652214778158
O            0.65053477699275       -0.10213362877516        0.33649390118404
C            1.92580131090068       -0.03389022316370       -0.02238833898963
O            2.41481847786096        0.94774632190270       -0.54544814756773
C            2.65924780403725       -1.30501422890298        0.28155271524159
H           -4.03699294685143       -1.51390420155182       -0.63951981008041
H           -3.64148243230914       -1.10385451176395        1.02977892749058
H           -4.27080106287467        0.13473642058396       -0.05674707295054
H           -1.57760998406142       -1.27923159437907       -0.36293349318605
H           -2.20992927936790       -0.04503308588057       -1.45473580456595
H           -2.20614294042300        1.60676694861351        0.40135386439249
H           -1.61124200400587        0.36211672418600        1.50978289572461
H           -0.10341056968630        1.29086243169306       -0.98682178175452
H            0.20668168922533        1.88523655590118        0.65481344818961
H            2.16096279299793       -1.83695280526637        1.08479593334527
H            3.68989350953785       -1.07903661375160        0.53622545809037
H            2.65449664903504       -1.92493752358154       -0.61271471446010
20
 energy: -27.123216735718 gnorm: 0.000176373197 xtb: 6.7.1 (edcfbbe)
C           -3.62658815428717       -0.74160466436610        0.00527975301898
C           -2.20663152854335       -0.38800866681174       -0.41928438662972
C           -1.60810102463420        0.69847931871021        0.47263468676929
C           -0.17960505575297        1.04060670184191        0.07768538965454
O            0.65068326333692       -0.10046659937478        0.33879048364059
C            1.92448376971383       -0.03520703529372       -0.02545434963934
O            2.41233437459499        0.94326673663090       -0.55528444697216
C            2.65792953797992       -1.30535706071735        0.28265415446173
H           -4.03548523524129       -1.51336236569351       -0.64148548707387
H           -3.63791933491539       -1.10872577624871        1.02859410664684
H           -4.27018350941169        0.13293783026694       -0.05266516471501
H           -1.57573487400255       -1.27686026299835       -0.36625847577309
H           -2.21093690387025       -0.04145147624386       -1.45499768907229
H           -2.20641624925295        1.60730134044376        0.40317040540112
H           -1.61104125762496        0.36143073440724        1.51002153072584
H           -0.10284585438015        1.29191918364182       -0.98566271297149
H            0.20596745356009        1.88677859270328        0.65608559372153
H            2.15815378398863       -1.83553813406253        1.08611009528660
H            3.68790948808560       -1.07826673087467        0.53910623113770
H            2.65573880044813       -1.92720470555294       -0.61024921705307
20
 energy: -27.123217566795 gnorm: 0.000140872571 xtb: 6.7.1 (edcfbbe)
C           -3.62547671648241       -0.74240803835684        0.00492231141649
C           -2.20608091518684       -0.38672779150551       -0.41984232515591
C           -1.60798272310083        0.69871001222663        0.47372029845339
C           -0.17961183223055        1.04173571425053        0.07911834779142
O            0.65125542189948       -0.09858528887244        0.34208086943596
C            1.92317069270191       -0.03654064419953       -0.02884986356160
O            2.40923834925034        0.93828188514601       -0.56705945509097
C            2.65702484361264       -1.30540512897221        0.28385314132265
H           -4.03470267279807       -1.51197058937955       -0.64421870759600
H           -3.63548410617074       -1.11326183515357        1.02685061485604
H           -4.26943009572679        0.13206379381668       -0.04916358225431
H           -1.57435003204707       -1.27507881556836       -0.36885997999151
H           -2.21133783777696       -0.03817944470725       -1.45486005403009
H           -2.20668594204832        1.60734000844078        0.40579944558560
H           -1.61042147596851        0.35992964140219        1.51050588005207
H           -0.10235044940914        1.29204141048880       -0.98441144428412
H            0.20511454444057        1.88858108799481        0.65704505124663
H            2.15594309413084       -1.83373538806491        1.08767713955969
H            3.68625036886065       -1.07674145968943        0.54198039630187
H            2.65762897384097       -1.92938216888901       -0.60749758349258
20
 energy: -27.123218580764 gnorm: 0.000213699911 xtb: 6.7.1 (edcfbbe)
C           -3.62515917739461       -0.74240995640562        0.00401004143299
C           -2.20565094736727       -0.38593892787264       -0.41991866611634
C           -1.60769957147602        0.69824280297085        0.47534069692918
C           -0.17959058376481        1.04243661320249        0.08084350019744
O            0.65233091639398       -0.09660719259301        0.34635642021640
C            1.92190000941860       -0.03793020661692       -0.03252326808708
O            2.40539920916051        0.93281367429021       -0.58029569943734
C            2.65690093631053       -1.30501949340363        0.28496483035025
H           -4.03497900670277       -1.50952884679334       -0.64763137343830
H           -3.63506208468589       -1.11665699736731        1.02465493374797
H           -4.26849003740712        0.13263791197027       -0.04702347389337
H           -1.57394240987447       -1.27431939046348       -0.37003333206324
H           -2.21065899153470       -0.03589484060244       -1.45440721419557
H           -2.20686474644298        1.60662205263355        0.40917206778316
H           -1.60944559082812        0.35763291864244        1.51147821997927
H           -0.10193917345491        1.29097359661739       -0.98306648105256
H            0.20391592634006        1.89057261915841        0.65764061584092
H            2.15478306645684       -1.83161859795666        1.08924859934599
H            3.68524272135949       -1.07413525058375        0.54476142419311
H            2.66072102528481       -1.93120552841901       -0.60478134116815
20
 energy: -27.123219625210 gnorm: 0.000295676513 xtb: 6.7.1 (edcfbbe)
C           -3.62579300422171       -0.74133564348079        0.00268340508426
C           -2.20535151572814       -0.38613881228498       -0.41934893518968
C           -1.60749664760055        0.69718954782003        0.47703393557353
C           -0.17961262335473        1.04237186858867        0.08259220911826
O            0.65365529384137       -0.09512524966564        0.35061062150508
C            1.92109272975324       -0.03898665223088       -0.03553669340522
O            2.40184020053919        0.92833938258462       -0.59188091567762
C            2.65771815717339       -1.30426252987419        0.28569358488789
H           -4.03609449573945       -1.50673268397172       -0.65066050694207
H           -3.63708520376226       -1.11734509613728        1.02264385729760
H           -4.26784496117610        0.13471810354084       -0.04740604103014
H           -1.57452310821486       -1.27517422339435       -0.36927579821723
H           -2.20890870085629       -0.03548935341084       -1.45364520545540
H           -2.20701904914792        1.60541051143365        0.41217848326449
H           -1.60869576782202        0.35526248592557        1.51271262905833
H           -0.10171234554492        1.28904442530805       -0.98174166713771
H            0.20257692480338        1.89199003367447        0.65805272605119
H            2.15543454212423       -1.82990698216118        1.09048278458034
H            3.68530773738249       -1.07102591654900        0.54642816021783
H            2.66422332734284       -1.93213625530725       -0.60282613301901
20
 energy: -27.123220924205 gnorm: 0.000371007649 xtb: 6.7.1 (edcfbbe)
C           -3.62744434737109       -0.73908108771454        0.00040911765017
C           -2.20517314660224       -0.38687307247049       -0.41819354935636
C           -1.60724222026515        0.69516482370481        0.47964682414212
C           -0.17955932547410        1.04172853192434        0.08565236325817
O            0.65590280934934       -0.09326315005159        0.35734335792169
C            1.92003175082482       -0.04071895927619       -0.04006365419239
O            2.39606708719046        0.92145725611394       -0.60943008610188
C            2.65981932334727       -1.30281389640857        0.28645234768498
H           -4.03839270787404       -1.50250570363192       -0.65482635229609
H           -3.64207329645245       -1.11628095899276        1.01989838743577
H           -4.26695667688219        0.13881583058007       -0.05008270857003
H           -1.57643686933435       -1.27732696373174       -0.36666963575363
H           -2.20549063519490       -0.03621375742518       -1.45252401246385
H           -2.20710988891412        1.60322919360377        0.41601193131878
H           -1.60822754983126        0.35192602593105        1.51488151435341
H           -0.10102779653674        1.28591178074097       -0.97923398895338
H            0.20035326018094        1.89351033011499        0.65939681809623
H            2.15780892493872       -1.82749916054327        1.09202828371528
H            3.68620019614196       -1.06543163214666        0.54846297991828
H            2.67066259855031       -1.93306846991324       -0.60036943724255
20
 energy: -27.123221665955 gnorm: 0.000350859105 xtb: 6.7.1 (edcfbbe)
C           -3.62899394364509       -0.73684646473839       -0.00170388026010
C           -2.20493594395619       -0.38789212977564       -0.41697565611508
C           -1.60718182128725        0.69344808177156        0.48174273101130
C           -0.17947595072795        1.04105864339414        0.08867058981959
O            0.65782465408189       -0.09188350522059        0.36288292072766
C            1.91906846600338       -0.04243467472071       -0.04427014343208
O            2.39074193620881        0.91518490632405       -0.62490379621484
C            2.66185924801803       -1.30151974818828        0.28692424281504
H           -4.04014549755138       -1.49945124736598       -0.65776328221902
H           -3.64681349115943       -1.11386144635312        1.01783219233984
H           -4.26655081252422        0.14247743818698       -0.05373841416676
H           -1.57806591213217       -1.27968152002856       -0.36399716910839
H           -2.20234199896212       -0.03744876127590       -1.45141659760464
H           -2.20720325583607        1.60150830781203        0.41866734916665
H           -1.60846130745653        0.34945515739328        1.51674029153180
H           -0.10018074724161        1.28393241224521       -0.97646596629563
H            0.19837400295300        1.89426844381135        0.66166729774588
H            2.16022739240904       -1.82560740464639        1.09311623134217
H            3.68705750334209       -1.06019692748377        0.55017127213639
H            2.67690896925498       -1.93384260073347       -0.59838971265505
20
 energy: -27.123221466040 gnorm: 0.000662859047 xtb: 6.7.1 (edcfbbe)
C           -3.63061467593571       -0.73449109992852       -0.00393656581588
C           -2.20467337620830       -0.38896668361121       -0.41568783708083
C           -1.60712335797501        0.69164268250298        0.48396010958905
C           -0.17939038445199        1.04036434927658        0.09187872719990
O            0.65985185599794       -0.09042161392770        0.36872964790339
C            1.91803937765951       -0.04425962292702       -0.04873251154217
O            2.38509408935549        0.90852618502140       -0.64128337845037
C            2.66400169998571       -1.30015794648091        0.28740834912595
H           -4.04195319758719       -1.49627535555100       -0.66082855722292
H           -3.65183807677440       -1.11123942776936        1.01567121239814
H           -4.26610913383540        0.14632413865042       -0.05768570793779
H           -1.57978224674717       -1.28216229661431       -0.36112472717480
H           -2.19897410629110       -0.03878855312125       -1.45025563707475
H           -2.20731317992975        1.59969143314277        0.42144128360386
H           -1.60873415580174        0.34687812120303        1.51871524464831
H           -0.09927453482551        1.28188978270432       -0.97351261067123
H            0.19628075095137        1.89505669792392        0.66412214252471
H            2.16275866261839       -1.82362062719827        1.09423794498640
H            3.68794152215155       -1.05466211499011        0.55198454032573
H            2.68352395743454       -1.93466108789798       -0.59631116876998
20
 energy: -27.123222277954 gnorm: 0.000234906077 xtb: 6.7.1 (edcfbbe)
C           -3.62993364426013       -0.73493036702731       -0.00383821074396
C           -2.20430760583879       -0.38874783356713       -0.41573428566041
C           -1.60723108240892        0.69204131326102        0.48399619286986
C           -0.17946401963609        1.04085907440028        0.09211611313004
O            0.65966343869669       -0.09023007244719        0.36837159244504
C            1.91782463108574       -0.04436870893817       -0.04872807436392
O            2.38483943235138        0.90792949341912       -0.64125877658344
C            2.66339407295622       -1.30041506495523        0.28708099249501
H           -4.04051236242986       -1.49776304698280       -0.66002812437902
H           -3.65165401011218       -1.11031378185455        1.01628500197006
H           -4.26576828055740        0.14543343323380       -0.05919583598177
H           -1.57932390943091       -1.28166469540296       -0.36031981575421
H           -2.19821654820582       -0.03928458814007       -1.45053487527906
H           -2.20762565544379        1.59988356317102        0.42064265544116
H           -1.60925690909127        0.34790357481515        1.51900909813822
H           -0.09918410038041        1.28315214069141       -0.97307582645718
H            0.19636719689644        1.89497829112508        0.66510981158073
H            2.16191012106613       -1.82389037186293        1.09369812639784
H            3.68728291427108       -1.05517097225186        0.55184172509688
H            2.68290781026310       -1.93473442027889       -0.59664698379714
20
 energy: -27.123222985375 gnorm: 0.000378511444 xtb: 6.7.1 (edcfbbe)
C           -3.62927383538031       -0.73536364541610       -0.00395401126369
C           -2.20359940923961       -0.38895480634453       -0.41532550960331
C           -1.60738814204127        0.69274654461237        0.48388945341296
C           -0.17948370977814        1.04162170438277        0.09264363459172
O            0.65929359607406       -0.09004662155973        0.36791164789353
C            1.91738524476486       -0.04461422306995       -0.04929374940672
O            2.38472148041733        0.90766098133082       -0.64141500439537
C            2.66253976063796       -1.30084683492649        0.28663260835529
H           -4.03873416649421       -1.49987478425593       -0.65892617887739
H           -3.65141046788258       -1.10877155731948        1.01687240364718
H           -4.26585159448906        0.14431900650863       -0.06148813305306
H           -1.57823212912150       -1.28152961480391       -0.35907547506174
H           -2.19718299250086       -0.04013572629761       -1.45030218776504
H           -2.20797498081099        1.60041114018150        0.41950346714207
H           -1.61001307523731        0.34935169423899        1.51913988303936
H           -0.09899379199733        1.28494726158475       -0.97227584652129
H            0.19656597152551        1.89498506111366        0.66662614167670
H            2.16067389875288       -1.82445941096303        1.09292389710737
H            3.68633530637001       -1.05581651977367        0.55188281045841
H            2.68233452622177       -1.93496268881524       -0.59717935081222
20
 energy: -27.123224255939 gnorm: 0.000233277002 xtb: 6.7.1 (edcfbbe)
C           -3.62785321234633       -0.73633124348618       -0.00424786725639
C           -2.20194512750091       -0.38949085915935       -0.41439573541419
C           -1.60782514227071        0.69435709209808        0.48366131193453
C           -0.17952171924738        1.04321450067441        0.09398764031877
O            0.65847329647061       -0.08957769184739        0.36749037643294
C            1.91654770718785       -0.04481500184215       -0.04989303718025
O            2.38445729388944        0.90727196371745       -0.64208000601660
C            2.66065720382958       -1.30191072331204        0.28538444254552
H           -4.03458573170117       -1.50496067667615       -0.65614566642443
H           -3.65126724874428       -1.10467972321966        1.01841144541870
H           -4.26605919431496        0.14182641868141       -0.06743108733015
H           -1.57579009721717       -1.28138095116247       -0.35577161146441
H           -2.19452125700189       -0.04244318677859       -1.44996090183915
H           -2.20872908395363        1.60163481963879        0.41653432562527
H           -1.61206293576874        0.35292974984127        1.51955405640879
H           -0.09821956328211        1.28888924018674       -0.97031691229567
H            0.19671586399863        1.89497062322927        0.67022111681823
H            2.15796461896804       -1.82585062094558        1.09097201669901
H            3.68436193351607       -1.05754044971659        0.55166763037350
H            2.68091388528026       -1.93544631951348       -0.59885103678930
20
 energy: -27.123225014701 gnorm: 0.000142775228 xtb: 6.7.1 (edcfbbe)
C           -3.62653687513201       -0.73730180620897       -0.00459997116256
C           -2.20031865098788       -0.38998299253716       -0.41337907992228
C           -1.60823167834016        0.69595872269418        0.48352616267182
C           -0.17945366768603        1.04472181977828        0.09545476494479
O            0.65776677070099       -0.08885766697176        0.36793387898489
C            1.91550851734710       -0.04515440070983       -0.05063820367159
O            2.38412533690875        0.90697751951586       -0.64238745499350
C            2.65887032528367       -1.30289080036443        0.28407476250026
H           -4.03066840181577       -1.50956065308801       -0.65379414158542
H           -3.65140254583403       -1.10101424911187        1.01970119089851
H           -4.26603331683255        0.13953567475492       -0.07307488954474
H           -1.57354752612035       -1.28129355860222       -0.35210799059866
H           -2.19164948856021       -0.04497236437846       -1.44964706815034
H           -2.20938965482644        1.60285145582641        0.41364426535032
H           -1.61406019078498        0.35648778846141        1.52004738417711
H           -0.09724486390853        1.29176962402949       -0.96845972844692
H            0.19667741023747        1.89555901120991        0.67310591647155
H            2.15526301115722       -1.82724573033977        1.08882774192047
H            3.68255179564272       -1.05935410347695        0.55136209124110
H            2.67948518334223       -1.93556633007320       -0.60079913052010
20
 energy: -27.123225507507 gnorm: 0.000111389935 xtb: 6.7.1 (edcfbbe)
C           -3.62564142599088       -0.73787262719366       -0.00494948531422
C           -2.19906059630491       -0.39052954489217       -0.41250301529887
C           -1.60851874284362        0.69705400698508        0.48340570563707
C           -0.17939811251175        1.04574073377756        0.09643119344067
O            0.65752590962463       -0.08790442798955        0.36920825329640
C            1.91497663239116       -0.04500060978220       -0.05028900013037
O            2.38370285458037        0.90666792531015       -0.64269546831262
C            2.65754595325423       -1.30356788418487        0.28309078036510
H           -4.02806363502850       -1.51228668430573       -0.65258083471477
H           -3.65158647264014       -1.09880972788948        1.02027302314203
H           -4.26587810970556        0.13814695742656       -0.07670002980138
H           -1.57189482197305       -1.28144491035180       -0.34925168301961
H           -2.18940521007872       -0.04701779900819       -1.44924504929993
H           -2.20988410787658        1.60365588590919        0.41157692552271
H           -1.61541373462999        0.35900657145372        1.52037033064303
H           -0.09641972934158        1.29303990438470       -0.96737194936223
H            0.19630176754051        1.89646063390161        0.67452800816998
H            2.15358685531902       -1.82841257501431        1.08729423774757
H            3.68135563994618       -1.06092541360361        0.55064764944297
H            2.67788057606038       -1.93533345452517       -0.60244909158880
20
 energy: -27.123225931453 gnorm: 0.000079708831 xtb: 6.7.1 (edcfbbe)
C           -3.62476624391989       -0.73838473836905       -0.00531297592235
C           -2.19784512398302       -0.39101751742588       -0.41167256718068
C           -1.60873128326912        0.69795845119424        0.48346838635035
C           -0.17937384413989        1.04672641182845        0.09735579030815
O            0.65743843407602       -0.08673593775140        0.37091366080547
C            1.91440537491318       -0.04491047520780       -0.05015000978533
O            2.38318619038997        0.90630959734037       -0.64325888949058
C            2.65628440904067       -1.30414292003321        0.28225393026283
H           -4.02588331529388       -1.51416924722890       -0.65208097625246
H           -3.65193736979173       -1.09745557106979        1.02052359051282
H           -4.26531328446985        0.13716039079837       -0.07956150938369
H           -1.57047298079806       -1.28161639657194       -0.34626633721415
H           -2.18698650948040       -0.04907667856349       -1.44893028126969
H           -2.21036588890784        1.60422073029610        0.40984246271310
H           -1.61650352339502        0.36126980789758        1.52087378231886
H           -0.09572474483255        1.29362763111505       -0.96650413271164
H            0.19573153314153        1.89778530092807        0.67534936750659
H            2.15207579785173       -1.82952919336122        1.08594509222331
H            3.68024935102612       -1.06238138558492        0.54997486386091
H            2.67624451163323       -1.93497129982281       -0.60397274708710
20
 energy: -27.123226278958 gnorm: 0.000061999821 xtb: 6.7.1 (edcfbbe)
C           -3.62368655610042       -0.73900915049619       -0.00591643891573
C           -2.19621403499937       -0.39177465033680       -0.41042999279554
C           -1.60897546089637        0.69909967606024        0.48364221720397
C           -0.17937763274473        1.04810788598714        0.09856804468046
O            0.65741539605817       -0.08507730645339        0.37317787912953
C            1.91367150555443       -0.04485043974992       -0.05017856064344
O            2.38238003663160        0.90548516060854       -0.64471946351988
C            2.65470487546350       -1.30480572421278        0.28123511670224
H           -4.02337994801189       -1.51608252577813       -0.65203992774259
H           -3.65250370752761       -1.09628938424964        1.02051034908606
H           -4.26439965194841        0.13618600677819       -0.08284073499708
H           -1.56864327926933       -1.28201865885398       -0.34217468065561
H           -2.18363813432132       -0.05187264666334       -1.44834323508117
H           -2.21111451925441        1.60484654833116        0.40782590021440
H           -1.61775351043469        0.36406967050694        1.52157721186351
H           -0.09491329855312        1.29446259929917       -0.96537148607216
H            0.19499258150483        1.89959361832988        0.67640471137492
H            2.15009561229220       -1.83054978041294        1.08441975710879
H            3.67889112537150       -1.06416216458013        0.54914013804239
H            2.67416009097665       -1.93469177370620       -0.60569630441834
20
 energy: -27.123226467347 gnorm: 0.000060945643 xtb: 6.7.1 (edcfbbe)
C           -3.62268772127445       -0.73946696449008       -0.00652750937546
C           -2.19465526037554       -0.39253090080198       -0.40927808578566
C           -1.60918111846973        0.70003144159479        0.48389873296559
C           -0.17941961859000        1.04939005041569        0.09975062407206
O            0.65739134274740       -0.08363568945098        0.37498174926253
C            1.91290957391164       -0.04491330072756       -0.05068782255683
O            2.38140893623734        0.90444877729392       -0.64694974531522
C            2.65326213292946       -1.30534034016852        0.28040789941089
H           -4.02118378955449       -1.51745208508397       -0.65228649294547
H           -3.65310990712170       -1.09543842158147        1.02030448688301
H           -4.26346842548516        0.13547994322459       -0.08562164214244
H           -1.56694863398795       -1.28246806313431       -0.33836409518917
H           -2.18039162320465       -0.05448236181132       -1.44777809967459
H           -2.21182087391340        1.60527607479416        0.40611725180421
H           -1.61885103895674        0.36649256023440        1.52230764408603
H           -0.09427997692171        1.29558831962785       -0.96417760594687
H            0.19433205885327        1.90104125277411        0.67773377763848
H            2.14833831485496       -1.83117229338010        1.08333662673363
H            3.67756051441065       -1.06540392520372        0.54846623245806
H            2.67250660370201       -1.93477711371768       -0.60684342581804
20
 energy: -27.123226625356 gnorm: 0.000047127647 xtb: 6.7.1 (edcfbbe)
C           -3.62199924023979       -0.73979292767467       -0.00709960644215
C           -2.19349754370458       -0.39312029386152       -0.40834298886074
C           -1.60931855540479        0.70067733139454        0.48417203027394
C           -0.17944229214459        1.05038667360927        0.10078097165477
O            0.65741351814017       -0.08258674013918        0.37619155467280
C            1.91226260855663       -0.04511575285858       -0.05152144175942
O            2.38041211595762        0.90322217839820       -0.64967652289175
C            2.65227568130857       -1.30566279308948        0.27986840500814
H           -4.01973845433963       -1.51823016685110       -0.65279440454800
H           -3.65366087596860       -1.09502834365957        1.01994984033938
H           -4.26264348313116        0.13512233361801       -0.08759238011869
H           -1.56578123780400       -1.28287926938347       -0.33544006415804
H           -2.17786066696532       -0.05641930330065       -1.44725481738528
H           -2.21237409701868        1.60552041385178        0.40496337080409
H           -1.61967275325597        0.36818490701419        1.52290378674242
H           -0.09382546144943        1.29679820801244       -0.96305557397748
H            0.19389018605922        1.90195065025776        0.67915113453616
H            2.14712001420656       -1.83119606371740        1.08284297728364
H            3.67660167440344       -1.06594729963145        0.54804132524573
H            2.67155035258554       -1.93521678158131       -0.60729709585481
20
 energy: -27.123226806333 gnorm: 0.000040892327 xtb: 6.7.1 (edcfbbe)
C           -3.62167337311518       -0.73980784600964       -0.00748407612522
C           -2.19283678655950       -0.39350957522309       -0.40784644895762
C           -1.60940093955444        0.70087376396997        0.48443749194699
C           -0.17948613177894        1.05090379888020        0.10150369600137
O            0.65749306669854       -0.08205493921541        0.37674462681738
C            1.91178886701847       -0.04543897732311       -0.05259193379956
O            2.37947544776542        0.90198290817342       -0.65254732877075
C            2.65187368502217       -1.30572153669170        0.27970005529877
H           -4.01920439870571       -1.51810653079585       -0.65347057673715
H           -3.65407903203767       -1.09511432867225        1.01951401713497
H           -4.26206916518590        0.13525899274840       -0.08832142861533
H           -1.56521538868341       -1.28323909508826       -0.33386360050100
H           -2.17634219654593       -0.05748352373238       -1.44695779410410
H           -2.21270313632725        1.60548896496228        0.40450597860904
H           -1.62013446881266        0.36888461172616        1.52332163835017
H           -0.09360209683073        1.29780719886064       -0.96219009505061
H            0.19357703046956        1.90220962103465        0.68041621800582
H            2.14656743851880       -1.83076877109797        1.08290127613554
H            3.67607586091723       -1.06565807892203        0.54806220508729
H            2.67160720751835       -1.93583969717621       -0.60704342016127
20
 energy: -27.123227053039 gnorm: 0.000061428755 xtb: 6.7.1 (edcfbbe)
C           -3.62146561186932       -0.73976118435138       -0.00807886394968
C           -2.19219372033508       -0.39391529009186       -0.40726250715656
C           -1.60944957318764        0.70096838138309        0.48485343316693
C           -0.17946589124769        1.05145667742729        0.10259717989467
O            0.65774930395229       -0.08138504566236        0.37771494000806
C            1.91114905403404       -0.04601447914517       -0.05426418535923
O            2.37789030095155        0.89987294871253       -0.65738181881449
C            2.65163690705759       -1.30566187123839        0.27964962483426
H           -4.01899202017791       -1.51756175919509       -0.65468831069582
H           -3.65470214555124       -1.09550549721880        1.01874210388336
H           -4.26133889310990        0.13569087011675       -0.08892445028045
H           -1.56479600142151       -1.28370295145507       -0.33216965479165
H           -2.17466453140927       -0.05852282536566       -1.44655581967472
H           -2.21301381256804        1.60534974286062        0.40421319476284
H           -1.62066798817688        0.36939267607353        1.52385589558932
H           -0.09323904499398        1.29893791291177       -0.96092070906823
H            0.19317313092712        1.90249456109324        0.68217635849241
H            2.14626429273006       -1.82993340401824        1.08331735628447
H            3.67558604498257       -1.06472010870200        0.54823809313624
H            2.67225168920448       -1.93681239372697       -0.60632135969701
20
 energy: -27.123227309574 gnorm: 0.000072366249 xtb: 6.7.1 (edcfbbe)
C           -3.62124601695533       -0.73956869378194       -0.00869928721834
C           -2.19153309406701       -0.39423560425267       -0.40679094166950
C           -1.60956718118366        0.70099672101996        0.48541213153724
C           -0.17949122297752        1.05186053762250        0.10382287295874
O            0.65809058540164       -0.08065317850551        0.37920576994775
C            1.91039868218792       -0.04673817490878       -0.05604345919372
O            2.37590042282494        0.89735910669397       -0.66293920938988
C            2.65154242624513       -1.30554386752043        0.27967243407713
H           -4.01868518698301       -1.51686898241673       -0.65596350869361
H           -3.65534717861765       -1.09581977702918        1.01792134383940
H           -4.26069580770416        0.13621315843453       -0.08954812430893
H           -1.56435306880930       -1.28411218574809       -0.33078161629309
H           -2.17302868920143       -0.05927904794128       -1.44621361336718
H           -2.21331527963450        1.60521490356699        0.40418749226558
H           -1.62128727358878        0.36968888905783        1.52449312819215
H           -0.09281708168375        1.29962953945087       -0.95958816533148
H            0.19254935653978        1.90285943592753        0.68383529163513
H            2.14622647940179       -1.82905452045454        1.08386663287667
H            3.67520879308772       -1.06350530867284        0.54843445255259
H            2.67316182550841       -1.93777599013438       -0.60549312385193
20
 energy: -27.123227710976 gnorm: 0.000110260187 xtb: 6.7.1 (edcfbbe)
C           -3.62105468938585       -0.73934148085017       -0.00964586986829
C           -2.19079555878813       -0.39447445311633       -0.40622325875598
C           -1.60963907792915        0.70094861211381        0.48625602869068
C           -0.17942787454942        1.05239955764867        0.10567973498698
O            0.65873868040412       -0.07946118272097        0.38192638813940
C            1.90932106043376       -0.04782033477833       -0.05847888614638
O            2.37278170493862        0.89349273526171       -0.67130538102405
C            2.65152477883934       -1.30534003837406        0.27979155246006
H           -4.01830445958729       -1.51609440663638       -0.65768549567815
H           -3.65627659649336       -1.09610949616300        1.01675658218294
H           -4.25999065479045        0.13681481492311       -0.09061488018110
H           -1.56389136302496       -1.28446866068541       -0.32925087175832
H           -2.17104948593079       -0.05984585889047       -1.44573332022786
H           -2.21358130423965        1.60498428564721        0.40446023727602
H           -1.62204158588951        0.36978353529902        1.52536696067818
H           -0.09207556349293        1.30011971581363       -0.95768663684578
H            0.19163936603220        1.90363004319733        0.68597696459885
H            2.14645887921251       -1.82785971306014        1.08478035078296
H            3.67478462604029       -1.06161874812526        0.54867505439186
H            2.67459060799186       -1.93907196609617       -0.60425475313731
20
 energy: -27.123228410890 gnorm: 0.000305397982 xtb: 6.7.1 (edcfbbe)
C           -3.62056943334047       -0.73892096007801       -0.01150788652357
C           -2.18936745239171       -0.39468989778139       -0.40527987963277
C           -1.60981656665611        0.70088465038658        0.48806326219443
C           -0.17934386273576        1.05340341780914        0.10936749313646
O            0.66012925342960       -0.07694469767606        0.38780760553408
C            1.90715514624067       -0.05002330240633       -0.06312986103015
O            2.36641827115128        0.88564364845666       -0.68787174564724
C            2.65150096705664       -1.30496650328365        0.28006119330685
H           -4.01710930819568       -1.51509199206781       -0.66068855819335
H           -3.65793523124827       -1.09614481940365        1.01467150726890
H           -4.25878742626899        0.13770559581234       -0.09326786118527
H           -1.56297126836630       -1.28493989516460       -0.32682936825721
H           -2.16744109986008       -0.06037583806222       -1.44486775775221
H           -2.21412386441695        1.60462288107141        0.40551279051457
H           -1.62339290691068        0.36966854915428        1.52713717438401
H           -0.09059561950246        1.30053955354968       -0.95402325417590
H            0.18965575495809        1.90542158154461        0.68981660924182
H            2.14696654531616       -1.82563642069220        1.08656037882447
H            3.67398422209957       -1.05798169210218        0.54914350670045
H            2.67735536943268       -1.94150689865879       -0.60188484814365
20
 energy: -27.123228772427 gnorm: 0.001070447848 xtb: 6.7.1 (edcfbbe)
C           -3.61952748534714       -0.73831554619766       -0.01497227684440
C           -2.18665503700061       -0.39490325582179       -0.40358871238333
C           -1.60998758854204        0.70078018494487        0.49145823738693
C           -0.17912407915007        1.05556463096472        0.11617302416123
O            0.66277044676075       -0.07191691313331        0.39889934561095
C            1.90305713564749       -0.05407110846672       -0.07153399721820
O            2.35452077163025        0.87094819973574       -0.71817762199541
C            2.65113519771268       -1.30440399281205        0.28049213002027
H           -4.01419081047687       -1.51426771864680       -0.66555722168694
H           -3.66085122889404       -1.09543886042492        1.01110254563621
H           -4.25692985084123        0.13871408116386       -0.09912527146648
H           -1.56092415625300       -1.28545136091581       -0.32262149490078
H           -2.16080118478133       -0.06093186749814       -1.44324434446979
H           -2.21507857406285        1.60389018860341        0.40777358519157
H           -1.62558766892986        0.36926108295185        1.53040235176053
H           -0.08783061999719        1.30131005638621       -0.94733525427858
H            0.18599429326362        1.90920553542432        0.69669397146785
H            2.14749144848511       -1.82170431672614        1.08968992653461
H            3.67222473355702       -1.05166306853852        0.54995536326651
H            2.68200574701054       -1.94593899058532       -0.59769378522807
20
 energy: -27.123229411076 gnorm: 0.000211842595 xtb: 6.7.1 (edcfbbe)
C           -3.61963934506137       -0.73856738052692       -0.01416531229857
C           -2.18729851274814       -0.39457321411525       -0.40413429818166
C           -1.60988513565172        0.70084628391350        0.49076075387290
C           -0.17915490393062        1.05514006191506        0.11455656395561
O            0.66225460072069       -0.07285385408810        0.39656658850943
C            1.90390377156141       -0.05319986189191       -0.06937766510786
O            2.35701162500110        0.87409033085186       -0.71079059752807
C            2.65109544837534       -1.30461041645212        0.28038058636584
H           -4.01427462030191       -1.51529769301413       -0.66382236619020
H           -3.65994370403824       -1.09489118984620        1.01221670466889
H           -4.25765236295068        0.13798498773813       -0.09853569950198
H           -1.56127722901228       -1.28500648570783       -0.32418765413833
H           -2.16263933677729       -0.06016724946561       -1.44366752458693
H           -2.21480351669655        1.60412929407595        0.40777169500368
H           -1.62479877125742        0.36904197852095        1.52962379690314
H           -0.08848609580782        1.30083656415771       -0.94901221481710
H            0.18676584707684        1.90864661657255        0.69474660637875
H            2.14728865253882       -1.82275191222324        1.08892941471579
H            3.67252908995993       -1.05328368355343        0.54968843350825
H            2.68071598879115       -1.94484621645317       -0.59875731096687
20
 energy: -27.123229147299 gnorm: 0.000644344868 xtb: 6.7.1 (edcfbbe)
C           -3.61976048561219       -0.73876831760710       -0.01344083472700
C           -2.18787692471954       -0.39430337363646       -0.40460570466705
C           -1.60980050114553        0.70090983260142        0.49012127255342
C           -0.17917977405129        1.05473046889595        0.11310723549782
O            0.66177958035586       -0.07374100077290        0.39442792208128
C            1.90463435827364       -0.05245620718827       -0.06747968510202
O            2.35919797065821        0.87689113454056       -0.70410365894853
C            2.65109298040313       -1.30478324676521        0.28025972756964
H           -4.01439910462694       -1.51615872548220       -0.66229183804978
H           -3.65916725290410       -1.09440603878571        1.01320661333089
H           -4.25828438934743        0.13739074975671       -0.09798004287849
H           -1.56161602128835       -1.28464985107331       -0.32552637057967
H           -2.16426330518296       -0.05954411960492       -1.44404182940010
H           -2.21454108752583        1.60436052361498        0.40772026679821
H           -1.62412421147449        0.36888262518063        1.52892185664100
H           -0.08905574410483        1.30042575178662       -0.95050508116775
H            0.18745894473417        1.90808868611600        0.69304024409529
H            2.14712777569123       -1.82369003480649        1.08821126023175
H            3.67280654441443       -1.05465634516140        0.54947759707828
H            2.67968213724405       -1.94385555120108       -0.59972844979247
20
 energy: -27.123229860543 gnorm: 0.000223738891 xtb: 6.7.1 (edcfbbe)
C           -3.61883785135183       -0.73859281510507       -0.01548463452634
C           -2.18606154737424       -0.39440841690155       -0.40360053259411
C           -1.60990163278372        0.70096807549595        0.49215187926645
C           -0.17910044668983        1.05633214240585        0.11715024891577
O            0.66333749130407       -0.07045490625406        0.40096616357020
C            1.90222947150536       -0.05470587169582       -0.07240597730013
O            2.35237372134233        0.86823441669416       -0.72216202504092
C            2.65047214561013       -1.30459586817413        0.28051026355126
H           -4.01209313657750       -1.51624880123764       -0.66487061192457
H           -3.66062180372791       -1.09371404164233        1.01124721719263
H           -4.25707114207293        0.13757314165468       -0.10191356360895
H           -1.56011835628889       -1.28482629176762       -0.32297644414735
H           -2.16012299064043       -0.05993622951093       -1.44308133247530
H           -2.21533253812825        1.60390836606312        0.40910447745295
H           -1.62529871273014        0.36873873900763        1.53087367421611
H           -0.08752555150408        1.30128636713423       -0.94651070385636
H            0.18529105529033        1.91058617172268        0.69718751000657
H            2.14688692891766       -1.82153799626430        1.08994367352253
H            3.67142877537843       -1.05144792611223        0.54997346117859
H            2.68177761031267       -1.94649129510483       -0.59731224283433
20
 energy: -27.123230125869 gnorm: 0.000333395504 xtb: 6.7.1 (edcfbbe)
C           -3.61808279053684       -0.73876935781559       -0.01632206253948
C           -2.18504559106512       -0.39434168520923       -0.40319680150792
C           -1.60988613784330        0.70116250923280        0.49302535915229
C           -0.17908366290859        1.05741425768152        0.11882688731593
O            0.66396472274905       -0.06868648807009        0.40368903024960
C            1.90111089744005       -0.05558391657622       -0.07434011682410
O            2.34958345635222        0.86452672528076       -0.72936391116088
C            2.64969619759077       -1.30472712348703        0.28050218385355
H           -4.01019000817593       -1.51741769683701       -0.66521650716526
H           -3.66089073581952       -1.09266494419289        1.01078143751885
H           -4.25665743181449        0.13693540060061       -0.10456530630821
H           -1.55901104357814       -1.28461721924675       -0.32194140811453
H           -2.15820441503858       -0.05995619419739       -1.44267582142595
H           -2.21581530506986        1.60375546951249        0.40982381766723
H           -1.62559178412002        0.36874796433016        1.53169168576547
H           -0.08691650326325        1.30203557025770       -0.94485891569989
H            0.18434084292821        1.91204520267201        0.69891408915036
H            2.14603251389332       -1.82090832035059        1.09036260847992
H            3.67037673591948       -1.05073029062304        0.55023313148379
H            2.68198153215176       -1.94755290255442       -0.59657887932609
20
 energy: -27.123230508816 gnorm: 0.000195054065 xtb: 6.7.1 (edcfbbe)
C           -3.61685066027720       -0.73922543052480       -0.01737891387545
C           -2.18358572891231       -0.39411138803544       -0.40271994908376
C           -1.60977014112523        0.70151860805046        0.49420773086554
C           -0.17908210279780        1.05912507061740        0.12084704832334
O            0.66479047814004       -0.06609454844374        0.40697454507973
C            1.89961578361629       -0.05666808290279       -0.07686646055069
O            2.34615100939920        0.85969851583402       -0.73831415364016
C            2.64831391852652       -1.30504112453616        0.28047251467728
H           -4.00715567919642       -1.51965546092091       -0.66521783068564
H           -3.66087244999521       -1.09099985027087        1.01038691678323
H           -4.25617482344749        0.13560135067374       -0.10846916339097
H           -1.55728813078183       -1.28413939713904       -0.32089936708403
H           -2.15579570862760       -0.05963745569563       -1.44213830237777
H           -2.21652106369947        1.60356592077066        0.41124604140919
H           -1.62552878355508        0.36855771013822        1.53269917254605
H           -0.08628978345445        1.30330751703608       -0.94287487993894
H            0.18305052976751        1.91426714208997        0.70095892852345
H            2.14421697784330       -1.82007692288229        1.09079006439630
H            3.66866224632880       -1.05026525794779        0.55076404002885
H            2.68182560203967       -1.94905995550329       -0.59567748144087
20
 energy: -27.123230653749 gnorm: 0.000175958980 xtb: 6.7.1 (edcfbbe)
C           -3.61561853001755       -0.73968150323401       -0.01843576521142
C           -2.18212586675951       -0.39388109086164       -0.40224309665960
C           -1.60965414440716        0.70187470686813        0.49539010257878
C           -0.17908054268701        1.06083588355329        0.12286720933075
O            0.66561623353103       -0.06350260881740        0.41026005990986
C            1.89812066979252       -0.05775224922935       -0.07939280427727
O            2.34271856244618        0.85487030638728       -0.74726439611944
C            2.64693163946228       -1.30535512558528        0.28044284550101
H           -4.00412135021692       -1.52189322500481       -0.66521915420601
H           -3.66085416417090       -1.08933475634885        1.00999239604761
H           -4.25569221508049        0.13426730074688       -0.11237302047373
H           -1.55556521798553       -1.28366157503134       -0.31985732605353
H           -2.15338700221662       -0.05931871719388       -1.44160078332958
H           -2.21722682232908        1.60337637202883        0.41266826515114
H           -1.62546578299015        0.36836745594628        1.53370665932663
H           -0.08566306364566        1.30457946381446       -0.94089084417798
H            0.18176021660681        1.91648908150792        0.70300376789655
H            2.14240144179328       -1.81924552541398        1.09121752031268
H            3.66694775673812       -1.04980022527253        0.55129494857390
H            2.68166967192758       -1.95056700845216       -0.59477608355565
20
 energy: -27.123230757877 gnorm: 0.000116276452 xtb: 6.7.1 (edcfbbe)
C           -3.61544873289537       -0.73981325988059       -0.01849929534966
C           -2.18186261381148       -0.39397700744149       -0.40205279659363
C           -1.60971685386851        0.70210675691644        0.49540861166484
C           -0.17905364817165        1.06101339160857        0.12310251811006
O            0.66555683006229       -0.06335514666688        0.41041448127399
C            1.89788007501631       -0.05787817013599       -0.07968238308159
O            2.34236393103066        0.85450686281420       -0.74791107737811
C            2.64671480135972       -1.30543468961523        0.28032078213024
H           -4.00386409022005       -1.52181813897455       -0.66556110873915
H           -3.66080127488962       -1.08975904530144        1.00983472642132
H           -4.25550083113100        0.13420262767104       -0.11225303116302
H           -1.55520288031566       -1.28370767414943       -0.31931232237989
H           -2.15292833277378       -0.05966285165562       -1.44151588740616
H           -2.21729501800612        1.60358027165612        0.41223921653832
H           -1.62576012012913        0.36891525475538        1.53383256586132
H           -0.08548885106386        1.30490384061955       -0.94061146689665
H            0.18170647370684        1.91658396086197        0.70340372056795
H            2.14205450001947       -1.81917014644694        1.09110395561596
H            3.66668509408145       -1.04978943995552        0.55131436547531
H            2.68167303179073       -1.95078043627179       -0.59478507410675
20
 energy: -27.123230761920 gnorm: 0.000111281836 xtb: 6.7.1 (edcfbbe)
C           -3.61544004319320       -0.73981663340605       -0.01849967494983
C           -2.18185549490841       -0.39397929150250       -0.40205172697464
C           -1.60972520035951        0.70211312845269        0.49541000422390
C           -0.17904632579803        1.06100310773919        0.12310304723373
O            0.66557912411430       -0.06334089008291        0.41039517129744
C            1.89788256449204       -0.05784180339916       -0.07969783280394
O            2.34233178012194        0.85445598267417       -0.74787782765809
C            2.64671288763463       -1.30543599984029        0.28031177654309
H           -4.00386180702734       -1.52181714657055       -0.66556784961934
H           -3.66079656876755       -1.08977026005015        1.00983505875521
H           -4.25550347900382        0.13420726166605       -0.11224459319912
H           -1.55520005373554       -1.28370312245118       -0.31931092242214
H           -2.15292861997023       -0.05966654002649       -1.44151282835927
H           -2.21729192441133        1.60358105669760        0.41223362082719
H           -1.62576519532569        0.36892357833878        1.53382923894726
H           -0.08549029579022        1.30491133931750       -0.94060956663709
H            0.18170618744933        1.91658137331251        0.70340773547272
H            2.14205137237977       -1.81916787995093        1.09110480313356
H            3.66668143158713       -1.04978974290561        0.55131279281142
H            2.68167115030296       -1.95078055760488       -0.59477992605737
