26
 energy: -39.328295406796 gnorm: 0.052634810051 xtb: 6.7.1 (edcfbbe)
C            1.55003333113167       -1.05393378241140       -1.79282583236727
C            1.93002176666758       -0.56463003914639       -0.38861560460123
C            3.39687737121779       -0.89532813811676       -0.10357558758346
C            1.08461395967626       -1.20954727931757        0.68059001653297
N           -0.17485440750385       -1.21310802167665        0.90487530809512
O           -0.87545128371845       -0.45501627764154       -0.06781694233738
C           -2.19298125963777       -0.20829118643519        0.29671997711850
O           -2.69473403674043       -0.55468135407326        1.35644450364127
N           -2.78798063423637        0.46434733103562       -0.70010495718294
C           -4.13815193877355        0.99618020749934       -0.59885995504246
S            1.69615860390235        1.29219603756790       -0.39434562935943
C            1.69771888548663        1.68348963826856        1.38896787423106
H            0.51798044922134       -0.81165315276849       -2.04916250622403
H            2.21695725670181       -0.59372532319142       -2.52888899325234
H            1.68322099046085       -2.13924387576530       -1.84794456831542
H            3.72378290242629       -0.48792580565280        0.85774109178123
H            4.03212554805082       -0.48735248737672       -0.89203486982969
H            3.53168273685631       -1.98250216560345       -0.07376868849106
H            1.61710642571702       -1.79728471272208        1.43028531004688
H           -2.22692339196916        0.70839704627669       -1.50378982805231
H           -4.12386798191857        2.09059713841767       -0.60495615286595
H           -4.58933539982090        0.65624298690378        0.33340455064170
H           -4.75116849024229        0.64667455859260       -1.43431867169603
H            0.78496592786932        1.32556778228765        1.87351405589955
H            1.73280719672392        2.77427446893139        1.46575953431887
H            2.57839887345957        1.26986569484889        1.88953154392727
26
 energy: -39.331361180636 gnorm: 0.015645667108 xtb: 6.7.1 (edcfbbe)
C            1.55451724228138       -1.06410618368901       -1.78375648857762
C            1.94118880078462       -0.58751948604411       -0.38208377866212
C            3.40949457477471       -0.89382733802788       -0.10644337161362
C            1.08901293507619       -1.21511378939156        0.67716446037438
N           -0.16132410977215       -1.19516114691829        0.87685318326217
O           -0.88934729620285       -0.43828852668614       -0.07132593505800
C           -2.19965247307645       -0.19349995584791        0.29116844421146
O           -2.69135524277583       -0.53939497904163        1.34379323536676
N           -2.79734823701648        0.47449989727602       -0.69797144323361
C           -4.14307724959520        0.99627972381862       -0.59831089110387
S            1.67903893126340        1.26122748252489       -0.37048370446732
C            1.69437921745563        1.68063243732693        1.39701830097233
H            0.52296233239185       -0.81408040490183       -2.01694488786175
H            2.20422146428213       -0.58796260371307       -2.51722140577826
H            1.68099715021860       -2.14439571518324       -1.84893554192957
H            3.72486196349547       -0.48449595397391        0.85188769833399
H            4.03436274432961       -0.46936431798645       -0.88883812380826
H            3.55525400484524       -1.97374552869277       -0.08508336637099
H            1.60608821563372       -1.79543974895116        1.43445873022758
H           -2.24035431638864        0.72239323162873       -1.50221502435829
H           -4.12500363386413        2.08717623157003       -0.60337997883506
H           -4.57691483527592        0.64611210785214        0.33635380845938
H           -4.74375911233475        0.63854311257065       -1.43471174404086
H            0.78718464937892        1.31180704902953        1.87189384252464
H            1.72539105266971        2.76712962811498        1.44950334041818
H            2.57818462842943        1.26420406606752        1.87443562058175
26
 energy: -39.331842709354 gnorm: 0.004820025277 xtb: 6.7.1 (edcfbbe)
C            1.55639404857328       -1.06969026641260       -1.77404110373524
C            1.94955380211047       -0.59621026160730       -0.37460186569949
C            3.41999197289327       -0.88938622044522       -0.10521106549673
C            1.09016337862911       -1.21751216583315        0.67773991527900
N           -0.15722369167874       -1.17752727835542        0.86171646569284
O           -0.89470198034055       -0.42602361473804       -0.07723907072387
C           -2.19956316483249       -0.18105674393287        0.28717932687332
O           -2.68612198903709       -0.52457731360998        1.34058871464947
N           -2.79931973096221        0.48469736422068       -0.69877811739293
C           -4.14700710790120        0.99610955803746       -0.59891333745167
S            1.66741716588517        1.25015249819556       -0.37329318127490
C            1.69155897572170        1.66412571834548        1.39342191091290
H            0.52117480553215       -0.82131569079040       -1.98888117562681
H            2.19145539145262       -0.58338859964530       -2.51026370374410
H            1.68457401279698       -2.14703788034472       -1.84527786101542
H            3.73141166620849       -0.48312057239829        0.85368606616859
H            4.03503529600528       -0.44758060364752       -0.88429367739237
H            3.58120345235559       -1.96526064331339       -0.09532179314868
H            1.59291139843195       -1.80057579880921        1.43909927187558
H           -2.24624503535446        0.73583735262241       -1.50450262812780
H           -4.13672880549633        2.08546186903930       -0.60209739555472
H           -4.57162239144037        0.63891320625983        0.33676422653781
H           -4.74314287617494        0.63278127235544       -1.43389219285174
H            0.79150620763361        1.29234297138532        1.87536901646537
H            1.71604209703029        2.74778771736930        1.43563075032061
H            2.58028650296661        1.25566341478372        1.86223748349443
26
 energy: -39.331957696804 gnorm: 0.002943967781 xtb: 6.7.1 (edcfbbe)
C            1.55785139365288       -1.07931459178751       -1.77240001328784
C            1.95266321472016       -0.60202116558670       -0.37438665103860
C            3.42484006237223       -0.88372162274843       -0.10430724561427
C            1.08920725994183       -1.22056520040806        0.67668912635459
N           -0.15875372890815       -1.17071935009890        0.85350917987027
O           -0.89348982633240       -0.41548974376488       -0.08053331437029
C           -2.19613749710373       -0.16979409397233        0.28614634806748
O           -2.68159699346531       -0.51353007531783        1.34098624609532
N           -2.79820342429620        0.49511997658074       -0.69905960959062
C           -4.15067011781160        0.99545345540169       -0.59900677611127
S            1.66499987264443        1.24384583494762       -0.37249852031691
C            1.69091154322767        1.65861633409830        1.39360694120200
H            0.51872060160659       -0.83805390694313       -1.97748957138215
H            2.18285196121831       -0.58509757349608       -2.51158454531315
H            1.69348606553243       -2.15525246347236       -1.84671177355972
H            3.73255142620919       -0.48290328275294        0.85831148613584
H            4.03534867001680       -0.42812343126720       -0.87952995480704
H            3.59809242875711       -1.95774738409854       -0.10441357765274
H            1.58384676611134       -1.80634988731349        1.44074061917349
H           -2.24834490465011        0.74890339836210       -1.50622092466670
H           -4.15056942804954        2.08474295295787       -0.60102865434972
H           -4.57149575099821        0.63375370473735        0.33677083329525
H           -4.74436013438946        0.62748434450154       -1.43349162840575
H            0.79605574712016        1.27773601792121        1.87863858393192
H            1.70682239253463        2.74207168581438        1.43729923126856
H            2.58437580134713        1.25456535643673        1.85678914410551
26
 energy: -39.332045976156 gnorm: 0.002865541067 xtb: 6.7.1 (edcfbbe)
C            1.56053318612038       -1.09037168140821       -1.77038942984551
C            1.95467737905505       -0.60558130711702       -0.37419487949047
C            3.42825891595911       -0.87685856474498       -0.10298169452124
C            1.08751057933193       -1.22398937448954        0.67540129060749
N           -0.16135918844505       -1.16372586477296        0.84727076321800
O           -0.88954284689142       -0.40256364167719       -0.08346529114258
C           -2.19101327960481       -0.15579638790130        0.28483323114744
O           -2.67539470013445       -0.49748986082033        1.34196165940951
N           -2.79585958487536        0.51021388912329       -0.69873166602136
C           -4.15511285327059        0.99471638615961       -0.59823770890189
S            1.66030193049031        1.24021454891408       -0.37499481226406
C            1.69045736513748        1.65080192886724        1.39230425619677
H            0.51582192496920       -0.86593022741316       -1.96773090925230
H            2.17237222857433       -0.58670705480940       -2.51433907302920
H            1.71241244500470       -2.16435001963244       -1.84515756340601
H            3.72961490352533       -0.48666540852561        0.86660696689613
H            4.03492719988333       -0.40169234170673       -0.87041415228933
H            3.61645162305531       -1.94874579067914       -0.11861235570140
H            1.57370767127918       -1.81751402919627        1.43865049581621
H           -2.25066522612912        0.76710418009124       -1.50810842735690
H           -4.16958091435917        2.08420128769516       -0.59917414386545
H           -4.57195796810466        0.62709141553915        0.33720882482612
H           -4.74477361892274        0.62002143359361       -1.43290799511125
H            0.80327407568669        1.25636715297449        1.88219622200316
H            1.69199508188921        2.73449570659718        1.44030307537823
H            2.59194707178404        1.25636291407036        1.84952829573337
26
 energy: -39.332094957389 gnorm: 0.002930555382 xtb: 6.7.1 (edcfbbe)
C            1.56360984148758       -1.09816518593695       -1.77029460607329
C            1.95415991552379       -0.60690078732264       -0.37518682237448
C            3.42816457512131       -0.87208465690709       -0.10136836642923
C            1.08576677469503       -1.22780522685857        0.67264476960803
N           -0.16323616937200       -1.16274529774321        0.84438513473081
O           -0.88568245192805       -0.39317070909739       -0.08343353893250
C           -2.18702623203370       -0.14451287934387        0.28546986153920
O           -2.67140537406453       -0.48575110042180        1.34300563097715
N           -2.79343349574282        0.52302748974189       -0.69658178983021
C           -4.15777937735518        0.99435295446661       -0.59692071911475
S            1.65635296878834        1.23864952884202       -0.37727352688066
C            1.68968992401562        1.64666533164409        1.39081056269405
H            0.51485446937468       -0.89091600275572       -1.96572949257686
H            2.16599406431788       -0.58674302489899       -2.51675836569922
H            1.73250459921420       -2.17021295539353       -1.84369889507768
H            3.72347639622173       -0.49299619753650        0.87486709033398
H            4.03432126860277       -0.38252760251727       -0.86030892033208
H            3.62466667206556       -1.94221347453590       -0.13041612818597
H            1.56870740188510       -1.82771022424047        1.43282702367745
H           -2.25172337072250        0.78150942598189       -1.50770949742738
H           -4.18329698409282        2.08377248668887       -0.59785307210729
H           -4.57205940398457        0.62282789870120        0.33810354026022
H           -4.74336576291848        0.61396992761507       -1.43223228036320
H            0.80928623058890        1.24066250658686        1.88417023822927
H            1.67840523332316        2.73052478189927        1.44254201070025
H            2.59805168799723        1.26210228207331        1.84376513768793
26
 energy: -39.332133508056 gnorm: 0.002207567739 xtb: 6.7.1 (edcfbbe)
C            1.56871025107070       -1.10534230944009       -1.77108873485394
C            1.95260532941219       -0.60756542099825       -0.37653520297908
C            3.42660835627089       -0.86804206179636       -0.09853691678060
C            1.08372962976199       -1.23244735175917        0.66851681311065
N           -0.16482611870195       -1.16384236263743        0.84313010502955
O           -0.88226002041199       -0.38388147360969       -0.08142675391591
C           -2.18391292616553       -0.13325596980218        0.28743911175055
O           -2.66826372482367       -0.47408037263560        1.34494961845263
N           -2.79063373527608        0.53758463089639       -0.69217519154465
C           -4.15972642111288        0.99500231260644       -0.59472731922775
S            1.64977223395346        1.23696491588302       -0.38056205738518
C            1.68769960849722        1.64313867033616        1.38792666337349
H            0.51601685298046       -0.91901670924703       -1.96669623736551
H            2.16110698939861       -0.58447673627644       -2.51897231574766
H            1.75848784275650       -2.17451615208937       -1.84295474199928
H            3.71392826519729       -0.50259120252481        0.88536276054277
H            4.03386378680410       -0.36317868520973       -0.84621456954630
H            3.62969036594783       -1.93614084208721       -0.14293420961961
H            1.56563916321845       -1.84169996427099        1.42193272724368
H           -2.25215056921736        0.79661305058146       -1.50511670707843
H           -4.19668336776199        2.08402517442992       -0.59648968382656
H           -4.57172841551904        0.61977854328522        0.33967765944208
H           -4.73993114815126        0.60802552468465       -1.43098003266145
H            0.81626563298923        1.22331685117239        1.88565473519129
H            1.66024671079190        2.72687042204428        1.44216781024160
H            2.60474882909915        1.27236680719565        1.83547764918723
26
 energy: -39.332151422046 gnorm: 0.001208838120 xtb: 6.7.1 (edcfbbe)
C            1.57259788318634       -1.10744337101261       -1.77265915119908
C            1.95126697283601       -0.60826599782092       -0.37736864932604
C            3.42505862947949       -0.86725693633219       -0.09572639793717
C            1.08236860630041       -1.23667767398981        0.66502610910225
N           -0.16557276264445       -1.16733219064664        0.84302560405730
O           -0.88183150258636       -0.38103077292490       -0.07896925361610
C           -2.18345518896135       -0.12898191361188        0.29005018093744
O           -2.66801931716670       -0.47105755549414        1.34678956140011
N           -2.78902551951928        0.54473459269137       -0.68792674229387
C           -4.15969416313645        0.99649233465242       -0.59301529491770
S            1.64520432160958        1.23512472370901       -0.38283325048860
C            1.68558114507853        1.64292132555363        1.38511254517805
H            0.51875552968456       -0.93103773245708       -1.96950568897205
H            2.16088732860144       -0.58086665631629       -2.51953701962819
H            1.77261088937189       -2.17448666701110       -1.84511029763289
H            3.70740441913600       -0.50898633803493        0.89189120131563
H            4.03405069523999       -0.35571540713288       -0.83677441136725
H            3.62977489862810       -1.93432217916147       -0.14749711160954
H            1.56565944444503       -1.85034871924474        1.41408384223489
H           -2.25117921695555        0.80270927507396       -1.50153684791838
H           -4.20096472239919        2.08510363066558       -0.59611562775643
H           -4.57132370726492        0.62059686855055        0.34116372114475
H           -4.73698547131621        0.60626454295322       -1.42970648574633
H            0.81981811778510        1.21582753840903        1.88574459763146
H            1.64852702894695        2.72625708483300        1.43848797317561
H            2.60748906262930        1.28138748283107        1.82973187326577
26
 energy: -39.332167495678 gnorm: 0.001472486847 xtb: 6.7.1 (edcfbbe)
C            1.57881168026863       -1.10844166237454       -1.77595121275457
C            1.94966717452134       -0.61056725230012       -0.37815269961504
C            3.42307179817204       -0.86780274175911       -0.09009304759140
C            1.08032958243831       -1.24419319857751        0.65984871443455
N           -0.16666503499602       -1.17451105280865        0.84254571251082
O           -0.88347542219665       -0.38115943303367       -0.07530826618440
C           -2.18456963478646       -0.12762613736384        0.29443577078362
O           -2.66939403350540       -0.47260761952900        1.34985393756155
N           -2.78669801804044        0.55274741233137       -0.68036497854275
C           -4.15816244724497        1.00073432513250       -0.58986090339878
S            1.63771724599058        1.23065147090867       -0.38653292000823
C            1.68157069651864        1.64495882993304        1.37954118153541
H            0.52399405562127       -0.94194825071411       -1.97396273572797
H            2.16289195023705       -0.57242505328491       -2.51930282011227
H            1.79016984894143       -2.17234820301300       -1.85241058012391
H            3.69754497670102       -0.51815947047716        0.90224020803142
H            4.03509681673180       -0.34818056959539       -0.82233138757560
H            3.62955711413160       -1.93378895438660       -0.15049982513258
H            1.56586611846291       -1.86482659508984        1.40209628054703
H           -2.24800320652069        0.80767863470772       -1.49435656907038
H           -4.20231534770058        2.08887878311012       -0.59578406947721
H           -4.57060193389797        0.62579575743186        0.34430668204504
H           -4.73238494577614        0.60690999285909       -1.42675233037932
H            0.82486551333201        1.20724405204327        1.88563346650557
H            1.62900836609164        2.72763929261810        1.42812376172042
H            2.61111048751331        1.29895693196302        1.81986360905269
26
 energy: -39.332176589378 gnorm: 0.001048259174 xtb: 6.7.1 (edcfbbe)
C            1.58107876975260       -1.10846286604989       -1.77759735836831
C            1.94953008865795       -0.61261589973238       -0.37815019964396
C            3.42283366256359       -0.86806188645081       -0.08728195026312
C            1.07934862912857       -1.24878015179399        0.65776761680318
N           -0.16765632080948       -1.17936087210952        0.84010148739338
O           -0.88501008444982       -0.38412182600282       -0.07511329027288
C           -2.18532433826434       -0.12998065303371        0.29594267007972
O           -2.67073596822716       -0.47807607054751        1.35020988418772
N           -2.78559950170079        0.55458770309575       -0.67706603084915
C           -4.15686179066246        1.00389668552780       -0.58800103851900
S            1.63469048939523        1.22789461387157       -0.38825735574859
C            1.67970669568392        1.64682813962726        1.37665506810711
H            0.52593150321877       -0.94279145829939       -1.97544123606610
H            2.16451534412223       -0.56849311214693       -2.51866162986683
H            1.79438991125538       -2.17160920523996       -1.85741952189881
H            3.69422289027967       -0.52002349908846        0.90645464506294
H            4.03587703517051       -0.34625476006422       -0.81725614124364
H            3.63119878952361       -1.93377433528768       -0.14917754893419
H            1.56447371765537       -1.87022616703258        1.39950106075041
H           -2.24557464613428        0.80818706091871       -1.49068717526030
H           -4.19968719697998        2.09216930470706       -0.59547589527655
H           -4.57025695420786        0.63075372713500        0.34659263293910
H           -4.73140574250515        0.60959034642494       -1.42447518819558
H            0.82720475911285        1.20459064220871        1.88604788480463
H            1.61946040912433        2.72919962924972        1.42202585123110
H            2.61265325030505        1.30854419884465        1.81558773808149
26
 energy: -39.332185136090 gnorm: 0.000731133595 xtb: 6.7.1 (edcfbbe)
C            1.58443673870599       -1.10916673800948       -1.77972023513811
C            1.94927011423528       -0.61516520126308       -0.37819407930477
C            3.42215763450423       -0.86739824305116       -0.08324557668160
C            1.07806360521519       -1.25425509222876        0.65557216140692
N           -0.16940415711071       -1.18666006575358        0.83574886964456
O           -0.88740540896579       -0.39132276066959       -0.07692730891002
C           -2.18701026141287       -0.13729080972265        0.29596282368579
O           -2.67327903763736       -0.48956926567874        1.34863102214050
N           -2.78423608755633        0.55616249580123       -0.67293748039622
C           -4.15408800720937        1.01025134503461       -0.58407648650146
S            1.62988039792225        1.22454867173114       -0.39053502497854
C            1.67687992402689        1.65005774246949        1.37262352707578
H            0.52901339132428       -0.94443922500222       -1.97835607032167
H            2.16753957086677       -0.56519087385446       -2.51797291573785
H            1.79969572285764       -2.17160297938615       -1.86317175521791
H            3.68942755918988       -0.52019941197047        0.91198689552155
H            4.03637370978153       -0.34335732128657       -0.81069852396287
H            3.63382088756193       -1.93252456913413       -0.14558520079877
H            1.56152238156210       -1.87975509826380        1.39507396312133
H           -2.24208511424751        0.80867562942829       -1.48559393247278
H           -4.19267841462331        2.09876286435442       -0.59410954723306
H           -4.56857651510218        0.64066742218035        0.35158186503916
H           -4.73073611477914        0.61618715007095       -1.41929608351054
H            0.83184860059597        1.19895572012590        1.88720780427068
H            1.60258061316395        2.73183158944501        1.41384898134093
H            2.61599166813906        1.32540631336484        1.80900728695280
26
 energy: -39.332189322943 gnorm: 0.000734015615 xtb: 6.7.1 (edcfbbe)
C            1.58656997874337       -1.11071235716597       -1.78043111637538
C            1.94875510733993       -0.61639637834884       -0.37835589098130
C            3.42160494855787       -0.86577504813160       -0.08139348308997
C            1.07709959103098       -1.25882546834209        0.65317682954635
N           -0.17079785765453       -1.19296847210463        0.83162984093900
O           -0.88817718894952       -0.39532087600576       -0.07889102675816
C           -2.18731301744682       -0.14013903622206        0.29538469240842
O           -2.67487416339126       -0.49699726519609        1.34589987214711
N           -2.78328409654008        0.55793328783288       -0.67104346353634
C           -4.15240790926333        1.01432532196126       -0.58133336023997
S            1.62580890155223        1.22300522491517       -0.39188665967693
C            1.67489488703449        1.65089540930040        1.37060311788415
H            0.53100155710494       -0.94766597266484       -1.98036711202648
H            2.16975353429749       -0.56563013463185       -2.51782842103282
H            1.80354874548477       -2.17293015885706       -1.86365440417429
H            3.68649973457147       -0.51846565153276        0.91459422681793
H            4.03607391668833       -0.34002516528619       -0.80763359746797
H            3.63570252103148       -1.93053058568941       -0.14385813292484
H            1.56021035552264       -1.88257918488861        1.39393868604210
H           -2.24035798810004        0.81125483027715       -1.48294276178043
H           -4.18839761807619        2.10294816275562       -0.59289795118609
H           -4.56648880500684        0.64700438063849        0.35538463753604
H           -4.73121130029982        0.62038116772516       -1.41525060011703
H            0.83497098986766        1.19405782729618        1.88838111310467
H            1.59200413350336        2.73203176555720        1.41059522454001
H            2.61781444340583        1.33473366553966        1.80500471943608
26
 energy: -39.332194084409 gnorm: 0.000654491529 xtb: 6.7.1 (edcfbbe)
C            1.58833889711794       -1.11324358454538       -1.78048211821017
C            1.94816232313321       -0.61701369360437       -0.37860592952478
C            3.42119201880463       -0.86301293775419       -0.08010202161132
C            1.07650983479011       -1.26100692147669        0.65184479898878
N           -0.17174056391015       -1.19687645784003        0.82872049325586
O           -0.88876151015669       -0.39910314185162       -0.08174581979533
C           -2.18780544007022       -0.14332682054910        0.29308504051865
O           -2.67617614858267       -0.50311687770992        1.34214851042965
N           -2.78265203262917        0.55929929336419       -0.67065603382045
C           -4.15070338125496        1.01839008425986       -0.57849445493949
S            1.62171963739730        1.22194453858451       -0.39280214645635
C            1.67286512375047        1.65061212356535        1.36937919702313
H            0.53284577292022       -0.95201843317074       -1.98215096086067
H            2.17186496910262       -0.56870403688155       -2.51804175576254
H            1.80681569080406       -2.17539877519312       -1.86163471094325
H            3.68453187996141       -0.51486493291314        0.91603307501829
H            4.03522495750540       -0.33615945305389       -0.80591746400461
H            3.63762119175952       -1.92731999508401       -0.14213360238218
H            1.55946414183778       -1.88538886663362        1.39216539924333
H           -2.23952923387055        0.81476792685301       -1.48174648945794
H           -4.18439310918656        2.10707072906812       -0.59103349601840
H           -4.56348544960999        0.65270351281722        0.35940185407942
H           -4.73229713464572        0.62488221562043       -1.41073251091782
H            0.83806567274589        1.18762666971727        1.88976463565347
H            1.58196465932325        2.73101342959372        1.40953431700873
H            2.61936063397129        1.34185369354914        1.80102717251990
26
 energy: -39.332199232787 gnorm: 0.000491095702 xtb: 6.7.1 (edcfbbe)
C            1.59133590637457       -1.11771181578601       -1.78037952883709
C            1.94708679786565       -0.61742061532720       -0.37904232933139
C            3.42050639635742       -0.85828317887741       -0.07848860071714
C            1.07575300179078       -1.26357394883660        0.65016456887136
N           -0.17289335094762       -1.20225762173099        0.82527128673753
O           -0.88954683795222       -0.40456200439859       -0.08612450164826
C           -2.18849514836031       -0.14780372291845        0.28897549650249
O           -2.67802910951085       -0.51175855624483        1.33604146673268
N           -2.78160000353975        0.56136013871992       -0.67093630580603
C           -4.14783815494041        1.02475837817475       -0.57402405014064
S            1.61405462735721        1.22038692264746       -0.39442631998831
C            1.66910201124355        1.64891445976971        1.36775292315103
H            0.53628537413875       -0.95877830391671       -1.98528755001276
H            2.17607779754110       -0.57528290359637       -2.51851960448854
H            1.81137405364199       -2.17986979875637       -1.85747185254117
H            3.68160712186116       -0.50810935661621        0.91744129217001
H            4.03333853040612       -0.33010189922302       -0.80424084446014
H            3.64062409193352       -1.92179881631074       -0.13909032198978
H            1.55932121002365       -1.88825000515483        1.38996254293884
H           -2.23843455977485        0.82150800968534       -1.48049865515956
H           -4.17798072487324        2.11342538987871       -0.58757404707412
H           -4.55804166915549        0.66120067317028        0.36579223308922
H           -4.73412311090949        0.63228321823787       -1.40351837775640
H            0.84263716293439        1.17530129988298        1.89192168238205
H            1.56504601530911        2.72826772261185        1.40888040508512
H            2.62183597219372        1.35176562364698        1.79424397132497
26
 energy: -39.332200186717 gnorm: 0.000336965533 xtb: 6.7.1 (edcfbbe)
C            1.59247457336423       -1.11969892836200       -1.78070547986551
C            1.94658332268559       -0.61796267061088       -0.37947862645096
C            3.42026595509372       -0.85600638637754       -0.07772212959488
C            1.07551594098377       -1.26492491287106        0.64946656168833
N           -0.17317936154878       -1.20462322079859        0.82435427068326
O           -0.89007263467002       -0.40741404415319       -0.08768372049960
C           -2.18869802030491       -0.14979147454685        0.28753970521130
O           -2.67879625921938       -0.51529548296913        1.33376994573317
N           -2.78087461124305        0.56192153184243       -0.67098815532081
C           -4.14615416172041        1.02778534289857       -0.57202539381676
S            1.61124811060860        1.21906650937288       -0.39544147282799
C            1.66675033393337        1.64798672862354        1.36668201987706
H            0.53767971513118       -0.96093872346826       -1.98719259915356
H            2.17837618314218       -0.57821487903661       -2.51868428122797
H            1.81259126326701       -2.18196319931735       -1.85607765614557
H            3.68025551566705       -0.50454989489762        0.91805093058840
H            4.03263750585093       -0.32753577494109       -0.80365862287315
H            3.64193873579605       -1.91922627621256       -0.13731988068932
H            1.55964474190514       -1.88941151859684        1.38914882467157
H           -2.23742557133011        0.82434094074283       -1.47958980626716
H           -4.17436745797430        2.11647130173753       -0.58572359129796
H           -4.55545926049956        0.66505083549943        0.36848420267643
H           -4.73452739009187        0.63619209512208       -1.40044675927860
H            0.84360549036726        1.17074340581172        1.89187529326094
H            1.55802561678669        2.72645065734523        1.40860949744113
H            2.62096512502812        1.35515732689489        1.79158190251220
26
 energy: -39.332200647563 gnorm: 0.000229012538 xtb: 6.7.1 (edcfbbe)
C            1.59337769780356       -1.12064518852084       -1.78103151998478
C            1.94635774203874       -0.61838828015788       -0.37965222466525
C            3.42009028577069       -0.85526412686562       -0.07707228111934
C            1.07533892270942       -1.26622548662209        0.64885006334720
N           -0.17331892664466       -1.20606155417960        0.82388498761115
O           -0.89018297159397       -0.40817494976908       -0.08778106026900
C           -2.18850933360368       -0.14994797704914        0.28762462238989
O           -2.67889705847905       -0.51595686746859        1.33355470881096
N           -2.78015447311761        0.56296069723946       -0.67035250761832
C           -4.14528754146832        1.02924861697603       -0.57113178067049
S            1.60896506230528        1.21809297824830       -0.39619268370450
C            1.66519009665091        1.64755464912556        1.36583097823006
H            0.53847451572229       -0.96269828845871       -1.98798190878046
H            2.17920224376925       -0.57858016705335       -2.51870446888625
H            1.81441195497681       -2.18275598151288       -1.85631242929071
H            3.67892519216378       -0.50420950041519        0.91917239114538
H            4.03245020863612       -0.32557765561970       -0.80222936499572
H            3.64295565555858       -1.91825868158627       -0.13728493433435
H            1.55960695302325       -1.89123162219790        1.38805872064315
H           -2.23648401564158        0.82602472340618       -1.47857175483079
H           -4.17318415319606        2.11793663656619       -0.58485322111611
H           -4.55447788238438        0.66662606926302        0.36946616857932
H           -4.73397086584231        0.63780790277042       -1.39939474582269
H            0.84448160120082        1.16679284008672        1.89223949339071
H            1.55202311023245        2.72585925845141        1.40730848306598
H            2.62161938041817        1.35868124407512        1.78938124790896
26
 energy: -39.332200971996 gnorm: 0.000146492418 xtb: 6.7.1 (edcfbbe)
C            1.59355836212815       -1.12066578784402       -1.78119281529135
C            1.94640969987463       -0.61848183193941       -0.37971742954733
C            3.42009690927576       -0.85545107783652       -0.07711738619045
C            1.07551454282479       -1.26659690197496        0.64876887323405
N           -0.17310825353814       -1.20643109397708        0.82401159498286
O           -0.89004003004873       -0.40820984258130       -0.08729637994066
C           -2.18817312518167       -0.14972768433819        0.28821726419924
O           -2.67860582510074       -0.51527096147992        1.33432553530937
N           -2.77973434636519        0.56295487748124       -0.67001995395174
C           -4.14477426077350        1.02957803908347       -0.57104682744762
S            1.60848680162612        1.21783910045325       -0.39648047623009
C            1.66410575142720        1.64741237822093        1.36553235851954
H            0.53880372972895       -0.96216456626959       -1.98823698633334
H            2.17959260822464       -0.57874906975079       -2.51872383548696
H            1.81403275396251       -2.18279800883796       -1.85673666279250
H            3.67883106442016       -0.50434784240543        0.91906549249899
H            4.03246131186984       -0.32579759008053       -0.80220019820973
H            3.64313247011204       -1.91837748152843       -0.13719171662579
H            1.55985982242043       -1.89165518222673        1.38785873274034
H           -2.23579807053491        0.82595432429622       -1.47808691756428
H           -4.17240077392243        2.11827811952967       -0.58425678818087
H           -4.55440356471948        0.66661857514646        0.36923887561504
H           -4.73319384164189        0.63867579272018       -1.39973580920621
H            0.84352585149522        1.16637250416377        1.89171753964869
H            1.55032351207827        2.72558975735786        1.40679015234575
H            2.62050030136648        1.35906074334935        1.78933874293906
26
 energy: -39.332201410642 gnorm: 0.000171392416 xtb: 6.7.1 (edcfbbe)
C            1.59352716045672       -1.12088261946706       -1.78147943331460
C            1.94652612860022       -0.61888729242539       -0.37994504018813
C            3.42026323140271       -0.85557478544818       -0.07734879027411
C            1.07588639919373       -1.26734778574090        0.64858644729627
N           -0.17264940638401       -1.20679332064823        0.82444532483179
O           -0.88958146502491       -0.40797184425857       -0.08630789956470
C           -2.18732424959244       -0.14871561130965        0.28946635905589
O           -2.67770149998947       -0.51290968022027        1.33611064740197
N           -2.77896550325101        0.56298785198208       -0.66951812768894
C           -4.14390642253786        1.02998464835906       -0.57107336601875
S            1.60847746713617        1.21727144524853       -0.39685045785560
C            1.66208671634600        1.64714955060405        1.36515287394400
H            0.53884065163228       -0.96170108239380       -1.98855294533933
H            2.17989603422116       -0.57914245386728       -2.51886308071459
H            1.81339985860479       -2.18312216526558       -1.85716073178120
H            3.67880950979476       -0.50472690172940        0.91899259680688
H            4.03262985699627       -0.32565386794929       -0.80223970327662
H            3.64340524027891       -1.91845201019383       -0.13768906877830
H            1.56034115826128       -1.89281694235161        1.38722306129037
H           -2.23468212269941        0.82565297433939       -1.47747513960734
H           -4.17126917636826        2.11871353596406       -0.58295215033848
H           -4.55443511978459        0.66600062778552        0.36843458391206
H           -4.73161995192734        0.64024192589762       -1.40079641103916
H            0.84143700731402        1.16563556701624        1.89064418566536
H            1.54741213989062        2.72515219674993        1.40622019897739
H            2.61819975843816        1.35951732805413        1.78980104563191
26
 energy: -39.332201723402 gnorm: 0.000190530728 xtb: 6.7.1 (edcfbbe)
C            1.59342158691751       -1.12135406872676       -1.78152662958691
C            1.94661816999845       -0.61911309469539       -0.38012720288072
C            3.42046070873383       -0.85548327025323       -0.07772395838470
C            1.07629305981502       -1.26780264680239        0.64848817800204
N           -0.17219414207172       -1.20709768353513        0.82468587975593
O           -0.88903468993337       -0.40788054026849       -0.08575073492473
C           -2.18650836483716       -0.14788249998171        0.29025430760341
O           -2.67666820468414       -0.51077480932916        1.33745713043746
N           -2.77834896430985        0.56284770768019       -0.66937462357364
C           -4.14303642249418        1.03057063149264       -0.57099902076417
S            1.60826372326650        1.21704750939558       -0.39711905309707
C            1.66012644891263        1.64675268358506        1.36499573800702
H            0.53883015187631       -0.96161970980680       -1.98872309939855
H            2.18019856761989       -0.58019745637503       -2.51904792876785
H            1.81266302707451       -2.18377597738657       -1.85680332427618
H            3.67908313715056       -0.50451501255468        0.91854811549707
H            4.03257493405111       -0.32538963698075       -0.80269691378248
H            3.64389777890806       -1.91832506671736       -0.13813671172769
H            1.56086564838708       -1.89376595321038        1.38661271847308
H           -2.23394128649260        0.82513241108197       -1.47738300137363
H           -4.16989226412533        2.11935240784513       -0.58132895389118
H           -4.55432590593582        0.66549566118853        0.36775354790693
H           -4.73041132613619        0.64230874933165       -1.40164590972085
H            0.83941156577819        1.16465201094022        1.88982056876638
H            1.54462108661201        2.72460988894115        1.40610197095953
H            2.61603537692721        1.35981705387329        1.79049388977554
26
 energy: -39.332201998936 gnorm: 0.000138376187 xtb: 6.7.1 (edcfbbe)
C            1.59337772800971       -1.12194265633689       -1.78149525712009
C            1.94670549114034       -0.61933948899662       -0.38027560084622
C            3.42068828937457       -0.85518471066859       -0.07817237484755
C            1.07663897345229       -1.26824616503574        0.64837589062106
N           -0.17184480640002       -1.20753087124498        0.82473246760601
O           -0.88854532445208       -0.40805689753427       -0.08554818255012
C           -2.18582460740249       -0.14731174205516        0.29074229300677
O           -2.67557598530193       -0.50891715296037        1.33857580460404
N           -2.77789407782605        0.56251867531907       -0.66942342783295
C           -4.14213835607250        1.03139221157066       -0.57074687841937
S            1.60817726244255        1.21691157627779       -0.39726387278017
C            1.65820103777298        1.64634913791845        1.36495184174765
H            0.53891603879598       -0.96176237765636       -1.98889990047870
H            2.18057182101592       -0.58160254993259       -2.51927814565332
H            1.81200913733946       -2.18454676183819       -1.85614877919786
H            3.67941570925898       -0.50392278392203        0.91797972734738
H            4.03248698912732       -0.32507539491735       -0.80338612380560
H            3.64437229190170       -1.91794906682208       -0.13842077102933
H            1.56135290991432       -1.89447053791583        1.38615520801537
H           -2.23355930154702        0.82410867934300       -1.47771180859782
H           -4.16808234037000        2.12023112543321       -0.57936385942986
H           -4.55411794952210        0.66524407697431        0.36728306484278
H           -4.72947685977834        0.64495997805359       -1.40225766990279
H            0.83737061553042        1.16354631058296        1.88900743934831
H            1.54179861964534        2.72415204812090        1.40613387662473
H            2.61398009495916        1.36005462697469        1.79128001776173
26
 energy: -39.332202193383 gnorm: 0.000099771766 xtb: 6.7.1 (edcfbbe)
C            1.59345153721700       -1.12245063816329       -1.78147489441679
C            1.94679449300077       -0.61949229744293       -0.38040745265512
C            3.42084665133995       -0.85492366014006       -0.07834539267700
C            1.07687658645286       -1.26848030045222        0.64827731379887
N           -0.17162353827180       -1.20790609749613        0.82456201556443
O           -0.88829248608860       -0.40846627446055       -0.08576913023948
C           -2.18541699242865       -0.14704635371915        0.29086444215412
O           -2.67472706089695       -0.50779884073182        1.33917560092971
N           -2.77768529018863        0.56218038105582       -0.66958515154864
C           -4.14149089897891        1.03219477379683       -0.57036936375379
S            1.60782254559819        1.21678440226161       -0.39743733024576
C            1.65679643587535        1.64601773318248        1.36485372013742
H            0.53899431810839       -0.96222937761296       -1.98899968140913
H            2.18082880155881       -0.58245383657626       -2.51941385718284
H            1.81198077758527       -2.18516082389657       -1.85565801177600
H            3.67959473289588       -0.50329946541161        0.91769872938661
H            4.03236889513406       -0.32470970530371       -0.80376430770236
H            3.64488142940340       -1.91765780146736       -0.13845221436691
H            1.56167007897936       -1.89484676613504        1.38589974372324
H           -2.23360545389315        0.82297060851138       -1.47830266094277
H           -4.16648581767480        2.12108296601910       -0.57765389068601
H           -4.55383255975798        0.66532079021497        0.36721166189329
H           -4.72910902016298        0.64731089089289       -1.40238234550737
H            0.83581304911471        1.16294997432230        1.88844033180880
H            1.54013560700184        2.72377587186557        1.40611785729814
H            2.61241658008513        1.35994313561831        1.79173924744940
26
 energy: -39.332202313655 gnorm: 0.000049145983 xtb: 6.7.1 (edcfbbe)
C            1.59372145695186       -1.12258372149424       -1.78154997123687
C            1.94680923419992       -0.61958435281879       -0.38042856829139
C            3.42085771213951       -0.85480715213124       -0.07822277292560
C            1.07682875011359       -1.26861217671107        0.64820082374713
N           -0.17168668126192       -1.20812770657647        0.82437598125835
O           -0.88839571215023       -0.40879889540492       -0.08606078033318
C           -2.18545730403404       -0.14723245009181        0.29071140368309
O           -2.67464905837977       -0.50791929109674        1.33910304933621
N           -2.77769566888468        0.56217257116968       -0.66960507407510
C           -4.14137984591754        1.03253301208147       -0.57006316995369
S            1.60767601620370        1.21661345183170       -0.39757667982801
C            1.65648846415303        1.64595226790014        1.36468500041980
H            0.53925134370860       -0.96266861749207       -1.98909823187331
H            2.18090648741288       -0.58237077200833       -2.51942880274024
H            1.81255003386111       -2.18518304292343       -1.85584407078107
H            3.67945708519732       -0.50313224700611        0.91783148939050
H            4.03244785111466       -0.32462358854161       -0.80359679321292
H            3.64498440826052       -1.91751040013673       -0.13820321027004
H            1.56162819678286       -1.89474403538485        1.38602826847393
H           -2.23375748137728        0.82278433536980       -1.47847341689278
H           -4.16609757238662        2.12143423317523       -0.57722439024042
H           -4.55361682787591        0.66566175262185        0.36756095707380
H           -4.72926600994226        0.64787824588919       -1.40199610687247
H            0.83518624740695        1.16318036594289        1.88814492978831
H            1.54023220255285        2.72382776903055        1.40585424197888
H            2.61198007315941        1.35946973353753        1.79170087341116
26
 energy: -39.332202544880 gnorm: 0.000103592819 xtb: 6.7.1 (edcfbbe)
C            1.59435829945593       -1.12288619583846       -1.78173771378243
C            1.94686287724484       -0.61971961924134       -0.38051941083253
C            3.42086254507601       -0.85458621136948       -0.07781295567732
C            1.07674404169769       -1.26879516958152        0.64799091619147
N           -0.17182529062883       -1.20865502125934        0.82383556388746
O           -0.88870377596100       -0.40981813553702       -0.08698442338222
C           -2.18551432683257       -0.14762136877214        0.29031080632384
O           -2.67435879434110       -0.50810846498676        1.33893337544570
N           -2.77781061168170        0.56206821986031       -0.66972620151055
C           -4.14114825393652        1.03334644799831       -0.56926893746051
S            1.60725254048606        1.21630311406243       -0.39798358596509
C            1.65579846748791        1.64579573961171        1.36423534582345
H            0.53977229456357       -0.96389288575850       -1.98934027636230
H            2.18107466064758       -0.58199031137113       -2.51944828933282
H            1.81417115796042       -2.18523312206805       -1.85621564886006
H            3.67910732876828       -0.50266709683720        0.91824396982003
H            4.03256621828724       -0.32445203757127       -0.80311105369165
H            3.64523511020293       -1.91724788479794       -0.13746377819786
H            1.56151520767179       -1.89458916637407        1.38613915352426
H           -2.23432218526386        0.82211052518612       -1.47907458811300
H           -4.16506952993570        2.12227251954332       -0.57615885527713
H           -4.55304685628287        0.66656615649007        0.36853435868637
H           -4.72982645723080        0.64930604372511       -1.40092369430308
H            0.83362231209540        1.16412795316124        1.88741916015581
H            1.54092943121065        2.72387524182922        1.40524937202919
H            2.61075699024718        1.35810001862797        1.79170236989506
26
 energy: -39.332202728290 gnorm: 0.000101235530 xtb: 6.7.1 (edcfbbe)
C            1.59512266917234       -1.12331169736456       -1.78198964230482
C            1.94691306015262       -0.61994769339551       -0.38066143770227
C            3.42088343326590       -0.85432430154977       -0.07738888098022
C            1.07660471356592       -1.26914859358490        0.64762053531333
N           -0.17203577502087       -1.20947365108287        0.82304411506235
O           -0.88900298737954       -0.41100196694166       -0.08803588594745
C           -2.18549521030786       -0.14800791249180        0.28989884316250
O           -2.67390471554763       -0.50805452983297        1.33887095952932
N           -2.77795025408387        0.56192946864020       -0.66984620888137
C           -4.14083055067181        1.03432749717398       -0.56832199139228
S            1.60685473896857        1.21596031642327       -0.39835298092489
C            1.65487237366508        1.64572270210848        1.36379832962167
H            0.54036598666520       -0.96548457556443       -1.98966924739878
H            2.18131309388634       -0.58161508807117       -2.51956440725916
H            1.81617299960965       -2.18540447873884       -1.85658580020676
H            3.67869552773231       -0.50208462351996        0.91867245168580
H            4.03273136290656       -0.32423184922985       -0.80260603433917
H            3.64551638780955       -1.91695464997076       -0.13665664716500
H            1.56134790128209       -1.89447881301418        1.38617556960102
H           -2.23497748008047        0.82130360580295       -1.47974979057364
H           -4.16382534900773        2.12327827043902       -0.57492912559966
H           -4.55235588326099        0.66768051760627        0.36969900560210
H           -4.73043046328380        0.65099336323197       -1.39963582363943
H            0.83164441511906        1.16538267504638        1.88653137688151
H            1.54168811061590        2.72396429350253        1.40460018415522
H            2.60908529523599        1.35659100310979        1.79190751273418
26
 energy: -39.332202832998 gnorm: 0.000068176842 xtb: 6.7.1 (edcfbbe)
C            1.59561627829113       -1.12357812159897       -1.78211126720128
C            1.94699680497807       -0.62006522893136       -0.38073921288167
C            3.42093448213705       -0.85420850724241       -0.07710926310949
C            1.07659623397583       -1.26934871371893        0.64739277073759
N           -0.17209644805973       -1.20995682717832        0.82254913217581
O           -0.88913206976400       -0.41177206120160       -0.08871588844332
C           -2.18535477164838       -0.14811570563316        0.28971297971713
O           -2.67342126914908       -0.50762077472945        1.33903489742516
N           -2.77801144860542        0.56179636655877       -0.66992943246243
C           -4.14055189314531        1.03499809231582       -0.56769411077525
S            1.60654367265470        1.21580653305221       -0.39867867400194
C            1.65403588035093        1.64560934698087        1.36348761172936
H            0.54075500451810       -0.96655482476132       -1.98988166525579
H            2.18145615881587       -0.58142634837894       -2.51964000914856
H            1.81749245197015       -2.18550560317991       -1.85675138942821
H            3.67850431606882       -0.50170550143604        0.91892271693457
H            4.03281771237375       -0.32414787578140       -0.80231576874223
H            3.64576694188597       -1.91681520535362       -0.13611435773418
H            1.56126694441540       -1.89476771919713        1.38592219076274
H           -2.23536745814357        0.82070100674777       -1.48020315814500
H           -4.16290360583832        2.12396586884966       -0.57417092547161
H           -4.55183968265067        0.66852081386948        0.37050137311997
H           -4.73079684582554        0.65210922875118       -1.39874969899521
H            0.83006507650549        1.16614730026705        1.88584038798305
H            1.54191496775920        2.72394826515904        1.40410265784183
H            2.60771596713805        1.35559548450233        1.79216308240311
26
 energy: -39.332202878417 gnorm: 0.000081759835 xtb: 6.7.1 (edcfbbe)
C            1.59610988740992       -1.12384454583338       -1.78223289209774
C            1.94708054980353       -0.62018276446722       -0.38081698806107
C            3.42098553100820       -0.85409271293505       -0.07682964523877
C            1.07658775438575       -1.26954883385295        0.64716500616185
N           -0.17215712109858       -1.21044000327378        0.82205414928926
O           -0.88926115214846       -0.41254215546155       -0.08939589093920
C           -2.18521433298890       -0.14822349877452        0.28952711627176
O           -2.67293782275053       -0.50718701962594        1.33919883532099
N           -2.77807264312696        0.56166326447734       -0.67001265604348
C           -4.14027323561882        1.03566868745766       -0.56706623015823
S            1.60623260634083        1.21565274968115       -0.39900436707899
C            1.65319938703678        1.64549599185326        1.36317689383706
H            0.54114402237101       -0.96762507395821       -1.99009408311280
H            2.18159922374540       -0.58123760868672       -2.51971561103797
H            1.81881190433065       -2.18560672762097       -1.85691697864967
H            3.67831310440533       -0.50132637935213        0.91917298218335
H            4.03290406184093       -0.32406390233296       -0.80202550314529
H            3.64601749596238       -1.91667576073648       -0.13557206830337
H            1.56118598754871       -1.89505662538008        1.38566881192445
H           -2.23575743620667        0.82009840769260       -1.48065652571637
H           -4.16198186266890        2.12465346726030       -0.57341272534357
H           -4.55132348204035        0.66936111013269        0.37130374063785
H           -4.73116322836728        0.65322509427039       -1.39786357435099
H            0.82848573789192        1.16691192548772        1.88514939908459
H            1.54214182490249        2.72393223681555        1.40360513152845
H            2.60634663904011        1.35459996589488        1.79241865207203
