17
 energy: -2771.233520516123 gnorm: 0.000581220332 xtb: 6.7.1 (edcfbbe)
C           -3.65952933088455       -0.93150825831038        0.15765044899178
C           -2.54144881811872        0.04450167929512        0.51585199323044
C           -1.72653556760694        0.45686829822120       -0.70839239535090
C           -0.65391785016066        1.50883237346094       -0.42609080070465
C            0.36562131856083        1.14559154966903        0.62775172518018
Br           1.42263246891227       -0.48183076859937        0.13045490980938
H           -4.24130654063279       -1.21660979263691        1.04029017180990
H           -3.25052760517031       -1.84774209215260       -0.28383050032003
H           -4.34882248304138       -0.48984804931601       -0.57105677391736
H           -2.96569304852901        0.94080245692097        0.98811307104080
H           -1.88633316437789       -0.42135791001435        1.26246315013229
H           -1.25743309881059       -0.43226566385597       -1.14859366163170
H           -2.40518724615716        0.86027976191119       -1.47029660978493
H           -0.13951446993709        1.77841765436052       -1.35479535370505
H           -1.13494186713222        2.42677178706589       -0.05508654162769
H           -0.07913808038438        0.89736430330571        1.59062943912268
H            1.11582460820145        1.92391704956611        0.75905191841565
17
 energy: -2771.233522980679 gnorm: 0.000267690446 xtb: 6.7.1 (edcfbbe)
C           -3.66042792591214       -0.93067174699172        0.15737170416107
C           -2.54121541009242        0.04345506279325        0.51586094392138
C           -1.72550185847521        0.45559772297164       -0.70797121858201
C           -0.65393376383349        1.50837300503834       -0.42618515143005
C            0.36532953359836        1.14641407729097        0.62819366957918
Br           1.42381057565789       -0.48042955774520        0.13071871992559
H           -4.24094130510707       -1.21697580570449        1.04024512221623
H           -3.25301215635886       -1.84605292104929       -0.28656336844931
H           -4.35027625007663       -0.48679146573154       -0.56910765224107
H           -2.96458907241663        0.93974643963227        0.98866703284685
H           -1.88652661449320       -0.42381667680517        1.26206381318830
H           -1.25584749387776       -0.43362145889623       -1.14764592118327
H           -2.40385636927313        0.85870865738633       -1.47051269050394
H           -0.13982892188892        1.77808678259725       -1.35524482505953
H           -1.13595746074121        2.42594796232146       -0.05530676642444
H           -0.07887478314443        0.89856885252255        1.59168831436014
H            1.11539849801709        1.92564580494860        0.75784261004268
17
 energy: -2771.233522980679 gnorm: 0.000267690446 xtb: 6.7.1 (edcfbbe)
C           -3.66042792591214       -0.93067174699172        0.15737170416107
C           -2.54121541009242        0.04345506279325        0.51586094392138
C           -1.72550185847521        0.45559772297164       -0.70797121858201
C           -0.65393376383349        1.50837300503834       -0.42618515143005
C            0.36532953359836        1.14641407729097        0.62819366957918
Br           1.42381057565789       -0.48042955774520        0.13071871992559
H           -4.24094130510707       -1.21697580570449        1.04024512221623
H           -3.25301215635886       -1.84605292104929       -0.28656336844931
H           -4.35027625007663       -0.48679146573154       -0.56910765224107
H           -2.96458907241663        0.93974643963227        0.98866703284685
H           -1.88652661449320       -0.42381667680517        1.26206381318830
H           -1.25584749387776       -0.43362145889623       -1.14764592118327
H           -2.40385636927313        0.85870865738633       -1.47051269050394
H           -0.13982892188892        1.77808678259725       -1.35524482505953
H           -1.13595746074121        2.42594796232146       -0.05530676642444
H           -0.07887478314443        0.89856885252255        1.59168831436014
H            1.11539849801709        1.92564580494860        0.75784261004268
