----------------------------------------------- 
  Element       SASA      Sigma Z        Total  
     Z         Ang**2 cal/Ang**2/mol   kcal/mol 
----------------------------------------------- 
      H        152.799      48.690       7.440
      C         48.983     129.740       6.355
      N         16.770       0.000       0.000
      O         27.087       0.000       0.000
      S         23.986      -9.100      -0.218

 Subtotal:     269.624                  13.577
 -----------------------------------------------

  Elements    COT*SASA   Sigma Z,Z'     Total   
    Z,Z'       Ang**2  cal/Ang**2/mol kcal/mol  
 ---------------------------------------------- 
  H   C         94.589     -60.770      -5.748
  H   O          0.000       0.000       0.000
  C   C         12.061     -72.950      -0.880
  O   C         14.646      68.690       1.006
  O   O          0.000       0.000       0.000
  C   N         12.246       0.000       0.000
  N   C         47.131     -48.220      -2.273
  N  C(3)        1.039      84.100       0.087
  O   N          2.417     121.980       0.295

 Subtotal:                              -7.512
 ---------------------------------------------- 

 NONAQUEOUS SOLVENT CONTRIBUTION (kcal/mol):
 (proportional to SASA, atomic number independent)
 ---------------------------------------------- 
 Subtotal:                               0.000
 ---------------------------------------------- 

 CDS TOTAL (kcal/mol):                   6.064
...............................................................................
