20
 energy: -34.252366980359 gnorm: 0.043336750385 xtb: 6.7.1 (edcfbbe)
C            2.42160696564665       -1.40418187421328        0.49628347063216
C            1.59647459211736       -0.43445735760990       -0.28321404583713
O            1.03659862687348       -0.68073212673957       -1.33757888628826
O            1.52208202337575        0.76199016223399        0.34253898852187
C            0.70579587434812        1.80210559291008       -0.26368994633078
C           -0.70644449933417        1.80198460885622        0.26378987136184
O           -1.52251172141568        0.76168612026427       -0.34241133124599
C           -1.59675209167404       -0.43471866385302        0.28343105510926
O           -1.03699381399944       -0.68078248960455        1.33791024749233
C           -2.42157410277367       -1.40468978717176       -0.49609087919414
H            2.78022224774820       -2.19628835715440       -0.16096270422479
H            1.78068083272695       -1.84899971059676        1.26649501887114
H            3.25438159940937       -0.90737905652335        0.99718633270360
H            1.18252665724348        2.73926122964762        0.03348110262561
H            0.72975448325307        1.71025882976690       -1.35216818219803
H           -1.18335464485659        2.73904014502743       -0.03341150123514
H           -0.73038083103625        1.71017061379710        1.35227159619842
H           -1.78029775046065       -1.84975835441913       -1.26586955458947
H           -3.25414356510391       -0.90807466058722       -0.99751527480179
H           -2.78044847718555       -2.19659445931764        0.16126020548744
20
 energy: -34.254296572212 gnorm: 0.018538125751 xtb: 6.7.1 (edcfbbe)
C            2.41216490782892       -1.40034622990765        0.49838088984814
C            1.57801255966765       -0.43325283216701       -0.27475331184642
O            1.02204182094150       -0.67398000949407       -1.32490628425181
O            1.51734003364318        0.76056190381234        0.33285327310320
C            0.71185996705598        1.79907983602254       -0.26229521066232
C           -0.71250622205313        1.79895488636438        0.26239132881990
O           -1.51777631270193        0.76025826155731       -0.33272498422710
C           -1.57830058664601       -0.43350882068978        0.27498157228229
O           -1.02241702720472       -0.67403430060905        1.32522872688558
C           -2.41213256569426       -1.40085327105979       -0.49818401819216
H            2.76972666402038       -2.18833067637764       -0.15906574582052
H            1.77653916155682       -1.84114625656199        1.26814566837098
H            3.23764646901589       -0.89099685948674        0.98835268960779
H            1.20288121999097        2.72989117526946        0.02905095885889
H            0.72391911022987        1.68009187190579       -1.34910831975513
H           -1.20370267692060        2.72966370231487       -0.02898704975550
H           -0.72454491977199        1.68000398148329        1.34920899323253
H           -1.77616808481542       -1.84189349817011       -1.26753436999922
H           -3.23741909343856       -0.89167967225492       -0.98866222497169
H           -2.76994201980206       -2.18864278723823        0.15936300153073
20
 energy: -34.254778615554 gnorm: 0.006068606826 xtb: 6.7.1 (edcfbbe)
C            2.39946926926634       -1.39662569265923        0.50417514096834
C            1.56529283448647       -0.43034857645198       -0.27295841587473
O            0.99365645967310       -0.67667204194647       -1.31258723855001
O            1.51252271529047        0.76051550719992        0.32274442733630
C            0.71442394368980        1.79448694741545       -0.26688746941349
C           -0.71507233679467        1.79436196481520        0.26698273334152
O           -1.51295737314707        0.76020920271893       -0.32261928527083
C           -1.56555960447945       -0.43061326027032        0.27317739245715
O           -0.99400093968418       -0.67673161400334        1.31289972209070
C           -2.39944252732750       -1.39713014833710       -0.50397158713846
H            2.75218775962484       -2.18591029519352       -0.15119983806633
H            1.76739931656446       -1.82937571038686        1.27782031557826
H            3.22329252649308       -0.87759143289985        0.98168035314041
H            1.21033815446495        2.72320682100566        0.01612656305425
H            0.70951286152559        1.65988050658195       -1.35344721683034
H           -1.21116208868074        2.72297782095513       -0.01606544977670
H           -0.71014151659787        1.65979484943141        1.35354735883401
H           -1.76705492463303       -1.83012097762997       -1.27722456015118
H           -3.22308055127283       -0.87825232196197       -0.98196505968975
H           -2.75240157355927       -2.18622114367001        0.15150769701909
20
 energy: -34.254907270498 gnorm: 0.002910597727 xtb: 6.7.1 (edcfbbe)
C            2.39086245037563       -1.39492369778260        0.50904111049240
C            1.55044939545502       -0.43291017403586       -0.26868716069918
O            0.97135400981560       -0.68592113351007       -1.30417582084542
O            1.51058734168706        0.76254208922671        0.31501920415567
C            0.71361001256575        1.79413730169796       -0.27359020276694
C           -0.71425830831977        1.79401318290996        0.27368278793130
O           -1.51102742356611        0.76223698459853       -0.31489128765909
C           -1.55071445402449       -0.43317370474413        0.26890988394755
O           -0.97166815018692       -0.68598655323285        1.30447674504884
C           -2.39083924841378       -1.39542552822434       -0.50883345835651
H            2.74132324721467       -2.18709842049253       -0.14386381011841
H            1.76168199842957       -1.82322180232439        1.28724960418901
H            3.21546429267116       -0.87014273545152        0.97907881159275
H            1.21041023668126        2.72436666704612       -0.00009299453421
H            0.69457558376847        1.65472737675611       -1.35986674071413
H           -1.21123393536300        2.72413767880602        0.00014807952552
H           -0.69520436234118        1.65464889994399        1.35996468346366
H           -1.76135545579072       -1.82395668054049       -1.28667106921215
H           -3.21526948674554       -0.87079487173087       -0.97933907018628
H           -2.74152533901022       -2.18741447420275        0.14417628780382
20
 energy: -34.254998182778 gnorm: 0.003950679617 xtb: 6.7.1 (edcfbbe)
C            2.38204955953191       -1.39405883097542        0.51382707012590
C            1.54132380069964       -0.43468027081480       -0.26761627746297
O            0.95071801064674       -0.69704892783262       -1.29577284320595
O            1.51337221298794        0.76654833083491        0.30501573836477
C            0.71147150130977        1.79469213111748       -0.28137066413949
C           -0.71216405201761        1.79464132499019        0.28150479475661
O           -1.51388681041886        0.76633665854363       -0.30483991324807
C           -1.54181702084053       -0.43479227805780        0.26797603786981
O           -0.95155755167876       -0.69685030889796        1.29639675004868
C           -2.38187458574132       -1.39454201139029       -0.51371946103233
H            2.73020691783396       -2.19086053802371       -0.13506293916323
H            1.75313150706807       -1.81713474470837        1.29576873259771
H            3.20816945007277       -0.86693148389278        0.97910141522427
H            1.20874858064989        2.72755518833592       -0.01874265557956
H            0.67903427675511        1.65308198968123       -1.36688217412236
H           -1.20954220846907        2.72741625432063        0.01876865766713
H           -0.67974215270202        1.65314083553147        1.36702630149967
H           -1.75232019212519       -1.81783436427584       -1.29502604746234
H           -3.20768466789446       -0.86768134780773       -0.97980893207380
H           -2.73041417076553       -2.19115720196513        0.13519199239375
20
 energy: -34.255065518785 gnorm: 0.004035692752 xtb: 6.7.1 (edcfbbe)
C            2.37320132457231       -1.39322175902043        0.51820708820996
C            1.53366210709865       -0.43633855994759       -0.26730638391905
O            0.93409149162933       -0.70660427135547       -1.28844191104176
O            1.51804162522423        0.77141541622015        0.29353658640340
C            0.70817336424912        1.79563570228826       -0.28994372889207
C           -0.70894826610755        1.79569666231170        0.29013792947673
O           -1.51866511036340        0.77133999743007       -0.29330512407527
C           -1.53444762264739       -0.43624435389368        0.26785089575591
O           -0.93573971451604       -0.70600690380654        1.28959533320956
C           -2.37279871631613       -1.39367355508649       -0.51825410904879
H            2.72030921604971       -2.19428551973140       -0.12631678888014
H            1.74226249853152       -1.81211898729165        1.30132773342063
H            3.20002675959996       -0.86597235846014        0.98231384278300
H            1.20663055023114        2.73119482554679       -0.03861479655208
H            0.66314279898587        1.65086718538375       -1.37431909949403
H           -1.20739200545972        2.73120366333878        0.03861046541591
H           -0.66399099328636        1.65111162515515        1.37453254350888
H           -1.74067882748899       -1.81279123241275       -1.30029971537258
H           -3.19908385238214       -0.86684802851611       -0.98375187627359
H           -2.72057422270166       -2.19451914343939        0.12617669842358
20
 energy: -34.255117655816 gnorm: 0.002922012576 xtb: 6.7.1 (edcfbbe)
C            2.36253831073876       -1.39182576957743        0.52330025074441
C            1.52653288823170       -0.43748792371694       -0.26827470334529
O            0.91666064250587       -0.71568517042990       -1.28072458794612
O            1.52401866159515        0.77716966702860        0.27890050503814
C            0.70360033927096        1.79645994929950       -0.30030493310162
C           -0.70447531564263        1.79663701258523        0.30054433647011
O           -1.52479675339402        0.77724781687486       -0.27861272318966
C           -1.52763583070628       -0.43717631660956        0.26903678411123
O           -0.91906940521442       -0.71470889324136        1.28243807937195
C           -2.36190059657731       -1.39223476161395       -0.52350385152665
H            2.70885094539127       -2.19773266078287       -0.11568902351892
H            1.72725371529382       -1.80551589792265        1.30606628905707
H            3.18942443845717       -0.86529509837380        0.98796149635090
H            1.20452029094176        2.73456306344534       -0.06251671095921
H            0.64378288397004        1.64528199721122       -1.38301547565817
H           -1.20525237098705        2.73473992151180        0.06247647154815
H           -0.64479966504658        1.64570972521366        1.38328936171053
H           -1.72483118933743       -1.80615257925090       -1.30471834683878
H           -3.18799627175109       -0.86627103125053       -0.99018658307127
H           -2.70920331283725       -2.19788264568732        0.11526894781141
20
 energy: -34.255135913767 gnorm: 0.001286711738 xtb: 6.7.1 (edcfbbe)
C            2.35526090738187       -1.39039837692406        0.52686422323966
C            1.52208759751441       -0.43811003847165       -0.26945389283449
O            0.90608374684196       -0.72053674594380       -1.27632743087752
O            1.52761447572303        0.78075054705199        0.26826351785073
C            0.69989265398249        1.79672988801353       -0.30774933775971
C           -0.70081647848418        1.79692936696095        0.30799210781410
O           -1.52843690826899        0.78085712833349       -0.26798649922539
C           -1.52318626228892       -0.43779005272248        0.27023301714904
O           -0.90857636583287       -0.71952552832047        1.27816767409171
C           -2.35457985910798       -1.39078726011521       -0.52709161042171
H            2.70152404061010       -2.19956890993262       -0.10786077473341
H            1.71592861193566       -1.80009086612837        1.30853943686780
H            3.18151200357228       -0.86413374372507        0.99273522163844
H            1.20310633310070        2.73602899716882       -0.07981016907033
H            0.62957269622480        1.63913687195781       -1.38888617870894
H           -1.20386291386204        2.73625242370135        0.07977398530875
H           -0.63066117466402        1.63957710746731        1.38917351898031
H           -1.71332376062942       -1.80078557104543       -1.30705958653969
H           -3.17992414474637       -0.86505762151295       -0.99518446224744
H           -2.70199279410006       -2.19963721110016        0.10740282253630
20
 energy: -34.255139584402 gnorm: 0.000657834415 xtb: 6.7.1 (edcfbbe)
C            2.35424974091315       -1.38943660325443        0.52780034097168
C            1.52237765117980       -0.43805709946792       -0.27057709247201
O            0.90574321558939       -0.72054341911674       -1.27659818366574
O            1.52830501585663        0.78121733059178        0.26510365041682
C            0.69837026763720        1.79632901358827       -0.30994062027246
C           -0.69923350613464        1.79643169395902        0.31014571413344
O           -1.52903609355179        0.78120942198818       -0.26487661499619
C           -1.52329139572396       -0.43789241936061        0.27124043664214
O           -0.90769764441651       -0.71982246955347        1.27809434349089
C           -2.35371438901984       -1.38985119767914       -0.52792851507214
H            2.70128765185689       -2.19945858600786       -0.10513131140179
H            1.71281309717766       -1.79762738994125        1.30840069873887
H            3.17952118791330       -0.86281950689912        0.99483573802915
H            1.20267597687940        2.73543132200178       -0.08524933865968
H            0.62510805539998        1.63523834044489       -1.39011299112412
H           -1.20346286734961        2.73553116022523        0.08524200917968
H           -0.62611520488939        1.63552657709458        1.39035954840914
H           -1.71070831147439       -1.79844093812482       -1.30704645273636
H           -3.17814429607252       -0.86360729408801       -0.99688201078549
H           -2.70182574686829       -2.19951753168737        0.10485623423241
20
 energy: -34.255140503358 gnorm: 0.000229340972 xtb: 6.7.1 (edcfbbe)
C            2.35570103427105       -1.38910010394407        0.52772245230679
C            1.52338784501816       -0.43806732759515       -0.27065391957605
O            0.90746995007998       -0.72042411868431       -1.27738500328571
O            1.52825007021177        0.78098691753433        0.26566724265845
C            0.69842580681528        1.79603775546997       -0.30985741218626
C           -0.69923478371214        1.79607308119853        0.31005272836246
O           -1.52886647820332        0.78088064155894       -0.26548064315376
C           -1.52412138012280       -0.43803016970713        0.27119223890107
O           -0.90910743281333       -0.71987593757961        1.27862568119852
C           -2.35528151615651       -1.38954556363224       -0.52778386381415
H            2.70345103522679       -2.19886736224477       -0.10511784114398
H            1.71441283981888       -1.79757457280915        1.30825129332797
H            3.18051763802483       -0.86184506665960        0.99483115690917
H            1.20289178114614        2.73509318009490       -0.08536302738495
H            0.62528023636250        1.63441007918989       -1.38998280326034
H           -1.20370240887982        2.73509519240150        0.08539679694031
H           -0.62619874216065        1.63458413318822        1.39020955521343
H           -1.71269497019981       -1.79849878105116       -1.30700328935028
H           -3.17932134019685       -0.86256898230110       -0.99657872856575
H           -2.70403677962771       -2.19892258971500        0.10499296896128
20
 energy: -34.255141229801 gnorm: 0.000259206595 xtb: 6.7.1 (edcfbbe)
C            2.35687728972543       -1.38846207525775        0.52810745883490
C            1.52434737431589       -0.43812739097112       -0.27087339859981
O            0.90898922517567       -0.72098591623594       -1.27791248967666
O            1.52846893739127        0.78110671186879        0.26524362526916
C            0.69811379949109        1.79559686101218       -0.31076387915107
C           -0.69883036226437        1.79552763858827        0.31091314626530
O           -1.52899807455776        0.78088359416414       -0.26508547768910
C           -1.52491117480161       -0.43824013501498        0.27129394027484
O           -0.90994884660326       -0.72077683204847        1.27868849076684
C           -2.35665575754080       -1.38894472055763       -0.52805398142576
H            2.70577796112849       -2.19813818872482       -0.10421428183077
H            1.71544122116811       -1.79717978872513        1.30840790445208
H            3.18093480226460       -0.86026530519823        0.99549990954318
H            1.20274623644103        2.73497539417542       -0.08803159509792
H            0.62370547516931        1.63267911434394       -1.39061072141553
H           -1.20356792374250        2.73483307102366        0.08810545100453
H           -0.62446130278058        1.63269148032752        1.39077689090956
H           -1.71434378474949       -1.79818095746593       -1.30737426511731
H           -3.18010654363739       -0.86091819511197       -0.99670268102088
H           -2.70635614669067       -2.19823395547896        0.10432153676266
20
 energy: -34.255141607588 gnorm: 0.000211350744 xtb: 6.7.1 (edcfbbe)
C            2.35801656561481       -1.38786722290455        0.52840254343795
C            1.52530864086520       -0.43808116782462       -0.27108141700404
O            0.91022627721456       -0.72149681046374       -1.27814979183773
O            1.52868847037952        0.78121120713052        0.26492862298567
C            0.69792740933902        1.79516456502534       -0.31129173735780
C           -0.69859918832268        1.79501995680518        0.31143538083038
O           -1.52905510474128        0.78085856683805       -0.26484539219888
C           -1.52547696161100       -0.43841429560627        0.27123229332779
O           -0.91070781946209       -0.72153458811931        1.27854079924139
C           -2.35797533262769       -1.38838537627220       -0.52824061954776
H            2.70768038982282       -2.19738146606336       -0.10370415394610
H            1.71658529993203       -1.79697122890966        1.30851112521624
H            3.18157370040169       -0.85911203613538        0.99606402941964
H            1.20246269793316        2.73486031119872       -0.08987641806203
H            0.62261905771167        1.63137664680249       -1.39089033617456
H           -1.20334735076044        2.73460961646656        0.09003290305300
H           -0.62326278510169        1.63121856621973        1.39103361806985
H           -1.71607932176338       -1.79814169147899       -1.30761806507124
H           -3.18102881461831       -0.85965279188351       -0.99681506628265
H           -2.70833342530348       -2.19744035611201        0.10406726495911
20
 energy: -34.255141714257 gnorm: 0.000260444709 xtb: 6.7.1 (edcfbbe)
C            2.35915584150420       -1.38727237055135        0.52869762804100
C            1.52626990741451       -0.43803494467811       -0.27128943540827
O            0.91146332925345       -0.72200770469155       -1.27838709399880
O            1.52890800336777        0.78131570239226        0.26461362070219
C            0.69774101918695        1.79473226903851       -0.31181959556453
C           -0.69836801438099        1.79451227502209        0.31195761539546
O           -1.52911213492479        0.78083353951197       -0.26460530670867
C           -1.52604274842039       -0.43858845619756        0.27117064638075
O           -0.91146679232091       -0.72229234419015        1.27839310771594
C           -2.35929490771459       -1.38782603198678       -0.52842725766975
H            2.70958281851716       -2.19662474340190       -0.10319402606142
H            1.71772937869595       -1.79676266909419        1.30861434598041
H            3.18221259853879       -0.85795876707253        0.99662814929610
H            1.20217915942529        2.73474522822203       -0.09172124102615
H            0.62153264025403        1.63007417926103       -1.39116995093360
H           -1.20312677777838        2.73438616190946        0.09196035510147
H           -0.62206426742279        1.62974565211193        1.39129034523014
H           -1.71781485877726       -1.79810242549205       -1.30786186502516
H           -3.18195108559923       -0.85838738865505       -0.99692745154443
H           -2.71031070391630       -2.19664675674505        0.10381299315556
20
 energy: -34.255141885922 gnorm: 0.000187588605 xtb: 6.7.1 (edcfbbe)
C            2.35961101440666       -1.38713226775629        0.52874304211091
C            1.52617746224090       -0.43816002586991       -0.27098348966001
O            0.91147882484666       -0.72226202617594       -1.27801939099892
O            1.52898903930705        0.78136624811755        0.26458260349755
C            0.69775616287164        1.79461659453779       -0.31191689488244
C           -0.69832219303289        1.79438602370503        0.31198462459990
O           -1.52941134972745        0.78097327200779       -0.26445340838055
C           -1.52643498743593       -0.43850866628439        0.27117792977459
O           -0.91118950290713       -0.72264379330819        1.27791472788564
C           -2.35973549128193       -1.38767078610843       -0.52847096429229
H            2.71019791083107       -2.19630775396303       -0.10330362986668
H            1.71835245890967       -1.79693183799769        1.30862567997882
H            3.18257305635801       -0.85768124843833        0.99670137473768
H            1.20212275032969        2.73471004297294       -0.09191292184129
H            0.62147097445609        1.62984845709378       -1.39127742646982
H           -1.20294868966981        2.73434288284543        0.09204174238106
H           -0.62195747723878        1.62961625444923        1.39133230833232
H           -1.71839538392711       -1.79796446003115       -1.30804114082829
H           -3.18247426186478       -0.85823314528279       -0.99681621629195
H           -2.71063791256920       -2.19652335980041        0.10382703327199
20
 energy: -34.255142121667 gnorm: 0.000123440394 xtb: 6.7.1 (edcfbbe)
C            2.36014988076892       -1.38700925041836        0.52878476215721
C            1.52617762415576       -0.43825748638904       -0.27061050195951
O            0.91062647587199       -0.72278933238891       -1.27696579310187
O            1.52938994037859        0.78152638266828        0.26438376133390
C            0.69772229068782        1.79449685414841       -0.31193695388893
C           -0.69833144894250        1.79431052393060        0.31201447931836
O           -1.52985428436764        0.78117396100537       -0.26424000194846
C           -1.52639413978283       -0.43858763203595        0.27078424035327
O           -0.91037233207731       -0.72312004801483        1.27689746737751
C           -2.36025422700203       -1.38752657163117       -0.52851519875010
H            2.71066286717205       -2.19608110278790       -0.10346526245953
H            1.71915988808366       -1.79702640628749        1.30879194375856
H            3.18316520530271       -0.85748211635210        0.99654658711569
H            1.20195735046266        2.73465706098664       -0.09174889013462
H            0.62151843232952        1.62985626054812       -1.39138105363459
H           -1.20278831805123        2.73434983468573        0.09184721383908
H           -0.62204489578103        1.62968037556850        1.39145389722757
H           -1.71916597234727       -1.79796038946867       -1.30823092255792
H           -3.18309033865247       -0.85804842046221       -0.99664132167751
H           -2.71101159330692       -2.19632209259203        0.10396713069014
20
 energy: -34.255142281135 gnorm: 0.000074397352 xtb: 6.7.1 (edcfbbe)
C            2.36091315675157       -1.38684373563275        0.52877666119333
C            1.52626205196475       -0.43840279353219       -0.27025403435394
O            0.90995149085488       -0.72325382819424       -1.27604423631275
O            1.52968953441597        0.78150740147444        0.26436287539557
C            0.69773214655560        1.79433500457747       -0.31182654588249
C           -0.69836359602290        1.79418235453557        0.31192028941755
O           -1.53015446124942        0.78117648707920       -0.26420710797805
C           -1.52642965653353       -0.43872489165071        0.27039895854538
O           -0.90980516414288       -0.72351112924542        1.27602430778697
C           -2.36098786371122       -1.38735058345021       -0.52851318086107
H            2.71159647352070       -2.19566048798970       -0.10368409342152
H            1.72034752027499       -1.79731238973952        1.30888072896830
H            3.18381739862487       -0.85699382379071        0.99634700686795
H            1.20181511911957        2.73455878671795       -0.09151483240242
H            0.62167015727135        1.62981057880306       -1.39127987411069
H           -1.20264844210343        2.73428814815511        0.09158697295105
H           -0.62224657019927        1.62970357534897        1.39137169404792
H           -1.72032353628326       -1.79816426940058       -1.30835817478227
H           -3.18375303707041       -0.85757157290254       -0.99640179184225
H           -2.71186031713546       -2.19593242645021        0.10414995983164
20
 energy: -34.255142375267 gnorm: 0.000064393628 xtb: 6.7.1 (edcfbbe)
C            2.36153123216145       -1.38667241027538        0.52878479512756
C            1.52639395350532       -0.43850833514546       -0.27007389451279
O            0.90971648067374       -0.72358461100649       -1.27557996277530
O            1.52981179701648        0.78144872797958        0.26437870362751
C            0.69771868739794        1.79418579535195       -0.31182133700917
C           -0.69837288090771        1.79405905043240        0.31191706205455
O           -1.53026727522877        0.78112554025783       -0.26422909461843
C           -1.52648139201069       -0.43884724697255        0.27018057197329
O           -0.90959946858660       -0.72381172112266        1.27559059806768
C           -2.36159895915177       -1.38716731863594       -0.52851903126441
H            2.71256914986640       -2.19523409462520       -0.10380803178610
H            1.72128108761385       -1.79759734818475        1.30890235707647
H            3.18420612559360       -0.85643043342513        0.99630946398257
H            1.20176942073382        2.73442301689517       -0.09151040582773
H            0.62168944698634        1.62962724226838       -1.39126772913457
H           -1.20262483094746        2.73418143476918        0.09157200808219
H           -0.62229258377876        1.62955634791084        1.39136856468504
H           -1.72127543300349       -1.79839098978416       -1.30841719583551
H           -3.18417422090968       -0.85700237476223       -0.99630582902795
H           -2.71277793212154       -2.19551986721238        0.10426397017333
