26
 energy: -933.142083958685 gnorm: 0.001593278006 xtb: 6.7.1 (edcfbbe)
C            1.71835593138000       -0.50828446327808       -1.70981359092807
C            1.92603658495949       -0.70295615932718       -0.20908242916861
C            3.20325239623237       -1.51458527968604        0.03426367584301
C            0.78764304515029       -1.44595156259993        0.45217040140121
N           -0.47271532782793       -1.23954930774978        0.48496402543835
O           -0.82527009029623       -0.05222237871016       -0.23343382656057
C           -2.16583110092581        0.28485991026816       -0.17323856028060
O           -2.47914626988651        1.30185070163193       -0.78927013515452
N           -2.97096985285114       -0.50815684576267        0.53560541870847
C           -4.39746595171950       -0.25125904605604        0.67994334595661
S            2.19247469368185        0.91727133791050        0.70928446540987
C            1.41143034091793        2.21188555790977       -0.31797906213884
H            1.56798842491943       -1.49142741385628       -2.16922405004571
H            0.85735945091503        0.11443461344703       -1.94779262303624
H            2.61491721148347       -0.06045536386320       -2.14741470556201
H            4.05534614794066       -1.02783517929598       -0.44518202004722
H            3.08472067591755       -2.51833326612390       -0.39030630238180
H            3.41404483331471       -1.62118611953419        1.10357404466328
H            1.05420527127275       -2.34130214571459        1.01702795031166
H           -2.56303578526562       -1.30845243048626        0.99706179216092
H           -4.66942764383041        0.62736869460976        0.09566485806143
H           -4.64993916879200       -0.07112015485853        1.72921328932184
H           -4.97442149892399       -1.10816088476832        0.32045432531435
H            0.33193897953821        2.07768297844190       -0.40265635743532
H            1.87184043423006        2.26590926000483       -1.30687253660836
H            1.61263191489555        3.14887615537771        0.21073961512338
26
 energy: -933.142087152866 gnorm: 0.000940111020 xtb: 6.7.1 (edcfbbe)
C            1.71958637124767       -0.50871354995722       -1.71039310913364
C            1.92627420927016       -0.70301980172964       -0.20963978416149
C            3.20306151906765       -1.51499718704209        0.03433727390935
C            0.78791704193184       -1.44623344170614        0.45134595790885
N           -0.47199319535095       -1.23965658121989        0.48525340512238
O           -0.82558356788042       -0.05238585684443       -0.23255407793271
C           -2.16610660332643        0.28645638337079       -0.17050927901660
O           -2.47888451728688        1.30167125483959       -0.78870876376188
N           -2.97166169426844       -0.50768543400504        0.53617995183166
C           -4.39837033173894       -0.25159466398798        0.67986504936665
S            2.19278541409155        0.91757223972892        0.70799486698095
C            1.41082689213758        2.21260001389786       -0.31838642215916
H            1.57284191601681       -1.49242985371021       -2.17005931479254
H            0.85723796298020        0.11206168097168       -1.94947295884201
H            2.61598628835917       -0.05832064391202       -2.14622096403291
H            4.05615941535867       -1.02950472078625       -0.44394351722630
H            3.08286060140550       -2.51774224971527       -0.39145595558054
H            3.41210139298138       -1.62337791047559        1.10359744567544
H            1.05559551348521       -2.34015661247952        1.01736972023987
H           -2.56326306758217       -1.30835775543182        0.99688750827039
H           -4.66997217686634        0.62684711464468        0.09499624971073
H           -4.65074106254511       -0.07079180837187        1.72899142988721
H           -4.97518639945990       -1.10865474902731        0.32079501987737
H            0.33124464916002        2.07972012579384       -0.40049827599986
H            1.86902297282320        2.26635080927665       -1.30796241663999
H            1.61422418784431        3.14924420839344        0.20989208509418
26
 energy: -933.142087152866 gnorm: 0.000940111020 xtb: 6.7.1 (edcfbbe)
C            1.71958637124767       -0.50871354995722       -1.71039310913364
C            1.92627420927016       -0.70301980172964       -0.20963978416149
C            3.20306151906765       -1.51499718704209        0.03433727390935
C            0.78791704193184       -1.44623344170614        0.45134595790885
N           -0.47199319535095       -1.23965658121989        0.48525340512238
O           -0.82558356788042       -0.05238585684443       -0.23255407793271
C           -2.16610660332643        0.28645638337079       -0.17050927901660
O           -2.47888451728688        1.30167125483959       -0.78870876376188
N           -2.97166169426844       -0.50768543400504        0.53617995183166
C           -4.39837033173894       -0.25159466398798        0.67986504936665
S            2.19278541409155        0.91757223972892        0.70799486698095
C            1.41082689213758        2.21260001389786       -0.31838642215916
H            1.57284191601681       -1.49242985371021       -2.17005931479254
H            0.85723796298020        0.11206168097168       -1.94947295884201
H            2.61598628835917       -0.05832064391202       -2.14622096403291
H            4.05615941535867       -1.02950472078625       -0.44394351722630
H            3.08286060140550       -2.51774224971527       -0.39145595558054
H            3.41210139298138       -1.62337791047559        1.10359744567544
H            1.05559551348521       -2.34015661247952        1.01736972023987
H           -2.56326306758217       -1.30835775543182        0.99688750827039
H           -4.66997217686634        0.62684711464468        0.09499624971073
H           -4.65074106254511       -0.07079180837187        1.72899142988721
H           -4.97518639945990       -1.10865474902731        0.32079501987737
H            0.33124464916002        2.07972012579384       -0.40049827599986
H            1.86902297282320        2.26635080927665       -1.30796241663999
H            1.61422418784431        3.14924420839344        0.20989208509418
