20
 energy: -386.241430268960 gnorm: 0.036842679657 xtb: 6.7.1 (edcfbbe)
C           -3.33183057997642       -0.75798237523588       -0.55023900994383
C           -2.17512660856386       -0.38608822227109        0.36902897866353
C           -1.34629984819658        0.76131532363736       -0.20567686679114
C           -0.15535903866884        1.11129385869244        0.68188514550216
O            0.76194896233764        0.01323643850587        0.78467531384771
C            1.71808589166133       -0.10023052304441       -0.13115422715812
O            1.86445478302619        0.68088544800172       -1.04871603376471
C            2.59409083704951       -1.28764632687059        0.13468676375968
H           -3.91006642003265       -1.57306595179707       -0.12318169925459
H           -3.99127700906864        0.09431155284179       -0.69525153560808
H           -2.96040710901184       -1.07224933177514       -1.52302594077489
H           -2.56503459843663       -0.09081027394024        1.34491856599597
H           -1.53016922527806       -1.25445345545588        0.51722150512919
H           -0.97534105553220        0.49232744141816       -1.19771354123074
H           -1.96568952977105        1.65295205223247       -0.30837473153665
H            0.37906974046798        1.97614069317568        0.27672894252263
H           -0.47275802590949        1.30613928897878        1.70704698705644
H            1.99137480618243       -2.12138894914004        0.47999302681270
H            3.29907884226191       -1.02538066175437        0.92051307530790
H            3.14278016479265       -1.54577035498497       -0.76504208323901
20
 energy: -386.242583494686 gnorm: 0.014256113195 xtb: 6.7.1 (edcfbbe)
C           -3.33813914473033       -0.76209071993635       -0.55116675538833
C           -2.17712447990550       -0.38864078232336        0.36578155158857
C           -1.33866777071599        0.75770542701701       -0.19795694963101
C           -0.15371931877014        1.12891112941425        0.68170829618937
O            0.76504336190469        0.01670065681821        0.79363822821834
C            1.72125369440222       -0.10499472986776       -0.13559734726626
O            1.86686439270905        0.67544306918118       -1.06263565534099
C            2.59645337532842       -1.29031465956134        0.13295615216670
H           -3.92754847189538       -1.58060146832117       -0.13055366187119
H           -4.00277516467568        0.09344926826207       -0.70095527653377
H           -2.96995160655466       -1.07817306287450       -1.53136432324109
H           -2.56184819219883       -0.09666278292590        1.34962532139574
H           -1.53554592542220       -1.26280302767094        0.51912998853845
H           -0.97298017148295        0.49702857841959       -1.19803616052506
H           -1.95895397863311        1.65448949952586       -0.30262700628553
H            0.37879927165825        2.00057549550939        0.29199838321476
H           -0.47496366852973        1.32444637982671        1.70694532714238
H            2.00150475387735       -2.13415397002769        0.48383362780538
H            3.30585707958693       -1.02431633350060        0.92194578216194
H            3.14796690007312       -1.55246307614846       -0.76834647863927
20
 energy: -386.242824661075 gnorm: 0.005695802490 xtb: 6.7.1 (edcfbbe)
C           -3.33780401240167       -0.75853894171893       -0.55195112841167
C           -2.17533601660901       -0.39005868643395        0.36620604506690
C           -1.33799755676875        0.75715306025806       -0.19809498735442
C           -0.15981286540246        1.13303124720096        0.68152221066557
O            0.77148852557562        0.01844854431083        0.80888309634942
C            1.72388307031013       -0.10864873564917       -0.13347939382753
O            1.85869993812272        0.66609486968428       -1.06929325296392
C            2.60018761333983       -1.29129374480048        0.13142076249069
H           -3.93196416820664       -1.57847471255357       -0.13393452593498
H           -4.00682386528900        0.09695491602993       -0.70413701294710
H           -2.97449787588962       -1.07680868176271       -1.53646624079240
H           -2.55760725910842       -0.10264213913092        1.35494055801608
H           -1.53742528699979       -1.26918920474225        0.52002639984406
H           -0.97404023364866        0.50256734582104       -1.20226316346144
H           -1.96069509311661        1.65561265322583       -0.30480476162285
H            0.37347591361451        2.00544444608901        0.29638590415006
H           -0.48076674550771        1.33369025350108        1.70718899572321
H            2.01351749080859       -2.14127674037965        0.48871669953661
H            3.31422099871385       -1.02229366847757        0.91896031322602
H            3.15082211760318       -1.55623850379456       -0.77150285372538
20
 energy: -386.242871269542 gnorm: 0.002963258680 xtb: 6.7.1 (edcfbbe)
C           -3.33872648660320       -0.75681003084152       -0.55260604812229
C           -2.17482938746254       -0.39118027002481        0.36398475677797
C           -1.33598355291274        0.75604931527856       -0.19719718309749
C           -0.16138588300273        1.13552473464928        0.68284237990225
O            0.77439230087057        0.01962567293891        0.81688334764087
C            1.71987677718279       -0.11339062256532       -0.13464224607996
O            1.84823956790579        0.65826937518320       -1.07273380313098
C            2.60201769848807       -1.29040101894524        0.13176235984250
H           -3.93387713602499       -1.57619783875877       -0.13523648304424
H           -4.00640474600025        0.09978818867659       -0.70337996865832
H           -2.97685606451524       -1.07450915478249       -1.53766646474948
H           -2.55554346795767       -0.10563770215841        1.35383029341059
H           -1.53808292010325       -1.27151030250432        0.51547464771766
H           -0.97286751966577        0.50321353802079       -1.20192647430820
H           -1.96023465640636        1.65362735470567       -0.30415131218816
H            0.37498113489388        2.00554986161672        0.29673282478551
H           -0.48284930390245        1.33710847650576        1.70826141699779
H            2.02050220284600       -2.14234970799341        0.49218452309113
H            3.31698626365095       -1.01810495024609        0.91726099418766
H            3.15216967399763       -1.55513245696202       -0.77135333250992
20
 energy: -386.242899413113 gnorm: 0.002244559908 xtb: 6.7.1 (edcfbbe)
C           -3.33888500410976       -0.75379059744120       -0.55369060785676
C           -2.17305515480215       -0.39349390947747        0.36167643459311
C           -1.33379865494697        0.75428398075086       -0.19721174153937
C           -0.16311396138059        1.13680299759430        0.68473607407062
O            0.77804619670688        0.02182034601764        0.82601892147926
C            1.71652295134016       -0.11593496876967       -0.13340686545248
O            1.83121462880712        0.64647309643995       -1.07958315994170
C            2.60339354526074       -1.28906383419013        0.13301480130847
H           -3.93467309494644       -1.57206912749983       -0.13670645761370
H           -4.00375515907369        0.10478096681341       -0.70095956853581
H           -2.97921636507247       -1.06999638936079       -1.53933766003708
H           -2.55167935578593       -0.11023390365420        1.35250196251747
H           -1.53722261859487       -1.27482199671998        0.50863504438534
H           -0.96992773613924        0.50296311429690       -1.20145787431374
H           -1.95957119914721        1.65052088078064       -0.30397311767158
H            0.37585030223617        2.00467256662983        0.29733257725036
H           -0.48663556228777        1.33853138402928        1.70920197542603
H            2.02703186703706       -2.14175240730855        0.49832756359772
H            3.32017510025122       -1.01200327389039        0.91444885359457
H            3.15082334613071       -1.55415791747551       -0.77124222957681
20
 energy: -386.242916519727 gnorm: 0.002338724919 xtb: 6.7.1 (edcfbbe)
C           -3.33835995884814       -0.75062789490032       -0.55466856558928
C           -2.17030367214981       -0.39604067695499        0.36002506571474
C           -1.33206693991806        0.75329386831087       -0.19730793408694
C           -0.16364281988557        1.13717656403545        0.68681552863200
O            0.78006406358513        0.02343925420868        0.83139566102310
C            1.71027814000972       -0.12045963771617       -0.13503269820773
O            1.81413022689719        0.63396769108952       -1.08839606407485
C            2.60446584510080       -1.28742988466547        0.13528691073455
H           -3.93494934320057       -1.56823018909471       -0.13865195519897
H           -4.00056789456399        0.11019646827185       -0.69755957491444
H           -2.98121496974531       -1.06453313631068       -1.54149633641542
H           -2.54672467695449       -0.11579527075107        1.35216333282735
H           -1.53499029032827       -1.27831947364744        0.50160711065864
H           -0.96677036575295        0.50313843464848       -1.20087696371864
H           -1.95895802582935        1.64846168338825       -0.30346736859782
H            0.37590543999266        2.00440935771123        0.29884641140517
H           -0.48926178155233        1.33865210038615        1.71032318588419
H            2.03255237601047       -2.14079835404244        0.50495388321319
H            3.32137910729804       -1.00387399897710        0.91371807293160
H            3.15055919815578       -1.55309737697048       -0.76935192024841
20
 energy: -386.242933595413 gnorm: 0.002132738324 xtb: 6.7.1 (edcfbbe)
C           -3.33822790225485       -0.74678554825267       -0.55579346976376
C           -2.16630362625442       -0.39970728210311        0.35727309094460
C           -1.32979037809542        0.75241673601735       -0.19706948382654
C           -0.16310679787429        1.13774178829562        0.68934955632493
O            0.78311185326780        0.02693621714760        0.83679457450974
C            1.70281487222535       -0.12575746455925       -0.13738637710299
O            1.79160905921161        0.61559071086295       -1.10278803708464
C            2.60562132613453       -1.28529022267221        0.13885872943877
H           -3.93627881316885       -1.56437598797401       -0.14216711264385
H           -3.99741708588597        0.11734457309020       -0.69191944345680
H           -2.98479731720683       -1.05641269017713       -1.54518891360015
H           -2.53896055249231       -0.12494317671829        1.35223828469957
H           -1.53112082369335       -1.28330184435581        0.49068425420670
H           -0.96286144975383        0.50431918871191       -1.20025344379262
H           -1.95849477725428        1.64624219501864       -0.30194485573141
H            0.37560156615144        2.00595956668130        0.30239764894896
H           -0.49164540860749        1.33829323505073        1.71187494868810
H            2.03916369752935       -2.13932473620417        0.51536990886306
H            3.32218581479333       -0.99180943772276        0.91371002641301
H            3.15041983200985       -1.55360831764454       -0.76571270184656
20
 energy: -386.242942895699 gnorm: 0.001080083680 xtb: 6.7.1 (edcfbbe)
C           -3.33829902276420       -0.74429987273375       -0.55613594681892
C           -2.16313679446790       -0.40235158468620        0.35519475798662
C           -1.32893453359857        0.75259711712765       -0.19686412001682
C           -0.16192498772541        1.13795260972492        0.69016352940471
O            0.78493870989521        0.03000020197909        0.83790876111641
C            1.69788272369169       -0.12986532719930       -0.13993260582729
O            1.77898306639438        0.60258538507617       -1.11299508757622
C            2.60608244472311       -1.28407404933163        0.14187451684750
H           -3.93667141181403       -1.56306879725400       -0.14482395680523
H           -3.99676621266356        0.12157057990962       -0.68651911435980
H           -2.98810475235863       -1.04970749427033       -1.54826450710910
H           -2.53235268010780       -0.13300451400712        1.35310954634596
H           -1.52741170367898       -1.28674836476152        0.48177332661145
H           -0.96198144548480        0.50692483645224       -1.20066553566525
H           -1.95901635897831        1.64576432639345       -0.29961762691974
H            0.37463124736541        2.00832326277041        0.30474617893740
H           -0.49197646236106        1.33792649808252        1.71239688123972
H            2.04287895250834       -2.13849395927233        0.52292414572740
H            3.32102888845315       -0.98324999032877        0.91551526706815
H            3.15167312014890       -1.55525461714317       -0.76145990204135
20
 energy: -386.242946896644 gnorm: 0.000579007657 xtb: 6.7.1 (edcfbbe)
C           -3.33884838965076       -0.74290203953897       -0.55591152108563
C           -2.16078793296653       -0.40434663792440        0.35297904479637
C           -1.32888523590135        0.75326334359052       -0.19664832264101
C           -0.16102275804740        1.13871922624152        0.68950510970345
O            0.78667069383005        0.03312634587392        0.83804254966888
C            1.69613010029791       -0.13237040235061       -0.14171278204997
O            1.77361600881271        0.59379780175014       -1.11969627438179
C            2.60608011759392       -1.28377311059439        0.14441468404520
H           -3.93607055411557       -1.56404388993992       -0.14680358931989
H           -3.99867814858744        0.12318320096238       -0.68083230735189
H           -2.99182190677348       -1.04376667069880       -1.55094702246407
H           -2.52651212556856       -0.14042692637426        1.35395408968144
H           -1.52417660853383       -1.28924808817527        0.47355782517784
H           -0.96392959450072        0.51118636257405       -1.20226077755639
H           -1.96028655984956        1.64620797267204       -0.29601132140928
H            0.37367183340758        2.01082768422114        0.30501409041696
H           -0.49111117330581        1.33894970017705        1.71197788581557
H            2.04471301818954       -2.13844855891793        0.52848336243854
H            3.31925621797080       -0.97865159277600        0.91831492150029
H            3.15351568071771       -1.55775809853773       -0.75708982124135
20
 energy: -386.242946896644 gnorm: 0.000579007657 xtb: 6.7.1 (edcfbbe)
C           -3.33884838965076       -0.74290203953897       -0.55591152108563
C           -2.16078793296653       -0.40434663792440        0.35297904479637
C           -1.32888523590135        0.75326334359052       -0.19664832264101
C           -0.16102275804740        1.13871922624152        0.68950510970345
O            0.78667069383005        0.03312634587392        0.83804254966888
C            1.69613010029791       -0.13237040235061       -0.14171278204997
O            1.77361600881271        0.59379780175014       -1.11969627438179
C            2.60608011759392       -1.28377311059439        0.14441468404520
H           -3.93607055411557       -1.56404388993992       -0.14680358931989
H           -3.99867814858744        0.12318320096238       -0.68083230735189
H           -2.99182190677348       -1.04376667069880       -1.55094702246407
H           -2.52651212556856       -0.14042692637426        1.35395408968144
H           -1.52417660853383       -1.28924808817527        0.47355782517784
H           -0.96392959450072        0.51118636257405       -1.20226077755639
H           -1.96028655984956        1.64620797267204       -0.29601132140928
H            0.37367183340758        2.01082768422114        0.30501409041696
H           -0.49111117330581        1.33894970017705        1.71197788581557
H            2.04471301818954       -2.13844855891793        0.52848336243854
H            3.31925621797080       -0.97865159277600        0.91831492150029
H            3.15351568071771       -1.55775809853773       -0.75708982124135
