20
 energy: -34.245468167480 gnorm: 0.043817836742 xtb: 6.7.1 (edcfbbe)
C            4.00812188826013       -0.26515660954667        0.21925070575456
C            2.68939889810200       -0.09323320138564       -0.46067601356886
O            2.33859041859750       -0.68554089282461       -1.46520586090205
O            1.90406310997945        0.79728781353147        0.19065863073099
C            0.57709875684055        1.02859012589982       -0.34103608128384
C           -0.37587383923246        0.04023969540672        0.30454150022602
O           -1.69322963146950        0.39791690684613       -0.18492149943175
C           -2.73121201540827       -0.25831849413203        0.38606315923232
O           -2.58085323682966       -1.12107579411164        1.23573804054807
C           -4.05203143463548        0.19699333849116       -0.14178818149652
H            4.78476550019247       -0.42694143470493       -0.53015425515610
H            3.94864440641114       -1.16330336807992        0.84436259595558
H            4.25267074169937        0.58653277715832        0.85435065441681
H            0.32582753272071        2.05250052387165       -0.05898115246427
H            0.58205574577913        0.93061489846059       -1.42865466064449
H           -0.35076556042581        0.13170862978087        1.39437060070029
H           -0.14315739463643       -0.98959307206609        0.01519164570181
H           -4.56237692470800       -0.65854721001868       -0.59445252867830
H           -3.94961177473313        0.99914687404829       -0.87254211317517
H           -4.66192284944646        0.53489527235208        0.70163731884427
20
 energy: -34.247230390815 gnorm: 0.016667407095 xtb: 6.7.1 (edcfbbe)
C            4.00699042721887       -0.26642386078716        0.21755550156855
C            2.68801731102451       -0.09474335508309       -0.45968727047217
O            2.33241273350612       -0.68257480298383       -1.45734637652063
O            1.91446387569690        0.80008700219835        0.17869475622756
C            0.59125170930591        1.03023486267838       -0.33383627523442
C           -0.38698158141638        0.05005461964147        0.29701595288510
O           -1.70373039746440        0.39358681470816       -0.17001897599108
C           -2.73312688162460       -0.26293132082204        0.38942723442945
O           -2.57833182504274       -1.11801864891544        1.23483620455079
C           -4.05186834912914        0.19319307213110       -0.13964661172550
H            4.78133348060994       -0.42822612914359       -0.52818342045209
H            3.95031025679032       -1.15673779260453        0.84485726254196
H            4.23536190979430        0.59146582305548        0.84247969195223
H            0.34119804945871        2.05450308904918       -0.05549098375436
H            0.59500357313177        0.91905917711814       -1.42048071704740
H           -0.36337005912857        0.12401193787137        1.38780771385319
H           -0.15955346174715       -0.97954659020737        0.00514685504159
H           -4.56061766231898       -0.65534624846237       -0.59490422521789
H           -3.92505546180892        0.99007587603348       -0.86567903164614
H           -4.66350530979921        0.53299325350120        0.69520522032061
20
 energy: -34.247566542600 gnorm: 0.005365382902 xtb: 6.7.1 (edcfbbe)
C            4.00082684632722       -0.26465457085069        0.21691770142419
C            2.67862124160876       -0.10017120037221       -0.45914264967139
O            2.31885523031859       -0.69189868804174       -1.45192835170003
O            1.91114705830612        0.79592907638443        0.17209832485261
C            0.59563295464193        1.03224800576383       -0.33154995624710
C           -0.39219698816444        0.05232238352338        0.29452288106282
O           -1.70465707087168        0.39572930245393       -0.15627321469361
C           -2.72749833644682       -0.26128435488762        0.39783724644520
O           -2.56997046574141       -1.11973790476739        1.23775094421400
C           -4.04485970567579        0.19301672820678       -0.14065052337771
H            4.77405461908833       -0.42516207654830       -0.52762198437077
H            3.95061164873630       -1.14925343914696        0.84849838439194
H            4.21741594205451        0.60065510475196        0.83312367874718
H            0.34764158752207        2.05593992490435       -0.05144795726642
H            0.59590292355489        0.91722275234754       -1.41903302341720
H           -0.36227419273366        0.11140193472396        1.38755858646290
H           -0.16609266769655       -0.97623912248095       -0.00565437545908
H           -4.54989348755447       -0.65248341759384       -0.60038232512560
H           -3.90103954924087        0.98765886411889       -0.86360114119017
H           -4.66202525097579        0.53347747648757        0.68673026022757
20
 energy: -34.247626992612 gnorm: 0.001821103023 xtb: 6.7.1 (edcfbbe)
C            3.99699387353702       -0.26288966651060        0.21619079096135
C            2.67210060671648       -0.10450349060094       -0.45820721950084
O            2.30816023471441       -0.70431895178639       -1.44580452864018
O            1.90845115845007        0.79538969327057        0.16943284593828
C            0.59552559639265        1.03412103100323       -0.33050174252559
C           -0.39231843612980        0.05174027000987        0.29476016944312
O           -1.70289053240251        0.39749355402174       -0.14927089187158
C           -2.72387032763082       -0.26383409810442        0.39927629601998
O           -2.56720727962909       -1.12331185917381        1.23969669909808
C           -4.04014674516435        0.19423868733191       -0.14172796714072
H            4.76927478681681       -0.42398380505832       -0.52912245511057
H            3.95106469511348       -1.14379834958467        0.85302765261191
H            4.20956468311076        0.60785207019678        0.82623363830178
H            0.34678481505658        2.05686369456804       -0.04808013371838
H            0.59043036757320        0.92075792230020       -1.41872978805907
H           -0.35455547139472        0.10280300195224        1.38872942140407
H           -0.16453499019693       -0.97515770002816       -0.01252538827628
H           -4.54432343904155       -0.64987085264187       -0.60467860051065
H           -3.88811081221097        0.98847360418097       -0.86345678543886
H           -4.66019044662346        0.53665202363054        0.68251049232349
20
 energy: -34.247658611107 gnorm: 0.003730753585 xtb: 6.7.1 (edcfbbe)
C            3.99265510827307       -0.25976012641379        0.21419617222676
C            2.66284249190145       -0.11210761302116       -0.45477468071655
O            2.29070587897268       -0.72835426409031       -1.43076552755203
O            1.90658179733707        0.79927122367770        0.16484076172652
C            0.59393183470679        1.03732272892780       -0.32959344468533
C           -0.38948100359435        0.04892236288741        0.29539011615218
O           -1.69927781676508        0.40048461943826       -0.13835162653535
C           -2.72047223902178       -0.26406473578765        0.40495410928433
O           -2.56705234125753       -1.13210447170472        1.23882404972345
C           -4.03394903257083        0.19639575309355       -0.14374602240924
H            4.76220374460035       -0.42447482664060       -0.53361495956972
H            3.95365322489927       -1.13420200177186        0.86107964937602
H            4.20346887881550        0.61929183492181        0.81356176907544
H            0.34223816910006        2.05819727639452       -0.04256355348511
H            0.58041746325689        0.92958249688104       -1.41875384194531
H           -0.33960016725322        0.09016739618578        1.38975430509256
H           -0.16027727813193       -0.97525659826342       -0.02258347156251
H           -4.53550958506884       -0.64607225695640       -0.61360613982919
H           -3.87298667721336        0.99198305747506       -0.86250805138454
H           -4.65989011392896        0.53949492374388        0.67601289232695
20
 energy: -34.247676527563 gnorm: 0.002904033283 xtb: 6.7.1 (edcfbbe)
C            3.99227809746168       -0.25873163455387        0.21323265435134
C            2.66070969745126       -0.11398689580211       -0.45243847449615
O            2.28458864415546       -0.73685776600475       -1.42248746818960
O            1.90767468101050        0.80351073197659        0.16305905041506
C            0.59319404536825        1.03868866056939       -0.32916696790984
C           -0.38767602217156        0.04778006445231        0.29557601486986
O           -1.69807754395513        0.39993239707156       -0.13674854174608
C           -2.72019178809615       -0.26686561952245        0.40332208719909
O           -2.56831154480906       -1.13520687450008        1.23682508500040
C           -4.03273092124275        0.19729856014970       -0.14408203579969
H            4.75987890173233       -0.42624276681463       -0.53608180295937
H            3.95543751199107       -1.13081085910595        0.86351456548092
H            4.20506160832257        0.62247250995009        0.80869625784588
H            0.33974511310929        2.05869570508028       -0.04021480169433
H            0.57834367474596        0.93334359435269       -1.41841705639014
H           -0.33622050109906        0.08694685201362        1.38964348216615
H           -0.15860512958797       -0.97540593452395       -0.02522353472214
H           -4.53533719251452       -0.64404601172286       -0.61486728357124
H           -3.87100926267468        0.99347952492199       -0.86204472200010
H           -4.65854973214023        0.54072254098932        0.67565599745930
20
 energy: -34.247711093982 gnorm: 0.001752903323 xtb: 6.7.1 (edcfbbe)
C            3.99198263651405       -0.25586020518990        0.21067863764375
C            2.65522434971620       -0.11894254061860       -0.44473808137448
O            2.26701315481370       -0.76043828572306       -1.39709304906133
O            1.91149240885622        0.81615170054670        0.15799712445730
C            0.59157606396388        1.04239496643338       -0.32808607973955
C           -0.38291925174359        0.04437795553142        0.29442168172135
O           -1.69547332519255        0.39877212456320       -0.13342995521307
C           -2.71980773981215       -0.27087687145646        0.40140223984048
O           -2.57073416082553       -1.14358381319278        1.22967994625824
C           -4.03000423312132        0.19938353817229       -0.14485027951853
H            4.75326506219965       -0.43120724114893       -0.54347110256718
H            3.96154993302201       -1.12171545575367        0.86947855168732
H            4.21090792076399        0.63089203930311        0.79539375031264
H            0.33315227649122        2.05960639757314       -0.03296264117663
H            0.57455475168986        0.94338506258159       -1.41750230798742
H           -0.32907544837457        0.07806803746068        1.38780367727392
H           -0.15504565053172       -0.97622448313554       -0.03371267545060
H           -4.53493088335498       -0.63927257583338       -0.61782343397380
H           -3.86714327244352        0.99720593461746       -0.86064350599542
H           -4.65538225557359        0.54260049424623        0.67521000817236
20
 energy: -34.247734502478 gnorm: 0.002695734812 xtb: 6.7.1 (edcfbbe)
C            3.99143607166939       -0.25199162677402        0.20776026612910
C            2.64659659175448       -0.12671316810529       -0.43280038453141
O            2.24172247772510       -0.79270358469363       -1.36139767430909
O            1.91487014901082        0.82950649930987        0.15268269562025
C            0.59047117578573        1.04794048075699       -0.32649496830102
C           -0.37840128205601        0.04128284950220        0.29068838427879
O           -1.69280123127725        0.39862893495894       -0.13130772957708
C           -2.71757524214662       -0.27502944006609        0.39796493366726
O           -2.56916912077822       -1.15443763542903        1.21858091562784
C           -4.02646353744821        0.20167678977718       -0.14500449649710
H            4.74344401961167       -0.43629035922426       -0.55367906241397
H            3.97133749238470       -1.10975873783198        0.87746399523132
H            4.21671773074213        0.64296215934797        0.77752823388859
H            0.32704145720139        2.06137565607369       -0.02293129375654
H            0.57137746918975        0.95612887500914       -1.41635241614247
H           -0.32276175483713        0.06560952735721        1.38415557237836
H           -0.15127166056666       -0.97584070681526       -0.04771726893615
H           -4.53494232872132       -0.63331339175957       -0.62031926793267
H           -3.86161501326501        1.00160865341242       -0.85783034716984
H           -4.64981112692148        0.54407500417040        0.67676241805513
20
 energy: -34.247748678645 gnorm: 0.001477024710 xtb: 6.7.1 (edcfbbe)
C            3.99151755646646       -0.25095060728197        0.20729003848605
C            2.64332445730866       -0.13016003377481       -0.42686318027448
O            2.23304446388865       -0.80367503847733       -1.34682139735330
O            1.91518320014316        0.83170110872610        0.15206867619087
C            0.59078989945751        1.05017313075880       -0.32622336845494
C           -0.37792675195822        0.04134247180452        0.28747674164705
O           -1.69253230510516        0.39960482746940       -0.13324192165873
C           -2.71595768852552       -0.27578672520166        0.39533106515575
O           -2.56554591488758       -1.15856433349412        1.21223657850835
C           -4.02602852847194        0.20208106332896       -0.14397955805902
H            4.73952503217384       -0.43726317128486       -0.55743636269360
H            3.97659023969405       -1.10607304653796        0.88023004982210
H            4.21820736745416        0.64689884399837        0.77158017485769
H            0.32697199035764        2.06240010670000       -0.01979823432306
H            0.57172905437900        0.96063862551289       -1.41631418064152
H           -0.32305665419872        0.06191823199269        1.38125867290322
H           -0.15044980205663       -0.97454227618128       -0.05415834088276
H           -4.53643667751624       -0.63157283461167       -0.61948162866719
H           -3.86188393696721        1.00317160684748       -0.85557670428746
H           -4.64686266457866        0.54337482868333        0.68017538503430
20
 energy: -34.247760743646 gnorm: 0.001875829477 xtb: 6.7.1 (edcfbbe)
C            3.99165362092583       -0.24830312805666        0.20622605681535
C            2.63471553512645       -0.13940712709949       -0.41197937806726
O            2.20846775345747       -0.83738271283060       -1.30738760805397
O            1.91674479171298        0.83784800028634        0.15068145694875
C            0.59235854216448        1.05705932783760       -0.32498036754260
C           -0.37692428762336        0.04268639493253        0.27876086566057
O           -1.69174446078850        0.40329482442366       -0.13870766288918
C           -2.71125172670054       -0.27851706196356        0.38682670276656
O           -2.55522631089441       -1.17065468269329        1.19355383072789
C           -4.02542256059689        0.20258129683183       -0.14090827669110
H            4.72895888339546       -0.44032659001674       -0.56744142984012
H            3.99055667370439       -1.09594576102908        0.88864516113863
H            4.22230279530389        0.65759278832173        0.75570624956413
H            0.32830628326288        2.06658096538863       -0.01132698101242
H            0.57262811737904        0.97457823920509       -1.41588047514779
H           -0.32362364834310        0.05250444445100        1.37328479700365
H           -0.14777177255106       -0.96982217769460       -0.07197053412222
H           -4.54111274065468       -0.62750492042590       -0.61696279437413
H           -3.86457691408426        1.00752786331328       -0.84890968277607
H           -4.63883623713882        0.54032679579509        0.69052257520063
20
 energy: -34.247762894177 gnorm: 0.001459593753 xtb: 6.7.1 (edcfbbe)
C            3.99174057000746       -0.24956320897881        0.20723380686139
C            2.63508036515199       -0.14085193512991       -0.41133266925552
O            2.21291141947236       -0.83364310045212       -1.31071712565862
O            1.91653861095223        0.83602467072288        0.15143221946873
C            0.59285065081139        1.05721737608351       -0.32606570155395
C           -0.37755439357480        0.04450422770189        0.27838866590578
O           -1.69228313582180        0.40452186262989       -0.14003664415110
C           -2.71134842438633       -0.27837241066812        0.38554705813375
O           -2.55443113628730       -1.17074859604292        1.19158700709391
C           -4.02666845288626        0.20177855062947       -0.13991380428361
H            4.72981571101654       -0.43939473856421       -0.56615250783584
H            3.99105597137209       -1.09840509685030        0.88779528406122
H            4.22126840265351        0.65528486841252        0.75863143375584
H            0.33020863964359        2.06765223741889       -0.01369984513342
H            0.57392611370254        0.97418527779824       -1.41688210039699
H           -0.32473744366095        0.05591797741866        1.37264716078698
H           -0.14828348152829       -0.96849871314469       -0.07066295742972
H           -4.54230316193683       -0.62862237630492       -0.61547178786322
H           -3.86872764153617        1.00766290773262       -0.84760052789049
H           -4.63885684610771        0.53806699856427        0.69302554069419
20
 energy: -34.247765044085 gnorm: 0.000357501409 xtb: 6.7.1 (edcfbbe)
C            3.99134574685457       -0.25001572871778        0.20755912597570
C            2.63569871399385       -0.13990173117511       -0.41270693017720
O            2.21323421900926       -0.83427503534500       -1.31139063842840
O            1.91703293521218        0.83686591997523        0.15056193378918
C            0.59288686893985        1.05750305782197       -0.32646969978437
C           -0.37728795850763        0.04504645333929        0.27879394058644
O           -1.69215210059694        0.40522112440749       -0.13897298295647
C           -2.71139572073127       -0.27877865045338        0.38541104552853
O           -2.55475867114607       -1.17182037479614        1.19054503893921
C           -4.02668152457058        0.20154070794227       -0.13972733084071
H            4.73009801226745       -0.44031118810561       -0.56510162211955
H            3.98961717750554       -1.09880484235365        0.88815772094083
H            4.22092926777093        0.65465771311504        0.75929446019057
H            0.33026286377134        2.06815102350584       -0.01428535095703
H            0.57369083629288        0.97470984099941       -1.41726689616099
H           -0.32349526809281        0.05680396321586        1.37289556892429
H           -0.14835395059877       -0.96808719052775       -0.07022334654300
H           -4.54193235898546       -0.62885438263278       -0.61568244025733
H           -3.86950192669500        1.00800403711488       -0.84697710563226
H           -4.63903482463607        0.53706206164677        0.69333801429184
20
 energy: -34.247766164918 gnorm: 0.000371549181 xtb: 6.7.1 (edcfbbe)
C            3.99087142836748       -0.25030376414461        0.20805259891496
C            2.63486472275673       -0.14092143637867       -0.41205042038216
O            2.21140829584908       -0.83732473359299       -1.30908575092304
O            1.91733765143923        0.83774900922234        0.14957705685592
C            0.59317286629835        1.05861082413247       -0.32726148526047
C           -0.37705354200967        0.04633118636166        0.27829745142708
O           -1.69211434057272        0.40703322660005       -0.13799614374149
C           -2.71078268243124       -0.27949158196727        0.38435282803330
O           -2.55335961253075       -1.17489278911464        1.18675105548340
C           -4.02663237255248        0.20126902009583       -0.13895516563008
H            4.72953837868259       -0.44078094200404       -0.56472438174311
H            3.98956160231456       -1.09880625772435        0.88910768758292
H            4.22048958620863        0.65473659482040        0.75930734373645
H            0.33089020386120        2.06937806437635       -0.01504060154239
H            0.57373945138149        0.97585597313613       -1.41804772857226
H           -0.32207510480427        0.05761654728030        1.37239080579757
H           -0.14874818305031       -0.96681857462346       -0.07127941000147
H           -4.54185991699083       -0.62867121875659       -0.61573169116461
H           -3.87056789811774        1.00897681950176       -0.84506720324857
H           -4.63847819704209        0.53517081175618        0.69515565968734
20
 energy: -34.247768667628 gnorm: 0.000844765243 xtb: 6.7.1 (edcfbbe)
C            3.98958314823393       -0.25174490527257        0.20991468994434
C            2.63405819699177       -0.14199760173391       -0.41160441884555
O            2.20956353938114       -0.84128376518738       -1.30620125823899
O            1.91797644390937        0.83916939696642        0.14711547239399
C            0.59399825722973        1.06077186901633       -0.32999980459817
C           -0.37686858009422        0.05032254245566        0.27754740061171
O           -1.69243635128670        0.41235327302660       -0.13534320088655
C           -2.70931052118057       -0.28113585065483        0.38153840365730
O           -2.54922344223722       -1.18316718548023        1.17608252352932
C           -4.02693154724055        0.20028547988817       -0.13660177140609
H            4.72896152173378       -0.44191268051811       -0.56232576680574
H            3.98788268937910       -1.10045918379498        0.89071027782449
H            4.21867330153421        0.65328647318692        0.76146074477696
H            0.33298300201326        2.07226855004706       -0.01901380763464
H            0.57438062031231        0.97673025476919       -1.42065276411736
H           -0.31895968787063        0.06198687532750        1.37153755536398
H           -0.15065724151164       -0.96338482877542       -0.07193782127190
H           -4.54203521388343       -0.62837755936566       -0.61579649114252
H           -3.87414665543386        1.01168423095074       -0.83929194359321
H           -4.63728914292253        0.52932139412535        0.70061448574794
20
 energy: -34.247772313583 gnorm: 0.001146508731 xtb: 6.7.1 (edcfbbe)
C            3.98727598939699       -0.25402983029708        0.21280898721306
C            2.63248370587796       -0.14376949680752       -0.41065786326872
O            2.20707072683657       -0.84585109458665       -1.30276727585107
O            1.91870335754335        0.84189255146151        0.14306530081969
C            0.59494514311747        1.06390675936135       -0.33468220481075
C           -0.37635910339825        0.05659064885230        0.27737466703497
O           -1.69287778623957        0.42076698140929       -0.13014253378437
C           -2.70686313789218       -0.28425147252882        0.37710538425570
O           -2.54257094597628       -1.19697328924487        1.15871835148860
C           -4.02695544289266        0.19883364325886       -0.13306220093769
H            4.72799420137266       -0.44314397312230       -0.55847434185858
H            3.98457416934367       -1.10367812028208        0.89246049925480
H            4.21537515474744        0.65051683383015        0.76558657072393
H            0.33543029994879        2.07673119664425       -0.02678256122430
H            0.57496277412319        0.97633862847907       -1.42503497285010
H           -0.31360703486017        0.06970934349877        1.37114365271168
H           -0.15384540771798       -0.95827019330342       -0.07128881697663
H           -4.54224028769086       -0.62715581449373       -0.61674127233119
H           -3.87823373569723        1.01625794966658       -0.82970501735529
H           -4.63506030288566        0.52029552718119        0.70882815305556
20
 energy: -34.247776278378 gnorm: 0.001570203198 xtb: 6.7.1 (edcfbbe)
C            3.98296708437311       -0.25810456015446        0.21792375124415
C            2.63037561812712       -0.14532431370139       -0.40992749952615
O            2.20406249599851       -0.85059818599091       -1.29893777892656
O            1.91966102648098        0.84674905953927        0.13589706452443
C            0.59627164986576        1.06853593922145       -0.34317565825987
C           -0.37542434352332        0.06744522415202        0.27838585169815
O           -1.69372563458694        0.43477696355556       -0.12022149069780
C           -2.70267145006926       -0.29012035263632        0.36946514578050
O           -2.53112536151340       -1.22162341748692        1.12764368587825
C           -4.02667667622263        0.19645723616234       -0.12705506462701
H            4.72644959801281       -0.44504143980229       -0.55125840281515
H            3.97740254064051       -1.11025704687463        0.89442997954569
H            4.20945840677198        0.64465545030578        0.77421189964873
H            0.33888511926178        2.08400439406546       -0.04234592961517
H            0.57562255280532        0.97294069003542       -1.43284580126440
H           -0.30438641449601        0.08485190700313        1.37164755481432
H           -0.15952613922603       -0.94987003988110       -0.06730833323722
H           -4.54277120060195       -0.62404294180738       -0.61915505211788
H           -3.88390033272702        1.02450286426209       -0.81247960176359
H           -4.63074620231409        0.50477934900972        0.72285818502591
20
 energy: -34.247778540911 gnorm: 0.000431316784 xtb: 6.7.1 (edcfbbe)
C            3.98219167651450       -0.25852961222894        0.21833082531248
C            2.63019707803597       -0.14475787114822       -0.41029004782679
O            2.20433784963713       -0.84888384262386       -1.30015225880730
O            1.91938028459150        0.84741861132428        0.13511252974429
C            0.59602040560985        1.06846502814828       -0.34418956910276
C           -0.37515565226179        0.06840779833972        0.27978371237705
O           -1.69373192948391        0.43549496966760       -0.11821093177084
C           -2.70217629393230       -0.29114033884207        0.36861082699473
O           -2.53011950829601       -1.22393549942936        1.12392955367061
C           -4.02616195506664        0.19625694895431       -0.12680323068500
H            4.72626947610633       -0.44469997962293       -0.55040748896778
H            3.97564939263205       -1.11170353340538        0.89356064372159
H            4.20846777141046        0.64336195626886        0.77606464108552
H            0.33839000514667        2.08440036834180       -0.04535323131015
H            0.57513015790826        0.97055328007098       -1.43365240986625
H           -0.30313621692389        0.08760449731188        1.37290541234640
H           -0.15990043964641       -0.94947533040616       -0.06444714296917
H           -4.54291287593076       -0.62295516873488       -0.62011521335437
H           -3.88281957503911        1.02528430290828       -0.81051789863760
H           -4.62971731395467        0.50355019408265        0.72359378335463
20
 energy: -34.247779983847 gnorm: 0.000222839352 xtb: 6.7.1 (edcfbbe)
C            3.98130416857706       -0.25870255803298        0.21878864165148
C            2.62919466592119       -0.14529521458978       -0.40894968727041
O            2.20204492704363       -0.85178735733138       -1.29619586239041
O            1.91965565663883        0.84990236317591        0.13305534511836
C            0.59575517435871        1.06909815084027       -0.34585814105888
C           -0.37450307578523        0.07020165457109        0.28111051320801
O           -1.69374727304992        0.43791704687551       -0.11502835643018
C           -2.70123433485602       -0.29340915313496        0.36641104411697
O           -2.52795864379025       -1.23205689340719        1.11434676619048
C           -4.02551458928369        0.19657377065065       -0.12580371816291
H            4.72491750954180       -0.44483644943622       -0.55034094151008
H            3.97528765439687       -1.11207332258192        0.89377069446944
H            4.20782818502646        0.64319819650415        0.77635480274299
H            0.33768032088525        2.08550725946913       -0.04929104632883
H            0.57421870253792        0.96855944475671       -1.43504940403783
H           -0.30084954009691        0.09084032054580        1.37400388118496
H           -0.16048702520932       -0.94815286677809       -0.06220478812836
H           -4.54360518487618       -0.62016985858356       -0.62164662792201
H           -3.88214944704074        1.02819689916902       -0.80623853311183
H           -4.62763551388224        0.50120534629468        0.72651792297834
20
 energy: -34.247780256189 gnorm: 0.000737799897 xtb: 6.7.1 (edcfbbe)
C            3.98041666063961       -0.25887550383701        0.21924645799048
C            2.62819225380640       -0.14583255803133       -0.40760932671404
O            2.19975200445014       -0.85469087203891       -1.29223946597352
O            1.91993102868617        0.85238611502754        0.13099816049244
C            0.59548994310758        1.06973127353225       -0.34752671301501
C           -0.37385049930867        0.07199551080247        0.28243731403897
O           -1.69376261661594        0.44033912408342       -0.11184578108952
C           -2.70029237577973       -0.29567796742785        0.36421126123921
O           -2.52579777928450       -1.24017828738502        1.10476397871034
C           -4.02486722350073        0.19689059234699       -0.12480420564082
H            4.72356554297728       -0.44497291924952       -0.55027439405237
H            3.97492591616169       -1.11244311175845        0.89398074521730
H            4.20718859864246        0.64303443673945        0.77664496440046
H            0.33697063662382        2.08661415059646       -0.05322886134751
H            0.57330724716759        0.96656560944244       -1.43644639820942
H           -0.29856286326993        0.09407614377972        1.37510235002352
H           -0.16107361077222       -0.94683040315003       -0.05996243328755
H           -4.54429749382160       -0.61738454843225       -0.62317804248964
H           -3.88147931904238        1.03110949542975       -0.80195916758606
H           -4.62555371380981        0.49886049850671        0.72944206260205
20
 energy: -34.247781328937 gnorm: 0.000369039125 xtb: 6.7.1 (edcfbbe)
C            3.98090615653335       -0.25828679430310        0.21872429783670
C            2.62841395102950       -0.14587105312371       -0.40791098115804
O            2.19985988618072       -0.85509523867646       -1.29216877025434
O            1.91983466710789        0.85159707713846        0.13113002138317
C            0.59543593453226        1.06907135871299       -0.34711735640420
C           -0.37409957861856        0.07181656798322        0.28349886452834
O           -1.69376524336783        0.44024907072140       -0.11109803156318
C           -2.70064033044487       -0.29624010614076        0.36368460312269
O           -2.52689171508661       -1.24091786852748        1.10392015902740
C           -4.02493491689893        0.19726467609035       -0.12522100330815
H            4.72390580730831       -0.44420339539277       -0.55100906165433
H            3.97603943559286       -1.11173688697774        0.89364132318917
H            4.20754593530328        0.64378040468448        0.77597094225109
H            0.33721335953009        2.08625271298738       -0.05331852963505
H            0.57300340941010        0.96535907515639       -1.43599792764701
H           -0.29879626392529        0.09451184631566        1.37620272093244
H           -0.16164776372074       -0.94735650926800       -0.05828998836787
H           -4.54485780572134       -0.61663463181927       -0.62368189277226
H           -3.88082595121117        1.03155933441593       -0.80225966389807
H           -4.62549663647578        0.49959713899987        0.72905277970080
20
 energy: -34.247783545790 gnorm: 0.000475776259 xtb: 6.7.1 (edcfbbe)
C            3.98163905539173       -0.25707363523075        0.21782475120898
C            2.62790217810410       -0.14758691402288       -0.40722745521882
O            2.19768945067740       -0.86086810569058       -1.28744767538620
O            1.92016027541724        0.85138003803863        0.12932433767655
C            0.59547647401488        1.06815780257936       -0.34783784632028
C           -0.37449744046951        0.07421386723921        0.28774565908794
O           -1.69405933361760        0.44429347317148       -0.10490296972891
C           -2.70064813766413       -0.29964105081426        0.35950053124901
O           -2.52717319035593       -1.25211472817852        1.08958845311194
C           -4.02491188464423        0.19818541988910       -0.12519210714899
H            4.72394289313783       -0.44192284431716       -0.55292611938691
H            3.97953780748781       -1.11021136391579        0.89317891667978
H            4.20744663873577        0.64577849758355        0.77420588945057
H            0.33843726690396        2.08678860432410       -0.05751443749901
H            0.57142325326932        0.96050143400789       -1.43635724281928
H           -0.29633493223107        0.10012236347504        1.38031576569766
H           -0.16487317841444       -0.94660407665111       -0.05134446676469
H           -4.54713696483672       -0.61237051435886       -0.62658835514597
H           -3.88023114695504        1.03585690997028       -0.79812490448318
H           -4.62358674689413        0.49783160187810        0.73153178104911
20
 energy: -34.247784225082 gnorm: 0.000346149938 xtb: 6.7.1 (edcfbbe)
C            3.98231528835755       -0.25683199396657        0.21722475778315
C            2.62807460762010       -0.14841264357668       -0.40681282057263
O            2.19827527409827       -0.86147755441354       -1.28756632051773
O            1.92023945292348        0.85074035887849        0.12990455591050
C            0.59545693680215        1.06745369946693       -0.34739453617543
C           -0.37489649069308        0.07430746143310        0.28861884862724
O           -1.69437777694324        0.44475596153607       -0.10407027245676
C           -2.70112822356857       -0.29865433221745        0.36014672322010
O           -2.52755813259706       -1.25207969108525        1.08890865890260
C           -4.02516613318784        0.19840764390484       -0.12577057484724
H            4.72433891489140       -0.44103069538954       -0.55394062712774
H            3.98125534020356       -1.10984050142073        0.89260197130885
H            4.20753469966865        0.64631033612995        0.77326483282750
H            0.33871635571192        2.08611176822548       -0.05733056924818
H            0.57128602927461        0.95947347512437       -1.43582081269605
H           -0.29668416240037        0.10084411583529        1.38109358711958
H           -0.16541840030419       -0.94665027342551       -0.04983545538743
H           -4.54680177929889       -0.61245582827055       -0.62732031409290
H           -3.88087985882528        1.03599398893768       -0.79870272256354
H           -4.62437960467595        0.49775148327044        0.73055359529543
20
 energy: -34.247784823947 gnorm: 0.000259326586 xtb: 6.7.1 (edcfbbe)
C            3.98292644270712       -0.25657706869774        0.21657487607944
C            2.62844809437325       -0.14861522922599       -0.40702011419755
O            2.19855245318417       -0.86197851531068       -1.28746655620785
O            1.92032870365379        0.85015466249234        0.13034716516790
C            0.59541470850882        1.06685641372875       -0.34677010263561
C           -0.37523547342410        0.07444003150676        0.28986002402384
O           -1.69451703166489        0.44502363385495       -0.10345415529194
C           -2.70146153857414       -0.29875988633769        0.35945500385970
O           -2.52813716766252       -1.25219280958136        1.08829333396739
C           -4.02539098904736        0.19864734473877       -0.12633762567699
H            4.72465432796924       -0.44048611344390       -0.55493867785593
H            3.98269237951930       -1.10942393927744        0.89211645209690
H            4.20790792508663        0.64683379596360        0.77225072247613
H            0.33905152739157        2.08570650860882       -0.05715476413874
H            0.57113280842237        0.95835844356125       -1.43512136448394
H           -0.29724077626527        0.10170747687085        1.38230759750324
H           -0.16602514485832       -0.94678817758972       -0.04784914048107
H           -4.54696161593010       -0.61236925013310       -0.62771911665708
H           -3.88122269008103        1.03605265112871       -0.79946753606850
H           -4.62471460625130        0.49812680611965        0.72984648382996
20
 energy: -34.247785676207 gnorm: 0.000278228760 xtb: 6.7.1 (edcfbbe)
C            3.98397173743527       -0.25605510047481        0.21522443988485
C            2.62884919213151       -0.14914406958072       -0.40724910501129
O            2.19866462141939       -0.86264942041044       -1.28728123678997
O            1.92039228258788        0.84888587000301        0.13113136018416
C            0.59539047453122        1.06588471305734       -0.34566822459776
C           -0.37577610924262        0.07489811343521        0.29245476884220
O           -1.69468123168723        0.44584105529541       -0.10192705808222
C           -2.70205142284650       -0.29877834087617        0.35868543937442
O           -2.52937422488492       -1.25292725737031        1.08688177962835
C           -4.02570650404325        0.19883771128437       -0.12761168855022
H            4.72504938754564       -0.43948527801649       -0.55705013565103
H            3.98527888091236       -1.10873758206045        0.89097469861250
H            4.20883207538912        0.64769020268880        0.77047579661447
H            0.33989216654402        2.08534983048334       -0.05725491873743
H            0.57077461294408        0.95596160531575       -1.43387606951657
H           -0.29818766795256        0.10393088895102        1.38489782257950
H           -0.16737940959602       -0.94712096027677       -0.04347959538424
H           -4.54711022910008       -0.61235065415420       -0.62896246614797
H           -3.88123065499576        1.03611715740977       -0.80089313255963
H           -4.62539564003431        0.49856829427318        0.72828003061717
20
 energy: -34.247786780037 gnorm: 0.000363238563 xtb: 6.7.1 (edcfbbe)
C            3.98565556824562       -0.25526676944938        0.21286360410107
C            2.62939102580427       -0.15000449219718       -0.40750273214705
O            2.19863331903815       -0.86360890013385       -1.28710891590718
O            1.92059658729347        0.84696947353595        0.13233326403167
C            0.59543497144067        1.06422235294988       -0.34385538999600
C           -0.37674457590157        0.07612511612782        0.29718359525940
O           -1.69514312881833        0.44731930933190       -0.09892696589433
C           -2.70307547327149       -0.29903268338116        0.35770358625614
O           -2.53148952512944       -1.25477154033144        1.08413838217634
C           -4.02609520075998        0.19893559420325       -0.12993468442860
H            4.72560448884824       -0.43795267849031       -0.56069426517289
H            3.98927105320631       -1.10776235905035        0.88885692486106
H            4.21043353394225        0.64888926650276        0.76751642065427
H            0.34124658479613        2.08470912880846       -0.05779497357436
H            0.56990960396510        0.95160118112355       -1.43179458105152
H           -0.29953905808770        0.10846776342566        1.38957281162970
H           -0.16940044191597       -0.94719853511414       -0.03550971402875
H           -4.54735914621908       -0.61221092014245       -0.63148076987782
H           -3.88071620300082        1.03611909711260       -0.80319336486351
H           -4.62641164641860        0.49916737414530        0.72538027328166
20
 energy: -34.247787855032 gnorm: 0.000285982136 xtb: 6.7.1 (edcfbbe)
C            3.98786035882694       -0.25418232003610        0.20918937442251
C            2.62984459531382       -0.15115673842336       -0.40776576753789
O            2.19822693107045       -0.86505131136646       -1.28672984399490
O            1.92069587444366        0.84452845116100        0.13389801199517
C            0.59526221782624        1.06193181147285       -0.34120932791890
C           -0.37800551586966        0.07803684546360        0.30473652593891
O           -1.69568007535500        0.44934446466097       -0.09385709410778
C           -2.70442134189839       -0.29977292161603        0.35655673308842
O           -2.53451585002999       -1.25835982871573        1.07959304077380
C           -4.02623582678275        0.19904027280331       -0.13364468406686
H            4.72607246279195       -0.43585938787549       -0.56627969703074
H            3.99473857347158       -1.10643952541742        0.88546122681886
H            4.21263444192235        0.65051959097387        0.76294869941240
H            0.34298826324078        2.08401101646065       -0.05903307359554
H            0.56816974204799        0.94490866397663       -1.42868332258572
H           -0.30121061242800        0.11592363376128        1.39696806743506
H           -0.17206901449488       -0.94732880769650       -0.02263883642506
H           -4.54753091406435       -0.61169223234816       -0.63575054528116
H           -3.87903967281682        1.03612127211305       -0.80665962669961
H           -4.62758230015869        0.50019382962490        0.72065264466833
20
 energy: -34.247788320007 gnorm: 0.000150010829 xtb: 6.7.1 (edcfbbe)
C            3.98854151666640       -0.25384739067802        0.20743961933165
C            2.62975392442882       -0.15157063882964       -0.40787620728432
O            2.19756060122134       -0.86573148677113       -1.28639116329286
O            1.92081069948483        0.84394448794092        0.13423201694150
C            0.59509902077325        1.06107687771947       -0.34006773584207
C           -0.37844142277435        0.07930240479567        0.30866085043912
O           -1.69588901860375        0.45021590986999       -0.09101301118276
C           -2.70489633618689       -0.30056290622104        0.35605973572438
O           -2.53573985328848       -1.26078844820220        1.07701043902570
C           -4.02597542906762        0.19892523662223       -0.13551783990868
H            4.72584641288148       -0.43528607430843       -0.56893753980847
H            3.99660671886339       -1.10603797981791        0.88376225444600
H            4.21362170998587        0.65100339669190        0.76083855321757
H            0.34350960463169        2.08384288993593       -0.05986032162903
H            0.56685799637738        0.94174580681183       -1.42727167965263
H           -0.30154588433855        0.12016300475284        1.40075371831222
H           -0.17283655555997       -0.94697914593037       -0.01595893119756
H           -4.54747544025633       -0.61137400214545       -0.63806222605520
H           -3.87741429308928        1.03596709190423       -0.80828604159613
H           -4.62779163509201        0.50070774483601        0.71823801532087
20
 energy: -34.247788782099 gnorm: 0.000110429351 xtb: 6.7.1 (edcfbbe)
C            3.98856089262819       -0.25391483427544        0.20599665613993
C            2.62921096515540       -0.15176226461892       -0.40803040557697
O            2.19621528891908       -0.86650847523494       -1.28576595556769
O            1.92088899539374        0.84422405196683        0.13392887328075
C            0.59479204365756        1.06092172673822       -0.33930916064818
C           -0.37847976027123        0.08078231620883        0.31233824817075
O           -1.69584275234805        0.45103984191874       -0.08802127230022
C           -2.70490825559266       -0.30167644365784        0.35562605998360
O           -2.53622806658515       -1.26381151042906        1.07402626652354
C           -4.02528950142084        0.19856404677481       -0.13717886804074
H            4.72513119588862       -0.43547602505717       -0.57103711506923
H            3.99718778537375       -1.10604446769637        0.88237482318036
H            4.21419091891834        0.65097741740515        0.75906502939012
H            0.34375700294954        2.08429009823381       -0.06090562612614
H            0.56523779706170        0.93944588435865       -1.42623770494711
H           -0.30123094535213        0.12457757072230        1.40426127718951
H           -0.17300332498053       -0.94633812104291       -0.00964362559956
H           -4.54714201050228       -0.61115558256332       -0.64020675404818
H           -3.87537075444219        1.03561928320558       -0.80960537610371
H           -4.62747517739362        0.50096226601988        0.71607713547847
20
 energy: -34.247789216345 gnorm: 0.000199574167 xtb: 6.7.1 (edcfbbe)
C            3.98805282345504       -0.25444794375723        0.20501322307843
C            2.62830411332733       -0.15202972403080       -0.40803208695426
O            2.19431648763215       -0.86740157946174       -1.28480534031421
O            1.92112797166983        0.84515590815863        0.13311806714431
C            0.59459859407584        1.06151353063138       -0.33896545236278
C           -0.37824294033425        0.08269277813093        0.31532422463992
O           -1.69568707217794        0.45211040766944       -0.08534921918071
C           -2.70449239456565       -0.30294893934409        0.35490246996497
O           -2.53582451211852       -1.26695415302909        1.07073088790521
C           -4.02449645670624        0.19784276251360       -0.13840266615253
H            4.72404754481896       -0.43640604009358       -0.57246960143373
H            3.99671409289511       -1.10654844359862        0.88142509177183
H            4.21438779678509        0.65042329860868        0.75782807341602
H            0.34402406196393        2.08534299152210       -0.06191157875360
H            0.56366101092454        0.93829722982198       -1.42566401039968
H           -0.30044002963269        0.12895483860529        1.40709168098976
H           -0.17273352980676       -0.94509041410491       -0.00448705747909
H           -4.54669341051523       -0.61144638120319       -0.64171442498386
H           -3.87367192240172        1.03497505691786       -0.81053472246970
H           -4.62674989223160        0.50068159502017        0.71465494688297
20
 energy: -34.247789877634 gnorm: 0.000267685967 xtb: 6.7.1 (edcfbbe)
C            3.98699708018078       -0.25572267848855        0.20362625771905
C            2.62680318657671       -0.15242529396801       -0.40826148511653
O            2.19068374414042       -0.86939410137352       -1.28271489163968
O            1.92169431781830        0.84696345188677        0.13149486003604
C            0.59442295981709        1.06302565795608       -0.33855021287107
C           -0.37775622056458        0.08629873274245        0.31990941503321
O           -1.69538683838735        0.45453656855115       -0.08099337046340
C           -2.70350681611404       -0.30477275999980        0.35352011871643
O           -2.53437980509914       -1.27224434263948        1.06453190663866
C           -4.02326894177261        0.19628943700594       -0.14019731544877
H            4.72213395821684       -0.43858889936496       -0.57444606056869
H            3.99552763232252       -1.10765453729777        0.88026225960781
H            4.21459181667359        0.64917646751874        0.75586102209026
H            0.34490524830611        2.08762510898495       -0.06344897446870
H            0.56125382806207        0.93727009607134       -1.42489643907338
H           -0.29898354587793        0.13639251129600        1.41143387528821
H           -0.17244715936054       -0.94257890132095        0.00346853457375
H           -4.54580710060882       -0.61259994360530       -0.64372811546853
H           -3.87180622056286        1.03365155486884       -0.81189858845480
H           -4.62546878670932        0.49946865015289        0.71277970917938
20
 energy: -34.247790808204 gnorm: 0.000298043833 xtb: 6.7.1 (edcfbbe)
C            3.98559321376435       -0.25779083172621        0.20169610493766
C            2.62437202644305       -0.15387018271512       -0.40783577991059
O            2.18525039866562       -0.87272612919855       -1.27923304582272
O            1.92255836419982        0.84918176719186        0.12951628813115
C            0.59444442628362        1.06559809007664       -0.33798027555134
C           -0.37717467949795        0.09208837879013        0.32614640176082
O           -1.69506620983480        0.45882261781410       -0.07509554322947
C           -2.70186679384518       -0.30725320776538        0.35068109368862
O           -2.53158671478919       -1.27948359481583        1.05492284047825
C           -4.02182251925919        0.19374658229112       -0.14255177648396
H            4.71937861759643       -0.44156695765194       -0.57746371850977
H            3.99452109393098       -1.10953084586038        0.87856777526631
H            4.21478576835449        0.64720576466557        0.75309548179345
H            0.34691726028197        2.09139949953228       -0.06554460777140
H            0.55833346270032        0.93635026168529       -1.42383721282130
H           -0.29714167430890        0.14737602237642        1.41733481490815
H           -0.17247635849359       -0.93836029682642        0.01434354964715
H           -4.54471421219445       -0.61504400022036       -0.64578629987362
H           -3.87056435800789        1.03140028589362       -0.81393235329003
H           -4.62353877493226        0.49717355543999        0.71070876796190
20
 energy: -34.247791966737 gnorm: 0.000242764488 xtb: 6.7.1 (edcfbbe)
C            3.98418518382203       -0.26040410296377        0.19974647066322
C            2.62202686777480       -0.15549881342424       -0.40752874648186
O            2.17906484474665       -0.87698269326385       -1.27476142333297
O            1.92378329612909        0.85136201332454        0.12750240944870
C            0.59482683727966        1.06867474559217       -0.33730518252573
C           -0.37677441146454        0.09910077538027        0.33255834938962
O           -1.69500032055476        0.46458963199898       -0.06875140566885
C           -2.69994424454586       -0.30929356246087        0.34732287385350
O           -2.52770770039482       -1.28711496965598        1.04340379164372
C           -4.02066790127906        0.19051966775919       -0.14493663766710
H            4.71638477708038       -0.44515589508768       -0.58069078007618
H            3.99375774658604       -1.11189388081906        0.87692431293702
H            4.21513615372569        0.64477926718361        0.75011004795675
H            0.34994719096158        2.09583165329196       -0.06758344069137
H            0.55569445976809        0.93591283514208       -1.42263956959213
H           -0.29535521606689        0.15978289746911        1.42335197540325
H           -0.17315664032556       -0.93303518248259        0.02557976070857
H           -4.54353657989628       -0.61879109762366       -0.64732229280762
H           -3.87087185211612        1.02852292327555       -0.81622171476807
H           -4.62159015417284        0.49381056634104        0.70899370691682
20
 energy: -34.247792854114 gnorm: 0.000146831868 xtb: 6.7.1 (edcfbbe)
C            3.98312017090943       -0.26287927544128        0.19817905433063
C            2.61986647761533       -0.15750618504654       -0.40659682021725
O            2.17356738128380       -0.88099710418750       -1.27036552597969
O            1.92473255620009        0.85260948412799        0.12642308719684
C            0.59545036483053        1.07162647929018       -0.33675966195980
C           -0.37668893774920        0.10580236828582        0.33766483453809
O           -1.69520608393178        0.47046068424946       -0.06365348033184
C           -2.69802993518162       -0.31070867121840        0.34371892438993
O           -2.52339419563928       -1.29337771471485        1.03233008167241
C           -4.02005048369456        0.18738393305766       -0.14671163247654
H            4.71372445692776       -0.44805147844414       -0.58368051503370
H            3.99390979879057       -1.11426811700186        0.87544279123884
H            4.21553005629877        0.64242513703394        0.74771928340404
H            0.35345889583929        2.10012438715571       -0.06950997722746
H            0.55428137420470        0.93588913511663       -1.42163988962863
H           -0.29425210679607        0.17086141193467        1.42810198007614
H           -0.17444546675019       -0.92779150170700        0.03468806335758
H           -4.54280063373935       -0.62284902472782       -0.64769100994431
H           -3.87280753656173        1.02569572299066       -0.81818219835781
H           -4.61976381579920        0.49026710822347        0.70827511626180
20
 energy: -34.247793032394 gnorm: 0.000079334709 xtb: 6.7.1 (edcfbbe)
C            3.98292069420151       -0.26362212072871        0.19784131841497
C            2.61932936953624       -0.15809612882441       -0.40611165337569
O            2.17210638034628       -0.88212220885184       -1.26894938050565
O            1.92499669186900        0.85276932879387        0.12643601652575
C            0.59576268087202        1.07245492579236       -0.33663838856509
C           -0.37683950263619        0.10794270943339        0.33890907848392
O           -1.69548239518593        0.47238630930487       -0.06236237896804
C           -2.69746943821338       -0.31109325679842        0.34240295697293
O           -2.52186605746728       -1.29537756631120        1.02846584435621
C           -4.02008068840538        0.18643851991887       -0.14702907528098
H            4.71293923235023       -0.44873537909070       -0.58458940976739
H            3.99423647037928       -1.11509502283774        0.87498876172518
H            4.21575254132782        0.64166764232113        0.74723262341699
H            0.35470625494814        2.10139553876459       -0.07030187546705
H            0.55426927559299        0.93571463254494       -1.42138936291629
H           -0.29412677841861        0.17421101497055        1.42924383194367
H           -0.17504539310998       -0.92605768407317        0.03703233401709
H           -4.54295342623352       -0.62410826822337       -0.64736233810988
H           -3.87388735031877        1.02485127807150       -0.81860548570568
H           -4.61906622437718        0.48919251480028        0.70853908811430
20
 energy: -34.247793037653 gnorm: 0.000115308949 xtb: 6.7.1 (edcfbbe)
C            3.98272121749360       -0.26436496601613        0.19750358249931
C            2.61879226145715       -0.15868607260228       -0.40562648653413
O            2.17064537940876       -0.88324731351617       -1.26753323503161
O            1.92526082753790        0.85292917345976        0.12644894585465
C            0.59607499691352        1.07328337229453       -0.33651711517038
C           -0.37699006752318        0.11008305058096        0.34015332242976
O           -1.69575870644007        0.47431193436028       -0.06107127760425
C           -2.69690894124515       -0.31147784237843        0.34108698955594
O           -2.52033791929528       -1.29737741790755        1.02460160704000
C           -4.02011089311620        0.18549310678007       -0.14734651808542
H            4.71215400777269       -0.44941927973726       -0.58549830450109
H            3.99456314196799       -1.11592192867362        0.87453473221152
H            4.21597502635688        0.64091014760832        0.74674596342994
H            0.35595361405700        2.10266669037346       -0.07109377370663
H            0.55425717698127        0.93554012997325       -1.42113883620395
H           -0.29400145004115        0.17756061800644        1.43038568381120
H           -0.17564531946977       -0.92432386643933        0.03937660467661
H           -4.54310621872769       -0.62536751171892       -0.64703366627545
H           -3.87496716407581        1.02400683315233       -0.81902877305354
H           -4.61836863295516        0.48811792137710        0.70880305996680
