14
 energy: -21.752880571774 gnorm: 0.029024763378 xtb: 6.7.1 (edcfbbe)
C            0.37018489736663        0.79140898714893        0.66638208284543
C           -0.37018928772598        0.79142875654404       -0.66636804836044
C           -1.87148058007197        0.88408514673427       -0.53313831712871
Cl          -2.58038494436030       -0.61632814610988        0.28185200224525
C            1.87147592038220        0.88407405272364        0.53315480041879
Cl           2.58038386442896       -0.61631148653790       -0.28188342281116
H            0.10495049267140       -0.08941555361678        1.26016460048420
H            0.06652340830852        1.67303290940410        1.24913096227076
H           -0.10495199196440       -0.08937643294449       -1.26017790554148
H           -0.06653008950204        1.67307179698542       -1.24908926338194
H           -2.18135952013895        1.72631379885400        0.08860548020369
H           -2.36183968137718        0.94134170833036       -1.50558540761865
H            2.18135217887831        1.72632319675316       -0.08856265915950
H            2.36183544236137        0.94130116139108        1.50560342870315
14
 energy: -21.754125999700 gnorm: 0.016705821382 xtb: 6.7.1 (edcfbbe)
C            0.36205460161163        0.80144811554285        0.67095997062129
C           -0.36205901465849        0.80146801945615       -0.67094569071720
C           -1.86507958503385        0.88503250068566       -0.53067190678013
Cl          -2.54483925317802       -0.60720354010356        0.27908925348781
C            1.86507492481011        0.88502131694128        0.53068839321368
Cl           2.54483864401611       -0.60718712960034       -0.27912020477960
H            0.09006400433899       -0.08906027420954        1.24212810906104
H            0.05033405934660        1.67679430829157        1.25029937741001
H           -0.09006566837433       -0.08902169380959       -1.24214160990046
H           -0.05034089277680        1.67683324435059       -1.25025765511073
H           -2.17898115393016        1.71527385217087        0.09931645951121
H           -2.36151939470729        0.92815400290651       -1.49761314758990
H            2.17897387025970        1.71528350121885       -0.09927382454919
H            2.36151496753236        0.92811367181867        1.49763080929155
14
 energy: -21.754552187122 gnorm: 0.005359489189 xtb: 6.7.1 (edcfbbe)
C            0.35863916715404        0.81122594410621        0.67451107918190
C           -0.35864356402218        0.81124602998713       -0.67449668994170
C           -1.86485695198265        0.87913726826338       -0.52839802030598
Cl          -2.50944504021790       -0.60797266908568        0.27645392041006
C            1.86485234272964        0.87912615892575        0.52841440103605
Cl           2.50944458852649       -0.60795648937594       -0.27648461089526
H            0.08246020838952       -0.08513399105448        1.23080446063747
H            0.04464392114668        1.68154950836488        1.25278512424182
H           -0.08246199354604       -0.08509567002085       -1.23081815633858
H           -0.04465083529792        1.68158861582310       -1.25274346345455
H           -2.17352183341640        1.70818312543912        0.10240273282305
H           -2.36061066135270        0.92344969451470       -1.49405297476272
H            2.17351471374170        1.70819285593453       -0.10236016635731
H            2.36060604740429        0.92340951383811        1.49407069689513
14
 energy: -21.754601214586 gnorm: 0.002269879702 xtb: 6.7.1 (edcfbbe)
C            0.35900034946744        0.81436442385915        0.67485459102312
C           -0.35900477692068        0.81438453985845       -0.67484017251825
C           -1.86701058680551        0.87469741845689       -0.52657695384322
Cl          -2.50310179490760       -0.61366819063415        0.27201654824744
C            1.86700597642513        0.87468634084136        0.52659322040747
Cl           2.50310151809549       -0.61365216938281       -0.27204731080748
H            0.08018583430845       -0.08028439053895        1.23251387363496
H            0.04849993532458        1.68635421297327        1.25222939727504
H           -0.08018767381645       -0.08024598319283       -1.23252750935464
H           -0.04850689981667        1.68639332270934       -1.25218764660680
H           -2.17616965499323        1.70534544740290        0.10336743580917
H           -2.36140026788874        0.92362995613933       -1.49344502512801
H            2.17616259223757        1.70535517218034       -0.10332493258819
H            2.36139555854681        0.92358979498768        1.49346281761878
14
 energy: -21.754623934593 gnorm: 0.001022674624 xtb: 6.7.1 (edcfbbe)
C            0.35994079845030        0.81753461705961        0.67439254939110
C           -0.35994523814394        0.81755474018672       -0.67437808760868
C           -1.86932106003737        0.87005619291803       -0.52538908706340
Cl          -2.49906325716278       -0.62141018226180        0.26660185788955
C            1.86931646696186        0.87004516963740        0.52540523031690
Cl           2.49906302933653       -0.62139436982058       -0.26663277444622
H            0.07751010970629       -0.07355286988080        1.23651827992058
H            0.05522468431284        1.69335953121622        1.24984868540933
H           -0.07751196698342       -0.07351428536857       -1.23653179367682
H           -0.05523167700980        1.69339859647717       -1.24980673667698
H           -2.18126066501261        1.70041198408722        0.10536974566147
H           -2.36260827592739        0.92403955934224       -1.49359294400781
H            2.18125365801589        1.70042178129427       -0.10532739425133
H            2.36260350275018        0.92399943077282        1.49361080231170
14
 energy: -21.754636470975 gnorm: 0.001431619189 xtb: 6.7.1 (edcfbbe)
C            0.36040445509056        0.82165706369219        0.67379001623507
C           -0.36040892055644        0.82167718359630       -0.67377543868508
C           -1.87024748872656        0.86627374910932       -0.52438918350033
Cl          -2.49472285312842       -0.63032418558443        0.26096929902925
C            1.87024289991846        0.86626275534702        0.52440520477996
Cl           2.49472270303924       -0.63030859120439       -0.26100041192241
H            0.07382442632579       -0.06567619306394        1.24041592721573
H            0.06175738151549        1.70168540799706        1.24683243420703
H           -0.07382629259037       -0.06563741757984       -1.24042924912909
H           -0.06176442611235        1.70172441827016       -1.24679019071991
H           -2.18637409707183        1.69384037943932        0.10875807512354
H           -2.36315483989706        0.92298256953643       -1.49311665631503
H            2.18636710959111        1.69385026113803       -0.10871597123640
H            2.36315005185895        0.92294249496672        1.49313447808704
14
 energy: -21.754646958820 gnorm: 0.000917571621 xtb: 6.7.1 (edcfbbe)
C            0.36042457018819        0.82507785226711        0.67349131288607
C           -0.36042903685901        0.82509798225069       -0.67347660980359
C           -1.87000692224632        0.86465563118600       -0.52434166370122
Cl          -2.49017067799416       -0.63634675684142        0.25807354510008
C            1.87000233938626        0.86464464362545        0.52435762677613
Cl           2.49017051531557       -0.63633129445852       -0.25810482335363
H            0.07071580118301       -0.06013867895170        1.24194520174781
H            0.06509167189428        1.70729851641796        1.24489921579640
H           -0.07071765313295       -0.06009979605130       -1.24195836075870
H           -0.06509873773631        1.70733750379737       -1.24485674243162
H           -2.18918029031177        1.68871912022655        0.11142418570235
H           -2.36340659159277        0.92117305259100       -1.49262250248736
H            2.18917328846852        1.68872906993136       -0.11138229864852
H            2.36340183269403        0.92113304966942        1.49264024634519
14
 energy: -21.754656209748 gnorm: 0.000372040403 xtb: 6.7.1 (edcfbbe)
C            0.36014854933599        0.82920578145243        0.67369444339473
C           -0.36015303068726        0.82922593530713       -0.67367959048190
C           -1.86955723118540        0.86304339828425       -0.52411109154009
Cl          -2.48389323357838       -0.64264391100297        0.25529299571261
C            1.86955264768276        0.86303241262549        0.52412698365366
Cl           2.48389310760529       -0.64262858212764       -0.25532442786951
H            0.06719853313146       -0.05450354951558        1.24263309101022
H            0.06734194203690        1.71290354573893        1.24375315365198
H           -0.06720038814177       -0.05446459427747       -1.24264608963189
H           -0.06734904238434        1.71294253599323       -1.24371044448583
H           -2.19163007009488        1.68359948778419        0.11412379594064
H           -2.36374539267515        0.91883393383564       -1.49168216976178
H            2.19162305363947        1.68360950482468       -0.11408212169641
H            2.36374066457188        0.91879399673764        1.49169980527295
14
 energy: -21.754662571544 gnorm: 0.000405482441 xtb: 6.7.1 (edcfbbe)
C            0.36031483592752        0.83255996533494        0.67377347179789
C           -0.36031931523969        0.83258014719439       -0.67375850841182
C           -1.86970875937343        0.86164992663260       -0.52414673118326
Cl          -2.47795158635270       -0.64841185728817        0.25230733273642
C            1.86970418639544        0.86163894525686        0.52416258323276
Cl           2.47795143826445       -0.64839666354801       -0.25233893029551
H            0.06472703820524       -0.04976456485725        1.24326142944902
H            0.06962626147143        1.71754517288559        1.24262788965646
H           -0.06472888562765       -0.04972553870291       -1.24327429428513
H           -0.06963336956808        1.71758416603508       -1.24258500078332
H           -2.19421945168341        1.67915132623738        0.11655144196319
H           -2.36459208610512        0.91770866040516       -1.49123054664033
H            2.19421242730704        1.67916140924560       -0.11650995094620
H            2.36458737563552        0.91766880082872        1.49124814687921
14
 energy: -21.754667226341 gnorm: 0.000394778721 xtb: 6.7.1 (edcfbbe)
C            0.36025783102770        0.83522420709585        0.67391448055333
C           -0.36026232676948        0.83524440347678       -0.67389943211618
C           -1.86964287234422        0.86026234483065       -0.52361591621449
Cl          -2.47444377517228       -0.65312626243546        0.24905973063849
C            1.86963829707051        0.86025137137305        0.52363171363731
Cl           2.47444368173609       -0.65311119701678       -0.24909142754083
H            0.06287841457240       -0.04599460544763        1.24409274198627
H            0.07140112942746        1.72136382103855        1.24184050438407
H           -0.06288027175988       -0.04595551991835       -1.24410551145002
H           -0.07140826630887        1.72140281057556       -1.24179746917822
H           -2.19611958754234        1.67541650356384        0.11903645819051
H           -2.36491160224003        0.91729259220464       -1.49040195820822
H            2.19611256623687        1.67542665562719       -0.11899510711978
H            2.36490689132266        0.91725277069207        1.49041952560716
14
 energy: -21.754671171214 gnorm: 0.000296335361 xtb: 6.7.1 (edcfbbe)
C            0.36042817410339        0.83712571378772        0.67382804242669
C           -0.36043267661129        0.83714590682895       -0.67381293767995
C           -1.86985775506983        0.85916800785925       -0.52317980365452
Cl          -2.47145370509191       -0.65737881122617        0.24554976841928
C            1.86985318327430        0.85915704715212        0.52319556841000
Cl           2.47145363229339       -0.65736386320858       -0.24558159423521
H            0.06158006432552       -0.04298712213382        1.24499618151960
H            0.07333096276463        1.72437039500203        1.24093405767033
H           -0.06158193731283       -0.04294800431820       -1.24500886573561
H           -0.07333810698916        1.72440935006117       -1.24089092972014
H           -2.19771750576366        1.67220352234214        0.12152930082140
H           -2.36534940123451        0.91793690016455       -1.48981177039037
H            2.19771049454406        1.67221375579164       -0.12148804546586
H            2.36534468602447        0.91789709755717        1.48982936078375
14
 energy: -21.754674701548 gnorm: 0.000156647314 xtb: 6.7.1 (edcfbbe)
C            0.36061225414792        0.83894779110325        0.67367762476012
C           -0.36061676045559        0.83896798029597       -0.67366246898535
C           -1.87014031810417        0.85803019161008       -0.52279047102130
Cl          -2.46916078807223       -0.66157104764266        0.24170423184343
C            1.87013575350654        0.85801924392755        0.52280620853776
Cl           2.46916072516836       -0.66155621493264       -0.24173621027930
H            0.06048140056283       -0.04005361769187        1.24595045330521
H            0.07525964642531        1.72727545796355        1.24005531433749
H           -0.06048328845674       -0.04001447798393       -1.24596303485455
H           -0.07526678956405        1.72731436836285       -1.24001211907710
H           -2.19919229696138        1.66874568751193        0.12432815574688
H           -2.36589721551947        0.91906415520113       -1.48922110581477
H            2.19918529967577        1.66875601621386       -0.12428699459831
H            2.36589248690347        0.91902436172089        1.48923874926917
14
 energy: -21.754677611625 gnorm: 0.000145419594 xtb: 6.7.1 (edcfbbe)
C            0.36071853044010        0.84050825979503        0.67356032822007
C           -0.36072304507225        0.84052842680730       -0.67354512640080
C           -1.87026326638892        0.85721402617261       -0.52222077263461
Cl          -2.46670799392352       -0.66567166040278        0.23770601500627
C            1.87025870143595        0.85720310412037        0.52223647583472
Cl           2.46670794171225       -0.66565695760880       -0.23773812282830
H            0.05941760132599       -0.03750443742095        1.24683795925401
H            0.07701877964051        1.72983395092817        1.23926568547197
H           -0.05941950211387       -0.03746528858000       -1.24685045765062
H           -0.07702593198959        1.72987280933394       -1.23922241930210
H           -2.20038110830091        1.66571704137047        0.12719766679918
H           -2.36622848281686        0.92034146593042       -1.48843439978539
H            2.20037413365253        1.66572749726509       -0.12715656986281
H            2.36622375165513        0.92030165794910        1.48845207104777
14
 energy: -21.754679956998 gnorm: 0.000176474131 xtb: 6.7.1 (edcfbbe)
C            0.36084557039019        0.84214581523750        0.67346938022079
C           -0.36085008379220        0.84216597245644       -0.67345412936107
C           -1.87044290203372        0.85627120591130       -0.52189932722800
Cl          -2.46468525450373       -0.66921733169416        0.23429491141582
C            1.87043834695574        0.85626029349778        0.52191501899940
Cl           2.46468518209997       -0.66920272191664       -0.23432718282841
H            0.05841506556202       -0.03501804814591        1.24747322763747
H            0.07849512875089        1.73229987717491        1.23855312714644
H           -0.05841697676831       -0.03497889904761       -1.24748562694062
H           -0.07850228103736        1.73233868626690       -1.23850981557217
H           -2.20151358464198        1.66255263436078        0.12978478853370
H           -2.36672310766981        0.92140451295951       -1.48783854269410
H            2.20150663095219        1.66256317955366       -0.12974376764294
H            2.36671837499268        0.92136471904549        1.48785627148307
14
 energy: -21.754681771542 gnorm: 0.000137262640 xtb: 6.7.1 (edcfbbe)
C            0.36091801346498        0.84355932006824        0.67344579456200
C           -0.36092253569072        0.84357946264439       -0.67343049874541
C           -1.87049516648771        0.85560637127715       -0.52156991218866
Cl          -2.46253975240548       -0.67241551901576        0.23145038634061
C            1.87049060934822        0.85559546630810        0.52158557730931
Cl           2.46253970967322       -0.67240098455520       -0.23148278418911
H            0.05752889819893       -0.03288257571809        1.24804013428396
H            0.07973104782129        1.73439020664513        1.23803568598540
H           -0.05753082927421       -0.03284343755405       -1.24805244283831
H           -0.07973820513754        1.73442896246322       -1.23799233181491
H           -2.20245481976620        1.66008662457522        0.13187369978858
H           -2.36706335802907        0.92209428219104       -1.48725573660149
H            2.20244788855571        1.66009725484352       -0.13183272942650
H            2.36705860898515        0.92205446148706        1.48727349070389
14
 energy: -21.754683225873 gnorm: 0.000108646178 xtb: 6.7.1 (edcfbbe)
C            0.36096124416741        0.84489588548193        0.67343448766761
C           -0.36096576254076        0.84491601772588       -0.67341914816377
C           -1.87052481342835        0.85494379158851       -0.52133203852600
Cl          -2.46048717565551       -0.67506953395122        0.22924383308893
C            1.87052026452061        0.85493290222279        0.52134769425624
Cl           2.46048709070831       -0.67505506624555       -0.22927636011155
H            0.05653658041049       -0.03089022371318        1.24848196908054
H            0.08082805269433        1.73637696845718        1.23748445986798
H           -0.05653851591770       -0.03085108955604       -1.24849420268374
H           -0.08083519687476        1.73641568313672       -1.23744105281682
H           -2.20340847919336        1.65784185930880        0.13355803526499
H           -2.36736132427308        0.92233997276613       -1.48679419659177
H            2.20340155520416        1.65785256002210       -0.13351711458618
H            2.36735658943478        0.92230016841591        1.48681196742290
14
 energy: -21.754684396513 gnorm: 0.000080508147 xtb: 6.7.1 (edcfbbe)
C            0.36100847566200        0.84617336021402        0.67342521258181
C           -0.36101301220835        0.84619349518071       -0.67340982101759
C           -1.87054599517824        0.85429026361353       -0.52116882110225
Cl          -2.45856266744850       -0.67747828405929        0.22758205063297
C            1.87054143511181        0.85427936886310        0.52118443173619
Cl           2.45856265774519       -0.67746387515676       -0.22761461861043
H            0.05569379676078       -0.02898313759336        1.24892955467703
H            0.08187562805676        1.73823737014217        1.23702473969781
H           -0.05569574657374       -0.02894398149185       -1.24894171694837
H           -0.08188280067075        1.73827607912939       -1.23698125523089
H           -2.20427370129436        1.65593673046273        0.13477386475531
H           -2.36758838071699        0.92226243221114       -1.48646730178534
H            2.20426677744283        1.65594746404223       -0.13473302500451
H            2.36758364256811        0.92222261010220        1.48648503878763
14
 energy: -21.754685373391 gnorm: 0.000072154662 xtb: 6.7.1 (edcfbbe)
C            0.36103497832793        0.84735525485034        0.67342005852149
C           -0.36103949191316        0.84737540260335       -0.67340463859959
C           -1.87057026736726        0.85366005213650       -0.52103719632180
Cl          -2.45671105839819       -0.67955414406542        0.22621619658469
C            1.87056573057340        0.85364917882144        0.52105282047392
Cl           2.45671094104550       -0.67953979856978       -0.22624886935873
H            0.05475757743679       -0.02716996245072        1.24937847123829
H            0.08288988172857        1.74002234108609        1.23653109582059
H           -0.05475950487525       -0.02713076747084       -1.24939059515027
H           -0.08289701839937        1.74006104297534       -1.23648755707750
H           -2.20523403441937        1.65418527545905        0.13580041698853
H           -2.36780979178327        0.92193985753299       -1.48620166230778
H            2.20522710068141        1.65419604551958       -0.13575963638143
H            2.36780506661883        0.92190011723203        1.48621942873899
14
 energy: -21.754686168838 gnorm: 0.000066829811 xtb: 6.7.1 (edcfbbe)
C            0.36107535338650        0.84846395696613        0.67339393232285
C           -0.36107992158640        0.84848408702661       -0.67337846363466
C           -1.87059611901290        0.85303540353792       -0.52091419359259
Cl          -2.45499776998853       -0.68150823010084        0.22508942734462
C            1.87059154231449        0.85302449272919        0.52092974555778
Cl           2.45499787801342       -0.68149390296556       -0.22512207783401
H            0.05396832262178       -0.02547438919777        1.24979282204882
H            0.08386692053093        1.74169752498036        1.23606105631515
H           -0.05397030832118       -0.02543519686723       -1.24980488152151
H           -0.08387412807953        1.74173619673660       -1.23601744689954
H           -2.20606830656354        1.65265163064587        0.13658837751342
H           -2.36795102749665        0.92157287789792       -1.48599560398728
H            2.20606138762462        1.65266240344813       -0.13654764690175
H            2.36794628581355        0.92153304082263        1.48601328643807
14
 energy: -21.754686814836 gnorm: 0.000057929737 xtb: 6.7.1 (edcfbbe)
C            0.36110517861346        0.84945371978804        0.67338586892586
C           -0.36110964856987        0.84947389239080       -0.67337041271912
C           -1.87062597611082        0.85247700027120       -0.52081824049775
Cl          -2.45344947726283       -0.68322759841023        0.22403182985216
C            1.87062148400533        0.85246618484994        0.52083386142134
Cl           2.45344917863928       -0.68321337141512       -0.22406464424606
H            0.05322424755104       -0.02392008290253        1.25023102782122
H            0.08477659864004        1.74320305725039        1.23565938335483
H           -0.05322614020001       -0.02388083269303       -1.25024307612686
H           -0.08478370763812        1.74324176872798       -1.23561576935673
H           -2.20689025794033        1.65122932156933        0.13734876275480
H           -2.36812396552915        0.92122314263835       -1.48581506812653
H            2.20688334853223        1.65124019702248       -0.13730805978021
H            2.36811924652632        0.92118349657235        1.48583286989242
14
 energy: -21.754687325493 gnorm: 0.000050996203 xtb: 6.7.1 (edcfbbe)
C            0.36114629455575        0.85032642426058        0.67335321425468
C           -0.36115097186108        0.85034650885262       -0.67333765386535
C           -1.87066402802227        0.85197712369317       -0.52069785154556
Cl          -2.45211801277598       -0.68480768919408        0.22303032793270
C            1.87065937133325        0.85196610543813        0.52071331116923
Cl           2.45211857108058       -0.68479335737123       -0.22306298735419
H            0.05258169747611       -0.02257699689914        1.25055417918177
H            0.08555979853147        1.74453947498622        1.23525428393485
H           -0.05258378695149       -0.02253780985382       -1.25056613174444
H           -0.08556712211217        1.74457805716902       -1.23521055073367
H           -2.20757735410693        1.64997193300760        0.13804686296616
H           -2.36825414838128        0.92100873869066       -1.48562683678519
H            2.20757043033831        1.64998262873324       -0.13800624556075
H            2.36824937015230        0.92096875414700        1.48564441131913
14
 energy: -21.754687669065 gnorm: 0.000049610392 xtb: 6.7.1 (edcfbbe)
C            0.36117994922134        0.85094421524504        0.67334260213427
C           -0.36118440071738        0.85096441585432       -0.67332714185479
C           -1.87069154048257        0.85169988924718       -0.52059682987334
Cl          -2.45105183537357       -0.68601516952354        0.22206055860253
C            1.87068707678864        0.85168911706357        0.52061243772585
Cl           2.45105142163631       -0.68600097974780       -0.22209343282426
H            0.05230093997588       -0.02166535616998        1.25081219917212
H            0.08602277224884        1.74541773837263        1.23504820173749
H           -0.05230283142980       -0.02162607158324       -1.25082419559856
H           -0.08602981123000        1.74545644717248       -1.23500456741101
H           -2.20807751785643        1.64902025823432        0.13872951384911
H           -2.36839541608783        0.92103688410587       -1.48544865168372
H            2.20807062265381        1.64903124288755       -0.13868884936741
H            2.36839067990934        0.92099726450156        1.48546648856110
14
 energy: -21.754687976583 gnorm: 0.000043091600 xtb: 6.7.1 (edcfbbe)
C            0.36120821712928        0.85150509508524        0.67332487542411
C           -0.36121279607779        0.85152517647830       -0.67330927233442
C           -1.87072014148287        0.85136924319715       -0.52048444230744
Cl          -2.45034357892391       -0.68717253494172        0.22106597827018
C            1.87071557053776        0.85135829395817        0.52049993684982
Cl           2.45034378422422       -0.68715838516061       -0.22109887862813
H            0.05187591547608       -0.02079018530011        1.25103723051907
H            0.08655192226569        1.74627659296843        1.23479153359832
H           -0.05187790604338       -0.02075097441273       -1.25104913902455
H           -0.08655920939021        1.74631517678865       -1.23474773935647
H           -2.20847198425830        1.64800217129799        0.13947865992360
H           -2.36852172582296        0.92124850162954       -1.48524621783021
H            2.20846506132554        1.64801300104766       -0.13943807487816
H            2.36851698029741        0.92120872302400        1.48526388294365
14
 energy: -21.754688246242 gnorm: 0.000039760730 xtb: 6.7.1 (edcfbbe)
C            0.36124690629769        0.85200162406026        0.67330606102018
C           -0.36125140985618        0.85202185024419       -0.67329055663455
C           -1.87074582409199        0.85109510191150       -0.52037716791464
Cl          -2.44956760626624       -0.68831653162728        0.22000599302383
C            1.87074131303407        0.85108437043472        0.52039273990273
Cl           2.44956730683481       -0.68830238336880       -0.22003884693869
H            0.05146082109142       -0.01997833213958        1.25126128482537
H            0.08714252032844        1.74707276057036        1.23455200498028
H           -0.05146274694727       -0.01993899832703       -1.25127320196131
H           -0.08714961566310        1.74711148263329       -1.23450830745318
H           -2.20878000736213        1.64706213547617        0.14025047263139
H           -2.36865297627807        0.92150168215786       -1.48504544336932
H            2.20877314686311        1.64707313723937       -0.14020992967025
H            2.36864828127200        0.92146199639491        1.48506323072753
14
 energy: -21.754688466512 gnorm: 0.000036048657 xtb: 6.7.1 (edcfbbe)
C            0.36126100956427        0.85252005644340        0.67329877028027
C           -0.36126558722627        0.85254012646019       -0.67328315596346
C           -1.87075081518939        0.85080910831686       -0.52026802904425
Cl          -2.44889270542224       -0.68936198906646        0.21908334512832
C            1.87074623653495        0.85079815049555        0.52028351549895
Cl           2.44889295653955       -0.68934791514013       -0.21911629404102
H            0.05111819938237       -0.01919801883275        1.25145035253192
H            0.08757036752387        1.74783783374604        1.23435916023695
H           -0.05112017653063       -0.01915879234271       -1.25146224825022
H           -0.08757763252862        1.74787640015419       -1.23431530486449
H           -2.20907800467780        1.64616646712798        0.14093868271591
H           -2.36876440528353        0.92166545254012       -1.48484385073362
H            2.20907104326648        1.64617732216684       -0.14089815848426
H            2.36875962330355        0.92162569359084        1.48486154815839
14
 energy: -21.754688641018 gnorm: 0.000032686494 xtb: 6.7.1 (edcfbbe)
C            0.36129461394910        0.85294883104774        0.67327983799011
C           -0.36129919395615        0.85296899627174       -0.67326422793035
C           -1.87078454501074        0.85059257996927       -0.52019843900711
Cl          -2.44817948569160       -0.69026270506889        0.21832212000725
C            1.87077998328708        0.85058171967455        0.52021392207872
Cl           2.44817959782597       -0.69024861044934       -0.21835502717682
H            0.05082117475411       -0.01853144216629        1.25161776632335
H            0.08795993528123        1.74848283560316        1.23415932750821
H           -0.05082320124792       -0.01849214512987       -1.25162960227675
H           -0.08796717446095        1.74852147164913       -1.23411552196550
H           -2.20941921196651        1.64540836869368        0.14149853817459
H           -2.36888585545206        0.92180022725923       -1.48470292053388
H            2.20941234838802        1.64541930358683       -0.14145805849665
H            2.36888112355698        0.92176046471901        1.48472061847419
14
 energy: -21.754688780076 gnorm: 0.000029567950 xtb: 6.7.1 (edcfbbe)
C            0.36130060256030        0.85335671634558        0.67328023311401
C           -0.36130511814382        0.85337686527195       -0.67326467349041
C           -1.87077578653365        0.85038152128257       -0.52011387578283
Cl          -2.44754765403626       -0.69105705109193        0.21769588443330
C            1.87077127055010        0.85037071621804        0.52012942168017
Cl           2.44754747425210       -0.69104298725453       -0.21772889237340
H            0.05056575169068       -0.01791936026487        1.25178968018473
H            0.08831367394122        1.74908469503623        1.23401859074410
H           -0.05056767487200       -0.01788007459744       -1.25180154987304
H           -0.08832079948013        1.74912331703113       -1.23397480393212
H           -2.20968941739127        1.64477125777446        0.14195290564214
H           -2.36894035998982        0.92182084290017       -1.48456722150900
H            2.20968251790774        1.64478227822050       -0.14191239145216
H            2.36893562880137        0.92178115878809        1.48458502578390
14
 energy: -21.754688893879 gnorm: 0.000027357964 xtb: 6.7.1 (edcfbbe)
C            0.36133476067704        0.85373561352396        0.67326055702785
C           -0.36133933472337        0.85375568876903       -0.67324490389383
C           -1.87080999750265        0.85017669715753       -0.52007760776899
Cl          -2.44698750547915       -0.69174707214893        0.21719227004015
C            1.87080543718184        0.85016576484245        0.52009307688207
Cl           2.44698770400635       -0.69173301816981       -0.21722536248274
H            0.05032357377239       -0.01734063285224        1.25191692619142
H            0.08864266290941        1.74964390116429        1.23385249061441
H           -0.05032559010772       -0.01730142994009       -1.25192870169119
H           -0.08864990685075        1.74968241166625       -1.23380865064454
H           -2.20998554920366        1.64418560491775        0.14230768485177
H           -2.36904669943339        0.92178479926165       -1.48448274683441
H            2.20997864654191        1.64419655773642       -0.14226717186959
H            2.36904190746833        0.92174500973169        1.48450047274699
14
 energy: -21.754688988244 gnorm: 0.000023946527 xtb: 6.7.1 (edcfbbe)
C            0.36132974791663        0.85406971393179        0.67326399687692
C           -0.36133428950763        0.85408988016593       -0.67324839498143
C           -1.87079964260362        0.84999101529148       -0.52001828114920
Cl          -2.44642372250724       -0.69236762184287        0.21678830493500
C            1.87079512159971        0.84998023341393        0.52003379072677
Cl           2.44642359977787       -0.69235353987758       -0.21682136826985
H            0.05004807214827       -0.01681638562535        1.25206793942390
H            0.08893902864774        1.75015862431332        1.23371298455366
H           -0.05005008644798       -0.01677711908123       -1.25207969673873
H           -0.08894618344675        1.75019720715573       -1.23366922548755
H           -2.21023879744580        1.64367430265011        0.14262169975252
H           -2.36908127715571        0.92172898565975       -1.48438767225884
H            2.21023198484382        1.64368538433654       -0.14258118800023
H            2.36907655343725        0.92168921516842        1.48440544378643
