20
 energy: -27.117723782479 gnorm: 0.029545248488 xtb: 6.7.1 (edcfbbe)
C           -1.74874583034799       -1.37591493400611        0.31493381296220
C           -2.38639975489978       -0.02581896856949       -0.00905441495094
C           -1.46460769769349        0.95902159362365       -0.73286533652951
C           -0.26603398498780        1.43180149691829        0.10129861062475
C            0.82693320361598        0.42771719002142        0.33738737176013
O            1.38554702475470        0.24243127290462        1.40870681165095
O            1.17821396832000       -0.22149425752850       -0.78714794333288
C            2.25009354510284       -1.18629519705927       -0.65203967048813
H           -0.93132780731806       -1.28372622314696        1.03869412530494
H           -2.48608281773420       -2.05653442758685        0.75309687327534
H           -1.34861672357964       -1.85107381953839       -0.58803165028932
H           -3.26821363820311       -0.19126602231345       -0.64015594021997
H           -2.75028025278703        0.43971288218753        0.91632714508389
H           -2.04277873123867        1.85046380298226       -0.99787670992377
H           -1.11346077252173        0.52205796741050       -1.67420014224070
H           -0.59237702502205        1.79202536185735        1.08065399856634
H            0.21798760683224        2.27374272903943       -0.41177819457045
H            2.39878382228871       -1.59674006971370       -1.65021516766968
H            1.96007214138851       -1.97695312482936        0.04434476259118
H            3.16141225341109       -0.69476173210348       -0.30291766433426
20
 energy: -27.118876435915 gnorm: 0.011290207817 xtb: 6.7.1 (edcfbbe)
C           -1.74104629210462       -1.36661504196587        0.31293160299432
C           -2.38155408611361       -0.02315196324948       -0.00604070634283
C           -1.45512517622019        0.95014795144222       -0.73423853880314
C           -0.26835845450646        1.42954758697008        0.10701983103800
C            0.81606981484441        0.41478527103434        0.33780437093308
O            1.36860752837090        0.22944696547411        1.40397529176330
O            1.17360102044186       -0.22782717500038       -0.77781354208766
C            2.24062752910168       -1.18322033857889       -0.65831079933876
H           -0.92618912760534       -1.25704023669077        1.02942772907510
H           -2.47785246270699       -2.04082626708659        0.74914199844767
H           -1.34548154615567       -1.83061617027851       -0.59062989177434
H           -3.25586161911095       -0.19611838278895       -0.64001007453522
H           -2.73596511608818        0.43790194123451        0.92088730626794
H           -2.03782690864578        1.83448329946938       -1.00388704627268
H           -1.08883205652864        0.49730930934316       -1.65876022603676
H           -0.60276054784277        1.78674641450263        1.08338254745529
H            0.21345708460057        2.26520978032172       -0.41121268228492
H            2.38630245307082       -1.58627448366589       -1.65706435013980
H            1.95519841140446       -1.96785742183118        0.04262405401748
H            3.14310808117501       -0.68763551810619       -0.30006619710597
20
 energy: -27.119106665284 gnorm: 0.004255773880 xtb: 6.7.1 (edcfbbe)
C           -1.73214144449771       -1.36237973795483        0.31359481543995
C           -2.37803912620984       -0.02163862927672       -0.00672864490649
C           -1.44961188025069        0.94689944450549       -0.73800247289200
C           -0.27086883796216        1.43070739722439        0.11147512660083
C            0.81241338987807        0.41247310666522        0.33941050424424
O            1.35347501846692        0.21478450323332        1.40843782848302
O            1.16778504514226       -0.22599502817186       -0.77159462111621
C            2.22761758372111       -1.17953245883582       -0.66240276004251
H           -0.91755286928472       -1.24301556044307        1.02500245898964
H           -2.46390178511957       -2.03637157628442        0.75175459871040
H           -1.33853341635520       -1.82098647772859       -0.59018692308539
H           -3.25048951545418       -0.19629342867128       -0.63961223147592
H           -2.72590852231620        0.44096675734767        0.91916496152591
H           -2.03225448352174        1.82488870730199       -1.02278988398908
H           -1.06911883515016        0.47867240121395       -1.64705998754327
H           -0.61141056814090        1.78019327284079        1.08718366355766
H            0.21029954652455        2.26533430259087       -0.40429585996281
H            2.37013062568871       -1.57631152421599       -1.66208344818367
H            1.94775570968182       -1.96606496424002        0.03830124263967
H            3.13047289454015       -0.68793498655166       -0.30040768972386
20
 energy: -27.119163382447 gnorm: 0.001853919698 xtb: 6.7.1 (edcfbbe)
C           -1.72695245933554       -1.36058940441154        0.31497483927048
C           -2.37615554110428       -0.02064107021449       -0.00760558377736
C           -1.44514778660389        0.94427532746227       -0.74151344788834
C           -0.27271645637839        1.43334816178415        0.11477375493655
C            0.80667077593948        0.40984740660198        0.34350708307618
O            1.34368190070649        0.20701829583255        1.41489820242664
O            1.16454239341616       -0.22066591823548       -0.76847203512124
C            2.21979086961975       -1.17635081771883       -0.66565310301387
H           -0.91206555603847       -1.23672741745451        1.02479346947491
H           -2.45556256042034       -2.03560334344680        0.75597081681062
H           -1.33331056502363       -1.81909202525831       -0.58874173740449
H           -3.24891236038842       -0.19674482824479       -0.63901135956069
H           -2.72214014153304        0.44446820981338        0.91731407819876
H           -2.02532239298501        1.81877748727390       -1.04001231387516
H           -1.05590562136238        0.46722362673407       -1.64183079981619
H           -0.61769353232098        1.77846429472636        1.09003191837812
H            0.20977022603999        2.26889451542637       -0.39723507761080
H            2.36103006139962       -1.56833377110639       -1.66717101857615
H            1.94060559684813       -1.96774492408663        0.03090959212312
H            3.12591167890527       -0.69142828492783       -0.30076660078098
20
 energy: -27.119188865830 gnorm: 0.002964731347 xtb: 6.7.1 (edcfbbe)
C           -1.72243664857109       -1.35950638186796        0.31787245704870
C           -2.37303296518946       -0.02034148736218       -0.01002341574567
C           -1.43891921661342        0.94058520486292       -0.74605622163141
C           -0.27532016178144        1.43700420860423        0.11959819874161
C            0.80591009165551        0.41439815471608        0.34870370472028
O            1.33333707575402        0.20059285663874        1.42441681701909
O            1.16575579620143       -0.20807564362319       -0.76603842577649
C            2.21142999842718       -1.17381923222530       -0.67010620005879
H           -0.90726507476398       -1.23236460371776        1.02746248626331
H           -2.44899219653688       -2.03513301833980        0.76265079634401
H           -1.32808440207412       -1.82128941156803       -0.58480383999849
H           -3.24669267535100       -0.19864046780099       -0.63984640181613
H           -2.71906811568027        0.44862225481532        0.91333877663987
H           -2.01625526758757        1.81051592709116       -1.06268767000898
H           -1.03889046720057        0.45501676624513       -1.63686948542990
H           -0.62859948677405        1.77570245662000        1.09409396853149
H            0.20676133483698        2.27737290916414       -0.38478144514370
H            2.35039631211519       -1.55939450966541       -1.67507056581946
H            1.92616693351622       -1.97109339238350        0.01870691893784
H            3.12391766499786       -0.70175706965420       -0.30139977554709
20
 energy: -27.119197036446 gnorm: 0.001546594886 xtb: 6.7.1 (edcfbbe)
C           -1.72340620929836       -1.35980968786880        0.31883978651845
C           -2.37261922111369       -0.02076854153994       -0.01090562141400
C           -1.43798428221246        0.93993794838911       -0.74601949657801
C           -0.27538356662217        1.43708958774717        0.12018043009334
C            0.80606063527431        0.41494850083540        0.34974137304975
O            1.33465270458510        0.20235591100986        1.42445322235558
O            1.16784998815954       -0.20534241223919       -0.76631971074200
C            2.21210725935936       -1.17361101678539       -0.67073535812045
H           -0.90858951718887       -1.23333212485954        1.02915199795706
H           -2.45110530435223       -2.03448630981307        0.76353917037483
H           -1.32861996781028       -1.82340442988971       -0.58284154991946
H           -3.24579692250032       -0.19920911448663       -0.64161060951364
H           -2.72002498126681        0.44886385317538        0.91178716338718
H           -2.01506490400465        1.80959660078724       -1.06353911215515
H           -1.03729567626825        0.45452994574015       -1.63655053665728
H           -0.62972596396346        1.77538797431930        1.09447791632731
H            0.20598423843974        2.27862342253261       -0.38333182377765
H            2.35090175410294       -1.55771502169205       -1.67644468217100
H            1.92304886779364       -1.97106349636181        0.01600754518680
H            3.12512959826744       -0.70419606845068       -0.30071942693158
20
 energy: -27.119202227722 gnorm: 0.001131276969 xtb: 6.7.1 (edcfbbe)
C           -1.72567166647336       -1.36024135590683        0.32158450884200
C           -2.37171500430712       -0.02182189592523       -0.01321625069216
C           -1.43533705364567        0.93801586566294       -0.74627767329338
C           -0.27555813286726        1.43701375102908        0.12189699745588
C            0.80893658900544        0.41836516670049        0.35098959031703
O            1.33732901794792        0.20428657996501        1.42429918074774
O            1.17309796138357       -0.19864475380120       -0.76743829802295
C            2.21318986218195       -1.17306786386006       -0.67250519925715
H           -0.91208785978981       -1.23400802694519        1.03351552760940
H           -2.45637311239398       -2.03185873747126        0.76617152722578
H           -1.32981101497584       -1.82808770942241       -0.57739179945050
H           -3.24255145310986       -0.20126034382423       -0.64713224928173
H           -2.72315318085009        0.44931791933556        0.90738971206547
H           -2.01258835782616        1.80685164249744       -1.06518664614805
H           -1.03232933635017        0.45268432192487       -1.63581882285253
H           -0.63268952198641        1.77282205620635        1.09618433199036
H            0.20325544631169        2.28166862267863       -0.37915163918719
H            2.35185963162664       -1.55319568728740       -1.67979381343285
H            1.91536114368126       -1.97053772155808        0.00962675098527
H            3.12695457181779       -0.70990630944906       -0.29858505835034
20
 energy: -27.119204206178 gnorm: 0.000411188169 xtb: 6.7.1 (edcfbbe)
C           -1.72552496543182       -1.35989652947738        0.32252833775523
C           -2.37194753994457       -0.02177946008214       -0.01387797746590
C           -1.43485677522943        0.93787942493511       -0.74668201773431
C           -0.27561360499263        1.43696843993922        0.12242483604499
C            0.80848693772296        0.41768944136420        0.35101344112229
O            1.33629087425108        0.20202279895641        1.42460791255470
O            1.17277857387871       -0.19836974035348       -0.76753967273630
C            2.21276350874682       -1.17239931669451       -0.67314712965324
H           -0.91216545818274       -1.23228745752583        1.03433122528880
H           -2.45595059317330       -2.03125009371040        0.76771458155977
H           -1.32941496880745       -1.82815181731170       -0.57601158085127
H           -3.24192959527119       -0.20184045245039       -0.64862358812805
H           -2.72416276321951        0.44990345977835        0.90599169342270
H           -2.01181775676598        1.80658692082428       -1.06675976888099
H           -1.03086488259644        0.45163903696160       -1.63529716591704
H           -0.63298971911928        1.77177306921695        1.09690160630253
H            0.20329469262815        2.28169168191636       -0.37811228685443
H            2.35234733231262       -1.55124761490151       -1.68066254182242
H            1.91519769246288       -1.97089612769639        0.00799292749459
H            3.12619754011163       -0.70964014313933       -0.29763215423156
20
 energy: -27.119206083914 gnorm: 0.000320143035 xtb: 6.7.1 (edcfbbe)
C           -1.72607619789846       -1.35909998606572        0.32432267249164
C           -2.37291100626565       -0.02165385676557       -0.01511965480660
C           -1.43446126688309        0.93764529619347       -0.74710389335552
C           -0.27564402402538        1.43616859128463        0.12315060619410
C            0.80838791745958        0.41661948160408        0.35072746755775
O            1.33558768215516        0.19895970179191        1.42450519491462
O            1.17302858937262       -0.19831619390873       -0.76811150830188
C            2.21341442481093       -1.17153760523433       -0.67409235891022
H           -0.91323603105746       -1.22954540274421        1.03626534753089
H           -2.45649563219023       -2.02965549338925        0.77059230733732
H           -1.32938138857510       -1.82893957243052       -0.57312318113997
H           -3.24109289945001       -0.20301808045267       -0.65183949222818
H           -2.72746528906496        0.45093874011973        0.90329726537245
H           -2.01074832911210        1.80657955529651       -1.06776199931283
H           -1.02982058243915        0.45122712038125       -1.63520691792351
H           -0.63320818454570        1.76971221436037        1.09792103948660
H            0.20328593161368        2.28123022129883       -0.37654902638267
H            2.35550010772800       -1.54789430182411       -1.68209994433618
H            1.91570527702273       -1.97208232752792        0.00475937134977
H            3.12574943072512       -0.70894258143834       -0.29537261826752
20
 energy: -27.119207965634 gnorm: 0.000541495225 xtb: 6.7.1 (edcfbbe)
C           -1.72729019863949       -1.35796647295273        0.32690243942301
C           -2.37401270358511       -0.02151104155416       -0.01696100408042
C           -1.43405013326833        0.93736533821416       -0.74766193358241
C           -0.27575920690733        1.43480865399511        0.12406672487573
C            0.80819124169169        0.41501462672917        0.35068738897930
O            1.33511798272060        0.19593431054532        1.42441089142013
O            1.17372202786374       -0.19821819687447       -0.76873758879603
C            2.21485805936231       -1.17048517950793       -0.67537948822912
H           -0.91506261124609       -1.22615792424699        1.03907353832830
H           -2.45791250899502       -2.02744482362855        0.77445501384697
H           -1.32978946335767       -1.83010818607185       -0.56896368424049
H           -3.24000808745606       -0.20459903243212       -0.65611878687787
H           -2.73172518270822        0.45236133770012        0.89952796596331
H           -2.00939356853557        1.80673225644702       -1.06900420991607
H           -1.02858861771834        0.45055491860064       -1.63520839433910
H           -0.63379943144206        1.76690835781316        1.09912562186884
H            0.20330792374203        2.28052857930362       -0.37434189392796
H            2.36049813500895       -1.54295380113732       -1.68433024688989
H            1.91623857661026       -1.97404405843014       -0.00037711426908
H            3.12557629624026       -0.70832414196262       -0.29200456228708
20
 energy: -27.119210241046 gnorm: 0.000500497479 xtb: 6.7.1 (edcfbbe)
C           -1.72904811923386       -1.35622035892323        0.33032871901695
C           -2.37561683916165       -0.02127299006724       -0.01939443178698
C           -1.43329692732700        0.93644801149236       -0.74846201995372
C           -0.27603446135791        1.43276475637705        0.12531366805275
C            0.80836369466166        0.41326708979122        0.35083309054159
O            1.33492472252387        0.19285387942941        1.42443043013062
O            1.17489504357426       -0.19797271627948       -0.76939741334714
C            2.21704611023825       -1.16925793677187       -0.67717727060406
H           -0.91800063416203       -1.22167426462006        1.04331113202021
H           -2.46028627282618       -2.02406800515186        0.77928935130154
H           -1.33004525409754       -1.83184717157100       -0.56306937366383
H           -3.23875523752207       -0.20665663178455       -0.66178978014466
H           -2.73766562162067        0.45456114851518        0.89443041571181
H           -2.00727861026023        1.80635735396852       -1.07067442924871
H           -1.02681684273576        0.44946568839583       -1.63544995837502
H           -0.63511590164704        1.76289262865181        1.10067503466232
H            0.20314433958901        2.27969433547296       -0.37100433062148
H            2.36774421911881       -1.53559661035589       -1.68769295577269
H            1.91656807811745       -1.97729522809714       -0.00833310239755
H            3.12539304350919       -0.70804745792256       -0.28700609825186
20
 energy: -27.119212396070 gnorm: 0.000277891410 xtb: 6.7.1 (edcfbbe)
C           -1.73180549492094       -1.35420294752303        0.33515116736906
C           -2.37723641242981       -0.02101096025733       -0.02267120328163
C           -1.43218106408571        0.93533058272706       -0.74975008450580
C           -0.27652383614062        1.43009155940345        0.12692324650323
C            0.80871911530770        0.41118435163485        0.35134632639751
O            1.33518994693953        0.18979373909732        1.42464858319267
O            1.17642763273736       -0.19752004283559       -0.76998399179166
C            2.21996333892192       -1.16771058669065       -0.67966780503552
H           -0.92272491800613       -1.21629171036203        1.04976492171280
H           -2.46419379713271       -2.02020527961716        0.78510301800294
H           -1.33012987827373       -1.83391572569040       -0.55489446766752
H           -3.23693523897089       -0.20919246676822       -0.66891789406131
H           -2.74459490749407        0.45752182310109        0.88767544444683
H           -2.00427909955482        1.80582149790070       -1.07378502715106
H           -1.02407607149688        0.44760943276472       -1.63561439967875
H           -0.63732843318787        1.75758695283397        1.10256052255107
H            0.20275416538787        2.27879688296946       -0.36636555491609
H            2.37754844813930       -1.52494605636176       -1.69250752970300
H            1.91654004209987       -1.98213938828331       -0.01995903130067
H            3.12498499154121       -0.70820613749367       -0.27989556381303
20
 energy: -27.119213499613 gnorm: 0.000232557738 xtb: 6.7.1 (edcfbbe)
C           -1.73421793027153       -1.35222613471221        0.33930269005745
C           -2.37898031794879       -0.02066320282626       -0.02535155198772
C           -1.43088971645094        0.93375173878651       -0.75086455835698
C           -0.27692129348001        1.42783226547270        0.12833781683213
C            0.80911847065279        0.40947353855029        0.35183208111389
O            1.33589197240904        0.18770927446781        1.42480691412616
O            1.17737269668842       -0.19739953239306       -0.77032504281649
C            2.22243104044854       -1.16631153405701       -0.68198194288226
H           -0.92767023144775       -1.21176947886347        1.05631925642133
H           -2.46813823373557       -2.01668035210322        0.78900359775342
H           -1.32932876422469       -1.83526087528655       -0.54750857989855
H           -3.23577533388409       -0.21116358581433       -0.67482482027656
H           -2.75058275368121        0.46048403319791        0.88193192521999
H           -2.00136733212761        1.80453567037959       -1.07688265751564
H           -1.02118082943359        0.44504500617437       -1.63550327756824
H           -0.63934962409682        1.75292486592583        1.10419814523563
H            0.20247604366477        2.27811069374118       -0.36221309513200
H            2.38658061288369       -1.51464440257116       -1.69691624974448
H            1.91650890112853       -1.98688323197484       -0.03118524190167
H            3.12414115228743       -0.70846923554456       -0.27301473140935
20
 energy: -27.119213178931 gnorm: 0.000493837949 xtb: 6.7.1 (edcfbbe)
C           -1.73637591142033       -1.35040169850773        0.34305093976763
C           -2.38059456401766       -0.02034987029031       -0.02780002912756
C           -1.42971214384540        0.93229649036689       -0.75186105337508
C           -0.27728123357825        1.42577883261090        0.12963486552632
C            0.80945680570419        0.40789635662372        0.35229219994004
O            1.33649064503000        0.18579009016300        1.42496842867236
O            1.17824533701847       -0.19727209711666       -0.77063036033402
C            2.22467900378862       -1.16503904330417       -0.68408481936041
H           -0.93209676134051       -1.20763038560411        1.06221762398362
H           -2.47167708241862       -2.01341631331976        0.79258479409117
H           -1.32862017304703       -1.83651053835551       -0.54082135655090
H           -3.23474597845291       -0.21296943986767       -0.68021850371486
H           -2.75606760748178        0.46317077871254        0.87670234283205
H           -1.99873037841977        1.80334897041040       -1.07964795786439
H           -1.01854810930471        0.44272323885407       -1.63541136473738
H           -0.64118803907314        1.74870143107101        1.10569480766342
H            0.20224368546196        2.27748134763897       -0.35842818105867
H            2.39472119342116       -1.50536369792928       -1.70091702996719
H            1.91649814662045       -1.99114381110080       -0.04130923740888
H            3.12342169473586       -0.70869512050599       -0.26685543170722
20
 energy: -27.119214034894 gnorm: 0.000163588365 xtb: 6.7.1 (edcfbbe)
C           -1.73555920115445       -1.35158337189780        0.34117014328259
C           -2.37946384898617       -0.02044170850099       -0.02623793033268
C           -1.43035192733076        0.93311886138922       -0.75148398628763
C           -0.27714232293143        1.42683731489672        0.12880252178392
C            0.80948852451741        0.40895075243709        0.35193435756640
O            1.33674279384527        0.18749001549229        1.42471335527217
O            1.17747449247758       -0.19772742406507       -0.77038666244515
C            2.22345853152162       -1.16579939844565       -0.68295849284800
H           -0.93075084126895       -1.21024336439855        1.05996458702989
H           -2.47042974461458       -2.01583330822115        0.78965589335306
H           -1.32837368067494       -1.83528134139552       -0.54418404644533
H           -3.23519581118395       -0.21173404889827       -0.67679955009446
H           -2.75253326112224        0.46184627917543        0.87978687988520
H           -2.00001192419925        1.80397050656582       -1.07866629483450
H           -1.01998181289426        0.44373345903889       -1.63538357595339
H           -0.64024957680587        1.75094257657564        1.10473274270298
H            0.20218266664345        2.27779975444622       -0.36060228375359
H            2.39104296446642       -1.50949538683660       -1.69878636057210
H            1.91650240230993       -1.98944382973664       -0.03679708046313
H            3.12327010676580       -0.70871081707156       -0.26931353957619
20
 energy: -27.119214418136 gnorm: 0.000096636722 xtb: 6.7.1 (edcfbbe)
C           -1.73527064710603       -1.35196160112964        0.34056180960284
C           -2.37921070483398       -0.02041040580036       -0.02552861827851
C           -1.43057646453806        0.93325674326066       -0.75133645994158
C           -0.27703796647741        1.42728860990183        0.12834525772404
C            0.80952738945292        0.40937706904309        0.35170158801354
O            1.33728995916399        0.18866731736220        1.42443598700345
O            1.17691467031790       -0.19823346242230       -0.77027245637633
C            2.22296213681963       -1.16615746054969       -0.68255869542514
H           -0.93080891629517       -1.21142501064288        1.05991212619913
H           -2.47023157528775       -2.01701223578260        0.78772910057426
H           -1.32759047096475       -1.83426035542987       -0.54529827125468
H           -3.23575894154162       -0.21106559296304       -0.67518347212463
H           -2.75097116082412        0.46154015672621        0.88116768151537
H           -2.00046727568859        1.80393012677663       -1.07859598183982
H           -1.02046104298077        0.44358367751822       -1.63516259471779
H           -0.63981792165472        1.75183654813987        1.10423012035163
H            0.20221815347836        2.27796549893069       -0.36158481783154
H            2.39068601682809       -1.50989797045184       -1.69830785095922
H            1.91608636012220       -1.98974906507967       -0.03630338655344
H            3.12263693139047       -0.70887706685802       -0.26879038841153
20
 energy: -27.119214947560 gnorm: 0.000158630147 xtb: 6.7.1 (edcfbbe)
C           -1.73524666970427       -1.35214946119312        0.34038433571805
C           -2.37908072478914       -0.02014805279935       -0.02453802775696
C           -1.43076773558368        0.93308785968066       -0.75143025609236
C           -0.27701552852293        1.42755037398280        0.12772105605486
C            0.80966691689086        0.40978415314892        0.35122993661647
O            1.33873858986922        0.19073368135264        1.42372346116974
O            1.17577202548407       -0.19954213777953       -0.77018764544295
C            2.22259244575375       -1.16659552623175       -0.68233679222343
H           -0.93233833797351       -1.21242065150456        1.06166090804870
H           -2.47078302951756       -2.01847176188473        0.78472633011463
H           -1.32545246271682       -1.83249329576772       -0.54557008023918
H           -3.23643993030462       -0.21026473187672       -0.67325442954632
H           -2.74954862441551        0.46181458910136        0.88267704682224
H           -2.00071969862670        1.80354255963304       -1.07912925100479
H           -1.02091506668536        0.44269078163370       -1.63495949375961
H           -0.63940867450638        1.75250076663289        1.10361153946970
H            0.20211613345609        2.27800898509304       -0.36267610894671
H            2.39349363216713       -1.50727447570354       -1.69857826329806
H            1.91481829542362       -1.99238765710962       -0.03928600266731
H            3.12063697368236       -0.70957047785890       -0.26462758576665
20
 energy: -27.119214853985 gnorm: 0.000318689596 xtb: 6.7.1 (edcfbbe)
C           -1.73526950601623       -1.35232714316579        0.34024006943024
C           -2.37896040157862       -0.01990970001107       -0.02367915255901
C           -1.43091719778842        0.93294225045484       -0.75152683553112
C           -0.27700029845879        1.42776526388111        0.12720243829597
C            0.80978805668756        0.41012309089448        0.35083126224558
O            1.33998543927300        0.19247583503366        1.42312023353720
O            1.17478537569241       -0.20066679034232       -0.77011074685873
C            2.22229150069260       -1.16694765441285       -0.68215973987479
H           -0.93373562307506       -1.21329178543648        1.06321432297839
H           -2.47132456208163       -2.01974929246113        0.78210768103450
H           -1.32360708682151       -1.83097140377703       -0.54578253518052
H           -3.23699704431182       -0.20955667582252       -0.67161064674948
H           -2.74833529482793        0.46207443785267        0.88396701194455
H           -2.00090546913416        1.80321081319914       -1.07963348257209
H           -1.02127135500245        0.44189218058172       -1.63477699864658
H           -0.63906143984395        1.75304525294721        1.10310129156613
H            0.20202304700653        2.27803528097007       -0.36359072205849
H            2.39581926858172       -1.50508335663158       -1.69880591463924
H            1.91383771662233       -1.99457251487396       -0.04174882576736
H            3.11897340376504       -0.71009256833066       -0.26119803332507
20
 energy: -27.119215213593 gnorm: 0.000136558250 xtb: 6.7.1 (edcfbbe)
C           -1.73526398396540       -1.35195474308207        0.34074988584612
C           -2.37929755385006       -0.02010610111687       -0.02445313822243
C           -1.43087816036598        0.93292352612845       -0.75144891749636
C           -0.27697250649817        1.42749062341203        0.12741311396345
C            0.80982463193474        0.40986841523911        0.35093688356160
O            1.33959149876017        0.19166996169823        1.42325544626095
O            1.17531112286933       -0.20027075603208       -0.77026734885956
C            2.22260526392268       -1.16682120347468       -0.68235766778779
H           -0.93306291115138       -1.21232755444134        1.06285799074711
H           -2.47105153212263       -2.01867364744621        0.78405213827804
H           -1.32450276847250       -1.83182054922424       -0.54500201952975
H           -3.23683240439115       -0.21025375977853       -0.67295865455068
H           -2.74950905302240        0.46205288539676        0.88275773967003
H           -2.00080176530656        1.80334235087197       -1.07927441127715
H           -1.02117836428528        0.44233341630016       -1.63492223949923
H           -0.63927594018987        1.75247652269598        1.10333095665981
H            0.20211709000791        2.27799013906640       -0.36299152906359
H            2.39657625349225       -1.50443024853865       -1.69913684497700
H            1.91358944060813       -1.99475046207160       -0.04261561826169
H            3.11913017140677       -0.71034329505333       -0.26076508819182
20
 energy: -27.119215451721 gnorm: 0.000100467690 xtb: 6.7.1 (edcfbbe)
C           -1.73502508030307       -1.35174129840822        0.34098328294705
C           -2.37932244855559       -0.02022111713517       -0.02478521461233
C           -1.43086076808908        0.93294915819650       -0.75146559057247
C           -0.27702348733384        1.42739956657821        0.12755868446513
C            0.80970489763900        0.40971110731129        0.35107445622861
O            1.33922082175702        0.19123647132743        1.42338992163634
O            1.17567892592646       -0.19983700816919       -0.77034840994977
C            2.22260642226838       -1.16680133884190       -0.68245668801409
H           -0.93203211434723       -1.21149848426242        1.06206876285145
H           -2.47040723587972       -2.01782097001785        0.78589755137905
H           -1.32531830684263       -1.83275061577148       -0.54467474820976
H           -3.23638102085195       -0.21086785888374       -0.67381020445123
H           -2.75037557413907        0.46199343763730        0.88211137259333
H           -2.00084464498979        1.80345983417068       -1.07898960508765
H           -1.02109506252567        0.44272655523862       -1.63517287101218
H           -0.63941832397795        1.75236270441793        1.10346638444960
H            0.20208433022197        2.27795722702589       -0.36276761845801
H            2.39746024263351       -1.50343715346261       -1.69946192140817
H            1.91259332220101       -1.99534727394028       -0.04394400389954
H            3.11887363456884       -0.71107742246149       -0.25951286360531
20
 energy: -27.119215473184 gnorm: 0.000251162196 xtb: 6.7.1 (edcfbbe)
C           -1.73478617664075       -1.35152785373437        0.34121668004799
C           -2.37934734326111       -0.02033613315348       -0.02511729100223
C           -1.43084337581219        0.93297479026455       -0.75148226364857
C           -0.27707446816952        1.42730850974439        0.12770425496681
C            0.80958516334326        0.40955379938347        0.35121202889562
O            1.33885014475386        0.19080298095663        1.42352439701172
O            1.17604672898359       -0.19940326030630       -0.77042947103997
C            2.22260758061407       -1.16678147420912       -0.68255570824038
H           -0.93100131754309       -1.21066941408350        1.06127953495578
H           -2.46976293963681       -2.01696829258949        0.78774296448006
H           -1.32613384521275       -1.83368068231872       -0.54434747688977
H           -3.23592963731274       -0.21148195798894       -0.67466175435179
H           -2.75124209525573        0.46193398987785        0.88146500551663
H           -2.00088752467301        1.80357731746938       -1.07870479889815
H           -1.02101176076605        0.44311969417707       -1.63542350252512
H           -0.63956070776602        1.75224888613988        1.10360181223939
H            0.20205157043603        2.27792431498539       -0.36254370785243
H            2.39834423177478       -1.50244405838658       -1.69978699783933
H            1.91159720379388       -1.99594408580897       -0.04527238953739
H            3.11861709773091       -0.71181154986964       -0.25826063901881
20
 energy: -27.119215612690 gnorm: 0.000131468187 xtb: 6.7.1 (edcfbbe)
C           -1.73467015338053       -1.35176806377906        0.34119411416254
C           -2.37907204197642       -0.02044666207638       -0.02502889068798
C           -1.43088175431278        0.93313686549540       -0.75154088403110
C           -0.27707648101310        1.42756324947080        0.12755911701310
C            0.80984307234147        0.41006758776591        0.35105988779333
O            1.33880323236286        0.19095058263119        1.42355909669410
O            1.17592679888392       -0.19931815057117       -0.77043102411106
C            2.22226883606654       -1.16690698580490       -0.68246352135597
H           -0.93075751279433       -1.21096831199860        1.06114556647513
H           -2.46957537447770       -2.01737951889705        0.78763271091175
H           -1.32612203049866       -1.83354323433165       -0.54457072424981
H           -3.23589334745950       -0.21144096974107       -0.67425749484137
H           -2.75055497267613        0.46171833789175        0.88169210393466
H           -2.00100924928179        1.80364743273023       -1.07883646131820
H           -1.02108831971372        0.44320140200127       -1.63537401104016
H           -0.63953621777463        1.75245887434887        1.10346935149255
H            0.20198231301967        2.27813809104230       -0.36276305837870
H            2.39839578949359       -1.50218514056893       -1.69962235859582
H            1.91098427346428       -1.99617879136924       -0.04563492652959
H            3.11815166910757       -0.71235107369017       -0.25762791606734
20
 energy: -27.119215766153 gnorm: 0.000120693799 xtb: 6.7.1 (edcfbbe)
C           -1.73440833209259       -1.35188199997771        0.34098861550424
C           -2.37893120443736       -0.02045294734508       -0.02473774526691
C           -1.43089969498681        0.93312234685100       -0.75152233988958
C           -0.27704633053380        1.42782032609957        0.12736408093924
C            0.80963631731708        0.41010938758548        0.35101329594808
O            1.33877027212200        0.19125730644119        1.42351891028198
O            1.17568899365527       -0.19939356648626       -0.77037605500454
C            2.22199027507327       -1.16700396856976       -0.68234524722201
H           -0.93039525039760       -1.21125906195133        1.06087171074548
H           -2.46926743306905       -2.01758489398905        0.78735477936944
H           -1.32599784042501       -1.83340179703209       -0.54496955413034
H           -3.23600855528865       -0.21128887794677       -0.67365813770300
H           -2.74995035423845        0.46162701434519        0.88219287138016
H           -2.00114834017049        1.80352982483005       -1.07884074208297
H           -1.02117452005826        0.44310092387924       -1.63531418938358
H           -0.63939091439024        1.75294086908001        1.10323056315052
H            0.20203685676667        2.27822081079496       -0.36321328440537
H            2.39875356188790       -1.50165561537806       -1.69955100231065
H            1.91026664946241       -1.99662200565749       -0.04624814523261
H            3.11759437318432       -0.71278855502359       -0.25659770741749
20
 energy: -27.119216206236 gnorm: 0.000245325350 xtb: 6.7.1 (edcfbbe)
C           -1.73340930987269       -1.35232993938869        0.34010291946531
C           -2.37833903430842       -0.02045693072271       -0.02351487637115
C           -1.43108696167932        0.93312328147581       -0.75140488806064
C           -0.27692674927096        1.42876159592348        0.12656301814675
C            0.80938317745921        0.41078302498124        0.35074353596218
O            1.33881880995239        0.19276505476069        1.42329354572551
O            1.17506766390525       -0.19956218273669       -0.77017767354229
C            2.22090721934906       -1.16760198932650       -0.68178248571051
H           -0.92901118434977       -1.21255640382444        1.05971868153367
H           -2.46802471629697       -2.01846434732224        0.78616599994790
H           -1.32555410104869       -1.83288767960487       -0.54663213280444
H           -3.23649057131816       -0.21068365047634       -0.67116474821490
H           -2.74763175587382        0.46117965576629        0.88434290510205
H           -2.00196103983528        1.80309265829231       -1.07873079149429
H           -1.02166041815589        0.44286753415949       -1.63519251342326
H           -0.63887203498018        1.75487167672524        1.10223342506359
H            0.20206170592698        2.27857517126044       -0.36508061643085
H            2.40042501295573       -1.49956835902340       -1.69938573396337
H            1.90705818072194       -1.99880831123973       -0.04877496293011
H            3.11536463610021       -0.71470433912988       -0.25216193073110
20
 energy: -27.119216630645 gnorm: 0.000252896514 xtb: 6.7.1 (edcfbbe)
C           -1.73227337909272       -1.35296201842223        0.33913181445738
C           -2.37752238723842       -0.02059959663500       -0.02214212064761
C           -1.43151372191259        0.93333129748112       -0.75117839017768
C           -0.27676597350433        1.42991801282456        0.12548227574257
C            0.80923296438003        0.41176918035718        0.35041763100229
O            1.33905157057834        0.19491065905901        1.42299759575112
O            1.17442204259386       -0.19973480126170       -0.76999561540330
C            2.21962364665348       -1.16842153889116       -0.68101425015079
H           -0.92723769258771       -1.21418617569396        1.05823371232630
H           -2.46646785965376       -2.01977756593265        0.78488745756596
H           -1.32519686672419       -1.83223858121151       -0.54865954770763
H           -3.23708194457982       -0.21006973739481       -0.66815222709357
H           -2.74480742470022        0.46038997197390        0.88688309767161
H           -2.00310404950402        1.80289455994735       -1.07834356096030
H           -1.02262545902713        0.44291770852864       -1.63514631134806
H           -0.63810373775042        1.75736400683792        1.10093116837668
H            0.20208507233091        2.27901531301817       -0.36755219435333
H            2.40287259955210       -1.49693562069707       -1.69912740037457
H            1.90292237964432       -2.00179653349107       -0.05219585325963
H            3.11260874992288       -0.71739301984721       -0.24629660414739
20
 energy: -27.119217008353 gnorm: 0.000145553101 xtb: 6.7.1 (edcfbbe)
C           -1.73099776993664       -1.35349748696391        0.33811407722486
C           -2.37677498208053       -0.02075984950484       -0.02073119314342
C           -1.43208306570722        0.93354482517683       -0.75090926215049
C           -0.27663800573568        1.43098604597080        0.12432973170161
C            0.80936729476338        0.41300406436585        0.35001135713564
O            1.33932165512138        0.19711487603141        1.42268572309963
O            1.17390931977292       -0.19991777771195       -0.76990306541166
C            2.21834852284095       -1.16937359341421       -0.68017755816492
H           -0.92519291073154       -1.21559934996270        1.05653020905680
H           -2.46465363225464       -2.02094206486393        0.78382015145703
H           -1.32485874755493       -1.83166234630381       -0.55073277957161
H           -3.23765288026129       -0.20960347881591       -0.66518706221472
H           -2.74228577789265        0.45953887685308        0.88941663257780
H           -2.00448353534818        1.80278934762315       -1.07752074309531
H           -1.02393082211639        0.44328370447893       -1.63534273889405
H           -0.63729105282722        1.75984546356555        1.09957483196937
H            0.20204397569249        2.27934472894610       -0.37016233861863
H            2.40583509152858       -1.49411877897803       -1.69876587677747
H            1.89848598717589       -2.00510498394354       -0.05606316264855
H            3.10964986493191       -0.72047670199939       -0.23982625626184
20
 energy: -27.119217262145 gnorm: 0.000074212805 xtb: 6.7.1 (edcfbbe)
C           -1.73012907771758       -1.35379023546760        0.33763723502987
C           -2.37627191194640       -0.02092881692068       -0.01995869151751
C           -1.43262815641657        0.93390984919461       -0.75074408725247
C           -0.27655438453684        1.43158961670543        0.12349976415844
C            0.80932017318011        0.41358249508127        0.34970984088542
O            1.33935572687454        0.19831699194232        1.42243524831863
O            1.17362788147217       -0.20013556702865       -0.76993012250597
C            2.21760985251762       -1.17003069323385       -0.67961378321415
H           -0.92360378736091       -1.21618289084630        1.05529635245270
H           -2.46321147445883       -2.02164838340182        0.78369726937484
H           -1.32480930877330       -1.83134603318241       -0.55190737610080
H           -3.23790220677518       -0.20955262861852       -0.66348528909092
H           -2.74083486708268        0.45889370412068        0.89082365633830
H           -2.00555034256785        1.80307630213425       -1.07671875829783
H           -1.02512641613414        0.44390181121312       -1.63562535995446
H           -0.63668852584967        1.76144292910624        1.09860994158280
H            0.20213325660024        2.27937985064265       -0.37197741918762
H            2.40846666898923       -1.49183465373554       -1.69852758667217
H            1.89541466390842       -2.00759043730707       -0.05915154508393
H            3.10750076545824       -0.72265768984864       -0.23490861199310
20
 energy: -27.119217426377 gnorm: 0.000067191286 xtb: 6.7.1 (edcfbbe)
C           -1.72972647183282       -1.35376933691909        0.33761408315089
C           -2.37619886158352       -0.02104004981525       -0.01981277605765
C           -1.43288762386642        0.93406967532108       -0.75066594596544
C           -0.27651754166385        1.43173754010743        0.12318476969284
C            0.80931591148205        0.41373339015683        0.34953234029442
O            1.33924328142483        0.19848831811263        1.42231247099624
O            1.17357188651413       -0.20024425306446       -0.77003236549374
C            2.21739622996213       -1.17028902893870       -0.67943320490867
H           -0.92281113741734       -1.21599644076028        1.05480091723405
H           -2.46248744411247       -2.02163058942741        0.78419773658350
H           -1.32488030879053       -1.83140193818860       -0.55210374529632
H           -3.23788597223123       -0.20981501738726       -0.66322471090561
H           -2.74074677950950        0.45864056251779        0.89104758765306
H           -2.00602914531057        1.80329520499629       -1.07610741855565
H           -1.02574096178103        0.44438608845380       -1.63589274074945
H           -0.63639985110614        1.76196597202188        1.09826341839168
H            0.20223832565648        2.27926782385133       -0.37267668876927
H            2.41011799740312       -1.49045770607124       -1.69848887598135
H            1.89408695467274       -2.00886904709338       -0.06097648375482
H            3.10646004147055       -0.72367564732391       -0.23237769028862
20
 energy: -27.119217603940 gnorm: 0.000076967599 xtb: 6.7.1 (edcfbbe)
C           -1.72939021830811       -1.35366005340887        0.33784230085130
C           -2.37615652659779       -0.02113880882266       -0.01981549369748
C           -1.43311647075752        0.93425716986876       -0.75065981096137
C           -0.27649744403672        1.43175942591301        0.12294894975428
C            0.80921339239955        0.41365302955245        0.34938098243895
O            1.33904516552707        0.19834978812972        1.42220822353546
O            1.17356246190968       -0.20035074944549       -0.77016470388710
C            2.21730282968375       -1.17046755703528       -0.67937912566266
H           -0.92210866866476       -1.21546102134151        1.05452032247761
H           -2.46183025589106       -2.02136942025812        0.78518472274749
H           -1.32499608029917       -1.83168240474862       -0.55187026238495
H           -3.23761193017766       -0.21027845529028       -0.66342560091706
H           -2.74109897813194        0.45850459386110        0.89090428424157
H           -2.00644000540820        1.80357587167037       -1.07556140230457
H           -1.02624462452978        0.44492524524447       -1.63620234138266
H           -0.63615460012331        1.76231247712079        1.09800001321738
H            0.20234137954530        2.27904433804682       -0.37324817372693
H            2.41227752397461       -1.48848462209492       -1.69867392560716
H            1.89270233933974       -2.01038538594514       -0.06342749049108
H            3.10531923992692       -0.72470794046714       -0.22940079097094
20
 energy: -27.119217749833 gnorm: 0.000068197757 xtb: 6.7.1 (edcfbbe)
C           -1.72920653933191       -1.35351825909632        0.33819007067984
C           -2.37620283204572       -0.02123500992077       -0.01992730174551
C           -1.43319411457072        0.93428000286580       -0.75067036007029
C           -0.27645826996540        1.43178356649450        0.12279698896682
C            0.80914682417345        0.41358937862332        0.34927411024408
O            1.33885947793515        0.19819528224838        1.42214744206847
O            1.17360762879450       -0.20034089572860       -0.77026680373864
C            2.21726942317341       -1.17054155964610       -0.67943518234392
H           -0.92169205729476       -1.21494864664999        1.05453287225104
H           -2.46147624010791       -2.02101761056951        0.78612126818997
H           -1.32511964079580       -1.83196629414459       -0.55142982690971
H           -3.23745094372078       -0.21070421063113       -0.66373171599318
H           -2.74147700537453        0.45848740457188        0.89061140771884
H           -2.00660634035465        1.80362966782509       -1.07532709697537
H           -1.02644242705202        0.44512296584753       -1.63635972960251
H           -0.63601828423854        1.76250245851031        1.09782195906305
H            0.20244437684968        2.27893170104595       -0.37357472698057
H            2.41441586852144       -1.48632534283952       -1.69901210063079
H            1.89143125733288       -2.01184844253156       -0.06601780126579
H            3.10428836745284       -0.72568063572520       -0.22658279565577
20
 energy: -27.119217932678 gnorm: 0.000053773225 xtb: 6.7.1 (edcfbbe)
C           -1.72915098461043       -1.35335226770161        0.33870099556314
C           -2.37621264917491       -0.02125172221612       -0.02000282393215
C           -1.43318666668390        0.93420175145523       -0.75081939335848
C           -0.27647307644030        1.43173670700770        0.12266758665050
C            0.80908350739375        0.41349762899999        0.34919984582169
O            1.33866267994369        0.19801409410953        1.42213325774810
O            1.17372753833673       -0.20023772022194       -0.77035926545351
C            2.21730479511405       -1.17053684349083       -0.67960068379607
H           -0.92150678724574       -1.21437738807265        1.05480688799122
H           -2.46133369478361       -2.02057091990375        0.78718990213792
H           -1.32525038232859       -1.83233967647928       -0.55071600761632
H           -3.23720307530996       -0.21107518316322       -0.66404443732477
H           -2.74186927222383        0.45869587707707        0.89026583358692
H           -2.00660772225097        1.80353657323081       -1.07549870339729
H           -1.02640929700081        0.44501846236394       -1.63648225986288
H           -0.63603865804547        1.76252383835538        1.09766429135976
H            0.20243157002250        2.27882980799653       -0.37379053366800
H            2.41714819573168       -1.48338044322895       -1.69956019006532
H            1.88993763339320       -2.01365903944195       -0.06949100495974
H            3.10306487554353       -0.72687801612640       -0.22310262015465
20
 energy: -27.119218299565 gnorm: 0.000104557650 xtb: 6.7.1 (edcfbbe)
C           -1.72914755065271       -1.35295745799544        0.33997173365757
C           -2.37632804124807       -0.02128694415772       -0.02015581979039
C           -1.43307694725368        0.93382706293011       -0.75114508262705
C           -0.27646250508551        1.43168863861815        0.12232237589994
C            0.80903829050714        0.41341349839192        0.34903693180394
O            1.33836678196015        0.19785766777921        1.42209941738164
O            1.17402531332988       -0.19996019243653       -0.77054479690906
C            2.21740268830341       -1.17049360974713       -0.68004951827995
H           -0.92130222463776       -1.21317026099275        1.05569009065680
H           -2.46124251937063       -2.01957419768483        0.78949320384775
H           -1.32554751068230       -1.83305586237392       -0.54898400609476
H           -3.23690528060938       -0.21181694040235       -0.66455074606934
H           -2.74257194579300        0.45929631532645        0.88953127308233
H           -2.00643324889531        1.80302494575472       -1.07629162694390
H           -1.02613982760362        0.44426996410116       -1.63651668840924
H           -0.63612509537239        1.76259186461214        1.09723348250345
H            0.20240690555600        2.27870714499621       -0.37428097357271
H            2.42413687883498       -1.47573986533474       -1.70099706234432
H            1.88610115406677       -2.01828170972720       -0.07848990170595
H            3.09992321402664       -0.72994454110799       -0.21421160881668
20
 energy: -27.119218560982 gnorm: 0.000210703503 xtb: 6.7.1 (edcfbbe)
C           -1.72928140410832       -1.35244976937347        0.34161311329283
C           -2.37642393152576       -0.02120768397114       -0.02017827406903
C           -1.43286981121051        0.93320084786234       -0.75170711649789
C           -0.27653744184050        1.43157333401903        0.12186964437241
C            0.80900722905249        0.41337387766725        0.34884259247040
O            1.33804476717468        0.19781876632878        1.42204245524275
O            1.17440059098952       -0.19959894759619       -0.77077006344783
C            2.21756910033674       -1.17039496147671       -0.68065950204590
H           -0.92137998960080       -1.21176387132467        1.05708309326809
H           -2.46137030513476       -2.01843721923008        0.79207057064969
H           -1.32579082576994       -1.83374238333511       -0.54675381258721
H           -3.23666095370868       -0.21248379249655       -0.66479840873856
H           -2.74315575537360        0.46026337683091        0.88884843474344
H           -2.00603622844400        1.80216942185360       -1.07778375384390
H           -1.02563393365757        0.44288288292725       -1.63653445964915
H           -0.63641784164072        1.76256059027439        1.09667057810761
H            0.20223776194718        2.27858540634644       -0.37481352210816
H            2.43341133157022       -1.46562434210143       -1.70276773596876
H            1.88125221012096       -2.02429536137021       -0.09046882463716
H            3.09575396020398       -0.73403465128494       -0.20264433128360
20
 energy: -27.119218289539 gnorm: 0.000523180592 xtb: 6.7.1 (edcfbbe)
C           -1.72942801113967       -1.35193068689170        0.34329843806685
C           -2.37652524808020       -0.02112511863964       -0.02019926263415
C           -1.43265781683329        0.93255598647422       -0.75228203756172
C           -0.27661236523471        1.43145383098653        0.12140226280168
C            0.80898169938850        0.41333691179396        0.34864261988092
O            1.33772669290735        0.19779105035508        1.42198245799775
O            1.17478567071875       -0.19923376429032       -0.77100066084883
C            2.21774502572936       -1.17029345618621       -0.68128582806113
H           -0.92147433562889       -1.21032873358908        1.05852096918700
H           -2.46151506858878       -2.01727548872629        0.79470501600462
H           -1.32604235259060       -1.83444314880585       -0.54446382685420
H           -3.23641769528757       -0.21316216174822       -0.66504599461669
H           -2.74375145696804        0.46125936468353        0.88815080702224
H           -2.00562680903066        1.80128864127986       -1.07931903013722
H           -1.02511692583117        0.44145164226042       -1.63654802909353
H           -0.63671594607910        1.76252791348525        1.09609013364585
H            0.20206416183787        2.27845975385349       -0.37536435269751
H            2.44294687316992       -1.45523042414938       -1.70457880467247
H            1.87628444374506       -2.03047031583457       -0.10278036195379
H            3.09146799317650       -0.73823627576161       -0.19076383820560
20
 energy: -27.119218711681 gnorm: 0.000081713553 xtb: 6.7.1 (edcfbbe)
C           -1.72954948468684       -1.35228207043457        0.34219147136345
C           -2.37651736333474       -0.02108747382672       -0.02008821759027
C           -1.43276183683026        0.93285510222740       -0.75193654339448
C           -0.27656482525564        1.43146651681556        0.12168274319122
C            0.80907019323683        0.41337693026525        0.34880284600077
O            1.33809256112884        0.19797695894453        1.42202893038256
O            1.17455632833434       -0.19953592424563       -0.77081535118118
C            2.21776607386616       -1.17029365065838       -0.68091857571357
H           -0.92183895133901       -1.21147384244439        1.05785146144459
H           -2.46178701306473       -2.01814346967829        0.79258410020423
H           -1.32582240645996       -1.83380673691029       -0.54594819166525
H           -3.23681377401716       -0.21245443386851       -0.66460078899518
H           -2.74313868975709        0.46081345157507        0.88876292065103
H           -2.00575108076054        1.80168891622614       -1.07868385912627
H           -1.02533959337475        0.44199005484349       -1.63638150213717
H           -0.63661229135221        1.76242211295899        1.09643389383555
H            0.20213732890091        2.27855459684843       -0.37494038089105
H            2.43687392686426       -1.46189160501453       -1.70325842305679
H            1.87987533053693       -2.02630456701686       -0.09493514735896
H            3.09424409674527       -0.73547534605722       -0.19867070869316
20
 energy: -27.119218764009 gnorm: 0.000042943342 xtb: 6.7.1 (edcfbbe)
C           -1.72978065915640       -1.35227651606904        0.34232199788889
C           -2.37658784887105       -0.02101951778632       -0.01999695392720
C           -1.43272241153168        0.93269216713140       -0.75200004214301
C           -0.27656327159184        1.43140580977819        0.12160312295930
C            0.80916126164748        0.41341557499826        0.34876336043309
O            1.33826620857189        0.19814978240575        1.42198383621546
O            1.17460576818156       -0.19958333524353       -0.77084770136694
C            2.21791837416233       -1.17024311376252       -0.68097265438853
H           -0.92224362691076       -1.21157526411699        1.05821101077175
H           -2.46216527732794       -2.01818648974607        0.79240953258792
H           -1.32582465575344       -1.83367150207444       -0.54578102513405
H           -3.23699932927928       -0.21228248695423       -0.66438053399535
H           -2.74301296895274        0.46101063348346        0.88885653667636
H           -2.00559246138654        1.80151110729371       -1.07898217359382
H           -1.02530329331751        0.44159553197616       -1.63631089568091
H           -0.63662909461670        1.76233761085763        1.09636059156027
H            0.20211347978726        2.27851923840526       -0.37499971075880
H            2.43776862510520       -1.46100617858843       -1.70334402176916
H            1.87975615849677       -2.02672582846822       -0.09593902669446
H            3.09395355212402       -0.73567170297058       -0.19779457237072
