26
 energy: -39.330858254580 gnorm: 0.050129233831 xtb: 6.7.1 (edcfbbe)
C            1.51524954526142       -0.37206964410589       -1.75856041908465
C            1.91922094592407       -0.62684089128445       -0.31094627868950
C            2.97989606635732       -1.73437495569109       -0.25921097269012
C            0.84248833197834       -0.98138154831351        0.67515345843914
N           -0.42006536873304       -0.78526699519688        0.72914025625103
O           -0.92155527984119       -0.09836458034120       -0.42779090421452
C           -2.28636602723557        0.12618045823693       -0.41361991335015
O           -2.72859889189039        0.72126051691325       -1.39435482587698
N           -2.97561254011164       -0.30984257739648        0.64241841063310
C           -4.42049084662462       -0.16126703187786        0.75140195014082
S            2.74084977994652        0.86642779099921        0.46497445652570
C            1.39740811817184        2.10247195218495        0.46787078574294
H            0.93095526091075       -1.21972541626803       -2.13227029438967
H            0.92353722482106        0.53252665501003       -1.88848422014708
H            2.42325888943515       -0.28664244311472       -2.36184425182901
H            2.55626291837556       -2.65277354113045       -0.67817138643885
H            3.30675861977086       -1.93878212130080        0.76433771286637
H            3.84877303803156       -1.45115454740905       -0.85961279517128
H            1.19848010700336       -1.49246765005464        1.57111735577215
H           -2.47034127798233       -0.79834855744384        1.36747874794975
H           -4.78921258375469        0.42779369254090       -0.08791243032439
H           -4.67806264116073        0.35033323958311        1.68279236644769
H           -4.90979253723104       -1.13993931796736        0.73929153964748
H            1.04660751002686        2.31978535202428       -0.54293855522123
H            1.82769355394365        3.01281221091213        0.89350445692201
H            0.56583489841384        1.78154180057564        1.10034472609193
26
 energy: -39.333662194989 gnorm: 0.016513381632 xtb: 6.7.1 (edcfbbe)
C            1.51547066723470       -0.37796148078355       -1.74904819606914
C            1.91772210714073       -0.64910631926037       -0.30797132014214
C            2.98351145515330       -1.74559498414637       -0.26196545361330
C            0.83907082755286       -0.98300844351426        0.66771391557967
N           -0.40983157901136       -0.76317754537057        0.70377875222289
O           -0.94254754975342       -0.08522743199014       -0.43401711008890
C           -2.29948554022938        0.13075313366984       -0.42041502749617
O           -2.74992366771744        0.72487128349215       -1.38672761036373
N           -2.97544931591000       -0.30797331458822        0.63387993512951
C           -4.41154253916282       -0.16387835559042        0.75396427919372
S            2.70816374546421        0.86115985177198        0.46068424778958
C            1.39296192481431        2.11223771930469        0.47192785958072
H            0.93307937427731       -1.21758072399856       -2.12775227091898
H            0.91306994530804        0.51947742172132       -1.86082765529571
H            2.41428478479231       -0.27367233009348       -2.35607041955067
H            2.57266667325597       -2.66570892176153       -0.67673980415559
H            3.31181818126442       -1.92958368398162        0.75873265791678
H            3.84714719682275       -1.44839569293034       -0.85317867733245
H            1.18447501908890       -1.47355800648689        1.57323984578643
H           -2.46410667568901       -0.79678721203821        1.35652868078022
H           -4.76926801151302        0.42378454061111       -0.08921750955739
H           -4.65661574281780        0.34823476573218        1.68453205158998
H           -4.89123715257008       -1.14345231252100        0.74065022487076
H            1.05208733679594        2.30971742061935       -0.54100648418070
H            1.83779200948736        3.01005662774972        0.89547572842966
H            0.56986333972816        1.77626584446738        1.09793833589769
26
 energy: -39.334210071396 gnorm: 0.005753680846 xtb: 6.7.1 (edcfbbe)
C            1.50940293564053       -0.38209128231661       -1.74482648442191
C            1.91497255807766       -0.65635969055810       -0.30640232750375
C            2.98724463709110       -1.74341535437982       -0.25756832907018
C            0.83112816223872       -0.97544745269285        0.66136475047383
N           -0.41035803476394       -0.73444967225324        0.68262939084599
O           -0.95527169655178       -0.07095741644481       -0.44841251899748
C           -2.30606080059612        0.14064410279944       -0.42953162102700
O           -2.76862566696686        0.72954325694747       -1.38921921519288
N           -2.96986532569250       -0.30582655378079        0.62661062424001
C           -4.40229980694133       -0.16900118109918        0.75918560364161
S            2.70792416750180        0.84859497679858        0.47356473439749
C            1.39412644374084        2.09705312715357        0.47105530351611
H            0.93556903132342       -1.22205491365994       -2.13076860126183
H            0.89301214737571        0.50756029949609       -1.84183103648867
H            2.40315409984023       -0.25639001984441       -2.35204941118253
H            2.58486678545904       -2.66546082808949       -0.66918602775911
H            3.31677221365832       -1.91780860195662        0.76233544745600
H            3.84746892138503       -1.43936866335342       -0.84642184119986
H            1.16326484970691       -1.46151372529041        1.57125659650341
H           -2.45021984477112       -0.79316256944553        1.34554315158470
H           -4.76001851606578        0.41705488395330       -0.08465744815999
H           -4.64059266929870        0.34346833264802        1.68909867873865
H           -4.87726860083208       -1.14893206233983        0.74753550840260
H            1.05884071674311        2.29419706462505       -0.54190282216050
H            1.84722781560572        2.98738323411300        0.89258491022777
H            0.56878229089902        1.76863255905471        1.09412196040028
26
 energy: -39.334337458352 gnorm: 0.003064658112 xtb: 6.7.1 (edcfbbe)
C            1.50931114770514       -0.38358242135961       -1.74489448452634
C            1.91384343256461       -0.66286786162320       -0.30740728528367
C            2.98856882191441       -1.74681712036616       -0.25406425355902
C            0.82360904693971       -0.97303396284653        0.65591904836831
N           -0.41593148664092       -0.71900706206583        0.66849431281551
O           -0.95851850119033       -0.05719851044442       -0.45987311944128
C           -2.30839368386448        0.14773637832269       -0.43729613849435
O           -2.78021957171300        0.73835782000644       -1.39228138434080
N           -2.96495064135907       -0.30610846456445        0.62152298771837
C           -4.39690095704615       -0.17344279445323        0.76463046506260
S            2.70525772126539        0.84163358021687        0.47833203288773
C            1.39570263455540        2.09343882063789        0.47255948657270
H            0.94600468973030       -1.22857530015184       -2.13593588692595
H            0.88024846055242        0.49857936082678       -1.83460500148400
H            2.40114809728132       -0.24126822049254       -2.35103480613707
H            2.59331823388503       -2.67269895417257       -0.66369328941356
H            3.31726855007997       -1.91529622531249        0.76752493572884
H            3.84810882238944       -1.43822669621175       -0.84210420689568
H            1.14606979089152       -1.45397707896354        1.57179466310500
H           -2.43812349617539       -0.79146990424018        1.33675459766424
H           -4.76210887674934        0.41102235918902       -0.07751249362495
H           -4.63104709664202        0.33901683411865        1.69542941337289
H           -4.86952363577128       -1.15441138089531        0.75665970901899
H            1.06386958473455        2.28902213836697       -0.54196389592355
H            1.84941589615833        2.98344385576283        0.89385002157086
H            0.56714983031137        1.76762266079969        1.09330354816693
26
 energy: -39.334412158881 gnorm: 0.003016941694 xtb: 6.7.1 (edcfbbe)
C            1.51369020183394       -0.38469954301260       -1.74755591504285
C            1.91243847716144       -0.66653969368289       -0.30918472298537
C            2.98699755036416       -1.75006142818188       -0.24926463712141
C            0.81531165605326       -0.96920657915941        0.64938656824523
N           -0.42267507513660       -0.70399340600848        0.65524623953060
O           -0.96152933709466       -0.04254496730235       -0.47237502469343
C           -2.31193654023082        0.15736976365699       -0.44406690668864
O           -2.79402835349742        0.74870889161818       -1.39470675709231
N           -2.96133307038348       -0.30614831665157        0.61642620075174
C           -4.39281964383094       -0.17916537191893        0.77169128846014
S            2.70411108012783        0.83585572729803        0.48478466791683
C            1.39793098044525        2.09086607737488        0.47377579715696
H            0.96723170586488       -1.23793291340989       -2.14698183413998
H            0.86953498340100        0.48688671800667       -1.83427332379617
H            2.40596248935746       -0.22267433203399       -2.34818780898595
H            2.59705909557858       -2.67949388462524       -0.65654175932801
H            3.31280593531071       -1.91409919910916        0.77453665733820
H            3.84786641211976       -1.44093245395788       -0.83601058965232
H            1.12723601692659       -1.45123592824582        1.56815395085503
H           -2.42547308722615       -0.78836245727666        1.32705417504135
H           -4.76968956915523        0.40273799508273       -0.06759075980280
H           -4.62100020054878        0.33337450371006        1.70429626359981
H           -4.86117083896714       -1.16256291410000        0.76982146855400
H            1.07004897114689        2.28634705376205       -0.54253727756535
H            1.85122941590511        2.98118341415271        0.89607428786219
H            0.56537755828130        1.76821509409864        1.09213872758530
26
 energy: -39.334459090293 gnorm: 0.003428489563 xtb: 6.7.1 (edcfbbe)
C            1.52086311569908       -0.38430974221844       -1.75102684980023
C            1.91139222632125       -0.66781566617581       -0.31097433220603
C            2.98384732279098       -1.75292139134180       -0.24476443261542
C            0.80920924920297       -0.96733303342460        0.64294099067905
N           -0.42770030975294       -0.69665758561357        0.64614863466191
O           -0.96418143273799       -0.03089971776448       -0.47989213104546
C           -2.31624188586314        0.16457251234037       -0.44807232458661
O           -2.80445571889360        0.75891198521722       -1.39407429531497
N           -2.96069751479477       -0.30675874044365        0.61243046305659
C           -4.39131414589798       -0.18389013593618        0.77810826631631
S            2.70289942062738        0.83281403663823        0.48934814027170
C            1.39948921090322        2.09058798825016        0.47382559832817
H            0.99206633289848       -1.24534407651608       -2.15924957729609
H            0.86351436375887        0.47702125310817       -1.83910345771810
H            2.41562042087681       -0.20549494207019       -2.34334493369439
H            2.59471349208043       -2.68353601526367       -0.65043991915341
H            3.30600494483219       -1.91499336815071        0.78076713068087
H            3.84714948563179       -1.44677962973286       -0.82996113452685
H            1.11456246158662       -1.45170377941634        1.56263097897996
H           -2.41737102270446       -0.78616116713666        1.31927045666973
H           -4.77822527779301        0.39497827142581       -0.05880325883513
H           -4.61401499315918        0.32931610057214        1.71204240444371
H           -4.85550622374606       -1.16950800449437        0.78236721487413
H            1.07531408447354        2.28675054107800       -0.54376113519732
H            1.85242974900702        2.98079665037963        0.89779819813193
H            0.56380945845943        1.77024950677388        1.08989828089877
26
 energy: -39.334509619024 gnorm: 0.002803498326 xtb: 6.7.1 (edcfbbe)
C            1.53212421519672       -0.38218344088189       -1.75510745812126
C            1.91055720269082       -0.66783612246033       -0.31250852608704
C            2.97875241564725       -1.75665713406390       -0.23947091392186
C            0.80298796736222       -0.96643209168851        0.63498780208188
N           -0.43289530337234       -0.69252941324131        0.63779967868185
O           -0.96812383687481       -0.01936280913853       -0.48585927153299
C           -2.32230787860280        0.17374031538806       -0.45016886545953
O           -2.81493176836619        0.77153779075792       -1.39131210543124
N           -2.96209325137479       -0.30741557722111        0.60842895438048
C           -4.39131321064806       -0.18952947139893        0.78574137809576
S            2.70106665505060        0.83069072223011        0.49450250442429
C            1.40104926154682        2.09185029627050        0.47224179918288
H            1.02762102850835       -1.25243223652653       -2.17581169993676
H            0.85810652386831        0.46555344244305       -1.84680183397233
H            2.43119701021766       -0.18182092666274       -2.33442179147655
H            2.58697331869482       -2.68694889385543       -0.64358993815279
H            3.29609464852682       -1.91758967395441        0.78775736458580
H            3.84574113030466       -1.45659636700494       -0.82249014353065
H            1.10269583678392       -1.45708048445767        1.55321630842381
H           -2.41056220710177       -0.78388040591833        1.31098769698052
H           -4.78919754481682        0.38486515130176       -0.04888395799377
H           -4.60778217708354        0.32545069715869        1.72042849204563
H           -4.85032880741449       -1.17763522215208        0.79796233816687
H            1.08244087937464        2.28898858538377       -0.54691771428199
H            1.85379734365216        2.98122952645592        0.89888867904401
H            0.56150736203673        1.77391559332101        1.08451019980784
26
 energy: -39.334539046625 gnorm: 0.001905320284 xtb: 6.7.1 (edcfbbe)
C            1.54383525288136       -0.37865483113741       -1.75830435378863
C            1.91014252899263       -0.66726581831733       -0.31325754206673
C            2.97372727904278       -1.76028291098623       -0.23463431693189
C            0.79775025774138       -0.96669014607876        0.62754248305482
N           -0.43745184185432       -0.69151904990869        0.63107882094162
O           -0.97284978468145       -0.00996246225229       -0.48902496375288
C           -2.32875470154264        0.18115629221926       -0.45090101114530
O           -2.82275143903209        0.78480100792813       -1.38688480607273
N           -2.96455435391075       -0.30880899069030        0.60530200862871
C           -4.39227857028403       -0.19451763990279        0.79282214597691
S            2.69903934951315        0.82866756365330        0.49976552739812
C            1.40230485660561        2.09309243417823        0.46911712740028
H            1.06217052245983       -1.25542993869830       -2.19147510606208
H            0.85524865120228        0.45661090604705       -1.85343996270627
H            2.44689200950477       -0.15801588673938       -2.32416544067342
H            2.57745569601498       -2.68920057589488       -0.63758351991157
H            3.28684143252067       -1.92049909141395        0.79381763876278
H            3.84410624603799       -1.46672759990050       -0.81554276489281
H            1.09402373497852       -1.46389854530325        1.54363963912712
H           -2.40669650638339       -0.78408411438294        1.30392474574515
H           -4.79856721089304        0.37517024556144       -0.04063831337962
H           -4.60367732499405        0.32305875788846        1.72726293039003
H           -4.84696795073590       -1.18435041616989        0.81245058187333
H            1.09013259166332        2.29071091480182       -0.55175028954294
H            1.85524986848930        2.98105947399437        0.89826087430016
H            0.55880622046996        1.77747227158897        1.07672684333071
26
 energy: -39.334552376874 gnorm: 0.001083075992 xtb: 6.7.1 (edcfbbe)
C            1.55104216591492       -0.37445945556792       -1.75874914582261
C            1.91030249198558       -0.66689646454874       -0.31267391912835
C            2.97092916174302       -1.76284582750721       -0.23226325969991
C            0.79497077939980       -0.96853878547540        0.62338494463786
N           -0.44001589744811       -0.69348352720841        0.62794203454216
O           -0.97646114405081       -0.00673621220999       -0.48902897384460
C           -2.33246646874534        0.18628962777603       -0.44892498497315
O           -2.82497801738371        0.79409733018950       -1.38238068122915
N           -2.96667543471386       -0.30998666230480        0.60455234480908
C           -4.39367431449417       -0.19736481974069        0.79632923557711
S            2.69702953520479        0.82634250551457        0.50488535590146
C            1.40322222814317        2.09371530772369        0.46523959843027
H            1.08388664317272       -1.25313085240177       -2.20052746635390
H            0.85398058801836        0.45324387334970       -1.85456353269499
H            2.45563894059383       -0.13999028134002       -2.31551690015951
H            2.57081272399771       -2.69040177720219       -0.63446758845437
H            3.28248443928105       -1.92269896983058        0.79649006819974
H            3.84268401239271       -1.47319630897730       -0.81242045737003
H            1.09058761472299       -1.47030946136738        1.53752021501311
H           -2.40714560509271       -0.78725120532691        1.30059375288810
H           -4.80303147080740        0.36904573280641       -0.03757650977968
H           -4.60323667461775        0.32295249179051        1.72945741502603
H           -4.84634848627279       -1.18767771643673        0.82048667473516
H            1.09757323181732        2.29057050854756       -0.55753905118301
H            1.85616011675459        2.98052420682210        0.89593980153768
H            0.55590565429096        1.78007859301008        1.06792000539837
26
 energy: -39.334561523475 gnorm: 0.000914199063 xtb: 6.7.1 (edcfbbe)
C            1.55273156689745       -0.37138578236658       -1.75724828229913
C            1.91029388945634       -0.66729610559358       -0.31133484800581
C            2.97059662215863       -1.76380824791571       -0.23220387798288
C            0.79376809725951       -0.97085700021062        0.62282016151414
N           -0.44119262062888       -0.69572462885982        0.62707329482232
O           -0.97755904991750       -0.00630333946808       -0.48769882593694
C           -2.33332670149082        0.18710215567005       -0.44738530336382
O           -2.82392304901650        0.80028408045153       -1.37845524796153
N           -2.96763762440431       -0.31175548364385        0.60461408934468
C           -4.39458776023596       -0.19773446712723        0.79680285564250
S            2.69547487068262        0.82339411911394        0.51047746570706
C            1.40429428550214        2.09337996008589        0.46204876877192
H            1.09369957203352       -1.25132372054085       -2.20447285578776
H            0.84975989352478        0.45209494443095       -1.85044576568040
H            2.45733976086035       -0.12677910860626       -2.30992520251615
H            2.56946790137986       -2.69118999250227       -0.63370977482458
H            3.28310315070447       -1.92345585380326        0.79626749790763
H            3.84177151680209       -1.47465205629954       -0.81325993606329
H            1.08918481558347       -1.47450533204316        1.53608304153137
H           -2.40943884508718       -0.79261425405660        1.29925729128778
H           -4.80371980468051        0.36692098237388       -0.03849712161385
H           -4.60401742481887        0.32500483546820        1.72861957917000
H           -4.84752293729529       -1.18771797254896        0.82331508092587
H            1.10485157089129        2.28923646835763       -0.56275915906894
H            1.85670475085683        2.97969704778501        0.89391024786911
H            0.55306036678935        1.78188060193339        1.06021580261356
26
 energy: -39.334573129363 gnorm: 0.001161655092 xtb: 6.7.1 (edcfbbe)
C            1.55459477868119       -0.36554775423976       -1.75396871558312
C            1.91014596928188       -0.66843778506248       -0.30875529837339
C            2.97079082972120       -1.76512698075594       -0.23309022758547
C            0.79221340480988       -0.97625485517888        0.62317108786791
N           -0.44282346957122       -0.70087550842762        0.62717011371954
O           -0.97841934726440       -0.00746384362424       -0.48459008214127
C           -2.33323865561606        0.19035576307430       -0.44224498024076
O           -2.82136354519583        0.80926057551778       -1.37104915559724
N           -2.96942569730473       -0.31413611550885        0.60597784017453
C           -4.39690243188655       -0.19810969816580        0.79592490053903
S            2.69235433637161        0.81795959951313        0.52132576566255
C            1.40674391047226        2.09321747792096        0.45656834101300
H            1.10832234357325       -1.24735547101178       -2.20988189530719
H            0.84213975045306        0.45023246689836       -1.84337419371332
H            2.45798020323992       -0.10531197284701       -2.30093831822778
H            2.56891688615560       -2.69280672620190       -0.63320667797003
H            3.28652343696172       -1.92466172756123        0.79457335611129
H            3.83998455179384       -1.47549645483851       -0.81698401261387
H            1.08730609433980       -1.48290885172375        1.53487978626181
H           -2.41486803008827       -0.80246067027595        1.29832924889651
H           -4.80446988399190        0.36373223503255       -0.04225939014817
H           -4.60722232492842        0.32911280119306        1.72513907580843
H           -4.85073292984616       -1.18756894557330        0.82631438949080
H            1.11989733443287        2.28793584023208       -0.57211625511700
H            1.85732564157243        2.97882816937302        0.89176242066361
H            0.54740365763992        1.78578028232587        1.04543185241243
26
 energy: -39.334580933175 gnorm: 0.001186121217 xtb: 6.7.1 (edcfbbe)
C            1.55620385098392       -0.36117493409906       -1.75116266065717
C            1.90970614959959       -0.66921004953897       -0.30658784236375
C            2.97103238351740       -1.76548399729568       -0.23426480393102
C            0.79114368640773       -0.98108768150180        0.62381360745770
N           -0.44400337484812       -0.70606084233685        0.62835514733442
O           -0.97869352217560       -0.00761691212528       -0.48078513917477
C           -2.33354407159151        0.19057875151273       -0.43865649576170
O           -2.81987309586198        0.81715399902957       -1.36352530401389
N           -2.97181223059644       -0.31735405568689        0.60661674459600
C           -4.39939553403188       -0.19781316277655        0.79500689161279
S            2.68951664966331        0.81404477658863        0.53127617447450
C            1.40946828716135        2.09402180277145        0.45210400738838
H            1.12123394546190       -1.24526842735200       -2.21401045449919
H            0.83507758736436        0.44687907986024       -1.83858166860833
H            2.45882460340214       -0.08805548399815       -2.29308126998665
H            2.56862257125312       -2.69345528062239       -0.63325038541590
H            3.28993468889758       -1.92524569047408        0.79246334537650
H            3.83839296347826       -1.47535516925252       -0.82084019530378
H            1.08572038621087       -1.49220346108900        1.53306654463655
H           -2.42011589643117       -0.81147318097666        1.29707871539361
H           -4.80526497791150        0.36113963268855       -0.04590612603683
H           -4.61017420397367        0.33368423249378        1.72187487058547
H           -4.85441609187670       -1.18657466195660        0.82909003543139
H            1.13531070599191        2.28994699883323       -0.57982352046501
H            1.85811179512070        2.97811190666977        0.89269617644439
H            0.54216955859134        1.78976366071860        1.03114258148907
26
 energy: -39.334581566561 gnorm: 0.001833782241 xtb: 6.7.1 (edcfbbe)
C            1.55781292328664       -0.35680211395835       -1.74835660573122
C            1.90926632991730       -0.66998231401546       -0.30442038635411
C            2.97127393731360       -1.76584101383542       -0.23543938027657
C            0.79007396800559       -0.98592050782471        0.62445612704750
N           -0.44518328012502       -0.71124617624609        0.62954018094931
O           -0.97896769708680       -0.00776998062632       -0.47698019620827
C           -2.33384948756696        0.19080173995115       -0.43506801128264
O           -2.81838264652814        0.82504742254137       -1.35600145243053
N           -2.97419876388815       -0.32057199586493        0.60725564901747
C           -4.40188863617722       -0.19751662738731        0.79408888268656
S            2.68667896295501        0.81012995366413        0.54122658328645
C            1.41219266385044        2.09482612762195        0.44763967376376
H            1.13414554735056       -1.24318138369221       -2.21813901369118
H            0.82801542427566        0.44352569282211       -1.83378914350333
H            2.45966900356436       -0.07079899514929       -2.28522422174552
H            2.56832825635064       -2.69410383504288       -0.63329409286177
H            3.29334594083344       -1.92582965338692        0.79035333464171
H            3.83680137516268       -1.47521388366652       -0.82469637799368
H            1.08413467808194       -1.50149807045425        1.53125330301129
H           -2.42536376277408       -0.82048569167736        1.29582818189071
H           -4.80606007183111        0.35854703034456       -0.04955286192550
H           -4.61312608301893        0.33825566379450        1.71861066536252
H           -4.85809925390726       -1.18558037833990        0.83186568137198
H            1.15072407755095        2.29195815743437       -0.58753078581302
H            1.85889794866896        2.97739564396652        0.89362993222517
H            0.53693545954276        1.79374703911134        1.01685331056571
26
 energy: -39.334588266033 gnorm: 0.000803720884 xtb: 6.7.1 (edcfbbe)
C            1.55676534355029       -0.35723314390193       -1.74778912312549
C            1.90878096823962       -0.67091634845390       -0.30434044771871
C            2.97201792205334       -1.76536785541580       -0.23586665754796
C            0.78986910444442       -0.98773032762420        0.62415568421900
N           -0.44529708896407       -0.71232671862197        0.62991635727582
O           -0.97906818507573       -0.00809280823644       -0.47638000513677
C           -2.33337694127909        0.19199935735801       -0.43410622210737
O           -2.81883108932773        0.82357629018246       -1.35588216776577
N           -2.97443118576175       -0.32031028421486        0.60748185274961
C           -4.40212823377949       -0.19753110553496        0.79339998593361
S            2.68555768925550        0.80983842784209        0.54213364914311
C            1.41299034598228        2.09561713260191        0.44758103775150
H            1.13342617118056       -1.24372654830747       -2.21719854616883
H            0.82651534414210        0.44261669326600       -1.83269393427098
H            2.45824892867782       -0.07097730720532       -2.28494448128862
H            2.56999815684323       -2.69382556643980       -0.63405769329332
H            3.29463120022051       -1.92524305342738        0.78968978317501
H            3.83695293177962       -1.47348398677882       -0.82518788674906
H            1.08395493899098       -1.50303393307843        1.53103992128698
H           -2.42548627109061       -0.81966769576030        1.29624662232192
H           -4.80565323763256        0.35855263403147       -0.05048205843124
H           -4.61361053617963        0.33844457995842        1.71758668969741
H           -4.85867503692260       -1.18536315851725        0.83114820034818
H            1.15504553595252        2.29549668727442       -0.58764696846986
H            1.85907229683636        2.97659685292008        0.89721790513697
H            0.53590774167098        1.79398303616804        1.01308747903765
26
 energy: -39.334593995450 gnorm: 0.000810889863 xtb: 6.7.1 (edcfbbe)
C            1.55529709464895       -0.35657180765956       -1.74623955794853
C            1.90781921288673       -0.67229432263729       -0.30346544933111
C            2.97317950474604       -1.76459449440744       -0.23666415934368
C            0.78953794391846       -0.99133511171680        0.62447025613271
N           -0.44565284492490       -0.71563917497615        0.63192961730566
O           -0.97917612543631       -0.00849617429215       -0.47343785232606
C           -2.33284175784282        0.19249936024870       -0.43207638757680
O           -2.81847402325462        0.82362723625790       -1.35390609090702
N           -2.97566698772595       -0.32161459397520        0.60785328151874
C           -4.40328775989586       -0.19750315290622        0.79208817546395
S            2.68316461123280        0.80836102422553        0.54641858643776
C            1.41505281226489        2.09735102872029        0.44606866190362
H            1.13385718138341       -1.24278326157255       -2.21660868239313
H            0.82408648643943        0.44169243700264       -1.83047595823148
H            2.45558640524178       -0.06874659230252       -2.28328869459828
H            2.57279170683370       -2.69345623377628       -0.63559138076877
H            3.29709748858288       -1.92464443502085        0.78837705971188
H            3.83690957093667       -1.47017781838900       -0.82637913873715
H            1.08360940988472       -1.51005943823122        1.52952105147275
H           -2.42712923063922       -0.82075196346314        1.29697267562047
H           -4.80507396613915        0.35821284612553       -0.05284627669019
H           -4.61516964195586        0.33985586596177        1.71526788806884
H           -4.86107129943296       -1.18467941697804        0.83038033293770
H            1.16893756547569        2.30453365690571       -0.59060178793406
H            1.85863816193344        2.97428554590640        0.90616608606850
H            0.53115529464497        1.79482084103400        1.00017672014644
26
 energy: -39.334597980344 gnorm: 0.001446764978 xtb: 6.7.1 (edcfbbe)
C            1.55503174882185       -0.35436839651422       -1.74399735208837
C            1.90632050282291       -0.67444284434843       -0.30193103402469
C            2.97395923800096       -1.76449073447013       -0.23740581035186
C            0.78784131220235       -0.99765678188739        0.62380002698779
N           -0.44711446685355       -0.72054547241507        0.63345864752900
O           -0.97978053598420       -0.00720856551597       -0.46936963924261
C           -2.33285336639355        0.19453013346582       -0.42896798637302
O           -2.81806813217968        0.82755806527706       -1.34962807563465
N           -2.97771046066195       -0.32398412892531        0.60784131919278
C           -4.40508108723979       -0.19811054203230        0.79130594565384
S            2.67902409425298        0.80458031657810        0.55511868928079
C            1.41835961170316        2.09953918693205        0.44225398844835
H            1.14296852348141       -1.24299751434892       -2.21987645990063
H            0.81628730358052        0.43803240009444       -1.82546718955355
H            2.45506100691663       -0.05558517836866       -2.27755941141860
H            2.57533694845783       -2.69375959963709       -0.63713947255786
H            3.29907661192738       -1.92494792386380        0.78712648849951
H            3.83649552418161       -1.46733419651721       -0.82744089194705
H            1.08132056991814       -1.52065108224955        1.52670641835651
H           -2.42922094613089       -0.82333520609452        1.29683241981653
H           -4.80573150252285        0.35611325624276       -0.05517039941828
H           -4.61691143168480        0.34185303765618        1.71296210251775
H           -4.86391821558749       -1.18469129124741        0.83177357285048
H            1.19249368200153        2.31739338404166       -0.59722567432880
H            1.85724895571116        2.97029510189357        0.91888737846312
H            0.52274132506522        1.79610642633839        0.97722137524627
26
 energy: -39.334603583413 gnorm: 0.001183799978 xtb: 6.7.1 (edcfbbe)
C            1.55409412605422       -0.35321426675334       -1.74277109439038
C            1.90587184278123       -0.67488139593882       -0.30117338044735
C            2.97444864789987       -1.76412553597450       -0.23806916868670
C            0.78776328254898       -0.99979527907990        0.62443618539424
N           -0.44720458738107       -0.72260394739003        0.63519716557404
O           -0.97950672471741       -0.00730738706741       -0.46683574034824
C           -2.33256475936498        0.19301313317567       -0.42817556431896
O           -2.81658943088648        0.82740507258945       -1.34872037084160
N           -2.97852757932219       -0.32550611470710        0.60791335203407
C           -4.40587319515967       -0.19803618525541        0.79059136197536
S            2.67768017153008        0.80325216880172        0.55816476520284
C            1.41979330554393        2.10041639304186        0.44038006012116
H            1.14062621486765       -1.24038574462342       -2.21882130261975
H            0.81672395641479        0.43991139359284       -1.82342917009742
H            2.45358530151614       -0.05556339345469       -2.27662188668816
H            2.57701991456462       -2.69320942488596       -0.63931532994946
H            3.29933703522959       -1.92585579225724        0.78634926123388
H            3.83689610312570       -1.46516965871731       -0.82738212677707
H            1.08149598226036       -1.52446655235617        1.52626127766245
H           -2.43039119358633       -0.82386733478065        1.29795399828124
H           -4.80539882173826        0.35654917641713       -0.05621428595511
H           -4.61808777193074        0.34201576776800        1.71214902412804
H           -4.86565354421771       -1.18419661586611        0.83054538428774
H            1.20487970816770        2.32540058393998       -0.59970267549081
H            1.85425248692051        2.96749510924114        0.92752498163834
H            0.51850634268639        1.79461768062430        0.96387425508035
26
 energy: -39.334613269947 gnorm: 0.001381960926 xtb: 6.7.1 (edcfbbe)
C            1.55341481387855       -0.34895977267267       -1.73944274404380
C            1.90526459350570       -0.67543363334322       -0.29887255142781
C            2.97466350349444       -1.76416597683416       -0.23912398846184
C            0.78699178536741       -1.00351645535414        0.62580974479335
N           -0.44790458019444       -0.72595916500712        0.63768324546368
O           -0.97970358332006       -0.00740158144896       -0.46255546454520
C           -2.33284288175881        0.19126082309569       -0.42615096064254
O           -2.81435280301432        0.82872374108806       -1.34628049943616
N           -2.98043557662052       -0.32872310285307        0.60800066376360
C           -4.40771036362672       -0.19885913478068        0.78988092554022
S            2.67451882051206        0.79920089349335        0.56759417162182
C            1.42331596728946        2.10172898105315        0.43498474076081
H            1.14037479546463       -1.23434934238694       -2.21874261035052
H            0.81604970340411        0.44415327805946       -1.81732755057946
H            2.45248116514624       -0.04929147246256       -2.27202625878755
H            2.57875075354177       -2.69219158507150       -0.64421878988291
H            3.29870892881522       -1.92945761512346        0.78505691442453
H            3.83740190995691       -1.46202160568965       -0.82642422938679
H            1.08027633791278       -1.53382523948197        1.52451730915542
H           -2.43294100179664       -0.82568014495971        1.29972446970771
H           -4.80572996306320        0.35641226446125       -0.05721175671426
H           -4.62014514101518        0.34124931925990        1.71144350916264
H           -4.86877623154574       -1.18445300723795        0.82909640181464
H            1.23860889718242        2.34336926710872       -0.60767212539860
H            1.84626343672112        2.95974786936843        0.94803167417328
H            0.50663352756972        1.79033424780378        0.92833473527849
26
 energy: -39.334624102371 gnorm: 0.001452833032 xtb: 6.7.1 (edcfbbe)
C            1.55346423568019       -0.34477586082719       -1.73670374656937
C            1.90504943143841       -0.67529206348455       -0.29684873056454
C            2.97380183675256       -1.76487155786794       -0.23951891488579
C            0.78601917210673       -1.00549841865117        0.62676817223393
N           -0.44883532518108       -0.72788261323411        0.63818234886084
O           -0.98019335627582       -0.00801129876243       -0.46115471962712
C           -2.33393980633874        0.18895460851913       -0.42608633589901
O           -2.81359585718608        0.82765451196147       -1.34671369573220
N           -2.98149149297287       -0.33095517556447        0.60777011003142
C           -4.40871210425011       -0.20045035585789        0.79026943933237
S            2.67286100076086        0.79579971534869        0.57471037301034
C            1.42685923408627        2.10255116273195        0.43002653250330
H            1.13627419548208       -1.22751969808416       -2.21773463189239
H            0.81909460118556        0.45166293929249       -1.81194516277750
H            2.45329700434920       -0.04718503975921       -2.26942012033646
H            2.57860786619107       -2.69082938996348       -0.65011794743217
H            3.29485108936440       -1.93524608489126        0.78487458680818
H            3.83840422130573       -1.46026066735517       -0.82290710380525
H            1.07915123057759       -1.53613322867885        1.52514439769631
H           -2.43372534407557       -0.82520820062021        1.30137996316965
H           -4.80660565656969        0.35746061275367       -0.05514703918295
H           -4.62075798487633        0.33693321356137        1.71356464527248
H           -4.87022899668789       -1.18599818499742        0.82647852477736
H            1.27043204509501        2.36145031719959       -0.61280586528379
H            1.83566231851470        2.95153646241885        0.96875515406571
H            0.49743325533074        1.78400614489628        0.89328874222937
26
 energy: -39.334634075818 gnorm: 0.002289139679 xtb: 6.7.1 (edcfbbe)
C            1.55446294960965       -0.33816403724655       -1.73248118470796
C            1.90472944980706       -0.67492433387521       -0.29379632120465
C            2.97201967214606       -1.76613264911500       -0.24002558666053
C            0.78405742786126       -1.00754729735273        0.62757381781861
N           -0.45092100995507       -0.73040023721667        0.63748463457254
O           -0.98199789121944       -0.01069015453718       -0.46175317282352
C           -2.33610966035132        0.18678216953212       -0.42601440825862
O           -2.81524156673027        0.82569712312931       -1.34658124763787
N           -2.98299233762684       -0.33354099322360        0.60776162809886
C           -4.41025565449090       -0.20308715198438        0.79114233759749
S            2.67083607417477        0.79123993703046        0.58638730551289
C            1.43287453216208        2.10434330866924        0.42388327259082
H            1.13417943178111       -1.21810905545554       -2.21647528115348
H            0.82230445542853        0.46098018525535       -1.80441113472474
H            2.45548653893190       -0.04145902102313       -2.26423973818647
H            2.57677268144366       -2.68924280235469       -0.65695113526884
H            3.29017886543145       -1.94294287228693        0.78422105848902
H            3.83857764868699       -1.45931486083355       -0.81937680160589
H            1.07642290050735       -1.53903995479619        1.52567433590630
H           -2.43520781741040       -0.82720930951426        1.30181388453846
H           -4.80836847955743        0.35776611721451       -0.05227666177671
H           -4.62175354975297        0.33113990982340        1.71639548922291
H           -4.87205216531849       -1.18865337106937        0.82419967313750
H            1.31362647529274        2.38336422890934       -0.61995341633900
H            1.82511008083049        2.94197403519973        0.99296929135682
H            0.48643776212494        1.77906293720551        0.84893833750877
26
 energy: -39.334649418730 gnorm: 0.002164120569 xtb: 6.7.1 (edcfbbe)
C            1.55685605367384       -0.33076106420996       -1.72863006061698
C            1.90502673234868       -0.67307183897583       -0.29086612323664
C            2.96824615634225       -1.76838326030770       -0.23939239367151
C            0.78178587934212       -1.00515502737227        0.62830947915504
N           -0.45363447665004       -0.73030340099758        0.63370962574368
O           -0.98520620222275       -0.01634133179113       -0.46809918398911
C           -2.34005320235814        0.18295557531062       -0.42913717519692
O           -2.82054378533645        0.81945093807496       -1.35022713919580
N           -2.98365245414525       -0.33503261055793        0.60744492735397
C           -4.41095051468896       -0.20678761758402        0.79372779539489
S            2.67149956720167        0.78824234120828        0.59516942445105
C            1.43994831893994        2.10620750954933        0.41898712919588
H            1.12857273386099       -1.20690442356537       -2.21419321021823
H            0.83074193708882        0.47496431733562       -1.79795526287057
H            2.46071204180849       -0.04014681944460       -2.26041264497625
H            2.57114390657817       -2.68735576712481       -0.66378772181903
H            3.28153970688094       -1.95308247927373        0.78504767284586
H            3.83842851070200       -1.46133640017145       -0.81318103763524
H            1.07288207649831       -1.53462717820297        1.52804025299826
H           -2.43505138076227       -0.82885586108920        1.30072075953631
H           -4.81108766620317        0.35921509355261       -0.04533767942199
H           -4.62077976496813        0.32120606390285        1.72294802449761
H           -4.87212558251072       -1.19290863270563        0.82136165267871
H            1.35102042115467        2.40082579301073       -0.62253075058526
H            1.81524034955476        2.93421167571165        1.01094626972773
H            0.48261745167713        1.77566625580148        0.81144634585724
26
 energy: -39.334657060642 gnorm: 0.001222675780 xtb: 6.7.1 (edcfbbe)
C            1.55723913129241       -0.33023284488464       -1.72852438889565
C            1.90423621315084       -0.67370728659517       -0.29090431595005
C            2.96772699260662       -1.76851912866748       -0.23914034938378
C            0.78097553806161       -1.00660786761231        0.62735475120090
N           -0.45460714566101       -0.73240262178491        0.63282615944144
O           -0.98622131790675       -0.01749329407245       -0.46893689435281
C           -2.34070750714591        0.18286956582883       -0.42916530236893
O           -2.82236517542439        0.81842210331654       -1.35013732528477
N           -2.98424508061861       -0.33526454802971        0.60763691896578
C           -4.41138969837309       -0.20740642193187        0.79394145101467
S            2.67050328334711        0.78780399471403        0.59631009966858
C            1.44196474068123        2.10773903252176        0.41923137417576
H            1.12989885250200       -1.20567268099152       -2.21482903329327
H            0.83133406367598        0.47494244068260       -1.79866398904360
H            2.46092630607504       -0.03964008958995       -2.25969400518468
H            2.57059916007047       -2.68747681365859       -0.66344268268393
H            3.28112175195074       -1.95287263832018        0.78519818794101
H            3.83769570568291       -1.46135774080474       -0.81308417410188
H            1.07254652868753       -1.53310445891342        1.52862630181506
H           -2.43541239116042       -0.83034617154504        1.29967160292759
H           -4.81146982145272        0.35888690322311       -0.04481838203933
H           -4.62078307157552        0.32042875515679        1.72317335465161
H           -4.87278994147952       -1.19335838906477        0.82144323250490
H            1.35468346146656        2.40255484027505       -0.62178785567937
H            1.81764896283948        2.93506196547666        1.01193260111392
H            0.48406727251434        1.77864524535528        0.80989163884352
26
 energy: -39.334663967696 gnorm: 0.001054432172 xtb: 6.7.1 (edcfbbe)
C            1.55802133790642       -0.32818562538453       -1.72789346478729
C            1.90254889653234       -0.67387018391058       -0.29048622481634
C            2.96599819482077       -1.76842772905852       -0.23850102078948
C            0.77916842363249       -1.00706409772403        0.62629580797788
N           -0.45701602873262       -0.73539603723717        0.63131970242185
O           -0.98912285402861       -0.02077565966876       -0.47166530671207
C           -2.34304170611428        0.17969110079005       -0.43108218652104
O           -2.82744644633508        0.81509329789488       -1.35053915217125
N           -2.98595485027486       -0.33694750668604        0.60750949104375
C           -4.41261159710068       -0.20879291018346        0.79488215894900
S            2.66983113719524        0.78662339306339        0.60088997417764
C            1.44792932399928        2.11090060542289        0.41917226135225
H            1.13251029523591       -1.20257670792412       -2.21617359186792
H            0.83231878491001        0.47628090176458       -1.79878285109927
H            2.46211978760732       -0.03714914502906       -2.25707160044782
H            2.56844161546610       -2.68747344616016       -0.66214012687885
H            3.27982967495198       -1.95205407945180        0.78562443628950
H            3.83560568357556       -1.46168699391363       -0.81307722830741
H            1.07041840683265       -1.53289798928817        1.52805637781862
H           -2.43640230685180       -0.83538952064781        1.29634359779089
H           -4.81289696638822        0.35786539391518       -0.04337371890832
H           -4.62076498899420        0.31899932039670        1.72421816045436
H           -4.87474474151929       -1.19430203143817        0.82253779976666
H            1.36653244613902        2.40723949312457       -0.62120878693471
H            1.82458687645833        2.93609672517702        1.01440651326834
H            0.48731841488320        1.78609128224064        0.80484795493375
26
 energy: -39.334668048152 gnorm: 0.000748780219 xtb: 6.7.1 (edcfbbe)
C            1.55838674585240       -0.32605122834773       -1.72706364164430
C            1.90205015629052       -0.67378310686502       -0.28999431447158
C            2.96490944776197       -1.76898841571680       -0.23834937113434
C            0.77816897734279       -1.00686809804609        0.62605724618946
N           -0.45821982952096       -0.73616511235525        0.63048543765019
O           -0.99060708596716       -0.02264443562091       -0.47328727162368
C           -2.34418672684220        0.17813562302423       -0.43193596297322
O           -2.82978801750185        0.81258552726107       -1.35157985179693
N           -2.98670881958015       -0.33777513573378        0.60745856655728
C           -4.41335506550823       -0.20992278914323        0.79525891704431
S            2.66978884584786        0.78538116178466        0.60395831191974
C            1.45139122625281        2.11242140744597        0.41857131836887
H            1.13334409469972       -1.20036316377684       -2.21675999705060
H            0.83216831427243        0.47847805100803       -1.79685961329357
H            2.46314792290266       -0.03380328175872       -2.25506012732369
H            2.56691690290456       -2.68808765768422       -0.66154060810667
H            3.27907697666552       -1.95247373270294        0.78577471785216
H            3.83440899840887       -1.46265617890964       -0.81334452479304
H            1.06888838131224       -1.53296563529534        1.52793558465929
H           -2.43685776149160       -0.83774843648053        1.29502804729170
H           -4.81403435413317        0.35685615507863       -0.04282892858491
H           -4.62129270102566        0.31778924890676        1.72480943048164
H           -4.87553006697480       -1.19547186702060        0.82302922551998
H            1.37503569634228        2.41012705943800       -0.62218819428880
H            1.82791022091853        2.93623166140506        1.01599935629425
H            0.48816433457763        1.78965423018909        0.80053522325914
26
 energy: -39.334672856454 gnorm: 0.000795829865 xtb: 6.7.1 (edcfbbe)
C            1.55891651426725       -0.32216083363886       -1.72523572676135
C            1.90164977553320       -0.67332252319250       -0.28877563366202
C            2.96309165375514       -1.77006159935171       -0.23835154583806
C            0.77680697558708       -1.00620721180908        0.62637250199598
N           -0.45980316266945       -0.73664067670382        0.62952926014518
O           -0.99252825162623       -0.02458673272369       -0.47489119672819
C           -2.34604471810650        0.17487284156715       -0.43352434889519
O           -2.83239008170093        0.80904974348010       -1.35319353987572
N           -2.98791063051991       -0.33939551092842        0.60710421193456
C           -4.41455698160489       -0.21188377465646        0.79555272460393
S            2.67021351910110        0.78305146475897        0.60887788512415
C            1.45681408652886        2.11423849962037        0.41721560010599
H            1.13449201410264       -1.19580135218907       -2.21765168658263
H            0.83181618730113        0.48222661029684       -1.79303738344097
H            2.46403184611347       -0.02755110213859       -2.25194906031080
H            2.56365172717709       -2.68889124026743       -0.66081777477118
H            3.27802206086531       -1.95379898850364        0.78562772723765
H            3.83243820232336       -1.46490227903966       -0.81426359171825
H            1.06679586795430       -1.53224395001148        1.52863646515646
H           -2.43782643695281       -0.84071289913277        1.29364142796651
H           -4.81588933720608        0.35465808596908       -0.04249364497520
H           -4.62236560172542        0.31585563400889        1.72528486362560
H           -4.87636131264967       -1.19765796043062        0.82368499411648
H            1.38908529264975        2.41430929001176       -0.62394645304823
H            1.83159539814140        2.93579490704642        1.01889149784285
H            0.48943220716785        1.79365340804205        0.79182140275511
26
 energy: -39.334678145132 gnorm: 0.001096166534 xtb: 6.7.1 (edcfbbe)
C            1.55956237488890       -0.31680096267894       -1.72256525493566
C            1.90123419468577       -0.67240916115250       -0.28698369255888
C            2.96041001659667       -1.77149707254095       -0.23855279435134
C            0.77524440967526       -1.00540356199928        0.62704292808660
N           -0.46157145501819       -0.73696655350553        0.62875547428677
O           -0.99484758638843       -0.02707221802454       -0.47651671332943
C           -2.34829441793163        0.17209117463532       -0.43451809126183
O           -2.83538966707894        0.80370297374220       -1.35571468210431
N           -2.98949523988561       -0.34089770283140        0.60704910333281
C           -4.41633932611477       -0.21506562017173        0.79545800953008
S            2.67107741272110        0.78017926822803        0.61502099976169
C            1.46395446042486        2.11635404629998        0.41518996454858
H            1.13632956573750       -1.18932121335346       -2.21848839442634
H            0.83148726523305        0.48716850984396       -1.78799094843881
H            2.46493681951192       -0.01923858692271       -2.24750316631354
H            2.55846165601777       -2.68957567690335       -0.66032371666146
H            3.27654466964330       -1.95600042823376        0.78501157443663
H            3.82949058638489       -1.46808260797447       -0.81580072527568
H            1.06460895054837       -1.53109362213048        1.52975289849322
H           -2.43918622764910       -0.84274136142775        1.29309523136333
H           -4.81842026758670        0.35097915183134       -0.04260494233234
H           -4.62442079953453        0.31270377928217        1.72517315485014
H           -4.87720849105278       -1.20130381649850        0.82399377726190
H            1.40833864098176        2.41992614825974       -0.62597600337585
H            1.83526753576146        2.93464552302490        1.02344084190901
H            0.49140173323517        1.79761144128546        0.77866414350736
26
 energy: -39.334685612923 gnorm: 0.001302137144 xtb: 6.7.1 (edcfbbe)
C            1.56052444534020       -0.30895389327920       -1.71859784694915
C            1.90048246873231       -0.67099874518703       -0.28426250570072
C            2.95621222766603       -1.77359591011915       -0.23904712696532
C            0.77308530567737       -1.00435550057863        0.62831456042539
N           -0.46404817415374       -0.73759708710329        0.62822549882552
O           -0.99784999639485       -0.02954575947939       -0.47768381295548
C           -2.35181522320432        0.16716637818288       -0.43633025210271
O           -2.83935987765262        0.79657396737271       -1.35883397089174
N           -2.99202490052837       -0.34367198477071        0.60674313330376
C           -4.41911344028234       -0.21994014312890        0.79508693975721
S            2.67244587370859        0.77633932614411        0.62329813301683
C            1.47454661188639        2.11950805087053        0.41211106298544
H            1.13930496342302       -1.17976320645886       -2.21932659566957
H            0.83129929124017        0.49429245095879       -1.78108623805347
H            2.46633328088093       -0.00749055692033       -2.24074231015290
H            2.55018295671267       -2.69016393527320       -0.66026218123698
H            3.27412541466043       -1.95971651103377        0.78372146621533
H            3.82489229187989       -1.47274904492317       -0.81823151807022
H            1.06205855797195       -1.52888151891389        1.53181230948088
H           -2.44130516199701       -0.84477820582737        1.29301998638828
H           -4.82222571741811        0.34480128935507       -0.04336242292085
H           -4.62788071108843        0.30816966043317        1.72446775487238
H           -4.87841529136274       -1.20688721685767        0.82442249342706
H            1.43759804621493        2.42911818491111       -0.62835100113448
H            1.83939883781616        2.93257501615699        1.03129591478869
H            0.49472473407866        1.80243674555288        0.75770750531940
26
 energy: -39.334695405654 gnorm: 0.001587558387 xtb: 6.7.1 (edcfbbe)
C            1.56196158922051       -0.29679928156919       -1.71237653273611
C            1.89895805112812       -0.66853230446537       -0.27978626868820
C            2.94922872462346       -1.77662157633740       -0.23996048328901
C            0.76966133648366       -1.00251142606711        0.63069229915073
N           -0.46792124569281       -0.73817746771560        0.62847067579722
O           -1.00243065474418       -0.03259019039547       -0.47845618891958
C           -2.35739665965743        0.16059432550049       -0.43826361589457
O           -2.84573266588156        0.78522570301944       -1.36350432406619
N           -2.99620373823895       -0.34804217296101        0.60652181447469
C           -4.42382857882936       -0.22854903484014        0.79395319263790
S            2.67504785928740        0.77045771565728        0.63648229724005
C            1.49202466224526        2.12440217619648        0.40700956628847
H            1.14396397124415       -1.16453772859628       -2.22083275959374
H            0.83148708421220        0.50542719585363       -1.77088492102707
H            2.46851391760603        0.01025245427536       -2.22989885254268
H            2.53674629966419       -2.69033455779440       -0.66119355886059
H            3.26947460480418       -1.96616775458961        0.78144347261238
H            3.81752671048797       -1.47958151308113       -0.82164935973539
H            1.05817972523717       -1.52648857735528        1.53461346370936
H           -2.44455581331839       -0.84608105279044        1.29428543052711
H           -4.82841415844108        0.33383938210413       -0.04534352574298
H           -4.63434366490373        0.30014574875918        1.72255317247313
H           -4.88017961741390       -1.21683522881267        0.82447882919537
H            1.48628295914021        2.44535963853388       -0.63106397999556
H            1.84444258826372        2.92841205591990        1.04531827287860
H            0.50068352728042        1.80962532163489        0.72150086010919
26
 energy: -39.334704076335 gnorm: 0.001281030751 xtb: 6.7.1 (edcfbbe)
C            1.56273306932251       -0.28806374382301       -1.70778049087496
C            1.89757324757574       -0.66708665930208       -0.27665204611511
C            2.94385546770446       -1.77908331941331       -0.24075062669340
C            0.76711784212987       -1.00138178003544        0.63247460131560
N           -0.47064623218411       -0.73814564270782        0.62950040788452
O           -1.00535557999270       -0.03285598455366       -0.47750870164094
C           -2.36137791770401        0.15654764102638       -0.43907452658630
O           -2.85014945333555        0.77822132432247       -1.36590089216365
N           -2.99938396640160       -0.35177880162350        0.60621784036354
C           -4.42750840957933       -0.23587650808215        0.79248312189431
S            2.67656224924522        0.76658275852484        0.64499461017188
C            1.50540396665925        2.12856047800291        0.40317872519586
H            1.14673477787501       -1.15350892779798       -2.22143403274488
H            0.83176289596269        0.51381137498807       -1.76349091359183
H            2.47011339654799        0.02230573872331       -2.22180652959339
H            2.52718491282024       -2.69031143035950       -0.66325239671545
H            3.26501902929920       -1.97204347435714        0.77970457357643
H            3.81219904053495       -1.48401045012977       -0.82328681196492
H            1.05550172414551       -1.52522976743479        1.53650456030200
H           -2.44677696023128       -0.84585179025449        1.29607583839672
H           -4.83304929213531        0.32452187450372       -0.04765495393195
H           -4.64010971118842        0.29312988905002        1.72038338455634
H           -4.88123798599469       -1.22534559056715        0.82363738467924
H            1.52383169782792        2.45858170662192       -0.63161171841086
H            1.84668149234668        2.92523955625901        1.05644192156320
H            0.50649751255713        1.81496337850262        0.69271664713047
26
 energy: -39.334713723067 gnorm: 0.000665657409 xtb: 6.7.1 (edcfbbe)
C            1.56260688075374       -0.28143481098634       -1.70405388777560
C            1.89576254953728       -0.66567709627510       -0.27397445570628
C            2.93906238774670       -1.78038538843210       -0.24160922901609
C            0.76479396827461       -1.00031196400726        0.63430049150077
N           -0.47287150343997       -0.73673792671792        0.63194950505820
O           -1.00736109509351       -0.02968997720927       -0.47431353455226
C           -2.36449339437000        0.15514564830097       -0.43838989991494
O           -2.85366508057816        0.77474744969758       -1.36613943644885
N           -3.00228215791379       -0.35557357381609        0.60581537687027
C           -4.43097134588920       -0.24399055080574        0.79007741928832
S            2.67809799926971        0.76291980212601        0.65325330125708
C            1.51784944883311        2.13166072320159        0.39969929846702
H            1.14728037057782       -1.14439309220265       -2.22166301874150
H            0.83225472633127        0.52071193794063       -1.75798047188234
H            2.47051608963551        0.03032452332656       -2.21575023037252
H            2.51959520000238       -2.68886631316047       -0.66715291004071
H            3.25954904352429       -1.97776559879897        0.77811432470960
H            3.80821214418348       -1.48599027765299       -0.82321305370110
H            1.05320425985813       -1.52482763028070        1.53792815915194
H           -2.44848346974260       -0.84427362686809        1.29850640369132
H           -4.83706574957540        0.31448774717368       -0.05099625857312
H           -4.64654881462217        0.28490654563871        1.71725114618568
H           -4.88153493906406       -1.23487817493407        0.82119436866606
H            1.56056788665726        2.47184008155501       -0.63036701003935
H            1.84683685340706        2.92052753126486        1.06815916934596
H            0.51226455550396        1.81941586200550        0.66346340857485
26
 energy: -39.334720404928 gnorm: 0.001259398641 xtb: 6.7.1 (edcfbbe)
C            1.56174802398688       -0.27456385984492       -1.69972812146922
C            1.89378700293028       -0.66526481535758       -0.27121161123942
C            2.93420528659514       -1.78265740087999       -0.24276921883038
C            0.76238038589933       -0.99923921551145        0.63658428983495
N           -0.47491141939708       -0.73381970096692        0.63556327649261
O           -1.00902937482765       -0.02391668101512       -0.46947263429274
C           -2.36719916728174        0.15526985663728       -0.43667796130073
O           -2.85688729109185        0.77377356318081       -1.36474535605710
N           -3.00522879532025       -0.36001771194092        0.60518946403815
C           -4.43463570137158       -0.25389927404311        0.78671671812253
S            2.67802376197058        0.75880561134983        0.66186496793503
C            1.53132947467751        2.13646586574400        0.39595180697506
H            1.14568167217215       -1.13491911293230       -2.22052895201144
H            0.83269341757132        0.52869816153164       -1.75135051935452
H            2.47014347433135        0.03737180446696       -2.21008673701224
H            2.51297123835996       -2.68815025316417       -0.67294533765589
H            3.25325778690174       -1.98536352013816        0.77631262531119
H            3.80456209648901       -1.48758545134831       -0.82218200072412
H            1.05034475247746       -1.52581606905507        1.53913948661116
H           -2.45014104803063       -0.84324123279406        1.30064117738083
H           -4.84124332020997        0.30261761492767       -0.05534995923888
H           -4.65424971081937        0.27438183973983        1.71321527966230
H           -4.88121817524889       -1.24658960031944        0.81719377892655
H            1.60485229056786        2.48993623543702       -0.62855503899545
H            1.84487191446130        2.91513833623582        1.08454132199238
H            0.51706823801469        1.82447686014391        0.62679823090170
26
 energy: -39.334724649299 gnorm: 0.001537529810 xtb: 6.7.1 (edcfbbe)
C            1.55937664620256       -0.27451109225081       -1.69844288598106
C            1.89238937551881       -0.66633234015386       -0.27065466883547
C            2.93307612630353       -1.78325292289287       -0.24364408511618
C            0.76173081618636       -0.99903407394012        0.63819790685064
N           -0.47457656779956       -0.72855523255645        0.64070325460500
O           -1.00767615503704       -0.01287806385101       -0.46173318419104
C           -2.36631611980322        0.16152317184020       -0.43219359908219
O           -2.85572836493132        0.78299011531004       -1.35840498368065
N           -3.00600605397954       -0.36272562707153        0.60442957379062
C           -4.43608528343536       -0.26123387333600        0.78265726688951
S            2.67655466162097        0.75735502201771        0.66380091654630
C            1.53638460767082        2.13877973070523        0.39413757538431
H            1.13853844383932       -1.13357149545350       -2.21747829928815
H            0.83380613517407        0.53199165091377       -1.74930217135577
H            2.46816705940971        0.03275801835225       -2.21084667304624
H            2.51444511750838       -2.68671787384269       -0.68055170979345
H            3.24809960700657       -1.99109578623193        0.77563407709003
H            3.80564240323894       -1.48428389964844       -0.81780711259755
H            1.04916193338138       -1.52973976581238        1.53850870002464
H           -2.45023199538504       -0.84207337509075        1.30191922774182
H           -4.84229472094003        0.29467197034968       -0.05998864961774
H           -4.66018210339738        0.26536733333547        1.70903479649644
H           -4.87923788345082       -1.25550486804181        0.81093153225285
H            1.62562292038434        2.50061160044596       -0.62408129353670
H            1.83820720261326        2.91110540760829        1.09349970952010
H            0.52030900590792        1.82624811937873        0.60578375493212
26
 energy: -39.334728433871 gnorm: 0.001062156792 xtb: 6.7.1 (edcfbbe)
C            1.55792064283436       -0.26937995517121       -1.69494038112210
C            1.89052103145028       -0.66534049241161       -0.26815937868260
C            2.92950539031428       -1.78383676838774       -0.24446213351047
C            0.75945159280201       -0.99869878379258        0.64002288048389
N           -0.47629119066435       -0.72559286899186        0.64416344731249
O           -1.00880317218697       -0.00591441338452       -0.45631743489632
C           -2.36780479471043        0.16398186652890       -0.42924583935106
O           -2.85731015622392        0.78719822603694       -1.35435085317677
N           -3.00829389427736       -0.36665647402761        0.60370903699296
C           -4.43906493711772       -0.27031292855916        0.77918486128040
S            2.67709733389298        0.75262906884267        0.67398370523624
C            1.54763235969704        2.14128667212258        0.38991403415015
H            1.13381177851647       -1.12592099743240       -2.21616778889495
H            0.83490416808049        0.53969541930611       -1.74296306384698
H            2.46742338529982        0.03649960954384       -2.20722071167336
H            2.51007167963567       -2.68468628940189       -0.68610846160181
H            3.24252005084178       -1.99700147163809        0.77439148670615
H            3.80359760286753       -1.48387698302023       -0.81589462411934
H            1.04641083165539       -1.53098155358373        1.53958339750096
H           -2.45206017219891       -0.84479794090768        1.30166515135676
H           -4.84554851564546        0.28485849839922       -0.06385564230372
H           -4.66709390885764        0.25469794897072        1.70557611499066
H           -4.87855774116716       -1.26628882147485        0.80570120606430
H            1.66469141402076        2.51584361332961       -0.62287569568918
H            1.83491897580116        2.90399889054626        1.10689461191812
H            0.52352705914762        1.83048877864135        0.57188105087766
26
 energy: -39.334731531802 gnorm: 0.000345313131 xtb: 6.7.1 (edcfbbe)
C            1.55838594794709       -0.27200707265067       -1.69650036728530
C            1.89158637049315       -0.66543467595149       -0.26909618848722
C            2.93166191805403       -1.78302276298270       -0.24377795019423
C            0.76052286690361       -0.99901935642682        0.63921628060413
N           -0.47546953910837       -0.72732830335695        0.64233912315392
O           -1.00823472930127       -0.00897660758958       -0.45859251698652
C           -2.36656105775294        0.16405893491671       -0.42975601478379
O           -2.85570306533889        0.78882261737900       -1.35415168614282
N           -3.00704323004338       -0.36485675758289        0.60390390387432
C           -4.43745894290407       -0.26597242780971        0.78062675890744
S            2.67704479863989        0.75486700859935        0.66979800970651
C            1.54170525615352        2.13981434544550        0.39143643000791
H            1.13366570526509       -1.12932029378598       -2.21606437213875
H            0.83538988598223        0.53703054746931       -1.74561178459559
H            2.46755413480775        0.03296069523270       -2.20997254470279
H            2.51285129351770       -2.68528068218895       -0.68296948390167
H            3.24555066653127       -1.99355690531367        0.77530193758880
H            3.80511583426897       -1.48367158865037       -0.81642066100702
H            1.04736421924121       -1.53120290679778        1.53885828546614
H           -2.45183406435778       -0.84784370540375        1.29936555507084
H           -4.84367596639189        0.29054404349372       -0.06168507076320
H           -4.66348237735496        0.25898644811762        1.70754541957269
H           -4.87888779162194       -1.26105907039529        0.80711232870131
H            1.64579106694835        2.50797887137513       -0.62423748202975
H            1.83609073123510        2.90695931397107        1.09964068409858
H            0.52124688199422        1.82842214096961        0.58780038226819
26
 energy: -39.334733581617 gnorm: 0.000256412922 xtb: 6.7.1 (edcfbbe)
C            1.55791540727370       -0.27186066325544       -1.69589566160894
C            1.89172377370931       -0.66545714726057       -0.26871055958786
C            2.93181406481529       -1.78306854719755       -0.24355587661007
C            0.76054741011347       -0.99928053355242        0.63950363604666
N           -0.47539462421886       -0.72744291253287        0.64263693632640
O           -1.00791838587187       -0.00761091254664       -0.45742644158213
C           -2.36596915950549        0.16596266712220       -0.42833041304317
O           -2.85462101929975        0.79381760474754       -1.35100798507241
N           -3.00713118519942       -0.36551601397771        0.60360316682532
C           -4.43763494295732       -0.26701264542208        0.77989250064052
S            2.67676194710875        0.75517642539419        0.66953195963585
C            1.54216527437441        2.14073225996133        0.39064358328350
H            1.13045738370541       -1.12851202831149       -2.21437213506661
H            0.83672478592603        0.53889562830114       -1.74466638624558
H            2.46721730207960        0.03059553634136       -2.21065456984945
H            2.51332697084260       -2.68520414664145       -0.68333620753001
H            3.24530237684954       -1.99396721922407        0.77560444761549
H            3.80545581469060       -1.48325952336002       -0.81567372983782
H            1.04697079951678       -1.53294285079641        1.53840722320434
H           -2.45270776171411       -0.85257034276239        1.29693721825702
H           -4.84360676969588        0.29047208481174       -0.06191106790781
H           -4.66408968314896        0.25693825304825        1.70732791212760
H           -4.87894991843283       -1.26217258938853        0.80514590318652
H            1.64873531954547        2.50968925380447       -0.62444237792275
H            1.83467700274257        2.90702676204707        1.10073116074526
H            0.52140463055864        1.82846345073346        0.58412673997225
26
 energy: -39.334735801222 gnorm: 0.000428361736 xtb: 6.7.1 (edcfbbe)
C            1.55672819755500       -0.27129946124570       -1.69462355229189
C            1.89152033051821       -0.66517286279491       -0.26774929836449
C            2.93167316034049       -1.78274086124552       -0.24324804985005
C            0.76023926269687       -1.00026494050104        0.64000455393049
N           -0.47553896216986       -0.72781138176864        0.64353979689456
O           -1.00735370374728       -0.00421517167640       -0.45446480682289
C           -2.36511794692473        0.16995522922188       -0.42523732741161
O           -2.85277008618232        0.80390479540346       -1.34440277831528
N           -3.00764262216727       -0.36740653912552        0.60287165745009
C           -4.43836530120778       -0.27003141366299        0.77802302835745
S            2.67654293389779        0.75486531984275        0.67106675864515
C            1.54440455076127        2.14212811825824        0.38882667514060
H            1.12394198579114       -1.12647005842379       -2.21127569592497
H            0.83928145150732        0.54293151232781       -1.74259744910776
H            2.46644705611355        0.02630127776597       -2.21158178188216
H            2.51373412349447       -2.68430026818391       -0.68476133505034
H            3.24423407304615       -1.99502598860066        0.77594684284277
H            3.80585195010918       -1.48194171630688       -0.81403755507273
H            1.04624962720135       -1.53585551966053        1.53788181684845
H           -2.45454577043797       -0.86122342150952        1.29257238302496
H           -4.84385899547114        0.28910410452688       -0.06292641668142
H           -4.66604796705133        0.25191272399761        1.70635462024843
H           -4.87907462073714       -1.26548992988386        0.80081167107644
H            1.65834353221779        2.51435528484036       -0.62439244733207
H            1.83220436720533        2.90602973581382        1.10337945611247
H            0.52209618744860        1.82965328267417        0.57412820953786
26
 energy: -39.334736563924 gnorm: 0.000297254700 xtb: 6.7.1 (edcfbbe)
C            1.55606514647962       -0.27110654475646       -1.69387307243714
C            1.89127160542380       -0.66496434837366       -0.26707168084097
C            2.93160301707160       -1.78239884020492       -0.24312766219416
C            0.76000139269103       -1.00082330964082        0.64047925868821
N           -0.47572627733470       -0.72819576479081        0.64425880327394
O           -1.00693781446800       -0.00218868593551       -0.45243051864730
C           -2.36474435071533        0.17247462998492       -0.42323838485276
O           -2.85161133092272        0.81013399421029       -1.34017786575017
N           -3.00803655540478       -0.36881144466749        0.60230637581718
C           -4.43889107372807       -0.27191623325908        0.77676219045478
S            2.67639539776514        0.75485445855333        0.67192329075317
C            1.54580782920438        2.14295357323438        0.38774559522197
H            1.12060369580148       -1.12544830199154       -2.20956533015372
H            0.84065418376633        0.54486280349653       -1.74162062037664
H            2.46594524916974        0.02391570100211       -2.21194455718937
H            2.51389816443217       -2.68366430528342       -0.68543095938666
H            3.24385592599757       -1.99539908389670        0.77600159363839
H            3.80597405409585       -1.48113709800924       -0.81339276185061
H            1.04581502763121       -1.53818290105118        1.53735691020886
H           -2.45560758778882       -0.86564485077793        1.29029160529061
H           -4.84399517363603        0.28840673736541       -0.06357494818482
H           -4.66727083228149        0.24864531279773        1.70570621004418
H           -4.87936198319001       -1.26750043720980        0.79784350384466
H            1.66373104969475        2.51690027714699       -0.62444005482898
H            1.83105382840378        2.90564136138916        1.10480694310936
H            0.52268422564917        1.83048515075078        0.56851511235001
26
 energy: -39.334737049941 gnorm: 0.000131552446 xtb: 6.7.1 (edcfbbe)
C            1.55564048971845       -0.27095685189275       -1.69344714042154
C            1.89105537504676       -0.66493980213528       -0.26669762015611
C            2.93153496154157       -1.78223748319013       -0.24300966103591
C            0.75981343005754       -1.00149303187682        0.64062707720591
N           -0.47585777597747       -0.72862295003828        0.64467234851489
O           -1.00663396187363       -0.00090291287839       -0.45106082175684
C           -2.36460814701102        0.17403702424902       -0.42201441447039
O           -2.85087982783325        0.81404961941582       -1.33754409095270
N           -3.00832097803348       -0.36996755783444        0.60178370771989
C           -4.43922762087047       -0.27310372316027        0.77593144471606
S            2.67613935904005        0.75475978020880        0.67262033932536
C            1.54666083221764        2.14342413933568        0.38716226748285
H            1.11926075265140       -1.12497809373862       -2.20879813077981
H            0.84098702620147        0.54563607057704       -1.74114222426608
H            2.46559643613633        0.02308903410532       -2.21186427106444
H            2.51391750874121       -2.68342335416148       -0.68555583060767
H            3.24392268657193       -1.99544290064595        0.77602714045901
H            3.80579289492858       -1.48065792715442       -0.81326227368778
H            1.04564873055235       -1.53959992613505        1.53702795640044
H           -2.45612794786442       -0.86779300360350        1.28918194981668
H           -4.84400736667826        0.28822903533039       -0.06387658270277
H           -4.66792993801572        0.24637972116073        1.70539010690199
H           -4.87971956077317       -1.26869182046537        0.79568728467986
H            1.66657222725568        2.51799583797381       -0.62455981922683
H            1.83090376766150        2.90565537734044        1.10503453234723
H            0.52304346041614        1.83144754929677        0.56579570156070
26
 energy: -39.334737538451 gnorm: 0.000166026989 xtb: 6.7.1 (edcfbbe)
C            1.55536128264096       -0.27069056767921       -1.69292339877207
C            1.89072363908155       -0.66491378493888       -0.26621322042522
C            2.93140260380416       -1.78204092331880       -0.24297715867658
C            0.75945273048980       -1.00207577005751        0.64088440865285
N           -0.47614412986126       -0.72888551228829        0.64519471410223
O           -1.00644059071227        0.00053501265699       -0.44956234927630
C           -2.36462706152645        0.17557333264500       -0.42079846169388
O           -2.85022338069865        0.81796074639774       -1.33493938720783
N           -3.00874743827066       -0.37150767790027        0.60103685596800
C           -4.43966509525886       -0.27446102826107        0.77505254599589
S            2.67579700044221        0.75452551130639        0.67364938773188
C            1.54777520506760        2.14394330012939        0.38645550099407
H            1.11882884213271       -1.12453213577464       -2.20837577757574
H            0.84087359366194        0.54599084187637       -1.74046434223322
H            2.46530140205440        0.02327594521830       -2.21135410269130
H            2.51368555020238       -2.68328504700463       -0.68528480929552
H            3.24420459254350       -1.99515329663622        0.77592535016319
H            3.80542374213350       -1.48044222905174       -0.81358459755221
H            1.04518916403828       -1.54139795869228        1.53657773043720
H           -2.45663414634156       -0.86969619928570        1.28822131001950
H           -4.84406427681997        0.28832339757142       -0.06395907389001
H           -4.66850650135018        0.24357986107929        1.70526644546070
H           -4.88036503949584       -1.26997849779619        0.79308088410813
H            1.66962634563387        2.51864319920728       -0.62496691359059
H            1.83128117189318        2.90586971926147        1.10494836022392
H            0.52366760832337        1.83273161141884        0.56321907502489
26
 energy: -39.334738011677 gnorm: 0.000261185593 xtb: 6.7.1 (edcfbbe)
C            1.55509406202828       -0.27015710731099       -1.69232898625572
C            1.89041945014820       -0.66491786114603       -0.26574948033650
C            2.93116103345709       -1.78199198457351       -0.24280095277004
C            0.75904407267735       -1.00271555284184        0.64100818711895
N           -0.47643875949781       -0.72900696101615        0.64567204830243
O           -1.00632270405406        0.00232086010726       -0.44796744053713
C           -2.36466181560492        0.17718635752809       -0.41953896815861
O           -2.84964138568820        0.82210831284029       -1.33219036569636
N           -3.00927295950766       -0.37334969736189        0.60009251154343
C           -4.44017373232424       -0.27600917433414        0.77415778465077
S            2.67533308194806        0.75410481158462        0.67501063453399
C            1.54909448252678        2.14449696549955        0.38565326617569
H            1.11911162444231       -1.12399838820833       -2.20824192908821
H            0.84024026088666        0.54620591745296       -1.73971170358463
H            2.46500936698469        0.02442406990586       -2.21043376579896
H            2.51322874676977       -2.68338968323295       -0.68460341761049
H            3.24468173068215       -1.99480497361621        0.77595464921711
H            3.80475203692539       -1.48045623332920       -0.81408045569323
H            1.04460691787210       -1.54322040890986        1.53603620050644
H           -2.45721186363759       -0.87198970884039        1.28700814304017
H           -4.84420697681611        0.28874079490993       -0.06371318396727
H           -4.66900692068172        0.24011351022682        1.70544357923063
H           -4.88125079362553       -1.27139561089613        0.78995481208576
H            1.67313455898005        2.51894725119849       -0.62560097399338
H            1.83211153768716        2.90625024088185        1.10446792896775
H            0.52434176122951        1.83439610356493        0.56061085411935
26
 energy: -39.334738506578 gnorm: 0.000252886070 xtb: 6.7.1 (edcfbbe)
C            1.55509394253983       -0.26949212412847       -1.69167391313606
C            1.89006604896955       -0.66496187122575       -0.26522516976973
C            2.93082152983096       -1.78202048773082       -0.24267778559334
C            0.75848702218294       -1.00327621096628        0.64112000988029
N           -0.47685155959541       -0.72892490888302        0.64618603110048
O           -1.00637718191307        0.00443130257729       -0.44628386891891
C           -2.36477156556977        0.17886397256042       -0.41822618576170
O           -2.84927643526705        0.82637890366604       -1.32930284671724
N           -3.00993870463645       -0.37534634795391        0.59904754822575
C           -4.44079455710594       -0.27771874216013        0.77328513019174
S            2.67477608358112        0.75354481506540        0.67653577377240
C            1.55066999971370        2.14515995597379        0.38471676992161
H            1.12031740740712       -1.12349080080944       -2.20837933040167
H            0.83933982668113        0.54610610238963       -1.73878544898463
H            2.46493788219434        0.02646888922124       -2.20916201599034
H            2.51253264991036       -2.68368133888254       -0.68361638433076
H            3.24513843805606       -1.99425179473675        0.77595258745518
H            3.80396828467511       -1.48079800191318       -0.81480914471789
H            1.04374351019930       -1.54509621607273        1.53544747120482
H           -2.45795816454950       -0.87477918999724        1.28547057254188
H           -4.84447801944424        0.28949755424232       -0.06309464551489
H           -4.66948136357720        0.23598372926980        1.70595456312958
H           -4.88233806512831       -1.27294165507037        0.78633427232716
H            1.67685586347603        2.51898281778780       -0.62648010069896
H            1.83340951908904        2.90689672418702        1.10365949986439
H            0.52528442208811        1.83635677367289        0.55811558692276
26
 energy: -39.334738980181 gnorm: 0.000164662896 xtb: 6.7.1 (edcfbbe)
C            1.55515190341068       -0.26863158937101       -1.69100874146704
C            1.88978344408193       -0.66489654104866       -0.26470644024190
C            2.93036846033405       -1.78213663938899       -0.24236831537684
C            0.75791148206302       -1.00363259643617        0.64116630888801
N           -0.47725270766661       -0.72853319570625        0.64673143723205
O           -1.00651982548224        0.00693465953258       -0.44448427109649
C           -2.36488506013953        0.18073300260793       -0.41677365495789
O           -2.84906746173215        0.83097965651738       -1.32612812072314
N           -3.01066429374624       -0.37731633951912        0.59802355089743
C           -4.44149632272407       -0.27962617349139        0.77240835847640
S            2.67425439645018        0.75293092747775        0.67825764035566
C            1.55242552302588        2.14579141157813        0.38364230368258
H            1.12224535702198       -1.12293169669192       -2.20882646177763
H            0.83808574164540        0.54584013244258       -1.73796140407188
H            2.46491646923822        0.02927007671083       -2.20753513493618
H            2.51158489946564       -2.68402669395287       -0.68238378129129
H            3.24559313043192       -1.99382338904962        0.77612484009591
H            3.80302630811630       -1.48138315664441       -0.81547225546212
H            1.04273249399973       -1.54714029795666        1.53462595512215
H           -2.45886172483618       -0.87815070972047        1.28359407194575
H           -4.84484768369786        0.29052488368160       -0.06214089801246
H           -4.67008980909438        0.23108357539448        1.70675855457022
H           -4.88346974820934       -1.27470273632898        0.78210811319248
H            1.68090464969683        2.51864195392510       -0.62761980598726
H            1.83501486371799        2.90764218168083        1.10254449529650
H            0.52633232843661        1.83845114384033        0.55553263164886
26
 energy: -39.334739300880 gnorm: 0.000104324465 xtb: 6.7.1 (edcfbbe)
C            1.55543536897681       -0.26803646186557       -1.69054991447105
C            1.88954065015263       -0.66493630311313       -0.26430872478068
C            2.92998245654600       -1.78230797099903       -0.24219578776982
C            0.75740133440923       -1.00393235256687        0.64116221101415
N           -0.47760763521874       -0.72816703011506        0.64715950381425
O           -1.00666246882030        0.00917565200479       -0.44298178698555
C           -2.36495588652119        0.18245292365205       -0.41548476219123
O           -2.84900623908010        0.83482216289491       -1.32344276805748
N           -3.01119809743207       -0.37850047770654        0.59744619166016
C           -4.44206434298979       -0.28118091051519        0.77173871363205
S            2.67378964551487        0.75243913140096        0.67940557292197
C            1.55374601624872        2.14629415490729        0.38275863025488
H            1.12428985505163       -1.12269035341991       -2.20929705620224
H            0.83707298067503        0.54533258974403       -1.73735383479723
H            2.46512921328595        0.03171474549999       -2.20620663203953
H            2.51085448097783       -2.68435380105019       -0.68157417194353
H            3.24564632446432       -1.99355887453233        0.77625107494127
H            3.80240772462182       -1.48190666133369       -0.81584691416576
H            1.04187970388120       -1.54856775254177        1.53404599304851
H           -2.45962444974713       -0.88092960403184        1.28204751141539
H           -4.84515569168049        0.29145432972641       -0.06123745023805
H           -4.67082627766653        0.22681124405176        1.70754116215698
H           -4.88415352541172       -1.27623825228120        0.77841291974318
H            1.68369644201165        2.51826115040863       -0.62861127118903
H            1.83637129238206        2.90836092394759        1.10143359663030
H            0.52718793917611        1.84007964791688        0.55379696959994
26
 energy: -39.334739434433 gnorm: 0.000070515815 xtb: 6.7.1 (edcfbbe)
C            1.55546165298569       -0.26812256208493       -1.69059595030056
C            1.88959769882764       -0.66494403267097       -0.26432976735631
C            2.93002003428275       -1.78234172277951       -0.24212116339818
C            0.75744790871506       -1.00387231820586        0.64115187889379
N           -0.47754432563368       -0.72805203801322        0.64721602910428
O           -1.00657674947557        0.00951441606078       -0.44277699843316
C           -2.36487103987441        0.18285816862909       -0.41523235096046
O           -2.84891374232621        0.83544311283712       -1.32301401276999
N           -3.01112121099797       -0.37815099182738        0.59766492242778
C           -4.44204223699962       -0.28125009894912        0.77167370515534
S            2.67382360112958        0.75250443687643        0.67927886909644
C            1.55355022687947        2.14619108964546        0.38266530319056
H            1.12452698013692       -1.12283556416448       -2.20937367322585
H            0.83700252303050        0.54513417342442       -1.73751285628008
H            2.46514371873223        0.03173082376022       -2.20615523151528
H            2.51097051428658       -2.68430302963676       -0.68172336494391
H            3.24552724492483       -1.99376596844213        0.77633492540495
H            3.80253629602063       -1.48186892763760       -0.81558421319072
H            1.04188602193510       -1.54876237060772        1.53390120065285
H           -2.45963814770656       -0.88104902538874        1.28196618832111
H           -4.84508366848229        0.29167418518442       -0.06111188757301
H           -4.67109359098297        0.22624717546748        1.70764689828074
H           -4.88391654672222       -1.27638220259299        0.77779868885333
H            1.68312730001476        2.51797615466128       -0.62889211817075
H            1.83633235348836        2.90844887302119        1.10115261892533
H            0.52702399761917        1.83987009351652        0.55408133581362
26
 energy: -39.334739715073 gnorm: 0.000094830718 xtb: 6.7.1 (edcfbbe)
C            1.55567611973049       -0.26843783369492       -1.69076274209844
C            1.88968154748837       -0.66502080706722       -0.26438387946791
C            2.93009746117972       -1.78242256971927       -0.24201220046860
C            0.75749279693203       -1.00389752753367        0.64105385874016
N           -0.47742137854512       -0.72774863853699        0.64735825850794
O           -1.00638419150683        0.01046495015247       -0.44224333782835
C           -2.36465782197341        0.18405935550353       -0.41450194544432
O           -2.84871379660059        0.83713746963418       -1.32190755375694
N           -3.01088377792331       -0.37697849145228        0.59840016870985
C           -4.44200079856225       -0.28147661213109        0.77151922474613
S            2.67382220638516        0.75266107945672        0.67890495570467
C            1.55303629504975        2.14595591889517        0.38244381699889
H            1.12537472881278       -1.12339598603369       -2.20962790260306
H            0.83679844205679        0.54441882212360       -1.73788129596437
H            2.46533402016474        0.03188409881644       -2.20606471749476
H            2.51131900036715       -2.68415614505708       -0.68232947780506
H            3.24495294235746       -1.99434578414768        0.77653596886689
H            3.80298884672657       -1.48168797049498       -0.81476920283497
H            1.04184621926780       -1.54916370257188        1.53360838838925
H           -2.45963201093761       -0.88125539756626        1.28184621800804
H           -4.84490034972176        0.29233334204834       -0.06071444871780
H           -4.67203603578741        0.22448869341813        1.70804910984310
H           -4.88314693347779       -1.27693805642904        0.77590648052588
H            1.68142653214104        2.51706187699331       -0.62955925411826
H            1.83640153998000        2.90879775598318        1.10011911383728
H            0.52670521020402        1.83955400949396        0.55512137172662
26
 energy: -39.334739886449 gnorm: 0.000069261595 xtb: 6.7.1 (edcfbbe)
C            1.55577126993068       -0.26882027500634       -1.69095902221380
C            1.88972465129177       -0.66512804708281       -0.26447728398477
C            2.93025021217207       -1.78242541760103       -0.24186968457678
C            0.75750086848163       -1.00396399224122        0.64093466625586
N           -0.47732440957982       -0.72742669438510        0.64748194740713
O           -1.00619306855562        0.01144403960446       -0.44171792054290
C           -2.36443650986823        0.18523342260046       -0.41381362602917
O           -2.84845829980120        0.83881416307435       -1.32088399366014
N           -3.01064662401171       -0.37586672951647        0.59906025314202
C           -4.44195909289096       -0.28170216890641        0.77135543143267
S            2.67372533508717        0.75276296601242        0.67859571742383
C            1.55254458441191        2.14574909073708        0.38227011149282
H            1.12616108961947       -1.12409753178027       -2.20989243578229
H            0.83638366467488        0.54358795530571       -1.73828696254873
H            2.46538848082285        0.03204584137912       -2.20604109963918
H            2.51182567722661       -2.68400836224978       -0.68283784508724
H            3.24448936417554       -1.99477216159925        0.77678221728537
H            3.80347614883385       -1.48138012037075       -0.81395238230180
H            1.04171392290401       -1.54974232736781        1.53322074689713
H           -2.45957618147980       -0.88135792144239        1.28176740433191
H           -4.84471125305907        0.29318874395919       -0.06021350448385
H           -4.67296913454883        0.22253846179333        1.70858276452373
H           -4.88243345413308       -1.27749354777157        0.77378612850696
H            1.67977631133667        2.51605511429759       -0.63013918639596
H            1.83671837350498        2.90916172444710        1.09897775079964
H            0.52643488726203        1.83949562419339        0.55637878374943
26
 energy: -39.334739921105 gnorm: 0.000088640744 xtb: 6.7.1 (edcfbbe)
C            1.55586642013086       -0.26920271631775       -1.69115530232916
C            1.88976775509517       -0.66523528709840       -0.26457068850163
C            2.93040296316443       -1.78242826548278       -0.24172716868496
C            0.75750894003122       -1.00403045694877        0.64081547377157
N           -0.47722744061451       -0.72710475023322        0.64760563630632
O           -1.00600194560441        0.01242312905646       -0.44119250325746
C           -2.36421519776306        0.18640748969739       -0.41312530661402
O           -2.84820280300182        0.84049085651452       -1.31986043356334
N           -3.01040947010011       -0.37475496758067        0.59972033757420
C           -4.44191738721967       -0.28192772568173        0.77119163811920
S            2.67362846378918        0.75286485256812        0.67828647914299
C            1.55205287377406        2.14554226257898        0.38209640598675
H            1.12694745042616       -1.12479907752685       -2.21015696896152
H            0.83596888729298        0.54275708848783       -1.73869262913310
H            2.46544294148095        0.03220758394180       -2.20601748178359
H            2.51233235408608       -2.68386057944249       -0.68334621236942
H            3.24402578599361       -1.99519853905082        0.77702846570385
H            3.80396345094112       -1.48107227024652       -0.81313556176864
H            1.04158162654023       -1.55032095216374        1.53283310540501
H           -2.45952035202199       -0.88146044531852        1.28168859065578
H           -4.84452215639637        0.29404414587003       -0.05971256024990
H           -4.67390223331025        0.22058823016853        1.70911641920435
H           -4.88171997478837       -1.27804903911411        0.77166577648804
H            1.67812609053230        2.51504835160186       -0.63071911867366
H            1.83703520702996        2.90952569291102        1.09783638776199
H            0.52616456432005        1.83943723889283        0.55763619577223
