17
 energy: -2771.232910811566 gnorm: 0.023920536535 xtb: 6.7.1 (edcfbbe)
C           -3.96363834735639       -0.94289071421782       -0.18191292358061
C           -3.07220291586137        0.16152634127158        0.37293883806526
C           -1.69246341314998        0.15270453456767       -0.28081933412444
C           -0.79273614085128        1.25423510625579        0.27405515432144
C            0.57388442115430        1.28349342066875       -0.37999934116839
Br           1.62680521402088       -0.33420225014809        0.03974951191761
H           -4.93907484578863       -0.92262579550884        0.29732174723175
H           -3.51468146575745       -1.91805295154994       -0.00738294690327
H           -4.10404681101861       -0.81786044146242       -1.25319581895532
H           -3.54635900567149        1.13077895450108        0.20356737619021
H           -2.96077367761200        0.02977036011319        1.45133760504313
H           -1.22305320024197       -0.81932918056307       -0.11031332734888
H           -1.80350108159918        0.28356677572566       -1.36014069040271
H           -1.25690573495697        2.22766205868714        0.09610322954259
H           -0.68192170630218        1.12836749790001        1.35340875669973
H            1.17834862592216        2.11516241663728       -0.02330837261033
H            0.50456504312359        1.30724983597928       -1.46607064804965
17
 energy: -2771.233649381912 gnorm: 0.007693359176 xtb: 6.7.1 (edcfbbe)
C           -3.97867916726432       -0.94610174575700       -0.17986453753071
C           -3.08119328014791        0.15834688916247        0.37165474434972
C           -1.69887512298621        0.15388106920079       -0.27570535480412
C           -0.78207526774545        1.24425374009579        0.27121796615617
C            0.58469399645837        1.29202887651975       -0.37799710859952
Br           1.66731996946527       -0.32743598447938        0.03767518052635
H           -4.96287123308829       -0.93496701557115        0.29514513946772
H           -3.52995246608843       -1.92879188426654       -0.00798540158336
H           -4.12056523773218       -0.82568654209833       -1.25771561882158
H           -3.55322250059843        1.13436263805864        0.20982302650192
H           -2.96837456541938        0.03472195809772        1.45494265416013
H           -1.23103123531068       -0.82334454978683       -0.11268411307923
H           -1.80369489361344        0.28217158882653       -1.36019803914021
H           -1.24028351754703        2.22514623506439        0.08959493896499
H           -0.67463887033237        1.13648514587203        1.35602406602254
H            1.18801058572899        2.12639307511597       -0.02254387844524
H            0.51767765203124        1.31809313496621       -1.46604422601501
17
 energy: -2771.233756488147 gnorm: 0.002190788712 xtb: 6.7.1 (edcfbbe)
C           -3.98213915016037       -0.94441103225233       -0.17893482053832
C           -3.08127867910692        0.15863387604067        0.37160452421777
C           -1.69820996215007        0.14922308517142       -0.27579996035778
C           -0.78175981386828        1.23898876396784        0.27219949546576
C            0.58163120098450        1.29552122840024       -0.37745864920634
Br           1.68966188717434       -0.32056327212701        0.03146554026618
H           -4.96945996048334       -0.93401567313516        0.29506066239809
H           -3.53867192204326       -1.93254756936687       -0.00791388786221
H           -4.12791828184849       -0.82841604496939       -1.25942533779821
H           -3.55361822560793        1.13729102700120        0.21279940319672
H           -2.97145896126387        0.03912866041655        1.45772066459067
H           -1.23239852123364       -0.83180057466325       -0.11707055644725
H           -1.80031502104989        0.27684950581857       -1.36271834252119
H           -1.23512663345161        2.22477396226383        0.08765936345706
H           -0.67520291851769        1.14213164173613        1.35965292416707
H            1.18409890776765        2.12852057796344       -0.01672166210363
H            0.52441084741493        1.32024900109576       -1.46677940341894
17
 energy: -2771.233767948209 gnorm: 0.001042144513 xtb: 6.7.1 (edcfbbe)
C           -3.98344058823857       -0.94373035918642       -0.17842453033475
C           -3.08014016544131        0.15730470579072        0.37072546396984
C           -1.69649224776941        0.14699963094240       -0.27569001067440
C           -0.78017449688032        1.23685455588726        0.27127122059723
C            0.58176609785610        1.29899312898968       -0.37788196780765
Br           1.68849650867922       -0.32078652732414        0.03168301883646
H           -4.97022463908692       -0.93032231720584        0.29616829953090
H           -3.54266901478727       -1.93274066480726       -0.00694203869371
H           -4.12991816982450       -0.82819759305767       -1.25865279726808
H           -3.55106145488328        1.13644064424467        0.21101412814854
H           -2.97133164298682        0.03864223925570        1.45697193266687
H           -1.23132253663274       -0.83429891651607       -0.11669752448745
H           -1.79854383987294        0.27438168470335       -1.36250644252575
H           -1.23549685071608        2.22194356636661        0.08684536244213
H           -0.67393930660075        1.14116412076384        1.35858783910623
H            1.18154201409589        2.13248098907881       -0.01427252664990
H            0.52519507951442        1.32442841685872       -1.46685924252639
17
 energy: -2771.233774740545 gnorm: 0.000931188810 xtb: 6.7.1 (edcfbbe)
C           -3.98540628257163       -0.94232587437228       -0.17763554271347
C           -3.07830472191073        0.15567902825676        0.36915912413535
C           -1.69411928051760        0.14291201431908       -0.27617562929979
C           -0.78028193945967        1.23461781057762        0.26974324283366
C            0.58051991753287        1.30215951150024       -0.37713301892302
Br           1.69420977787550       -0.31730661980705        0.02737584982328
H           -4.97081789171658       -0.92238807895087        0.29840938312050
H           -3.54949262440037       -1.93254893021263       -0.00474523548189
H           -4.13271235469978       -0.82740286992471       -1.25718972945202
H           -3.54594892165485        1.13560390942101        0.20693696048878
H           -2.97038970385885        0.03829234625168        1.45529658570491
H           -1.22928819500444       -0.83780299477276       -0.11447153006520
H           -1.79565565682725        0.26863247322977       -1.36282112132982
H           -1.24033720011526        2.21750664617299        0.08564476220746
H           -0.67422662301963        1.13916545816955        1.35650806767799
H            1.17841532834796        2.13419253686289       -0.00797959081446
H            0.52608104953386        1.33057133771549       -1.46558183499255
17
 energy: -2771.233777801150 gnorm: 0.000635198094 xtb: 6.7.1 (edcfbbe)
C           -3.98626507260709       -0.94145656297442       -0.17750490132257
C           -3.07735617539557        0.15567859757946        0.36851361634892
C           -1.69291979104542        0.14000441288093       -0.27645612890719
C           -0.78070119774285        1.23316352782848        0.27004838372134
C            0.58005877969891        1.30402524340459       -0.37707995020087
Br           1.69437929304501       -0.31504336163390        0.02406458550384
H           -4.97164742521849       -0.91879784438105        0.29873070231552
H           -3.55249190433697       -1.93246621810511       -0.00342948689779
H           -4.13347790489643       -0.82731568504311       -1.25721959015850
H           -3.54313125643373        1.13630466057913        0.20517816732318
H           -2.96945703577935        0.03920206178513        1.45473438374390
H           -1.22801693118491       -0.84020941002111       -0.11226284008024
H           -1.79347919967133        0.26380131637160       -1.36345440212588
H           -1.24267441658786        2.21512886244656        0.08607961924259
H           -0.67484170326326        1.13743664641319        1.35699136320799
H            1.17771983776397        2.13538327110619       -0.00595313902892
H            0.52654674186374        1.33471842136605       -1.46563934281107
17
 energy: -2771.233777801150 gnorm: 0.000635198094 xtb: 6.7.1 (edcfbbe)
C           -3.98626507260709       -0.94145656297442       -0.17750490132257
C           -3.07735617539557        0.15567859757946        0.36851361634892
C           -1.69291979104542        0.14000441288093       -0.27645612890719
C           -0.78070119774285        1.23316352782848        0.27004838372134
C            0.58005877969891        1.30402524340459       -0.37707995020087
Br           1.69437929304501       -0.31504336163390        0.02406458550384
H           -4.97164742521849       -0.91879784438105        0.29873070231552
H           -3.55249190433697       -1.93246621810511       -0.00342948689779
H           -4.13347790489643       -0.82731568504311       -1.25721959015850
H           -3.54313125643373        1.13630466057913        0.20517816732318
H           -2.96945703577935        0.03920206178513        1.45473438374390
H           -1.22801693118491       -0.84020941002111       -0.11226284008024
H           -1.79347919967133        0.26380131637160       -1.36345440212588
H           -1.24267441658786        2.21512886244656        0.08607961924259
H           -0.67484170326326        1.13743664641319        1.35699136320799
H            1.17771983776397        2.13538327110619       -0.00595313902892
H            0.52654674186374        1.33471842136605       -1.46563934281107
