----------------------------------------------- 
  Element       SASA      Sigma Z        Total  
     Z         Ang**2 cal/Ang**2/mol   kcal/mol 
----------------------------------------------- 
      H        137.781      48.690       6.709
      C         34.183     129.740       4.435
      O         32.088       0.000       0.000

 Subtotal:     204.052                  11.143
 -----------------------------------------------

  Elements    COT*SASA   Sigma Z,Z'     Total   
    Z,Z'       Ang**2  cal/Ang**2/mol kcal/mol  
 ---------------------------------------------- 
  H   C         92.629     -60.770      -5.629
  H   O          0.000       0.000       0.000
  C   C         21.412     -72.950      -1.562
  O   C         16.422      68.690       1.128
  O   O          0.000       0.000       0.000

 Subtotal:                              -6.063
 ---------------------------------------------- 

 NONAQUEOUS SOLVENT CONTRIBUTION (kcal/mol):
 (proportional to SASA, atomic number independent)
 ---------------------------------------------- 
 Subtotal:                               0.000
 ---------------------------------------------- 

 CDS TOTAL (kcal/mol):                   5.080
...............................................................................
