----------------------------------------------- 
  Element       SASA      Sigma Z        Total  
     Z         Ang**2 cal/Ang**2/mol   kcal/mol 
----------------------------------------------- 
      H        117.438      48.690       5.718
      C         47.512     129.740       6.164
      O         24.394       0.000       0.000

 Subtotal:     189.343                  11.882
 -----------------------------------------------

  Elements    COT*SASA   Sigma Z,Z'     Total   
    Z,Z'       Ang**2  cal/Ang**2/mol kcal/mol  
 ---------------------------------------------- 
  H   C         79.136     -60.770      -4.809
  H   O          0.000       0.000       0.000
  C   C         47.318     -72.950      -3.452
  O   C         15.215      68.690       1.045

 Subtotal:                              -7.216
 ---------------------------------------------- 

 NONAQUEOUS SOLVENT CONTRIBUTION (kcal/mol):
 (proportional to SASA, atomic number independent)
 ---------------------------------------------- 
 Subtotal:                               0.000
 ---------------------------------------------- 

 CDS TOTAL (kcal/mol):                   4.666
...............................................................................
