17
 energy: -28.169479939154 gnorm: 0.063527438795 xtb: 6.7.1 (edcfbbe)
C           -2.11866985873843       -1.30151360491718        0.81423321814804
C           -1.86206025818139       -0.43503393805852       -0.41914241810070
C           -2.41415431784887        0.97995872618139       -0.24330535090295
C           -0.39509755843321       -0.42981860163282       -0.81796075720476
O            0.33193593629381        0.18176610265579        0.30039430805524
N            1.71285694972800        0.26750550338990        0.11115529593677
O            2.18130006359069       -0.15330326422461       -0.92179421536020
O            2.28830911272104        0.77601219122293        1.04703962235306
H           -1.65199316634394       -0.86782952190919        1.70478126761427
H           -1.72349895747995       -2.31370053262259        0.67868367864890
H           -3.19339576064222       -1.37839703148043        1.00484046983004
H           -2.36249727360678       -0.89887340532431       -1.28009556049222
H           -3.49472741971213        0.94555043914794       -0.07472436714038
H           -2.22692055376894        1.59266491917348       -1.13123317498052
H           -1.95751970393675        1.47705960887625        0.61886383480886
H           -0.01158337338520       -1.44388583984658       -0.96456122229845
H           -0.22116585026567        0.17446885151921       -1.71314239477815
17
 energy: -28.172869633350 gnorm: 0.022748141817 xtb: 6.7.1 (edcfbbe)
C           -2.11799413877267       -1.29621000279552        0.81016749685797
C           -1.87441992406396       -0.44207062616089       -0.43073139063054
C           -2.41193269288911        0.97366190657662       -0.24204428926644
C           -0.39449893376483       -0.42200143597265       -0.80105744887662
O            0.34614790204245        0.17913278262085        0.29037017272846
N            1.70584191112342        0.26963674030506        0.11392138060621
O            2.16485085727341       -0.14857708052309       -0.90611695825306
O            2.27823400746958        0.76912247288635        1.03732725694985
H           -1.63956593474619       -0.85572439239832        1.68415389013670
H           -1.72445393383893       -2.30193663372625        0.67151747309812
H           -3.18588172611993       -1.37071233484125        1.00564608649234
H           -2.38786041767232       -0.90362548933673       -1.28309408939441
H           -3.48581717668859        0.94292597807597       -0.06897994226634
H           -2.22502822012073        1.57993768679581       -1.12692068278138
H           -1.94067925071187        1.45660329264862        0.61320437940911
H           -0.00885517520602       -1.43239235522686       -0.95479660197316
H           -0.21696914332366        0.17486009322293       -1.69853449869999
17
 energy: -28.173438359403 gnorm: 0.013061359066 xtb: 6.7.1 (edcfbbe)
C           -2.11394453697397       -1.29482135312093        0.80930937993866
C           -1.87395720396075       -0.44320832838221       -0.43387574904158
C           -2.40737444171203        0.97343845701688       -0.24176846053468
C           -0.38953244904706       -0.42028924450236       -0.79800793209573
O            0.34286608567869        0.17371146940688        0.28354935102835
N            1.68636174938490        0.26247134244826        0.12219759292310
O            2.14586240701099       -0.14313195755592       -0.89729283574733
O            2.25169416301654        0.77121822810553        1.03655189686679
H           -1.62363249377990       -0.84905349145948        1.67058258913228
H           -1.72499670827662       -2.29949378594569        0.66886193882187
H           -3.17809348154186       -1.36356961985545        1.01355417989050
H           -2.38796158002059       -0.90332690537918       -1.28339818406618
H           -3.47726550382896        0.94654137075854       -0.05877128017683
H           -2.22480361259412        1.57693164083340       -1.12654079065251
H           -1.92193291779793        1.44579511702291        0.60801777281352
H           -0.00796807746159       -1.43223171653365       -0.95855321804066
H           -0.21420338810566        0.17164937929309       -1.70038401692273
17
 energy: -28.173159583688 gnorm: 0.018705589539 xtb: 6.7.1 (edcfbbe)
C           -2.10853694338443       -1.29419750910421        0.80994579170860
C           -1.87428313226569       -0.44556171757624       -0.43692974604229
C           -2.40247080600454        0.97320272207957       -0.24180405850113
C           -0.38833138898258       -0.42056346484492       -0.80038197873149
O            0.33523935304989        0.17544554118289        0.27555543572093
N            1.66663495530097        0.29009534446065        0.11545124372058
O            2.13974367565842       -0.15105730009464       -0.88459681259292
O            2.23234426855628        0.75413515526386        1.05342183193316
H           -1.60738816449004       -0.84674553709159        1.66335187960553
H           -1.72566683922093       -2.30036313484518        0.66747512844255
H           -3.17064541916164       -1.35656341188623        1.02362859125356
H           -2.38896138585486       -0.90554110443771       -1.28468129499621
H           -3.46989964879807        0.94986391708610       -0.04760224239207
H           -2.22637383250008        1.57438712234843       -1.12887308568271
H           -1.90513511928430        1.44184502182563        0.60242047357078
H           -0.00744625992172       -1.43324371341699       -0.96487633956470
H           -0.21770530270658        0.16749267120122       -1.70747258331533
17
 energy: -28.173613110983 gnorm: 0.005635304081 xtb: 6.7.1 (edcfbbe)
C           -2.10781072594543       -1.29404054117093        0.80959916910872
C           -1.87523557090817       -0.44548320221714       -0.43797459212432
C           -2.40137461766007        0.97409550360767       -0.24172006518586
C           -0.39022707892880       -0.42255060262758       -0.80310894503714
O            0.33342895044664        0.17134378796110        0.27730472094973
N            1.66951756591485        0.27051365440501        0.12613295719719
O            2.14392415963894       -0.14176122884372       -0.88803175717821
O            2.23006747518357        0.76924058474200        1.05189500429096
H           -1.60507023331896       -0.84909585355279        1.66434378042681
H           -1.72696246629955       -2.30168059485289        0.66622442783062
H           -3.17030123252786       -1.35493001526830        1.02539687875137
H           -2.39103244213382       -0.90528620458950       -1.28592192735339
H           -3.46906926745553        0.95130153487089       -0.04497996650811
H           -2.22742376711888        1.57529051110201       -1.13012369265607
H           -1.90306237689437        1.44504379525221        0.60162078900461
H           -0.01057226670774       -1.43575584788848       -0.96737361843885
H           -0.21767809529474        0.16638532122109       -1.70925092894122
17
 energy: -28.173644771105 gnorm: 0.003089906908 xtb: 6.7.1 (edcfbbe)
C           -2.10598114413218       -1.29414463832378        0.80934664428138
C           -1.87570729196642       -0.44593537132962       -0.43890216384740
C           -2.39947610185625        0.97445307277074       -0.24209891862847
C           -0.39118328887025       -0.42442450089722       -0.80661220000475
O            0.33023426303962        0.16951292869411        0.27525153269077
N            1.66501534254323        0.27012102518307        0.12971976427413
O            2.14643406017607       -0.13870314695877       -0.88415434101180
O            2.22251139276879        0.77186123312823        1.05748580767189
H           -1.59697182812919       -0.85165396467240        1.66185787699714
H           -1.73010155307941       -2.30365505528736        0.66399102428251
H           -3.16772676801734       -1.35064582059765        1.03116584507832
H           -2.39414778179772       -0.90535021268020       -1.28543708727492
H           -3.46607976826485        0.95366372068572       -0.03797572516055
H           -2.23071887239479        1.57422523831367       -1.13278954952957
H           -1.89515619384769        1.44658000916452        0.59721564920016
H           -0.01150135044914       -1.43772552356363       -0.97114072709478
H           -0.21832510573240        0.16445160852121       -1.71289119778722
17
 energy: -28.173666267884 gnorm: 0.001587730756 xtb: 6.7.1 (edcfbbe)
C           -2.10380525206792       -1.29436147963724        0.80883818098244
C           -1.87641490051470       -0.44660243731099       -0.44011426438172
C           -2.39716723254955        0.97470427821315       -0.24275349109450
C           -0.39245024976750       -0.42654935490854       -0.81059703706542
O            0.32699938889664        0.16798116962748        0.27328632782322
N            1.65938741523640        0.27127063431366        0.13355116233174
O            2.14947364387161       -0.13529985847544       -0.87840805381019
O            2.21403564815036        0.77396188944462        1.06420480888934
H           -1.58572763244513       -0.85663971903913        1.65847423201478
H           -1.73623450661562       -2.30667754946287        0.65995639717120
H           -3.16433312723350       -1.34372718003205        1.03872866448234
H           -2.39828013606891       -0.90553745680334       -1.28482841721119
H           -3.46180409334969        0.95587237690633       -0.02771152691965
H           -2.23703483418913        1.57171290699063       -1.13718571209020
H           -1.88440030478575        1.44961282845324        0.58998633062069
H           -0.01220935984780       -1.43967202345742       -0.97483531217483
H           -0.21891645672973        0.16258157732856       -1.71656005543118
17
 energy: -28.173673696232 gnorm: 0.001452335874 xtb: 6.7.1 (edcfbbe)
C           -2.10253742569903       -1.29479425089288        0.80814282868273
C           -1.87698831221753       -0.44715179943555       -0.44107683592331
C           -2.39576534168434        0.97473626297652       -0.24359555881957
C           -0.39341191109684       -0.42775176982936       -0.81269422450197
O            0.32532121920937        0.16757541494437        0.27306988379220
N            1.65566840942977        0.27263579021245        0.13621132686606
O            2.15070003891553       -0.13297887258626       -0.87383027015730
O            2.20901582915760        0.77507545392863        1.06831270729714
H           -1.57589906533282       -0.86227710775305        1.65513572009290
H           -1.74339034037461       -2.30956971189333        0.65541140658117
H           -3.16179732235957       -1.33685951829983        1.04489012257379
H           -2.40092810192295       -0.90576548102176       -1.28467013340948
H           -3.45821898723961        0.95689626679730       -0.01829940548718
H           -2.24425382439332        1.56850426862379       -1.14169120408320
H           -1.87514848699402        1.45274159472592        0.58242782327753
H           -0.01227021001645       -1.44046383951398       -0.97593949925279
H           -0.21897815739109        0.16207790116767       -1.71777245339185
17
 energy: -28.173676338708 gnorm: 0.000762615976 xtb: 6.7.1 (edcfbbe)
C           -2.10294616850224       -1.29507345658052        0.80784460004903
C           -1.87698224959953       -0.44723406698310       -0.44122065651354
C           -2.39609326039168        0.97460807024748       -0.24393681243363
C           -0.39339068517259       -0.42749283467495       -0.81203233359178
O            0.32577596445782        0.16803291559303        0.27408553268043
N            1.65633400640133        0.27292852875308        0.13630847783467
O            2.15019929194858       -0.13291470012101       -0.87370667290344
O            2.20988531322891        0.77509840307028        1.06803007662979
H           -1.57409052957417       -0.86434771971112        1.65416247287880
H           -1.74650054158833       -2.31042591082852        0.65386817606741
H           -3.16181436681479       -1.33468881057838        1.04591361512858
H           -2.40034605329442       -0.90589417353614       -1.28513171689462
H           -3.45774663665679        0.95638364681672       -0.01586633819099
H           -2.24727250383906        1.56720613779933       -1.14303490617701
H           -1.87352516815015        1.45367326978223        0.58001074302957
H           -0.01182806269839       -1.43999219859796       -0.97467509096688
H           -0.21854033976442        0.16276350170019       -1.71658693248953
17
 energy: -28.173677896942 gnorm: 0.000459273547 xtb: 6.7.1 (edcfbbe)
C           -2.10338814130818       -1.29535637630351        0.80750827114832
C           -1.87687994132732       -0.44734315417454       -0.44145061449361
C           -2.39639968206505        0.97446480382118       -0.24429232572991
C           -0.39315172396774       -0.42723381430069       -0.81132626007379
O            0.32599649320245        0.16831547543498        0.27496169981843
N            1.65700178232620        0.27328345322717        0.13669817030065
O            2.14992128346545       -0.13259850442114       -0.87358374473182
O            2.21025773812538        0.77541178545056        1.06838123582571
H           -1.57136958227305       -0.86683729299606        1.65291681355223
H           -1.75067880231507       -2.31173369895866        0.65194628260776
H           -3.16191417048799       -1.33144416880443        1.04749219996549
H           -2.39951211143016       -0.90606107056950       -1.28578418635899
H           -3.45713284172492        0.95565496817263       -0.01217910892417
H           -2.25136010034974        1.56567314555172       -1.14488290549774
H           -1.87094359355850        1.45486233905938        0.57699520265734
H           -0.01134541586149       -1.43963787700190       -0.97371955321011
H           -0.21798318046020        0.16321058896345       -1.71564894271893
17
 energy: -28.173678295116 gnorm: 0.000194701790 xtb: 6.7.1 (edcfbbe)
C           -2.10351373834365       -1.29548432498306        0.80736757251030
C           -1.87675820133805       -0.44735946314408       -0.44148649976877
C           -2.39642238018889        0.97442629612960       -0.24444960760676
C           -0.39290642423855       -0.42716189277818       -0.81107733959006
O            0.32590450723959        0.16825826740541        0.27512318836019
N            1.65722293134174        0.27347538539773        0.13696822965190
O            2.14995564713640       -0.13225763810759       -0.87346115391104
O            2.21012316434841        0.77563450575833        1.06878060182047
H           -1.57009706326343       -0.86822622352904        1.65246417675706
H           -1.75271235929929       -2.31239781661155        0.65120557346220
H           -3.16184047487136       -1.32989627022392        1.04831508320401
H           -2.39912229626630       -0.90608436383908       -1.28598704658369
H           -3.45668280601884        0.95540949831531       -0.01040206214297
H           -2.25332220354880        1.56509909813817       -1.14566036761145
H           -1.86977629689236        1.45565563524276        0.57550544209537
H           -0.01118845844823       -1.43963383236975       -0.97363292706908
H           -0.21774553735832        0.16317374134959       -1.71554062944083
17
 energy: -28.173678363114 gnorm: 0.000041326950 xtb: 6.7.1 (edcfbbe)
C           -2.10354157296037       -1.29550005003515        0.80729920114755
C           -1.87674981630977       -0.44737818102009       -0.44151624183824
C           -2.39637565785455        0.97439328439613       -0.24449217367343
C           -0.39281247344200       -0.42720437945512       -0.81105856123408
O            0.32575899355235        0.16813779606695        0.27511322515927
N            1.65720866423500        0.27361344345809        0.13717452155388
O            2.15013363662689       -0.13192123784086       -0.87326567198862
O            2.20986066008512        0.77579198072776        1.06913458862622
H           -1.56928378394794       -0.86884180638183        1.65223049484888
H           -1.75365982197510       -2.31269472648952        0.65068811536631
H           -3.16180950996136       -1.32906664725876        1.04879545446713
H           -2.39917674238578       -0.90607800612436       -1.28600013617143
H           -3.45645178625690        0.95532986574760       -0.00941425941788
H           -2.25418001986876        1.56469003857918       -1.14613284183650
H           -1.86895351892535        1.45602273231858        0.57480267990519
H           -0.01117637609734       -1.43972166679590       -0.97371906220787
H           -0.21767286452406        0.16305816225796       -1.71560709856953
