----------------------------------------------- 
  Element       SASA      Sigma Z        Total  
     Z         Ang**2 cal/Ang**2/mol   kcal/mol 
----------------------------------------------- 
      H        112.447      48.690       5.475
      C         46.067     129.740       5.977
      O         24.290       0.000       0.000

 Subtotal:     182.805                  11.452
 -----------------------------------------------

  Elements    COT*SASA   Sigma Z,Z'     Total   
    Z,Z'       Ang**2  cal/Ang**2/mol kcal/mol  
 ---------------------------------------------- 
  H   C         75.744     -60.770      -4.603
  H   O          0.000       0.000       0.000
  C   C         45.566     -72.950      -3.324
  O   C         15.120      68.690       1.039

 Subtotal:                              -6.888
 ---------------------------------------------- 

 NONAQUEOUS SOLVENT CONTRIBUTION (kcal/mol):
 (proportional to SASA, atomic number independent)
 ---------------------------------------------- 
 Subtotal:                               0.000
 ---------------------------------------------- 

 CDS TOTAL (kcal/mol):                   4.563
...............................................................................
