20
 energy: -535.495924241438 gnorm: 0.041999960966 xtb: 6.7.1 (edcfbbe)
C            2.18583089286860       -1.68789704004795       -0.23475226830402
C            1.84966643461964       -0.25479205161291        0.02423177671074
O            2.24081594199296        0.40422747537912        0.96307810772677
O            1.04281572306210        0.23694612750500       -0.92002972780769
C            0.54140378453991        1.56506236589352       -0.74618604263065
C           -0.58359141025860        1.59919001330864        0.28844298562782
O           -1.69086133324927        0.80849196915826       -0.14558158896451
C           -1.73607351636930       -0.47863040971209        0.20090037248902
O           -0.90321272490024       -1.01406560364936        0.90182175679962
C           -2.95066778940752       -1.14769110270857       -0.36177820876031
H            1.40394346452212       -2.28676921431333        0.23158677370262
H            3.13838967909070       -1.93376601285690        0.22242650779856
H            2.18931746617014       -1.88469130033516       -1.30149754297673
H            1.35044289629842        2.22164158918447       -0.41447388248366
H            0.17166178857607        1.85468765612186       -1.72961788066644
H           -0.96231989882643        2.61513700465884        0.39344705257435
H           -0.21762799949644        1.22000296004062        1.24811871605307
H           -3.13453974368900       -0.78811005494923       -1.36894336270661
H           -3.80550529108632       -0.88524174779227        0.25784411671426
H           -2.81627151864796       -2.22415697438558       -0.34603408005334
20
 energy: -535.497682394028 gnorm: 0.018268163772 xtb: 6.7.1 (edcfbbe)
C            2.19324277130671       -1.69053377801489       -0.23992843472438
C            1.86498687874544       -0.25559450307730        0.01560847745319
O            2.25105785213382        0.39784002392223        0.96932694245000
O            1.04929364863639        0.23946610478727       -0.93224780390385
C            0.54145930533594        1.57370221397528       -0.73881541450946
C           -0.57553988254163        1.59970462749329        0.29136539253500
O           -1.69060646357602        0.80858643820940       -0.16024662988417
C           -1.74609683948011       -0.48401019160019        0.20531600502873
O           -0.92537553503577       -1.01889583321153        0.93076262321322
C           -2.95718983953213       -1.15224513186690       -0.36270836993398
H            1.40910087160914       -2.29687527584502        0.22410137831432
H            3.14712433613100       -1.93893924503713        0.22264539082109
H            2.20463108019906       -1.90385999473370       -1.30824364427093
H            1.34350637761834        2.24402313326201       -0.41721542872285
H            0.17033644282427        1.87445930446972       -1.71942183543478
H           -0.94961586077561        2.62030078113394        0.38457278036221
H           -0.22670229516234        1.24153579589005        1.26298273790060
H           -3.14360277788531       -0.80525803961600       -1.37950346251741
H           -3.82014482142414       -0.88117971291688        0.25239355578118
H           -2.82624741644651       -2.23265251474640       -0.33774246578428
20
 energy: -535.498171045645 gnorm: 0.007535273781 xtb: 6.7.1 (edcfbbe)
C            2.20663592513037       -1.69305729778404       -0.24858247179036
C            1.86884256734833       -0.26315427912644        0.01353588085048
O            2.26104326492713        0.38700345737177        0.96899609291902
O            1.05639102505019        0.24107289829118       -0.94233652324980
C            0.54474236998048        1.58144483113869       -0.72915903036949
C           -0.57065376766282        1.60211567392076        0.28933947922556
O           -1.69278077038269        0.81123533033062       -0.17910545664126
C           -1.76162526425679       -0.48221705469989        0.21394880081680
O           -0.95605248091482       -1.00807451813142        0.96553193015797
C           -2.96430038084120       -1.15622594349570       -0.36137719035476
H            1.42533571809739       -2.30872259800812        0.21396184424124
H            3.16261976262075       -1.93995104461066        0.21545775440438
H            2.22317885000878       -1.91578719794572       -1.31739355299435
H            1.34623064988174        2.25451606735930       -0.41115780708740
H            0.17597500205692        1.89328444452521       -1.70827157449598
H           -0.94430208412780        2.62555217014682        0.37355540120705
H           -0.24614020279593        1.25228404520826        1.27125591477918
H           -3.14902918581225       -0.82567793295875       -1.38674742314139
H           -3.83595191947565       -0.87751651339770        0.24359291952795
H           -2.83653904671482       -2.23855304192379       -0.32204669906873
20
 energy: -535.498241134086 gnorm: 0.003919077451 xtb: 6.7.1 (edcfbbe)
C            2.21240235449641       -1.69381080920380       -0.25227079633967
C            1.87698288028000       -0.26353903117192        0.00862656366181
O            2.26036278042287        0.38199068905301        0.96954854039375
O            1.06002631547730        0.24140699509033       -0.94490722800242
C            0.54587884009020        1.58248544144298       -0.72563671382210
C           -0.57127338390311        1.60313858291751        0.28791054659003
O           -1.69378291112438        0.81181046081157       -0.18732659180627
C           -1.76723868752522       -0.48001781795148        0.21581618629617
O           -0.96782625342391       -0.99929097232423        0.97632542833179
C           -2.96786562923722       -1.15671396898395       -0.35933175021917
H            1.43104070874742       -2.31125353852167        0.20749639802933
H            3.16698225582436       -1.94029887407278        0.21430458871154
H            2.23241555516446       -1.91574766586630       -1.32078488889530
H            1.34926031679209        2.25207168161218       -0.40507256824969
H            0.18037511597865        1.89680677822070       -1.70523009270727
H           -0.94645831627712        2.62634873392548        0.37063347885193
H           -0.25538954404647        1.25082790453531        1.27125195563497
H           -3.14992548879027       -0.83261906051351       -1.38666439312090
H           -3.84155747571647       -0.87543329953304        0.24095123717308
H           -2.84078880976866       -2.23859170124834       -0.31264340093837
20
 energy: -535.498285720216 gnorm: 0.002562504575 xtb: 6.7.1 (edcfbbe)
C            2.21991802034581       -1.69388881250704       -0.25737846606489
C            1.87765079498067       -0.26641636372620        0.00979268274412
O            2.25875598489760        0.37729723507289        0.97133594296309
O            1.06042980975490        0.23987153965923       -0.94350656424912
C            0.54839724167210        1.58294940600022       -0.72331310767660
C           -0.57278047589768        1.60369612667278        0.28477204376548
O           -1.69434530484368        0.81136980151002       -0.19638948177299
C           -1.77399753555545       -0.47709210460125        0.21886239940725
O           -0.98100228619409       -0.98945948753488        0.98847892673610
C           -2.97253877396386       -1.15649214889164       -0.35679800510061
H            1.44111036054449       -2.31566633788468        0.19983804747964
H            3.17478872210484       -1.93756033388551        0.20909335324568
H            2.24172244301119       -1.91110486444322       -1.32617366608581
H            1.35404021787587        2.24678196766661       -0.39667836834021
H            0.18880759185847        1.89922348468094       -1.70428666933302
H           -0.94939308234274        2.62638154391108        0.36599763870383
H           -0.26392001510438        1.24846632232707        1.26887933758110
H           -3.15008381095000       -0.83927093332042       -1.38618594617455
H           -3.84800186341006       -0.87189486226921        0.23814021169787
H           -2.84593633064488       -2.23762190635948       -0.30148631238487
20
 energy: -535.498317084345 gnorm: 0.003005900265 xtb: 6.7.1 (edcfbbe)
C            2.22843899196390       -1.69355285094829       -0.26380997519828
C            1.87819922328610       -0.26924646669618        0.01166417929511
O            2.25480154798179        0.37185048319391        0.97615225691570
O            1.06020320266670        0.23756752061867       -0.94032528083015
C            0.55163497127025        1.58232754916519       -0.72136174744018
C           -0.57557152046743        1.60400024464729        0.28035443626047
O           -1.69344007468781        0.80913720632225       -0.20668920172495
C           -1.78096078058642       -0.47422272824513        0.22269261381195
O           -0.99614679967949       -0.97961717510881        1.00469370908034
C           -2.97797640948050       -1.15587992176103       -0.35361037976987
H            1.45238938180312       -2.32152289217955        0.18892431871722
H            3.18377460336423       -1.93440559245731        0.20258034180356
H            2.25293026590503       -1.90306440945050       -1.33372270707773
H            1.35838542127763        2.24062175887285       -0.38633587288575
H            0.19990395961403        1.90134535823365       -1.70406664198134
H           -0.95410223289157        2.62591665234230        0.35971272640216
H           -0.27110135611676        1.24722139819595        1.26501481169801
H           -3.14923382627168       -0.84711974896249       -1.38611064286860
H           -3.85533523427415       -0.86533366543992        0.23490401687182
H           -2.85317036220953       -2.23645504085157       -0.28767029741242
20
 energy: -535.498337732573 gnorm: 0.002098600869 xtb: 6.7.1 (edcfbbe)
C            2.23709028764848       -1.69293373733585       -0.27055125861675
C            1.87856602037801       -0.27199659638134        0.01396481677216
O            2.25005152789784        0.36563024501773        0.98300911962547
O            1.05992902004863        0.23539884059271       -0.93647394162654
C            0.55509191819702        1.58134223763713       -0.71973166388519
C           -0.57869054621075        1.60393516712109        0.27533435583861
O           -1.69134350324957        0.80556379161769       -0.21628127853357
C           -1.78821934657762       -0.47165745228660        0.22815316559552
O           -1.01148128099148       -0.97154516085117        1.02191527097456
C           -2.98349575362299       -1.15531016219055       -0.35001855742133
H            1.46359439945464       -2.32869062858671        0.17582663622571
H            3.19294120727250       -1.93165364641543        0.19602706011547
H            2.26535892007773       -1.89354407853417       -1.34223052887191
H            1.36150929261096        2.23565144245500       -0.37620740341522
H            0.21213051077151        1.90373432581313       -1.70433021472426
H           -0.95928310903009        2.62522748285996        0.35153125576575
H           -0.27721285208893        1.24853389987511        1.26142011045900
H           -3.14778335703192       -0.85535881668338       -1.38628339231244
H           -3.86317638820634       -0.85712724981002        0.23137213239772
H           -2.86195271523000       -2.23563394096568       -0.27345873924925
20
 energy: -535.498344540693 gnorm: 0.000979110577 xtb: 6.7.1 (edcfbbe)
C            2.24196121941737       -1.69239930227209       -0.27431768917795
C            1.87898976898220       -0.27350960846799        0.01528363291216
O            2.24762573603706        0.36147151362161        0.98759467626694
O            1.06044644359467        0.23470929149436       -0.93436158922307
C            0.55696398424057        1.58065752972820       -0.71859172634627
C           -0.58069093790351        1.60357488724723        0.27243128721614
O           -1.68920877038182        0.80245087995746       -0.22129354855546
C           -1.79128140552743       -0.47112676689843        0.23032405265435
O           -1.01977721573788       -0.96845338046582        1.03131304920511
C           -2.98673008638783       -1.15497525022437       -0.34754141659860
H            1.46946155554451       -2.33315539910357        0.16693910061084
H            3.19777059381024       -1.93059690396659        0.19300826637962
H            2.27344105848021       -1.88772178742964       -1.34716131924006
H            1.36213330784576        2.23416819243962       -0.37076349867370
H            0.21905185142494        1.90528857336504       -1.70421827164515
H           -0.96268529995856        2.62462830058210        0.34578869778246
H           -0.28049128007138        1.25109142502079        1.26009750726118
H           -3.14695793305636       -0.86054548153489       -1.38625874616879
H           -3.86765060060003       -0.85067229636265        0.22930221410689
H           -2.86874714442956       -2.23531937365681       -0.26459003493017
20
 energy: -535.498346462886 gnorm: 0.000957108054 xtb: 6.7.1 (edcfbbe)
C            2.24411461440892       -1.69202646916829       -0.27587513302472
C            1.87973181258769       -0.27414744743969        0.01554178592212
O            2.24700710082608        0.35898612985910        0.98999516733889
O            1.06188355761497        0.23508722542849       -0.93379685262983
C            0.55773814240663        1.58013759898817       -0.71789452375603
C           -0.58170802522742        1.60287474409487        0.27101042581273
O           -1.68794214362721        0.80019081563489       -0.22200322979940
C           -1.79287839737362       -0.47123968028241        0.23232495885073
O           -1.02214631768766       -0.96893967080056        1.03353678671744
C           -2.98827429121744       -1.15477498287807       -0.34610653629924
H            1.47111039776031       -2.33516855224054        0.16104210169729
H            3.19905306316946       -1.93080107570719        0.19329078976499
H            2.27887835720724       -1.88489470894306       -1.34922767528015
H            1.36139377084084        2.23484771174796       -0.36883607722207
H            0.22168043933788        1.90589401127989       -1.70378881013408
H           -0.96444051807909        2.62399820211053        0.34154186443890
H           -0.28206928309924        1.25418665846704        1.26038811092519
H           -3.14669717728293       -0.86298217985268       -1.38596018391957
H           -3.86961099864783       -0.84651422981258        0.22816231317427
H           -2.87319916891605       -2.23514936003151       -0.26036177522924
20
 energy: -535.498346462886 gnorm: 0.000957108054 xtb: 6.7.1 (edcfbbe)
C            2.24411461440892       -1.69202646916829       -0.27587513302472
C            1.87973181258769       -0.27414744743969        0.01554178592212
O            2.24700710082608        0.35898612985910        0.98999516733889
O            1.06188355761497        0.23508722542849       -0.93379685262983
C            0.55773814240663        1.58013759898817       -0.71789452375603
C           -0.58170802522742        1.60287474409487        0.27101042581273
O           -1.68794214362721        0.80019081563489       -0.22200322979940
C           -1.79287839737362       -0.47123968028241        0.23232495885073
O           -1.02214631768766       -0.96893967080056        1.03353678671744
C           -2.98827429121744       -1.15477498287807       -0.34610653629924
H            1.47111039776031       -2.33516855224054        0.16104210169729
H            3.19905306316946       -1.93080107570719        0.19329078976499
H            2.27887835720724       -1.88489470894306       -1.34922767528015
H            1.36139377084084        2.23484771174796       -0.36883607722207
H            0.22168043933788        1.90589401127989       -1.70378881013408
H           -0.96444051807909        2.62399820211053        0.34154186443890
H           -0.28206928309924        1.25418665846704        1.26038811092519
H           -3.14669717728293       -0.86298217985268       -1.38596018391957
H           -3.86961099864783       -0.84651422981258        0.22816231317427
H           -2.87319916891605       -2.23514936003151       -0.26036177522924
