19
 energy: -21.039639297722 gnorm: 0.029181560949 xtb: 6.7.1 (edcfbbe)
C           -2.96511547600028       -0.78445419309290       -0.20793105017123
C           -2.45509382914487        0.52572706522718        0.38864487515380
C           -1.09888325119204        0.97136890250860       -0.16428609983323
C            0.04641791696660        0.01732988943105        0.16819279838698
C            1.38944575754971        0.55677019509154       -0.35408555920512
C            2.50955460918217       -0.31420524898825       -0.04203986035660
C            3.42216393755407       -1.05464649262010        0.23608032768740
H           -3.96782882968528       -1.01968371952808        0.16369329712252
H           -2.31517226901518       -1.62818416539830        0.04499866520336
H           -3.01977383187235       -0.72020272180621       -1.30100405468859
H           -3.18824476531199        1.31752826650286        0.19162161972629
H           -2.38587911498210        0.43137419682279        1.48039105705795
H           -0.85708476406572        1.96379316433799        0.23815805179460
H           -1.17034863986426        1.08354766876654       -1.25502790954086
H           -0.13176236044606       -0.96918478384654       -0.27283796931855
H            0.11210893857765       -0.12057626273613        1.25436972732086
H            1.57954401002751        1.54839097801438        0.07593881784204
H            1.33124754036355        0.69311713013674       -1.44134807894942
H            4.23146375123063       -1.70810931106242        0.47264609590302
19
 energy: -21.040548155514 gnorm: 0.011297209969 xtb: 6.7.1 (edcfbbe)
C           -2.95769762638186       -0.78162469926489       -0.21072090566652
C           -2.44756297071874        0.52150193392704        0.39075530392237
C           -1.09539075127306        0.96552630087717       -0.16847331549419
C            0.05119760250428        0.01600691680405        0.16930225927233
C            1.38712596718571        0.56221012902763       -0.35249477548622
C            2.49439259522304       -0.31729384140359       -0.03646822670921
C            3.38740558570186       -1.06597131670254        0.22885687103492
H           -3.95587113961631       -1.00617151203500        0.16377893253892
H           -2.30842586806402       -1.61695847146932        0.04649344382037
H           -3.01044687622132       -0.70947138171066       -1.29729919351797
H           -3.17929849659436        1.30981843850601        0.18965490494232
H           -2.37382625869784        0.41632871321123        1.47766840485690
H           -0.86247477130800        1.95503471108211        0.23813372694997
H           -1.17249098813872        1.07010296151488       -1.25579897529108
H           -0.12716693897212       -0.96547586198206       -0.27553775678259
H            0.11368838811893       -0.11733372879010        1.25337799493372
H            1.58124199085360        1.54640652828685        0.08781998614711
H            1.33256291270821        0.68624912175238       -1.43943781111943
H            4.20979697356247       -1.67918438387046        0.46656388278347
19
 energy: -21.040532955894 gnorm: 0.006176862253 xtb: 6.7.1 (edcfbbe)
C           -2.95706757501226       -0.78129472271759       -0.20738152086282
C           -2.44362538173946        0.52048974816248        0.39327418403503
C           -1.09431232275426        0.96100126000840       -0.17431343782252
C            0.05300088294890        0.01302011788124        0.16626408196728
C            1.38347182460488        0.56207329380125       -0.35996387734807
C            2.49458321555814       -0.31076343485409       -0.04609236849296
C            3.40655869789174       -1.02485388348307        0.24881796893488
H           -3.95300909463778       -0.99910056241847        0.16959565947850
H           -2.30865646800421       -1.61308476454942        0.05165688782542
H           -3.00943815485884       -0.70632158156718       -1.29068089741568
H           -3.17286526259846        1.30921999719656        0.19315053962028
H           -2.36209323590974        0.41190339635669        1.47715460613014
H           -0.86181039007225        1.95102714143216        0.22676883752527
H           -1.17661433997432        1.05446529370030       -1.26008051378140
H           -0.12489317380963       -0.96779830996429       -0.27649047303870
H            0.11634366686629       -0.11364127356533        1.24947359085699
H            1.57717387330271        1.54399447373677        0.08123111916032
H            1.32765815749945        0.67903309757389       -1.44605891525464
H            4.17235441057084       -1.69966872896956        0.47984927961792
19
 energy: -21.040670552920 gnorm: 0.003015091185 xtb: 6.7.1 (edcfbbe)
C           -2.95623914883725       -0.78263242655507       -0.20874908793424
C           -2.44377758861994        0.51985504153781        0.39421375000036
C           -1.09560891975012        0.96365397417673       -0.17451588934587
C            0.05272183911824        0.01684144110303        0.16611464482619
C            1.38431879765895        0.56589710247305       -0.35750448005628
C            2.48971170350991       -0.31245314518207       -0.03627081718525
C            3.39003000160273       -1.05156319576178        0.24150161312990
H           -3.95239778183243       -1.00279193644446        0.16703353477312
H           -2.30693796210774       -1.61477483115781        0.04842827501374
H           -3.00797098125843       -0.70575753172440       -1.29227290064525
H           -3.17395217252932        1.30871243520617        0.19814423084433
H           -2.35974669765334        0.40930256137969        1.47772552603627
H           -0.86278099000982        1.95440864944832        0.22464094564189
H           -1.17813598901991        1.05511998170348       -1.26036685085134
H           -0.12347601952731       -0.96449216729192       -0.27663550895039
H            0.11514722375932       -0.11049802904037        1.24934074008014
H            1.57811743460686        1.54776538412583        0.08342639897390
H            1.33172543354391        0.68293407091209       -1.44359001064940
H            4.18601114721745       -1.68982682114758        0.47551063743341
19
 energy: -21.040683467740 gnorm: 0.000481667936 xtb: 6.7.1 (edcfbbe)
C           -2.95621701278887       -0.78303904338479       -0.20862178370223
C           -2.44341990852762        0.51936405093771        0.39582910916912
C           -1.09685728201639        0.96435813161796       -0.17644821760198
C            0.05282179986997        0.01920694264898        0.16522226313132
C            1.38545942867276        0.56721265855233       -0.35762352625105
C            2.48893800804925       -0.31393888733022       -0.03619434909247
C            3.38756762592546       -1.05416005086085        0.24238715253496
H           -3.95240217571033       -1.00447623432694        0.16712996143864
H           -2.30631470611746       -1.61559394543721        0.04716802898700
H           -3.00820537536492       -0.70496565201071       -1.29242032250886
H           -3.17512133360459        1.30793316423718        0.20401635005641
H           -2.35592433016650        0.40685042890862        1.47899609127386
H           -0.86398410554310        1.95648686559050        0.21941955615257
H           -1.18103544980746        1.05299854903477       -1.26253335941650
H           -0.12253039561963       -0.96282489904005       -0.27668938504068
H            0.11487429991650       -0.10775991982974        1.24866739433427
H            1.57993811908525        1.54923022415661        0.08277268310490
H            1.33367701468389        0.68489653310647       -1.44361485499881
H            4.18549510893555       -1.69207835880988        0.47871195956476
19
 energy: -21.040698294614 gnorm: 0.001999449608 xtb: 6.7.1 (edcfbbe)
C           -2.95599075943176       -0.78387232097928       -0.20727792885430
C           -2.44049191385660        0.51711197457834        0.40020970623520
C           -1.09957775332052        0.96485326145784       -0.18392852596291
C            0.05373798182828        0.02509721367071        0.16199445464717
C            1.38773822431145        0.57156463537769       -0.35940547345780
C            2.48689364886014       -0.31329277563606       -0.03195417671564
C            3.38144845738965       -1.05726947307190        0.24861556799199
H           -3.95139475182812       -1.00672116941244        0.16977994958957
H           -2.30501073997325       -1.61700785589801        0.04437365798342
H           -3.00979503727946       -0.70173612240505       -1.29078106014176
H           -3.17591128982873        1.30500030644064        0.22074250368704
H           -2.34124020141114        0.39812403524535        1.48164209163307
H           -0.86781263581485        1.96139867695109        0.20120874637348
H           -1.19001935823391        1.04251557211661       -1.27030427654260
H           -0.11875594625987       -0.95915284071330       -0.27632678745012
H            0.11421696477829       -0.09784840369827        1.24605633435263
H            1.58300151202110        1.55383344082356        0.07959003292416
H            1.33947831737244        0.68755366707021       -1.44556519032785
H            4.17624461054859       -1.70045126415704        0.48750512517051
19
 energy: -21.040703205229 gnorm: 0.000548171064 xtb: 6.7.1 (edcfbbe)
C           -2.95608961333032       -0.78403059464218       -0.20656214537125
C           -2.43852595920799        0.51552863415974        0.40119505493659
C           -1.10004883909458        0.96425855564019       -0.18698628184752
C            0.05459990906723        0.02730358500470        0.16096086220604
C            1.38859601965130        0.57378537500339       -0.36005317283398
C            2.48597284725892       -0.31294641958380       -0.03235834995816
C            3.37961344084243       -1.05720527055928        0.25123717060176
H           -3.95057555523142       -1.00679713503635        0.17256189936822
H           -2.30506046189882       -1.61781464952188        0.04219279005883
H           -3.01264618227724       -0.70033742199678       -1.28963074204322
H           -3.17484751482841        1.30352816534475        0.22654719395936
H           -2.33464745806948        0.39419375371744        1.48180850665311
H           -0.86975422277144        1.96271208856995        0.19387778545526
H           -1.19283360942409        1.03748771291112       -1.27333701108682
H           -0.11664262123242       -0.95789322234572       -0.27563069617002
H            0.11435479288772       -0.09331723265205        1.24527545934120
H            1.58463247877550        1.55583668884371        0.07930136461427
H            1.34108153089995        0.68906534342701       -1.44634275110809
H            4.16958034785489       -1.70365739852325        0.49211781435970
19
 energy: -21.040704827654 gnorm: 0.000453643957 xtb: 6.7.1 (edcfbbe)
C           -2.95691399740263       -0.78400320105490       -0.20602512981785
C           -2.43741502453652        0.51454545555305        0.40115799270942
C           -1.10004318547923        0.96325188396761       -0.18913443542023
C            0.05540559548634        0.02836872501100        0.16070399216406
C            1.38934134306813        0.57495549397056       -0.36034546043730
C            2.48698693378945       -0.31030253952535       -0.03004109789332
C            3.37829196804939       -1.05783308814196        0.25242610349155
H           -3.95029687945621       -1.00699558033319        0.17607844587722
H           -2.30552245129220       -1.61851098960263        0.03964282493201
H           -3.01722447515085       -0.69962661171292       -1.28891272108105
H           -3.17388055554224        1.30294941012866        0.22878720412947
H           -2.33136840206940        0.39262810422375        1.48153443333295
H           -0.87078561721452        1.96294228300028        0.18921759547544
H           -1.19345559946244        1.03409906018155       -1.27562636848541
H           -0.11460072416802       -0.95795567425887       -0.27392441969633
H            0.11473684797955       -0.09006290538881        1.24534292096715
H            1.58469270527764        1.55734813602894        0.07866659826168
H            1.34248081591101        0.68974760460404       -1.44688437683635
H            4.16633003208447       -1.70584500889010        0.49351064946218
19
 energy: -21.040706231878 gnorm: 0.000494660560 xtb: 6.7.1 (edcfbbe)
C           -2.95769748748543       -0.78404407967248       -0.20598541549575
C           -2.43683401652245        0.51387114616687        0.40094470891902
C           -1.09982326613385        0.96251894381551       -0.19018240769134
C            0.05622199495812        0.02909288521455        0.16110513687792
C            1.38986166537208        0.57612842897629       -0.36020721592293
C            2.48719345963685       -0.30996863233950       -0.03134136958122
C            3.37720659732070       -1.05862159585547        0.25230416476934
H           -3.94973384897564       -1.00793327787382        0.17925126902515
H           -2.30524564320024       -1.61877353289241        0.03634234300570
H           -3.02186500340860       -0.69860220328282       -1.28863330561726
H           -3.17317369844086        1.30267680578976        0.22966039759988
H           -2.32976204813612        0.39158759258747        1.48122923239767
H           -0.87126512355915        1.96296859738365        0.18664906406843
H           -1.19325020113952        1.03173536210879       -1.27681310413090
H           -0.11284629177830       -0.95798406555829       -0.27223282797458
H            0.11551866742392       -0.08800264738414        1.24590334962245
H            1.58545236472906        1.55836453707440        0.07919374767253
H            1.34244812321938        0.69158001295947       -1.44664399794524
H            4.16435308599179       -1.70689371945711        0.49563098153644
19
 energy: -21.040707277770 gnorm: 0.000209560037 xtb: 6.7.1 (edcfbbe)
C           -2.95864995509318       -0.78408613253409       -0.20614228149819
C           -2.43670017784537        0.51362227683562        0.40057654653692
C           -1.09953567407872        0.96153920905522       -0.19105376890764
C            0.05716647212136        0.02946010267826        0.16197990797995
C            1.39028026554760        0.57709759364854       -0.36003096837000
C            2.48787098006122       -0.30902737889725       -0.03201858084375
C            3.37630779841355       -1.05931546335372        0.25207950061298
H           -3.94857293946570       -1.00973815357400        0.18338789251405
H           -2.30394429562260       -1.61825079496461        0.03186983728933
H           -3.02788263733063       -0.69688708499001       -1.28829806911937
H           -3.17259885249108        1.30284003519914        0.22943346853085
H           -2.32918759972884        0.39127451070515        1.48078516289303
H           -0.87137947602691        1.96264475754169        0.18417860654727
H           -1.19270985571039        1.02872611129409       -1.27780648631024
H           -0.11087732749934       -0.95846244425339       -0.26977846778557
H            0.11649219105820       -0.08586075432277        1.24692959733099
H            1.58575496897813        1.55925401270174        0.07946967606434
H            1.34203151461915        0.69282541991237       -1.44633857697884
H            4.16289392996528       -1.70795526492127        0.49695175464917
19
 energy: -21.040707657210 gnorm: 0.000127343701 xtb: 6.7.1 (edcfbbe)
C           -2.95895404667283       -0.78406700131896       -0.20632392571209
C           -2.43670431027682        0.51367592838869        0.40042755682480
C           -1.09948677100673        0.96122709962916       -0.19150995485949
C            0.05741308617504        0.02968028103655        0.16270586733739
C            1.39038403822200        0.57729882258881       -0.35981526463687
C            2.48817368241588       -0.30870096283507       -0.03194688790279
C            3.37599978975866       -1.05972352571607        0.25210117851584
H           -3.94745016311592       -1.01138115517637        0.18581463624052
H           -2.30242011018923       -1.61755937634560        0.02890272352185
H           -3.03133488187753       -0.69560541292535       -1.28815246703022
H           -3.17248871149482        1.30295256743457        0.22913483844487
H           -2.32925469723800        0.39137555425426        1.48063458750192
H           -0.87143262152711        1.96273103103629        0.18268689943487
H           -1.19253518185030        1.02716123248098       -1.27833339159105
H           -0.11019177864474       -0.95870961799439       -0.26815035516436
H            0.11667222300152       -0.08460391988744        1.24776718540850
H            1.58591668686760        1.55956223049894        0.07936350452932
H            1.34177350034050        0.69281853076977       -1.44611799529775
H            4.16267959698454       -1.70843174815806        0.49698601557003
19
 energy: -21.040707891887 gnorm: 0.000157377777 xtb: 6.7.1 (edcfbbe)
C           -2.95902326189245       -0.78399289570210       -0.20654703401459
C           -2.43681989382870        0.51380657185730        0.40022527116996
C           -1.09954374191990        0.96104195498633       -0.19176358898534
C            0.05750173170719        0.02997566420125        0.16334183614531
C            1.39045919653376        0.57722957979366       -0.35958620646625
C            2.48828383654926       -0.30874555594167       -0.03170055873077
C            3.37596160797995       -1.05990749111787        0.25234881767497
H           -3.94620262119591       -1.01295064115209        0.18789160023779
H           -2.30082560056453       -1.61687435043491        0.02610200389265
H           -3.03426444710878       -0.69440376146350       -1.28806731489203
H           -3.17262522441048        1.30308187365609        0.22893919622340
H           -2.32932869967210        0.39149487033562        1.48042154466553
H           -0.87162302871147        1.96287393604227        0.18159191990915
H           -1.19244673278156        1.02600096015450       -1.27863096699249
H           -0.10992004701085       -0.95880893006133       -0.26666294107185
H            0.11663857295942       -0.08334147946372        1.24849827541527
H            1.58617096810547        1.55965027404477        0.07914436321535
H            1.34158196976449        0.69228109919667       -1.44593152323789
H            4.16278474536891       -1.70871112117056        0.49656005697711
19
 energy: -21.040707889166 gnorm: 0.000247931031 xtb: 6.7.1 (edcfbbe)
C           -2.95909247711207       -0.78391879008525       -0.20677014231708
C           -2.43693547738057        0.51393721532590        0.40002298551511
C           -1.09960071283307        0.96085681034350       -0.19201722311120
C            0.05759037723934        0.03027104736595        0.16397780495323
C            1.39053435484552        0.57716033699852       -0.35935714829562
C            2.48839399068264       -0.30879014904826       -0.03145422955874
C            3.37592342620124       -1.06009145651967        0.25259645683411
H           -3.94495507927591       -1.01452012712781        0.18996856423506
H           -2.29923109093984       -1.61618932452422        0.02330128426344
H           -3.03719401234003       -0.69320211000165       -1.28798216275383
H           -3.17276173732614        1.30321117987761        0.22874355400193
H           -2.32940270210620        0.39161418641699        1.48020850182914
H           -0.87181343589583        1.96301684104824        0.18049694038342
H           -1.19235828371282        1.02484068782802       -1.27892854239394
H           -0.10964831537695       -0.95890824212827       -0.26517552697933
H            0.11660492291732       -0.08207903904000        1.24922936542203
H            1.58642524934335        1.55973831759060        0.07892522190139
H            1.34139043918848        0.69174366762358       -1.44574505117803
H            4.16288989375328       -1.70899049418307        0.49613409838420
19
 energy: -21.040708012348 gnorm: 0.000077223083 xtb: 6.7.1 (edcfbbe)
C           -2.95902181183777       -0.78391601071718       -0.20676517904775
C           -2.43675540223726        0.51375886715163        0.40015117099976
C           -1.09958580539694        0.96111770682102       -0.19196422699298
C            0.05742082034047        0.03026977556302        0.16382014341962
C            1.39041951618491        0.57705312339046       -0.35945895532005
C            2.48808349690228       -0.30905523931090       -0.03142915131169
C            3.37601870276984       -1.05991674755933        0.25269740181399
H           -3.94541435725375       -1.01393422243980        0.18899760814448
H           -2.29985571872748       -1.61645571320040        0.02426865508750
H           -3.03596801774927       -0.69362654809167       -1.28809886760754
H           -3.17264301089048        1.30298422400732        0.22903269363709
H           -2.32919780456219        0.39135615099441        1.48033977735272
H           -0.87184925791836        1.96315362402611        0.18096131414093
H           -1.19238780390948        1.02558025763326       -1.27887821357104
H           -0.11000982683713       -0.95878425611399       -0.26556908198685
H            0.11649762417908       -0.08237011586605        1.24905930940686
H            1.58643960451507        1.55958605166554        0.07888057703750
H            1.34150760243232        0.69166936188868       -1.44585836223518
H            4.16306077986789       -1.70876973208143        0.49598813816794
19
 energy: -21.040707973674 gnorm: 0.000197629866 xtb: 6.7.1 (edcfbbe)
C           -2.95892769091334       -0.78390954525864       -0.20677619514212
C           -2.43660513697365        0.51356766228353        0.40030184276414
C           -1.09959803157613        0.96142490557635       -0.19183204470166
C            0.05722165603756        0.03027581778616        0.16359611284943
C            1.39031100606122        0.57688572305334       -0.35959599472547
C            2.48773201748065       -0.30941817818174       -0.03140224351664
C            3.37620972729887       -1.05966428637080        0.25282967952492
H           -3.94601873443995       -1.01315507200522        0.18770797670275
H           -2.30067031671662       -1.61681558581988        0.02550983147863
H           -3.03436321293935       -0.69415285134239       -1.28826950260252
H           -3.17257625792883        1.30274339694903        0.22942094764743
H           -2.32898504994727        0.39102401003396        1.48048448027652
H           -0.87192819324414        1.96328901504136        0.18164562538170
H           -1.19244235011572        1.02653902628914       -1.27874042677475
H           -0.11048315775568       -0.95861968457858       -0.26607530636041
H            0.11638700805031       -0.08272267679031        1.24881482883112
H            1.58649146673584        1.55937367744707        0.07879304315914
H            1.34166931261099        0.69151518355048       -1.44601038881096
H            4.16333526814699       -1.70847997990216        0.49577248515407
19
 energy: -21.040708043531 gnorm: 0.000022613997 xtb: 6.7.1 (edcfbbe)
C           -2.95899582204442       -0.78389093643995       -0.20685438854584
C           -2.43678534499267        0.51368503409162        0.40023701012649
C           -1.09965527767730        0.96123428652658       -0.19182863005848
C            0.05735450701665        0.03034565107662        0.16373682549444
C            1.39043425645374        0.57693299072250       -0.35953105224946
C            2.48794560463068       -0.30933303710884       -0.03142152854672
C            3.37617926955434       -1.05981916157197        0.25278643976763
H           -3.94569642294685       -1.01358553956839        0.18834272295056
H           -2.30024979810315       -1.61666251284676        0.02460909892206
H           -3.03529363779380       -0.69368445397922       -1.28824928044944
H           -3.17273283516667        1.30293027686541        0.22941758583399
H           -2.32905877979506        0.39103541942448        1.48038602385732
H           -0.87199306445630        1.96321553405855        0.18131247242703
H           -1.19247862585318        1.02595435471350       -1.27873331277854
H           -0.11024280025499       -0.95869302342717       -0.26563708003134
H            0.11649951986983       -0.08231792806135        1.24897198365486
H            1.58658987080163        1.55946682364065        0.07875757253693
H            1.34160026210111        0.69147937527666       -1.44593694217457
H            4.16333844852816       -1.70859259563220        0.49580923039837
