20
 energy: -535.494813438800 gnorm: 0.001473506216 xtb: 6.7.1 (edcfbbe)
C            4.01706691539036        0.03563440664790        0.25884873492360
C            2.71787909707840       -0.07953541314600       -0.46671193878605
O            2.56251334020756       -0.61330737388305       -1.55162413928608
O            1.69609846510732        0.45645740036941        0.23749022407708
C            0.38006230349339        0.32647604018232       -0.35890338478135
C           -0.56875290091286        0.98652036769527        0.62220247289640
O           -1.90944342349864        0.95278148047674        0.07025861462160
C           -2.63092033714719       -0.17586208392738        0.28570415100179
O           -2.20150454276530       -1.13537005719458        0.90026339500687
C           -4.00493616385948       -0.06783693169959       -0.28745480703938
H            4.02929220386622        0.89107040694547        0.93518267641244
H            4.83328190870661        0.09794950442898       -0.46216093763241
H            4.15255987768188       -0.87571078802730        0.85287689475668
H            0.36186860061104        0.83739006139538       -1.32604551684339
H            0.14399720382592       -0.73258659766750       -0.49696875207346
H           -0.33331458495905        2.04586219141172        0.73952472167953
H           -0.54862883616276        0.48943308788472        1.59544844447042
H           -4.67032332741166        0.29548257180568        0.50438972011909
H           -4.35065455196065       -1.05560842371405       -0.59631701402316
H           -4.04305316169306        0.63524740546176       -1.12006293269403
20
 energy: -535.494817422303 gnorm: 0.001078157420 xtb: 6.7.1 (edcfbbe)
C            4.01785030265184        0.03663707659008        0.25811284296170
C            2.71813802322674       -0.07791925537554       -0.46649779137002
O            2.56196644043531       -0.61241047523189       -1.55034960473544
O            1.69598889978735        0.45461706370891        0.23899240927618
C            0.38038726621993        0.32561446272315       -0.35819701454010
C           -0.56853826588741        0.98545206043944        0.62245926797717
O           -1.90888242635153        0.95139862120474        0.07057172524030
C           -2.63063635065016       -0.17718079377812        0.28276094517128
O           -2.20243878944878       -1.13624410590022        0.89836830715632
C           -4.00572805173209       -0.06708198139415       -0.28710752721930
H            4.03018776149771        0.89292544126284        0.93333817124821
H            4.83443233233697        0.09739462801237       -0.46219525136779
H            4.15172087319038       -0.87404407420750        0.85339553608302
H            0.36379095067683        0.83683566897633       -1.32532071393489
H            0.14401362926270       -0.73317905484250       -0.49740800581399
H           -0.33302903839986        2.04461607201814        0.73999726090733
H           -0.54905583327769        0.48822261194259        1.59513483687581
H           -4.66989990099183        0.29889965026223        0.50441020917756
H           -4.35310354206921       -1.05444311065815       -0.59355094879946
H           -4.04407603335140        0.63437637942426       -1.12097330028988
20
 energy: -535.494821186913 gnorm: 0.000955358482 xtb: 6.7.1 (edcfbbe)
C            4.01845510245890        0.03803492245868        0.25759908116045
C            2.71815507692772       -0.07859150410143       -0.46562385750757
O            2.56213490025464       -0.61083405503528       -1.55043287219691
O            1.69577748476467        0.45174186190212        0.24062950014274
C            0.38065699656721        0.32419185197837       -0.35770730509722
C           -0.56839551043654        0.98400494904784        0.62246293543584
O           -1.90881860094195        0.95075606756355        0.07146378117140
C           -2.63172534569517       -0.17667124224609        0.28356485042865
O           -2.20283528030898       -1.13773235908224        0.89552986634247
C           -4.00637911751285       -0.06611465020201       -0.28707131522766
H            4.03087062804883        0.89537216119192        0.93153936701151
H            4.83487987957804        0.09770971217778       -0.46275170834776
H            4.15197456420139       -0.87163414673226        0.85442740095311
H            0.36560791660067        0.83579383357844       -1.32470235750623
H            0.14350417571853       -0.73428156108913       -0.49790296654728
H           -0.33254768015646        2.04303554342114        0.73998821285098
H           -0.54905309345342        0.48686136206084        1.59501184243563
H           -4.66988048238502        0.30234060745365        0.50378748131618
H           -4.35498465824775       -1.05338917694640       -0.59165881801048
H           -4.04430853276955        0.63389220870645       -1.12221138967327
20
 energy: -535.494821186913 gnorm: 0.000955358482 xtb: 6.7.1 (edcfbbe)
C            4.01845510245890        0.03803492245868        0.25759908116045
C            2.71815507692772       -0.07859150410143       -0.46562385750757
O            2.56213490025464       -0.61083405503528       -1.55043287219691
O            1.69577748476467        0.45174186190212        0.24062950014274
C            0.38065699656721        0.32419185197837       -0.35770730509722
C           -0.56839551043654        0.98400494904784        0.62246293543584
O           -1.90881860094195        0.95075606756355        0.07146378117140
C           -2.63172534569517       -0.17667124224609        0.28356485042865
O           -2.20283528030898       -1.13773235908224        0.89552986634247
C           -4.00637911751285       -0.06611465020201       -0.28707131522766
H            4.03087062804883        0.89537216119192        0.93153936701151
H            4.83487987957804        0.09770971217778       -0.46275170834776
H            4.15197456420139       -0.87163414673226        0.85442740095311
H            0.36560791660067        0.83579383357844       -1.32470235750623
H            0.14350417571853       -0.73428156108913       -0.49790296654728
H           -0.33254768015646        2.04303554342114        0.73998821285098
H           -0.54905309345342        0.48686136206084        1.59501184243563
H           -4.66988048238502        0.30234060745365        0.50378748131618
H           -4.35498465824775       -1.05338917694640       -0.59165881801048
H           -4.04430853276955        0.63389220870645       -1.12221138967327
