23
 energy: -44.664447008552 gnorm: 0.037561980429 xtb: 6.7.1 (edcfbbe)
C           -4.09104954126263       -0.43034524234255       -0.16009406650820
O           -3.09923099107281        0.60558115094125       -0.06292344836828
C           -1.79892096680376        0.20859057443224       -0.00458085606875
C           -1.34355837812777       -1.09399507556430       -0.08592602496597
C            0.02850266036132       -1.40947955162061       -0.00773650668945
C            0.95288581705073       -0.36564700808383        0.16527710217996
C            0.50860168042094        0.95290689865366        0.22551988231182
C           -0.85848277305488        1.24446134786648        0.14432090538121
O           -1.30268391772582        2.51645942667958        0.21357989529630
O            1.35078940937494        2.02253528166250        0.41334532912568
C            1.96244016200957        2.49945758713671       -0.81768423455783
Cl           2.66397677196450       -0.64408545374396        0.35858237983815
C            0.34294722651178       -2.83171721435499       -0.13789623417280
O            1.45219812970234       -3.35329589576235       -0.15556382795508
H           -3.97609343237583       -0.99502033354645       -1.09217244568705
H           -5.05258648968215        0.08357751449838       -0.15747338356793
H           -4.03149833651558       -1.10722032251067        0.69959478846992
H           -2.04116023058727       -1.91477864938873       -0.21148195837460
H           -0.53605719307384        3.09563921627711        0.37080616041629
H            2.69103674311652        1.77203740930180       -1.19121270861323
H            2.46731687262258        3.43125598521883       -0.55881526198596
H            1.19346918992935        2.68355133890841       -1.57506797512986
H           -0.56415413412083       -3.46368465594868       -0.22870240033607
23
 energy: -44.666441415014 gnorm: 0.016116817888 xtb: 6.7.1 (edcfbbe)
C           -4.09670762496092       -0.42842625617313       -0.16142668902639
O           -3.10615889704435        0.59374563366045       -0.06247378155338
C           -1.80906902616856        0.20669645392498       -0.00746375870030
C           -1.35106151137025       -1.09218100124091       -0.08794284464682
C            0.01714344611623       -1.40555250356256       -0.00825491304730
C            0.93787454523174       -0.36594895766990        0.15886833475582
C            0.49897724840326        0.95383792478971        0.22190314345685
C           -0.86793475255279        1.24619690243067        0.14404290488432
O           -1.30333343285979        2.51409501621108        0.22140576335820
O            1.34653382104386        2.02356114051976        0.39729362340117
C            1.96670335557231        2.48829640059639       -0.81922575904262
Cl           2.63965735133936       -0.67615639098896        0.32203743533346
C            0.36670722698990       -2.81492753647533       -0.12320352012314
O            1.48129186994375       -3.30400422824599       -0.13678940102558
H           -3.98323298580898       -0.98681028216772       -1.09321671014158
H           -5.04852694256774        0.09704596644087       -0.15776780968544
H           -4.03957417605560       -1.10246019338077        0.69607791427701
H           -2.04315042651792       -1.90973414321639       -0.21179559080112
H           -0.53895075298045        3.09480267869155        0.39830581104344
H            2.68787128887698        1.75574860146291       -1.18400712492784
H            2.47440987136084        3.41154249090327       -0.55055200902297
H            1.20767832337683        2.67576672889686       -1.58131150675058
H           -0.51845954070629       -3.46835011669702       -0.23080840197691
23
 energy: -44.666963362624 gnorm: 0.007465936239 xtb: 6.7.1 (edcfbbe)
C           -4.10527859672578       -0.42458274389031       -0.16342650367193
O           -3.11329223420387        0.58478566792458       -0.05843407909589
C           -1.81911282407005        0.20430701020749       -0.00655075230476
C           -1.35777261938425       -1.09226912725514       -0.09205145321754
C            0.00968050212543       -1.40133227965522       -0.01730567749627
C            0.92866710493106       -0.36164073790345        0.14641917622143
C            0.48898214492143        0.95699383339410        0.21664911914315
C           -0.87852192940047        1.24792810431472        0.14841140197513
O           -1.30847684909609        2.51121128573807        0.23747714936922
O            1.33764764368717        2.02943882343626        0.38381175789082
C            1.97498513723307        2.47427741736522       -0.81915337825149
Cl           2.62346540404947       -0.68493223754092        0.28390533054158
C            0.39035671223417       -2.80018056660100       -0.13056991719490
O            1.51237928525595       -3.26525413153961       -0.11328184892155
H           -3.99725839751671       -0.98032561257990       -1.09583870010959
H           -5.05059195047415        0.11019653506907       -0.15898068257105
H           -4.05702732081909       -1.10285042785463        0.68959250898259
H           -2.04645916244831       -1.90946501700460       -0.21509509419166
H           -0.54804608103729        3.09473647273180        0.43281715461062
H            2.69030842764635        1.73366061465133       -1.17530108021879
H            2.49100698764649        3.38957111474305       -0.54594173735124
H            1.23196505465318        2.67034177108795       -1.59422772207961
H           -0.47891816054623       -3.47783144012905       -0.20922986202002
23
 energy: -44.667112962770 gnorm: 0.007201592481 xtb: 6.7.1 (edcfbbe)
C           -4.11304537214413       -0.42251672410070       -0.16503552122506
O           -3.11845796807890        0.57946792353319       -0.05247503183756
C           -1.82522089080536        0.20134942924810       -0.00249648155678
C           -1.36039086190306       -1.09423550142519       -0.09012011642359
C            0.00815167933891       -1.39904322899172       -0.01873403834264
C            0.92718651580111       -0.35501706933427        0.13146633648622
C            0.48199581314068        0.96105644766286        0.20898664783113
C           -0.88677731123193        1.24844732893350        0.15342376031974
O           -1.31715305224147        2.50837684682994        0.25316360206660
O            1.32745184626459        2.03772420542581        0.37391577606567
C            1.98502766427326        2.46452231515464       -0.81964700061222
Cl           2.61988730738204       -0.67184242166330        0.25661553092527
C            0.40165678106979       -2.79591784451510       -0.10600500809858
O            1.52869580238551       -3.24776254348818       -0.09988685172767
H           -4.00837732829761       -0.97640652380333       -1.09933214013585
H           -5.05576196983909        0.11723475550302       -0.16060900582835
H           -4.07347150515262       -1.10716403249967        0.68387993677656
H           -2.04774390166039       -1.91309899635935       -0.21070141450229
H           -0.55995650900690        3.09481107621820        0.45480391067921
H            2.69594980129887        1.71417075321874       -1.16635223362083
H            2.51063643618966        3.37424786774095       -0.54562238657454
H            1.25660012238785        2.66850002219431       -1.60806310205532
H           -0.45819482050931       -3.48011975677266       -0.22748005857086
23
 energy: -44.667257267034 gnorm: 0.003462549302 xtb: 6.7.1 (edcfbbe)
C           -4.11687598681449       -0.42324522777257       -0.16533702672426
O           -3.12109416062267        0.57801663780873       -0.04661164675757
C           -1.82691755704350        0.19970926681197        0.00080911954779
C           -1.35941971589319       -1.09509587295087       -0.09104781008299
C            0.01048533511378       -1.39725724209227       -0.02352421200800
C            0.92885536059023       -0.35037787452716        0.12643359620286
C            0.47890834413133        0.96405949882904        0.20557971279189
C           -0.89086746232486        1.24831281629503        0.15728146856579
O           -1.32522220336969        2.50685382910487        0.26397759829819
O            1.32022557807204        2.04435229713319        0.37008562139598
C            1.99237801653860        2.46085747740679       -0.81992306025409
Cl           2.62354868047392       -0.65624041522099        0.24486748780705
C            0.40284626546870       -2.79398003948676       -0.11316513492315
O            1.52990417775056       -3.24770240218329       -0.09353715261742
H           -4.01139162761303       -0.97451349055428       -1.10200500075790
H           -5.06007822835777        0.11671569349500       -0.16096104024271
H           -4.08087379783818       -1.11247281834324        0.68102849516263
H           -2.04655856919504       -1.91564368399635       -0.21026081175374
H           -0.56910016289467        3.09497802342431        0.46091887188772
H            2.70042390768417        1.70306357817585       -1.15899550563779
H            2.52444181952202        3.36802301150849       -0.54691204609948
H            1.27191866963091        2.66854370985051       -1.61569313245176
H           -0.45684840434768       -3.48017244400619       -0.21931328131077
23
 energy: -44.667333093047 gnorm: 0.002894051566 xtb: 6.7.1 (edcfbbe)
C           -4.12207793586672       -0.42613110621758       -0.16545861449516
O           -3.12652463306558        0.57510590978336       -0.03546604368147
C           -1.83080005821036        0.19774370900779        0.00716759909513
C           -1.35925013540356       -1.09530969234044       -0.09083370871329
C            0.01228841047199       -1.39285313948984       -0.02970257054402
C            0.92919523816847       -0.34273917971287        0.11686788075296
C            0.47331819900678        0.96973183295521        0.19925164246817
C           -0.89828081284223        1.24870463700097        0.16405581808665
O           -1.33887964524613        2.50468956294475        0.28137246197734
O            1.30814881078366        2.05592601694167        0.36092281267489
C            2.00523283786424        2.45492042232523       -0.82170944991511
Cl           2.62501728870987       -0.64177536784687        0.22778008627636
C            0.40538486244753       -2.78903241098575       -0.11665411202354
O            1.53358187471225       -3.24249125785896       -0.08380909318607
H           -4.01261965102022       -0.97156957065769       -1.10584052098950
H           -5.06607543430842        0.11328942983900       -0.16168499190972
H           -4.09078486258976       -1.12193244610489        0.67643979090489
H           -2.04522373863337       -1.91823026452262       -0.20777481803975
H           -0.58362825737399        3.09581676669364        0.46862940481443
H            2.70772318884774        1.68526673410979       -1.14688483335267
H            2.54707046641071        3.35664140813709       -0.54754453023708
H            1.29875839984757        2.66889595259869       -1.62897735476796
H           -0.45288613404892       -3.47788361788988       -0.21645174515724
23
 energy: -44.667365346518 gnorm: 0.002711639176 xtb: 6.7.1 (edcfbbe)
C           -4.12397816196872       -0.42982478923859       -0.16494703358527
O           -3.13035889969643        0.57301656658361       -0.02698156001295
C           -1.83352604985862        0.19709091083556        0.01200484244027
C           -1.35994143985890       -1.09471214798751       -0.08944436138026
C            0.01236787915619       -1.38929390908627       -0.03193054618996
C            0.92803993879101       -0.33777414365677        0.11215679746055
C            0.46997753019004        0.97401851650881        0.19541815782137
C           -0.90274389487508        1.24931618232892        0.16809412464869
O           -1.34707983292390        2.50370260578320        0.29070966993601
O            1.30053861129742        2.06386026025918        0.35353591044557
C            2.01368204091205        2.45209708260607       -0.82353592817428
Cl           2.62416545271917       -0.63766830627926        0.22034125203291
C            0.40559697423385       -2.78527113571348       -0.11754906805338
O            1.53372405330655       -3.23903231114020       -0.08046208708735
H           -4.00950548796680       -0.97057334298598       -1.10744661382318
H           -5.06897159514971        0.10789483989922       -0.16225893265354
H           -4.09443732210645       -1.12900317671781        0.67406144411328
H           -2.04468556071158       -1.91887171015791       -0.20554482499206
H           -0.59139392453471        3.09688532399465        0.46901886908604
H            2.71242959206156        1.67567120854725       -1.13885883714842
H            2.56032023954594        3.34989778936614       -0.54637860143869
H            1.31677261404616        2.66948134927569       -1.63774797942135
H           -0.45230447794746       -3.47412333431471       -0.21855958398576
23
 energy: -44.667394167545 gnorm: 0.001702204031 xtb: 6.7.1 (edcfbbe)
C           -4.12524730253463       -0.43605323725334       -0.16339613155690
O           -3.13570549102344        0.57002280131311       -0.01508684566567
C           -1.83757550409440        0.19699212445581        0.01856944698530
C           -1.36207289543774       -1.09339971695988       -0.08657016638373
C            0.01099591806395       -1.38442632731358       -0.03307536641073
C            0.92485349037676       -0.33150278941614        0.10771236177490
C            0.46572962562625        0.97998608220673        0.19089802467618
C           -0.90825859792091        1.25068604523836        0.17201036386627
O           -1.35603799812053        2.50338768901854        0.29891711952404
O            1.29094495058215        2.07393448429217        0.34334390231604
C            2.02446446719994        2.44917094341072       -0.82557865696369
Cl           2.62129536346052       -0.63581879409507        0.21389800958543
C            0.40512168980119       -2.78020319203454       -0.11835532723750
O            1.53285304078221       -3.23422466876883       -0.07969539191982
H           -4.00291790367200       -0.97028792815007       -1.10827969086838
H           -5.07193842936073        0.09834676720180       -0.16249996679662
H           -4.09670100815484       -1.13903936207250        0.67189838467109
H           -2.04484774884389       -1.91892566893046       -0.20177893062311
H           -0.59896306994017        3.09913817982326        0.46455323523039
H            2.71903657495639        1.66509298619583       -1.12748083978540
H            2.57547360716918        3.34207353213604       -0.54286955722003
H            1.34084437590895        2.67016388424939       -1.64925871734638
H           -0.45265887616259       -3.46832950583755       -0.22418014981348
23
 energy: -44.667402501725 gnorm: 0.000905483114 xtb: 6.7.1 (edcfbbe)
C           -4.12530914652154       -0.44019212456340       -0.16126207601096
O           -3.13882514315931        0.56806611257613       -0.00849800643281
C           -1.84021423869233        0.19757967082314        0.02177306571445
C           -1.36418643774987       -1.09246246354098       -0.08423435733684
C            0.00912875463160       -1.38205402218924       -0.03245536617031
C            0.92191340321710       -0.32854936938243        0.10676867106790
C            0.46348871620982        0.98319527723125        0.18873205425292
C           -0.91100367039880        1.25200254880885        0.17167667469204
O           -1.35872577180385        2.50456957096548        0.29733614178742
O            1.28598195375553        2.07857138305857        0.33811659722257
C            2.02997099596641        2.44810897256243       -0.82521713646127
Cl           2.61875420208818       -0.63597246528684        0.21409006334500
C            0.40453532803256       -2.77769120278392       -0.11961922286138
O            1.53202071498024       -3.23162858784207       -0.08346430290793
H           -3.99873732603943       -0.97141872636125       -1.10684995193883
H           -5.07322235832795        0.09169153662720       -0.16141964590580
H           -4.09625182922857       -1.14468400185726        0.67239233705674
H           -2.04573309219765       -1.91866044229149       -0.19852806830432
H           -0.60052878614522        3.10133344182601        0.45651524803589
H            2.72367801225671        1.66121610974421       -1.11945825492433
H            2.58108053324738        3.33936736774024       -0.53879906577621
H            1.35434816598532        2.66962333262718       -1.65478887648062
H           -0.45347470144469       -3.46522758978202       -0.22911141162511
23
 energy: -44.667405531142 gnorm: 0.000481794649 xtb: 6.7.1 (edcfbbe)
C           -4.12561696234761       -0.44061896349848       -0.15999402006226
O           -3.13929865888285        0.56762012327440       -0.00833044002316
C           -1.84071748786714        0.19780057103094        0.02135507362573
C           -1.36454562766926       -1.09245052129728       -0.08382227242114
C            0.00875734750832       -1.38218198525642       -0.03220434606819
C            0.92143443713813       -0.32855829831442        0.10730212435162
C            0.46312496695420        0.98326077548805        0.18847196933128
C           -0.91143065048511        1.25239280053159        0.16952837968954
O           -1.35820861479416        2.50556567688683        0.29260222404698
O            1.28529707074515        2.07851175994153        0.33845370479986
C            2.03064991285634        2.44791085607026       -0.82366417645982
Cl           2.61856490090629       -0.63503099793522        0.21640990778123
C            0.40465460360642       -2.77765573138105       -0.12098461348375
O            1.53233469653423       -3.23126701077474       -0.08681624507163
H           -3.99974080930905       -0.97255742910959       -1.10529764558454
H           -5.07369335299649        0.09101708643176       -0.15991900679637
H           -4.09615911255784       -1.14488389913434        0.67401856958230
H           -2.04603670588394       -1.91883483369301       -0.19728183059510
H           -0.60007691412230        3.10213442233177        0.45254107006697
H            2.72600698952548        1.66162238879150       -1.11651980802934
H            2.58030072161018        3.34022203786123       -0.53736474694032
H            1.35646417862590        2.66819234687702       -1.65494409817518
H           -0.45337665043327       -3.46542684641255       -0.22984466352645
23
 energy: -44.667407382973 gnorm: 0.000299189050 xtb: 6.7.1 (edcfbbe)
C           -4.12625897618480       -0.44103283607744       -0.15851727067059
O           -3.13984628781928        0.56721937294753       -0.00821889847694
C           -1.84114626925492        0.19786856352881        0.02091809190089
C           -1.36464710032772       -1.09246053294365       -0.08336210798402
C            0.00863961262775       -1.38219592492596       -0.03221960606012
C            0.92124483584721       -0.32849916101088        0.10782406071041
C            0.46275497510934        0.98327407288183        0.18801754813920
C           -0.91198784496338        1.25263325334072        0.16732715492324
O           -1.35842451783421        2.50637636587472        0.28747344575423
O            1.28454986427516        2.07866672181439        0.33861947266745
C            2.03186891986452        2.44772031766092       -0.82203992383883
Cl           2.61848612361281       -0.63442581768120        0.21957767786135
C            0.40472099184386       -2.77743266145346       -0.12286242292164
O            1.53276713072824       -3.23057599699452       -0.09125244755019
H           -4.00136088764968       -0.97387487518391       -1.10361482538349
H           -5.07447302478091        0.09049191874503       -0.15800455682097
H           -4.09643358113221       -1.14495295094734        0.67596134401684
H           -2.04620336591583       -1.91903691181873       -0.19585582131666
H           -0.60042812694355        3.10288994425815        0.44783927664127
H            2.72958031414239        1.66250512954754       -1.11263864338368
H            2.57935767460741        3.34163244222189       -0.53609901156512
H            1.35918520292198        2.66557089228237       -1.65515307668716
H           -0.45325738411254       -3.46557699735703       -0.23002434991728
23
 energy: -44.667408115936 gnorm: 0.000306708726 xtb: 6.7.1 (edcfbbe)
C           -4.12688477407380       -0.44143594134221       -0.15749188079993
O           -3.14042656855020        0.56682588767354       -0.00817453389941
C           -1.84163171727516        0.19771925500849        0.02062663839138
C           -1.36480055470333       -1.09253687709089       -0.08326847909617
C            0.00853345492732       -1.38191874387901       -0.03233143634478
C            0.92097273019826       -0.32794523569943        0.10782831253871
C            0.46208115474135        0.98368009777565        0.18747527350652
C           -0.91272803875829        1.25276320289019        0.16627400361451
O           -1.35941210244858        2.50652680513904        0.28544120298586
O            1.28332956881451        2.07955998890690        0.33820518765041
C            2.03330185328492        2.44720929495860       -0.82122097308354
Cl           2.61820345203619       -0.63353161082968        0.22020085260923
C            0.40502940098566       -2.77697305402386       -0.12361300103792
O            1.53333136506389       -3.22962309281677       -0.09372446154611
H           -4.00251936917151       -0.97476054662015       -1.10238959380655
H           -5.07506129699580        0.09017288946520       -0.15679418013582
H           -4.09676729665539       -1.14498064917212        0.67728765364213
H           -2.04627911044410       -1.91923719747663       -0.19548258936020
H           -0.60155225821698        3.10322315600201        0.44566720596141
H            2.73261799499971        1.66212742624300       -1.10877032906485
H            2.57939513321138        3.34205971279334       -0.53538321597094
H            1.36263670101346        2.66335406156617       -1.65662066767858
H           -0.45268144332186       -3.46549450076159       -0.23004587903716
23
 energy: -44.667408707045 gnorm: 0.000172944822 xtb: 6.7.1 (edcfbbe)
C           -4.12723991327008       -0.44173433690904       -0.15659758376540
O           -3.14071062244272        0.56673047739831       -0.00874991260472
C           -1.84186964784033        0.19762215994134        0.02006389759220
C           -1.36492318763253       -1.09259244245360       -0.08355218721096
C            0.00844006453348       -1.38171826822892       -0.03259963002536
C            0.92078961121235       -0.32763607413994        0.10766781814035
C            0.46170965927491        0.98393648419995        0.18691060390095
C           -0.91310947219212        1.25282417170185        0.16541485778471
O           -1.36017107794775        2.50651897595664        0.28396946703384
O            1.28267131479597        2.08008805472160        0.33780443346322
C            2.03440305336323        2.44711577507730       -0.82055940872788
Cl           2.61781271144668       -0.63349820029457        0.22122333002921
C            0.40510861055363       -2.77670982740715       -0.12414478862241
O            1.53356979943097       -3.22912333952545       -0.09579206699153
H           -4.00351665928227       -0.97576079337721       -1.10115126277847
H           -5.07540136371792        0.08988470257813       -0.15566771342814
H           -4.09648393709744       -1.14456298480643        0.67871646174280
H           -2.04636949592462       -1.91932647040949       -0.19572668540130
H           -0.60239316573659        3.10342241220669        0.44372312387123
H            2.73523461392418        1.66262166941078       -1.10551641783517
H            2.57860722238958        3.34314937971511       -0.53485176479904
H            1.36506456765391        2.66094567248006       -1.65740213973079
H           -0.45253440683287       -3.46541286912615       -0.22948732159913
23
 energy: -44.667409088972 gnorm: 0.000121097044 xtb: 6.7.1 (edcfbbe)
C           -4.12757560431489       -0.44210337047127       -0.15576027791747
O           -3.14101044958402        0.56669091438704       -0.00971636124070
C           -1.84215627299123        0.19754279172793        0.01928445015258
C           -1.36510556809486       -1.09259600467698       -0.08422095158042
C            0.00831922039140       -1.38142647212355       -0.03306487715630
C            0.92053200273808       -0.32726147093543        0.10733043136048
C            0.46126015128116        0.98430266016587        0.18635120594892
C           -0.91355506161056        1.25289792282767        0.16476546027475
O           -1.36106792098802        2.50639808618089        0.28338243223532
O            1.28182063608215        2.08076466807263        0.33741062381908
C            2.03559636014238        2.44692229262801       -0.82000921688408
Cl           2.61740543856760       -0.63338966712151        0.22135913273669
C            0.40515085588877       -2.77638123469102       -0.12440659722243
O            1.53371115055638       -3.22863297829155       -0.09696635629462
H           -4.00459240443058       -0.97696015145391       -1.09993839647984
H           -5.07577565574792        0.08942944193530       -0.15446011167594
H           -4.09587949320484       -1.14405852567542        0.68022962273239
H           -2.04641837569171       -1.91940059601240       -0.19654492212901
H           -0.60335995450203        3.10357640102153        0.44255343384439
H            2.73818940368346        1.66302808366097       -1.10203672346567
H            2.57785312859780        3.34417804242652       -0.53446729236103
H            1.36783010535505        2.65851394210864       -1.65868091663695
H           -0.45248341346190       -3.46525044698017       -0.22869868202198
23
 energy: -44.667409214491 gnorm: 0.000078727643 xtb: 6.7.1 (edcfbbe)
C           -4.12775169466324       -0.44234891398338       -0.15526376630039
O           -3.14119033831492        0.56665466170464       -0.01052362741453
C           -1.84233847736672        0.19754402477767        0.01868689559002
C           -1.36524067783628       -1.09255861296152       -0.08474480103592
C            0.00822066077738       -1.38128647755696       -0.03343349133572
C            0.92038162668407       -0.32707293944845        0.10690434935361
C            0.46107490416841        0.98449807266685        0.18592739149951
C           -0.91377722460893        1.25294836052348        0.16433082548870
O           -1.36142310454710        2.50635501221072        0.28313318855877
O            1.28142209912939        2.08105378502458        0.33715380088651
C            2.03629114526976        2.44691487088910       -0.81962263231649
Cl           2.61722953284978       -0.63320088353381        0.22117676893977
C            0.40507533510306       -2.77625644885586       -0.12437614499427
O            1.53361614997005       -3.22851191351786       -0.09707659872789
H           -4.00535458690309       -0.97778517857695       -1.09917722897075
H           -5.07601570495854        0.08905456777069       -0.15365376615837
H           -4.09532946519346       -1.14376629856395        0.68115153660756
H           -2.04643942896855       -1.91942662109526       -0.19719967249187
H           -0.60375732386631        3.10367149742185        0.44205720970774
H            2.73991101179960        1.66338241796483       -1.10007417667422
H            2.57736365310367        3.34493488968998       -0.53416256964684
H            1.36931358801379        2.65714020617397       -1.65921663312996
H           -0.45259340098016       -3.46515375001457       -0.22830174739680
23
 energy: -44.667409255423 gnorm: 0.000053957441 xtb: 6.7.1 (edcfbbe)
C           -4.12781087709791       -0.44250621572160       -0.15497294344120
O           -3.14130498291776        0.56665270641510       -0.01096695137952
C           -1.84244422855490        0.19759871068743        0.01830577732981
C           -1.36532582788131       -1.09249971065512       -0.08511328254613
C            0.00812955661650       -1.38123276819202       -0.03367832144997
C            0.92025880181078       -0.32702464140401        0.10667066772467
C            0.46098584343940        0.98456691603787        0.18566654069622
C           -0.91388895236224        1.25299048353481        0.16402612246965
O           -1.36151515624154        2.50638287942832        0.28296610478016
O            1.28118901488268        2.08115921128011        0.33703980784079
C            2.03661529687235        2.44694362325387       -0.81939151743796
Cl           2.61710122283416       -0.63328656327756        0.22107374201092
C            0.40500650418598       -2.77621097796554       -0.12434941569984
O            1.53355899158438       -3.22846535319281       -0.09670148546161
H           -4.00581337466830       -0.97821599724989       -1.09879573657227
H           -5.07614024842275        0.08877904409003       -0.15306582943424
H           -4.09491185563334       -1.14368464303126        0.68163642358954
H           -2.04647325277849       -1.91940912239582       -0.19758273500579
H           -0.60385526001493        3.10372426936417        0.44182170022654
H            2.74083157171118        1.66373742868911       -1.09916411416644
H            2.57705731567059        3.34532648277647       -0.53391145411399
H            1.37011227003852        2.65658150963890       -1.65952605702578
H           -0.45267409441139       -3.46512294340077       -0.22829193289536
