14
 energy: -1077.557099463255 gnorm: 0.001412949611 xtb: 6.7.1 (edcfbbe)
C            0.36981861695263        0.79358051599341        0.66721035845469
C           -0.36982282183962        0.79360040006796       -0.66719634141646
C           -1.87180638950043        0.88496428998974       -0.53369339961604
Cl          -2.57613973344430       -0.61961694273748        0.28106878333924
C            1.87180174641511        0.88495331904564        0.53371004520494
Cl           2.57613849634587       -0.61960067701440       -0.28109965976231
H            0.10432175566332       -0.09000302220727        1.25788882713591
H            0.06388602505622        1.67337954380980        1.25174894986333
H           -0.10432350329037       -0.08996344591446       -1.25790333019261
H           -0.06389296283464        1.67341896264179       -1.25170666555917
H           -2.18357924705457        1.72624609735820        0.08979859502963
H           -2.36399177375308        0.94188773293357       -1.50532431557674
H            2.18357259051083        1.72625492055603       -0.08975619501314
H            2.36398725499980        0.94184819880143        1.50534265343804
14
 energy: -1077.557104486886 gnorm: 0.000721486036 xtb: 6.7.1 (edcfbbe)
C            0.37031097151911        0.79213763850646        0.66648233150325
C           -0.37031546859421        0.79215762389797       -0.66646838879097
C           -1.87167224685069        0.88476713967935       -0.53384137610233
Cl          -2.57878078834446       -0.61703189704248        0.28084471614129
C            1.87166742060432        0.88475570081732        0.53385765430888
Cl           2.57878070114469       -0.61701576806739       -0.28087528769953
H            0.10505532069848       -0.08930228256230        1.25931653533174
H            0.06608127856665        1.67305297228773        1.24980819408772
H           -0.10505667796695       -0.08926282577596       -1.25933005372798
H           -0.06608838463911        1.67309226410751       -1.24976649158839
H           -2.18272686179394        1.72538393069830        0.08943651055415
H           -2.36325884172172        0.94143139887492       -1.50564489720567
H            2.18271926032472        1.72539315452164       -0.08939383422787
H            2.36325439960486        0.94139084057239        1.50566271188193
14
 energy: -1077.557105659298 gnorm: 0.000331687342 xtb: 6.7.1 (edcfbbe)
C            0.37018489736662        0.79140898714893        0.66638208284543
C           -0.37018928772598        0.79142875654404       -0.66636804836044
C           -1.87148058007197        0.88408514673427       -0.53313831712871
Cl          -2.58038494436030       -0.61632814610988        0.28185200224524
C            1.87147592038220        0.88407405272364        0.53315480041879
Cl           2.58038386442896       -0.61631148653790       -0.28188342281116
H            0.10495049267140       -0.08941555361677        1.26016460048421
H            0.06652340830852        1.67303290940410        1.24913096227076
H           -0.10495199196440       -0.08937643294449       -1.26017790554148
H           -0.06653008950205        1.67307179698542       -1.24908926338194
H           -2.18135952013895        1.72631379885400        0.08860548020369
H           -2.36183968137718        0.94134170833036       -1.50558540761865
H            2.18135217887831        1.72632319675316       -0.08856265915950
H            2.36183544236137        0.94130116139108        1.50560342870315
14
 energy: -1077.557105659298 gnorm: 0.000331687342 xtb: 6.7.1 (edcfbbe)
C            0.37018489736662        0.79140898714893        0.66638208284543
C           -0.37018928772598        0.79142875654404       -0.66636804836044
C           -1.87148058007197        0.88408514673427       -0.53313831712871
Cl          -2.58038494436030       -0.61632814610988        0.28185200224524
C            1.87147592038220        0.88407405272364        0.53315480041879
Cl           2.58038386442896       -0.61631148653790       -0.28188342281116
H            0.10495049267140       -0.08941555361677        1.26016460048421
H            0.06652340830852        1.67303290940410        1.24913096227076
H           -0.10495199196440       -0.08937643294449       -1.26017790554148
H           -0.06653008950205        1.67307179698542       -1.24908926338194
H           -2.18135952013895        1.72631379885400        0.08860548020369
H           -2.36183968137718        0.94134170833036       -1.50558540761865
H            2.18135217887831        1.72632319675316       -0.08856265915950
H            2.36183544236137        0.94130116139108        1.50560342870315
