----------------------------------------------- 
  Element       SASA      Sigma Z        Total  
     Z         Ang**2 cal/Ang**2/mol   kcal/mol 
----------------------------------------------- 
      H        139.585      48.690       6.796
      C         35.167     129.740       4.563
      O         33.005       0.000       0.000

 Subtotal:     207.757                  11.359
 -----------------------------------------------

  Elements    COT*SASA   Sigma Z,Z'     Total   
    Z,Z'       Ang**2  cal/Ang**2/mol kcal/mol  
 ---------------------------------------------- 
  H   C         93.824     -60.770      -5.702
  H   O          0.000       0.000       0.000
  C   C         21.124     -72.950      -1.541
  O   C         17.134      68.690       1.177
  O   O          0.000       0.000       0.000

 Subtotal:                              -6.066
 ---------------------------------------------- 

 NONAQUEOUS SOLVENT CONTRIBUTION (kcal/mol):
 (proportional to SASA, atomic number independent)
 ---------------------------------------------- 
 Subtotal:                               0.000
 ---------------------------------------------- 

 CDS TOTAL (kcal/mol):                   5.293
...............................................................................
