23
 energy: -1109.302626713318 gnorm: 0.001391134744 xtb: 6.7.1 (edcfbbe)
C           -3.89665128432651       -0.67085635093917       -0.22477684983100
O           -2.95636678641248        0.40897832517872       -0.07814740294099
C           -1.63939052573364        0.07741833961518        0.00707717095481
C           -1.11225557658085       -1.19528651681063       -0.03744294012434
C            0.27679456738684       -1.40451306044189        0.06361092494619
C            1.12158724405394       -0.29408398371603        0.20646706560442
C            0.60403323481492        0.99959016882251        0.25673713214935
C           -0.77792373028688        1.18624385080230        0.15717338138639
O           -1.26013617972915        2.44600679767239        0.21566998569972
O            1.40588414090771        2.09601972670874        0.44636854868941
C            1.81536827611920        2.71918380617167       -0.79809300315385
Cl           2.85849332072313       -0.46731002134264        0.34236840705918
C            0.77968351594543       -2.77413893248964        0.01969252259888
O            0.05726085015039       -3.76145026445091       -0.10542978289917
H           -4.87803568972303       -0.19964750296793       -0.27382641123986
H           -3.84764879133368       -1.34265927373342        0.63867521824469
H           -3.70224397523714       -1.22622390307039       -1.14834857984601
H           -1.74642471820818       -2.06672439922894       -0.14757870878340
H           -2.22832768104027        2.41032634130005        0.14130978032547
H            2.39977565522641        2.01696891754380       -1.40245554766391
H            2.43385514890749        3.57354758614841       -0.51896647678308
H            0.94049184903361        3.05905383037431       -1.36248736905899
H            1.87090747528458       -2.90188251265579        0.10824936233424
23
 energy: -1109.302627007889 gnorm: 0.001107629359 xtb: 6.7.1 (edcfbbe)
C           -3.89607790943461       -0.67132194337958       -0.22518472888820
O           -2.95629012512335        0.40918690279023       -0.07858890178316
C           -1.63893408557680        0.07775922293318        0.00667036558923
C           -1.11227170407241       -1.19502304224361       -0.03736000908979
C            0.27662774626881       -1.40478347688221        0.06455425455465
C            1.12123847494305       -0.29428112065077        0.20740145857536
C            0.60402488984254        1.00013689650584        0.25696899761000
C           -0.77768936625153        1.18682491503874        0.15731841812295
O           -1.26035373724372        2.44650461791750        0.21663295351596
O            1.40692845810266        2.09543946071823        0.44623847468910
C            1.81501949588038        2.71928584657479       -0.79881883016225
Cl           2.85823051518039       -0.46776409189731        0.34425373349079
C            0.77907581365620       -2.77439822335447        0.02211206279110
O            0.05695228092356       -3.76154536841058       -0.10665296924143
H           -4.87764802306615       -0.20059694272800       -0.27399057576354
H           -3.84637251653831       -1.34313129103204        0.63820862065567
H           -3.70134496208509       -1.22637556393750       -1.14880783385281
H           -1.74733619579357       -2.06576074706613       -0.14732348927364
H           -2.22850657694750        2.41063121454290        0.14176266679940
H            2.39786760240352        2.01647811144794       -1.40338909654638
H            2.43449778894176        3.57278935782617       -0.52035363643500
H            0.94018122220682        3.06040159473719       -1.36185479962736
H            1.87091128168420       -2.90189529302205        0.10604945159362
23
 energy: -1109.302628725653 gnorm: 0.000924636913 xtb: 6.7.1 (edcfbbe)
C           -3.89532400822085       -0.67182519238263       -0.22571775467664
O           -2.95614639813920        0.40947999932310       -0.07888468235570
C           -1.63837022508166        0.07815332392060        0.00668269983790
C           -1.11230645434182       -1.19470818007742       -0.03705452355107
C            0.27651674248022       -1.40502724390648        0.06469453312307
C            1.12086747841164       -0.29451989306615        0.20822296552728
C            0.60413929520858        1.00077024772603        0.25744585898563
C           -0.77733826665419        1.18747831840177        0.15782586382464
O           -1.26049651004581        2.44706444420603        0.21793369584028
O            1.40835811789895        2.09468214964822        0.44611401655149
C            1.81446228782862        2.71937214073414       -0.79974086549114
Cl           2.85799232914865       -0.46832684458789        0.34612580366251
C            0.77885389878722       -2.77434817499460        0.01959557092528
O            0.05644942711786       -3.76166123931616       -0.10678084812897
H           -4.87714193769405       -0.20172147811240       -0.27426358711486
H           -3.84485934436443       -1.34375882244085        0.63751255801797
H           -3.70012055016270       -1.22639956191297       -1.14946380581418
H           -1.74837812674378       -2.06459888227975       -0.14728093638720
H           -2.22859697299071        2.41096290846459        0.14244298492494
H            2.39505673661378        2.01590190643703       -1.40516258696621
H            2.43542730271814        3.57174453367974       -0.52206438241197
H            0.93924715317421        3.06211772775715       -1.36059689172881
H            1.87043841440999       -2.90227097810256        0.10826101067259
23
 energy: -1109.302628725653 gnorm: 0.000924636913 xtb: 6.7.1 (edcfbbe)
C           -3.89532400822085       -0.67182519238263       -0.22571775467664
O           -2.95614639813920        0.40947999932310       -0.07888468235570
C           -1.63837022508166        0.07815332392060        0.00668269983790
C           -1.11230645434182       -1.19470818007742       -0.03705452355107
C            0.27651674248022       -1.40502724390648        0.06469453312307
C            1.12086747841164       -0.29451989306615        0.20822296552728
C            0.60413929520858        1.00077024772603        0.25744585898563
C           -0.77733826665419        1.18747831840177        0.15782586382464
O           -1.26049651004581        2.44706444420603        0.21793369584028
O            1.40835811789895        2.09468214964822        0.44611401655149
C            1.81446228782862        2.71937214073414       -0.79974086549114
Cl           2.85799232914865       -0.46832684458789        0.34612580366251
C            0.77885389878722       -2.77434817499460        0.01959557092528
O            0.05644942711786       -3.76166123931616       -0.10678084812897
H           -4.87714193769405       -0.20172147811240       -0.27426358711486
H           -3.84485934436443       -1.34375882244085        0.63751255801797
H           -3.70012055016270       -1.22639956191297       -1.14946380581418
H           -1.74837812674378       -2.06459888227975       -0.14728093638720
H           -2.22859697299071        2.41096290846459        0.14244298492494
H            2.39505673661378        2.01590190643703       -1.40516258696621
H            2.43542730271814        3.57174453367974       -0.52206438241197
H            0.93924715317421        3.06211772775715       -1.36059689172881
H            1.87043841440999       -2.90227097810256        0.10826101067259
