----------------------------------------------- 
  Element       SASA      Sigma Z        Total  
     Z         Ang**2 cal/Ang**2/mol   kcal/mol 
----------------------------------------------- 
      H        140.616      48.690       6.847
      C         35.877     129.740       4.655
      O         33.436       0.000       0.000

 Subtotal:     209.929                  11.501
 -----------------------------------------------

  Elements    COT*SASA   Sigma Z,Z'     Total   
    Z,Z'       Ang**2  cal/Ang**2/mol kcal/mol  
 ---------------------------------------------- 
  H   C         94.510     -60.770      -5.743
  H   O          0.000       0.000       0.000
  C   C         26.610     -72.950      -1.941
  O   C         17.404      68.690       1.195
  O   O          0.000       0.000       0.000

 Subtotal:                              -6.489
 ---------------------------------------------- 

 NONAQUEOUS SOLVENT CONTRIBUTION (kcal/mol):
 (proportional to SASA, atomic number independent)
 ---------------------------------------------- 
 Subtotal:                               0.000
 ---------------------------------------------- 

 CDS TOTAL (kcal/mol):                   5.012
...............................................................................
