23
 energy: -276.279812265997 gnorm: 0.025615007341 xtb: 6.7.1 (edcfbbe)
C            2.96736833061492        0.04727936592095       -0.57871981865645
C            1.96056417996878       -0.90805272190238        0.05198172602303
C            0.92523572981000       -0.18268888198095        0.91311792290463
C           -0.07024693833113        0.65687988479108        0.09492570864206
C           -1.53253023867910        0.23667837540488        0.28853410592786
C           -2.46620050839284        1.28124002496775       -0.32133066374239
C           -1.80027845199775       -1.12924347950040       -0.33964003805050
H            3.51168289305612        0.58631420285981        0.19368265258583
H            3.68430836753261       -0.50131664392215       -1.18510348902515
H            2.46799961859364        0.77487346944337       -1.21347449173772
H            2.49895173980735       -1.62581816732044        0.67574728529944
H            1.44870784074196       -1.47029932375153       -0.73191589682433
H            0.37814693726757       -0.92393287970942        1.49875227006414
H            1.45325501954398        0.45604187360208        1.62397562641963
H            0.02587359221147        1.70878159445721        0.36988035876390
H            0.16645862117376        0.57849340395635       -0.96783644272887
H           -1.73743076036990        0.17640261617817        1.36381025300434
H           -2.32187963082889        2.24995462169701        0.15165990776720
H           -2.27065108060619        1.38646417751438       -1.38645765561438
H           -3.50503644765317        0.98727841503749       -0.19076901958453
H           -1.14498023410737       -1.88848130543684        0.07912950683506
H           -1.63383634282400       -1.08659642508150       -1.41415407092665
H           -2.82985296675398       -1.43309645783504       -0.16430240187281
23
 energy: -276.280660647373 gnorm: 0.006589767776 xtb: 6.7.1 (edcfbbe)
C            2.97167523520788        0.04383504259946       -0.58301183340859
C            1.96866233444996       -0.91382395530884        0.05706237599725
C            0.92651329844129       -0.19064494332170        0.91430207126658
C           -0.07205434217090        0.66223162692042        0.10464072503567
C           -1.53742230987270        0.24384129114708        0.28355884589577
C           -2.47581154388891        1.28707340383280       -0.32291331340848
C           -1.79789617211581       -1.13121720345518       -0.33326336649484
H            3.52180619223151        0.59055734876509        0.18870056185149
H            3.69689647062551       -0.49490973548173       -1.19862687748191
H            2.47062724909643        0.77779695595648       -1.22045410746641
H            2.50903427418456       -1.63975562708617        0.67536031856083
H            1.45176329219073       -1.48253166466615       -0.72546894335729
H            0.37432877458442       -0.93113006289705        1.50365031716407
H            1.45433727477937        0.44236280521538        1.63652042938466
H            0.02552232240129        1.71948753092552        0.37321877029208
H            0.16435100980915        0.59345986071432       -0.96483713462211
H           -1.74019993314293        0.18313345101370        1.36189824234934
H           -2.33411973245823        2.26432015637823        0.14731301261043
H           -2.27911297188803        1.39394067165184       -1.39461451426041
H           -3.52267134821376        0.99581246049052       -0.19817795191672
H           -1.13947191368300       -1.89822505928636        0.08380609982195
H           -1.62981310539752       -1.09176355386341       -1.41455452877517
H           -2.83131497043702       -1.44669480207295       -0.16261669589141
23
 energy: -276.280744504253 gnorm: 0.001044903655 xtb: 6.7.1 (edcfbbe)
C            2.97141521372388        0.04273908502623       -0.58549570799299
C            1.96859116150469       -0.91469502653139        0.05603040530352
C            0.92617823515385       -0.19371517848975        0.91593934170886
C           -0.07199066098088        0.66457749275104        0.10815192053584
C           -1.53846815198742        0.24604535000716        0.28671763557667
C           -2.47611241678257        1.28665341494786       -0.32553487487180
C           -1.79648325142380       -1.13000827689564       -0.33012142602473
H            3.52540387206461        0.59351746319095        0.18391225588482
H            3.69922622421899       -0.49272699539388       -1.20450486657153
H            2.47013875237397        0.77834924078718       -1.22451846272428
H            2.51060587140434       -1.64173433378155        0.67385062725477
H            1.45264779631339       -1.48982797088241       -0.72527481000825
H            0.37107470979611       -0.93635036183295        1.50272731027356
H            1.45185972888612        0.43431160870204        1.64683586561912
H            0.02787459841307        1.72220863714747        0.38023098475729
H            0.16681059876303        0.60505747738590       -0.96410169951591
H           -1.74410687584664        0.18718075978888        1.36603466751574
H           -2.33840417423272        2.26802785849514        0.14198681327762
H           -2.28074213374341        1.39551309883903       -1.39994507343051
H           -3.52609282466573        0.99737081936175       -0.20414654315739
H           -1.13661288578964       -1.89776297145272        0.08844537132226
H           -1.62666170697856       -1.09568859831707       -1.41399998049616
H           -2.83052225520819       -1.45188637471876       -0.16172809515924
23
 energy: -276.280762282957 gnorm: 0.001134062304 xtb: 6.7.1 (edcfbbe)
C            2.96915481141081        0.04301476514891       -0.58815248696764
C            1.96911990648406       -0.91495549168104        0.05536895217924
C            0.92596244715903       -0.19655373712523        0.91620974982117
C           -0.07192435414531        0.66645528037904        0.11253186628869
C           -1.53923701725046        0.24790246707435        0.28633300061948
C           -2.47575883896721        1.28715771263634       -0.32886821951725
C           -1.79450771276753       -1.12974541972758       -0.32732559707167
H            3.52484665230428        0.59482851656694        0.17938187337302
H            3.69621930678096       -0.49247594830966       -1.20805514617895
H            2.46721584622640        0.77817077605710       -1.22731937716003
H            2.51297055638707       -1.64100397405058        0.67315631623160
H            1.45379562759008       -1.49241324293757       -0.72482780634377
H            0.36955243402082       -0.94234039487095        1.49796575572301
H            1.45034145729408        0.42681709342430        1.65218278440230
H            0.02887413254513        1.72263063181983        0.39082596151411
H            0.16816159051757        0.61318301087202       -0.95986925125645
H           -1.74786258913934        0.19125431087823        1.36525962642553
H           -2.34084591090641        2.27004934381632        0.13658557633189
H           -2.27895791942523        1.39463217532940       -1.40325564515386
H           -3.52605125352185        0.99774827689827       -0.20956516377741
H           -1.13436469977322       -1.89585096040987        0.09388404989442
H           -1.62289668686118       -1.09817151716656       -1.41103759872257
H           -2.82817835926580       -1.45317722448119       -0.15991857382994
23
 energy: -276.280781512113 gnorm: 0.000966245043 xtb: 6.7.1 (edcfbbe)
C            2.96269222164511        0.04461394355170       -0.59460435370258
C            1.96771347253105       -0.91455959369062        0.05307484096436
C            0.92388965087928       -0.20317462253930        0.91857299279742
C           -0.07094189796911        0.67016551570233        0.12207728245417
C           -1.53915471897050        0.25100969336261        0.28810795988271
C           -2.47212076769245        1.28672632018168       -0.33754669680471
C           -1.78972591996863       -1.12860300792668       -0.32171630877045
H            3.52079836184134        0.59807159348651        0.16948520729089
H            3.68772063569079       -0.49104353743877       -1.21629214478940
H            2.45775621799195        0.77773422737093       -1.23310785871076
H            2.51634586772537       -1.63754453511763        0.67025230665110
H            1.45284969235719       -1.49536035564170       -0.72463668513304
H            0.36560889735012       -0.95523407152408        1.49018550683848
H            1.44713163672284        0.41102925268258        1.66250394001349
H            0.03005381381490        1.72259460032300        0.41426974474998
H            0.17100826033665        0.62955160451949       -0.95008913020883
H           -1.75499705534958        0.19888036249014        1.36577035962139
H           -2.34152406350587        2.27166343208931        0.12414628989175
H           -2.27012503379926        1.38961758240050       -1.41112905629164
H           -3.52250373276028        0.99677044074902       -0.22253154624351
H           -1.13041163391946       -1.89121226340739        0.10606441561437
H           -1.61331631044932       -1.10181909363908       -1.40439442659116
H           -2.82311819261376       -1.45272036466635       -0.15697443488468
23
 energy: -276.280787777355 gnorm: 0.000548827277 xtb: 6.7.1 (edcfbbe)
C            2.95833292685982        0.04611577569612       -0.59727925158694
C            1.96619356982295       -0.91555638194369        0.05202791599490
C            0.92434146623686       -0.20475217809862        0.92064308362496
C           -0.07040231131443        0.67093089956980        0.12730596918580
C           -1.53876936530629        0.25153744982779        0.28936364651638
C           -2.46955942355379        1.28661902088811       -0.34130656013454
C           -1.78777767704209       -1.12888577106383       -0.31965344509202
H            3.51701871417561        0.60039406699380        0.16575687520669
H            3.68280896989959       -0.48878694698408       -1.22028545772494
H            2.45108924948860        0.77824496416219       -1.23502217667807
H            2.51740701184524       -1.63812242533202        0.66724779217110
H            1.44993786249623       -1.49597256162970       -0.72494934107503
H            0.36582806453861       -0.95805092345315        1.48991579343390
H            1.44868444507001        0.40641711997820        1.66602646326709
H            0.02994652833611        1.72199769997674        0.42378530461786
H            0.17220393773316        0.63455763006103       -0.94460200907790
H           -1.75827302461265        0.20089352284059        1.36628959246473
H           -2.33951855349284        2.27249752143250        0.11842447192561
H           -2.26304836424089        1.38606841140914       -1.41429461794450
H           -3.52039354289750        0.99719002274215       -0.22924492711743
H           -1.13059088327683       -1.89161262768528        0.11102363105352
H           -1.60773654911018       -1.10280975671869       -1.40169933546478
H           -2.82209366610926       -1.45175690204095       -0.15798646125705
23
 energy: -276.280794757228 gnorm: 0.000505683656 xtb: 6.7.1 (edcfbbe)
C            2.95179808893557        0.04790170647169       -0.60193066350668
C            1.96312915957509       -0.91614081094573        0.05069591872868
C            0.92470821624010       -0.20688408804459        0.92512406266200
C           -0.06977080692377        0.67179861538462        0.13563305947430
C           -1.53801677727159        0.25119924296235        0.29195326528552
C           -2.46460866045722        1.28594251462704       -0.34660300880480
C           -1.78517881497519       -1.12978990507816       -0.31725437626577
H            3.51072212844759        0.60336924512453        0.16010535922123
H            3.67598425255131       -0.48464974839081       -1.22744660054819
H            2.44048740356753        0.77887541722833       -1.23780996136372
H            2.51802534084854       -1.63953617693153        0.66147551397325
H            1.44341783798780       -1.49478513683103       -0.72527104570535
H            0.36686810932165       -0.96030575701864        1.49464764647126
H            1.45296858140694        0.40153258590614        1.66976153619523
H            0.02906374315192        1.72144507694466        0.43722653801781
H            0.17426535377675        0.64118389419812       -0.93607281842727
H           -1.76360675562576        0.20215562792124        1.36770524731231
H           -2.33495541259930        2.27324186513177        0.11013261549882
H           -2.25118085279297        1.38068061647651       -1.41871579793747
H           -3.51646182418649        0.99842926605047       -0.23964660052416
H           -1.13275413448938       -1.89380032380800        0.11844711851817
H           -1.59773189747451       -1.10456727558936       -1.39819226768506
H           -2.82154283756721       -1.45013775363611       -0.16247979453966
23
 energy: -276.280798087245 gnorm: 0.000491499941 xtb: 6.7.1 (edcfbbe)
C            2.94768041387127        0.04835331389486       -0.60406652712119
C            1.96069819822824       -0.91685910722924        0.04949142785250
C            0.92603773085181       -0.20689574549410        0.92780499616800
C           -0.06972355818099        0.67211975649242        0.14051330021707
C           -1.53792469537527        0.25063691105869        0.29336409644945
C           -2.46204721185187        1.28512850546727       -0.34923249408622
C           -1.78317737772969       -1.13028530660861       -0.31684686424573
H            3.50714228894438        0.60428321306209        0.15726525490186
H            3.67125214661616       -0.48328709535401       -1.23085169884612
H            2.43472002325039        0.77903461946015       -1.23890561862756
H            2.51690838095876       -1.64157481439439        0.65740958223499
H            1.43798231253740       -1.49373174798245       -0.72584613379363
H            0.36957291690840       -0.95931968856228        1.50019719537862
H            1.45766906765337        0.40190181377098        1.66990053706469
H            0.02729787366496        1.72121479637858        0.44479803686913
H            0.17540999466883        0.64473608666427       -0.93109224935856
H           -1.76678616312589        0.20156796548082        1.36839316065968
H           -2.33221083846219        2.27282053980103        0.10659064439986
H           -2.24515474925557        1.37825583631334       -1.42081322870052
H           -3.51450376409578        0.99905748198547       -0.24506060930937
H           -1.13467991255573       -1.89522291605595        0.12317015687101
H           -1.58955905310047       -1.10602752105997       -1.39675664173242
H           -2.82097431421582       -1.44874723219194       -0.16794270262743
23
 energy: -276.280798087245 gnorm: 0.000491499941 xtb: 6.7.1 (edcfbbe)
C            2.94768041387127        0.04835331389486       -0.60406652712119
C            1.96069819822824       -0.91685910722924        0.04949142785250
C            0.92603773085181       -0.20689574549410        0.92780499616800
C           -0.06972355818099        0.67211975649242        0.14051330021707
C           -1.53792469537527        0.25063691105869        0.29336409644945
C           -2.46204721185187        1.28512850546727       -0.34923249408622
C           -1.78317737772969       -1.13028530660861       -0.31684686424573
H            3.50714228894438        0.60428321306209        0.15726525490186
H            3.67125214661616       -0.48328709535401       -1.23085169884612
H            2.43472002325039        0.77903461946015       -1.23890561862756
H            2.51690838095876       -1.64157481439439        0.65740958223499
H            1.43798231253740       -1.49373174798245       -0.72584613379363
H            0.36957291690840       -0.95931968856228        1.50019719537862
H            1.45766906765337        0.40190181377098        1.66990053706469
H            0.02729787366496        1.72121479637858        0.44479803686913
H            0.17540999466883        0.64473608666427       -0.93109224935856
H           -1.76678616312589        0.20156796548082        1.36839316065968
H           -2.33221083846219        2.27282053980103        0.10659064439986
H           -2.24515474925557        1.37825583631334       -1.42081322870052
H           -3.51450376409578        0.99905748198547       -0.24506060930937
H           -1.13467991255573       -1.89522291605595        0.12317015687101
H           -1.58955905310047       -1.10602752105997       -1.39675664173242
H           -2.82097431421582       -1.44874723219194       -0.16794270262743
