20
 energy: -34.246233777605 gnorm: 0.041063099020 xtb: 6.7.1 (edcfbbe)
C            3.10541966675121       -1.45071003754974       -0.53007557909897
C            2.38703897991235       -0.14367832795834       -0.45510181003338
O            2.64922107251110        0.84208516584060       -1.12166610810347
O            1.37039123320273       -0.18770808846616        0.43724581542846
C            0.52966149685970        0.99411189258599        0.53856684389903
C           -0.52988849162386        0.99578265641312       -0.53696957149489
O           -1.37165164138667       -0.18539281759964       -0.43793233859800
C           -2.38857253960298       -0.14220418194389        0.45431504123347
O           -2.65043102810150        0.84263091081481        1.12214143758898
C           -3.10699343624574       -1.44932114418699        0.52638677197280
H            3.10608549728882       -1.96190931492343        0.43365407694700
H            4.12249756414717       -1.29362393301554       -0.88950594222503
H            2.57468636194618       -2.08368654501191       -1.25045555920304
H            0.08624942975392        0.93620797689046        1.53382099816299
H            1.13853649601318        1.89851585799610        0.45845896012308
H           -0.08669832047740        0.93968306613951       -1.53241042288417
H           -1.13779926813305        1.90063778808907       -0.45473249867797
H           -3.12844779407983       -1.94582381067770       -0.44489643067412
H           -4.11609085550521       -1.29672057097388        0.90911119382316
H           -2.56122246900296       -2.09411250984504        1.22462614028760
20
 energy: -34.247732768675 gnorm: 0.017753014290 xtb: 6.7.1 (edcfbbe)
C            3.10160392565598       -1.44721616535191       -0.52868019953582
C            2.37823064704045       -0.14314754887611       -0.45910219477195
O            2.63768680724169        0.83919016520538       -1.11957183977315
O            1.37447814953319       -0.18039669898070        0.43296955117916
C            0.53476484174120        0.98535184536846        0.53922411020788
C           -0.53494879012590        0.98704915156454       -0.53758934835569
O           -1.37563115054620       -0.17812856224058       -0.43375314906459
C           -2.37963925394800       -0.14182510480868        0.45823597391314
O           -2.63877741168581        0.83955283078697        1.12015203489788
C           -3.10317765712628       -1.44593868960929        0.52484905451806
H            3.09569498625103       -1.94265224913418        0.43797784326255
H            4.11585677235422       -1.28836915071679       -0.88440422189274
H            2.57696358914382       -2.08273716961490       -1.24322199687664
H            0.09194479773496        0.92563661493666        1.53471377537662
H            1.14984558130651        1.88422530467922        0.44682492675456
H           -0.09227336539804        0.92914763762622       -1.53324285580606
H           -1.14913219474784        1.88632975352214       -0.44313549366690
H           -3.11833716092152       -1.92706282168611       -0.44901141371096
H           -4.10953684449345       -1.29124635235946        0.90382537629446
H           -2.56362431478281       -2.09299875769350        1.21752108552371
20
 energy: -34.248071149240 gnorm: 0.005592589345 xtb: 6.7.1 (edcfbbe)
C            3.09882778527111       -1.44597313569857       -0.52594508950749
C            2.37319805256073       -0.14132717163330       -0.46163062368056
O            2.62536214275626        0.83783255725564       -1.12789664319214
O            1.37680721561296       -0.17675365720398        0.42837060640989
C            0.54049475598000        0.97760079027411        0.53848589031591
C           -0.54060360754569        0.97929380534441       -0.53683908959968
O           -1.37783205179440       -0.17457357165997       -0.42928117301440
C           -2.37444730125015       -0.14022744853769        0.46064627492211
O           -2.62626117349358        0.83785069746735        1.12857303538763
C           -3.10046602565099       -1.44479434428575        0.52200900833758
H            3.08933031744001       -1.92713154354322        0.44577088847428
H            4.11148171807141       -1.28494361785018       -0.87989595276563
H            2.57803480926334       -2.08635191339949       -1.23489378092685
H            0.09614755441464        0.91966488434635        1.53284164520739
H            1.15291048843755        1.87766891195142        0.43602693351552
H           -0.09631530966104        0.92322996399335       -1.53132841895564
H           -1.15219731525129        1.87969533630355       -0.43234639674827
H           -3.11225068518349       -1.91186964431929       -0.45658780741045
H           -4.10527161660653       -1.28765803569275        0.89918842356454
H           -2.56495779914365       -2.09646883049456        1.20931328813977
20
 energy: -34.248118877449 gnorm: 0.001867383039 xtb: 6.7.1 (edcfbbe)
C            3.09975640836449       -1.44617794005579       -0.52353364829418
C            2.36930912409499       -0.14280588250984       -0.46765624675257
O            2.61961372223232        0.83467560557887       -1.13889379600662
O            1.37696042991656       -0.17587100934752        0.42554502292465
C            0.54296723936355        0.97670495791610        0.53776824922897
C           -0.54304716225847        0.97838024959366       -0.53613770223823
O           -1.37791822545709       -0.17376312468785       -0.42651742411944
C           -2.37044505895872       -0.14184914582446        0.46663452094884
O           -2.62033647623540        0.83447289439760        1.13966088064943
C           -3.10145042464868       -1.44502932979983        0.51956493899264
H            3.08897087982747       -1.92020569342518        0.45193905524448
H            4.11287122712769       -1.28415368693523       -0.87599680437037
H            2.58191442512976       -2.09207773701265       -1.22961044897778
H            0.09893739671325        0.92123984897265        1.53230459931449
H            1.15146508324488        1.87919499528018        0.43164853474435
H           -0.09904448587160        0.92482915432721       -1.53079231326733
H           -1.15077170974982        1.88115348571721       -0.42797267677633
H           -3.11195213161513       -1.90498507670765       -0.46268466252802
H           -4.10676699987774       -1.28684374835108        0.89521555184301
H           -2.56904130711511       -2.10212478450899        1.20409538791350
20
 energy: -34.248147116356 gnorm: 0.003627463603 xtb: 6.7.1 (edcfbbe)
C            3.10213832464380       -1.44676208482051       -0.51949109356994
C            2.36729929235880       -0.14449904437348       -0.47367872249995
O            2.60987709550183        0.82653972424799       -1.15936221945848
O            1.37880361471382       -0.17365065175957        0.42402660714536
C            0.54601183714176        0.97753265293723        0.53639591499189
C           -0.54606262192149        0.97915363407255       -0.53480762160058
O           -1.37965987774488       -0.17167814849857       -0.42506079454691
C           -2.36822794401410       -0.14375918697842        0.47266146291067
O           -2.61024521331112        0.82598836447849        1.16034558316746
C           -3.10393064899806       -1.44563656102189        0.51547971528253
H            3.09172169591693       -1.91142143069631        0.46097420208621
H            4.11559729144286       -1.28438735111225       -0.87182917259496
H            2.58748474090654       -2.10152176077916       -1.22048867437406
H            0.10331988406389        0.92586311822836        1.53176012624020
H            1.14929273900812        1.88323080724235        0.42666764493091
H           -0.10337298897959        0.92944112427700       -1.53027350519567
H           -1.14866056743217        1.88505423433263       -0.42302766408033
H           -3.11471309046659       -1.89619963679673       -0.47160964884050
H           -4.10964359796339       -1.28703329437178        0.89084274818099
H           -2.57503801063979       -2.11149047599050        1.19505613029865
20
 energy: -34.248160137934 gnorm: 0.002712136704 xtb: 6.7.1 (edcfbbe)
C            3.10300852515043       -1.44684171936193       -0.51810421883388
C            2.36587442051021       -0.14587107711233       -0.47633373356580
O            2.60678840135425        0.82313839837823       -1.16495824094883
O            1.37932060819361       -0.17275968686984        0.42411747884741
C            0.54637159071148        0.97887711827646        0.53584630032683
C           -0.54642503200862        0.98047666728411       -0.53427318470979
O           -1.38017259585149       -0.17081547567396       -0.42515497541983
C           -2.36676011117177       -0.14517227610121        0.47534180749562
O           -2.60703831561641        0.82250417134947        1.16603740769459
C           -3.10482508929013       -1.44570930310374        0.51408220735814
H            3.09278052514442       -1.90981923574678        0.46314871938186
H            4.11657097131541       -1.28386592653321       -0.87004326497597
H            2.59018315482641       -2.10398378907125       -1.21823716389592
H            0.10488809519817        0.92781031377033        1.53187108021790
H            1.14979739745470        1.88433370316736        0.42531543180502
H           -0.10494978886425        0.93135737103578       -1.53039946166669
H           -1.14918615887810        1.88612313016011       -0.42170128257941
H           -3.11568578284907       -1.89456490208963       -0.47377689267374
H           -4.11068664242461       -1.28650734660841        0.88895448834019
H           -2.57786221867748       -2.11394610253210        1.19284851627582
20
 energy: -34.248183215721 gnorm: 0.000787754434 xtb: 6.7.1 (edcfbbe)
C            3.10418747128879       -1.44687266546569       -0.51508619018852
C            2.36309729723121       -0.14848921517544       -0.48035223415861
O            2.59790501560706        0.81533486778105       -1.17699083085694
O            1.38057039788447       -0.17072112933416        0.42544088501116
C            0.54662347094050        0.98169070868388        0.53478076393518
C           -0.54669403907972        0.98325153183070       -0.53324787379308
O           -1.38144151130029       -0.16881194301589       -0.42649039809491
C           -2.36389367873032       -0.14786722245087        0.47944600791352
O           -2.59788284714607        0.81452021901995        1.17832332073147
C           -3.10605166738774       -1.44572237078791        0.51103071333508
H            3.09443094420464       -1.90673026515110        0.46738206524450
H            4.11770395425409       -1.28199364505836       -0.86626302468257
H            2.59547129248460       -2.10840451646474       -1.21383636655020
H            0.10762495462578        0.93158229684619        1.53209680844493
H            1.15160732273092        1.88579936402752        0.42241462659444
H           -0.10771902926914        0.93505100794121       -1.53066644629022
H           -1.15103656973995        1.88753783043633       -0.41887425318199
H           -3.11706978811041       -1.89143269028316       -0.47799306815398
H           -4.11198916472086       -1.28461427609823        0.88487502184773
H           -2.58345187154039       -2.11834385466380        1.18859149136652
20
 energy: -34.248207503327 gnorm: 0.001893608667 xtb: 6.7.1 (edcfbbe)
C            3.10538935581693       -1.44693224661679       -0.50946542989567
C            2.35604584880007       -0.15332623571264       -0.48802850868224
O            2.57818801437755        0.80137634742358       -1.20054417628692
O            1.38200827556811       -0.16741882927295        0.42759567406316
C            0.54719925156647        0.98578444086841        0.53326479930930
C           -0.54730815754217        0.98730681539072       -0.53181158959556
O           -1.38295009005030       -0.16552432249600       -0.42871936819857
C           -2.35669713155354       -0.15284608323519        0.48725971714436
O           -2.57766627215968        0.80019391073481        1.20236914479212
C           -3.10733260815854       -1.44576281779779        0.50533877545228
H            3.09528355025767       -1.89958978507507        0.47612492476579
H            4.11904642979690       -1.27765024565687       -0.85815880578519
H            2.60501935636021       -2.11692133723432       -1.20596990935806
H            0.11144847089061        0.93803013770307        1.53216941055115
H            1.15409488628486        1.88811671926693        0.41686049743054
H           -0.11159067983351        0.94139985472527       -1.53081491826239
H           -1.15357156223159        1.88981130527208       -0.41345150324120
H           -3.11736748759828       -1.88428181880723       -0.48668428580313
H           -4.11368718184427       -1.28025587163398        0.87615890008423
H           -2.59356031452034       -2.12674590522855        1.18108766998952
20
 energy: -34.248223798551 gnorm: 0.001004390339 xtb: 6.7.1 (edcfbbe)
C            3.10520443427466       -1.44712181452629       -0.50513701334011
C            2.34873925657000       -0.15732109754020       -0.49408560286727
O            2.55965896753626        0.78980510425309       -1.22060718994670
O            1.38236938743955       -0.16496836493816        0.42920103915838
C            0.54789827997189        0.98839669791926        0.53260363213716
C           -0.54805578220463        0.98994345975133       -0.53120869455295
O           -1.38341377838619       -0.16301119176091       -0.43043347539217
C           -2.34929443990277       -0.15695008432282        0.49340516719109
O           -2.55881321040547        0.78831236083115        1.22275161413165
C           -3.10718488269959       -1.44594331473004        0.50095984344471
H            3.09379436719940       -1.89269421244215        0.48371427219729
H            4.11922116100764       -1.27396504772146       -0.85103613186127
H            2.61189339936037       -2.12433277115250       -1.19971601198043
H            0.11308508513137        0.94328415297607        1.53187605430465
H            1.15468405657419        1.89046367065774        0.41314500818448
H           -0.11326491748449        0.94666552473466       -1.53057127267723
H           -1.15417061235686        1.89220209396253       -0.40980203102425
H           -3.11531214482853       -1.87745922009064       -0.49419293247181
H           -4.11417468627381       -1.27659157985685        0.86846751740572
H           -2.60087198629585       -2.13395033338628        1.17524722643257
20
 energy: -34.248231339521 gnorm: 0.000963188656 xtb: 6.7.1 (edcfbbe)
C            3.10331527387613       -1.44777707817496       -0.50041842833491
C            2.33939151776278       -0.16203370685545       -0.50064334631771
O            2.53839211598458        0.77606314971611       -1.24274600043397
O            1.38221614434092       -0.16162568307861        0.43158714745245
C            0.54849509142366        0.99198231049461        0.53234062487528
C           -0.54873919894208        0.99362921280992       -0.53098698476333
O           -1.38347569217695       -0.15947702594077       -0.43302403593050
C           -2.33997471130069       -0.16167901854186        0.49994057654675
O           -2.53729774801550        0.77429597134031        1.24516585976620
C           -3.10527605286755       -1.44658357262660        0.49620057288106
H            3.09056121501443       -1.88562943679807        0.49194739082103
H            4.11769052871817       -1.27035517920035       -0.84321932911372
H            2.61786913483335       -2.13304492570430       -1.19266035751663
H            0.11387392194815        0.94978325873520        1.53169241797943
H            1.15493090307849        1.89398239663201        0.41032371096821
H           -0.11411902174179        0.95330916952962       -1.53041939309214
H           -1.15440113111046        1.89587708090116       -0.40696554105225
H           -3.11130705062535       -1.87058571455784       -0.50226942381748
H           -4.11294897929639       -1.27307425931146        0.85998773928907
H           -2.60720430667677       -2.14229291675117        1.16874781826665
20
 energy: -34.248232900655 gnorm: 0.000285875326 xtb: 6.7.1 (edcfbbe)
C            3.10151702060986       -1.44833819790691       -0.50004624466814
C            2.33765630277746       -0.16267063674708       -0.50076797790087
O            2.53587354547890        0.77409780866907       -1.24428560946006
O            1.38169689422559       -0.16073537072939        0.43241273155989
C            0.54827550866130        0.99305006186332        0.53264537230941
C           -0.54855038162778        0.99477415834791       -0.53129496217218
O           -1.38300017982087       -0.15849211682833       -0.43387318466722
C           -2.33821448600545       -0.16229813814298        0.50011354120748
O           -2.53490202384999        0.77238581586066        1.24657578137854
C           -3.10344232975575       -1.44713919824334        0.49583073678666
H            3.08870496700943       -1.88568661515337        0.49252086007108
H            4.11587058464274       -1.27079047815128       -0.84283268865914
H            2.61637276337577       -2.13393224330921       -1.19197321859265
H            0.11297342070032        0.95105623823285        1.53169233223010
H            1.15474366150262        1.89506438155112        0.41094005813674
H           -0.11325743588143        0.95471364354344       -1.53042847980096
H           -1.15420354213330        1.89705583776032       -0.40750994319087
H           -3.10919843097565       -1.87076249958862       -0.50278649012751
H           -4.11117534627639       -1.27354523187531        0.85939655966546
H           -2.60574855843028       -2.14304318653538        1.16825184436770
20
 energy: -34.248234501451 gnorm: 0.000333329204 xtb: 6.7.1 (edcfbbe)
C            3.09903406973075       -1.44906310195976       -0.49943961925724
C            2.33528801307585       -0.16336764018265       -0.50088794652938
O            2.53250589799064        0.77185473609228       -1.24638491711659
O            1.38112707148076       -0.15942786449170        0.43414557900133
C            0.54765155748224        0.99456379759419        0.53325645299673
C           -0.54798063396751        0.99638778898298       -0.53189825190515
O           -1.38259993723990       -0.15700756689133       -0.43576343954361
C           -2.33604733285816       -0.16283544773937        0.50003937203510
O           -2.53156847652874        0.77020800457584        1.24871706075249
C           -3.10088613196975       -1.44785490488621        0.49523191540434
H            3.08650934741301       -1.88638141922705        0.49310683657551
H            4.11331856481067       -1.27159806608963       -0.84250481766016
H            2.61394693764023       -2.13480166535453       -1.19115935503647
H            0.11137208863438        0.95254471151945        1.53191177203417
H            1.15450176483588        1.89640091617249        0.41238847640242
H           -0.11171377123534        0.95639233031659       -1.53064368028103
H           -1.15392665627456        1.89853887714120       -0.40884639129815
H           -3.10674457344163       -1.87165020261407       -0.50327155045424
H           -4.10859974207785       -1.27445736796171        0.85894995836201
H           -2.60319610327386       -2.14368188237951        1.16763356399136
20
 energy: -34.248235840022 gnorm: 0.000380128026 xtb: 6.7.1 (edcfbbe)
C            3.09612778111412       -1.44989611876896       -0.49886485945867
C            2.33294116718368       -0.16386847998296       -0.50074396182593
O            2.52878776399018        0.76979795694663       -1.24864895580714
O            1.38055233467643       -0.15794556631978        0.43613505601735
C            0.54687829929688        0.99613837673818        0.53395438193394
C           -0.54724615237631        0.99808004097265       -0.53261347692994
O           -1.38199122491566       -0.15544495300942       -0.43770850336895
C           -2.33346064268078       -0.16341646386291        0.50015385184946
O           -2.52811209710103        0.76826344019814        1.25064165592512
C           -3.09794910022720       -1.44868089706310        0.49464736329279
H            3.08377256565504       -1.88708918490011        0.49373793363379
H            4.11038748219209       -1.27298558738858       -0.84229432411232
H            2.61066305691279       -2.13552268987252       -1.19051929100366
H            0.10931641132344        0.95393144522268        1.53207259474649
H            1.15406223845526        1.89786907060777        0.41404988000646
H           -0.10974158366807        0.95799936830075       -1.53084569447180
H           -1.15350802986292        1.90012326483495       -0.41036757589224
H           -3.10345929381422       -1.87259299799774       -0.50382045374382
H           -4.10584444768641       -1.27580619295650        0.85817254969894
H           -2.60018457424022       -2.14418979908167        1.16744284798360
20
 energy: -34.248236787925 gnorm: 0.000387562150 xtb: 6.7.1 (edcfbbe)
C            3.09361087898823       -1.45063535650518       -0.49878115425944
C            2.33126641875786       -0.16406734524491       -0.50055277766068
O            2.52751842946006        0.76940993390970       -1.24841593650910
O            1.37983018150417       -0.15705419410785        0.43728177774075
C            0.54627529662279        0.99717949842590        0.53457566055817
C           -0.54665633138014        0.99915672980130       -0.53315687987161
O           -1.38151800855495       -0.15438498819593       -0.43912034731107
C           -2.33235697469761       -0.16328587691544        0.49932684161993
O           -2.52671042291719        0.76788866924832        1.25072608508379
C           -3.09534306371358       -1.44942426614670        0.49456475827506
H            3.08085008859006       -1.88815345932996        0.49367680945982
H            4.10804226713230       -1.27465695650167       -0.84221520221868
H            2.60740531308638       -2.13546246441734       -1.19079858480298
H            0.10762602647537        0.95468204354421        1.53220815688875
H            1.15367149308141        1.89888880235078        0.41555979237756
H           -0.10804548034708        0.95885069795249       -1.53089351805490
H           -1.15304493390831        1.90122371493745       -0.41177025621141
H           -3.10045792557462       -1.87391118987716       -0.50363880984643
H           -4.10336811155443       -1.27761106112812        0.85819479874714
H           -2.59660318682364       -2.14386889918237        1.16780980446877
20
 energy: -34.248237522831 gnorm: 0.000162468784 xtb: 6.7.1 (edcfbbe)
C            3.09176114056911       -1.45123173393360       -0.49877370893155
C            2.33056456073014       -0.16399029977545       -0.50013467171160
O            2.52685603079310        0.76931887121624       -1.24838061708125
O            1.37941190536254       -0.15643360954629        0.43796067088485
C            0.54602087405792        0.99792384190461        0.53488603576573
C           -0.54637540098312        0.99991446194746       -0.53344786064237
O           -1.38096592192643       -0.15381845055759       -0.43966577235174
C           -2.33143429927446       -0.16332702686509        0.49913244817971
O           -2.52623058332980        0.76784539711379        1.25043631494797
C           -3.09350642977826       -1.45003155135931        0.49453119276304
H            3.07847641701503       -1.88896033137542        0.49355738245373
H            4.10635824409290       -1.27612182115907       -0.84214463573892
H            2.60488579717232       -2.13538324811030       -1.19099415609115
H            0.10680436632243        0.95540565229688        1.53225120428322
H            1.15347743437723        1.89964222372494        0.41629655423140
H           -0.10723415739135        0.95962067240826       -1.53093252726238
H           -1.15286917177934        1.90195680221237       -0.41246077592491
H           -3.09771594402562       -1.87489880750250       -0.50349772621671
H           -4.10185748997427       -1.27895828215860        0.85761607739114
H           -2.59443541780299       -2.14370872786382        1.16834558952524
20
 energy: -34.248238196028 gnorm: 0.000093382951 xtb: 6.7.1 (edcfbbe)
C            3.09012697146025       -1.45189201697608       -0.49878175243103
C            2.33001972696429       -0.16399164120213       -0.49999914483251
O            2.52681169711863        0.76927207941837       -1.24827786961822
O            1.37894340024505       -0.15588189236594        0.43817278441729
C            0.54601465673873        0.99875256753178        0.53496023548269
C           -0.54633175681404        1.00071745142461       -0.53349808644082
O           -1.38037501572979       -0.15335077504620       -0.43976669131373
C           -2.33075675584319       -0.16342724951351        0.49912740271393
O           -2.52627784070443        0.76779520320947        1.25021466870809
C           -3.09190838728790       -1.45070845701696        0.49449744933328
H            3.07594313286703       -1.88972239467782        0.49351624366456
H            4.10504312357239       -1.27757986992269       -0.84160736781636
H            2.60297147960037       -2.13549141560526       -1.19139061059165
H            0.10663972030900        0.95652314110108        1.53225467768754
H            1.15364923155285        1.90033814834355        0.41628155582305
H           -0.10702124362177        0.96069554664120       -1.53091092679471
H           -1.15305055764749        1.90260416874998       -0.41241714432926
H           -3.09483668786139       -1.87586330931354       -0.50344277270869
H           -4.10073206708959       -1.28029114417782        0.85659881782607
H           -2.59288087360196       -2.14373410798462        1.16904954969393
20
 energy: -34.248238988523 gnorm: 0.000191358431 xtb: 6.7.1 (edcfbbe)
C            3.08837437939378       -1.45274196841758       -0.49873458072425
C            2.32959730791551       -0.16404978257312       -0.49988651495506
O            2.52726193304051        0.76919348380063       -1.24805178176550
O            1.37839987529175       -0.15527456680012        0.43816163693140
C            0.54622864870032        0.99986069130234        0.53484445321387
C           -0.54648190897916        1.00176739731111       -0.53331226791256
O           -1.37969543087831       -0.15285014523028       -0.43962923988159
C           -2.33027690231911       -0.16356361673108        0.49905747574798
O           -2.52680523664981        0.76769212383933        1.24988795620424
C           -3.09019579556961       -1.45158046104189        0.49439491118818
H            3.07290417521616       -1.89088332513192        0.49339880022641
H            4.10374667897828       -1.27936175407723       -0.84067331182519
H            2.60105273326650       -2.13556439831288       -1.19197390541982
H            0.10709228633028        0.95825323588631        1.53225930237831
H            1.15421414310871        1.90113970693565        0.41562140140719
H           -0.10738936312029        0.96233006365504       -1.53083449196823
H           -1.15361186890502        1.90331216239093       -0.41173802266031
H           -3.09137810488251       -1.87729321453845       -0.50330443994322
H           -4.09965780958683       -1.28192235645337        0.85507193991153
H           -2.59138778612408       -2.14369924319593        1.17002169832006
20
 energy: -34.248240003853 gnorm: 0.000230872100 xtb: 6.7.1 (edcfbbe)
C            3.08613178644951       -1.45394663163121       -0.49862065360489
C            2.32909448310323       -0.16422338589659       -0.49978412663098
O            2.52819094661803        0.76895962587121       -1.24765622740069
O            1.37764570543334       -0.15445065697603        0.43800355958631
C            0.54660311977900        1.00147506795399        0.53455826535341
C           -0.54678160971489        1.00331373565401       -0.53294943568920
O           -1.37879520390520       -0.15214480046021       -0.43934528040044
C           -2.32973817391493       -0.16380970335023        0.49898240615525
O           -2.52777829041780        0.76742353082880        1.24946809898741
C           -3.08800067384078       -1.45281615598561        0.49420116563078
H            3.06880758622220       -1.89265877814565        0.49324729782497
H            4.10217385670586       -1.28174354610387       -0.83917916813565
H            2.59874125569265       -2.13564468892456       -1.19293675935258
H            0.10807976867261        0.96090352388570        1.53228622374758
H            1.15522304637475        1.90218188212730        0.41425579874951
H           -0.10828017508014        0.96488348002958       -1.53077394307346
H           -1.15461197120785        1.90424952581302       -0.41035558757277
H           -3.08669328996576       -1.87946878872760       -0.50311464027262
H           -4.09838437083052       -1.28411190076525        0.85276431032658
H           -2.58963584194622       -2.14360730257931        1.17152971424490
20
 energy: -34.248241182473 gnorm: 0.000286626126 xtb: 6.7.1 (edcfbbe)
C            3.08326654702765       -1.45552862160022       -0.49817854285994
C            2.32800764661968       -0.16475792168705       -0.49998459117403
O            2.52828268654451        0.76777587220820       -1.24838541004973
O            1.37673088371518       -0.15321667350729        0.43796870701273
C            0.54715873556381        1.00380394222083        0.53412092533899
C           -0.54724392591174        1.00557177004978       -0.53237085396154
O           -1.37773734909255       -0.15101949700791       -0.43918725988132
C           -2.32870263176566       -0.16438607660325        0.49909690303754
O           -2.52796362101598        0.76619706973574        1.25010447822057
C           -3.08516786659750       -1.45443491231057        0.49366377484923
H            3.06349512634249       -1.89476774123722        0.49340094524080
H            4.10018361018207       -1.28454420739514       -0.83674695884953
H            2.59630480724022       -2.13612396925646       -1.19386607744379
H            0.10955973424857        0.96478233708191        1.53231248404857
H            1.15666696186221        1.90369458651409        0.41219568650853
H           -0.10964495472654        0.96868478419500       -1.53064687124597
H           -1.15602642347851        1.90565206926070       -0.40821626728069
H           -3.08046718628986       -1.88216053866595       -0.50316873029301
H           -4.09679339813480       -1.28669183410219        0.84918694926599
H           -2.58791742810617       -2.14376640527552        1.17328172799004
20
 energy: -34.248242287149 gnorm: 0.000178874007 xtb: 6.7.1 (edcfbbe)
C            3.08003395645775       -1.45724055401390       -0.49771966738307
C            2.32667426566572       -0.16535517644846       -0.50010150215734
O            2.52825161244506        0.76643370131060       -1.24899138804919
O            1.37565970553501       -0.15184091132865        0.43806019725808
C            0.54760193394683        1.00632325906033        0.53373609318280
C           -0.54763673740292        1.00808774567398       -0.53189854065532
O           -1.37658114609347       -0.14967293499908       -0.43921800224629
C           -2.32739989408989       -0.16499337489277        0.49917193641303
O           -2.52801144494143        0.76485254609385        1.25070022000438
C           -3.08194136835409       -1.45617964108214        0.49310254760394
H            3.05768034364026       -1.89725900451009        0.49345580863147
H            4.09787242228482       -1.28750932602133       -0.83416298920204
H            2.59352271802604       -2.13650501316597       -1.19503051679938
H            0.11085987972132        0.96882315562486        1.53236915013028
H            1.15810580645020        1.90531821624871        0.41025269473479
H           -0.11088447460405        0.97276506588242       -1.53061091160094
H           -1.15745087860367        1.90724402754463       -0.40616303303950
H           -3.07358493719493       -1.88533877583265       -0.50308548904119
H           -4.09489487489707       -1.28944699490837        0.84532166953241
H           -2.58588493376444       -2.14374197761849        1.17539274115650
20
 energy: -34.248243222166 gnorm: 0.000152637000 xtb: 6.7.1 (edcfbbe)
C            3.07694021761487       -1.45880500846094       -0.49707284953334
C            2.32487408561387       -0.16616624454639       -0.50052093971215
O            2.52681056509728        0.76437952820474       -1.25085289343910
O            1.37476347423819       -0.15037319987006        0.43850686980799
C            0.54795183565959        1.00878242176662        0.53347422099144
C           -0.54794455951657        1.01057340242677       -0.53149965391201
O           -1.37566013200037       -0.14817445337247       -0.43965249868507
C           -2.32571429913442       -0.16576748520504        0.49943437631300
O           -2.52673589836406        0.76281351606947        1.25240242185972
C           -3.07881559482448       -1.45777118061018        0.49237962354548
H            3.05223625036354       -1.89923168875917        0.49386623212150
H            4.09560229265498       -1.28993174700080       -0.83148233180586
H            2.59125433440987       -2.13721947121965       -1.19576987244243
H            0.11178688536807        0.97265749006924        1.53240569621048
H            1.15931610168409        1.90701571156132        0.40871742958102
H           -0.11177640680911        0.97671900851938       -1.53051089741320
H           -1.15861588671510        1.90895460349835       -0.40444072921251
H           -3.06695552530307       -1.88802040768135       -0.50329618682493
H           -4.09302526015556       -1.29171637035743        0.84133202022427
H           -2.58430052565459       -2.14395439241495        1.17716098079910
20
 energy: -34.248243449628 gnorm: 0.000073400573 xtb: 6.7.1 (edcfbbe)
C            3.07623508810914       -1.45902196827101       -0.49702330918048
C            2.32452548581438       -0.16619750345536       -0.50037164243880
O            2.52651741601945        0.76414118382259       -1.25083360723859
O            1.37456338129104       -0.15007778795455        0.43877451943280
C            0.54778045533001        1.00911702107550        0.53361161463618
C           -0.54780698436220        1.01096192122208       -0.53166605716524
O           -1.37550312950599       -0.14781861612517       -0.43995806429983
C           -2.32535379632661       -0.16577530643529        0.49930369352068
O           -2.52645792538311        0.76261570359084        1.25239619147324
C           -3.07808635413816       -1.45798506470314        0.49233099412503
H            3.05155011461631       -1.89952561374525        0.49386183808918
H            4.09488490863354       -1.29044102511953       -0.83156550564668
H            2.59028739696752       -2.13726455695672       -1.19569179219585
H            0.11141417139258        0.97288912590138        1.53246939678535
H            1.15921189241356        1.90733315123763        0.40907599430952
H           -0.11143964022373        0.97703636098983       -1.53060607562669
H           -1.15852312350703        1.90933488039667       -0.40476368097388
H           -3.06618811815013       -1.88837192613688       -0.50326056045646
H           -4.09229395457110       -1.29224450219600        0.84135842102578
H           -2.58332533019242       -2.14394144452014        1.17713865029814
20
 energy: -34.248243747624 gnorm: 0.000097627517 xtb: 6.7.1 (edcfbbe)
C            3.07518330950202       -1.45932902093318       -0.49695821404186
C            2.32384841119177       -0.16629454276752       -0.50024295563181
O            2.52591447542293        0.76384737418407       -1.25090240364059
O            1.37426516859222       -0.14969208302709        0.43926226608862
C            0.54749992712095        1.00956155720241        0.53385375762902
C           -0.54757302011108        1.01149083933660       -0.53192923880643
O           -1.37532668783837       -0.14730325058772       -0.44055888731608
C           -2.32474845199011       -0.16578978041902        0.49910544073301
O           -2.52587739458245        0.76235454051836        1.25247475965792
C           -3.07698303690153       -1.45828859875827        0.49228174216464
H            3.05051302006860       -1.89995815330263        0.49386370373284
H            4.09383059545708       -1.29106214312460       -0.83165193307958
H            2.58891310117250       -2.13732641932115       -1.19564485213517
H            0.11064670441397        0.97312873572726        1.53249521537137
H            1.15901493211163        1.90778650764358        0.40981919419655
H           -0.11073670803758        0.97743287898079       -1.53066177385916
H           -1.15831025664480        1.90990042039004       -0.40542064464950
H           -3.06497275819685       -1.88890784052830       -0.50319639149013
H           -4.09122324170850       -1.29291982321169        0.84136170988960
H           -2.58188613481535       -2.14386716538446        1.17723052366015
20
 energy: -34.248244042087 gnorm: 0.000073031382 xtb: 6.7.1 (edcfbbe)
C            3.07388130089507       -1.45970125406784       -0.49690741777055
C            2.32310266275687       -0.16633703026939       -0.49996459045809
O            2.52498058845796        0.76347863606647       -1.25110921388199
O            1.37391745045711       -0.14923901518754        0.43993368155176
C            0.54713521528416        1.01005311155065        0.53416844966303
C           -0.54727841706692        1.01208780748653       -0.53228381216059
O           -1.37506751291304       -0.14673394936759       -0.44131865473157
C           -2.32393982506650       -0.16582999824424        0.49888318483292
O           -2.52496395655805        0.76200725905973        1.25268477697974
C           -3.07563368834279       -1.45864738479001        0.49223153493814
H            3.04920763889477       -1.90036178657222        0.49389897583798
H            4.09253521018339       -1.29182730884709       -0.83179424775653
H            2.58720035900423       -2.13744665866484       -1.19557245712075
H            0.10966227698326        0.97345968335846        1.53253070916669
H            1.15873230452361        1.90828467506288        0.41069067521607
H           -0.10984924619255        0.97794633737603       -1.53075020615738
H           -1.15805089486906        1.91052456453731       -0.40622203295382
H           -3.06336900844025       -1.88945306420264       -0.50316282459626
H           -4.08996688568925       -1.29367534259722        0.84125534515762
H           -2.58024361807501       -2.14382524906998        1.17738914271696
20
 energy: -34.248244280024 gnorm: 0.000062903676 xtb: 6.7.1 (edcfbbe)
C            3.07261958979041       -1.46007584269328       -0.49679925027940
C            2.32211269727655       -0.16655439673739       -0.50001497101963
O            2.52406476303319        0.76306832202037       -1.25139741719908
O            1.37349139462542       -0.14881999249244        0.44043549706735
C            0.54688733021003        1.01062422571881        0.53442516760532
C           -0.54704948611890        1.01271182839780       -0.53252426750701
O           -1.37476445277532       -0.14619961737027       -0.44194309281934
C           -2.32309518890528       -0.16594391609886        0.49878434760926
O           -2.52402169242831        0.76157459270514        1.25302303662162
C           -3.07432604075519       -1.45902777714832        0.49212995975199
H            3.04778317098091       -1.90067247669298        0.49403516347890
H            4.09132997231097       -1.29253005113196       -0.83168819685796
H            2.58573527227233       -2.13767447289954       -1.19546136757625
H            0.10893610753454        0.97400238281750        1.53257166852798
H            1.15861779799785        1.90880471733722        0.41129416872197
H           -0.10914710220228        0.97859558608436       -1.53077881638310
H           -1.15789861189502        1.91112830315221       -0.40675273057879
H           -3.06169522863468       -1.88993223469964       -0.50321839778698
H           -4.08878774127430       -1.29441457145514        0.84095998546845
H           -2.57880059681588       -2.14390057619611        1.17750053162810
20
 energy: -34.248244457932 gnorm: 0.000048576852 xtb: 6.7.1 (edcfbbe)
C            3.07167754747521       -1.46040189569389       -0.49666792383715
C            2.32154778374074       -0.16666263184604       -0.49997042427358
O            2.52336875168014        0.76265280869481       -1.25178100065841
O            1.37325333106699       -0.14843148367969        0.44079691630972
C            0.54679746894414        1.01113334164875        0.53451111082821
C           -0.54697440998770        1.01323748210431       -0.53262032344233
O           -1.37452858231830       -0.14580296008101       -0.44231393268249
C           -2.32246137433399       -0.16610129176197        0.49880116113141
O           -2.52329012287051        0.76111913566779        1.25344115125840
C           -3.07338686779833       -1.45935686132607        0.49197894570682
H            3.04672891302481       -1.90089261672197        0.49421244769902
H            4.09042529840725       -1.29315895681973       -0.83158403031703
H            2.58461580774126       -2.13792687395230       -1.19527796899465
H            0.10862047751250        0.97462536605352        1.53255470457122
H            1.15866085214273        1.90923372487340        0.41146940959092
H           -0.10884887756424        0.97925413432373       -1.53077420438939
H           -1.15795327960401        1.91157333159034       -0.40691536119928
H           -3.06038437907206       -1.89028609595041       -0.50335583417266
H           -4.08797827256087       -1.29497554043846        0.84053985847442
H           -2.57789811139875       -2.14406808406764        1.17753631687024
20
 energy: -34.248244644767 gnorm: 0.000036595345 xtb: 6.7.1 (edcfbbe)
C            3.07084030221599       -1.46074608486497       -0.49648280803675
C            2.32103305442248       -0.16682061288981       -0.50002348311195
O            2.52276644108727        0.76214407734727       -1.25229518879462
O            1.37303412442302       -0.14802578187396        0.44103903596018
C            0.54679597492340        1.01170347093551        0.53453134053349
C           -0.54696545209844        1.01379455419279       -0.53262942353574
O           -1.37428251236803       -0.14542185995394       -0.44253717354712
C           -2.32190724436888       -0.16630417375344        0.49888529188792
O           -2.52262469389111        0.76054626189743        1.25401251222539
C           -3.07256573528054       -1.45971198816939        0.49176484996236
H            3.04571704749615       -1.90105505158789        0.49447519573062
H            4.08965344937410       -1.29381001480447       -0.83136414961941
H            2.58367152096875       -2.13826287167481       -1.19502788746875
H            0.10862911678215        0.97547349741143        1.53259147842435
H            1.15881121874779        1.90966916595943        0.41129656472631
H           -0.10884358033510        0.98007789980277       -1.53079598694208
H           -1.15811307980268        1.91198720009878       -0.40675277661707
H           -3.05910886432256       -1.89059628644780       -0.50358447282044
H           -4.08732283102464       -1.29554111189489        0.83995931424698
H           -2.57722630272209       -2.14433625711255        1.17751878526973
20
 energy: -34.248244898674 gnorm: 0.000040345230 xtb: 6.7.1 (edcfbbe)
C            3.06983279119440       -1.46123486745185       -0.49618167280136
C            2.32041917935912       -0.16708609947515       -0.50019702472851
O            2.52211677792514        0.76137671028402       -1.25308798960907
O            1.37277991814698       -0.14747418325262        0.44121556070809
C            0.54692846250981        1.01254877078740        0.53442357718231
C           -0.54707292828333        1.01459671961263       -0.53250274831708
O           -1.37395886128019       -0.14494181320351       -0.44265507660485
C           -2.32120633467891       -0.16666246954900        0.49913368001453
O           -2.52188754326304        0.75968391786903        1.25488043341470
C           -3.07159612559637       -1.46021974624739        0.49141422598926
H            3.04441602131003       -1.90124779113936        0.49489808097127
H            4.08875174966196       -1.29469598359298       -0.83093948463104
H            2.58260240890860       -2.13879536694657       -1.19464100201161
H            0.10895480622565        0.97680338533766        1.53258427156778
H            1.15917932444371        1.91029536799015        0.41072235372540
H           -0.10913762092654        0.98134138027312       -1.53076563236367
H           -1.15849190973883        1.91254954549492       -0.40620042377704
H           -3.05742163073929       -1.89100332858041       -0.50396573103265
H           -4.08661145702781       -1.29628299695969        0.83897197718353
H           -2.57660507392408       -2.14478711863292        1.17747364359342
20
 energy: -34.248245232822 gnorm: 0.000039592044 xtb: 6.7.1 (edcfbbe)
C            3.06842661855590       -1.46195828933349       -0.49572883297359
C            2.31955168839390       -0.16749352654257       -0.50050234309551
O            2.52129194528128        0.76027124936617       -1.25424227374257
O            1.37239982707256       -0.14669960586139        0.44137703125544
C            0.54716425458148        1.01378475385254        0.53424791888224
C           -0.54725937705363        1.01577776294235       -0.53226907147283
O           -1.37352687074652       -0.14422703998628       -0.44277560371657
C           -2.32036544973015       -0.16710851496934        0.49939586200262
O           -2.52095241763592        0.75844191377434        1.25614334237555
C           -3.07022534388309       -1.46097747273678        0.49089927455991
H            3.04253230243304       -1.90155212351230        0.49552569183228
H            4.08752049772284       -1.29597834432820       -0.83023974478098
H            2.58117172711320       -2.13959178517946       -1.19409703997770
H            0.10962091775760        0.97880800402938        1.53262659178237
H            1.15980240244771        1.91115776858298        0.40975125911929
H           -0.10973071079393        0.98325925489228       -1.53073827144582
H           -1.15909765378807        1.91334113731096       -0.40522638285983
H           -3.05495338853363       -1.89166008079979       -0.50450718017859
H           -4.08563659579811       -1.29741290091687        0.83749113532839
H           -2.57574241916944       -2.14541812796704        1.17744965557930
20
 energy: -34.248245552146 gnorm: 0.000050840630 xtb: 6.7.1 (edcfbbe)
C            3.06678830245628       -1.46280818949027       -0.49523593086173
C            2.31855347434269       -0.16796912524489       -0.50084925279166
O            2.52040426367830        0.75901220632666       -1.25552291653458
O            1.37191423700756       -0.14583641279218        0.44150876678791
C            0.54741962972188        1.01521033460150        0.53402104413887
C           -0.54749087147371        1.01717818828743       -0.53200786061228
O           -1.37293915699637       -0.14344149471242       -0.44282414880443
C           -2.31921142733611       -0.16772562751067        0.49987304723038
O           -2.51999828048916        0.75706942732218        1.25748902619670
C           -3.06862489822734       -1.46185424835279        0.49032022349774
H            3.04027412813409       -1.90193551595763        0.49620751969733
H            4.08611014327694       -1.29747227374347       -0.82939470929154
H            2.57952239472752       -2.14049418719162       -1.19354928475989
H            0.11035886350264        0.98111205943992        1.53264544579622
H            1.16049999459352        1.91215426676623        0.40860175125393
H           -0.11044561100308        0.98553547825128       -1.53071999391350
H           -1.15982050387304        1.91427909951328       -0.40406511491494
H           -3.05189420336013       -1.89248380716068       -0.50508518502792
H           -4.08456499404623       -1.29867191775252        0.83557812533007
H           -2.57486353040922       -2.14609422798187        1.17759046605672
20
 energy: -34.248245803793 gnorm: 0.000034379739 xtb: 6.7.1 (edcfbbe)
C            3.06521446199647       -1.46360568359512       -0.49481657451468
C            2.31762458322412       -0.16839634436545       -0.50111691636920
O            2.51962359058980        0.75790306076081       -1.25657073748757
O            1.37145972289989       -0.14505674664250        0.44166849944294
C            0.54765824651470        1.01651622650401        0.53383210417507
C           -0.54769343694159        1.01847466184734       -0.53175041582469
O           -1.37248930583944       -0.14265270827967       -0.44300128724872
C           -2.31836645872520       -0.16813598049576        0.50003693503771
O           -2.51918419636307        0.75587611916173        1.25859129891562
C           -3.06704977030753       -1.46268689844661        0.48984162112625
H            3.03811027591065       -1.90239587406902        0.49675654241727
H            4.08474493421806       -1.29887372215450       -0.82862950083052
H            2.57792349825067       -2.14125600511070       -1.19314147892617
H            0.11094398669485        0.98315123186215        1.53262580358335
H            1.16117812287550        1.91306997256556        0.40770371417999
H           -0.11098396054528        0.98759367282070       -1.53062787312370
H           -1.16045935673967        1.91518212919448       -0.40308083303223
H           -3.04896717862253       -1.89341529319699       -0.50548851314963
H           -4.08346605223870       -1.29995402426516        0.83389972797177
H           -2.57382975262465       -2.14657376147784        1.17784890213053
20
 energy: -34.248245957399 gnorm: 0.000026393921 xtb: 6.7.1 (edcfbbe)
C            3.06411882533246       -1.46411655999092       -0.49459755793755
C            2.31700299981311       -0.16862613629786       -0.50122258085614
O            2.51912818185439        0.75729640389157       -1.25711489118178
O            1.37111772945595       -0.14457166600746        0.44181834703781
C            0.54772120421296        1.01730515108100        0.53378839955076
C           -0.54775996147035        1.01929991723820       -0.53167812430778
O           -1.37214311443015       -0.14213938790609       -0.44315686059401
C           -2.31773022735023       -0.16838132080650        0.50014158101254
O           -2.51871541146975        0.75524545088625        1.25912656010719
C           -3.06593923463024       -1.46321159000300        0.48958291625358
H            3.03661974888820       -1.90279779309394        0.49701406542884
H            4.08379104460665       -1.29978705304842       -0.82817761758437
H            2.57678114493291       -2.14165687066285       -1.19299623151908
H            0.11117611010740        0.98434036822792        1.53267264499811
H            1.16151414623703        1.91361463974401        0.40730515195251
H           -0.11122400544396        0.98886478162220       -1.53064779513660
H           -1.16079824448174        1.91575739005188       -0.40261021393877
H           -3.04688297287249       -1.89414948793700       -0.50563845077449
H           -4.08270069043737       -1.30077618943514        0.83276926757384
H           -2.57308531862778       -2.14674601493638        1.17820240838881
20
 energy: -34.248246076663 gnorm: 0.000024655848 xtb: 6.7.1 (edcfbbe)
C            3.06327010213702       -1.46448285778246       -0.49450446139015
C            2.31657209689754       -0.16875303775381       -0.50121580008420
O            2.51881779918468        0.75694459620969       -1.25734619996257
O            1.37085972838268       -0.14423787912549        0.44197907290289
C            0.54771985554680        1.01783665972928        0.53379858883331
C           -0.54776607189207        1.01987116234904       -0.53166459101389
O           -1.37189553795801       -0.14176658964744       -0.44333593848463
C           -2.31729771885518       -0.16850510640413        0.50012574597406
O           -2.51845687161871        0.75490453839578        1.25932668161072
C           -3.06506736239975       -1.46358743518911        0.48946090504949
H            3.03546628557467       -1.90316882024932        0.49709514911704
H            4.08305076386180       -1.30047479248214       -0.82791812290117
H            2.57583596285276       -2.14184312701378       -1.19301303163829
H            0.11115888807970        0.98507375661656        1.53268191402117
H            1.16168697443109        1.91400917428101        0.40720101455631
H           -0.11122450598337        0.98969013992553       -1.53063817197312
H           -1.16096834328929        1.91619057722162       -0.40242636365671
H           -3.04525164604150       -1.89479461245294       -0.50562612632055
H           -4.08209591321673       -1.30140815885115        0.83198369119901
H           -2.57242253146709       -2.14673415515927        1.17861706263468
20
 energy: -34.248246175475 gnorm: 0.000022538095 xtb: 6.7.1 (edcfbbe)
C            3.06255637309007       -1.46476271668598       -0.49447562457391
C            2.31620762037046       -0.16883231840998       -0.50118724465361
O            2.51860146381385        0.75675520215099       -1.25741476918978
O            1.37063567423016       -0.14399146309595        0.44213646711229
C            0.54768277156816        1.01822403298924        0.53385290058465
C           -0.54773256570493        1.02029635315711       -0.53169016442300
O           -1.37169166892461       -0.14147493555554       -0.44351892248697
C           -2.31696977585954       -0.16855920785369        0.50005261497349
O           -2.51830088323129        0.75472944973689        1.25935679254595
C           -3.06432934073455       -1.46387697691003        0.48940870325313
H            3.03448060523452       -1.90354296590191        0.49707316715170
H            4.08243148960530       -1.30100851857758       -0.82772009257270
H            2.57504575828980       -2.14190720019296       -1.19314201252978
H            0.11105558364223        0.98556357974372        1.53271050583343
H            1.16178447657992        1.91430088061372        0.40725539341193
H           -0.11112618053714        0.99026714199898       -1.53063994593146
H           -1.16105381992494        1.91652363294338       -0.40239655789090
H           -3.04382573067886       -1.89542613117779       -0.50551361853033
H           -4.08159633139931       -1.30190978073055        0.83132279123570
H           -2.57186356520228       -2.14660402562463        1.17911063515358
