17
 energy: -438.061326303134 gnorm: 0.003293522090 xtb: 6.7.1 (edcfbbe)
C           -1.85079789790066       -1.40332345132536       -0.50512488233401
C           -1.50937129640340        0.07004992452201       -0.29042578174177
C           -2.76617434616652        0.90119409188780       -0.02297410734140
C           -0.57199691071894        0.25521369571032        0.89383881718079
O            0.66543575773633       -0.51696988289342        0.76632712554146
N            1.63377516370702        0.05786461390071       -0.07354414047471
O            2.61699815980808       -0.63996275247263       -0.19390780594009
O            1.41445638037809        1.14212166559991       -0.56060691477437
H           -2.52360402856911       -1.51659547102756       -1.36097701757131
H           -2.35251296540803       -1.81427451222595        0.37941274756121
H           -0.95506651513517       -2.00166264983723       -0.69957585043079
H           -1.01810598260449        0.46069059089535       -1.18985188246906
H           -2.52691654027882        1.96202569450124        0.10472621373955
H           -3.27454187913613        0.55204540468874        0.88326042687746
H           -3.46531945385939        0.80781025647394       -0.85932660672210
H           -0.32015390162730        1.30321020163852        1.07532279490706
H           -1.00117802765199       -0.17563309307711        1.80380383388565
17
 energy: -438.061323254347 gnorm: 0.002968536660 xtb: 6.7.1 (edcfbbe)
C           -1.85058891350233       -1.40304174097183       -0.50508694459420
C           -1.50943815913096        0.07024624741702       -0.29107896742846
C           -2.76628884279802        0.90059309159606       -0.02299300081133
C           -0.57243402152056        0.25585111629545        0.89322830562803
O            0.66576575977530       -0.51592272257480        0.76762103326466
N            1.63647510633351        0.05936566390346       -0.06941733972563
O            2.61469938743984       -0.64209197355462       -0.19741026923833
O            1.41608372774153        1.14095685294872       -0.56041694304373
H           -2.52336236956733       -1.51716720668203       -1.36073785895058
H           -2.35201103821115       -1.81452629732128        0.37904645520434
H           -0.95501718856419       -2.00103450726113       -0.69974468789256
H           -1.01881032495098        0.46087014623855       -1.19075990719108
H           -2.52702787090670        1.96129644444041        0.10524473917780
H           -3.27436835641671        0.55123281459663        0.88336349282010
H           -3.46610237128746        0.80817863852243       -0.85882059149713
H           -0.32062656194334        1.30381545067487        1.07504100156650
H           -1.00202227258325       -0.17481788235576        1.80329832272526
17
 energy: -438.061334208535 gnorm: 0.001576197122 xtb: 6.7.1 (edcfbbe)
C           -1.85043690964754       -1.40282033003291       -0.50499632878608
C           -1.50973280319171        0.07041751816763       -0.29162631078110
C           -2.76652030320124        0.90007390916939       -0.02277248729149
C           -0.57280240921418        0.25661869824797        0.89246015838885
O            0.66549301356064       -0.51566927243434        0.76759256327277
N            1.63569392309772        0.05683903202608       -0.07222801298225
O            2.61495462124557       -0.64178843152056       -0.19614841667183
O            1.41932226669205        1.14131457063908       -0.55735852751344
H           -2.52325815572627       -1.51780737838490       -1.36040484483917
H           -2.35145116342488       -1.81478522553145        0.37884937122053
H           -0.95497250804010       -2.00042940152687       -0.69994857074118
H           -1.01987820520931        0.46098455982023       -1.19167950766511
H           -2.52728343777065        1.96066667976569        0.10603960460785
H           -3.27423076095835        0.55038183365720        0.88370120826681
H           -3.46700771545599        0.80859142779509       -0.85807933886393
H           -0.32050112065375        1.30454429406564        1.07394065099163
H           -1.00246260510321       -0.17332851631319        1.80303496874639
17
 energy: -438.061335392627 gnorm: 0.001097036269 xtb: 6.7.1 (edcfbbe)
C           -1.84976359445573       -1.40305382072804       -0.50536459581752
C           -1.50977895063838        0.07041549644318       -0.29131989282897
C           -2.76665879583451        0.90035221846642       -0.02253091650005
C           -0.57270855219435        0.25705460774483        0.89262751614519
O            0.66480556077182       -0.51624777947949        0.76789525218107
N            1.63514080313151        0.05651806618295       -0.07211198175250
O            2.61445778234111       -0.64356726246314       -0.19655568730455
O            1.41864978127253        1.14186746502936       -0.55747820699948
H           -2.52288422418655       -1.51767565068839       -1.36076726215325
H           -2.35064082181930       -1.81453028163223        0.37910634025243
H           -0.95389817168074       -2.00061158767915       -0.70033564708949
H           -1.01974816362463        0.46118236583337       -1.19132728202166
H           -2.52794635560804        1.96112040925513        0.10663963531966
H           -3.27428432359432        0.54992352889392        0.88368105026867
H           -3.46675149238538        0.80834605788922       -0.85819587710248
H           -0.32038675640309        1.30509830182594        1.07333737585099
H           -1.00267796403129       -0.17238834593413        1.80307655164882
17
 energy: -438.061336335795 gnorm: 0.000478748167 xtb: 6.7.1 (edcfbbe)
C           -1.84943017205091       -1.40273963548240       -0.50537571049335
C           -1.50973775517821        0.07077245928010       -0.29163527449297
C           -2.76697355080065        0.89988314451652       -0.02241667434637
C           -0.57287740157660        0.25761819326785        0.89238575404464
O            0.66467206784278       -0.51586979414793        0.76845457333314
N            1.63551224949483        0.05594094176368       -0.07176065619681
O            2.61361330282536       -0.64484181107315       -0.19713025893746
O            1.41983294921766        1.14121944251118       -0.55701738659204
H           -2.52262801114802       -1.51777146932635       -1.36062038771627
H           -2.34991887048541       -1.81472452685841        0.37899523343017
H           -0.95346440649365       -1.99986812894027       -0.70064152387485
H           -1.02007125609798        0.46178383848545       -1.19172474256042
H           -2.52843220592772        1.96059747031955        0.10732247962606
H           -3.27444356093064        0.54898392221593        0.88372569637424
H           -3.46725859031043        0.80837904946567       -0.85795249887414
H           -0.32030316794800        1.30565512301628        1.07271267718092
H           -1.00316582411130       -0.17121466455155        1.80305497324688
17
 energy: -438.061336335795 gnorm: 0.000478748167 xtb: 6.7.1 (edcfbbe)
C           -1.84943017205091       -1.40273963548240       -0.50537571049335
C           -1.50973775517821        0.07077245928010       -0.29163527449297
C           -2.76697355080065        0.89988314451652       -0.02241667434637
C           -0.57287740157660        0.25761819326785        0.89238575404464
O            0.66467206784278       -0.51586979414793        0.76845457333314
N            1.63551224949483        0.05594094176368       -0.07176065619681
O            2.61361330282536       -0.64484181107315       -0.19713025893746
O            1.41983294921766        1.14121944251118       -0.55701738659204
H           -2.52262801114802       -1.51777146932635       -1.36062038771627
H           -2.34991887048541       -1.81472452685841        0.37899523343017
H           -0.95346440649365       -1.99986812894027       -0.70064152387485
H           -1.02007125609798        0.46178383848545       -1.19172474256042
H           -2.52843220592772        1.96059747031955        0.10732247962606
H           -3.27444356093064        0.54898392221593        0.88372569637424
H           -3.46725859031043        0.80837904946567       -0.85795249887414
H           -0.32030316794800        1.30565512301628        1.07271267718092
H           -1.00316582411130       -0.17121466455155        1.80305497324688
