----------------------------------------------- 
  Element       SASA      Sigma Z        Total  
     Z         Ang**2 cal/Ang**2/mol   kcal/mol 
----------------------------------------------- 
      H         94.615      48.690       4.607
      C         70.685     129.740       9.171
      O         60.885       0.000       0.000
      Cl        29.482       9.820       0.290

 Subtotal:     255.667                  14.067
 -----------------------------------------------

  Elements    COT*SASA   Sigma Z,Z'     Total   
    Z,Z'       Ang**2  cal/Ang**2/mol kcal/mol  
 ---------------------------------------------- 
  H   C         57.308     -60.770      -3.483
  H   O          6.781       0.000       0.000
  C   C         63.849     -72.950      -4.658
  O   C         25.538      68.690       1.754
  O   O          0.000       0.000       0.000

 Subtotal:                              -6.386
 ---------------------------------------------- 

 NONAQUEOUS SOLVENT CONTRIBUTION (kcal/mol):
 (proportional to SASA, atomic number independent)
 ---------------------------------------------- 
 Subtotal:                               0.000
 ---------------------------------------------- 

 CDS TOTAL (kcal/mol):                   7.681
...............................................................................
