26
 energy: -36.689380268346 gnorm: 0.028094399081 xtb: 6.7.1 (edcfbbe)
C           -3.44992895113579        0.05258163573689       -1.31270625168941
C           -3.15552580639475       -0.97888315211769       -0.22859647407933
C           -2.41371361276756       -0.38531191288959        0.98167225149469
C           -1.05019540304294        0.15256697357283        0.63184546725639
C           -0.81927849086689        1.51758566683387        0.48631440758743
C            0.44300950090863        1.99243819117290        0.12277651254363
C            1.48706167955901        1.10824558676521       -0.09760860459184
C            1.27041181410540       -0.27518345940653        0.04240422744715
C            0.00959423963351       -0.73839531158236        0.40357348138220
O            2.36405775195841       -1.06927345208911       -0.19219024746949
C            2.18116941611836       -2.48512699542425       -0.04464605375515
O            2.75767235403074        1.51323000320105       -0.44796982049088
H           -4.03384400505305        0.88776961750002       -0.90839236065141
H           -2.52635016283399        0.46575523824585       -1.73233572600794
H           -4.02135198644523       -0.39066630140878       -2.13466020915865
H           -2.55873783198126       -1.79944162599175       -0.64694999273130
H           -4.09538650949255       -1.42048635368597        0.12421470616549
H           -2.31450672801281       -1.16139881196820        1.74999908616185
H           -3.02072118567131        0.42119335573539        1.40973182543186
H           -1.62726107308717        2.22350400422150        0.65435140243872
H            0.62322735392016        3.05880114809523        0.01242867818046
H           -0.16554726304770       -1.80257593453504        0.51792059683191
H            1.88852552144800       -2.73830095625367        0.98069881260835
H            3.15032189157547       -2.93208692979253       -0.26929284639502
H            1.43109062565608       -2.86059372017721       -0.74988676307715
H            2.76683880904547        2.47948208923619       -0.48940202466860
26
 energy: -36.690661475987 gnorm: 0.011585622809 xtb: 6.7.1 (edcfbbe)
C           -3.44291434341554        0.05554978745872       -1.30529076295682
C           -3.14834536667842       -0.97673711559788       -0.22757298401261
C           -2.41216367430459       -0.37623708995043        0.97879285161277
C           -1.05250955848423        0.15414126147587        0.61618064559523
C           -0.81939962308980        1.51159431518375        0.47590483659901
C            0.43853819051398        1.98182247413127        0.12380968192742
C            1.48068216549471        1.10035569509247       -0.09429526720291
C            1.26117677376511       -0.28215855781346        0.04550554065930
C            0.00062746110995       -0.73482325794674        0.39912697812565
O            2.35040059570450       -1.08030699016406       -0.18605908077396
C            2.18216244629046       -2.48600370424755       -0.04478846192633
O            2.74289977614907        1.50997893279187       -0.44340000526045
H           -4.02892657876301        0.87978192592299       -0.89859923617083
H           -2.51817033292685        0.46333236360687       -1.71303262564962
H           -4.00811520174686       -0.39422661801765       -2.12085802068863
H           -2.54788068342699       -1.78602259813506       -0.65285814412531
H           -4.08864254352038       -1.41193868852678        0.12242725738241
H           -2.30698120669157       -1.15336328869162        1.74103667196848
H           -3.01773891529372        0.42955644863720        1.40139349539360
H           -1.62026973756394        2.21674840937015        0.64652061731266
H            0.61264698947545        3.04417100858428        0.01713359803763
H           -0.18064889528289       -1.79200262129373        0.51685447842480
H            1.89289708163087       -2.73963472357352        0.97828323138524
H            3.15580230888099       -2.91538176083425       -0.27111982977932
H            1.43792949333706       -2.86023011317176       -0.75235995483130
H            2.75757532696290        2.47746309870330       -0.48944143028216
26
 energy: -36.690834928255 gnorm: 0.004003042681 xtb: 6.7.1 (edcfbbe)
C           -3.43744662210700        0.05941527272207       -1.30232535719910
C           -3.14528632055806       -0.97649480598444       -0.22607337237651
C           -2.41232879638713       -0.37441674708803        0.98025006868631
C           -1.05434357616300        0.15441578631908        0.61482616432176
C           -0.82184333528191        1.50964025870049        0.47288607032631
C            0.43477806291750        1.97688818228142        0.12134245696694
C            1.47749153872325        1.09667509899273       -0.09577009324908
C            1.25601060980018       -0.28571716576617        0.04460407641279
C           -0.00430912005067       -0.73400831948390        0.39787793243461
O            2.34341205225890       -1.08542957849260       -0.18408752262717
C            2.18260200982793       -2.48479219635098       -0.04518593146697
O            2.73450239269035        1.50901250149182       -0.44137241768763
H           -4.02719306041281        0.87685168422736       -0.89447817219600
H           -2.51132158333005        0.46890661153330       -1.69906130139048
H           -3.99492832332769       -0.39100420225963       -2.11994490602687
H           -2.53941343121144       -1.77864853628194       -0.65197363041426
H           -4.08446858029794       -1.41304995286044        0.12032136463805
H           -2.30425480899238       -1.14875770263933        1.74281998694885
H           -3.01759596646105        0.43209466284909        1.39665205649885
H           -1.62121900839369        2.21478694333827        0.63870557515578
H            0.60572932797464        3.03793136267742        0.01713773243074
H           -0.18870612401872       -1.78924813063933        0.51603197960764
H            1.89463414061103       -2.74545731500811        0.97592942961469
H            3.15901712541113       -2.90562826780593       -0.27158070416062
H            1.44262803308433       -2.86548542040704       -0.75300542930043
H            2.75448531182056        2.47694856892910       -0.49123197518430
26
 energy: -36.690863940040 gnorm: 0.001416304125 xtb: 6.7.1 (edcfbbe)
C           -3.43400426426261        0.06179874285676       -1.30053439583766
C           -3.14338696753588       -0.97740144526822       -0.22563157315806
C           -2.41412959053625       -0.37422760581028        0.98246021142628
C           -1.05632466936843        0.15440747468522        0.61620111905261
C           -0.82445420151435        1.50968630647602        0.47165185638263
C            0.43266368104003        1.97575457844274        0.11932819921029
C            1.47636432239594        1.09584736392459       -0.09675023440899
C            1.25400351775750       -0.28659222561153        0.04453229016318
C           -0.00633808489536       -0.73414929068193        0.39880105172490
O            2.34108684354776       -1.08672374202303       -0.18370083673512
C            2.18337821562730       -2.48419512089800       -0.04603677944347
O            2.73150179782828        1.50849143231556       -0.44161028733130
H           -4.02853242825737        0.87548567196115       -0.89236710060568
H           -2.50654956644883        0.47532589111610       -1.68968547801116
H           -3.98499887762198       -0.38791499734024       -2.12273226301877
H           -2.53437028063122       -1.77670633382032       -0.65177675365552
H           -4.08243911055537       -1.41619236804652        0.11726498099919
H           -2.30621339859298       -1.14699770996956        1.74632910415488
H           -3.01991129939606        0.43296884561112        1.39620475910176
H           -1.62361785568847        2.21540096139623        0.63604049950710
H            0.60259007410459        3.03684548431581        0.01402620714039
H           -0.19123878777654       -1.78958918275151        0.51712886855678
H            1.89512170672276       -2.74959966349762        0.97436366212197
H            3.16098118863408       -2.90316249454133       -0.27186654045501
H            1.44498199722823       -2.86944582625874       -0.75390270881964
H            2.75446798632148        2.47631384641182       -0.49444377729768
26
 energy: -36.690879691028 gnorm: 0.001994538130 xtb: 6.7.1 (edcfbbe)
C           -3.42841957430108        0.06547511443984       -1.29804761791986
C           -3.14033786328072       -0.97829341529112       -0.22559212241899
C           -2.41721365292217       -0.37486927772813        0.98623557315668
C           -1.05882008806729        0.15406439465064        0.62144088139765
C           -0.82804847058827        1.50967812047209        0.47199813438000
C            0.42918840394671        1.97465975890387        0.11594155712754
C            1.47429659980156        1.09521356623903       -0.09872288009568
C            1.25139434023751       -0.28716163247920        0.04549477141928
C           -0.00832967530876       -0.73468777132786        0.40293704393734
O            2.33851159591193       -1.08761857568787       -0.18355968446178
C            2.18423376683242       -2.48365457892203       -0.04764043695646
O            2.72779574416562        1.50713828957968       -0.44429626923476
H           -4.03403356426014        0.87187081207956       -0.89038035764736
H           -2.49931926654952        0.48931473230668       -1.67335654215246
H           -3.96627217328022       -0.38273495850723       -2.13019875270332
H           -2.52593727427209       -1.77355115997015       -0.65185222863485
H           -4.07942797294115       -1.42221053843497        0.11059139600864
H           -2.31172653985280       -1.14583822973144        1.75237586819405
H           -3.02489288922274        0.43296702329326        1.39642481793289
H           -1.62751716790722        2.21616173441846        0.63395986270114
H            0.59785280406601        3.03605421011964        0.00628390850688
H           -0.19258033407037       -1.79080380567202        0.52214495164756
H            1.89495397380118       -2.75466758001654        0.97206834024498
H            3.16311374173225       -2.90173598367837       -0.27239962790804
H            1.44752541946505       -2.87382991860355       -0.75611891801252
H            2.75464206499056        2.47448826254202       -0.50243758774461
26
 energy: -36.690887277371 gnorm: 0.001100808579 xtb: 6.7.1 (edcfbbe)
C           -3.42723639333034        0.06636853836952       -1.29772473365666
C           -3.13888938381747       -0.97784424816296       -0.22643012677115
C           -2.41746448759041       -0.37534175684465        0.98677663132238
C           -1.05870003234354        0.15364875959241        0.62342406551835
C           -0.82815169845474        1.50911698262903        0.47308713056095
C            0.42845574062487        1.97452546223727        0.11568665054818
C            1.47340267480936        1.09515955503219       -0.09913693730554
C            1.25116250509134       -0.28707338384920        0.04671898450785
C           -0.00799820611974       -0.73500263951634        0.40543092859706
O            2.33850451357367       -1.08731683575380       -0.18334049047230
C            2.18349483313485       -2.48390504048355       -0.04774058555133
O            2.72709188410510        1.50638567536038       -0.44692712600744
H           -4.03756214483674        0.86990281677632       -0.89132540197573
H           -2.49877145115464        0.49465906857602       -1.66934312238346
H           -3.96035486084333       -0.38213321864794       -2.13268486918718
H           -2.52355277478394       -1.77250388158122       -0.65279584650769
H           -4.07785762428170       -1.42316584597001        0.10852297915737
H           -2.31331803456445       -1.14695398445238        1.75260681384520
H           -3.02573805105408        0.43221742036896        1.39702771776318
H           -1.62772337839278        2.21542880716054        0.63541621164007
H            0.59692645222656        3.03582255219082        0.00419673504280
H           -0.19135164406270       -1.79107363891229        0.52567037284505
H            1.89404707345019       -2.75412139836369        0.97197453476914
H            3.16214139003887       -2.90244105468868       -0.27252851515930
H            1.44661640446875       -2.87247764594994       -0.75672102080051
H            2.75345864223328        2.47354752787746       -0.50654689957539
26
 energy: -36.690896918358 gnorm: 0.000643398720 xtb: 6.7.1 (edcfbbe)
C           -3.42404677639535        0.06931449988830       -1.29689110816936
C           -3.13534263977940       -0.97663252307688       -0.22828644778114
C           -2.41776334780705       -0.37640204144788        0.98830728540918
C           -1.05842941018463        0.15277621525940        0.62807081587297
C           -0.82864699757144        1.50784604773332        0.47534857471440
C            0.42659996285087        1.97390666827282        0.11490898184861
C            1.47102450345858        1.09451053063444       -0.10062364298117
C            1.25033851170407       -0.28742742948726        0.04942854251700
C           -0.00760402431863       -0.73574096422948        0.41130575721529
O            2.33802145817835       -1.08718666781720       -0.18181997697577
C            2.18167434212460       -2.48456536429243       -0.04769042066882
O            2.72419490238996        1.50465894402687       -0.45385112060596
H           -4.04780328905586        0.86383319345004       -0.89303471845390
H           -2.49667579635550        0.50999353390460       -1.65680382132066
H           -3.94332259090636       -0.38096126660313       -2.13964870726258
H           -2.51661378391435       -1.76827632595633       -0.65554068853990
H           -4.07376333351672       -1.42595573924742        0.10314995739604
H           -2.31589418049941       -1.14963705740261        1.75282060327510
H           -3.02717971975060        0.43038846258338        1.39836424582867
H           -1.62857177469923        2.21364013377310        0.63768775731091
H            0.59429215193684        3.03483846788527        0.00026611243165
H           -0.18957074705528       -1.79148491505667        0.53441536945283
H            1.89200125482846       -2.75439271194524        0.97163666630668
H            3.15999526391652       -2.90316890303363       -0.27290580645726
H            1.44462201275643       -2.86998197483762       -0.75770097526335
H            2.74909599579137        2.47153578001656       -0.51761915433557
26
 energy: -36.690899637517 gnorm: 0.000456722541 xtb: 6.7.1 (edcfbbe)
C           -3.42259486628743        0.07153003237602       -1.29616173748740
C           -3.13297690419959       -0.97635766401532       -0.22950158206833
C           -2.41790948608785       -0.37722541313281        0.98927007468198
C           -1.05845803761655        0.15239328972984        0.63028756019467
C           -0.82921525368456        1.50744355858462        0.47636640436816
C            0.42564120205370        1.97354658024158        0.11440362431328
C            1.46990019259176        1.09403842593398       -0.10167896836216
C            1.25008119159734       -0.28779018955815        0.05074552712740
C           -0.00741635367169       -0.73607196520110        0.41428922980620
O            2.33776107877296       -1.08740140972596       -0.18035851872454
C            2.18094279029721       -2.48505173482713       -0.04731458883283
O            2.72226383401518        1.50417614359854       -0.45802858267228
H           -4.05398623194897        0.86062520131879       -0.89390821870906
H           -2.49616984333758        0.51937508359338       -1.64908404478603
H           -3.93351894399725       -0.37924951896941       -2.14355692044669
H           -2.51222177601384       -1.76596658308971       -0.65757424520463
H           -4.07093765644644       -1.42798182595330        0.09984845785771
H           -2.31672312986218       -1.15148123355534        1.75277457236449
H           -3.02805365891247        0.42889779516619        1.39946827116142
H           -1.62932526629368        2.21303886656102        0.63881251965116
H            0.59281341052998        3.03439782258325       -0.00152213946167
H           -0.18914315307482       -1.79168717932414        0.53890080791305
H            1.89164298704457       -2.75557629140673        0.97188746602202
H            3.15899835789648       -2.90374643258780       -0.27336735785223
H            1.44333848825427       -2.86937666633390       -0.75729396419756
H            2.74589897650768        2.47092990098791       -0.52440956589222
26
 energy: -36.690900716350 gnorm: 0.000221724858 xtb: 6.7.1 (edcfbbe)
C           -3.42210922560257        0.07314632777295       -1.29578949969025
C           -3.13197385921554       -0.97603931687636       -0.23038551813954
C           -2.41776266952589       -0.37807891146188        0.98954197662994
C           -1.05831132739754        0.15219304500323        0.63155864169543
C           -0.82944219087554        1.50726678870223        0.47713207681434
C            0.42518734836545        1.97318864284599        0.11405233965189
C            1.46941172118300        1.09369784516308       -0.10252882675178
C            1.25017410147871       -0.28806987538109        0.05130678066874
C           -0.00714949113895       -0.73614845939829        0.41576249235011
O            2.33774368132204       -1.08774723304139       -0.17919256279675
C            2.18069307495243       -2.48535946919148       -0.04663804664096
O            2.72104794148476        1.50427722073507       -0.46069185710874
H           -4.05813717725735        0.85832340005000       -0.89347220436669
H           -2.49627204673895        0.52562490019599       -1.64419807509681
H           -3.92818702380931       -0.37780055655002       -2.14588771328998
H           -2.50968303822172       -1.76374081612856       -0.65957221497503
H           -4.06946928625206       -1.42961946295631        0.09752554084717
H           -2.31660787309065       -1.15313780073482        1.75218225580036
H           -3.02844470765512        0.42732452845177        1.40016632786591
H           -1.62964316731529        2.21277042188087        0.63950431760585
H            0.59202975693658        3.03402685773716       -0.00242707028102
H           -0.18895676677662       -1.79167116081633        0.54121817125714
H            1.89243073947737       -2.75645119692167        0.97275660138037
H            3.15837303017422       -2.90423783230027       -0.27397801118199
H            1.44214258270970       -2.86927159273639       -0.75589877366689
H            2.74354782091505        2.47096229895083       -0.52875306781691
26
 energy: -36.690901142216 gnorm: 0.000121368552 xtb: 6.7.1 (edcfbbe)
C           -3.42257029964941        0.07427824852239       -1.29531670551749
C           -3.13122864582122       -0.97608062895674       -0.23119552918035
C           -2.41758661508941       -0.37872014073285        0.98939398930545
C           -1.05827427104817        0.15201146989653        0.63161746392947
C           -0.82957884414918        1.50713913826138        0.47718193692029
C            0.42505579073693        1.97293719139350        0.11391263915065
C            1.46936271563436        1.09354525603106       -0.10289434474017
C            1.25041589171749       -0.28820538316782        0.05148859422428
C           -0.00693383978733       -0.73617173615734        0.41607650050370
O            2.33789804752480       -1.08800156494629       -0.17853741298094
C            2.18073304636359       -2.48547538589795       -0.04591568670992
O            2.72057875140644        1.50457377478605       -0.46177174805060
H           -4.06035452514177        0.85774639507687       -0.89256352346061
H           -2.49724056354616        0.52873750764897       -1.64221252644931
H           -3.92697567210451       -0.37651636731407       -2.14642312061852
H           -2.50831841712612       -1.76280231358382       -0.66127485023180
H           -4.06830741867014       -1.43067933232842        0.09632194708758
H           -2.31613520922393       -1.15437129862612        1.75137076283068
H           -3.02846712315668        0.42622065032295        1.40062125951229
H           -1.62970975269659        2.21265573589459        0.63977689864919
H            0.59179493378847        3.03378613625221       -0.00263819654173
H           -0.18881024693009       -1.79166911069440        0.54180678228160
H            1.89375764934676       -2.75674580765931        0.97384471221102
H            3.15800841877966       -2.90459506182053       -0.27458685397091
H            1.44114115644843       -2.86940350761127       -0.75412196861297
H            2.74237699052000        2.47123472840477       -0.53066693877698
26
 energy: -36.690901415905 gnorm: 0.000136410918 xtb: 6.7.1 (edcfbbe)
C           -3.42333432956534        0.07495188898642       -1.29499488633613
C           -3.13099500781974       -0.97607577552126       -0.23176788062122
C           -2.41735618157456       -0.37927499600616        0.98910643405817
C           -1.05813960917918        0.15183538313397        0.63153368553304
C           -0.82956860533309        1.50701024454706        0.47711449246210
C            0.42507059124980        1.97281341889167        0.11381976308707
C            1.46948632366294        1.09352424884801       -0.10304877539864
C            1.25068701406542       -0.28822510403874        0.05148899050264
C           -0.00666443844242       -0.73620581326849        0.41610065797903
O            2.33813538979668       -1.08811732614705       -0.17833380702204
C            2.18090014622267       -2.48550438052830       -0.04530923703447
O            2.72056610480081        1.50481472751395       -0.46206292695204
H           -4.06161681803441        0.85757767195734       -0.89142036533694
H           -2.49845281792816        0.53044544842332       -1.64173202092264
H           -3.92762038583245       -0.37543415132199       -2.14639795436433
H           -2.50764000894786       -1.76198010880183       -0.66269207638371
H           -4.06767072411146       -1.43163553067669        0.09560130227967
H           -2.31568410218857       -1.15533400476056        1.75063671256724
H           -3.02836980667401        0.42531650075798        1.40081286813048
H           -1.62970757929817        2.21252721503094        0.63969869449566
H            0.59179407812546        3.03367962743133       -0.00273845084179
H           -0.18847996137639       -1.79171386502552        0.54193958847301
H            1.89519230718004       -2.75659521596158        0.97488560620158
H            3.15778115427495       -2.90490664060497       -0.27519443712016
H            1.44029852601019       -2.86952719694221       -0.75243105582152
H            2.74202068904306        2.47146232707771       -0.53132084085018
26
 energy: -36.690901721509 gnorm: 0.000106616482 xtb: 6.7.1 (edcfbbe)
C           -3.42449244866443        0.07574843228920       -1.29451113748602
C           -3.13073102821268       -0.97606021669848       -0.23252093705742
C           -2.41712790428849       -0.37984960719696        0.98866332935989
C           -1.05797751064171        0.15157414435155        0.63132471636165
C           -0.82955323774609        1.50676094940599        0.47681571675623
C            0.42507346511457        1.97265311120277        0.11362835927416
C            1.46966169875486        1.09351164853255       -0.10309558561280
C            1.25098049653020       -0.28823488949906        0.05150675995250
C           -0.00633685977076       -0.73630767948669        0.41611678927621
O            2.33842612186710       -1.08819267478313       -0.17832999129006
C            2.18122251516670       -2.48548798278843       -0.04464949218878
O            2.72072181766423        1.50496901485125       -0.46195145641185
H           -4.06290623730400        0.85765520880586       -0.88964809924297
H           -2.50010693536233        0.53205737540433       -1.64161751882300
H           -3.92927272359163       -0.37415681117730       -2.14593177236439
H           -2.50683732280963       -1.76096284457802       -0.66450305410178
H           -4.06685741187704       -1.43282690555350        0.09476297475669
H           -2.31529703394422       -1.15634111124330        1.74973076374326
H           -3.02825585073399        0.42439660618662        1.40089259694999
H           -1.62974724135191        2.21224514117430        0.63926112932545
H            0.59175391429578        3.03353141023464       -0.00297543599176
H           -0.18796717582563       -1.79182501587396        0.54213009349743
H            1.89714913372316       -2.75618207852303        0.97613022897020
H            3.15765024525764       -2.90514647536957       -0.27602247706643
H            1.43940932020056       -2.86969659610949       -0.75041131213641
H            2.74205014167594        2.47159643943621       -0.53150110768611
26
 energy: -36.690901951652 gnorm: 0.000068297155 xtb: 6.7.1 (edcfbbe)
C           -3.42563522905856        0.07651904533810       -1.29404740823624
C           -3.13052494773038       -0.97599591933546       -0.23317881153659
C           -2.41692901883556       -0.38037330883985        0.98829560732342
C           -1.05781987453879        0.15127424126573        0.63116521834985
C           -0.82956111447807        1.50645340681549        0.47642711355074
C            0.42504092784921        1.97249833698855        0.11338148619440
C            1.46977461508284        1.09347171544631       -0.10308555071767
C            1.25120906110529       -0.28827795711321        0.05159051125714
C           -0.00603355701703       -0.73648976371158        0.41624295741009
O            2.33871433615439       -1.08818608559294       -0.17835563113988
C            2.18164515474579       -2.48546877912292       -0.04412149309880
O            2.72089176224511        1.50495775739772       -0.46174607458412
H           -4.06400596298424        0.85781898040224       -0.88796503845276
H           -2.50180552424202        0.53357620263181       -1.64166337861314
H           -3.93104205787757       -0.37281679472408       -2.14539945753629
H           -2.50607186060370       -1.75991961601413       -0.66614348244378
H           -4.06609707829948       -1.43396772261861        0.09403763743097
H           -2.31505455606379       -1.15722043972261        1.74899871558042
H           -3.02813682438609        0.42362341973254        1.40089353781538
H           -1.62988515595003        2.21184849066585        0.63861706215612
H            0.59160850408059        3.03337730901116       -0.00336586935193
H           -0.18744640790374       -1.79200209230677        0.54252097510468
H            1.89875424336716       -2.75578782429868        0.97707679072927
H            3.15778685898433       -2.90520810613850       -0.27652633850981
H            1.43901491624543       -2.86984262105355       -0.74891361727321
H            2.74224073823513        2.47156671789175       -0.53144138064436
26
 energy: -36.690902115344 gnorm: 0.000050016408 xtb: 6.7.1 (edcfbbe)
C           -3.42655165263937        0.07719437482691       -1.29361683951586
C           -3.13042210664515       -0.97591693970219       -0.23365877556306
C           -2.41682461052039       -0.38071993438599        0.98802712529351
C           -1.05771886549195        0.15100868772594        0.63102041094402
C           -0.82960212112411        1.50617434462949        0.47604393337633
C            0.42498030843864        1.97234599730782        0.11308950355230
C            1.46982222835263        1.09339279534505       -0.10309760700635
C            1.25136883575053       -0.28836487442905        0.05168219977941
C           -0.00582160842495       -0.73669185355404        0.41634496711860
O            2.33897927049795       -1.08814658458576       -0.17828140573607
C            2.18212170682566       -2.48545866289197       -0.04376088782429
O            2.72100607323166        1.50486722139607       -0.46157201208483
H           -4.06494530302329        0.85801002248587       -0.88658393503105
H           -2.50308170637509        0.53478043865286       -1.64153527498771
H           -3.93236293411699       -0.37177587805656       -2.14493734232636
H           -2.50559075408216       -1.75911442431733       -0.66739726175888
H           -4.06560626025157       -1.43472912573962        0.09348627397967
H           -2.31494174650984       -1.15784433257277        1.74844258409816
H           -3.02802702159864        0.42312649325985        1.40092817900585
H           -1.63005683224511        2.21147734674786        0.63800043796320
H            0.59142888303171        3.03322553598168       -0.00377850622788
H           -0.18709315299420       -1.79219878707096        0.54282372004915
H            1.89967562347707       -2.75558501168532        0.97759805479456
H            3.15822123491759       -2.90509926244265       -0.27649418262867
H            1.43926359593325       -2.86999806232850       -0.74820520586603
H            2.74241086371235        2.47146906839767       -0.53127407263381
26
 energy: -36.690902243904 gnorm: 0.000044641633 xtb: 6.7.1 (edcfbbe)
C           -3.42718326275420        0.07768452339583       -1.29331273220447
C           -3.13043069588796       -0.97581451133477       -0.23391722011539
C           -2.41675995166361       -0.38095737288651        0.98789003959245
C           -1.05765879089517        0.15079150602255        0.63089644625933
C           -0.82965498221300        1.50594556049674        0.47571380535575
C            0.42491573080456        1.97221384604311        0.11283314696391
C            1.46983546164918        1.09330938415560       -0.10309509871943
C            1.25147614569627       -0.28845967405304        0.05178588966609
C           -0.00568487989637       -0.73687380979675        0.41641325945513
O            2.33920551456217       -1.08809357936473       -0.17809596682803
C            2.18254395724617       -2.48544661776662       -0.04356419638892
O            2.72106281861326        1.50476497160670       -0.46145869390938
H           -4.06558148292758        0.85818435771924       -0.88570367871522
H           -2.50394771999949        0.53561937776540       -1.64137805488715
H           -3.93322470490232       -0.37100736995903       -2.14463990810934
H           -2.50540567345732       -1.75857459229429       -0.66815037154405
H           -4.06536883103259       -1.43511770887266        0.09322150370979
H           -2.31488151302766       -1.15825141726237        1.74813072839637
H           -3.02791053379511        0.42282520197422        1.40098922798915
H           -1.63021414203873        2.21117071677026        0.63748755186380
H            0.59124471720083        3.03309144252429       -0.00418482121282
H           -0.18687546240621       -1.79237770667164        0.54302245214115
H            1.89986231910628       -2.75556740817429        0.97771909588869
H            3.15878705824283       -2.90489767390327       -0.27601263256771
H            1.43995668702960       -2.87010281451047       -0.74821814682984
H            2.74252416487239        2.47136996137087       -0.53107754448596
26
 energy: -36.690902381898 gnorm: 0.000044392171 xtb: 6.7.1 (edcfbbe)
C           -3.42780490660943        0.07820480602741       -1.29296464481137
C           -3.13052042162987       -0.97571676406752       -0.23413575994534
C           -2.41669420353763       -0.38118834238239        0.98774593080140
C           -1.05759294373916        0.15056592548455        0.63076115119453
C           -0.82971242628872        1.50571305425797        0.47536684126136
C            0.42484273828458        1.97206562814079        0.11251219036932
C            1.46985537725164        1.09321645073244       -0.10312959979899
C            1.25161476075470       -0.28856291216250        0.05190904453402
C           -0.00553734524275       -0.73706001674488        0.41645588780924
O            2.33949123799199       -1.08803391512633       -0.17774670840781
C            2.18301219201020       -2.48543377909710       -0.04337738382630
O            2.72111666870151        1.50468963692428       -0.46137521765542
H           -4.06629478831977        0.85836328641806       -0.88483463490486
H           -2.50477109970989        0.53649941299991       -1.64108543148499
H           -3.93396677729252       -0.37025172467558       -2.14434277337786
H           -2.50538750746306       -1.75810850250923       -0.66887548244756
H           -4.06526557364182       -1.43539851369668        0.09301858898557
H           -2.31478483062969       -1.15868827971037        1.74776559328410
H           -3.02774626965001        0.42252677653030        1.40112655581737
H           -1.63037834275425        2.21086425978443        0.63693888915198
H            0.59105405249054        3.03294128827535       -0.00465438609184
H           -0.18666664276141       -1.79256699692524        0.54314754753476
H            1.89962815581076       -2.75567400613361        0.97767271060475
H            3.15952082880484       -2.90465715327842       -0.27511494950998
H            1.44102663183467       -2.87018411474018       -0.74861264092064
H            2.74259338346080        2.47130308866893       -0.53087723740154
26
 energy: -36.690902523244 gnorm: 0.000045415988 xtb: 6.7.1 (edcfbbe)
C           -3.42851810721894        0.07876966186650       -1.29261952791060
C           -3.13066032519892       -0.97555958640934       -0.23434763427909
C           -2.41656998657412       -0.38151526595403        0.98761550132780
C           -1.05751848199630        0.15029366316468        0.63051567931282
C           -0.82977371249934        1.50544525361642        0.47495528290668
C            0.42477483559446        1.97189389539985        0.11218795916803
C            1.46991012398316        1.09312656155785       -0.10315869312407
C            1.25180805519986       -0.28866421715326        0.05202105059319
C           -0.00535703901953       -0.73725893181942        0.41640146009502
O            2.33985707271061       -1.08798046042838       -0.17726616225323
C            2.18351473333808       -2.48541550056116       -0.04313526957225
O            2.72117621172250        1.50467757925059       -0.46130369998704
H           -4.06710096930638        0.85855736794029       -0.88395110352784
H           -2.50568734075001        0.53746849014977       -1.64072478160631
H           -3.93476966811761       -0.36939988663710       -2.14409409737967
H           -2.50551848463029       -1.75763628629859       -0.66962710901919
H           -4.06520883918614       -1.43555992788881        0.09289619932482
H           -2.31455347471815       -1.15926108048646        1.74737095396897
H           -3.02750295865501        0.42210337409910        1.40135536049539
H           -1.63053044918734        2.21052374845168        0.63638478373154
H            0.59085600753719        3.03276969591390       -0.00515135147401
H           -0.18641476018191       -1.79277434448249        0.54314988272321
H            1.89915018482998       -2.75581623430400        0.97759718359769
H            3.16034730634935       -2.90441930493880       -0.27390395779906
H            1.44231643789596       -2.87024077871044       -0.74916217532272
H            2.74260557620509        2.47130110765601       -0.53071165322620
26
 energy: -36.690902640085 gnorm: 0.000042289156 xtb: 6.7.1 (edcfbbe)
C           -3.42913941745846        0.07930964966124       -1.29225373973167
C           -3.13085307961056       -0.97548069396089       -0.23454804358888
C           -2.41644036498862       -0.38183473841273        0.98742239164593
C           -1.05742507797844        0.15005322869676        0.63029732935742
C           -0.82980222600196        1.50521582975762        0.47463105055135
C            0.42472138106478        1.97174336712527        0.11188181664432
C            1.46997908657228        1.09306326974962       -0.10323457084195
C            1.25201278338363       -0.28873392157146        0.05208375445593
C           -0.00517184811756       -0.73741812509498        0.41630163287257
O            2.34021347394996       -1.08794440870188       -0.17682608592543
C            2.18395398983298       -2.48539758009072       -0.04286383126019
O            2.72124144922605        1.50472928253005       -0.46125272630178
H           -4.06785672466567        0.85874280880238       -0.88312648123863
H           -2.50650851071631        0.53840337595526       -1.64034534609175
H           -3.93543614904533       -0.36860254772900       -2.14382340302495
H           -2.50575042405092       -1.75730237561298       -0.67035124173976
H           -4.06525457258730       -1.43571532246817        0.09280066822985
H           -2.31428094063471       -1.15985966306160        1.74686479067314
H           -3.02725089742723        0.42165066203448        1.40160322101542
H           -1.63063893590826        2.21023377748207        0.63592864414274
H            0.59070625119040        3.03262332465209       -0.00555519246281
H           -0.18617052887602       -1.79294854754388        0.54303070388776
H            1.89869780974415       -2.75590617624900        0.97759116711650
H            3.16105930605482       -2.90425630110764       -0.27274533684470
H            1.44344966111370       -2.87029829365326       -0.74958250842118
H            2.74257645406085        2.47135871180574       -0.53063458235534
26
 energy: -36.690902727595 gnorm: 0.000029750291 xtb: 6.7.1 (edcfbbe)
C           -3.42963815473709        0.07973470397705       -1.29200537034755
C           -3.13100408720177       -0.97537060450037       -0.23471630410777
C           -2.41631406648310       -0.38213998288145        0.98729744776214
C           -1.05735756088231        0.14984053212512        0.63008340683551
C           -0.82982839339759        1.50502176022604        0.47439354902811
C            0.42467915338785        1.97162094643709        0.11168465480527
C            1.47004224449932        1.09302496930585       -0.10330158625427
C            1.25217927153826       -0.28877794400023        0.05207778038738
C           -0.00502348580610       -0.73754607251002        0.41615054224177
O            2.34049024313201       -1.08792667541913       -0.17654859308278
C            2.18428799102808       -2.48537900107144       -0.04260225324726
O            2.72128700553769        1.50481239698994       -0.46123189990745
H           -4.06845753840056        0.85888535968771       -0.88248427743779
H           -2.50712260844415        0.53913223340477       -1.64001591160837
H           -3.93595046984849       -0.36795385303452       -2.14369244723344
H           -2.50599207869139       -1.75702855459932       -0.67094773824721
H           -4.06530742649354       -1.43574859446419        0.09271519684886
H           -2.31399847723079       -1.16040602937283        1.74647452456012
H           -3.02702892991142        0.42122396950940        1.40185651305097
H           -1.63071300366089        2.20999423171518        0.63565302442651
H            0.59059437427914        3.03250825618737       -0.00580523571899
H           -0.18596116968156       -1.79309272067701        0.54284621791152
H            1.89848975283046       -2.75589207341892        0.97770266050542
H            3.16155860781217       -2.90417071121076       -0.27191444024314
H            1.44420587851691       -2.87038001177858       -0.74971439141334
H            2.74251487643510        2.47144206236763       -0.53066098875031
