----------------------------------------------- 
  Element       SASA      Sigma Z        Total  
     Z         Ang**2 cal/Ang**2/mol   kcal/mol 
----------------------------------------------- 
      H        153.802      48.690       7.489
      C         41.432     129.740       5.375
      O         30.282       0.000       0.000

 Subtotal:     225.516                  12.864
 -----------------------------------------------

  Elements    COT*SASA   Sigma Z,Z'     Total   
    Z,Z'       Ang**2  cal/Ang**2/mol kcal/mol  
 ---------------------------------------------- 
  H   C        103.710     -60.770      -6.302
  H   O          0.000       0.000       0.000
  C   C         28.371     -72.950      -2.070
  O   C         16.815      68.690       1.155
  O   O          0.000       0.000       0.000

 Subtotal:                              -7.217
 ---------------------------------------------- 

 NONAQUEOUS SOLVENT CONTRIBUTION (kcal/mol):
 (proportional to SASA, atomic number independent)
 ---------------------------------------------- 
 Subtotal:                               0.000
 ---------------------------------------------- 

 CDS TOTAL (kcal/mol):                   5.647
...............................................................................
