20
 energy: -386.241446978501 gnorm: 0.001386806432 xtb: 6.7.1 (edcfbbe)
C           -2.29611176173518       -1.30108410227719        0.34346099916904
C           -2.64901208804345        0.18466073068770        0.32799373331511
C           -1.71006206033991        1.06650684168811       -0.49961037373258
C           -0.28282929341839        1.14607876229153        0.00145389279777
O            0.42016709639303       -0.07601170401205       -0.39664719128071
C            1.69187947753851       -0.19532848350414        0.01686476039535
O            2.26513989426235        0.66012216640350        0.67609243354847
C            2.30439438050958       -1.49612413817355       -0.39289133501738
H           -2.21913201396593       -1.69878896281238       -0.67496966206652
H           -1.34306580327978       -1.48646586199406        0.84770224080303
H           -3.06660325702668       -1.87419533655899        0.87000752640306
H           -3.66349950171475        0.30639202337751       -0.07026286711016
H           -2.67330681363985        0.56578344968330        1.35712910445494
H           -1.70222859204070        0.74358928512001       -1.54894384147111
H           -2.09686179318364        2.09309928831665       -0.49366638070554
H            0.25011787092843        1.99311779336019       -0.44139868709085
H           -0.23893182601430        1.23269428390920        1.09284422222727
H            1.74428177279448       -1.98116678130005       -1.19313620263945
H            2.31162771699221       -2.15512652298954        0.48297683442829
H            3.34110761074963       -1.33033888545837       -0.69415719522494
20
 energy: -386.241450297640 gnorm: 0.000515479726 xtb: 6.7.1 (edcfbbe)
C           -2.29643370866641       -1.30121605704054        0.34393399859424
C           -2.64917891823433        0.18481001744516        0.32815485770401
C           -1.70963417886905        1.06611527037862       -0.49971385694671
C           -0.28276203566301        1.14600284519647        0.00165202012140
O            0.42030472634825       -0.07631217692987       -0.39551200434537
C            1.69170429997606       -0.19533880608874        0.01682839700071
O            2.26506402283725        0.66025630000636        0.67479053136694
C            2.30457833733640       -1.49585954775142       -0.39313138105138
H           -2.21653984007609       -1.69854383685604       -0.67423581384068
H           -1.34510718923167       -1.48700414844789        0.85100964384491
H           -3.06850007614515       -1.87424325448171        0.86793072420776
H           -3.66356139708729        0.30683604852933       -0.07046897980156
H           -2.67344376468008        0.56612838963401        1.35725528943263
H           -1.70193012925203        0.74271927339535       -1.54847111616743
H           -2.09573191896376        2.09240356610942       -0.49408354123682
H            0.25003760461842        1.99260922053144       -0.44173569050542
H           -0.23876294189964        1.23284200648665        1.09267595551212
H            1.74467548160082       -1.97902737995132       -1.19386258085850
H            2.31148840116057       -2.15571974062879        0.48168900771013
H            3.34080447165582       -1.33004408624127       -0.69386351742159
20
 energy: -386.241450297640 gnorm: 0.000515479726 xtb: 6.7.1 (edcfbbe)
C           -2.29643370866641       -1.30121605704054        0.34393399859424
C           -2.64917891823433        0.18481001744516        0.32815485770401
C           -1.70963417886905        1.06611527037862       -0.49971385694671
C           -0.28276203566301        1.14600284519647        0.00165202012140
O            0.42030472634825       -0.07631217692987       -0.39551200434537
C            1.69170429997606       -0.19533880608874        0.01682839700071
O            2.26506402283725        0.66025630000636        0.67479053136694
C            2.30457833733640       -1.49585954775142       -0.39313138105138
H           -2.21653984007609       -1.69854383685604       -0.67423581384068
H           -1.34510718923167       -1.48700414844789        0.85100964384491
H           -3.06850007614515       -1.87424325448171        0.86793072420776
H           -3.66356139708729        0.30683604852933       -0.07046897980156
H           -2.67344376468008        0.56612838963401        1.35725528943263
H           -1.70193012925203        0.74271927339535       -1.54847111616743
H           -2.09573191896376        2.09240356610942       -0.49408354123682
H            0.25003760461842        1.99260922053144       -0.44173569050542
H           -0.23876294189964        1.23284200648665        1.09267595551212
H            1.74467548160082       -1.97902737995132       -1.19386258085850
H            2.31148840116057       -2.15571974062879        0.48168900771013
H            3.34080447165582       -1.33004408624127       -0.69386351742159
