----------------------------------------------- 
  Element       SASA      Sigma Z        Total  
     Z         Ang**2 cal/Ang**2/mol   kcal/mol 
----------------------------------------------- 
      H         57.292      48.690       2.790
      C         18.108     129.740       2.349
      N          3.606       0.000       0.000
      O         87.247       0.000       0.000

 Subtotal:     166.253                   5.139
 -----------------------------------------------

  Elements    COT*SASA   Sigma Z,Z'     Total   
    Z,Z'       Ang**2  cal/Ang**2/mol kcal/mol  
 ---------------------------------------------- 
  H   C         38.519     -60.770      -2.341
  H   O          0.000       0.000       0.000
  C   C         14.337     -72.950      -1.046
  O   C         15.556      68.690       1.069
  O   O          0.000       0.000       0.000
  C   N          0.000       0.000       0.000
  N   C          0.000     -48.220      -0.000
  N  C(3)        0.000      84.100       0.000
  O   N         35.510     121.980       4.332

 Subtotal:                               2.013
 ---------------------------------------------- 

 NONAQUEOUS SOLVENT CONTRIBUTION (kcal/mol):
 (proportional to SASA, atomic number independent)
 ---------------------------------------------- 
 Subtotal:                               0.000
 ---------------------------------------------- 

 CDS TOTAL (kcal/mol):                   7.152
...............................................................................
