----------------------------------------------- 
  Element       SASA      Sigma Z        Total  
     Z         Ang**2 cal/Ang**2/mol   kcal/mol 
----------------------------------------------- 
      H        141.274      48.690       6.879
      C         34.189     129.740       4.436
      O         33.309       0.000       0.000

 Subtotal:     208.772                  11.314
 -----------------------------------------------

  Elements    COT*SASA   Sigma Z,Z'     Total   
    Z,Z'       Ang**2  cal/Ang**2/mol kcal/mol  
 ---------------------------------------------- 
  H   C         94.958     -60.770      -5.771
  H   O          0.000       0.000       0.000
  C   C         21.121     -72.950      -1.541
  O   C         16.691      68.690       1.146
  O   O          0.000       0.000       0.000

 Subtotal:                              -6.165
 ---------------------------------------------- 

 NONAQUEOUS SOLVENT CONTRIBUTION (kcal/mol):
 (proportional to SASA, atomic number independent)
 ---------------------------------------------- 
 Subtotal:                               0.000
 ---------------------------------------------- 

 CDS TOTAL (kcal/mol):                   5.149
...............................................................................
