----------------------------------------------- 
  Element       SASA      Sigma Z        Total  
     Z         Ang**2 cal/Ang**2/mol   kcal/mol 
----------------------------------------------- 
      H        137.267      48.690       6.684
      C         33.950     129.740       4.405
      O         22.651       0.000       0.000

 Subtotal:     193.867                  11.088
 -----------------------------------------------

  Elements    COT*SASA   Sigma Z,Z'     Total   
    Z,Z'       Ang**2  cal/Ang**2/mol kcal/mol  
 ---------------------------------------------- 
  H   C         92.524     -60.770      -5.623
  H   O          0.000       0.000       0.000
  C   C         30.703     -72.950      -2.240
  O   C         14.208      68.690       0.976

 Subtotal:                              -6.887
 ---------------------------------------------- 

 NONAQUEOUS SOLVENT CONTRIBUTION (kcal/mol):
 (proportional to SASA, atomic number independent)
 ---------------------------------------------- 
 Subtotal:                               0.000
 ---------------------------------------------- 

 CDS TOTAL (kcal/mol):                   4.202
...............................................................................
